search libraries in slc9_x86-64
 ~ 1) Base stack loaded.
 ~ Sleeping for 84 seconds to avoid AFS DDOS...
 ~ 2) Loading sndsw environment...
 ~ 3) SNDSW_ROOT is set to: /afs/cern.ch/user/i/idioniso/snd_master/sw-root6.28/rhel9_x86-64/sndsw/master-local1
 ~ 4) Executing tracking script...
[INFO] The input consists out of the following trees and files: 
[INFO]  - rawConv
[INFO]     - root://eospublic.cern.ch//eos/experiment/sndlhc/convertedData/physics/2023/run_006640/sndsw_raw-0077.root
[INFO] FairRootFileSink initialized.
[INFO]  - cbmout
[INFO]     - dummy
[INFO] Parameter and input file are available, Assure that basic info is there for the run!
[INFO] ---FairRootManager::SpecifyRunId --- 
[INFO] --- Initialize with RunId  --- 6640

************************************************************* 
     initialisation for run id 6640
************************************************************* 
-I- FairRunTimeDB::InitContainer() FairBaseParSet
-I- FairRunTimeDB::InitContainer() FairGeoParSet

************************************************************* 
     initialisation for run id 6640
************************************************************* 
-I- FairRunTimeDB::InitContainer() FairBaseParSet
-I- FairRunTimeDB::InitContainer() FairGeoParSet
[INFO]  Branch: Reco_MuonTracks not found in Tree.
using geofile: root://eospublic.cern.ch//eos/experiment/sndlhc/convertedData/physics/2023/geofile_sndlhc_TI18_V3_2023.root
[0%] 	 0/250,000 	 00:00:25
[1%] 	 2,500/250,000 	 00:11:47
[2%] 	 5,000/250,000 	 00:23:39
[3%] 	 7,500/250,000 	 00:35:18
[4%] 	 10,000/250,000 	 00:44:58
Match: Event 77261548, Lines 5, DAngle 0.1223
[5%] 	 12,500/250,000 	 00:56:45
Match: Event 77262673, Lines 3, DAngle 0.1028
Match: Event 77262889, Lines 6, DAngle 0.1223
[6%] 	 15,000/250,000 	 01:11:33
[7%] 	 17,500/250,000 	 01:22:38
[8%] 	 20,000/250,000 	 01:33:29
[9%] 	 22,500/250,000 	 01:42:46
[10%] 	 25,000/250,000 	 01:50:59
[11%] 	 27,500/250,000 	 02:00:37
[12%] 	 30,000/250,000 	 02:10:47
Match: Event 77280624, Lines 3, DAngle 0.0639
[13%] 	 32,500/250,000 	 02:20:06
[14%] 	 35,000/250,000 	 02:32:32
[15%] 	 37,500/250,000 	 02:44:28
[16%] 	 40,000/250,000 	 02:53:27
[17%] 	 42,500/250,000 	 03:04:44
[18%] 	 45,000/250,000 	 03:13:27
[19%] 	 47,500/250,000 	 03:24:35
[20%] 	 50,000/250,000 	 03:35:07
Match: Event 77300443, Lines 7, DAngle 0.0897
Match: Event 77301473, Lines 3, DAngle 0.0747
[21%] 	 52,500/250,000 	 03:46:45
[22%] 	 55,000/250,000 	 03:58:48
[23%] 	 57,500/250,000 	 04:11:14
[24%] 	 60,000/250,000 	 04:19:40
[25%] 	 62,500/250,000 	 04:31:11
Match: Event 77314089, Lines 3, DAngle 0.1026
[26%] 	 65,000/250,000 	 04:43:51
[27%] 	 67,500/250,000 	 04:53:31
[28%] 	 70,000/250,000 	 05:06:16
[29%] 	 72,500/250,000 	 05:18:00
[30%] 	 75,000/250,000 	 05:27:32
[31%] 	 77,500/250,000 	 05:39:21
[32%] 	 80,000/250,000 	 05:51:22
[33%] 	 82,500/250,000 	 06:04:57
[34%] 	 85,000/250,000 	 06:18:04
Match: Event 77336550, Lines 3, DAngle 0.0508
[35%] 	 87,500/250,000 	 06:30:39
[36%] 	 90,000/250,000 	 06:45:01
[37%] 	 92,500/250,000 	 06:58:19
[38%] 	 95,000/250,000 	 07:11:40
[39%] 	 97,500/250,000 	 07:23:42
[40%] 	 100,000/250,000 	 07:33:28
[41%] 	 102,500/250,000 	 07:42:16
[42%] 	 105,000/250,000 	 07:52:36
[43%] 	 107,500/250,000 	 08:02:00
[44%] 	 110,000/250,000 	 08:15:07
[45%] 	 112,500/250,000 	 08:24:36
[46%] 	 115,000/250,000 	 08:35:31
Match: Event 77367466, Lines 3, DAngle 0.0032
[47%] 	 117,500/250,000 	 08:47:38
[48%] 	 120,000/250,000 	 08:57:22
[49%] 	 122,500/250,000 	 09:07:33
Match: Event 77373208, Lines 4, DAngle 0.1622
Match: Event 77373996, Lines 3, DAngle 0.1346
Match: Event 77374124, Lines 4, DAngle 0.0628
[50%] 	 125,000/250,000 	 09:27:07
[51%] 	 127,500/250,000 	 09:39:36
[52%] 	 130,000/250,000 	 09:50:15
Match: Event 77382097, Lines 3, DAngle 0.0173
[53%] 	 132,500/250,000 	 10:03:00
[54%] 	 135,000/250,000 	 10:15:10
[55%] 	 137,500/250,000 	 10:25:33
Match: Event 77387546, Lines 3, DAngle 0.2890
[56%] 	 140,000/250,000 	 10:40:10
Match: Event 77390883, Lines 3, DAngle 0.0606
[57%] 	 142,500/250,000 	 10:52:40
[58%] 	 145,000/250,000 	 11:01:43
Match: Event 77396859, Lines 5, DAngle 0.1115
[59%] 	 147,500/250,000 	 11:16:19
[60%] 	 150,000/250,000 	 11:25:20
[61%] 	 152,500/250,000 	 11:37:38
[62%] 	 155,000/250,000 	 11:48:09
[63%] 	 157,500/250,000 	 11:57:21
Match: Event 77408844, Lines 5, DAngle 0.0097
[64%] 	 160,000/250,000 	 12:06:50
[65%] 	 162,500/250,000 	 12:17:37
[66%] 	 165,000/250,000 	 12:30:08
[67%] 	 167,500/250,000 	 12:42:18
[68%] 	 170,000/250,000 	 12:53:03
Match: Event 77421341, Lines 3, DAngle 0.0347
[69%] 	 172,500/250,000 	 13:04:48
Match: Event 77423436, Lines 3, DAngle 0.0422
[70%] 	 175,000/250,000 	 13:18:15
[71%] 	 177,500/250,000 	 13:30:07
[72%] 	 180,000/250,000 	 13:42:08
Match: Event 77430336, Lines 3, DAngle 0.0065
[73%] 	 182,500/250,000 	 13:56:25
[74%] 	 185,000/250,000 	 14:07:04
[75%] 	 187,500/250,000 	 14:20:56
Match: Event 77439427, Lines 3, DAngle 0.0585
[76%] 	 190,000/250,000 	 14:34:41
[77%] 	 192,500/250,000 	 14:45:06
Match: Event 77443344, Lines 4, DAngle 0.1276
[78%] 	 195,000/250,000 	 14:54:21
Match: Event 77445621, Lines 3, DAngle 0.1175
[79%] 	 197,500/250,000 	 15:08:35
Match: Event 77449406, Lines 3, DAngle 0.0433
[80%] 	 200,000/250,000 	 15:19:33
[81%] 	 202,500/250,000 	 15:32:36
[82%] 	 205,000/250,000 	 15:44:36
[83%] 	 207,500/250,000 	 15:57:28
[84%] 	 210,000/250,000 	 16:06:00
Match: Event 77462337, Lines 8, DAngle 0.1320
[85%] 	 212,500/250,000 	 16:23:35
[86%] 	 215,000/250,000 	 16:33:47
Match: Event 77466774, Lines 6, DAngle 0.2115
[87%] 	 217,500/250,000 	 16:46:23
[88%] 	 220,000/250,000 	 17:03:18
Match: Event 77470592, Lines 3, DAngle 0.1132
Match: Event 77471649, Lines 3, DAngle 0.0281
[89%] 	 222,500/250,000 	 17:15:11
[90%] 	 225,000/250,000 	 17:27:43
Match: Event 77476812, Lines 9, DAngle 0.1050
[91%] 	 227,500/250,000 	 17:43:54
Match: Event 77478244, Lines 3, DAngle 0.1661
[92%] 	 230,000/250,000 	 17:54:41
[93%] 	 232,500/250,000 	 18:07:38
[94%] 	 235,000/250,000 	 18:19:35
[95%] 	 237,500/250,000 	 18:31:54
[96%] 	 240,000/250,000 	 18:44:52
Match: Event 77492397, Lines 3, DAngle 0.0530
[97%] 	 242,500/250,000 	 18:59:19
Match: Event 77494950, Lines 6, DAngle 0.2211
[98%] 	 245,000/250,000 	 19:12:09
[99%] 	 247,500/250,000 	 19:23:21
Finished in 70398.84s.
 ~ 5) DONE !
