000 (7020619.336.000) 03/15 11:55:49 Job submitted from host: <188.185.125.71:9618?addrs=188.185.125.71-9618+[2001-1458-d00-4a--100-15e]-9618&alias=bigbird28.cern.ch&noUDP&sock=schedd_2603_051c>
...
040 (7020619.336.000) 03/15 12:29:51 Started transferring input files
	Transferring to host: <188.185.210.77:9618?addrs=188.185.210.77-9618+[2001-1458-303-1--100-49]-9618&alias=b9p21p5402.cern.ch&noUDP&sock=slot1_5_11009_9619_189093>
...
040 (7020619.336.000) 03/15 12:29:51 Finished transferring input files
...
001 (7020619.336.000) 03/15 12:29:52 Job executing on host: <188.185.210.77:9618?addrs=188.185.210.77-9618+[2001-1458-303-1--100-49]-9618&alias=b9p21p5402.cern.ch&noUDP&sock=startd_10652_f6e8>
	SlotName: slot1_5@b9p21p5402.cern.ch
	CondorScratchDir = "/pool/condor/dir_2298895"
	Cpus = 1
	Disk = 3513
	GPUs = 0
	Memory = 3000
...
006 (7020619.336.000) 03/15 12:30:06 Image size of job updated: 884
	1  -  MemoryUsage of job (MB)
	884  -  ResidentSetSize of job (KB)
...
006 (7020619.336.000) 03/15 12:35:07 Image size of job updated: 494532
	483  -  MemoryUsage of job (MB)
	494532  -  ResidentSetSize of job (KB)
...
006 (7020619.336.000) 03/15 12:40:08 Image size of job updated: 507068
	496  -  MemoryUsage of job (MB)
	507068  -  ResidentSetSize of job (KB)
...
006 (7020619.336.000) 03/15 12:45:08 Image size of job updated: 508768
	497  -  MemoryUsage of job (MB)
	508768  -  ResidentSetSize of job (KB)
...
006 (7020619.336.000) 03/15 12:50:09 Image size of job updated: 508776
	497  -  MemoryUsage of job (MB)
	508776  -  ResidentSetSize of job (KB)
...
006 (7020619.336.000) 03/15 12:55:10 Image size of job updated: 509440
	498  -  MemoryUsage of job (MB)
	509440  -  ResidentSetSize of job (KB)
...
006 (7020619.336.000) 03/15 13:00:10 Image size of job updated: 509444
	498  -  MemoryUsage of job (MB)
	509444  -  ResidentSetSize of job (KB)
...
006 (7020619.336.000) 03/15 13:05:11 Image size of job updated: 509448
	498  -  MemoryUsage of job (MB)
	509448  -  ResidentSetSize of job (KB)
...
006 (7020619.336.000) 03/15 13:10:12 Image size of job updated: 509452
	498  -  MemoryUsage of job (MB)
	509452  -  ResidentSetSize of job (KB)
...
006 (7020619.336.000) 03/15 13:40:16 Image size of job updated: 549720
	537  -  MemoryUsage of job (MB)
	549720  -  ResidentSetSize of job (KB)
...
006 (7020619.336.000) 03/15 13:50:17 Image size of job updated: 556916
	544  -  MemoryUsage of job (MB)
	556916  -  ResidentSetSize of job (KB)
...
006 (7020619.336.000) 03/15 14:05:19 Image size of job updated: 556920
	544  -  MemoryUsage of job (MB)
	556920  -  ResidentSetSize of job (KB)
...
006 (7020619.336.000) 03/15 14:10:19 Image size of job updated: 558972
	546  -  MemoryUsage of job (MB)
	558972  -  ResidentSetSize of job (KB)
...
006 (7020619.336.000) 03/15 14:25:20 Image size of job updated: 564012
	551  -  MemoryUsage of job (MB)
	564012  -  ResidentSetSize of job (KB)
...
006 (7020619.336.000) 03/15 15:15:24 Image size of job updated: 564016
	551  -  MemoryUsage of job (MB)
	564016  -  ResidentSetSize of job (KB)
...
006 (7020619.336.000) 03/15 15:25:24 Image size of job updated: 564032
	551  -  MemoryUsage of job (MB)
	564032  -  ResidentSetSize of job (KB)
...
006 (7020619.336.000) 03/15 15:50:26 Image size of job updated: 725876
	709  -  MemoryUsage of job (MB)
	725876  -  ResidentSetSize of job (KB)
...
006 (7020619.336.000) 03/15 15:55:26 Image size of job updated: 731104
	714  -  MemoryUsage of job (MB)
	731104  -  ResidentSetSize of job (KB)
...
006 (7020619.336.000) 03/15 16:00:27 Image size of job updated: 732256
	716  -  MemoryUsage of job (MB)
	732256  -  ResidentSetSize of job (KB)
...
006 (7020619.336.000) 03/15 16:10:27 Image size of job updated: 732964
	716  -  MemoryUsage of job (MB)
	732964  -  ResidentSetSize of job (KB)
...
006 (7020619.336.000) 03/15 16:15:28 Image size of job updated: 733752
	717  -  MemoryUsage of job (MB)
	733752  -  ResidentSetSize of job (KB)
...
006 (7020619.336.000) 03/15 16:40:31 Image size of job updated: 735604
	719  -  MemoryUsage of job (MB)
	735604  -  ResidentSetSize of job (KB)
...
006 (7020619.336.000) 03/15 17:00:34 Image size of job updated: 750908
	734  -  MemoryUsage of job (MB)
	750908  -  ResidentSetSize of job (KB)
...
006 (7020619.336.000) 03/15 19:00:44 Image size of job updated: 761500
	744  -  MemoryUsage of job (MB)
	761500  -  ResidentSetSize of job (KB)
...
006 (7020619.336.000) 03/15 22:21:05 Image size of job updated: 765752
	746  -  MemoryUsage of job (MB)
	763904  -  ResidentSetSize of job (KB)
...
006 (7020619.336.000) 03/15 22:26:06 Image size of job updated: 765752
	747  -  MemoryUsage of job (MB)
	764032  -  ResidentSetSize of job (KB)
...
006 (7020619.336.000) 03/15 23:01:09 Image size of job updated: 765752
	747  -  MemoryUsage of job (MB)
	764100  -  ResidentSetSize of job (KB)
...
006 (7020619.336.000) 03/15 23:11:11 Image size of job updated: 765752
	747  -  MemoryUsage of job (MB)
	764176  -  ResidentSetSize of job (KB)
...
006 (7020619.336.000) 03/15 23:16:11 Image size of job updated: 766792
	747  -  MemoryUsage of job (MB)
	764176  -  ResidentSetSize of job (KB)
...
040 (7020619.336.000) 03/16 06:07:49 Started transferring output files
...
040 (7020619.336.000) 03/16 06:07:49 Finished transferring output files
...
005 (7020619.336.000) 03/16 06:07:49 Job terminated.
	(1) Normal termination (return value 0)
		Usr 0 17:24:55, Sys 0 00:00:40  -  Run Remote Usage
		Usr 0 00:00:00, Sys 0 00:00:00  -  Run Local Usage
		Usr 0 17:24:55, Sys 0 00:00:40  -  Total Remote Usage
		Usr 0 00:00:00, Sys 0 00:00:00  -  Total Local Usage
	12713  -  Run Bytes Sent By Job
	1379  -  Run Bytes Received By Job
	12713  -  Total Bytes Sent By Job
	1379  -  Total Bytes Received By Job
	Partitionable Resources :    Usage  Request Allocated 
	   Cpus                 :     0.99        1         1 
	   Disk (KB)            :    43           2      3513 
	   GPUs                 :                           0 
	   Memory (MB)          :   747        3000      3000 
	   TimeExecute (s)      : 63477                       
	   TimeSlotBusy (s)     : 63479                       

	Job terminated of its own accord at 2026-03-16T05:07:49Z with exit-code 0.
...
