000 (7020619.497.000) 03/15 11:55:49 Job submitted from host: <188.185.125.71:9618?addrs=188.185.125.71-9618+[2001-1458-d00-4a--100-15e]-9618&alias=bigbird28.cern.ch&noUDP&sock=schedd_2603_051c>
...
040 (7020619.497.000) 03/15 12:30:43 Started transferring input files
	Transferring to host: <188.185.207.217:9618?addrs=188.185.207.217-9618+[2001-1458-303-e--100-56]-9618&alias=b9p08p3770.cern.ch&noUDP&sock=slot1_15_4420_0a2d_169373>
...
040 (7020619.497.000) 03/15 12:30:43 Finished transferring input files
...
001 (7020619.497.000) 03/15 12:30:44 Job executing on host: <188.185.207.217:9618?addrs=188.185.207.217-9618+[2001-1458-303-e--100-56]-9618&alias=b9p08p3770.cern.ch&noUDP&sock=startd_3733_1b21>
	SlotName: slot1_15@b9p08p3770.cern.ch
	CondorScratchDir = "/pool/condor/dir_2437550"
	Cpus = 1
	Disk = 3565
	GPUs = 0
	Memory = 3000
...
006 (7020619.497.000) 03/15 12:30:57 Image size of job updated: 880
	1  -  MemoryUsage of job (MB)
	880  -  ResidentSetSize of job (KB)
...
006 (7020619.497.000) 03/15 12:35:57 Image size of job updated: 212328
	208  -  MemoryUsage of job (MB)
	212328  -  ResidentSetSize of job (KB)
...
006 (7020619.497.000) 03/15 12:40:58 Image size of job updated: 685548
	670  -  MemoryUsage of job (MB)
	685548  -  ResidentSetSize of job (KB)
...
006 (7020619.497.000) 03/15 12:50:59 Image size of job updated: 734672
	718  -  MemoryUsage of job (MB)
	734672  -  ResidentSetSize of job (KB)
...
006 (7020619.497.000) 03/15 13:01:00 Image size of job updated: 734956
	718  -  MemoryUsage of job (MB)
	734956  -  ResidentSetSize of job (KB)
...
006 (7020619.497.000) 03/15 13:06:01 Image size of job updated: 740072
	723  -  MemoryUsage of job (MB)
	740072  -  ResidentSetSize of job (KB)
...
006 (7020619.497.000) 03/15 13:31:02 Image size of job updated: 740076
	723  -  MemoryUsage of job (MB)
	740076  -  ResidentSetSize of job (KB)
...
006 (7020619.497.000) 03/15 13:36:03 Image size of job updated: 753860
	737  -  MemoryUsage of job (MB)
	753860  -  ResidentSetSize of job (KB)
...
006 (7020619.497.000) 03/15 15:21:14 Image size of job updated: 760388
	737  -  MemoryUsage of job (MB)
	753860  -  ResidentSetSize of job (KB)
...
006 (7020619.497.000) 03/15 18:01:29 Image size of job updated: 768232
	751  -  MemoryUsage of job (MB)
	768232  -  ResidentSetSize of job (KB)
...
006 (7020619.497.000) 03/15 22:01:55 Image size of job updated: 771240
	754  -  MemoryUsage of job (MB)
	771240  -  ResidentSetSize of job (KB)
...
006 (7020619.497.000) 03/15 22:06:56 Image size of job updated: 771252
	754  -  MemoryUsage of job (MB)
	771252  -  ResidentSetSize of job (KB)
...
006 (7020619.497.000) 03/15 22:26:57 Image size of job updated: 771264
	754  -  MemoryUsage of job (MB)
	771264  -  ResidentSetSize of job (KB)
...
006 (7020619.497.000) 03/15 22:31:58 Image size of job updated: 771272
	754  -  MemoryUsage of job (MB)
	771272  -  ResidentSetSize of job (KB)
...
006 (7020619.497.000) 03/15 22:47:00 Image size of job updated: 771276
	754  -  MemoryUsage of job (MB)
	771276  -  ResidentSetSize of job (KB)
...
006 (7020619.497.000) 03/15 23:17:03 Image size of job updated: 771296
	754  -  MemoryUsage of job (MB)
	771296  -  ResidentSetSize of job (KB)
...
006 (7020619.497.000) 03/15 23:22:03 Image size of job updated: 771304
	754  -  MemoryUsage of job (MB)
	771304  -  ResidentSetSize of job (KB)
...
006 (7020619.497.000) 03/15 23:37:04 Image size of job updated: 771308
	754  -  MemoryUsage of job (MB)
	771308  -  ResidentSetSize of job (KB)
...
006 (7020619.497.000) 03/16 00:22:08 Image size of job updated: 771316
	754  -  MemoryUsage of job (MB)
	771316  -  ResidentSetSize of job (KB)
...
006 (7020619.497.000) 03/16 01:07:14 Image size of job updated: 771324
	754  -  MemoryUsage of job (MB)
	771324  -  ResidentSetSize of job (KB)
...
006 (7020619.497.000) 03/16 01:12:15 Image size of job updated: 771372
	754  -  MemoryUsage of job (MB)
	771372  -  ResidentSetSize of job (KB)
...
006 (7020619.497.000) 03/16 01:37:18 Image size of job updated: 781012
	754  -  MemoryUsage of job (MB)
	771372  -  ResidentSetSize of job (KB)
...
006 (7020619.497.000) 03/16 01:42:19 Image size of job updated: 781012
	754  -  MemoryUsage of job (MB)
	771860  -  ResidentSetSize of job (KB)
...
006 (7020619.497.000) 03/16 01:47:19 Image size of job updated: 781676
	754  -  MemoryUsage of job (MB)
	771860  -  ResidentSetSize of job (KB)
...
006 (7020619.497.000) 03/16 01:52:20 Image size of job updated: 781676
	756  -  MemoryUsage of job (MB)
	773312  -  ResidentSetSize of job (KB)
...
006 (7020619.497.000) 03/16 01:57:20 Image size of job updated: 781676
	756  -  MemoryUsage of job (MB)
	773332  -  ResidentSetSize of job (KB)
...
006 (7020619.497.000) 03/16 03:32:30 Image size of job updated: 781676
	757  -  MemoryUsage of job (MB)
	774548  -  ResidentSetSize of job (KB)
...
006 (7020619.497.000) 03/16 03:37:30 Image size of job updated: 781676
	757  -  MemoryUsage of job (MB)
	774556  -  ResidentSetSize of job (KB)
...
006 (7020619.497.000) 03/16 05:02:38 Image size of job updated: 781676
	757  -  MemoryUsage of job (MB)
	774796  -  ResidentSetSize of job (KB)
...
006 (7020619.497.000) 03/16 05:07:39 Image size of job updated: 781676
	757  -  MemoryUsage of job (MB)
	774840  -  ResidentSetSize of job (KB)
...
006 (7020619.497.000) 03/16 05:47:43 Image size of job updated: 781676
	757  -  MemoryUsage of job (MB)
	774844  -  ResidentSetSize of job (KB)
...
006 (7020619.497.000) 03/16 06:12:45 Image size of job updated: 781676
	757  -  MemoryUsage of job (MB)
	774852  -  ResidentSetSize of job (KB)
...
006 (7020619.497.000) 03/16 06:42:49 Image size of job updated: 781676
	757  -  MemoryUsage of job (MB)
	774856  -  ResidentSetSize of job (KB)
...
006 (7020619.497.000) 03/16 07:22:52 Image size of job updated: 781676
	757  -  MemoryUsage of job (MB)
	774864  -  ResidentSetSize of job (KB)
...
006 (7020619.497.000) 03/16 07:27:52 Image size of job updated: 781676
	757  -  MemoryUsage of job (MB)
	774872  -  ResidentSetSize of job (KB)
...
006 (7020619.497.000) 03/16 08:27:58 Image size of job updated: 781676
	757  -  MemoryUsage of job (MB)
	774880  -  ResidentSetSize of job (KB)
...
040 (7020619.497.000) 03/16 09:12:14 Started transferring output files
...
040 (7020619.497.000) 03/16 09:12:14 Finished transferring output files
...
005 (7020619.497.000) 03/16 09:12:14 Job terminated.
	(1) Normal termination (return value 0)
		Usr 0 20:21:18, Sys 0 00:01:01  -  Run Remote Usage
		Usr 0 00:00:00, Sys 0 00:00:00  -  Run Local Usage
		Usr 0 20:21:18, Sys 0 00:01:01  -  Total Remote Usage
		Usr 0 00:00:00, Sys 0 00:00:00  -  Total Local Usage
	13188  -  Run Bytes Sent By Job
	1379  -  Run Bytes Received By Job
	13188  -  Total Bytes Sent By Job
	1379  -  Total Bytes Received By Job
	Partitionable Resources :    Usage  Request Allocated 
	   Cpus                 :     0.99        1         1 
	   Disk (KB)            :    47           2      3565 
	   GPUs                 :                           0 
	   Memory (MB)          :   757        3000      3000 
	   TimeExecute (s)      : 74490                       
	   TimeSlotBusy (s)     : 74492                       

	Job terminated of its own accord at 2026-03-16T08:12:14Z with exit-code 0.
...
