000 (7020619.371.000) 03/15 11:55:49 Job submitted from host: <188.185.125.71:9618?addrs=188.185.125.71-9618+[2001-1458-d00-4a--100-15e]-9618&alias=bigbird28.cern.ch&noUDP&sock=schedd_2603_051c>
...
040 (7020619.371.000) 03/15 12:30:03 Started transferring input files
	Transferring to host: <188.185.210.155:9618?addrs=188.185.210.155-9618+[2001-1458-303-15--100-17]-9618&alias=b9p22p2852.cern.ch&noUDP&sock=slot1_18_7130_7adb_192637>
...
040 (7020619.371.000) 03/15 12:30:03 Finished transferring input files
...
001 (7020619.371.000) 03/15 12:30:04 Job executing on host: <188.185.210.155:9618?addrs=188.185.210.155-9618+[2001-1458-303-15--100-17]-9618&alias=b9p22p2852.cern.ch&noUDP&sock=startd_6502_68df>
	SlotName: slot1_18@b9p22p2852.cern.ch
	CondorScratchDir = "/pool/condor/dir_3419141"
	Cpus = 1
	Disk = 3756
	GPUs = 0
	Memory = 3000
...
006 (7020619.371.000) 03/15 12:30:17 Image size of job updated: 872
	1  -  MemoryUsage of job (MB)
	872  -  ResidentSetSize of job (KB)
...
006 (7020619.371.000) 03/15 12:35:17 Image size of job updated: 651592
	637  -  MemoryUsage of job (MB)
	651592  -  ResidentSetSize of job (KB)
...
006 (7020619.371.000) 03/15 12:40:18 Image size of job updated: 656696
	642  -  MemoryUsage of job (MB)
	656696  -  ResidentSetSize of job (KB)
...
006 (7020619.371.000) 03/15 12:45:18 Image size of job updated: 656716
	642  -  MemoryUsage of job (MB)
	656716  -  ResidentSetSize of job (KB)
...
006 (7020619.371.000) 03/15 12:50:18 Image size of job updated: 702684
	687  -  MemoryUsage of job (MB)
	702684  -  ResidentSetSize of job (KB)
...
006 (7020619.371.000) 03/15 12:55:19 Image size of job updated: 703140
	687  -  MemoryUsage of job (MB)
	703140  -  ResidentSetSize of job (KB)
...
006 (7020619.371.000) 03/15 13:00:19 Image size of job updated: 707228
	691  -  MemoryUsage of job (MB)
	707228  -  ResidentSetSize of job (KB)
...
006 (7020619.371.000) 03/15 13:10:20 Image size of job updated: 707232
	691  -  MemoryUsage of job (MB)
	707232  -  ResidentSetSize of job (KB)
...
006 (7020619.371.000) 03/15 13:30:21 Image size of job updated: 707704
	692  -  MemoryUsage of job (MB)
	707704  -  ResidentSetSize of job (KB)
...
006 (7020619.371.000) 03/15 13:35:21 Image size of job updated: 711524
	695  -  MemoryUsage of job (MB)
	711524  -  ResidentSetSize of job (KB)
...
006 (7020619.371.000) 03/15 13:45:23 Image size of job updated: 711624
	695  -  MemoryUsage of job (MB)
	711624  -  ResidentSetSize of job (KB)
...
006 (7020619.371.000) 03/15 14:00:25 Image size of job updated: 711640
	695  -  MemoryUsage of job (MB)
	711640  -  ResidentSetSize of job (KB)
...
006 (7020619.371.000) 03/15 14:15:27 Image size of job updated: 711644
	695  -  MemoryUsage of job (MB)
	711644  -  ResidentSetSize of job (KB)
...
006 (7020619.371.000) 03/15 14:25:27 Image size of job updated: 711672
	695  -  MemoryUsage of job (MB)
	711672  -  ResidentSetSize of job (KB)
...
006 (7020619.371.000) 03/15 14:55:29 Image size of job updated: 711984
	696  -  MemoryUsage of job (MB)
	711984  -  ResidentSetSize of job (KB)
...
006 (7020619.371.000) 03/15 15:05:30 Image size of job updated: 712012
	696  -  MemoryUsage of job (MB)
	712012  -  ResidentSetSize of job (KB)
...
006 (7020619.371.000) 03/15 15:15:31 Image size of job updated: 712016
	696  -  MemoryUsage of job (MB)
	712016  -  ResidentSetSize of job (KB)
...
006 (7020619.371.000) 03/15 15:45:33 Image size of job updated: 712020
	696  -  MemoryUsage of job (MB)
	712020  -  ResidentSetSize of job (KB)
...
006 (7020619.371.000) 03/15 16:00:34 Image size of job updated: 713496
	697  -  MemoryUsage of job (MB)
	713496  -  ResidentSetSize of job (KB)
...
006 (7020619.371.000) 03/15 16:05:34 Image size of job updated: 713516
	697  -  MemoryUsage of job (MB)
	713516  -  ResidentSetSize of job (KB)
...
006 (7020619.371.000) 03/15 16:10:34 Image size of job updated: 713572
	697  -  MemoryUsage of job (MB)
	713572  -  ResidentSetSize of job (KB)
...
006 (7020619.371.000) 03/15 16:15:35 Image size of job updated: 723824
	707  -  MemoryUsage of job (MB)
	723824  -  ResidentSetSize of job (KB)
...
006 (7020619.371.000) 03/15 16:20:35 Image size of job updated: 723936
	707  -  MemoryUsage of job (MB)
	723936  -  ResidentSetSize of job (KB)
...
006 (7020619.371.000) 03/15 16:25:35 Image size of job updated: 723968
	707  -  MemoryUsage of job (MB)
	723968  -  ResidentSetSize of job (KB)
...
006 (7020619.371.000) 03/15 16:50:37 Image size of job updated: 723996
	708  -  MemoryUsage of job (MB)
	723996  -  ResidentSetSize of job (KB)
...
006 (7020619.371.000) 03/15 17:05:38 Image size of job updated: 724076
	708  -  MemoryUsage of job (MB)
	724076  -  ResidentSetSize of job (KB)
...
006 (7020619.371.000) 03/15 17:25:39 Image size of job updated: 724112
	708  -  MemoryUsage of job (MB)
	724112  -  ResidentSetSize of job (KB)
...
006 (7020619.371.000) 03/15 17:30:40 Image size of job updated: 725488
	708  -  MemoryUsage of job (MB)
	724352  -  ResidentSetSize of job (KB)
...
006 (7020619.371.000) 03/15 17:35:40 Image size of job updated: 725488
	708  -  MemoryUsage of job (MB)
	724460  -  ResidentSetSize of job (KB)
...
006 (7020619.371.000) 03/15 18:20:43 Image size of job updated: 725488
	708  -  MemoryUsage of job (MB)
	724636  -  ResidentSetSize of job (KB)
...
006 (7020619.371.000) 03/15 18:25:43 Image size of job updated: 725760
	709  -  MemoryUsage of job (MB)
	725760  -  ResidentSetSize of job (KB)
...
006 (7020619.371.000) 03/15 18:30:44 Image size of job updated: 741348
	724  -  MemoryUsage of job (MB)
	741348  -  ResidentSetSize of job (KB)
...
006 (7020619.371.000) 03/15 18:35:44 Image size of job updated: 741724
	725  -  MemoryUsage of job (MB)
	741724  -  ResidentSetSize of job (KB)
...
006 (7020619.371.000) 03/15 18:55:45 Image size of job updated: 741748
	725  -  MemoryUsage of job (MB)
	741748  -  ResidentSetSize of job (KB)
...
006 (7020619.371.000) 03/15 19:25:47 Image size of job updated: 741780
	725  -  MemoryUsage of job (MB)
	741780  -  ResidentSetSize of job (KB)
...
006 (7020619.371.000) 03/15 19:40:49 Image size of job updated: 744376
	725  -  MemoryUsage of job (MB)
	741780  -  ResidentSetSize of job (KB)
...
006 (7020619.371.000) 03/15 20:30:55 Image size of job updated: 744376
	725  -  MemoryUsage of job (MB)
	741792  -  ResidentSetSize of job (KB)
...
006 (7020619.371.000) 03/15 20:45:56 Image size of job updated: 744376
	725  -  MemoryUsage of job (MB)
	741868  -  ResidentSetSize of job (KB)
...
006 (7020619.371.000) 03/15 22:01:06 Image size of job updated: 744376
	725  -  MemoryUsage of job (MB)
	741904  -  ResidentSetSize of job (KB)
...
006 (7020619.371.000) 03/15 22:36:09 Image size of job updated: 744376
	727  -  MemoryUsage of job (MB)
	744076  -  ResidentSetSize of job (KB)
...
006 (7020619.371.000) 03/15 22:41:09 Image size of job updated: 744376
	727  -  MemoryUsage of job (MB)
	744228  -  ResidentSetSize of job (KB)
...
006 (7020619.371.000) 03/15 23:26:14 Image size of job updated: 744376
	727  -  MemoryUsage of job (MB)
	744324  -  ResidentSetSize of job (KB)
...
006 (7020619.371.000) 03/16 00:06:20 Image size of job updated: 744820
	728  -  MemoryUsage of job (MB)
	744820  -  ResidentSetSize of job (KB)
...
040 (7020619.371.000) 03/16 06:23:48 Started transferring output files
...
040 (7020619.371.000) 03/16 06:23:48 Finished transferring output files
...
005 (7020619.371.000) 03/16 06:23:48 Job terminated.
	(1) Normal termination (return value 0)
		Usr 0 17:38:45, Sys 0 00:01:19  -  Run Remote Usage
		Usr 0 00:00:00, Sys 0 00:00:00  -  Run Local Usage
		Usr 0 17:38:45, Sys 0 00:01:19  -  Total Remote Usage
		Usr 0 00:00:00, Sys 0 00:00:00  -  Total Local Usage
	12995  -  Run Bytes Sent By Job
	1379  -  Run Bytes Received By Job
	12995  -  Total Bytes Sent By Job
	1379  -  Total Bytes Received By Job
	Partitionable Resources :    Usage  Request Allocated 
	   Cpus                 :     0.99        1         1 
	   Disk (KB)            :    43           2      3756 
	   GPUs                 :                           0 
	   Memory (MB)          :   728        3000      3000 
	   TimeExecute (s)      : 64424                       
	   TimeSlotBusy (s)     : 64426                       

	Job terminated of its own accord at 2026-03-16T05:23:48Z with exit-code 0.
...
