000 (7020619.181.000) 03/15 11:55:49 Job submitted from host: <188.185.125.71:9618?addrs=188.185.125.71-9618+[2001-1458-d00-4a--100-15e]-9618&alias=bigbird28.cern.ch&noUDP&sock=schedd_2603_051c>
...
040 (7020619.181.000) 03/15 12:00:07 Started transferring input files
	Transferring to host: <188.185.212.31:9618?addrs=188.185.212.31-9618+[2001-1458-303-18--100-1b]-9618&alias=b9p25p2573.cern.ch&noUDP&sock=slot1_22_4901_f2a0_186755>
...
040 (7020619.181.000) 03/15 12:00:07 Finished transferring input files
...
001 (7020619.181.000) 03/15 12:00:08 Job executing on host: <188.185.212.31:9618?addrs=188.185.212.31-9618+[2001-1458-303-18--100-1b]-9618&alias=b9p25p2573.cern.ch&noUDP&sock=startd_3989_b360>
	SlotName: slot1_22@b9p25p2573.cern.ch
	CondorScratchDir = "/pool/condor/dir_1931854"
	Cpus = 1
	Disk = 3893
	GPUs = 0
	Memory = 3000
...
006 (7020619.181.000) 03/15 12:00:21 Image size of job updated: 880
	1  -  MemoryUsage of job (MB)
	880  -  ResidentSetSize of job (KB)
...
006 (7020619.181.000) 03/15 12:05:21 Image size of job updated: 214100
	210  -  MemoryUsage of job (MB)
	214100  -  ResidentSetSize of job (KB)
...
006 (7020619.181.000) 03/15 12:10:22 Image size of job updated: 683812
	668  -  MemoryUsage of job (MB)
	683812  -  ResidentSetSize of job (KB)
...
006 (7020619.181.000) 03/15 12:15:22 Image size of job updated: 732476
	716  -  MemoryUsage of job (MB)
	732476  -  ResidentSetSize of job (KB)
...
006 (7020619.181.000) 03/15 12:20:22 Image size of job updated: 732836
	716  -  MemoryUsage of job (MB)
	732836  -  ResidentSetSize of job (KB)
...
006 (7020619.181.000) 03/15 12:25:23 Image size of job updated: 733060
	716  -  MemoryUsage of job (MB)
	733060  -  ResidentSetSize of job (KB)
...
006 (7020619.181.000) 03/15 12:45:25 Image size of job updated: 747212
	730  -  MemoryUsage of job (MB)
	747212  -  ResidentSetSize of job (KB)
...
006 (7020619.181.000) 03/15 13:55:35 Image size of job updated: 747232
	730  -  MemoryUsage of job (MB)
	747232  -  ResidentSetSize of job (KB)
...
006 (7020619.181.000) 03/15 14:20:38 Image size of job updated: 747236
	730  -  MemoryUsage of job (MB)
	747236  -  ResidentSetSize of job (KB)
...
006 (7020619.181.000) 03/15 14:30:39 Image size of job updated: 747752
	731  -  MemoryUsage of job (MB)
	747752  -  ResidentSetSize of job (KB)
...
006 (7020619.181.000) 03/15 14:35:40 Image size of job updated: 747772
	731  -  MemoryUsage of job (MB)
	747772  -  ResidentSetSize of job (KB)
...
006 (7020619.181.000) 03/15 15:30:44 Image size of job updated: 747776
	731  -  MemoryUsage of job (MB)
	747776  -  ResidentSetSize of job (KB)
...
006 (7020619.181.000) 03/15 17:05:53 Image size of job updated: 747892
	731  -  MemoryUsage of job (MB)
	747892  -  ResidentSetSize of job (KB)
...
006 (7020619.181.000) 03/15 17:15:53 Image size of job updated: 747912
	731  -  MemoryUsage of job (MB)
	747912  -  ResidentSetSize of job (KB)
...
006 (7020619.181.000) 03/15 17:55:56 Image size of job updated: 747928
	731  -  MemoryUsage of job (MB)
	747928  -  ResidentSetSize of job (KB)
...
006 (7020619.181.000) 03/15 18:00:56 Image size of job updated: 748284
	731  -  MemoryUsage of job (MB)
	748284  -  ResidentSetSize of job (KB)
...
006 (7020619.181.000) 03/15 18:46:02 Image size of job updated: 748304
	731  -  MemoryUsage of job (MB)
	748304  -  ResidentSetSize of job (KB)
...
006 (7020619.181.000) 03/15 18:51:03 Image size of job updated: 748308
	731  -  MemoryUsage of job (MB)
	748308  -  ResidentSetSize of job (KB)
...
006 (7020619.181.000) 03/15 19:06:05 Image size of job updated: 748328
	731  -  MemoryUsage of job (MB)
	748328  -  ResidentSetSize of job (KB)
...
006 (7020619.181.000) 03/15 19:11:05 Image size of job updated: 748332
	731  -  MemoryUsage of job (MB)
	748332  -  ResidentSetSize of job (KB)
...
006 (7020619.181.000) 03/15 19:41:07 Image size of job updated: 749560
	732  -  MemoryUsage of job (MB)
	749560  -  ResidentSetSize of job (KB)
...
006 (7020619.181.000) 03/15 19:46:07 Image size of job updated: 763192
	746  -  MemoryUsage of job (MB)
	763192  -  ResidentSetSize of job (KB)
...
006 (7020619.181.000) 03/15 19:51:08 Image size of job updated: 763360
	746  -  MemoryUsage of job (MB)
	763360  -  ResidentSetSize of job (KB)
...
006 (7020619.181.000) 03/15 20:01:09 Image size of job updated: 763364
	746  -  MemoryUsage of job (MB)
	763364  -  ResidentSetSize of job (KB)
...
006 (7020619.181.000) 03/15 20:21:11 Image size of job updated: 763368
	746  -  MemoryUsage of job (MB)
	763368  -  ResidentSetSize of job (KB)
...
006 (7020619.181.000) 03/15 21:06:14 Image size of job updated: 763384
	746  -  MemoryUsage of job (MB)
	763384  -  ResidentSetSize of job (KB)
...
006 (7020619.181.000) 03/15 23:01:27 Image size of job updated: 767920
	746  -  MemoryUsage of job (MB)
	763384  -  ResidentSetSize of job (KB)
...
040 (7020619.181.000) 03/16 05:38:24 Started transferring output files
...
040 (7020619.181.000) 03/16 05:38:24 Finished transferring output files
...
005 (7020619.181.000) 03/16 05:38:24 Job terminated.
	(1) Normal termination (return value 0)
		Usr 0 17:20:07, Sys 0 00:01:33  -  Run Remote Usage
		Usr 0 00:00:00, Sys 0 00:00:00  -  Run Local Usage
		Usr 0 17:20:07, Sys 0 00:01:33  -  Total Remote Usage
		Usr 0 00:00:00, Sys 0 00:00:00  -  Total Local Usage
	12760  -  Run Bytes Sent By Job
	1379  -  Run Bytes Received By Job
	12760  -  Total Bytes Sent By Job
	1379  -  Total Bytes Received By Job
	Partitionable Resources :    Usage  Request Allocated 
	   Cpus                 :     0.99        1         1 
	   Disk (KB)            :    43           2      3893 
	   GPUs                 :                           0 
	   Memory (MB)          :   746        3000      3000 
	   TimeExecute (s)      : 63496                       
	   TimeSlotBusy (s)     : 63498                       

	Job terminated of its own accord at 2026-03-16T04:38:24Z with exit-code 0.
...
