000 (7020619.413.000) 03/15 11:55:49 Job submitted from host: <188.185.125.71:9618?addrs=188.185.125.71-9618+[2001-1458-d00-4a--100-15e]-9618&alias=bigbird28.cern.ch&noUDP&sock=schedd_2603_051c>
...
040 (7020619.413.000) 03/15 12:30:16 Started transferring input files
	Transferring to host: <188.185.215.36:9618?addrs=188.185.215.36-9618+[2001-1458-303-1e--100-20]-9618&alias=b9p31p9360.cern.ch&noUDP&sock=slot1_5_1538403_d578_109369>
...
040 (7020619.413.000) 03/15 12:30:16 Finished transferring input files
...
001 (7020619.413.000) 03/15 12:30:17 Job executing on host: <188.185.215.36:9618?addrs=188.185.215.36-9618+[2001-1458-303-1e--100-20]-9618&alias=b9p31p9360.cern.ch&noUDP&sock=startd_4780_42c9>
	SlotName: slot1_5@b9p31p9360.cern.ch
	CondorScratchDir = "/pool/condor/dir_3874919"
	Cpus = 1
	Disk = 3818
	GPUs = 0
	Memory = 3000
...
006 (7020619.413.000) 03/15 12:30:30 Image size of job updated: 876
	1  -  MemoryUsage of job (MB)
	876  -  ResidentSetSize of job (KB)
...
006 (7020619.413.000) 03/15 12:35:30 Image size of job updated: 184832
	181  -  MemoryUsage of job (MB)
	184832  -  ResidentSetSize of job (KB)
...
006 (7020619.413.000) 03/15 12:40:31 Image size of job updated: 678640
	663  -  MemoryUsage of job (MB)
	678616  -  ResidentSetSize of job (KB)
...
006 (7020619.413.000) 03/15 12:45:31 Image size of job updated: 678640
	663  -  MemoryUsage of job (MB)
	678628  -  ResidentSetSize of job (KB)
...
006 (7020619.413.000) 03/15 12:50:32 Image size of job updated: 678640
	663  -  MemoryUsage of job (MB)
	678640  -  ResidentSetSize of job (KB)
...
006 (7020619.413.000) 03/15 12:55:33 Image size of job updated: 678648
	663  -  MemoryUsage of job (MB)
	678648  -  ResidentSetSize of job (KB)
...
006 (7020619.413.000) 03/15 13:00:33 Image size of job updated: 723588
	707  -  MemoryUsage of job (MB)
	723588  -  ResidentSetSize of job (KB)
...
006 (7020619.413.000) 03/15 13:05:34 Image size of job updated: 728144
	712  -  MemoryUsage of job (MB)
	728144  -  ResidentSetSize of job (KB)
...
006 (7020619.413.000) 03/15 13:10:35 Image size of job updated: 734996
	718  -  MemoryUsage of job (MB)
	734996  -  ResidentSetSize of job (KB)
...
006 (7020619.413.000) 03/15 13:25:36 Image size of job updated: 737256
	720  -  MemoryUsage of job (MB)
	737256  -  ResidentSetSize of job (KB)
...
006 (7020619.413.000) 03/15 13:35:37 Image size of job updated: 737264
	720  -  MemoryUsage of job (MB)
	737264  -  ResidentSetSize of job (KB)
...
006 (7020619.413.000) 03/15 13:40:37 Image size of job updated: 737876
	721  -  MemoryUsage of job (MB)
	737876  -  ResidentSetSize of job (KB)
...
006 (7020619.413.000) 03/15 13:45:37 Image size of job updated: 739072
	722  -  MemoryUsage of job (MB)
	739072  -  ResidentSetSize of job (KB)
...
006 (7020619.413.000) 03/15 13:50:38 Image size of job updated: 748464
	731  -  MemoryUsage of job (MB)
	748464  -  ResidentSetSize of job (KB)
...
006 (7020619.413.000) 03/15 13:55:38 Image size of job updated: 748748
	732  -  MemoryUsage of job (MB)
	748748  -  ResidentSetSize of job (KB)
...
006 (7020619.413.000) 03/15 14:00:39 Image size of job updated: 748884
	732  -  MemoryUsage of job (MB)
	748884  -  ResidentSetSize of job (KB)
...
006 (7020619.413.000) 03/15 14:05:40 Image size of job updated: 748900
	732  -  MemoryUsage of job (MB)
	748900  -  ResidentSetSize of job (KB)
...
006 (7020619.413.000) 03/15 14:35:43 Image size of job updated: 748956
	732  -  MemoryUsage of job (MB)
	748956  -  ResidentSetSize of job (KB)
...
006 (7020619.413.000) 03/15 15:10:46 Image size of job updated: 751196
	733  -  MemoryUsage of job (MB)
	750232  -  ResidentSetSize of job (KB)
...
006 (7020619.413.000) 03/15 16:15:52 Image size of job updated: 751196
	733  -  MemoryUsage of job (MB)
	750264  -  ResidentSetSize of job (KB)
...
006 (7020619.413.000) 03/15 16:25:53 Image size of job updated: 751196
	733  -  MemoryUsage of job (MB)
	750288  -  ResidentSetSize of job (KB)
...
006 (7020619.413.000) 03/15 17:05:55 Image size of job updated: 751196
	733  -  MemoryUsage of job (MB)
	750320  -  ResidentSetSize of job (KB)
...
006 (7020619.413.000) 03/15 17:25:57 Image size of job updated: 751196
	733  -  MemoryUsage of job (MB)
	750408  -  ResidentSetSize of job (KB)
...
006 (7020619.413.000) 03/15 17:45:58 Image size of job updated: 751196
	733  -  MemoryUsage of job (MB)
	750416  -  ResidentSetSize of job (KB)
...
006 (7020619.413.000) 03/15 18:11:00 Image size of job updated: 751804
	733  -  MemoryUsage of job (MB)
	750416  -  ResidentSetSize of job (KB)
...
006 (7020619.413.000) 03/15 18:16:00 Image size of job updated: 756932
	740  -  MemoryUsage of job (MB)
	756932  -  ResidentSetSize of job (KB)
...
006 (7020619.413.000) 03/15 18:21:00 Image size of job updated: 758980
	742  -  MemoryUsage of job (MB)
	758980  -  ResidentSetSize of job (KB)
...
006 (7020619.413.000) 03/15 20:16:12 Image size of job updated: 759004
	742  -  MemoryUsage of job (MB)
	759004  -  ResidentSetSize of job (KB)
...
006 (7020619.413.000) 03/15 20:21:12 Image size of job updated: 759084
	742  -  MemoryUsage of job (MB)
	759084  -  ResidentSetSize of job (KB)
...
006 (7020619.413.000) 03/15 20:36:14 Image size of job updated: 759504
	742  -  MemoryUsage of job (MB)
	759504  -  ResidentSetSize of job (KB)
...
006 (7020619.413.000) 03/15 20:46:15 Image size of job updated: 759536
	742  -  MemoryUsage of job (MB)
	759536  -  ResidentSetSize of job (KB)
...
006 (7020619.413.000) 03/15 20:51:15 Image size of job updated: 759548
	742  -  MemoryUsage of job (MB)
	759548  -  ResidentSetSize of job (KB)
...
006 (7020619.413.000) 03/15 21:11:18 Image size of job updated: 759596
	742  -  MemoryUsage of job (MB)
	759596  -  ResidentSetSize of job (KB)
...
006 (7020619.413.000) 03/15 21:41:22 Image size of job updated: 759868
	743  -  MemoryUsage of job (MB)
	759868  -  ResidentSetSize of job (KB)
...
006 (7020619.413.000) 03/15 22:01:25 Image size of job updated: 759904
	743  -  MemoryUsage of job (MB)
	759904  -  ResidentSetSize of job (KB)
...
006 (7020619.413.000) 03/15 22:11:26 Image size of job updated: 759940
	743  -  MemoryUsage of job (MB)
	759940  -  ResidentSetSize of job (KB)
...
006 (7020619.413.000) 03/15 22:21:27 Image size of job updated: 759992
	743  -  MemoryUsage of job (MB)
	759992  -  ResidentSetSize of job (KB)
...
006 (7020619.413.000) 03/16 00:01:41 Image size of job updated: 760068
	743  -  MemoryUsage of job (MB)
	760068  -  ResidentSetSize of job (KB)
...
006 (7020619.413.000) 03/16 00:51:47 Image size of job updated: 760088
	743  -  MemoryUsage of job (MB)
	760088  -  ResidentSetSize of job (KB)
...
006 (7020619.413.000) 03/16 01:21:51 Image size of job updated: 760152
	743  -  MemoryUsage of job (MB)
	760152  -  ResidentSetSize of job (KB)
...
006 (7020619.413.000) 03/16 01:31:53 Image size of job updated: 760192
	743  -  MemoryUsage of job (MB)
	760192  -  ResidentSetSize of job (KB)
...
006 (7020619.413.000) 03/16 02:06:55 Image size of job updated: 760260
	743  -  MemoryUsage of job (MB)
	760260  -  ResidentSetSize of job (KB)
...
006 (7020619.413.000) 03/16 02:47:00 Image size of job updated: 760276
	743  -  MemoryUsage of job (MB)
	760276  -  ResidentSetSize of job (KB)
...
006 (7020619.413.000) 03/16 03:17:02 Image size of job updated: 760308
	743  -  MemoryUsage of job (MB)
	760308  -  ResidentSetSize of job (KB)
...
006 (7020619.413.000) 03/16 03:42:04 Image size of job updated: 761644
	744  -  MemoryUsage of job (MB)
	761644  -  ResidentSetSize of job (KB)
...
006 (7020619.413.000) 03/16 03:47:04 Image size of job updated: 761660
	744  -  MemoryUsage of job (MB)
	761660  -  ResidentSetSize of job (KB)
...
006 (7020619.413.000) 03/16 04:07:06 Image size of job updated: 761756
	744  -  MemoryUsage of job (MB)
	761756  -  ResidentSetSize of job (KB)
...
006 (7020619.413.000) 03/16 04:27:07 Image size of job updated: 761772
	744  -  MemoryUsage of job (MB)
	761772  -  ResidentSetSize of job (KB)
...
006 (7020619.413.000) 03/16 04:52:09 Image size of job updated: 761832
	744  -  MemoryUsage of job (MB)
	761832  -  ResidentSetSize of job (KB)
...
040 (7020619.413.000) 03/16 05:40:47 Started transferring output files
...
040 (7020619.413.000) 03/16 05:40:47 Finished transferring output files
...
005 (7020619.413.000) 03/16 05:40:47 Job terminated.
	(1) Normal termination (return value 0)
		Usr 0 16:53:32, Sys 0 00:00:46  -  Run Remote Usage
		Usr 0 00:00:00, Sys 0 00:00:00  -  Run Local Usage
		Usr 0 16:53:32, Sys 0 00:00:46  -  Total Remote Usage
		Usr 0 00:00:00, Sys 0 00:00:00  -  Total Local Usage
	13089  -  Run Bytes Sent By Job
	1379  -  Run Bytes Received By Job
	13089  -  Total Bytes Sent By Job
	1379  -  Total Bytes Received By Job
	Partitionable Resources :    Usage  Request Allocated 
	   Cpus                 :     0.99        1         1 
	   Disk (KB)            :    43           2      3818 
	   GPUs                 :                           0 
	   Memory (MB)          :   744        3000      3000 
	   TimeExecute (s)      : 61830                       
	   TimeSlotBusy (s)     : 61832                       

	Job terminated of its own accord at 2026-03-16T04:40:47Z with exit-code 0.
...
