000 (7020619.057.000) 03/15 11:55:49 Job submitted from host: <188.185.125.71:9618?addrs=188.185.125.71-9618+[2001-1458-d00-4a--100-15e]-9618&alias=bigbird28.cern.ch&noUDP&sock=schedd_2603_051c>
...
040 (7020619.057.000) 03/15 11:59:26 Started transferring input files
	Transferring to host: <188.185.194.143:9618?addrs=188.185.194.143-9618+[2001-1458-303-21--100-8b]-9618&alias=b9p20p6104.cern.ch&noUDP&sock=slot1_36_7294_0862_171433>
...
040 (7020619.057.000) 03/15 11:59:26 Finished transferring input files
...
001 (7020619.057.000) 03/15 11:59:27 Job executing on host: <188.185.194.143:9618?addrs=188.185.194.143-9618+[2001-1458-303-21--100-8b]-9618&alias=b9p20p6104.cern.ch&noUDP&sock=startd_6182_ea91>
	SlotName: slot1_36@b9p20p6104.cern.ch
	CondorScratchDir = "/pool/condor/dir_3052263"
	Cpus = 1
	Disk = 3838
	GPUs = 0
	Memory = 3000
...
006 (7020619.057.000) 03/15 11:59:40 Image size of job updated: 876
	1  -  MemoryUsage of job (MB)
	876  -  ResidentSetSize of job (KB)
...
006 (7020619.057.000) 03/15 12:04:40 Image size of job updated: 686656
	651  -  MemoryUsage of job (MB)
	665832  -  ResidentSetSize of job (KB)
...
006 (7020619.057.000) 03/15 12:09:41 Image size of job updated: 686656
	656  -  MemoryUsage of job (MB)
	671552  -  ResidentSetSize of job (KB)
...
006 (7020619.057.000) 03/15 12:19:41 Image size of job updated: 686656
	656  -  MemoryUsage of job (MB)
	671556  -  ResidentSetSize of job (KB)
...
006 (7020619.057.000) 03/15 12:24:42 Image size of job updated: 686656
	657  -  MemoryUsage of job (MB)
	672252  -  ResidentSetSize of job (KB)
...
006 (7020619.057.000) 03/15 12:34:42 Image size of job updated: 686656
	657  -  MemoryUsage of job (MB)
	672268  -  ResidentSetSize of job (KB)
...
006 (7020619.057.000) 03/15 12:49:44 Image size of job updated: 713292
	697  -  MemoryUsage of job (MB)
	713292  -  ResidentSetSize of job (KB)
...
006 (7020619.057.000) 03/15 12:54:45 Image size of job updated: 716456
	700  -  MemoryUsage of job (MB)
	716456  -  ResidentSetSize of job (KB)
...
006 (7020619.057.000) 03/15 12:59:46 Image size of job updated: 719392
	703  -  MemoryUsage of job (MB)
	719392  -  ResidentSetSize of job (KB)
...
006 (7020619.057.000) 03/15 13:04:46 Image size of job updated: 719396
	703  -  MemoryUsage of job (MB)
	719396  -  ResidentSetSize of job (KB)
...
006 (7020619.057.000) 03/15 13:19:47 Image size of job updated: 719800
	703  -  MemoryUsage of job (MB)
	719800  -  ResidentSetSize of job (KB)
...
006 (7020619.057.000) 03/15 13:39:49 Image size of job updated: 720376
	704  -  MemoryUsage of job (MB)
	720376  -  ResidentSetSize of job (KB)
...
006 (7020619.057.000) 03/15 13:44:50 Image size of job updated: 720872
	704  -  MemoryUsage of job (MB)
	720872  -  ResidentSetSize of job (KB)
...
006 (7020619.057.000) 03/15 14:24:54 Image size of job updated: 722280
	706  -  MemoryUsage of job (MB)
	722280  -  ResidentSetSize of job (KB)
...
006 (7020619.057.000) 03/15 15:04:59 Image size of job updated: 722320
	706  -  MemoryUsage of job (MB)
	722320  -  ResidentSetSize of job (KB)
...
006 (7020619.057.000) 03/15 15:15:00 Image size of job updated: 730760
	714  -  MemoryUsage of job (MB)
	730760  -  ResidentSetSize of job (KB)
...
006 (7020619.057.000) 03/15 15:20:01 Image size of job updated: 730848
	714  -  MemoryUsage of job (MB)
	730848  -  ResidentSetSize of job (KB)
...
006 (7020619.057.000) 03/15 17:00:11 Image size of job updated: 738108
	721  -  MemoryUsage of job (MB)
	738108  -  ResidentSetSize of job (KB)
...
006 (7020619.057.000) 03/15 17:05:11 Image size of job updated: 738220
	721  -  MemoryUsage of job (MB)
	738220  -  ResidentSetSize of job (KB)
...
006 (7020619.057.000) 03/15 19:40:25 Image size of job updated: 738252
	721  -  MemoryUsage of job (MB)
	738252  -  ResidentSetSize of job (KB)
...
006 (7020619.057.000) 03/15 20:00:27 Image size of job updated: 738308
	722  -  MemoryUsage of job (MB)
	738308  -  ResidentSetSize of job (KB)
...
006 (7020619.057.000) 03/15 21:30:36 Image size of job updated: 738376
	722  -  MemoryUsage of job (MB)
	738376  -  ResidentSetSize of job (KB)
...
006 (7020619.057.000) 03/15 22:05:38 Image size of job updated: 738444
	722  -  MemoryUsage of job (MB)
	738444  -  ResidentSetSize of job (KB)
...
006 (7020619.057.000) 03/15 22:25:40 Image size of job updated: 738464
	722  -  MemoryUsage of job (MB)
	738464  -  ResidentSetSize of job (KB)
...
006 (7020619.057.000) 03/15 22:30:41 Image size of job updated: 738572
	722  -  MemoryUsage of job (MB)
	738572  -  ResidentSetSize of job (KB)
...
006 (7020619.057.000) 03/16 00:25:52 Image size of job updated: 738936
	722  -  MemoryUsage of job (MB)
	738936  -  ResidentSetSize of job (KB)
...
006 (7020619.057.000) 03/16 00:30:53 Image size of job updated: 752552
	735  -  MemoryUsage of job (MB)
	752552  -  ResidentSetSize of job (KB)
...
006 (7020619.057.000) 03/16 00:35:53 Image size of job updated: 753680
	737  -  MemoryUsage of job (MB)
	753680  -  ResidentSetSize of job (KB)
...
006 (7020619.057.000) 03/16 03:46:12 Image size of job updated: 755900
	737  -  MemoryUsage of job (MB)
	753680  -  ResidentSetSize of job (KB)
...
006 (7020619.057.000) 03/16 03:51:13 Image size of job updated: 755900
	739  -  MemoryUsage of job (MB)
	755888  -  ResidentSetSize of job (KB)
...
040 (7020619.057.000) 03/16 12:00:10 Started transferring output files
...
040 (7020619.057.000) 03/16 12:00:10 Finished transferring output files
...
009 (7020619.057.000) 03/16 12:00:10 Job was aborted.
	Job removed by SYSTEM_PERIODIC_REMOVE due to wall time exceeded allowed max.
...
