000 (7020619.465.000) 03/15 11:55:49 Job submitted from host: <188.185.125.71:9618?addrs=188.185.125.71-9618+[2001-1458-d00-4a--100-15e]-9618&alias=bigbird28.cern.ch&noUDP&sock=schedd_2603_051c>
...
040 (7020619.465.000) 03/15 12:30:33 Started transferring input files
	Transferring to host: <188.185.204.181:9618?addrs=188.185.204.181-9618+[2001-1458-303-8--100-a9]-9618&alias=b9p02p9149.cern.ch&noUDP&sock=slot1_22_563058_0c2a_96457>
...
040 (7020619.465.000) 03/15 12:30:33 Finished transferring input files
...
001 (7020619.465.000) 03/15 12:30:34 Job executing on host: <188.185.204.181:9618?addrs=188.185.204.181-9618+[2001-1458-303-8--100-a9]-9618&alias=b9p02p9149.cern.ch&noUDP&sock=startd_541751_b41c>
	SlotName: slot1_22@b9p02p9149.cern.ch
	CondorScratchDir = "/pool/condor/dir_65213"
	Cpus = 1
	Disk = 3477
	GPUs = 0
	Memory = 3000
...
006 (7020619.465.000) 03/15 12:30:47 Image size of job updated: 880
	1  -  MemoryUsage of job (MB)
	880  -  ResidentSetSize of job (KB)
...
006 (7020619.465.000) 03/15 12:35:47 Image size of job updated: 678732
	640  -  MemoryUsage of job (MB)
	655308  -  ResidentSetSize of job (KB)
...
006 (7020619.465.000) 03/15 12:40:47 Image size of job updated: 678732
	642  -  MemoryUsage of job (MB)
	656844  -  ResidentSetSize of job (KB)
...
006 (7020619.465.000) 03/15 12:45:48 Image size of job updated: 678732
	642  -  MemoryUsage of job (MB)
	656924  -  ResidentSetSize of job (KB)
...
006 (7020619.465.000) 03/15 12:55:48 Image size of job updated: 678732
	657  -  MemoryUsage of job (MB)
	672416  -  ResidentSetSize of job (KB)
...
006 (7020619.465.000) 03/15 13:15:51 Image size of job updated: 714416
	698  -  MemoryUsage of job (MB)
	714416  -  ResidentSetSize of job (KB)
...
006 (7020619.465.000) 03/15 13:20:51 Image size of job updated: 718712
	702  -  MemoryUsage of job (MB)
	718712  -  ResidentSetSize of job (KB)
...
006 (7020619.465.000) 03/15 13:25:52 Image size of job updated: 718760
	702  -  MemoryUsage of job (MB)
	718760  -  ResidentSetSize of job (KB)
...
006 (7020619.465.000) 03/15 13:30:53 Image size of job updated: 723552
	707  -  MemoryUsage of job (MB)
	723552  -  ResidentSetSize of job (KB)
...
006 (7020619.465.000) 03/15 13:35:53 Image size of job updated: 723580
	707  -  MemoryUsage of job (MB)
	723580  -  ResidentSetSize of job (KB)
...
006 (7020619.465.000) 03/15 14:00:57 Image size of job updated: 731544
	715  -  MemoryUsage of job (MB)
	731544  -  ResidentSetSize of job (KB)
...
006 (7020619.465.000) 03/15 14:05:57 Image size of job updated: 731608
	715  -  MemoryUsage of job (MB)
	731608  -  ResidentSetSize of job (KB)
...
006 (7020619.465.000) 03/15 14:15:59 Image size of job updated: 739548
	723  -  MemoryUsage of job (MB)
	739548  -  ResidentSetSize of job (KB)
...
006 (7020619.465.000) 03/15 16:51:17 Image size of job updated: 740428
	724  -  MemoryUsage of job (MB)
	740428  -  ResidentSetSize of job (KB)
...
006 (7020619.465.000) 03/15 16:56:18 Image size of job updated: 748112
	731  -  MemoryUsage of job (MB)
	748112  -  ResidentSetSize of job (KB)
...
006 (7020619.465.000) 03/15 18:06:26 Image size of job updated: 748132
	731  -  MemoryUsage of job (MB)
	748132  -  ResidentSetSize of job (KB)
...
006 (7020619.465.000) 03/15 19:21:33 Image size of job updated: 755664
	738  -  MemoryUsage of job (MB)
	755664  -  ResidentSetSize of job (KB)
...
006 (7020619.465.000) 03/15 19:26:34 Image size of job updated: 755748
	739  -  MemoryUsage of job (MB)
	755748  -  ResidentSetSize of job (KB)
...
006 (7020619.465.000) 03/15 19:31:34 Image size of job updated: 757132
	740  -  MemoryUsage of job (MB)
	757132  -  ResidentSetSize of job (KB)
...
006 (7020619.465.000) 03/15 19:46:36 Image size of job updated: 757188
	740  -  MemoryUsage of job (MB)
	757188  -  ResidentSetSize of job (KB)
...
006 (7020619.465.000) 03/15 21:06:45 Image size of job updated: 757228
	740  -  MemoryUsage of job (MB)
	757228  -  ResidentSetSize of job (KB)
...
006 (7020619.465.000) 03/15 21:11:45 Image size of job updated: 757260
	740  -  MemoryUsage of job (MB)
	757260  -  ResidentSetSize of job (KB)
...
006 (7020619.465.000) 03/15 21:31:48 Image size of job updated: 757268
	740  -  MemoryUsage of job (MB)
	757268  -  ResidentSetSize of job (KB)
...
006 (7020619.465.000) 03/15 22:21:54 Image size of job updated: 757324
	740  -  MemoryUsage of job (MB)
	757324  -  ResidentSetSize of job (KB)
...
006 (7020619.465.000) 03/15 23:32:01 Image size of job updated: 757344
	740  -  MemoryUsage of job (MB)
	757344  -  ResidentSetSize of job (KB)
...
006 (7020619.465.000) 03/16 02:47:20 Image size of job updated: 757364
	740  -  MemoryUsage of job (MB)
	757364  -  ResidentSetSize of job (KB)
...
006 (7020619.465.000) 03/16 04:02:28 Image size of job updated: 757372
	740  -  MemoryUsage of job (MB)
	757372  -  ResidentSetSize of job (KB)
...
006 (7020619.465.000) 03/16 04:47:32 Image size of job updated: 757392
	740  -  MemoryUsage of job (MB)
	757392  -  ResidentSetSize of job (KB)
...
006 (7020619.465.000) 03/16 04:57:33 Image size of job updated: 757452
	740  -  MemoryUsage of job (MB)
	757452  -  ResidentSetSize of job (KB)
...
006 (7020619.465.000) 03/16 05:07:34 Image size of job updated: 757860
	741  -  MemoryUsage of job (MB)
	757860  -  ResidentSetSize of job (KB)
...
006 (7020619.465.000) 03/16 05:12:34 Image size of job updated: 757972
	741  -  MemoryUsage of job (MB)
	757972  -  ResidentSetSize of job (KB)
...
006 (7020619.465.000) 03/16 05:52:40 Image size of job updated: 757992
	741  -  MemoryUsage of job (MB)
	757992  -  ResidentSetSize of job (KB)
...
006 (7020619.465.000) 03/16 06:37:44 Image size of job updated: 758068
	741  -  MemoryUsage of job (MB)
	758068  -  ResidentSetSize of job (KB)
...
006 (7020619.465.000) 03/16 07:17:49 Image size of job updated: 758108
	741  -  MemoryUsage of job (MB)
	758108  -  ResidentSetSize of job (KB)
...
040 (7020619.465.000) 03/16 07:22:01 Started transferring output files
...
040 (7020619.465.000) 03/16 07:22:01 Finished transferring output files
...
005 (7020619.465.000) 03/16 07:22:01 Job terminated.
	(1) Normal termination (return value 0)
		Usr 0 18:37:35, Sys 0 00:00:34  -  Run Remote Usage
		Usr 0 00:00:00, Sys 0 00:00:00  -  Run Local Usage
		Usr 0 18:37:35, Sys 0 00:00:34  -  Total Remote Usage
		Usr 0 00:00:00, Sys 0 00:00:00  -  Total Local Usage
	12713  -  Run Bytes Sent By Job
	1379  -  Run Bytes Received By Job
	12713  -  Total Bytes Sent By Job
	1379  -  Total Bytes Received By Job
	Partitionable Resources :    Usage  Request Allocated 
	   Cpus                 :     0.99        1         1 
	   Disk (KB)            :    46           2      3477 
	   GPUs                 :                           0 
	   Memory (MB)          :   741        3000      3000 
	   TimeExecute (s)      : 67887                       
	   TimeSlotBusy (s)     : 67889                       

	Job terminated of its own accord at 2026-03-16T06:22:01Z with exit-code 0.
...
