000 (7020619.134.000) 03/15 11:55:49 Job submitted from host: <188.185.125.71:9618?addrs=188.185.125.71-9618+[2001-1458-d00-4a--100-15e]-9618&alias=bigbird28.cern.ch&noUDP&sock=schedd_2603_051c>
...
040 (7020619.134.000) 03/15 11:59:51 Started transferring input files
	Transferring to host: <188.185.205.229:9618?addrs=188.185.205.229-9618+[2001-1458-303-a--100-62]-9618&alias=b9p04p6285.cern.ch&noUDP&sock=slot1_18_4071_233f_167160>
...
040 (7020619.134.000) 03/15 11:59:51 Finished transferring input files
...
001 (7020619.134.000) 03/15 11:59:52 Job executing on host: <188.185.205.229:9618?addrs=188.185.205.229-9618+[2001-1458-303-a--100-62]-9618&alias=b9p04p6285.cern.ch&noUDP&sock=startd_3612_1c2b>
	SlotName: slot1_18@b9p04p6285.cern.ch
	CondorScratchDir = "/pool/condor/dir_2570331"
	Cpus = 1
	Disk = 3586
	GPUs = 0
	Memory = 3000
...
006 (7020619.134.000) 03/15 12:00:06 Image size of job updated: 872
	1  -  MemoryUsage of job (MB)
	872  -  ResidentSetSize of job (KB)
...
006 (7020619.134.000) 03/15 12:05:07 Image size of job updated: 633780
	615  -  MemoryUsage of job (MB)
	628968  -  ResidentSetSize of job (KB)
...
006 (7020619.134.000) 03/15 12:10:08 Image size of job updated: 633780
	616  -  MemoryUsage of job (MB)
	629960  -  ResidentSetSize of job (KB)
...
006 (7020619.134.000) 03/15 12:15:08 Image size of job updated: 641408
	627  -  MemoryUsage of job (MB)
	641408  -  ResidentSetSize of job (KB)
...
006 (7020619.134.000) 03/15 12:20:09 Image size of job updated: 651968
	627  -  MemoryUsage of job (MB)
	641564  -  ResidentSetSize of job (KB)
...
006 (7020619.134.000) 03/15 12:30:10 Image size of job updated: 651968
	631  -  MemoryUsage of job (MB)
	645420  -  ResidentSetSize of job (KB)
...
006 (7020619.134.000) 03/15 12:40:11 Image size of job updated: 664524
	649  -  MemoryUsage of job (MB)
	664524  -  ResidentSetSize of job (KB)
...
006 (7020619.134.000) 03/15 13:45:16 Image size of job updated: 671736
	656  -  MemoryUsage of job (MB)
	671736  -  ResidentSetSize of job (KB)
...
006 (7020619.134.000) 03/15 14:05:19 Image size of job updated: 675684
	660  -  MemoryUsage of job (MB)
	675684  -  ResidentSetSize of job (KB)
...
006 (7020619.134.000) 03/15 14:55:24 Image size of job updated: 716348
	700  -  MemoryUsage of job (MB)
	716348  -  ResidentSetSize of job (KB)
...
006 (7020619.134.000) 03/15 15:00:24 Image size of job updated: 721768
	705  -  MemoryUsage of job (MB)
	721768  -  ResidentSetSize of job (KB)
...
006 (7020619.134.000) 03/15 15:15:25 Image size of job updated: 723948
	707  -  MemoryUsage of job (MB)
	723948  -  ResidentSetSize of job (KB)
...
006 (7020619.134.000) 03/15 16:00:30 Image size of job updated: 725104
	709  -  MemoryUsage of job (MB)
	725104  -  ResidentSetSize of job (KB)
...
006 (7020619.134.000) 03/15 16:05:30 Image size of job updated: 725116
	709  -  MemoryUsage of job (MB)
	725116  -  ResidentSetSize of job (KB)
...
006 (7020619.134.000) 03/15 16:10:30 Image size of job updated: 733452
	717  -  MemoryUsage of job (MB)
	733452  -  ResidentSetSize of job (KB)
...
006 (7020619.134.000) 03/15 16:55:35 Image size of job updated: 734044
	717  -  MemoryUsage of job (MB)
	734044  -  ResidentSetSize of job (KB)
...
006 (7020619.134.000) 03/15 18:05:42 Image size of job updated: 734632
	718  -  MemoryUsage of job (MB)
	734632  -  ResidentSetSize of job (KB)
...
006 (7020619.134.000) 03/15 18:25:44 Image size of job updated: 734676
	718  -  MemoryUsage of job (MB)
	734676  -  ResidentSetSize of job (KB)
...
006 (7020619.134.000) 03/15 18:35:44 Image size of job updated: 734724
	718  -  MemoryUsage of job (MB)
	734724  -  ResidentSetSize of job (KB)
...
006 (7020619.134.000) 03/15 19:25:49 Image size of job updated: 734728
	718  -  MemoryUsage of job (MB)
	734728  -  ResidentSetSize of job (KB)
...
006 (7020619.134.000) 03/15 20:05:54 Image size of job updated: 734772
	718  -  MemoryUsage of job (MB)
	734772  -  ResidentSetSize of job (KB)
...
006 (7020619.134.000) 03/15 20:45:58 Image size of job updated: 734828
	718  -  MemoryUsage of job (MB)
	734828  -  ResidentSetSize of job (KB)
...
006 (7020619.134.000) 03/15 20:55:59 Image size of job updated: 734852
	718  -  MemoryUsage of job (MB)
	734852  -  ResidentSetSize of job (KB)
...
006 (7020619.134.000) 03/15 21:46:04 Image size of job updated: 746916
	730  -  MemoryUsage of job (MB)
	746916  -  ResidentSetSize of job (KB)
...
006 (7020619.134.000) 03/15 21:51:05 Image size of job updated: 754380
	737  -  MemoryUsage of job (MB)
	754380  -  ResidentSetSize of job (KB)
...
006 (7020619.134.000) 03/15 22:46:10 Image size of job updated: 754448
	737  -  MemoryUsage of job (MB)
	754448  -  ResidentSetSize of job (KB)
...
006 (7020619.134.000) 03/15 23:16:13 Image size of job updated: 754504
	737  -  MemoryUsage of job (MB)
	754504  -  ResidentSetSize of job (KB)
...
006 (7020619.134.000) 03/15 23:21:13 Image size of job updated: 772052
	737  -  MemoryUsage of job (MB)
	754504  -  ResidentSetSize of job (KB)
...
006 (7020619.134.000) 03/15 23:26:14 Image size of job updated: 772052
	745  -  MemoryUsage of job (MB)
	762660  -  ResidentSetSize of job (KB)
...
006 (7020619.134.000) 03/16 00:06:18 Image size of job updated: 772052
	745  -  MemoryUsage of job (MB)
	762752  -  ResidentSetSize of job (KB)
...
006 (7020619.134.000) 03/16 00:31:19 Image size of job updated: 772052
	747  -  MemoryUsage of job (MB)
	764224  -  ResidentSetSize of job (KB)
...
006 (7020619.134.000) 03/16 03:26:37 Image size of job updated: 777052
	759  -  MemoryUsage of job (MB)
	777052  -  ResidentSetSize of job (KB)
...
040 (7020619.134.000) 03/16 08:03:22 Started transferring output files
...
040 (7020619.134.000) 03/16 08:03:22 Finished transferring output files
...
005 (7020619.134.000) 03/16 08:03:22 Job terminated.
	(1) Normal termination (return value 0)
		Usr 0 19:42:13, Sys 0 00:01:45  -  Run Remote Usage
		Usr 0 00:00:00, Sys 0 00:00:00  -  Run Local Usage
		Usr 0 19:42:13, Sys 0 00:01:45  -  Total Remote Usage
		Usr 0 00:00:00, Sys 0 00:00:00  -  Total Local Usage
	12760  -  Run Bytes Sent By Job
	1379  -  Run Bytes Received By Job
	12760  -  Total Bytes Sent By Job
	1379  -  Total Bytes Received By Job
	Partitionable Resources :    Usage  Request Allocated 
	   Cpus                 :     0.98        1         1 
	   Disk (KB)            :    48           2      3586 
	   GPUs                 :                           0 
	   Memory (MB)          :   759        3000      3000 
	   TimeExecute (s)      : 72210                       
	   TimeSlotBusy (s)     : 72211                       

	Job terminated of its own accord at 2026-03-16T07:03:22Z with exit-code 0.
...
