000 (7020619.448.000) 03/15 11:55:49 Job submitted from host: <188.185.125.71:9618?addrs=188.185.125.71-9618+[2001-1458-d00-4a--100-15e]-9618&alias=bigbird28.cern.ch&noUDP&sock=schedd_2603_051c>
...
040 (7020619.448.000) 03/15 12:30:26 Started transferring input files
	Transferring to host: <128.142.192.194:9618?addrs=128.142.192.194-9618&alias=b9g18p2454.cern.ch&noUDP&sock=slot1_6_6505_1c62_51623>
...
040 (7020619.448.000) 03/15 12:30:26 Finished transferring input files
...
001 (7020619.448.000) 03/15 12:30:27 Job executing on host: <128.142.192.194:9618?addrs=128.142.192.194-9618&alias=b9g18p2454.cern.ch&noUDP&sock=startd_5749_ea0f>
	SlotName: slot1_6@b9g18p2454.cern.ch
	CondorScratchDir = "/pool/condor/dir_2500092"
	Cpus = 1
	Disk = 3804
	GPUs = 0
	Memory = 3000
...
006 (7020619.448.000) 03/15 12:30:40 Image size of job updated: 884
	1  -  MemoryUsage of job (MB)
	884  -  ResidentSetSize of job (KB)
...
006 (7020619.448.000) 03/15 12:33:00 Image size of job updated: 583812
	1  -  MemoryUsage of job (MB)
	884  -  ResidentSetSize of job (KB)
...
040 (7020619.448.000) 03/15 12:33:00 Started transferring output files
...
040 (7020619.448.000) 03/15 12:33:00 Finished transferring output files
...
005 (7020619.448.000) 03/15 12:33:00 Job terminated.
	(1) Normal termination (return value 0)
		Usr 0 00:00:16, Sys 0 00:00:04  -  Run Remote Usage
		Usr 0 00:00:00, Sys 0 00:00:00  -  Run Local Usage
		Usr 0 00:00:16, Sys 0 00:00:04  -  Total Remote Usage
		Usr 0 00:00:00, Sys 0 00:00:00  -  Total Local Usage
	35058  -  Run Bytes Sent By Job
	1379  -  Run Bytes Received By Job
	35058  -  Total Bytes Sent By Job
	1379  -  Total Bytes Received By Job
	Partitionable Resources :    Usage  Request Allocated 
	   Cpus                 :        0        1         1 
	   Disk (KB)            :       74        2      3804 
	   GPUs                 :                           0 
	   Memory (MB)          :        1     3000      3000 
	   TimeExecute (s)      :      153                    
	   TimeSlotBusy (s)     :      154                    

	Job terminated of its own accord at 2026-03-15T11:33:00Z with exit-code 0.
...
