000 (7020619.381.000) 03/15 11:55:49 Job submitted from host: <188.185.125.71:9618?addrs=188.185.125.71-9618+[2001-1458-d00-4a--100-15e]-9618&alias=bigbird28.cern.ch&noUDP&sock=schedd_2603_051c>
...
040 (7020619.381.000) 03/15 12:30:06 Started transferring input files
	Transferring to host: <188.185.212.69:9618?addrs=188.185.212.69-9618+[2001-1458-303-18--100-41]-9618&alias=b9p25p7966.cern.ch&noUDP&sock=slot1_1_5747_0803_190580>
...
040 (7020619.381.000) 03/15 12:30:06 Finished transferring input files
...
001 (7020619.381.000) 03/15 12:30:07 Job executing on host: <188.185.212.69:9618?addrs=188.185.212.69-9618+[2001-1458-303-18--100-41]-9618&alias=b9p25p7966.cern.ch&noUDP&sock=startd_5066_6edf>
	SlotName: slot1_1@b9p25p7966.cern.ch
	CondorScratchDir = "/pool/condor/dir_682544"
	Cpus = 1
	Disk = 3831
	GPUs = 0
	Memory = 3000
...
006 (7020619.381.000) 03/15 12:30:20 Image size of job updated: 892
	1  -  MemoryUsage of job (MB)
	892  -  ResidentSetSize of job (KB)
...
006 (7020619.381.000) 03/15 12:35:20 Image size of job updated: 183600
	180  -  MemoryUsage of job (MB)
	183600  -  ResidentSetSize of job (KB)
...
006 (7020619.381.000) 03/15 12:40:21 Image size of job updated: 676652
	651  -  MemoryUsage of job (MB)
	666108  -  ResidentSetSize of job (KB)
...
006 (7020619.381.000) 03/15 12:45:21 Image size of job updated: 676652
	651  -  MemoryUsage of job (MB)
	666112  -  ResidentSetSize of job (KB)
...
006 (7020619.381.000) 03/15 12:50:21 Image size of job updated: 676652
	651  -  MemoryUsage of job (MB)
	666128  -  ResidentSetSize of job (KB)
...
006 (7020619.381.000) 03/15 12:55:22 Image size of job updated: 676652
	652  -  MemoryUsage of job (MB)
	667044  -  ResidentSetSize of job (KB)
...
006 (7020619.381.000) 03/15 13:00:22 Image size of job updated: 676652
	652  -  MemoryUsage of job (MB)
	667124  -  ResidentSetSize of job (KB)
...
006 (7020619.381.000) 03/15 13:05:22 Image size of job updated: 712200
	696  -  MemoryUsage of job (MB)
	712200  -  ResidentSetSize of job (KB)
...
006 (7020619.381.000) 03/15 13:15:23 Image size of job updated: 713060
	697  -  MemoryUsage of job (MB)
	713060  -  ResidentSetSize of job (KB)
...
006 (7020619.381.000) 03/15 13:20:23 Image size of job updated: 717860
	702  -  MemoryUsage of job (MB)
	717860  -  ResidentSetSize of job (KB)
...
006 (7020619.381.000) 03/15 13:30:24 Image size of job updated: 717864
	702  -  MemoryUsage of job (MB)
	717864  -  ResidentSetSize of job (KB)
...
006 (7020619.381.000) 03/15 13:35:24 Image size of job updated: 717868
	702  -  MemoryUsage of job (MB)
	717868  -  ResidentSetSize of job (KB)
...
006 (7020619.381.000) 03/15 13:45:26 Image size of job updated: 733440
	717  -  MemoryUsage of job (MB)
	733440  -  ResidentSetSize of job (KB)
...
006 (7020619.381.000) 03/15 16:55:50 Image size of job updated: 733876
	717  -  MemoryUsage of job (MB)
	733440  -  ResidentSetSize of job (KB)
...
006 (7020619.381.000) 03/15 20:06:08 Image size of job updated: 734716
	718  -  MemoryUsage of job (MB)
	734716  -  ResidentSetSize of job (KB)
...
006 (7020619.381.000) 03/15 20:11:08 Image size of job updated: 734760
	718  -  MemoryUsage of job (MB)
	734760  -  ResidentSetSize of job (KB)
...
006 (7020619.381.000) 03/15 20:16:08 Image size of job updated: 734868
	718  -  MemoryUsage of job (MB)
	734868  -  ResidentSetSize of job (KB)
...
006 (7020619.381.000) 03/15 20:21:09 Image size of job updated: 738496
	718  -  MemoryUsage of job (MB)
	734868  -  ResidentSetSize of job (KB)
...
006 (7020619.381.000) 03/15 21:21:16 Image size of job updated: 752048
	735  -  MemoryUsage of job (MB)
	752048  -  ResidentSetSize of job (KB)
...
006 (7020619.381.000) 03/15 21:26:16 Image size of job updated: 752128
	735  -  MemoryUsage of job (MB)
	752128  -  ResidentSetSize of job (KB)
...
006 (7020619.381.000) 03/15 22:36:23 Image size of job updated: 752180
	735  -  MemoryUsage of job (MB)
	752180  -  ResidentSetSize of job (KB)
...
006 (7020619.381.000) 03/15 23:21:29 Image size of job updated: 752216
	735  -  MemoryUsage of job (MB)
	752216  -  ResidentSetSize of job (KB)
...
006 (7020619.381.000) 03/15 23:31:30 Image size of job updated: 752304
	735  -  MemoryUsage of job (MB)
	752304  -  ResidentSetSize of job (KB)
...
006 (7020619.381.000) 03/16 00:11:34 Image size of job updated: 754972
	735  -  MemoryUsage of job (MB)
	752304  -  ResidentSetSize of job (KB)
...
006 (7020619.381.000) 03/16 00:16:34 Image size of job updated: 754972
	737  -  MemoryUsage of job (MB)
	753924  -  ResidentSetSize of job (KB)
...
006 (7020619.381.000) 03/16 00:26:35 Image size of job updated: 754972
	737  -  MemoryUsage of job (MB)
	753964  -  ResidentSetSize of job (KB)
...
006 (7020619.381.000) 03/16 01:46:42 Image size of job updated: 754972
	737  -  MemoryUsage of job (MB)
	754004  -  ResidentSetSize of job (KB)
...
006 (7020619.381.000) 03/16 02:21:47 Image size of job updated: 754972
	737  -  MemoryUsage of job (MB)
	754032  -  ResidentSetSize of job (KB)
...
006 (7020619.381.000) 03/16 02:56:50 Image size of job updated: 754972
	737  -  MemoryUsage of job (MB)
	754072  -  ResidentSetSize of job (KB)
...
006 (7020619.381.000) 03/16 04:27:01 Image size of job updated: 754972
	737  -  MemoryUsage of job (MB)
	754144  -  ResidentSetSize of job (KB)
...
040 (7020619.381.000) 03/16 05:02:47 Started transferring output files
...
040 (7020619.381.000) 03/16 05:02:47 Finished transferring output files
...
005 (7020619.381.000) 03/16 05:02:47 Job terminated.
	(1) Normal termination (return value 0)
		Usr 0 16:14:53, Sys 0 00:01:06  -  Run Remote Usage
		Usr 0 00:00:00, Sys 0 00:00:00  -  Run Local Usage
		Usr 0 16:14:53, Sys 0 00:01:06  -  Total Remote Usage
		Usr 0 00:00:00, Sys 0 00:00:00  -  Total Local Usage
	7008  -  Run Bytes Sent By Job
	1379  -  Run Bytes Received By Job
	7008  -  Total Bytes Sent By Job
	1379  -  Total Bytes Received By Job
	Partitionable Resources :    Usage  Request Allocated 
	   Cpus                 :     0.99        1         1 
	   Disk (KB)            :    48           2      3831 
	   GPUs                 :                           0 
	   Memory (MB)          :   737        3000      3000 
	   TimeExecute (s)      : 59560                       
	   TimeSlotBusy (s)     : 59562                       

	Job terminated of its own accord at 2026-03-16T04:02:47Z with exit-code 0.
...
