000 (7020619.156.000) 03/15 11:55:49 Job submitted from host: <188.185.125.71:9618?addrs=188.185.125.71-9618+[2001-1458-d00-4a--100-15e]-9618&alias=bigbird28.cern.ch&noUDP&sock=schedd_2603_051c>
...
040 (7020619.156.000) 03/15 11:59:59 Started transferring input files
	Transferring to host: <188.185.214.230:9618?addrs=188.185.214.230-9618+[2001-1458-303-1d--100-62]-9618&alias=b9p30p8659.cern.ch&noUDP&sock=slot1_5_5920_ecea_187022>
...
040 (7020619.156.000) 03/15 11:59:59 Finished transferring input files
...
001 (7020619.156.000) 03/15 12:00:00 Job executing on host: <188.185.214.230:9618?addrs=188.185.214.230-9618+[2001-1458-303-1d--100-62]-9618&alias=b9p30p8659.cern.ch&noUDP&sock=startd_5271_0bca>
	SlotName: slot1_5@b9p30p8659.cern.ch
	CondorScratchDir = "/pool/condor/dir_3314212"
	Cpus = 1
	Disk = 3870
	GPUs = 0
	Memory = 3000
...
006 (7020619.156.000) 03/15 12:00:13 Image size of job updated: 872
	1  -  MemoryUsage of job (MB)
	872  -  ResidentSetSize of job (KB)
...
006 (7020619.156.000) 03/15 12:05:13 Image size of job updated: 209032
	205  -  MemoryUsage of job (MB)
	209032  -  ResidentSetSize of job (KB)
...
006 (7020619.156.000) 03/15 12:10:14 Image size of job updated: 522448
	511  -  MemoryUsage of job (MB)
	522448  -  ResidentSetSize of job (KB)
...
006 (7020619.156.000) 03/15 12:15:14 Image size of job updated: 528212
	516  -  MemoryUsage of job (MB)
	528212  -  ResidentSetSize of job (KB)
...
006 (7020619.156.000) 03/15 12:20:14 Image size of job updated: 537056
	525  -  MemoryUsage of job (MB)
	537056  -  ResidentSetSize of job (KB)
...
006 (7020619.156.000) 03/15 12:25:15 Image size of job updated: 537688
	526  -  MemoryUsage of job (MB)
	537688  -  ResidentSetSize of job (KB)
...
006 (7020619.156.000) 03/15 12:30:15 Image size of job updated: 537896
	526  -  MemoryUsage of job (MB)
	537896  -  ResidentSetSize of job (KB)
...
006 (7020619.156.000) 03/15 12:35:16 Image size of job updated: 537956
	526  -  MemoryUsage of job (MB)
	537956  -  ResidentSetSize of job (KB)
...
006 (7020619.156.000) 03/15 12:40:17 Image size of job updated: 572496
	560  -  MemoryUsage of job (MB)
	572496  -  ResidentSetSize of job (KB)
...
006 (7020619.156.000) 03/15 12:45:17 Image size of job updated: 574216
	561  -  MemoryUsage of job (MB)
	574216  -  ResidentSetSize of job (KB)
...
006 (7020619.156.000) 03/15 12:50:18 Image size of job updated: 576876
	564  -  MemoryUsage of job (MB)
	576876  -  ResidentSetSize of job (KB)
...
006 (7020619.156.000) 03/15 12:55:19 Image size of job updated: 578224
	565  -  MemoryUsage of job (MB)
	578224  -  ResidentSetSize of job (KB)
...
006 (7020619.156.000) 03/15 13:20:20 Image size of job updated: 578248
	565  -  MemoryUsage of job (MB)
	578248  -  ResidentSetSize of job (KB)
...
006 (7020619.156.000) 03/15 13:35:21 Image size of job updated: 591240
	578  -  MemoryUsage of job (MB)
	591240  -  ResidentSetSize of job (KB)
...
006 (7020619.156.000) 03/15 13:40:22 Image size of job updated: 591372
	578  -  MemoryUsage of job (MB)
	591372  -  ResidentSetSize of job (KB)
...
006 (7020619.156.000) 03/15 13:45:22 Image size of job updated: 591396
	578  -  MemoryUsage of job (MB)
	591396  -  ResidentSetSize of job (KB)
...
006 (7020619.156.000) 03/15 14:00:23 Image size of job updated: 597992
	584  -  MemoryUsage of job (MB)
	597992  -  ResidentSetSize of job (KB)
...
006 (7020619.156.000) 03/15 14:05:23 Image size of job updated: 598016
	584  -  MemoryUsage of job (MB)
	598016  -  ResidentSetSize of job (KB)
...
006 (7020619.156.000) 03/15 15:20:33 Image size of job updated: 755804
	739  -  MemoryUsage of job (MB)
	755804  -  ResidentSetSize of job (KB)
...
006 (7020619.156.000) 03/15 15:25:33 Image size of job updated: 756348
	739  -  MemoryUsage of job (MB)
	756348  -  ResidentSetSize of job (KB)
...
006 (7020619.156.000) 03/15 15:35:34 Image size of job updated: 757448
	740  -  MemoryUsage of job (MB)
	757448  -  ResidentSetSize of job (KB)
...
006 (7020619.156.000) 03/15 15:40:34 Image size of job updated: 760944
	744  -  MemoryUsage of job (MB)
	760944  -  ResidentSetSize of job (KB)
...
006 (7020619.156.000) 03/15 16:10:36 Image size of job updated: 760976
	744  -  MemoryUsage of job (MB)
	760976  -  ResidentSetSize of job (KB)
...
006 (7020619.156.000) 03/15 16:25:37 Image size of job updated: 763020
	746  -  MemoryUsage of job (MB)
	763020  -  ResidentSetSize of job (KB)
...
006 (7020619.156.000) 03/15 16:45:39 Image size of job updated: 764540
	747  -  MemoryUsage of job (MB)
	764540  -  ResidentSetSize of job (KB)
...
006 (7020619.156.000) 03/15 16:50:39 Image size of job updated: 796324
	774  -  MemoryUsage of job (MB)
	792320  -  ResidentSetSize of job (KB)
...
006 (7020619.156.000) 03/15 16:55:40 Image size of job updated: 796324
	774  -  MemoryUsage of job (MB)
	792356  -  ResidentSetSize of job (KB)
...
006 (7020619.156.000) 03/15 17:35:45 Image size of job updated: 796324
	774  -  MemoryUsage of job (MB)
	792376  -  ResidentSetSize of job (KB)
...
006 (7020619.156.000) 03/15 18:25:52 Image size of job updated: 796324
	774  -  MemoryUsage of job (MB)
	792392  -  ResidentSetSize of job (KB)
...
006 (7020619.156.000) 03/15 19:30:59 Image size of job updated: 796324
	774  -  MemoryUsage of job (MB)
	792420  -  ResidentSetSize of job (KB)
...
006 (7020619.156.000) 03/15 19:51:01 Image size of job updated: 796324
	776  -  MemoryUsage of job (MB)
	794516  -  ResidentSetSize of job (KB)
...
006 (7020619.156.000) 03/15 20:11:04 Image size of job updated: 796324
	778  -  MemoryUsage of job (MB)
	796052  -  ResidentSetSize of job (KB)
...
006 (7020619.156.000) 03/15 20:51:08 Image size of job updated: 796324
	778  -  MemoryUsage of job (MB)
	796112  -  ResidentSetSize of job (KB)
...
006 (7020619.156.000) 03/15 20:56:09 Image size of job updated: 796324
	778  -  MemoryUsage of job (MB)
	796136  -  ResidentSetSize of job (KB)
...
006 (7020619.156.000) 03/15 21:01:09 Image size of job updated: 796324
	778  -  MemoryUsage of job (MB)
	796196  -  ResidentSetSize of job (KB)
...
006 (7020619.156.000) 03/15 21:06:10 Image size of job updated: 796324
	778  -  MemoryUsage of job (MB)
	796216  -  ResidentSetSize of job (KB)
...
006 (7020619.156.000) 03/15 21:41:12 Image size of job updated: 796324
	778  -  MemoryUsage of job (MB)
	796240  -  ResidentSetSize of job (KB)
...
006 (7020619.156.000) 03/15 21:56:13 Image size of job updated: 801824
	778  -  MemoryUsage of job (MB)
	796240  -  ResidentSetSize of job (KB)
...
006 (7020619.156.000) 03/15 22:01:13 Image size of job updated: 801848
	778  -  MemoryUsage of job (MB)
	796240  -  ResidentSetSize of job (KB)
...
006 (7020619.156.000) 03/15 22:06:14 Image size of job updated: 801848
	779  -  MemoryUsage of job (MB)
	797420  -  ResidentSetSize of job (KB)
...
006 (7020619.156.000) 03/15 22:11:14 Image size of job updated: 801848
	779  -  MemoryUsage of job (MB)
	797576  -  ResidentSetSize of job (KB)
...
006 (7020619.156.000) 03/15 22:26:16 Image size of job updated: 801848
	781  -  MemoryUsage of job (MB)
	798916  -  ResidentSetSize of job (KB)
...
006 (7020619.156.000) 03/15 22:51:18 Image size of job updated: 801848
	781  -  MemoryUsage of job (MB)
	798980  -  ResidentSetSize of job (KB)
...
006 (7020619.156.000) 03/15 23:06:19 Image size of job updated: 801848
	783  -  MemoryUsage of job (MB)
	801036  -  ResidentSetSize of job (KB)
...
040 (7020619.156.000) 03/16 05:34:02 Started transferring output files
...
040 (7020619.156.000) 03/16 05:34:02 Finished transferring output files
...
005 (7020619.156.000) 03/16 05:34:02 Job terminated.
	(1) Normal termination (return value 0)
		Usr 0 17:16:52, Sys 0 00:01:17  -  Run Remote Usage
		Usr 0 00:00:00, Sys 0 00:00:00  -  Run Local Usage
		Usr 0 17:16:52, Sys 0 00:01:17  -  Total Remote Usage
		Usr 0 00:00:00, Sys 0 00:00:00  -  Total Local Usage
	13137  -  Run Bytes Sent By Job
	1379  -  Run Bytes Received By Job
	13137  -  Total Bytes Sent By Job
	1379  -  Total Bytes Received By Job
	Partitionable Resources :    Usage  Request Allocated 
	   Cpus                 :     0.99        1         1 
	   Disk (KB)            :    43           2      3870 
	   GPUs                 :                           0 
	   Memory (MB)          :   783        3000      3000 
	   TimeExecute (s)      : 63242                       
	   TimeSlotBusy (s)     : 63244                       

	Job terminated of its own accord at 2026-03-16T04:34:02Z with exit-code 0.
...
