000 (7020619.200.000) 03/15 11:55:49 Job submitted from host: <188.185.125.71:9618?addrs=188.185.125.71-9618+[2001-1458-d00-4a--100-15e]-9618&alias=bigbird28.cern.ch&noUDP&sock=schedd_2603_051c>
...
040 (7020619.200.000) 03/15 12:00:23 Started transferring input files
	Transferring to host: <188.185.212.87:9618?addrs=188.185.212.87-9618+[2001-1458-303-18--100-53]-9618&alias=b9p25p4065.cern.ch&noUDP&sock=slot1_18_7777_5995_190978>
...
040 (7020619.200.000) 03/15 12:00:23 Finished transferring input files
...
001 (7020619.200.000) 03/15 12:00:24 Job executing on host: <188.185.212.87:9618?addrs=188.185.212.87-9618+[2001-1458-303-18--100-53]-9618&alias=b9p25p4065.cern.ch&noUDP&sock=startd_7048_eb95>
	SlotName: slot1_18@b9p25p4065.cern.ch
	CondorScratchDir = "/pool/condor/dir_2048725"
	Cpus = 1
	Disk = 3803
	GPUs = 0
	Memory = 3000
...
006 (7020619.200.000) 03/15 12:00:37 Image size of job updated: 876
	1  -  MemoryUsage of job (MB)
	876  -  ResidentSetSize of job (KB)
...
006 (7020619.200.000) 03/15 12:05:37 Image size of job updated: 489240
	478  -  MemoryUsage of job (MB)
	489240  -  ResidentSetSize of job (KB)
...
006 (7020619.200.000) 03/15 12:10:38 Image size of job updated: 506204
	495  -  MemoryUsage of job (MB)
	506204  -  ResidentSetSize of job (KB)
...
006 (7020619.200.000) 03/15 12:15:39 Image size of job updated: 528684
	517  -  MemoryUsage of job (MB)
	528684  -  ResidentSetSize of job (KB)
...
006 (7020619.200.000) 03/15 12:20:38 Image size of job updated: 568220
	555  -  MemoryUsage of job (MB)
	568220  -  ResidentSetSize of job (KB)
...
006 (7020619.200.000) 03/15 12:25:39 Image size of job updated: 569008
	556  -  MemoryUsage of job (MB)
	569008  -  ResidentSetSize of job (KB)
...
006 (7020619.200.000) 03/15 12:30:39 Image size of job updated: 570316
	557  -  MemoryUsage of job (MB)
	570316  -  ResidentSetSize of job (KB)
...
006 (7020619.200.000) 03/15 12:35:40 Image size of job updated: 579676
	567  -  MemoryUsage of job (MB)
	579676  -  ResidentSetSize of job (KB)
...
006 (7020619.200.000) 03/15 12:40:41 Image size of job updated: 579680
	567  -  MemoryUsage of job (MB)
	579680  -  ResidentSetSize of job (KB)
...
006 (7020619.200.000) 03/15 12:50:42 Image size of job updated: 579712
	567  -  MemoryUsage of job (MB)
	579712  -  ResidentSetSize of job (KB)
...
006 (7020619.200.000) 03/15 13:00:43 Image size of job updated: 579724
	567  -  MemoryUsage of job (MB)
	579724  -  ResidentSetSize of job (KB)
...
006 (7020619.200.000) 03/15 13:25:47 Image size of job updated: 579748
	567  -  MemoryUsage of job (MB)
	579748  -  ResidentSetSize of job (KB)
...
006 (7020619.200.000) 03/15 13:40:49 Image size of job updated: 594960
	571  -  MemoryUsage of job (MB)
	584416  -  ResidentSetSize of job (KB)
...
006 (7020619.200.000) 03/15 13:45:49 Image size of job updated: 594960
	577  -  MemoryUsage of job (MB)
	590596  -  ResidentSetSize of job (KB)
...
006 (7020619.200.000) 03/15 13:50:49 Image size of job updated: 594960
	577  -  MemoryUsage of job (MB)
	590724  -  ResidentSetSize of job (KB)
...
006 (7020619.200.000) 03/15 14:00:50 Image size of job updated: 594960
	577  -  MemoryUsage of job (MB)
	590764  -  ResidentSetSize of job (KB)
...
006 (7020619.200.000) 03/15 14:25:54 Image size of job updated: 594960
	577  -  MemoryUsage of job (MB)
	590788  -  ResidentSetSize of job (KB)
...
006 (7020619.200.000) 03/15 15:25:59 Image size of job updated: 594960
	577  -  MemoryUsage of job (MB)
	590828  -  ResidentSetSize of job (KB)
...
006 (7020619.200.000) 03/15 15:36:00 Image size of job updated: 754384
	737  -  MemoryUsage of job (MB)
	754384  -  ResidentSetSize of job (KB)
...
006 (7020619.200.000) 03/15 15:46:01 Image size of job updated: 755324
	738  -  MemoryUsage of job (MB)
	755324  -  ResidentSetSize of job (KB)
...
006 (7020619.200.000) 03/15 15:51:02 Image size of job updated: 757576
	740  -  MemoryUsage of job (MB)
	757576  -  ResidentSetSize of job (KB)
...
006 (7020619.200.000) 03/15 15:56:02 Image size of job updated: 758512
	741  -  MemoryUsage of job (MB)
	758512  -  ResidentSetSize of job (KB)
...
006 (7020619.200.000) 03/15 16:06:04 Image size of job updated: 758692
	741  -  MemoryUsage of job (MB)
	758692  -  ResidentSetSize of job (KB)
...
006 (7020619.200.000) 03/15 16:21:06 Image size of job updated: 761392
	744  -  MemoryUsage of job (MB)
	761392  -  ResidentSetSize of job (KB)
...
006 (7020619.200.000) 03/15 16:31:07 Image size of job updated: 774288
	746  -  MemoryUsage of job (MB)
	763252  -  ResidentSetSize of job (KB)
...
006 (7020619.200.000) 03/15 16:46:08 Image size of job updated: 774288
	750  -  MemoryUsage of job (MB)
	767544  -  ResidentSetSize of job (KB)
...
006 (7020619.200.000) 03/15 16:51:08 Image size of job updated: 774288
	754  -  MemoryUsage of job (MB)
	771116  -  ResidentSetSize of job (KB)
...
006 (7020619.200.000) 03/15 18:01:16 Image size of job updated: 774288
	754  -  MemoryUsage of job (MB)
	771128  -  ResidentSetSize of job (KB)
...
006 (7020619.200.000) 03/15 18:41:19 Image size of job updated: 774288
	755  -  MemoryUsage of job (MB)
	773104  -  ResidentSetSize of job (KB)
...
006 (7020619.200.000) 03/15 19:06:20 Image size of job updated: 774288
	755  -  MemoryUsage of job (MB)
	773108  -  ResidentSetSize of job (KB)
...
006 (7020619.200.000) 03/15 19:11:21 Image size of job updated: 774288
	756  -  MemoryUsage of job (MB)
	773124  -  ResidentSetSize of job (KB)
...
006 (7020619.200.000) 03/15 20:41:29 Image size of job updated: 774288
	756  -  MemoryUsage of job (MB)
	773128  -  ResidentSetSize of job (KB)
...
006 (7020619.200.000) 03/15 21:56:36 Image size of job updated: 775708
	758  -  MemoryUsage of job (MB)
	775708  -  ResidentSetSize of job (KB)
...
006 (7020619.200.000) 03/15 22:46:42 Image size of job updated: 776244
	759  -  MemoryUsage of job (MB)
	776244  -  ResidentSetSize of job (KB)
...
006 (7020619.200.000) 03/15 22:56:43 Image size of job updated: 776260
	759  -  MemoryUsage of job (MB)
	776260  -  ResidentSetSize of job (KB)
...
006 (7020619.200.000) 03/15 23:01:44 Image size of job updated: 777552
	760  -  MemoryUsage of job (MB)
	777552  -  ResidentSetSize of job (KB)
...
006 (7020619.200.000) 03/15 23:11:45 Image size of job updated: 777568
	760  -  MemoryUsage of job (MB)
	777568  -  ResidentSetSize of job (KB)
...
006 (7020619.200.000) 03/16 00:51:55 Image size of job updated: 779200
	761  -  MemoryUsage of job (MB)
	779200  -  ResidentSetSize of job (KB)
...
006 (7020619.200.000) 03/16 01:06:57 Image size of job updated: 780124
	762  -  MemoryUsage of job (MB)
	780124  -  ResidentSetSize of job (KB)
...
006 (7020619.200.000) 03/16 01:47:02 Image size of job updated: 792748
	764  -  MemoryUsage of job (MB)
	782152  -  ResidentSetSize of job (KB)
...
006 (7020619.200.000) 03/16 01:52:03 Image size of job updated: 792748
	772  -  MemoryUsage of job (MB)
	790016  -  ResidentSetSize of job (KB)
...
006 (7020619.200.000) 03/16 02:22:07 Image size of job updated: 792748
	772  -  MemoryUsage of job (MB)
	790020  -  ResidentSetSize of job (KB)
...
006 (7020619.200.000) 03/16 02:32:08 Image size of job updated: 792748
	773  -  MemoryUsage of job (MB)
	791312  -  ResidentSetSize of job (KB)
...
040 (7020619.200.000) 03/16 05:51:15 Started transferring output files
...
040 (7020619.200.000) 03/16 05:51:15 Finished transferring output files
...
005 (7020619.200.000) 03/16 05:51:15 Job terminated.
	(1) Normal termination (return value 0)
		Usr 0 17:34:48, Sys 0 00:01:53  -  Run Remote Usage
		Usr 0 00:00:00, Sys 0 00:00:00  -  Run Local Usage
		Usr 0 17:34:48, Sys 0 00:01:53  -  Total Remote Usage
		Usr 0 00:00:00, Sys 0 00:00:00  -  Total Local Usage
	12854  -  Run Bytes Sent By Job
	1379  -  Run Bytes Received By Job
	12854  -  Total Bytes Sent By Job
	1379  -  Total Bytes Received By Job
	Partitionable Resources :    Usage  Request Allocated 
	   Cpus                 :     0.98        1         1 
	   Disk (KB)            :    43           2      3803 
	   GPUs                 :                           0 
	   Memory (MB)          :   773        3000      3000 
	   TimeExecute (s)      : 64251                       
	   TimeSlotBusy (s)     : 64253                       

	Job terminated of its own accord at 2026-03-16T04:51:15Z with exit-code 0.
...
