000 (7020619.345.000) 03/15 11:55:49 Job submitted from host: <188.185.125.71:9618?addrs=188.185.125.71-9618+[2001-1458-d00-4a--100-15e]-9618&alias=bigbird28.cern.ch&noUDP&sock=schedd_2603_051c>
...
040 (7020619.345.000) 03/15 12:29:54 Started transferring input files
	Transferring to host: <188.185.207.32:9618?addrs=188.185.207.32-9618+[2001-1458-303-d--100-1d]-9618&alias=b9p07p7557.cern.ch&noUDP&sock=slot1_19_5244_9f4e_167968>
...
040 (7020619.345.000) 03/15 12:29:54 Finished transferring input files
...
001 (7020619.345.000) 03/15 12:29:55 Job executing on host: <188.185.207.32:9618?addrs=188.185.207.32-9618+[2001-1458-303-d--100-1d]-9618&alias=b9p07p7557.cern.ch&noUDP&sock=startd_4364_eb63>
	SlotName: slot1_19@b9p07p7557.cern.ch
	CondorScratchDir = "/pool/condor/dir_215470"
	Cpus = 1
	Disk = 3748
	GPUs = 0
	Memory = 3000
...
006 (7020619.345.000) 03/15 12:30:09 Image size of job updated: 876
	1  -  MemoryUsage of job (MB)
	876  -  ResidentSetSize of job (KB)
...
006 (7020619.345.000) 03/15 12:35:10 Image size of job updated: 197064
	193  -  MemoryUsage of job (MB)
	197064  -  ResidentSetSize of job (KB)
...
006 (7020619.345.000) 03/15 12:40:11 Image size of job updated: 678572
	663  -  MemoryUsage of job (MB)
	678572  -  ResidentSetSize of job (KB)
...
006 (7020619.345.000) 03/15 12:50:12 Image size of job updated: 723712
	707  -  MemoryUsage of job (MB)
	723712  -  ResidentSetSize of job (KB)
...
006 (7020619.345.000) 03/15 12:55:12 Image size of job updated: 723728
	707  -  MemoryUsage of job (MB)
	723728  -  ResidentSetSize of job (KB)
...
006 (7020619.345.000) 03/15 13:00:12 Image size of job updated: 739800
	723  -  MemoryUsage of job (MB)
	739800  -  ResidentSetSize of job (KB)
...
006 (7020619.345.000) 03/15 13:35:16 Image size of job updated: 739808
	723  -  MemoryUsage of job (MB)
	739808  -  ResidentSetSize of job (KB)
...
006 (7020619.345.000) 03/15 13:45:17 Image size of job updated: 739820
	723  -  MemoryUsage of job (MB)
	739820  -  ResidentSetSize of job (KB)
...
006 (7020619.345.000) 03/15 14:40:23 Image size of job updated: 739844
	723  -  MemoryUsage of job (MB)
	739844  -  ResidentSetSize of job (KB)
...
006 (7020619.345.000) 03/15 15:10:26 Image size of job updated: 739852
	723  -  MemoryUsage of job (MB)
	739852  -  ResidentSetSize of job (KB)
...
006 (7020619.345.000) 03/15 15:35:29 Image size of job updated: 739864
	723  -  MemoryUsage of job (MB)
	739864  -  ResidentSetSize of job (KB)
...
006 (7020619.345.000) 03/15 16:05:32 Image size of job updated: 742232
	725  -  MemoryUsage of job (MB)
	742232  -  ResidentSetSize of job (KB)
...
006 (7020619.345.000) 03/15 16:50:36 Image size of job updated: 744968
	728  -  MemoryUsage of job (MB)
	744968  -  ResidentSetSize of job (KB)
...
006 (7020619.345.000) 03/15 18:20:46 Image size of job updated: 744976
	728  -  MemoryUsage of job (MB)
	744976  -  ResidentSetSize of job (KB)
...
006 (7020619.345.000) 03/15 18:30:47 Image size of job updated: 744984
	728  -  MemoryUsage of job (MB)
	744984  -  ResidentSetSize of job (KB)
...
006 (7020619.345.000) 03/15 18:40:47 Image size of job updated: 745092
	728  -  MemoryUsage of job (MB)
	745092  -  ResidentSetSize of job (KB)
...
006 (7020619.345.000) 03/15 20:00:55 Image size of job updated: 745104
	728  -  MemoryUsage of job (MB)
	745104  -  ResidentSetSize of job (KB)
...
006 (7020619.345.000) 03/15 20:25:59 Image size of job updated: 745128
	728  -  MemoryUsage of job (MB)
	745128  -  ResidentSetSize of job (KB)
...
006 (7020619.345.000) 03/15 21:01:03 Image size of job updated: 745136
	728  -  MemoryUsage of job (MB)
	745136  -  ResidentSetSize of job (KB)
...
006 (7020619.345.000) 03/15 22:01:08 Image size of job updated: 746232
	728  -  MemoryUsage of job (MB)
	745136  -  ResidentSetSize of job (KB)
...
006 (7020619.345.000) 03/15 22:06:09 Image size of job updated: 749868
	728  -  MemoryUsage of job (MB)
	745136  -  ResidentSetSize of job (KB)
...
006 (7020619.345.000) 03/15 23:36:17 Image size of job updated: 749868
	732  -  MemoryUsage of job (MB)
	749448  -  ResidentSetSize of job (KB)
...
006 (7020619.345.000) 03/15 23:51:18 Image size of job updated: 749868
	732  -  MemoryUsage of job (MB)
	749468  -  ResidentSetSize of job (KB)
...
006 (7020619.345.000) 03/15 23:56:19 Image size of job updated: 749868
	732  -  MemoryUsage of job (MB)
	749472  -  ResidentSetSize of job (KB)
...
006 (7020619.345.000) 03/16 02:01:33 Image size of job updated: 749868
	732  -  MemoryUsage of job (MB)
	749476  -  ResidentSetSize of job (KB)
...
006 (7020619.345.000) 03/16 02:11:34 Image size of job updated: 750952
	734  -  MemoryUsage of job (MB)
	750952  -  ResidentSetSize of job (KB)
...
040 (7020619.345.000) 03/16 08:56:21 Started transferring output files
...
040 (7020619.345.000) 03/16 08:56:21 Finished transferring output files
...
005 (7020619.345.000) 03/16 08:56:21 Job terminated.
	(1) Normal termination (return value 0)
		Usr 0 20:02:47, Sys 0 00:02:06  -  Run Remote Usage
		Usr 0 00:00:00, Sys 0 00:00:00  -  Run Local Usage
		Usr 0 20:02:47, Sys 0 00:02:06  -  Total Remote Usage
		Usr 0 00:00:00, Sys 0 00:00:00  -  Total Local Usage
	13043  -  Run Bytes Sent By Job
	1379  -  Run Bytes Received By Job
	13043  -  Total Bytes Sent By Job
	1379  -  Total Bytes Received By Job
	Partitionable Resources :    Usage  Request Allocated 
	   Cpus                 :     0.99        1         1 
	   Disk (KB)            :    46           2      3748 
	   GPUs                 :                           0 
	   Memory (MB)          :   734        3000      3000 
	   TimeExecute (s)      : 73586                       
	   TimeSlotBusy (s)     : 73588                       

	Job terminated of its own accord at 2026-03-16T07:56:21Z with exit-code 0.
...
