000 (7020619.444.000) 03/15 11:55:49 Job submitted from host: <188.185.125.71:9618?addrs=188.185.125.71-9618+[2001-1458-d00-4a--100-15e]-9618&alias=bigbird28.cern.ch&noUDP&sock=schedd_2603_051c>
...
040 (7020619.444.000) 03/15 12:30:26 Started transferring input files
	Transferring to host: <188.185.212.18:9618?addrs=188.185.212.18-9618+[2001-1458-303-18--100-e]-9618&alias=b9p25p9728.cern.ch&noUDP&sock=slot1_33_7852_31b8_192814>
...
040 (7020619.444.000) 03/15 12:30:26 Finished transferring input files
...
001 (7020619.444.000) 03/15 12:30:27 Job executing on host: <188.185.212.18:9618?addrs=188.185.212.18-9618+[2001-1458-303-18--100-e]-9618&alias=b9p25p9728.cern.ch&noUDP&sock=startd_7196_6f99>
	SlotName: slot1_33@b9p25p9728.cern.ch
	CondorScratchDir = "/pool/condor/dir_4139911"
	Cpus = 1
	Disk = 3895
	GPUs = 0
	Memory = 3000
...
006 (7020619.444.000) 03/15 12:30:40 Image size of job updated: 876
	1  -  MemoryUsage of job (MB)
	876  -  ResidentSetSize of job (KB)
...
006 (7020619.444.000) 03/15 12:35:40 Image size of job updated: 512640
	501  -  MemoryUsage of job (MB)
	512640  -  ResidentSetSize of job (KB)
...
006 (7020619.444.000) 03/15 12:40:41 Image size of job updated: 521888
	510  -  MemoryUsage of job (MB)
	521888  -  ResidentSetSize of job (KB)
...
006 (7020619.444.000) 03/15 12:45:41 Image size of job updated: 524024
	512  -  MemoryUsage of job (MB)
	524024  -  ResidentSetSize of job (KB)
...
006 (7020619.444.000) 03/15 12:50:42 Image size of job updated: 524084
	512  -  MemoryUsage of job (MB)
	524084  -  ResidentSetSize of job (KB)
...
006 (7020619.444.000) 03/15 12:55:43 Image size of job updated: 524832
	513  -  MemoryUsage of job (MB)
	524832  -  ResidentSetSize of job (KB)
...
006 (7020619.444.000) 03/15 13:00:43 Image size of job updated: 524852
	513  -  MemoryUsage of job (MB)
	524852  -  ResidentSetSize of job (KB)
...
006 (7020619.444.000) 03/15 13:10:45 Image size of job updated: 524884
	513  -  MemoryUsage of job (MB)
	524884  -  ResidentSetSize of job (KB)
...
006 (7020619.444.000) 03/15 13:15:45 Image size of job updated: 524896
	513  -  MemoryUsage of job (MB)
	524896  -  ResidentSetSize of job (KB)
...
006 (7020619.444.000) 03/15 13:20:45 Image size of job updated: 524900
	513  -  MemoryUsage of job (MB)
	524900  -  ResidentSetSize of job (KB)
...
006 (7020619.444.000) 03/15 13:25:46 Image size of job updated: 525760
	514  -  MemoryUsage of job (MB)
	525760  -  ResidentSetSize of job (KB)
...
006 (7020619.444.000) 03/15 13:40:47 Image size of job updated: 525780
	514  -  MemoryUsage of job (MB)
	525780  -  ResidentSetSize of job (KB)
...
006 (7020619.444.000) 03/15 14:15:49 Image size of job updated: 565276
	553  -  MemoryUsage of job (MB)
	565276  -  ResidentSetSize of job (KB)
...
006 (7020619.444.000) 03/15 14:20:49 Image size of job updated: 566592
	554  -  MemoryUsage of job (MB)
	566592  -  ResidentSetSize of job (KB)
...
006 (7020619.444.000) 03/15 14:25:50 Image size of job updated: 571860
	559  -  MemoryUsage of job (MB)
	571860  -  ResidentSetSize of job (KB)
...
006 (7020619.444.000) 03/15 14:30:50 Image size of job updated: 583280
	570  -  MemoryUsage of job (MB)
	583280  -  ResidentSetSize of job (KB)
...
006 (7020619.444.000) 03/15 15:05:52 Image size of job updated: 583284
	570  -  MemoryUsage of job (MB)
	583284  -  ResidentSetSize of job (KB)
...
006 (7020619.444.000) 03/15 15:55:57 Image size of job updated: 750232
	733  -  MemoryUsage of job (MB)
	750232  -  ResidentSetSize of job (KB)
...
006 (7020619.444.000) 03/15 16:00:58 Image size of job updated: 760616
	743  -  MemoryUsage of job (MB)
	760616  -  ResidentSetSize of job (KB)
...
006 (7020619.444.000) 03/15 16:41:01 Image size of job updated: 760656
	743  -  MemoryUsage of job (MB)
	760656  -  ResidentSetSize of job (KB)
...
006 (7020619.444.000) 03/15 16:46:02 Image size of job updated: 760684
	743  -  MemoryUsage of job (MB)
	760684  -  ResidentSetSize of job (KB)
...
006 (7020619.444.000) 03/15 17:16:04 Image size of job updated: 760688
	743  -  MemoryUsage of job (MB)
	760688  -  ResidentSetSize of job (KB)
...
006 (7020619.444.000) 03/15 17:21:04 Image size of job updated: 760728
	743  -  MemoryUsage of job (MB)
	760728  -  ResidentSetSize of job (KB)
...
006 (7020619.444.000) 03/15 17:31:05 Image size of job updated: 760776
	743  -  MemoryUsage of job (MB)
	760776  -  ResidentSetSize of job (KB)
...
006 (7020619.444.000) 03/15 17:56:06 Image size of job updated: 762464
	745  -  MemoryUsage of job (MB)
	762464  -  ResidentSetSize of job (KB)
...
006 (7020619.444.000) 03/15 18:01:07 Image size of job updated: 762520
	745  -  MemoryUsage of job (MB)
	762520  -  ResidentSetSize of job (KB)
...
006 (7020619.444.000) 03/15 18:31:11 Image size of job updated: 762576
	745  -  MemoryUsage of job (MB)
	762576  -  ResidentSetSize of job (KB)
...
006 (7020619.444.000) 03/15 19:11:14 Image size of job updated: 765824
	748  -  MemoryUsage of job (MB)
	765824  -  ResidentSetSize of job (KB)
...
006 (7020619.444.000) 03/15 19:16:14 Image size of job updated: 765912
	748  -  MemoryUsage of job (MB)
	765912  -  ResidentSetSize of job (KB)
...
006 (7020619.444.000) 03/15 19:21:14 Image size of job updated: 765920
	748  -  MemoryUsage of job (MB)
	765920  -  ResidentSetSize of job (KB)
...
006 (7020619.444.000) 03/15 19:36:15 Image size of job updated: 767072
	750  -  MemoryUsage of job (MB)
	767072  -  ResidentSetSize of job (KB)
...
006 (7020619.444.000) 03/15 19:41:16 Image size of job updated: 767128
	750  -  MemoryUsage of job (MB)
	767128  -  ResidentSetSize of job (KB)
...
006 (7020619.444.000) 03/15 19:56:17 Image size of job updated: 767208
	750  -  MemoryUsage of job (MB)
	767208  -  ResidentSetSize of job (KB)
...
006 (7020619.444.000) 03/15 20:01:18 Image size of job updated: 767252
	750  -  MemoryUsage of job (MB)
	767252  -  ResidentSetSize of job (KB)
...
006 (7020619.444.000) 03/15 20:16:20 Image size of job updated: 767588
	750  -  MemoryUsage of job (MB)
	767588  -  ResidentSetSize of job (KB)
...
006 (7020619.444.000) 03/15 20:21:20 Image size of job updated: 771568
	754  -  MemoryUsage of job (MB)
	771568  -  ResidentSetSize of job (KB)
...
006 (7020619.444.000) 03/15 20:26:21 Image size of job updated: 775580
	758  -  MemoryUsage of job (MB)
	775580  -  ResidentSetSize of job (KB)
...
006 (7020619.444.000) 03/15 21:01:24 Image size of job updated: 775612
	758  -  MemoryUsage of job (MB)
	775612  -  ResidentSetSize of job (KB)
...
006 (7020619.444.000) 03/15 22:16:30 Image size of job updated: 775696
	758  -  MemoryUsage of job (MB)
	775696  -  ResidentSetSize of job (KB)
...
006 (7020619.444.000) 03/15 22:56:36 Image size of job updated: 775708
	758  -  MemoryUsage of job (MB)
	775708  -  ResidentSetSize of job (KB)
...
006 (7020619.444.000) 03/15 23:11:38 Image size of job updated: 775776
	758  -  MemoryUsage of job (MB)
	775776  -  ResidentSetSize of job (KB)
...
006 (7020619.444.000) 03/15 23:26:40 Image size of job updated: 775848
	758  -  MemoryUsage of job (MB)
	775848  -  ResidentSetSize of job (KB)
...
006 (7020619.444.000) 03/15 23:46:42 Image size of job updated: 775888
	758  -  MemoryUsage of job (MB)
	775888  -  ResidentSetSize of job (KB)
...
006 (7020619.444.000) 03/16 01:01:49 Image size of job updated: 779720
	762  -  MemoryUsage of job (MB)
	779720  -  ResidentSetSize of job (KB)
...
006 (7020619.444.000) 03/16 01:41:54 Image size of job updated: 779752
	762  -  MemoryUsage of job (MB)
	779752  -  ResidentSetSize of job (KB)
...
006 (7020619.444.000) 03/16 02:16:58 Image size of job updated: 779756
	762  -  MemoryUsage of job (MB)
	779756  -  ResidentSetSize of job (KB)
...
006 (7020619.444.000) 03/16 02:21:58 Image size of job updated: 779820
	762  -  MemoryUsage of job (MB)
	779820  -  ResidentSetSize of job (KB)
...
006 (7020619.444.000) 03/16 04:27:10 Image size of job updated: 779852
	762  -  MemoryUsage of job (MB)
	779852  -  ResidentSetSize of job (KB)
...
006 (7020619.444.000) 03/16 05:37:19 Image size of job updated: 779896
	762  -  MemoryUsage of job (MB)
	779896  -  ResidentSetSize of job (KB)
...
006 (7020619.444.000) 03/16 05:57:21 Image size of job updated: 779960
	762  -  MemoryUsage of job (MB)
	779960  -  ResidentSetSize of job (KB)
...
006 (7020619.444.000) 03/16 06:02:21 Image size of job updated: 786808
	762  -  MemoryUsage of job (MB)
	779960  -  ResidentSetSize of job (KB)
...
040 (7020619.444.000) 03/16 06:57:22 Started transferring output files
...
040 (7020619.444.000) 03/16 06:57:22 Finished transferring output files
...
005 (7020619.444.000) 03/16 06:57:22 Job terminated.
	(1) Normal termination (return value 0)
		Usr 0 18:11:22, Sys 0 00:01:16  -  Run Remote Usage
		Usr 0 00:00:00, Sys 0 00:00:00  -  Run Local Usage
		Usr 0 18:11:22, Sys 0 00:01:16  -  Total Remote Usage
		Usr 0 00:00:00, Sys 0 00:00:00  -  Total Local Usage
	12994  -  Run Bytes Sent By Job
	1379  -  Run Bytes Received By Job
	12994  -  Total Bytes Sent By Job
	1379  -  Total Bytes Received By Job
	Partitionable Resources :    Usage  Request Allocated 
	   Cpus                 :     1.00        1         1 
	   Disk (KB)            :    43           2      3895 
	   GPUs                 :                           0 
	   Memory (MB)          :   762        3000      3000 
	   TimeExecute (s)      : 66415                       
	   TimeSlotBusy (s)     : 66417                       

	Job terminated of its own accord at 2026-03-16T05:57:22Z with exit-code 0.
...
