000 (7020619.155.000) 03/15 11:55:49 Job submitted from host: <188.185.125.71:9618?addrs=188.185.125.71-9618+[2001-1458-d00-4a--100-15e]-9618&alias=bigbird28.cern.ch&noUDP&sock=schedd_2603_051c>
...
040 (7020619.155.000) 03/15 11:59:58 Started transferring input files
	Transferring to host: <188.185.211.16:9618?addrs=188.185.211.16-9618+[2001-1458-303-16--100-c]-9618&alias=b9p23p6347.cern.ch&noUDP&sock=slot1_33_1451527_d52b_1827>
...
040 (7020619.155.000) 03/15 11:59:58 Finished transferring input files
...
001 (7020619.155.000) 03/15 11:59:59 Job executing on host: <188.185.211.16:9618?addrs=188.185.211.16-9618+[2001-1458-303-16--100-c]-9618&alias=b9p23p6347.cern.ch&noUDP&sock=startd_1451487_ee53>
	SlotName: slot1_33@b9p23p6347.cern.ch
	CondorScratchDir = "/pool/condor/dir_3017812"
	Cpus = 1
	Disk = 3764
	GPUs = 0
	Memory = 3000
...
006 (7020619.155.000) 03/15 12:00:12 Image size of job updated: 880
	1  -  MemoryUsage of job (MB)
	880  -  ResidentSetSize of job (KB)
...
006 (7020619.155.000) 03/15 12:05:12 Image size of job updated: 681508
	666  -  MemoryUsage of job (MB)
	681508  -  ResidentSetSize of job (KB)
...
006 (7020619.155.000) 03/15 12:10:13 Image size of job updated: 681520
	666  -  MemoryUsage of job (MB)
	681520  -  ResidentSetSize of job (KB)
...
006 (7020619.155.000) 03/15 12:15:20 Image size of job updated: 681528
	666  -  MemoryUsage of job (MB)
	681528  -  ResidentSetSize of job (KB)
...
006 (7020619.155.000) 03/15 12:25:13 Image size of job updated: 732940
	716  -  MemoryUsage of job (MB)
	732940  -  ResidentSetSize of job (KB)
...
006 (7020619.155.000) 03/15 12:30:14 Image size of job updated: 732944
	716  -  MemoryUsage of job (MB)
	732944  -  ResidentSetSize of job (KB)
...
006 (7020619.155.000) 03/15 12:35:15 Image size of job updated: 734100
	717  -  MemoryUsage of job (MB)
	734100  -  ResidentSetSize of job (KB)
...
006 (7020619.155.000) 03/15 12:45:16 Image size of job updated: 737056
	720  -  MemoryUsage of job (MB)
	737056  -  ResidentSetSize of job (KB)
...
006 (7020619.155.000) 03/15 13:05:19 Image size of job updated: 737060
	720  -  MemoryUsage of job (MB)
	737060  -  ResidentSetSize of job (KB)
...
006 (7020619.155.000) 03/15 13:15:19 Image size of job updated: 737868
	721  -  MemoryUsage of job (MB)
	737868  -  ResidentSetSize of job (KB)
...
006 (7020619.155.000) 03/15 13:55:24 Image size of job updated: 737880
	721  -  MemoryUsage of job (MB)
	737880  -  ResidentSetSize of job (KB)
...
006 (7020619.155.000) 03/15 14:30:28 Image size of job updated: 737892
	721  -  MemoryUsage of job (MB)
	737892  -  ResidentSetSize of job (KB)
...
006 (7020619.155.000) 03/15 14:35:29 Image size of job updated: 744832
	728  -  MemoryUsage of job (MB)
	744832  -  ResidentSetSize of job (KB)
...
006 (7020619.155.000) 03/15 14:40:30 Image size of job updated: 744844
	728  -  MemoryUsage of job (MB)
	744844  -  ResidentSetSize of job (KB)
...
006 (7020619.155.000) 03/15 14:50:31 Image size of job updated: 744852
	728  -  MemoryUsage of job (MB)
	744852  -  ResidentSetSize of job (KB)
...
006 (7020619.155.000) 03/15 15:30:36 Image size of job updated: 758504
	741  -  MemoryUsage of job (MB)
	758504  -  ResidentSetSize of job (KB)
...
006 (7020619.155.000) 03/15 15:35:37 Image size of job updated: 759332
	742  -  MemoryUsage of job (MB)
	759332  -  ResidentSetSize of job (KB)
...
006 (7020619.155.000) 03/15 15:45:38 Image size of job updated: 759340
	742  -  MemoryUsage of job (MB)
	759340  -  ResidentSetSize of job (KB)
...
006 (7020619.155.000) 03/15 16:00:40 Image size of job updated: 759344
	742  -  MemoryUsage of job (MB)
	759344  -  ResidentSetSize of job (KB)
...
006 (7020619.155.000) 03/15 16:10:42 Image size of job updated: 759360
	742  -  MemoryUsage of job (MB)
	759360  -  ResidentSetSize of job (KB)
...
006 (7020619.155.000) 03/15 16:30:43 Image size of job updated: 759364
	742  -  MemoryUsage of job (MB)
	759364  -  ResidentSetSize of job (KB)
...
006 (7020619.155.000) 03/15 16:35:43 Image size of job updated: 759420
	742  -  MemoryUsage of job (MB)
	759420  -  ResidentSetSize of job (KB)
...
006 (7020619.155.000) 03/15 17:55:52 Image size of job updated: 759428
	742  -  MemoryUsage of job (MB)
	759428  -  ResidentSetSize of job (KB)
...
006 (7020619.155.000) 03/15 18:15:55 Image size of job updated: 762432
	745  -  MemoryUsage of job (MB)
	762432  -  ResidentSetSize of job (KB)
...
006 (7020619.155.000) 03/15 18:25:56 Image size of job updated: 762440
	745  -  MemoryUsage of job (MB)
	762440  -  ResidentSetSize of job (KB)
...
006 (7020619.155.000) 03/15 18:45:58 Image size of job updated: 762448
	745  -  MemoryUsage of job (MB)
	762448  -  ResidentSetSize of job (KB)
...
006 (7020619.155.000) 03/15 18:55:58 Image size of job updated: 762552
	745  -  MemoryUsage of job (MB)
	762552  -  ResidentSetSize of job (KB)
...
006 (7020619.155.000) 03/15 19:00:59 Image size of job updated: 762576
	745  -  MemoryUsage of job (MB)
	762576  -  ResidentSetSize of job (KB)
...
006 (7020619.155.000) 03/15 19:05:59 Image size of job updated: 762584
	745  -  MemoryUsage of job (MB)
	762584  -  ResidentSetSize of job (KB)
...
006 (7020619.155.000) 03/15 19:10:59 Image size of job updated: 762724
	745  -  MemoryUsage of job (MB)
	762724  -  ResidentSetSize of job (KB)
...
006 (7020619.155.000) 03/15 19:31:01 Image size of job updated: 762732
	745  -  MemoryUsage of job (MB)
	762732  -  ResidentSetSize of job (KB)
...
006 (7020619.155.000) 03/15 19:51:02 Image size of job updated: 762760
	745  -  MemoryUsage of job (MB)
	762760  -  ResidentSetSize of job (KB)
...
006 (7020619.155.000) 03/15 20:36:07 Image size of job updated: 762768
	745  -  MemoryUsage of job (MB)
	762768  -  ResidentSetSize of job (KB)
...
006 (7020619.155.000) 03/15 21:01:10 Image size of job updated: 762772
	745  -  MemoryUsage of job (MB)
	762772  -  ResidentSetSize of job (KB)
...
006 (7020619.155.000) 03/15 21:06:10 Image size of job updated: 762784
	745  -  MemoryUsage of job (MB)
	762784  -  ResidentSetSize of job (KB)
...
006 (7020619.155.000) 03/15 21:56:15 Image size of job updated: 762792
	745  -  MemoryUsage of job (MB)
	762792  -  ResidentSetSize of job (KB)
...
006 (7020619.155.000) 03/15 22:36:18 Image size of job updated: 762796
	745  -  MemoryUsage of job (MB)
	762796  -  ResidentSetSize of job (KB)
...
006 (7020619.155.000) 03/15 23:01:19 Image size of job updated: 762812
	745  -  MemoryUsage of job (MB)
	762812  -  ResidentSetSize of job (KB)
...
006 (7020619.155.000) 03/15 23:36:23 Image size of job updated: 765188
	748  -  MemoryUsage of job (MB)
	765188  -  ResidentSetSize of job (KB)
...
006 (7020619.155.000) 03/16 00:06:26 Image size of job updated: 765196
	748  -  MemoryUsage of job (MB)
	765196  -  ResidentSetSize of job (KB)
...
006 (7020619.155.000) 03/16 00:46:29 Image size of job updated: 773504
	748  -  MemoryUsage of job (MB)
	765196  -  ResidentSetSize of job (KB)
...
006 (7020619.155.000) 03/16 00:51:30 Image size of job updated: 773504
	753  -  MemoryUsage of job (MB)
	770188  -  ResidentSetSize of job (KB)
...
006 (7020619.155.000) 03/16 01:01:31 Image size of job updated: 773504
	753  -  MemoryUsage of job (MB)
	770200  -  ResidentSetSize of job (KB)
...
006 (7020619.155.000) 03/16 01:06:32 Image size of job updated: 773504
	753  -  MemoryUsage of job (MB)
	770340  -  ResidentSetSize of job (KB)
...
006 (7020619.155.000) 03/16 01:11:33 Image size of job updated: 773504
	753  -  MemoryUsage of job (MB)
	770344  -  ResidentSetSize of job (KB)
...
040 (7020619.155.000) 03/16 03:56:12 Started transferring output files
...
040 (7020619.155.000) 03/16 03:56:12 Finished transferring output files
...
005 (7020619.155.000) 03/16 03:56:12 Job terminated.
	(1) Normal termination (return value 0)
		Usr 0 15:46:26, Sys 0 00:00:37  -  Run Remote Usage
		Usr 0 00:00:00, Sys 0 00:00:00  -  Run Local Usage
		Usr 0 15:46:26, Sys 0 00:00:37  -  Total Remote Usage
		Usr 0 00:00:00, Sys 0 00:00:00  -  Total Local Usage
	7239  -  Run Bytes Sent By Job
	1379  -  Run Bytes Received By Job
	7239  -  Total Bytes Sent By Job
	1379  -  Total Bytes Received By Job
	Partitionable Resources :    Usage  Request Allocated 
	   Cpus                 :     0.99        1         1 
	   Disk (KB)            :    48           2      3764 
	   GPUs                 :                           0 
	   Memory (MB)          :   753        3000      3000 
	   TimeExecute (s)      : 57373                       
	   TimeSlotBusy (s)     : 57374                       

	Job terminated of its own accord at 2026-03-16T02:56:12Z with exit-code 0.
...
