000 (7020619.334.000) 03/15 11:55:49 Job submitted from host: <188.185.125.71:9618?addrs=188.185.125.71-9618+[2001-1458-d00-4a--100-15e]-9618&alias=bigbird28.cern.ch&noUDP&sock=schedd_2603_051c>
...
040 (7020619.334.000) 03/15 12:29:49 Started transferring input files
	Transferring to host: <188.185.209.135:9618?addrs=188.185.209.135-9618+[2001-1458-303-12--100-4]-9618&alias=b9p12p1465.cern.ch&noUDP&sock=slot1_29_683063_6d1a_50228>
...
001 (7020619.334.000) 03/15 12:29:50 Job executing on host: <188.185.209.135:9618?addrs=188.185.209.135-9618+[2001-1458-303-12--100-4]-9618&alias=b9p12p1465.cern.ch&noUDP&sock=startd_8141_a099>
	SlotName: slot1_29@b9p12p1465.cern.ch
	CondorScratchDir = "/pool/condor/dir_2198952"
	Cpus = 1
	Disk = 3613
	GPUs = 0
	Memory = 3000
...
040 (7020619.334.000) 03/15 12:29:50 Finished transferring input files
...
006 (7020619.334.000) 03/15 12:30:04 Image size of job updated: 876
	1  -  MemoryUsage of job (MB)
	876  -  ResidentSetSize of job (KB)
...
006 (7020619.334.000) 03/15 12:35:05 Image size of job updated: 620360
	606  -  MemoryUsage of job (MB)
	620360  -  ResidentSetSize of job (KB)
...
006 (7020619.334.000) 03/15 12:40:05 Image size of job updated: 649104
	610  -  MemoryUsage of job (MB)
	624108  -  ResidentSetSize of job (KB)
...
006 (7020619.334.000) 03/15 12:45:05 Image size of job updated: 649104
	610  -  MemoryUsage of job (MB)
	624116  -  ResidentSetSize of job (KB)
...
006 (7020619.334.000) 03/15 12:50:06 Image size of job updated: 649104
	612  -  MemoryUsage of job (MB)
	625900  -  ResidentSetSize of job (KB)
...
006 (7020619.334.000) 03/15 12:55:06 Image size of job updated: 657428
	643  -  MemoryUsage of job (MB)
	657428  -  ResidentSetSize of job (KB)
...
006 (7020619.334.000) 03/15 13:10:07 Image size of job updated: 662392
	647  -  MemoryUsage of job (MB)
	662392  -  ResidentSetSize of job (KB)
...
006 (7020619.334.000) 03/15 13:15:08 Image size of job updated: 675232
	660  -  MemoryUsage of job (MB)
	675232  -  ResidentSetSize of job (KB)
...
006 (7020619.334.000) 03/15 13:20:09 Image size of job updated: 715076
	699  -  MemoryUsage of job (MB)
	715076  -  ResidentSetSize of job (KB)
...
006 (7020619.334.000) 03/15 13:25:09 Image size of job updated: 715424
	699  -  MemoryUsage of job (MB)
	715424  -  ResidentSetSize of job (KB)
...
006 (7020619.334.000) 03/15 13:30:10 Image size of job updated: 718984
	703  -  MemoryUsage of job (MB)
	718984  -  ResidentSetSize of job (KB)
...
006 (7020619.334.000) 03/15 13:35:10 Image size of job updated: 726668
	710  -  MemoryUsage of job (MB)
	726668  -  ResidentSetSize of job (KB)
...
006 (7020619.334.000) 03/15 14:15:14 Image size of job updated: 727008
	710  -  MemoryUsage of job (MB)
	727008  -  ResidentSetSize of job (KB)
...
006 (7020619.334.000) 03/15 14:20:14 Image size of job updated: 735800
	719  -  MemoryUsage of job (MB)
	735800  -  ResidentSetSize of job (KB)
...
006 (7020619.334.000) 03/15 14:25:15 Image size of job updated: 739220
	722  -  MemoryUsage of job (MB)
	739220  -  ResidentSetSize of job (KB)
...
006 (7020619.334.000) 03/15 15:05:19 Image size of job updated: 739268
	722  -  MemoryUsage of job (MB)
	739268  -  ResidentSetSize of job (KB)
...
006 (7020619.334.000) 03/15 15:10:19 Image size of job updated: 739276
	722  -  MemoryUsage of job (MB)
	739276  -  ResidentSetSize of job (KB)
...
006 (7020619.334.000) 03/15 16:20:25 Image size of job updated: 739304
	722  -  MemoryUsage of job (MB)
	739304  -  ResidentSetSize of job (KB)
...
006 (7020619.334.000) 03/15 16:50:28 Image size of job updated: 739352
	723  -  MemoryUsage of job (MB)
	739352  -  ResidentSetSize of job (KB)
...
006 (7020619.334.000) 03/15 17:10:30 Image size of job updated: 739376
	723  -  MemoryUsage of job (MB)
	739376  -  ResidentSetSize of job (KB)
...
006 (7020619.334.000) 03/15 17:25:32 Image size of job updated: 739428
	723  -  MemoryUsage of job (MB)
	739428  -  ResidentSetSize of job (KB)
...
006 (7020619.334.000) 03/15 17:55:35 Image size of job updated: 739500
	723  -  MemoryUsage of job (MB)
	739500  -  ResidentSetSize of job (KB)
...
006 (7020619.334.000) 03/15 19:15:43 Image size of job updated: 739668
	723  -  MemoryUsage of job (MB)
	739668  -  ResidentSetSize of job (KB)
...
006 (7020619.334.000) 03/15 20:00:48 Image size of job updated: 739672
	723  -  MemoryUsage of job (MB)
	739672  -  ResidentSetSize of job (KB)
...
006 (7020619.334.000) 03/15 20:10:49 Image size of job updated: 739732
	723  -  MemoryUsage of job (MB)
	739732  -  ResidentSetSize of job (KB)
...
006 (7020619.334.000) 03/15 20:55:54 Image size of job updated: 739772
	723  -  MemoryUsage of job (MB)
	739772  -  ResidentSetSize of job (KB)
...
006 (7020619.334.000) 03/15 21:10:56 Image size of job updated: 739800
	723  -  MemoryUsage of job (MB)
	739800  -  ResidentSetSize of job (KB)
...
006 (7020619.334.000) 03/15 22:21:03 Image size of job updated: 739820
	723  -  MemoryUsage of job (MB)
	739820  -  ResidentSetSize of job (KB)
...
006 (7020619.334.000) 03/15 22:31:04 Image size of job updated: 739904
	723  -  MemoryUsage of job (MB)
	739904  -  ResidentSetSize of job (KB)
...
006 (7020619.334.000) 03/15 22:36:04 Image size of job updated: 739948
	723  -  MemoryUsage of job (MB)
	739948  -  ResidentSetSize of job (KB)
...
006 (7020619.334.000) 03/15 23:31:10 Image size of job updated: 739988
	723  -  MemoryUsage of job (MB)
	739988  -  ResidentSetSize of job (KB)
...
006 (7020619.334.000) 03/15 23:41:12 Image size of job updated: 740024
	723  -  MemoryUsage of job (MB)
	740024  -  ResidentSetSize of job (KB)
...
006 (7020619.334.000) 03/15 23:56:13 Image size of job updated: 740028
	723  -  MemoryUsage of job (MB)
	740028  -  ResidentSetSize of job (KB)
...
006 (7020619.334.000) 03/16 00:21:16 Image size of job updated: 740048
	723  -  MemoryUsage of job (MB)
	740048  -  ResidentSetSize of job (KB)
...
006 (7020619.334.000) 03/16 01:01:19 Image size of job updated: 740084
	723  -  MemoryUsage of job (MB)
	740084  -  ResidentSetSize of job (KB)
...
006 (7020619.334.000) 03/16 01:06:19 Image size of job updated: 740100
	723  -  MemoryUsage of job (MB)
	740100  -  ResidentSetSize of job (KB)
...
006 (7020619.334.000) 03/16 02:56:31 Image size of job updated: 740444
	724  -  MemoryUsage of job (MB)
	740444  -  ResidentSetSize of job (KB)
...
006 (7020619.334.000) 03/16 03:01:32 Image size of job updated: 761316
	744  -  MemoryUsage of job (MB)
	761316  -  ResidentSetSize of job (KB)
...
006 (7020619.334.000) 03/16 03:06:32 Image size of job updated: 761524
	744  -  MemoryUsage of job (MB)
	761524  -  ResidentSetSize of job (KB)
...
006 (7020619.334.000) 03/16 04:51:42 Image size of job updated: 761584
	744  -  MemoryUsage of job (MB)
	761584  -  ResidentSetSize of job (KB)
...
006 (7020619.334.000) 03/16 05:01:43 Image size of job updated: 761636
	744  -  MemoryUsage of job (MB)
	761636  -  ResidentSetSize of job (KB)
...
006 (7020619.334.000) 03/16 06:11:50 Image size of job updated: 761716
	744  -  MemoryUsage of job (MB)
	761716  -  ResidentSetSize of job (KB)
...
006 (7020619.334.000) 03/16 06:16:50 Image size of job updated: 765316
	744  -  MemoryUsage of job (MB)
	761716  -  ResidentSetSize of job (KB)
...
006 (7020619.334.000) 03/16 06:21:50 Image size of job updated: 765316
	746  -  MemoryUsage of job (MB)
	763236  -  ResidentSetSize of job (KB)
...
006 (7020619.334.000) 03/16 06:26:51 Image size of job updated: 765316
	746  -  MemoryUsage of job (MB)
	763360  -  ResidentSetSize of job (KB)
...
006 (7020619.334.000) 03/16 07:16:55 Image size of job updated: 765316
	746  -  MemoryUsage of job (MB)
	763380  -  ResidentSetSize of job (KB)
...
006 (7020619.334.000) 03/16 07:41:58 Image size of job updated: 765316
	746  -  MemoryUsage of job (MB)
	763456  -  ResidentSetSize of job (KB)
...
006 (7020619.334.000) 03/16 08:12:00 Image size of job updated: 765316
	746  -  MemoryUsage of job (MB)
	763512  -  ResidentSetSize of job (KB)
...
006 (7020619.334.000) 03/16 09:07:04 Image size of job updated: 765316
	746  -  MemoryUsage of job (MB)
	763560  -  ResidentSetSize of job (KB)
...
006 (7020619.334.000) 03/16 09:22:04 Image size of job updated: 765316
	746  -  MemoryUsage of job (MB)
	763672  -  ResidentSetSize of job (KB)
...
040 (7020619.334.000) 03/16 09:51:17 Started transferring output files
...
040 (7020619.334.000) 03/16 09:51:17 Finished transferring output files
...
005 (7020619.334.000) 03/16 09:51:17 Job terminated.
	(1) Normal termination (return value 0)
		Usr 0 20:56:42, Sys 0 00:01:33  -  Run Remote Usage
		Usr 0 00:00:00, Sys 0 00:00:00  -  Run Local Usage
		Usr 0 20:56:42, Sys 0 00:01:33  -  Total Remote Usage
		Usr 0 00:00:00, Sys 0 00:00:00  -  Total Local Usage
	13183  -  Run Bytes Sent By Job
	1379  -  Run Bytes Received By Job
	13183  -  Total Bytes Sent By Job
	1379  -  Total Bytes Received By Job
	Partitionable Resources :    Usage  Request Allocated 
	   Cpus                 :     0.99        1         1 
	   Disk (KB)            :    47           2      3613 
	   GPUs                 :                           0 
	   Memory (MB)          :   746        3000      3000 
	   TimeExecute (s)      : 76887                       
	   TimeSlotBusy (s)     : 76889                       

	Job terminated of its own accord at 2026-03-16T08:51:17Z with exit-code 0.
...
