000 (7020619.259.000) 03/15 11:55:49 Job submitted from host: <188.185.125.71:9618?addrs=188.185.125.71-9618+[2001-1458-d00-4a--100-15e]-9618&alias=bigbird28.cern.ch&noUDP&sock=schedd_2603_051c>
...
040 (7020619.259.000) 03/15 12:29:24 Started transferring input files
	Transferring to host: <188.185.210.165:9618?addrs=188.185.210.165-9618+[2001-1458-303-15--100-21]-9618&alias=b9p22p6122.cern.ch&noUDP&sock=slot1_52_6357_d4dc_190464>
...
040 (7020619.259.000) 03/15 12:29:24 Finished transferring input files
...
001 (7020619.259.000) 03/15 12:29:25 Job executing on host: <188.185.210.165:9618?addrs=188.185.210.165-9618+[2001-1458-303-15--100-21]-9618&alias=b9p22p6122.cern.ch&noUDP&sock=startd_5553_797f>
	SlotName: slot1_52@b9p22p6122.cern.ch
	CondorScratchDir = "/pool/condor/dir_3740786"
	Cpus = 1
	Disk = 3793
	GPUs = 0
	Memory = 3000
...
006 (7020619.259.000) 03/15 12:29:38 Image size of job updated: 872
	1  -  MemoryUsage of job (MB)
	872  -  ResidentSetSize of job (KB)
...
006 (7020619.259.000) 03/15 12:34:38 Image size of job updated: 660168
	645  -  MemoryUsage of job (MB)
	660168  -  ResidentSetSize of job (KB)
...
006 (7020619.259.000) 03/15 12:39:39 Image size of job updated: 660264
	645  -  MemoryUsage of job (MB)
	660264  -  ResidentSetSize of job (KB)
...
006 (7020619.259.000) 03/15 12:44:39 Image size of job updated: 663032
	648  -  MemoryUsage of job (MB)
	663032  -  ResidentSetSize of job (KB)
...
006 (7020619.259.000) 03/15 12:49:39 Image size of job updated: 669236
	654  -  MemoryUsage of job (MB)
	669236  -  ResidentSetSize of job (KB)
...
006 (7020619.259.000) 03/15 12:54:40 Image size of job updated: 716152
	700  -  MemoryUsage of job (MB)
	716152  -  ResidentSetSize of job (KB)
...
006 (7020619.259.000) 03/15 12:59:40 Image size of job updated: 721996
	706  -  MemoryUsage of job (MB)
	721996  -  ResidentSetSize of job (KB)
...
006 (7020619.259.000) 03/15 13:04:41 Image size of job updated: 722064
	706  -  MemoryUsage of job (MB)
	722064  -  ResidentSetSize of job (KB)
...
006 (7020619.259.000) 03/15 14:04:48 Image size of job updated: 722092
	706  -  MemoryUsage of job (MB)
	722092  -  ResidentSetSize of job (KB)
...
006 (7020619.259.000) 03/15 14:09:49 Image size of job updated: 724508
	708  -  MemoryUsage of job (MB)
	724508  -  ResidentSetSize of job (KB)
...
006 (7020619.259.000) 03/15 14:29:50 Image size of job updated: 724532
	708  -  MemoryUsage of job (MB)
	724532  -  ResidentSetSize of job (KB)
...
006 (7020619.259.000) 03/15 14:44:51 Image size of job updated: 724656
	708  -  MemoryUsage of job (MB)
	724656  -  ResidentSetSize of job (KB)
...
006 (7020619.259.000) 03/15 15:19:53 Image size of job updated: 727252
	711  -  MemoryUsage of job (MB)
	727252  -  ResidentSetSize of job (KB)
...
006 (7020619.259.000) 03/15 15:34:55 Image size of job updated: 727272
	711  -  MemoryUsage of job (MB)
	727272  -  ResidentSetSize of job (KB)
...
006 (7020619.259.000) 03/15 15:39:56 Image size of job updated: 727296
	711  -  MemoryUsage of job (MB)
	727296  -  ResidentSetSize of job (KB)
...
006 (7020619.259.000) 03/15 15:49:57 Image size of job updated: 729312
	713  -  MemoryUsage of job (MB)
	729312  -  ResidentSetSize of job (KB)
...
006 (7020619.259.000) 03/15 16:55:05 Image size of job updated: 729356
	713  -  MemoryUsage of job (MB)
	729356  -  ResidentSetSize of job (KB)
...
006 (7020619.259.000) 03/15 17:40:09 Image size of job updated: 729372
	713  -  MemoryUsage of job (MB)
	729372  -  ResidentSetSize of job (KB)
...
006 (7020619.259.000) 03/15 17:45:09 Image size of job updated: 729376
	713  -  MemoryUsage of job (MB)
	729376  -  ResidentSetSize of job (KB)
...
006 (7020619.259.000) 03/15 19:00:16 Image size of job updated: 729924
	713  -  MemoryUsage of job (MB)
	729924  -  ResidentSetSize of job (KB)
...
006 (7020619.259.000) 03/15 19:05:17 Image size of job updated: 741084
	724  -  MemoryUsage of job (MB)
	741084  -  ResidentSetSize of job (KB)
...
006 (7020619.259.000) 03/15 19:10:17 Image size of job updated: 741160
	724  -  MemoryUsage of job (MB)
	741160  -  ResidentSetSize of job (KB)
...
006 (7020619.259.000) 03/15 20:25:23 Image size of job updated: 742424
	726  -  MemoryUsage of job (MB)
	742424  -  ResidentSetSize of job (KB)
...
006 (7020619.259.000) 03/15 20:30:24 Image size of job updated: 743400
	726  -  MemoryUsage of job (MB)
	743400  -  ResidentSetSize of job (KB)
...
006 (7020619.259.000) 03/15 20:55:26 Image size of job updated: 743404
	726  -  MemoryUsage of job (MB)
	743404  -  ResidentSetSize of job (KB)
...
006 (7020619.259.000) 03/15 21:05:27 Image size of job updated: 743456
	727  -  MemoryUsage of job (MB)
	743456  -  ResidentSetSize of job (KB)
...
006 (7020619.259.000) 03/15 21:15:28 Image size of job updated: 748968
	732  -  MemoryUsage of job (MB)
	748968  -  ResidentSetSize of job (KB)
...
006 (7020619.259.000) 03/15 22:35:34 Image size of job updated: 757128
	732  -  MemoryUsage of job (MB)
	748968  -  ResidentSetSize of job (KB)
...
006 (7020619.259.000) 03/15 23:10:38 Image size of job updated: 757128
	732  -  MemoryUsage of job (MB)
	749320  -  ResidentSetSize of job (KB)
...
006 (7020619.259.000) 03/15 23:15:38 Image size of job updated: 757128
	732  -  MemoryUsage of job (MB)
	749468  -  ResidentSetSize of job (KB)
...
006 (7020619.259.000) 03/15 23:30:39 Image size of job updated: 757128
	732  -  MemoryUsage of job (MB)
	749504  -  ResidentSetSize of job (KB)
...
006 (7020619.259.000) 03/15 23:45:40 Image size of job updated: 757128
	733  -  MemoryUsage of job (MB)
	749924  -  ResidentSetSize of job (KB)
...
040 (7020619.259.000) 03/16 07:14:14 Started transferring output files
...
040 (7020619.259.000) 03/16 07:14:14 Finished transferring output files
...
005 (7020619.259.000) 03/16 07:14:14 Job terminated.
	(1) Normal termination (return value 0)
		Usr 0 18:30:16, Sys 0 00:01:35  -  Run Remote Usage
		Usr 0 00:00:00, Sys 0 00:00:00  -  Run Local Usage
		Usr 0 18:30:16, Sys 0 00:01:35  -  Total Remote Usage
		Usr 0 00:00:00, Sys 0 00:00:00  -  Total Local Usage
	12760  -  Run Bytes Sent By Job
	1379  -  Run Bytes Received By Job
	12760  -  Total Bytes Sent By Job
	1379  -  Total Bytes Received By Job
	Partitionable Resources :    Usage  Request Allocated 
	   Cpus                 :     0.99        1         1 
	   Disk (KB)            :    43           2      3793 
	   GPUs                 :                           0 
	   Memory (MB)          :   733        3000      3000 
	   TimeExecute (s)      : 67489                       
	   TimeSlotBusy (s)     : 67491                       

	Job terminated of its own accord at 2026-03-16T06:14:14Z with exit-code 0.
...
