000 (7020619.410.000) 03/15 11:55:49 Job submitted from host: <188.185.125.71:9618?addrs=188.185.125.71-9618+[2001-1458-d00-4a--100-15e]-9618&alias=bigbird28.cern.ch&noUDP&sock=schedd_2603_051c>
...
040 (7020619.410.000) 03/15 12:30:15 Started transferring input files
	Transferring to host: <188.185.210.85:9618?addrs=188.185.210.85-9618+[2001-1458-303-1--100-51]-9618&alias=b9p21p3932.cern.ch&noUDP&sock=slot1_9_3939_21b9_189233>
...
040 (7020619.410.000) 03/15 12:30:15 Finished transferring input files
...
001 (7020619.410.000) 03/15 12:30:16 Job executing on host: <188.185.210.85:9618?addrs=188.185.210.85-9618+[2001-1458-303-1--100-51]-9618&alias=b9p21p3932.cern.ch&noUDP&sock=startd_3224_f96c>
	SlotName: slot1_9@b9p21p3932.cern.ch
	CondorScratchDir = "/pool/condor/dir_121799"
	Cpus = 1
	Disk = 3794
	GPUs = 0
	Memory = 3000
...
006 (7020619.410.000) 03/15 12:30:29 Image size of job updated: 872
	1  -  MemoryUsage of job (MB)
	872  -  ResidentSetSize of job (KB)
...
006 (7020619.410.000) 03/15 12:35:29 Image size of job updated: 204472
	200  -  MemoryUsage of job (MB)
	204472  -  ResidentSetSize of job (KB)
...
006 (7020619.410.000) 03/15 12:40:30 Image size of job updated: 632796
	618  -  MemoryUsage of job (MB)
	632796  -  ResidentSetSize of job (KB)
...
006 (7020619.410.000) 03/15 12:45:30 Image size of job updated: 636972
	623  -  MemoryUsage of job (MB)
	636972  -  ResidentSetSize of job (KB)
...
006 (7020619.410.000) 03/15 12:50:30 Image size of job updated: 636980
	623  -  MemoryUsage of job (MB)
	636980  -  ResidentSetSize of job (KB)
...
006 (7020619.410.000) 03/15 13:05:31 Image size of job updated: 662624
	648  -  MemoryUsage of job (MB)
	662624  -  ResidentSetSize of job (KB)
...
006 (7020619.410.000) 03/15 13:10:32 Image size of job updated: 668336
	653  -  MemoryUsage of job (MB)
	668336  -  ResidentSetSize of job (KB)
...
006 (7020619.410.000) 03/15 13:40:36 Image size of job updated: 713128
	697  -  MemoryUsage of job (MB)
	713128  -  ResidentSetSize of job (KB)
...
006 (7020619.410.000) 03/15 13:45:37 Image size of job updated: 720180
	704  -  MemoryUsage of job (MB)
	720180  -  ResidentSetSize of job (KB)
...
006 (7020619.410.000) 03/15 13:50:37 Image size of job updated: 720576
	704  -  MemoryUsage of job (MB)
	720576  -  ResidentSetSize of job (KB)
...
006 (7020619.410.000) 03/15 13:55:38 Image size of job updated: 723032
	707  -  MemoryUsage of job (MB)
	723032  -  ResidentSetSize of job (KB)
...
006 (7020619.410.000) 03/15 14:05:39 Image size of job updated: 727580
	711  -  MemoryUsage of job (MB)
	727580  -  ResidentSetSize of job (KB)
...
006 (7020619.410.000) 03/15 14:10:40 Image size of job updated: 738588
	722  -  MemoryUsage of job (MB)
	738588  -  ResidentSetSize of job (KB)
...
006 (7020619.410.000) 03/15 14:15:41 Image size of job updated: 752040
	723  -  MemoryUsage of job (MB)
	739484  -  ResidentSetSize of job (KB)
...
006 (7020619.410.000) 03/15 16:56:01 Image size of job updated: 752040
	723  -  MemoryUsage of job (MB)
	739968  -  ResidentSetSize of job (KB)
...
006 (7020619.410.000) 03/15 17:01:02 Image size of job updated: 752040
	724  -  MemoryUsage of job (MB)
	740372  -  ResidentSetSize of job (KB)
...
006 (7020619.410.000) 03/15 17:11:03 Image size of job updated: 752040
	724  -  MemoryUsage of job (MB)
	740528  -  ResidentSetSize of job (KB)
...
006 (7020619.410.000) 03/15 17:36:06 Image size of job updated: 752040
	724  -  MemoryUsage of job (MB)
	740572  -  ResidentSetSize of job (KB)
...
006 (7020619.410.000) 03/15 18:01:09 Image size of job updated: 752040
	724  -  MemoryUsage of job (MB)
	740788  -  ResidentSetSize of job (KB)
...
006 (7020619.410.000) 03/15 18:06:09 Image size of job updated: 756752
	740  -  MemoryUsage of job (MB)
	756752  -  ResidentSetSize of job (KB)
...
006 (7020619.410.000) 03/15 18:16:10 Image size of job updated: 756852
	740  -  MemoryUsage of job (MB)
	756852  -  ResidentSetSize of job (KB)
...
006 (7020619.410.000) 03/15 18:31:11 Image size of job updated: 756884
	740  -  MemoryUsage of job (MB)
	756884  -  ResidentSetSize of job (KB)
...
006 (7020619.410.000) 03/15 18:56:14 Image size of job updated: 756920
	740  -  MemoryUsage of job (MB)
	756920  -  ResidentSetSize of job (KB)
...
006 (7020619.410.000) 03/15 19:11:16 Image size of job updated: 756960
	740  -  MemoryUsage of job (MB)
	756960  -  ResidentSetSize of job (KB)
...
006 (7020619.410.000) 03/15 20:06:23 Image size of job updated: 756964
	740  -  MemoryUsage of job (MB)
	756964  -  ResidentSetSize of job (KB)
...
006 (7020619.410.000) 03/15 20:46:27 Image size of job updated: 757028
	740  -  MemoryUsage of job (MB)
	757028  -  ResidentSetSize of job (KB)
...
006 (7020619.410.000) 03/15 21:51:36 Image size of job updated: 757156
	740  -  MemoryUsage of job (MB)
	757156  -  ResidentSetSize of job (KB)
...
006 (7020619.410.000) 03/15 22:51:41 Image size of job updated: 757192
	740  -  MemoryUsage of job (MB)
	757192  -  ResidentSetSize of job (KB)
...
006 (7020619.410.000) 03/15 23:21:43 Image size of job updated: 757236
	740  -  MemoryUsage of job (MB)
	757236  -  ResidentSetSize of job (KB)
...
006 (7020619.410.000) 03/15 23:41:44 Image size of job updated: 772352
	747  -  MemoryUsage of job (MB)
	764780  -  ResidentSetSize of job (KB)
...
040 (7020619.410.000) 03/16 06:59:11 Started transferring output files
...
040 (7020619.410.000) 03/16 06:59:11 Finished transferring output files
...
005 (7020619.410.000) 03/16 06:59:11 Job terminated.
	(1) Normal termination (return value 0)
		Usr 0 18:10:37, Sys 0 00:00:58  -  Run Remote Usage
		Usr 0 00:00:00, Sys 0 00:00:00  -  Run Local Usage
		Usr 0 18:10:37, Sys 0 00:00:58  -  Total Remote Usage
		Usr 0 00:00:00, Sys 0 00:00:00  -  Total Local Usage
	13092  -  Run Bytes Sent By Job
	1379  -  Run Bytes Received By Job
	13092  -  Total Bytes Sent By Job
	1379  -  Total Bytes Received By Job
	Partitionable Resources :    Usage  Request Allocated 
	   Cpus                 :     0.99        1         1 
	   Disk (KB)            :    43           2      3794 
	   GPUs                 :                           0 
	   Memory (MB)          :   747        3000      3000 
	   TimeExecute (s)      : 66535                       
	   TimeSlotBusy (s)     : 66537                       

	Job terminated of its own accord at 2026-03-16T05:59:11Z with exit-code 0.
...
