000 (7020619.129.000) 03/15 11:55:49 Job submitted from host: <188.185.125.71:9618?addrs=188.185.125.71-9618+[2001-1458-d00-4a--100-15e]-9618&alias=bigbird28.cern.ch&noUDP&sock=schedd_2603_051c>
...
040 (7020619.129.000) 03/15 11:59:49 Started transferring input files
	Transferring to host: <188.185.192.126:9618?addrs=188.185.192.126-9618+[2001-1458-303-1f--100-7a]-9618&alias=b9p13p1867.cern.ch&noUDP&sock=slot1_19_5264_b6cf_176128>
...
040 (7020619.129.000) 03/15 11:59:49 Finished transferring input files
...
001 (7020619.129.000) 03/15 11:59:50 Job executing on host: <188.185.192.126:9618?addrs=188.185.192.126-9618+[2001-1458-303-1f--100-7a]-9618&alias=b9p13p1867.cern.ch&noUDP&sock=startd_4168_7ad3>
	SlotName: slot1_19@b9p13p1867.cern.ch
	CondorScratchDir = "/pool/condor/dir_2026972"
	Cpus = 1
	Disk = 3861
	GPUs = 0
	Memory = 3000
...
006 (7020619.129.000) 03/15 12:00:03 Image size of job updated: 872
	1  -  MemoryUsage of job (MB)
	872  -  ResidentSetSize of job (KB)
...
006 (7020619.129.000) 03/15 12:05:03 Image size of job updated: 677788
	638  -  MemoryUsage of job (MB)
	652808  -  ResidentSetSize of job (KB)
...
006 (7020619.129.000) 03/15 12:10:04 Image size of job updated: 677788
	638  -  MemoryUsage of job (MB)
	652812  -  ResidentSetSize of job (KB)
...
006 (7020619.129.000) 03/15 12:15:04 Image size of job updated: 677788
	638  -  MemoryUsage of job (MB)
	652816  -  ResidentSetSize of job (KB)
...
006 (7020619.129.000) 03/15 12:20:04 Image size of job updated: 677788
	640  -  MemoryUsage of job (MB)
	654860  -  ResidentSetSize of job (KB)
...
006 (7020619.129.000) 03/15 12:25:05 Image size of job updated: 677788
	640  -  MemoryUsage of job (MB)
	654864  -  ResidentSetSize of job (KB)
...
006 (7020619.129.000) 03/15 12:30:05 Image size of job updated: 677788
	641  -  MemoryUsage of job (MB)
	655636  -  ResidentSetSize of job (KB)
...
006 (7020619.129.000) 03/15 12:35:06 Image size of job updated: 677788
	641  -  MemoryUsage of job (MB)
	656096  -  ResidentSetSize of job (KB)
...
006 (7020619.129.000) 03/15 13:00:09 Image size of job updated: 677788
	645  -  MemoryUsage of job (MB)
	659528  -  ResidentSetSize of job (KB)
...
006 (7020619.129.000) 03/15 13:05:09 Image size of job updated: 677788
	646  -  MemoryUsage of job (MB)
	661468  -  ResidentSetSize of job (KB)
...
006 (7020619.129.000) 03/15 13:10:10 Image size of job updated: 677788
	648  -  MemoryUsage of job (MB)
	662664  -  ResidentSetSize of job (KB)
...
006 (7020619.129.000) 03/15 13:15:10 Image size of job updated: 677788
	648  -  MemoryUsage of job (MB)
	662668  -  ResidentSetSize of job (KB)
...
006 (7020619.129.000) 03/15 13:25:11 Image size of job updated: 703564
	688  -  MemoryUsage of job (MB)
	703564  -  ResidentSetSize of job (KB)
...
006 (7020619.129.000) 03/15 13:40:12 Image size of job updated: 704404
	688  -  MemoryUsage of job (MB)
	704404  -  ResidentSetSize of job (KB)
...
006 (7020619.129.000) 03/15 13:45:12 Image size of job updated: 706512
	690  -  MemoryUsage of job (MB)
	706512  -  ResidentSetSize of job (KB)
...
006 (7020619.129.000) 03/15 13:55:13 Image size of job updated: 706996
	691  -  MemoryUsage of job (MB)
	706996  -  ResidentSetSize of job (KB)
...
006 (7020619.129.000) 03/15 14:00:14 Image size of job updated: 707332
	691  -  MemoryUsage of job (MB)
	707332  -  ResidentSetSize of job (KB)
...
006 (7020619.129.000) 03/15 14:05:14 Image size of job updated: 715544
	699  -  MemoryUsage of job (MB)
	715544  -  ResidentSetSize of job (KB)
...
006 (7020619.129.000) 03/15 14:10:15 Image size of job updated: 715604
	699  -  MemoryUsage of job (MB)
	715604  -  ResidentSetSize of job (KB)
...
006 (7020619.129.000) 03/15 14:15:16 Image size of job updated: 715724
	699  -  MemoryUsage of job (MB)
	715724  -  ResidentSetSize of job (KB)
...
006 (7020619.129.000) 03/15 14:20:16 Image size of job updated: 715748
	699  -  MemoryUsage of job (MB)
	715748  -  ResidentSetSize of job (KB)
...
006 (7020619.129.000) 03/15 14:40:19 Image size of job updated: 715752
	699  -  MemoryUsage of job (MB)
	715752  -  ResidentSetSize of job (KB)
...
006 (7020619.129.000) 03/15 15:20:24 Image size of job updated: 715784
	700  -  MemoryUsage of job (MB)
	715784  -  ResidentSetSize of job (KB)
...
006 (7020619.129.000) 03/15 15:30:25 Image size of job updated: 715832
	700  -  MemoryUsage of job (MB)
	715832  -  ResidentSetSize of job (KB)
...
006 (7020619.129.000) 03/15 15:35:25 Image size of job updated: 715868
	700  -  MemoryUsage of job (MB)
	715868  -  ResidentSetSize of job (KB)
...
006 (7020619.129.000) 03/15 15:45:26 Image size of job updated: 715872
	700  -  MemoryUsage of job (MB)
	715872  -  ResidentSetSize of job (KB)
...
006 (7020619.129.000) 03/15 15:55:26 Image size of job updated: 718676
	702  -  MemoryUsage of job (MB)
	718676  -  ResidentSetSize of job (KB)
...
006 (7020619.129.000) 03/15 16:00:27 Image size of job updated: 722248
	706  -  MemoryUsage of job (MB)
	722248  -  ResidentSetSize of job (KB)
...
006 (7020619.129.000) 03/15 18:00:38 Image size of job updated: 722264
	706  -  MemoryUsage of job (MB)
	722264  -  ResidentSetSize of job (KB)
...
006 (7020619.129.000) 03/15 18:30:42 Image size of job updated: 722304
	706  -  MemoryUsage of job (MB)
	722304  -  ResidentSetSize of job (KB)
...
006 (7020619.129.000) 03/15 20:45:52 Image size of job updated: 722348
	706  -  MemoryUsage of job (MB)
	722348  -  ResidentSetSize of job (KB)
...
006 (7020619.129.000) 03/15 21:41:00 Image size of job updated: 722404
	706  -  MemoryUsage of job (MB)
	722404  -  ResidentSetSize of job (KB)
...
006 (7020619.129.000) 03/15 22:06:03 Image size of job updated: 743680
	723  -  MemoryUsage of job (MB)
	739956  -  ResidentSetSize of job (KB)
...
006 (7020619.129.000) 03/16 01:11:27 Image size of job updated: 745744
	729  -  MemoryUsage of job (MB)
	745744  -  ResidentSetSize of job (KB)
...
006 (7020619.129.000) 03/16 11:52:32 Image size of job updated: 753928
	729  -  MemoryUsage of job (MB)
	745744  -  ResidentSetSize of job (KB)
...
040 (7020619.129.000) 03/16 12:00:34 Started transferring output files
...
040 (7020619.129.000) 03/16 12:00:34 Finished transferring output files
...
009 (7020619.129.000) 03/16 12:00:34 Job was aborted.
	Job removed by SYSTEM_PERIODIC_REMOVE due to wall time exceeded allowed max.
...
