000 (7020619.298.000) 03/15 11:55:49 Job submitted from host: <188.185.125.71:9618?addrs=188.185.125.71-9618+[2001-1458-d00-4a--100-15e]-9618&alias=bigbird28.cern.ch&noUDP&sock=schedd_2603_051c>
...
040 (7020619.298.000) 03/15 12:29:37 Started transferring input files
	Transferring to host: <188.185.207.175:9618?addrs=188.185.207.175-9618+[2001-1458-303-e--100-2c]-9618&alias=b9p08p6650.cern.ch&noUDP&sock=slot1_7_1127144_aa04_47757>
...
040 (7020619.298.000) 03/15 12:29:37 Finished transferring input files
...
001 (7020619.298.000) 03/15 12:29:38 Job executing on host: <188.185.207.175:9618?addrs=188.185.207.175-9618+[2001-1458-303-e--100-2c]-9618&alias=b9p08p6650.cern.ch&noUDP&sock=startd_5576_402c>
	SlotName: slot1_7@b9p08p6650.cern.ch
	CondorScratchDir = "/pool/condor/dir_22561"
	Cpus = 1
	Disk = 3485
	GPUs = 0
	Memory = 3000
...
006 (7020619.298.000) 03/15 12:29:52 Image size of job updated: 872
	1  -  MemoryUsage of job (MB)
	872  -  ResidentSetSize of job (KB)
...
006 (7020619.298.000) 03/15 12:34:53 Image size of job updated: 652196
	615  -  MemoryUsage of job (MB)
	629168  -  ResidentSetSize of job (KB)
...
006 (7020619.298.000) 03/15 12:39:54 Image size of job updated: 652196
	621  -  MemoryUsage of job (MB)
	635028  -  ResidentSetSize of job (KB)
...
006 (7020619.298.000) 03/15 12:49:55 Image size of job updated: 652196
	637  -  MemoryUsage of job (MB)
	651332  -  ResidentSetSize of job (KB)
...
006 (7020619.298.000) 03/15 13:04:56 Image size of job updated: 669444
	654  -  MemoryUsage of job (MB)
	669444  -  ResidentSetSize of job (KB)
...
006 (7020619.298.000) 03/15 13:24:59 Image size of job updated: 718648
	702  -  MemoryUsage of job (MB)
	718648  -  ResidentSetSize of job (KB)
...
006 (7020619.298.000) 03/15 13:55:02 Image size of job updated: 718676
	702  -  MemoryUsage of job (MB)
	718676  -  ResidentSetSize of job (KB)
...
006 (7020619.298.000) 03/15 14:05:03 Image size of job updated: 726080
	710  -  MemoryUsage of job (MB)
	726080  -  ResidentSetSize of job (KB)
...
006 (7020619.298.000) 03/15 14:20:05 Image size of job updated: 726136
	710  -  MemoryUsage of job (MB)
	726136  -  ResidentSetSize of job (KB)
...
006 (7020619.298.000) 03/15 14:25:05 Image size of job updated: 727668
	711  -  MemoryUsage of job (MB)
	727668  -  ResidentSetSize of job (KB)
...
006 (7020619.298.000) 03/15 14:55:07 Image size of job updated: 727712
	711  -  MemoryUsage of job (MB)
	727712  -  ResidentSetSize of job (KB)
...
006 (7020619.298.000) 03/15 15:10:08 Image size of job updated: 728284
	712  -  MemoryUsage of job (MB)
	728284  -  ResidentSetSize of job (KB)
...
006 (7020619.298.000) 03/15 15:25:10 Image size of job updated: 728316
	712  -  MemoryUsage of job (MB)
	728316  -  ResidentSetSize of job (KB)
...
006 (7020619.298.000) 03/15 15:30:11 Image size of job updated: 728352
	712  -  MemoryUsage of job (MB)
	728352  -  ResidentSetSize of job (KB)
...
006 (7020619.298.000) 03/15 16:40:17 Image size of job updated: 728396
	712  -  MemoryUsage of job (MB)
	728396  -  ResidentSetSize of job (KB)
...
006 (7020619.298.000) 03/15 16:50:19 Image size of job updated: 728440
	712  -  MemoryUsage of job (MB)
	728440  -  ResidentSetSize of job (KB)
...
006 (7020619.298.000) 03/15 17:20:22 Image size of job updated: 728480
	712  -  MemoryUsage of job (MB)
	728480  -  ResidentSetSize of job (KB)
...
006 (7020619.298.000) 03/15 17:25:23 Image size of job updated: 728496
	712  -  MemoryUsage of job (MB)
	728496  -  ResidentSetSize of job (KB)
...
006 (7020619.298.000) 03/15 17:30:23 Image size of job updated: 738048
	721  -  MemoryUsage of job (MB)
	738048  -  ResidentSetSize of job (KB)
...
006 (7020619.298.000) 03/15 18:00:25 Image size of job updated: 738064
	721  -  MemoryUsage of job (MB)
	738064  -  ResidentSetSize of job (KB)
...
006 (7020619.298.000) 03/15 18:15:27 Image size of job updated: 738080
	721  -  MemoryUsage of job (MB)
	738080  -  ResidentSetSize of job (KB)
...
006 (7020619.298.000) 03/15 18:45:30 Image size of job updated: 738200
	721  -  MemoryUsage of job (MB)
	738200  -  ResidentSetSize of job (KB)
...
006 (7020619.298.000) 03/15 19:30:34 Image size of job updated: 738280
	721  -  MemoryUsage of job (MB)
	738280  -  ResidentSetSize of job (KB)
...
006 (7020619.298.000) 03/15 21:15:44 Image size of job updated: 738284
	721  -  MemoryUsage of job (MB)
	738284  -  ResidentSetSize of job (KB)
...
006 (7020619.298.000) 03/15 21:30:46 Image size of job updated: 738416
	722  -  MemoryUsage of job (MB)
	738416  -  ResidentSetSize of job (KB)
...
006 (7020619.298.000) 03/15 21:35:47 Image size of job updated: 749268
	732  -  MemoryUsage of job (MB)
	749268  -  ResidentSetSize of job (KB)
...
006 (7020619.298.000) 03/15 21:40:47 Image size of job updated: 758876
	742  -  MemoryUsage of job (MB)
	758876  -  ResidentSetSize of job (KB)
...
006 (7020619.298.000) 03/15 22:55:55 Image size of job updated: 758916
	742  -  MemoryUsage of job (MB)
	758916  -  ResidentSetSize of job (KB)
...
006 (7020619.298.000) 03/15 23:20:57 Image size of job updated: 758924
	742  -  MemoryUsage of job (MB)
	758924  -  ResidentSetSize of job (KB)
...
006 (7020619.298.000) 03/16 00:01:01 Image size of job updated: 758964
	742  -  MemoryUsage of job (MB)
	758964  -  ResidentSetSize of job (KB)
...
006 (7020619.298.000) 03/16 01:11:08 Image size of job updated: 758968
	742  -  MemoryUsage of job (MB)
	758968  -  ResidentSetSize of job (KB)
...
006 (7020619.298.000) 03/16 01:16:08 Image size of job updated: 759052
	742  -  MemoryUsage of job (MB)
	759052  -  ResidentSetSize of job (KB)
...
006 (7020619.298.000) 03/16 01:26:09 Image size of job updated: 759056
	742  -  MemoryUsage of job (MB)
	759056  -  ResidentSetSize of job (KB)
...
006 (7020619.298.000) 03/16 01:46:10 Image size of job updated: 759108
	742  -  MemoryUsage of job (MB)
	759108  -  ResidentSetSize of job (KB)
...
006 (7020619.298.000) 03/16 02:16:12 Image size of job updated: 760472
	743  -  MemoryUsage of job (MB)
	760472  -  ResidentSetSize of job (KB)
...
006 (7020619.298.000) 03/16 02:21:13 Image size of job updated: 760560
	743  -  MemoryUsage of job (MB)
	760560  -  ResidentSetSize of job (KB)
...
006 (7020619.298.000) 03/16 02:56:17 Image size of job updated: 762376
	743  -  MemoryUsage of job (MB)
	760560  -  ResidentSetSize of job (KB)
...
006 (7020619.298.000) 03/16 06:16:36 Image size of job updated: 762376
	743  -  MemoryUsage of job (MB)
	760616  -  ResidentSetSize of job (KB)
...
006 (7020619.298.000) 03/16 06:56:41 Image size of job updated: 762376
	743  -  MemoryUsage of job (MB)
	760656  -  ResidentSetSize of job (KB)
...
006 (7020619.298.000) 03/16 07:31:45 Image size of job updated: 762376
	743  -  MemoryUsage of job (MB)
	760688  -  ResidentSetSize of job (KB)
...
006 (7020619.298.000) 03/16 07:41:46 Image size of job updated: 762376
	743  -  MemoryUsage of job (MB)
	760736  -  ResidentSetSize of job (KB)
...
006 (7020619.298.000) 03/16 09:06:54 Image size of job updated: 762376
	744  -  MemoryUsage of job (MB)
	760840  -  ResidentSetSize of job (KB)
...
006 (7020619.298.000) 03/16 10:27:03 Image size of job updated: 762376
	744  -  MemoryUsage of job (MB)
	760868  -  ResidentSetSize of job (KB)
...
040 (7020619.298.000) 03/16 11:09:28 Started transferring output files
...
040 (7020619.298.000) 03/16 11:09:28 Finished transferring output files
...
005 (7020619.298.000) 03/16 11:09:28 Job terminated.
	(1) Normal termination (return value 0)
		Usr 0 22:11:52, Sys 0 00:01:33  -  Run Remote Usage
		Usr 0 00:00:00, Sys 0 00:00:00  -  Run Local Usage
		Usr 0 22:11:52, Sys 0 00:01:33  -  Total Remote Usage
		Usr 0 00:00:00, Sys 0 00:00:00  -  Total Local Usage
	13277  -  Run Bytes Sent By Job
	1379  -  Run Bytes Received By Job
	13277  -  Total Bytes Sent By Job
	1379  -  Total Bytes Received By Job
	Partitionable Resources :    Usage  Request Allocated 
	   Cpus                 :     0.99        1         1 
	   Disk (KB)            :    47           2      3485 
	   GPUs                 :                           0 
	   Memory (MB)          :   744        3000      3000 
	   TimeExecute (s)      : 81590                       
	   TimeSlotBusy (s)     : 81592                       

	Job terminated of its own accord at 2026-03-16T10:09:28Z with exit-code 0.
...
