000 (7020619.127.000) 03/15 11:55:49 Job submitted from host: <188.185.125.71:9618?addrs=188.185.125.71-9618+[2001-1458-d00-4a--100-15e]-9618&alias=bigbird28.cern.ch&noUDP&sock=schedd_2603_051c>
...
040 (7020619.127.000) 03/15 11:59:50 Started transferring input files
	Transferring to host: <188.185.215.159:9618?addrs=188.185.215.159-9618+[2001-1458-303-26--100-1b]-9618&alias=b9p18p6316.cern.ch&noUDP&sock=slot1_7_2946772_338f_7272>
...
040 (7020619.127.000) 03/15 11:59:50 Finished transferring input files
...
001 (7020619.127.000) 03/15 11:59:51 Job executing on host: <188.185.215.159:9618?addrs=188.185.215.159-9618+[2001-1458-303-26--100-1b]-9618&alias=b9p18p6316.cern.ch&noUDP&sock=startd_2946731_f226>
	SlotName: slot1_7@b9p18p6316.cern.ch
	CondorScratchDir = "/pool/condor/dir_34027"
	Cpus = 1
	Disk = 3761
	GPUs = 0
	Memory = 3000
...
006 (7020619.127.000) 03/15 12:00:04 Image size of job updated: 876
	1  -  MemoryUsage of job (MB)
	876  -  ResidentSetSize of job (KB)
...
006 (7020619.127.000) 03/15 12:05:04 Image size of job updated: 211104
	207  -  MemoryUsage of job (MB)
	211104  -  ResidentSetSize of job (KB)
...
006 (7020619.127.000) 03/15 12:10:05 Image size of job updated: 653768
	639  -  MemoryUsage of job (MB)
	653768  -  ResidentSetSize of job (KB)
...
006 (7020619.127.000) 03/15 12:15:05 Image size of job updated: 693276
	678  -  MemoryUsage of job (MB)
	693276  -  ResidentSetSize of job (KB)
...
006 (7020619.127.000) 03/15 12:20:05 Image size of job updated: 694572
	679  -  MemoryUsage of job (MB)
	694572  -  ResidentSetSize of job (KB)
...
006 (7020619.127.000) 03/15 12:25:06 Image size of job updated: 704316
	688  -  MemoryUsage of job (MB)
	704316  -  ResidentSetSize of job (KB)
...
006 (7020619.127.000) 03/15 12:35:07 Image size of job updated: 704324
	688  -  MemoryUsage of job (MB)
	704324  -  ResidentSetSize of job (KB)
...
006 (7020619.127.000) 03/15 12:40:08 Image size of job updated: 704328
	688  -  MemoryUsage of job (MB)
	704328  -  ResidentSetSize of job (KB)
...
006 (7020619.127.000) 03/15 13:10:12 Image size of job updated: 704352
	688  -  MemoryUsage of job (MB)
	704352  -  ResidentSetSize of job (KB)
...
006 (7020619.127.000) 03/15 13:40:16 Image size of job updated: 716788
	700  -  MemoryUsage of job (MB)
	716788  -  ResidentSetSize of job (KB)
...
006 (7020619.127.000) 03/15 14:15:20 Image size of job updated: 716832
	701  -  MemoryUsage of job (MB)
	716832  -  ResidentSetSize of job (KB)
...
006 (7020619.127.000) 03/15 14:55:24 Image size of job updated: 716984
	701  -  MemoryUsage of job (MB)
	716984  -  ResidentSetSize of job (KB)
...
006 (7020619.127.000) 03/15 15:30:26 Image size of job updated: 717028
	701  -  MemoryUsage of job (MB)
	717028  -  ResidentSetSize of job (KB)
...
006 (7020619.127.000) 03/15 16:05:31 Image size of job updated: 717068
	701  -  MemoryUsage of job (MB)
	717068  -  ResidentSetSize of job (KB)
...
006 (7020619.127.000) 03/15 17:15:37 Image size of job updated: 717092
	701  -  MemoryUsage of job (MB)
	717092  -  ResidentSetSize of job (KB)
...
006 (7020619.127.000) 03/15 17:25:38 Image size of job updated: 717180
	701  -  MemoryUsage of job (MB)
	717180  -  ResidentSetSize of job (KB)
...
006 (7020619.127.000) 03/15 17:35:39 Image size of job updated: 717212
	701  -  MemoryUsage of job (MB)
	717212  -  ResidentSetSize of job (KB)
...
006 (7020619.127.000) 03/15 18:05:43 Image size of job updated: 717228
	701  -  MemoryUsage of job (MB)
	717228  -  ResidentSetSize of job (KB)
...
006 (7020619.127.000) 03/15 18:45:46 Image size of job updated: 717268
	701  -  MemoryUsage of job (MB)
	717268  -  ResidentSetSize of job (KB)
...
006 (7020619.127.000) 03/15 19:45:53 Image size of job updated: 717280
	701  -  MemoryUsage of job (MB)
	717280  -  ResidentSetSize of job (KB)
...
006 (7020619.127.000) 03/15 21:16:04 Image size of job updated: 717284
	701  -  MemoryUsage of job (MB)
	717284  -  ResidentSetSize of job (KB)
...
006 (7020619.127.000) 03/15 21:31:06 Image size of job updated: 717308
	701  -  MemoryUsage of job (MB)
	717308  -  ResidentSetSize of job (KB)
...
006 (7020619.127.000) 03/15 23:41:19 Image size of job updated: 726684
	710  -  MemoryUsage of job (MB)
	726684  -  ResidentSetSize of job (KB)
...
006 (7020619.127.000) 03/16 02:26:34 Image size of job updated: 729448
	713  -  MemoryUsage of job (MB)
	729448  -  ResidentSetSize of job (KB)
...
006 (7020619.127.000) 03/16 02:31:34 Image size of job updated: 731808
	715  -  MemoryUsage of job (MB)
	731808  -  ResidentSetSize of job (KB)
...
006 (7020619.127.000) 03/16 02:46:35 Image size of job updated: 731852
	715  -  MemoryUsage of job (MB)
	731852  -  ResidentSetSize of job (KB)
...
006 (7020619.127.000) 03/16 02:51:36 Image size of job updated: 731988
	715  -  MemoryUsage of job (MB)
	731988  -  ResidentSetSize of job (KB)
...
006 (7020619.127.000) 03/16 03:21:40 Image size of job updated: 732052
	715  -  MemoryUsage of job (MB)
	732052  -  ResidentSetSize of job (KB)
...
006 (7020619.127.000) 03/16 03:41:41 Image size of job updated: 735804
	719  -  MemoryUsage of job (MB)
	735804  -  ResidentSetSize of job (KB)
...
006 (7020619.127.000) 03/16 04:01:42 Image size of job updated: 735808
	719  -  MemoryUsage of job (MB)
	735808  -  ResidentSetSize of job (KB)
...
006 (7020619.127.000) 03/16 05:11:47 Image size of job updated: 735856
	719  -  MemoryUsage of job (MB)
	735856  -  ResidentSetSize of job (KB)
...
006 (7020619.127.000) 03/16 07:37:02 Image size of job updated: 737240
	720  -  MemoryUsage of job (MB)
	737240  -  ResidentSetSize of job (KB)
...
006 (7020619.127.000) 03/16 07:42:03 Image size of job updated: 738776
	722  -  MemoryUsage of job (MB)
	738776  -  ResidentSetSize of job (KB)
...
006 (7020619.127.000) 03/16 07:52:04 Image size of job updated: 738888
	722  -  MemoryUsage of job (MB)
	738888  -  ResidentSetSize of job (KB)
...
006 (7020619.127.000) 03/16 09:57:16 Image size of job updated: 738916
	722  -  MemoryUsage of job (MB)
	738916  -  ResidentSetSize of job (KB)
...
006 (7020619.127.000) 03/16 10:57:20 Image size of job updated: 739016
	722  -  MemoryUsage of job (MB)
	739016  -  ResidentSetSize of job (KB)
...
006 (7020619.127.000) 03/16 11:12:21 Image size of job updated: 739072
	722  -  MemoryUsage of job (MB)
	739072  -  ResidentSetSize of job (KB)
...
040 (7020619.127.000) 03/16 12:00:24 Started transferring output files
...
040 (7020619.127.000) 03/16 12:00:24 Finished transferring output files
...
009 (7020619.127.000) 03/16 12:00:24 Job was aborted.
	Job removed by SYSTEM_PERIODIC_REMOVE due to wall time exceeded allowed max.
...
