000 (7020619.239.000) 03/15 11:55:49 Job submitted from host: <188.185.125.71:9618?addrs=188.185.125.71-9618+[2001-1458-d00-4a--100-15e]-9618&alias=bigbird28.cern.ch&noUDP&sock=schedd_2603_051c>
...
040 (7020619.239.000) 03/15 12:05:58 Started transferring input files
	Transferring to host: <188.185.195.127:9618?addrs=188.185.195.127-9618+[2001-1458-303-22--100-7b]-9618&alias=b9p17p7452.cern.ch&noUDP&sock=slot1_19_3012_f9f4_5506>
...
040 (7020619.239.000) 03/15 12:05:58 Finished transferring input files
...
001 (7020619.239.000) 03/15 12:05:59 Job executing on host: <188.185.195.127:9618?addrs=188.185.195.127-9618+[2001-1458-303-22--100-7b]-9618&alias=b9p17p7452.cern.ch&noUDP&sock=startd_2537_bfdc>
	SlotName: slot1_19@b9p17p7452.cern.ch
	CondorScratchDir = "/pool/condor/dir_2539272"
	Cpus = 1
	Disk = 3833
	GPUs = 0
	Memory = 3000
...
006 (7020619.239.000) 03/15 12:06:12 Image size of job updated: 892
	1  -  MemoryUsage of job (MB)
	892  -  ResidentSetSize of job (KB)
...
006 (7020619.239.000) 03/15 12:11:12 Image size of job updated: 655080
	638  -  MemoryUsage of job (MB)
	653116  -  ResidentSetSize of job (KB)
...
006 (7020619.239.000) 03/15 12:16:13 Image size of job updated: 655716
	641  -  MemoryUsage of job (MB)
	655716  -  ResidentSetSize of job (KB)
...
006 (7020619.239.000) 03/15 12:21:13 Image size of job updated: 655728
	641  -  MemoryUsage of job (MB)
	655728  -  ResidentSetSize of job (KB)
...
006 (7020619.239.000) 03/15 12:26:13 Image size of job updated: 656752
	642  -  MemoryUsage of job (MB)
	656752  -  ResidentSetSize of job (KB)
...
006 (7020619.239.000) 03/15 12:31:14 Image size of job updated: 698788
	683  -  MemoryUsage of job (MB)
	698788  -  ResidentSetSize of job (KB)
...
006 (7020619.239.000) 03/15 12:36:14 Image size of job updated: 702516
	687  -  MemoryUsage of job (MB)
	702516  -  ResidentSetSize of job (KB)
...
006 (7020619.239.000) 03/15 12:46:14 Image size of job updated: 703216
	687  -  MemoryUsage of job (MB)
	703216  -  ResidentSetSize of job (KB)
...
006 (7020619.239.000) 03/15 12:51:15 Image size of job updated: 710840
	695  -  MemoryUsage of job (MB)
	710840  -  ResidentSetSize of job (KB)
...
006 (7020619.239.000) 03/15 12:56:15 Image size of job updated: 718500
	702  -  MemoryUsage of job (MB)
	718500  -  ResidentSetSize of job (KB)
...
006 (7020619.239.000) 03/15 13:21:17 Image size of job updated: 720956
	702  -  MemoryUsage of job (MB)
	718500  -  ResidentSetSize of job (KB)
...
006 (7020619.239.000) 03/15 13:26:17 Image size of job updated: 723852
	707  -  MemoryUsage of job (MB)
	723852  -  ResidentSetSize of job (KB)
...
006 (7020619.239.000) 03/15 13:31:17 Image size of job updated: 724356
	708  -  MemoryUsage of job (MB)
	724356  -  ResidentSetSize of job (KB)
...
006 (7020619.239.000) 03/15 14:46:26 Image size of job updated: 724380
	708  -  MemoryUsage of job (MB)
	724380  -  ResidentSetSize of job (KB)
...
006 (7020619.239.000) 03/15 15:26:29 Image size of job updated: 735864
	719  -  MemoryUsage of job (MB)
	735864  -  ResidentSetSize of job (KB)
...
006 (7020619.239.000) 03/15 15:31:30 Image size of job updated: 737324
	721  -  MemoryUsage of job (MB)
	737324  -  ResidentSetSize of job (KB)
...
006 (7020619.239.000) 03/15 15:51:31 Image size of job updated: 737352
	721  -  MemoryUsage of job (MB)
	737352  -  ResidentSetSize of job (KB)
...
006 (7020619.239.000) 03/15 16:06:33 Image size of job updated: 737432
	721  -  MemoryUsage of job (MB)
	737432  -  ResidentSetSize of job (KB)
...
006 (7020619.239.000) 03/15 17:21:40 Image size of job updated: 737504
	721  -  MemoryUsage of job (MB)
	737504  -  ResidentSetSize of job (KB)
...
006 (7020619.239.000) 03/15 18:11:44 Image size of job updated: 737520
	721  -  MemoryUsage of job (MB)
	737520  -  ResidentSetSize of job (KB)
...
006 (7020619.239.000) 03/15 18:41:48 Image size of job updated: 737556
	721  -  MemoryUsage of job (MB)
	737556  -  ResidentSetSize of job (KB)
...
006 (7020619.239.000) 03/15 18:51:49 Image size of job updated: 737688
	721  -  MemoryUsage of job (MB)
	737688  -  ResidentSetSize of job (KB)
...
006 (7020619.239.000) 03/15 19:31:52 Image size of job updated: 737740
	721  -  MemoryUsage of job (MB)
	737740  -  ResidentSetSize of job (KB)
...
006 (7020619.239.000) 03/15 20:21:57 Image size of job updated: 737836
	721  -  MemoryUsage of job (MB)
	737836  -  ResidentSetSize of job (KB)
...
006 (7020619.239.000) 03/15 20:57:01 Image size of job updated: 737896
	721  -  MemoryUsage of job (MB)
	737896  -  ResidentSetSize of job (KB)
...
006 (7020619.239.000) 03/15 21:02:02 Image size of job updated: 737928
	721  -  MemoryUsage of job (MB)
	737928  -  ResidentSetSize of job (KB)
...
006 (7020619.239.000) 03/15 21:57:07 Image size of job updated: 737964
	721  -  MemoryUsage of job (MB)
	737964  -  ResidentSetSize of job (KB)
...
006 (7020619.239.000) 03/15 23:42:19 Image size of job updated: 737980
	721  -  MemoryUsage of job (MB)
	737980  -  ResidentSetSize of job (KB)
...
006 (7020619.239.000) 03/16 00:22:23 Image size of job updated: 738012
	721  -  MemoryUsage of job (MB)
	738012  -  ResidentSetSize of job (KB)
...
006 (7020619.239.000) 03/16 01:17:28 Image size of job updated: 738048
	721  -  MemoryUsage of job (MB)
	738048  -  ResidentSetSize of job (KB)
...
006 (7020619.239.000) 03/16 02:07:34 Image size of job updated: 739540
	721  -  MemoryUsage of job (MB)
	738048  -  ResidentSetSize of job (KB)
...
006 (7020619.239.000) 03/16 09:08:17 Image size of job updated: 739540
	721  -  MemoryUsage of job (MB)
	738192  -  ResidentSetSize of job (KB)
...
006 (7020619.239.000) 03/16 09:13:17 Image size of job updated: 739540
	721  -  MemoryUsage of job (MB)
	738212  -  ResidentSetSize of job (KB)
...
006 (7020619.239.000) 03/16 10:38:27 Image size of job updated: 739540
	721  -  MemoryUsage of job (MB)
	738216  -  ResidentSetSize of job (KB)
...
006 (7020619.239.000) 03/16 10:43:28 Image size of job updated: 739540
	721  -  MemoryUsage of job (MB)
	738236  -  ResidentSetSize of job (KB)
...
006 (7020619.239.000) 03/16 11:48:35 Image size of job updated: 739540
	722  -  MemoryUsage of job (MB)
	738336  -  ResidentSetSize of job (KB)
...
040 (7020619.239.000) 03/16 12:06:36 Started transferring output files
...
040 (7020619.239.000) 03/16 12:06:36 Finished transferring output files
...
009 (7020619.239.000) 03/16 12:06:36 Job was aborted.
	Job removed by SYSTEM_PERIODIC_REMOVE due to wall time exceeded allowed max.
...
