000 (7020619.275.000) 03/15 11:55:49 Job submitted from host: <188.185.125.71:9618?addrs=188.185.125.71-9618+[2001-1458-d00-4a--100-15e]-9618&alias=bigbird28.cern.ch&noUDP&sock=schedd_2603_051c>
...
040 (7020619.275.000) 03/15 12:29:29 Started transferring input files
	Transferring to host: <188.185.213.230:9618?addrs=188.185.213.230-9618+[2001-1458-303-1b--100-62]-9618&alias=b9p28p6468.cern.ch&noUDP&sock=slot1_22_6155_8113_187882>
...
040 (7020619.275.000) 03/15 12:29:29 Finished transferring input files
...
001 (7020619.275.000) 03/15 12:29:30 Job executing on host: <188.185.213.230:9618?addrs=188.185.213.230-9618+[2001-1458-303-1b--100-62]-9618&alias=b9p28p6468.cern.ch&noUDP&sock=startd_5412_c2a4>
	SlotName: slot1_22@b9p28p6468.cern.ch
	CondorScratchDir = "/pool/condor/dir_531886"
	Cpus = 1
	Disk = 3832
	GPUs = 0
	Memory = 3000
...
006 (7020619.275.000) 03/15 12:29:43 Image size of job updated: 876
	1  -  MemoryUsage of job (MB)
	876  -  ResidentSetSize of job (KB)
...
006 (7020619.275.000) 03/15 12:34:43 Image size of job updated: 679492
	664  -  MemoryUsage of job (MB)
	679492  -  ResidentSetSize of job (KB)
...
006 (7020619.275.000) 03/15 12:39:44 Image size of job updated: 679592
	664  -  MemoryUsage of job (MB)
	679592  -  ResidentSetSize of job (KB)
...
006 (7020619.275.000) 03/15 12:44:44 Image size of job updated: 679596
	664  -  MemoryUsage of job (MB)
	679596  -  ResidentSetSize of job (KB)
...
006 (7020619.275.000) 03/15 12:59:45 Image size of job updated: 684804
	664  -  MemoryUsage of job (MB)
	679596  -  ResidentSetSize of job (KB)
...
006 (7020619.275.000) 03/15 13:24:47 Image size of job updated: 689096
	665  -  MemoryUsage of job (MB)
	680568  -  ResidentSetSize of job (KB)
...
006 (7020619.275.000) 03/15 13:34:47 Image size of job updated: 691724
	665  -  MemoryUsage of job (MB)
	680568  -  ResidentSetSize of job (KB)
...
006 (7020619.275.000) 03/15 13:44:49 Image size of job updated: 731244
	715  -  MemoryUsage of job (MB)
	731244  -  ResidentSetSize of job (KB)
...
006 (7020619.275.000) 03/15 13:54:50 Image size of job updated: 732688
	716  -  MemoryUsage of job (MB)
	732688  -  ResidentSetSize of job (KB)
...
006 (7020619.275.000) 03/15 14:19:53 Image size of job updated: 732692
	716  -  MemoryUsage of job (MB)
	732692  -  ResidentSetSize of job (KB)
...
006 (7020619.275.000) 03/15 14:44:57 Image size of job updated: 744712
	728  -  MemoryUsage of job (MB)
	744712  -  ResidentSetSize of job (KB)
...
006 (7020619.275.000) 03/15 14:59:58 Image size of job updated: 744728
	728  -  MemoryUsage of job (MB)
	744728  -  ResidentSetSize of job (KB)
...
006 (7020619.275.000) 03/15 15:09:58 Image size of job updated: 744744
	728  -  MemoryUsage of job (MB)
	744744  -  ResidentSetSize of job (KB)
...
006 (7020619.275.000) 03/15 15:24:59 Image size of job updated: 746472
	728  -  MemoryUsage of job (MB)
	744744  -  ResidentSetSize of job (KB)
...
006 (7020619.275.000) 03/15 16:55:09 Image size of job updated: 748732
	729  -  MemoryUsage of job (MB)
	746300  -  ResidentSetSize of job (KB)
...
006 (7020619.275.000) 03/15 17:00:10 Image size of job updated: 748732
	729  -  MemoryUsage of job (MB)
	746308  -  ResidentSetSize of job (KB)
...
006 (7020619.275.000) 03/15 17:25:12 Image size of job updated: 748732
	729  -  MemoryUsage of job (MB)
	746320  -  ResidentSetSize of job (KB)
...
006 (7020619.275.000) 03/15 17:30:12 Image size of job updated: 748732
	730  -  MemoryUsage of job (MB)
	746532  -  ResidentSetSize of job (KB)
...
006 (7020619.275.000) 03/15 17:35:13 Image size of job updated: 750564
	733  -  MemoryUsage of job (MB)
	750564  -  ResidentSetSize of job (KB)
...
006 (7020619.275.000) 03/15 17:40:13 Image size of job updated: 751348
	734  -  MemoryUsage of job (MB)
	751348  -  ResidentSetSize of job (KB)
...
006 (7020619.275.000) 03/15 18:20:16 Image size of job updated: 751352
	734  -  MemoryUsage of job (MB)
	751352  -  ResidentSetSize of job (KB)
...
006 (7020619.275.000) 03/15 18:55:18 Image size of job updated: 752804
	736  -  MemoryUsage of job (MB)
	752804  -  ResidentSetSize of job (KB)
...
006 (7020619.275.000) 03/15 19:00:18 Image size of job updated: 752808
	736  -  MemoryUsage of job (MB)
	752808  -  ResidentSetSize of job (KB)
...
006 (7020619.275.000) 03/15 19:20:20 Image size of job updated: 752828
	736  -  MemoryUsage of job (MB)
	752828  -  ResidentSetSize of job (KB)
...
006 (7020619.275.000) 03/15 20:20:25 Image size of job updated: 752844
	736  -  MemoryUsage of job (MB)
	752844  -  ResidentSetSize of job (KB)
...
006 (7020619.275.000) 03/15 20:30:26 Image size of job updated: 752852
	736  -  MemoryUsage of job (MB)
	752852  -  ResidentSetSize of job (KB)
...
006 (7020619.275.000) 03/15 21:50:36 Image size of job updated: 752856
	736  -  MemoryUsage of job (MB)
	752856  -  ResidentSetSize of job (KB)
...
006 (7020619.275.000) 03/15 22:25:39 Image size of job updated: 752872
	736  -  MemoryUsage of job (MB)
	752872  -  ResidentSetSize of job (KB)
...
006 (7020619.275.000) 03/15 22:55:41 Image size of job updated: 752884
	736  -  MemoryUsage of job (MB)
	752884  -  ResidentSetSize of job (KB)
...
006 (7020619.275.000) 03/15 23:15:42 Image size of job updated: 752904
	736  -  MemoryUsage of job (MB)
	752904  -  ResidentSetSize of job (KB)
...
006 (7020619.275.000) 03/16 00:15:49 Image size of job updated: 752908
	736  -  MemoryUsage of job (MB)
	752908  -  ResidentSetSize of job (KB)
...
006 (7020619.275.000) 03/16 00:20:50 Image size of job updated: 752920
	736  -  MemoryUsage of job (MB)
	752920  -  ResidentSetSize of job (KB)
...
006 (7020619.275.000) 03/16 01:10:53 Image size of job updated: 752944
	736  -  MemoryUsage of job (MB)
	752944  -  ResidentSetSize of job (KB)
...
006 (7020619.275.000) 03/16 01:15:53 Image size of job updated: 753148
	736  -  MemoryUsage of job (MB)
	753148  -  ResidentSetSize of job (KB)
...
006 (7020619.275.000) 03/16 01:20:54 Image size of job updated: 753160
	736  -  MemoryUsage of job (MB)
	753160  -  ResidentSetSize of job (KB)
...
006 (7020619.275.000) 03/16 01:35:55 Image size of job updated: 753164
	736  -  MemoryUsage of job (MB)
	753164  -  ResidentSetSize of job (KB)
...
006 (7020619.275.000) 03/16 03:11:05 Image size of job updated: 753176
	736  -  MemoryUsage of job (MB)
	753176  -  ResidentSetSize of job (KB)
...
006 (7020619.275.000) 03/16 03:51:09 Image size of job updated: 753528
	736  -  MemoryUsage of job (MB)
	753528  -  ResidentSetSize of job (KB)
...
006 (7020619.275.000) 03/16 04:01:10 Image size of job updated: 753652
	736  -  MemoryUsage of job (MB)
	753652  -  ResidentSetSize of job (KB)
...
040 (7020619.275.000) 03/16 06:26:54 Started transferring output files
...
040 (7020619.275.000) 03/16 06:26:54 Finished transferring output files
...
005 (7020619.275.000) 03/16 06:26:54 Job terminated.
	(1) Normal termination (return value 0)
		Usr 0 17:42:36, Sys 0 00:01:52  -  Run Remote Usage
		Usr 0 00:00:00, Sys 0 00:00:00  -  Run Local Usage
		Usr 0 17:42:36, Sys 0 00:01:52  -  Total Remote Usage
		Usr 0 00:00:00, Sys 0 00:00:00  -  Total Local Usage
	13090  -  Run Bytes Sent By Job
	1379  -  Run Bytes Received By Job
	13090  -  Total Bytes Sent By Job
	1379  -  Total Bytes Received By Job
	Partitionable Resources :    Usage  Request Allocated 
	   Cpus                 :     0.99        1         1 
	   Disk (KB)            :    43           2      3832 
	   GPUs                 :                           0 
	   Memory (MB)          :   736        3000      3000 
	   TimeExecute (s)      : 64644                       
	   TimeSlotBusy (s)     : 64645                       

	Job terminated of its own accord at 2026-03-16T05:26:54Z with exit-code 0.
...
