000 (7020619.180.000) 03/15 11:55:49 Job submitted from host: <188.185.125.71:9618?addrs=188.185.125.71-9618+[2001-1458-d00-4a--100-15e]-9618&alias=bigbird28.cern.ch&noUDP&sock=schedd_2603_051c>
...
040 (7020619.180.000) 03/15 12:00:07 Started transferring input files
	Transferring to host: <188.185.214.55:9618?addrs=188.185.214.55-9618+[2001-1458-303-1c--100-33]-9618&alias=b9p29p7002.cern.ch&noUDP&sock=slot1_16_773441_e735_108868>
...
040 (7020619.180.000) 03/15 12:00:07 Finished transferring input files
...
001 (7020619.180.000) 03/15 12:00:08 Job executing on host: <188.185.214.55:9618?addrs=188.185.214.55-9618+[2001-1458-303-1c--100-33]-9618&alias=b9p29p7002.cern.ch&noUDP&sock=startd_4917_3b43>
	SlotName: slot1_16@b9p29p7002.cern.ch
	CondorScratchDir = "/pool/condor/dir_1610348"
	Cpus = 1
	Disk = 3710
	GPUs = 0
	Memory = 3000
...
006 (7020619.180.000) 03/15 12:00:21 Image size of job updated: 876
	1  -  MemoryUsage of job (MB)
	876  -  ResidentSetSize of job (KB)
...
006 (7020619.180.000) 03/15 12:05:21 Image size of job updated: 213892
	209  -  MemoryUsage of job (MB)
	213892  -  ResidentSetSize of job (KB)
...
006 (7020619.180.000) 03/15 12:10:23 Image size of job updated: 562332
	550  -  MemoryUsage of job (MB)
	562332  -  ResidentSetSize of job (KB)
...
006 (7020619.180.000) 03/15 12:15:23 Image size of job updated: 570616
	558  -  MemoryUsage of job (MB)
	570616  -  ResidentSetSize of job (KB)
...
006 (7020619.180.000) 03/15 12:20:23 Image size of job updated: 571556
	559  -  MemoryUsage of job (MB)
	571556  -  ResidentSetSize of job (KB)
...
006 (7020619.180.000) 03/15 12:25:24 Image size of job updated: 573616
	561  -  MemoryUsage of job (MB)
	573616  -  ResidentSetSize of job (KB)
...
006 (7020619.180.000) 03/15 12:30:25 Image size of job updated: 573640
	561  -  MemoryUsage of job (MB)
	573640  -  ResidentSetSize of job (KB)
...
006 (7020619.180.000) 03/15 13:05:29 Image size of job updated: 582584
	569  -  MemoryUsage of job (MB)
	582584  -  ResidentSetSize of job (KB)
...
006 (7020619.180.000) 03/15 13:10:30 Image size of job updated: 582612
	569  -  MemoryUsage of job (MB)
	582612  -  ResidentSetSize of job (KB)
...
006 (7020619.180.000) 03/15 13:40:34 Image size of job updated: 582628
	569  -  MemoryUsage of job (MB)
	582628  -  ResidentSetSize of job (KB)
...
006 (7020619.180.000) 03/15 14:35:39 Image size of job updated: 582632
	569  -  MemoryUsage of job (MB)
	582632  -  ResidentSetSize of job (KB)
...
006 (7020619.180.000) 03/15 14:50:41 Image size of job updated: 582636
	569  -  MemoryUsage of job (MB)
	582636  -  ResidentSetSize of job (KB)
...
006 (7020619.180.000) 03/15 14:55:42 Image size of job updated: 588996
	576  -  MemoryUsage of job (MB)
	588996  -  ResidentSetSize of job (KB)
...
006 (7020619.180.000) 03/15 15:00:43 Image size of job updated: 592708
	579  -  MemoryUsage of job (MB)
	592708  -  ResidentSetSize of job (KB)
...
006 (7020619.180.000) 03/15 15:05:43 Image size of job updated: 592728
	579  -  MemoryUsage of job (MB)
	592728  -  ResidentSetSize of job (KB)
...
006 (7020619.180.000) 03/15 15:10:43 Image size of job updated: 735576
	719  -  MemoryUsage of job (MB)
	735576  -  ResidentSetSize of job (KB)
...
006 (7020619.180.000) 03/15 15:15:44 Image size of job updated: 740504
	724  -  MemoryUsage of job (MB)
	740504  -  ResidentSetSize of job (KB)
...
006 (7020619.180.000) 03/15 15:25:44 Image size of job updated: 742552
	726  -  MemoryUsage of job (MB)
	742552  -  ResidentSetSize of job (KB)
...
006 (7020619.180.000) 03/15 15:30:45 Image size of job updated: 742564
	726  -  MemoryUsage of job (MB)
	742564  -  ResidentSetSize of job (KB)
...
006 (7020619.180.000) 03/15 15:35:45 Image size of job updated: 759544
	742  -  MemoryUsage of job (MB)
	759544  -  ResidentSetSize of job (KB)
...
006 (7020619.180.000) 03/15 15:40:45 Image size of job updated: 759548
	742  -  MemoryUsage of job (MB)
	759548  -  ResidentSetSize of job (KB)
...
006 (7020619.180.000) 03/15 15:45:46 Image size of job updated: 759568
	742  -  MemoryUsage of job (MB)
	759568  -  ResidentSetSize of job (KB)
...
006 (7020619.180.000) 03/15 16:20:51 Image size of job updated: 760016
	743  -  MemoryUsage of job (MB)
	760016  -  ResidentSetSize of job (KB)
...
006 (7020619.180.000) 03/15 16:25:51 Image size of job updated: 760020
	743  -  MemoryUsage of job (MB)
	760020  -  ResidentSetSize of job (KB)
...
006 (7020619.180.000) 03/15 17:10:55 Image size of job updated: 765516
	748  -  MemoryUsage of job (MB)
	765516  -  ResidentSetSize of job (KB)
...
006 (7020619.180.000) 03/15 17:35:58 Image size of job updated: 765528
	748  -  MemoryUsage of job (MB)
	765528  -  ResidentSetSize of job (KB)
...
006 (7020619.180.000) 03/15 18:06:02 Image size of job updated: 765540
	748  -  MemoryUsage of job (MB)
	765540  -  ResidentSetSize of job (KB)
...
006 (7020619.180.000) 03/15 19:16:08 Image size of job updated: 765556
	748  -  MemoryUsage of job (MB)
	765556  -  ResidentSetSize of job (KB)
...
006 (7020619.180.000) 03/15 19:56:13 Image size of job updated: 776360
	759  -  MemoryUsage of job (MB)
	776360  -  ResidentSetSize of job (KB)
...
006 (7020619.180.000) 03/15 20:01:13 Image size of job updated: 777348
	760  -  MemoryUsage of job (MB)
	777348  -  ResidentSetSize of job (KB)
...
006 (7020619.180.000) 03/15 20:06:14 Image size of job updated: 779100
	761  -  MemoryUsage of job (MB)
	779100  -  ResidentSetSize of job (KB)
...
006 (7020619.180.000) 03/15 20:11:15 Image size of job updated: 779196
	761  -  MemoryUsage of job (MB)
	779196  -  ResidentSetSize of job (KB)
...
006 (7020619.180.000) 03/15 20:21:15 Image size of job updated: 779204
	761  -  MemoryUsage of job (MB)
	779204  -  ResidentSetSize of job (KB)
...
006 (7020619.180.000) 03/15 21:06:19 Image size of job updated: 779216
	761  -  MemoryUsage of job (MB)
	779216  -  ResidentSetSize of job (KB)
...
006 (7020619.180.000) 03/15 22:31:30 Image size of job updated: 779236
	761  -  MemoryUsage of job (MB)
	779236  -  ResidentSetSize of job (KB)
...
006 (7020619.180.000) 03/15 22:41:32 Image size of job updated: 779264
	761  -  MemoryUsage of job (MB)
	779264  -  ResidentSetSize of job (KB)
...
006 (7020619.180.000) 03/16 01:01:44 Image size of job updated: 779268
	762  -  MemoryUsage of job (MB)
	779268  -  ResidentSetSize of job (KB)
...
040 (7020619.180.000) 03/16 04:42:30 Started transferring output files
...
040 (7020619.180.000) 03/16 04:42:30 Finished transferring output files
...
005 (7020619.180.000) 03/16 04:42:30 Job terminated.
	(1) Normal termination (return value 0)
		Usr 0 16:25:37, Sys 0 00:01:35  -  Run Remote Usage
		Usr 0 00:00:00, Sys 0 00:00:00  -  Run Local Usage
		Usr 0 16:25:37, Sys 0 00:01:35  -  Total Remote Usage
		Usr 0 00:00:00, Sys 0 00:00:00  -  Total Local Usage
	6912  -  Run Bytes Sent By Job
	1379  -  Run Bytes Received By Job
	6912  -  Total Bytes Sent By Job
	1379  -  Total Bytes Received By Job
	Partitionable Resources :    Usage  Request Allocated 
	   Cpus                 :     0.99        1         1 
	   Disk (KB)            :    48           2      3710 
	   GPUs                 :                           0 
	   Memory (MB)          :   762        3000      3000 
	   TimeExecute (s)      : 60142                       
	   TimeSlotBusy (s)     : 60144                       

	Job terminated of its own accord at 2026-03-16T03:42:30Z with exit-code 0.
...
