000 (7020619.032.000) 03/15 11:55:49 Job submitted from host: <188.185.125.71:9618?addrs=188.185.125.71-9618+[2001-1458-d00-4a--100-15e]-9618&alias=bigbird28.cern.ch&noUDP&sock=schedd_2603_051c>
...
040 (7020619.032.000) 03/15 11:59:18 Started transferring input files
	Transferring to host: <188.185.193.177:9618?addrs=188.185.193.177-9618+[2001-1458-303-20--100-ad]-9618&alias=b9p19p2243.cern.ch&noUDP&sock=slot1_16_8825_c2c0_173150>
...
040 (7020619.032.000) 03/15 11:59:18 Finished transferring input files
...
001 (7020619.032.000) 03/15 11:59:19 Job executing on host: <188.185.193.177:9618?addrs=188.185.193.177-9618+[2001-1458-303-20--100-ad]-9618&alias=b9p19p2243.cern.ch&noUDP&sock=startd_7781_b280>
	SlotName: slot1_16@b9p19p2243.cern.ch
	CondorScratchDir = "/pool/condor/dir_1944662"
	Cpus = 1
	Disk = 3851
	GPUs = 0
	Memory = 3000
...
006 (7020619.032.000) 03/15 11:59:32 Image size of job updated: 884
	1  -  MemoryUsage of job (MB)
	884  -  ResidentSetSize of job (KB)
...
006 (7020619.032.000) 03/15 12:04:32 Image size of job updated: 211652
	207  -  MemoryUsage of job (MB)
	211652  -  ResidentSetSize of job (KB)
...
006 (7020619.032.000) 03/15 12:09:33 Image size of job updated: 489172
	478  -  MemoryUsage of job (MB)
	489172  -  ResidentSetSize of job (KB)
...
006 (7020619.032.000) 03/15 12:14:33 Image size of job updated: 497780
	487  -  MemoryUsage of job (MB)
	497780  -  ResidentSetSize of job (KB)
...
006 (7020619.032.000) 03/15 12:19:33 Image size of job updated: 503120
	492  -  MemoryUsage of job (MB)
	503120  -  ResidentSetSize of job (KB)
...
006 (7020619.032.000) 03/15 12:24:34 Image size of job updated: 505268
	494  -  MemoryUsage of job (MB)
	505268  -  ResidentSetSize of job (KB)
...
006 (7020619.032.000) 03/15 12:29:34 Image size of job updated: 505276
	494  -  MemoryUsage of job (MB)
	505276  -  ResidentSetSize of job (KB)
...
006 (7020619.032.000) 03/15 12:34:34 Image size of job updated: 505424
	494  -  MemoryUsage of job (MB)
	505424  -  ResidentSetSize of job (KB)
...
006 (7020619.032.000) 03/15 12:39:35 Image size of job updated: 517684
	506  -  MemoryUsage of job (MB)
	517684  -  ResidentSetSize of job (KB)
...
006 (7020619.032.000) 03/15 12:44:35 Image size of job updated: 518324
	507  -  MemoryUsage of job (MB)
	518324  -  ResidentSetSize of job (KB)
...
006 (7020619.032.000) 03/15 12:54:36 Image size of job updated: 518328
	507  -  MemoryUsage of job (MB)
	518328  -  ResidentSetSize of job (KB)
...
006 (7020619.032.000) 03/15 13:04:37 Image size of job updated: 558200
	546  -  MemoryUsage of job (MB)
	558200  -  ResidentSetSize of job (KB)
...
006 (7020619.032.000) 03/15 13:09:38 Image size of job updated: 559840
	547  -  MemoryUsage of job (MB)
	559840  -  ResidentSetSize of job (KB)
...
006 (7020619.032.000) 03/15 13:14:39 Image size of job updated: 560092
	547  -  MemoryUsage of job (MB)
	560092  -  ResidentSetSize of job (KB)
...
006 (7020619.032.000) 03/15 13:24:39 Image size of job updated: 560388
	548  -  MemoryUsage of job (MB)
	560388  -  ResidentSetSize of job (KB)
...
006 (7020619.032.000) 03/15 13:34:40 Image size of job updated: 566464
	554  -  MemoryUsage of job (MB)
	566464  -  ResidentSetSize of job (KB)
...
006 (7020619.032.000) 03/15 13:39:40 Image size of job updated: 566468
	554  -  MemoryUsage of job (MB)
	566468  -  ResidentSetSize of job (KB)
...
006 (7020619.032.000) 03/15 13:49:41 Image size of job updated: 570796
	558  -  MemoryUsage of job (MB)
	570796  -  ResidentSetSize of job (KB)
...
006 (7020619.032.000) 03/15 13:54:41 Image size of job updated: 574160
	561  -  MemoryUsage of job (MB)
	574160  -  ResidentSetSize of job (KB)
...
006 (7020619.032.000) 03/15 14:19:44 Image size of job updated: 574172
	561  -  MemoryUsage of job (MB)
	574172  -  ResidentSetSize of job (KB)
...
006 (7020619.032.000) 03/15 15:09:49 Image size of job updated: 574176
	561  -  MemoryUsage of job (MB)
	574176  -  ResidentSetSize of job (KB)
...
006 (7020619.032.000) 03/15 17:40:03 Image size of job updated: 576228
	563  -  MemoryUsage of job (MB)
	576228  -  ResidentSetSize of job (KB)
...
006 (7020619.032.000) 03/15 17:55:05 Image size of job updated: 576240
	563  -  MemoryUsage of job (MB)
	576240  -  ResidentSetSize of job (KB)
...
006 (7020619.032.000) 03/15 18:25:08 Image size of job updated: 576244
	563  -  MemoryUsage of job (MB)
	576244  -  ResidentSetSize of job (KB)
...
006 (7020619.032.000) 03/15 18:30:09 Image size of job updated: 752436
	735  -  MemoryUsage of job (MB)
	752436  -  ResidentSetSize of job (KB)
...
006 (7020619.032.000) 03/15 18:35:09 Image size of job updated: 764236
	747  -  MemoryUsage of job (MB)
	764236  -  ResidentSetSize of job (KB)
...
006 (7020619.032.000) 03/15 18:50:11 Image size of job updated: 764248
	747  -  MemoryUsage of job (MB)
	764248  -  ResidentSetSize of job (KB)
...
006 (7020619.032.000) 03/15 20:10:20 Image size of job updated: 764844
	747  -  MemoryUsage of job (MB)
	764844  -  ResidentSetSize of job (KB)
...
006 (7020619.032.000) 03/15 20:20:21 Image size of job updated: 764848
	747  -  MemoryUsage of job (MB)
	764848  -  ResidentSetSize of job (KB)
...
006 (7020619.032.000) 03/15 23:00:39 Image size of job updated: 764860
	747  -  MemoryUsage of job (MB)
	764860  -  ResidentSetSize of job (KB)
...
006 (7020619.032.000) 03/15 23:15:41 Image size of job updated: 764868
	747  -  MemoryUsage of job (MB)
	764868  -  ResidentSetSize of job (KB)
...
006 (7020619.032.000) 03/16 03:51:08 Image size of job updated: 782628
	765  -  MemoryUsage of job (MB)
	782628  -  ResidentSetSize of job (KB)
...
006 (7020619.032.000) 03/16 04:01:08 Image size of job updated: 787164
	769  -  MemoryUsage of job (MB)
	787164  -  ResidentSetSize of job (KB)
...
006 (7020619.032.000) 03/16 04:06:09 Image size of job updated: 787168
	769  -  MemoryUsage of job (MB)
	787164  -  ResidentSetSize of job (KB)
...
040 (7020619.032.000) 03/16 11:59:52 Started transferring output files
...
040 (7020619.032.000) 03/16 11:59:52 Finished transferring output files
...
009 (7020619.032.000) 03/16 11:59:52 Job was aborted.
	Job removed by SYSTEM_PERIODIC_REMOVE due to wall time exceeded allowed max.
...
