search libraries in slc9_x86-64
 ~ 1) Base stack loaded.
 ~ Sleeping for 16 seconds to avoid AFS DDOS...
 ~ 2) Loading sndsw environment...
 ~ 3) SNDSW_ROOT is set to: /afs/cern.ch/user/i/idioniso/snd_master/sw-root6.28/rhel9_x86-64/sndsw/master-local1
 ~ 4) Executing tracking script...
[INFO] The input consists out of the following trees and files: 
[INFO]  - rawConv
[INFO]     - root://eospublic.cern.ch//eos/experiment/sndlhc/convertedData/physics/2023/run_006640/sndsw_raw-0366.root
[INFO] FairRootFileSink initialized.
[INFO]  - cbmout
[INFO]     - dummy
[INFO] Parameter and input file are available, Assure that basic info is there for the run!
[INFO] ---FairRootManager::SpecifyRunId --- 
[INFO] --- Initialize with RunId  --- 6640

************************************************************* 
     initialisation for run id 6640
************************************************************* 
-I- FairRunTimeDB::InitContainer() FairBaseParSet
-I- FairRunTimeDB::InitContainer() FairGeoParSet

************************************************************* 
     initialisation for run id 6640
************************************************************* 
-I- FairRunTimeDB::InitContainer() FairBaseParSet
-I- FairRunTimeDB::InitContainer() FairGeoParSet
[INFO]  Branch: Reco_MuonTracks not found in Tree.
using geofile: root://eospublic.cern.ch//eos/experiment/sndlhc/convertedData/physics/2023/geofile_sndlhc_TI18_V3_2023.root
[0%] 	 0/250,000 	 00:00:04
[1%] 	 2,500/250,000 	 00:00:06
[2%] 	 5,000/250,000 	 00:00:09
[3%] 	 7,500/250,000 	 00:00:10
[4%] 	 10,000/250,000 	 00:00:11
[5%] 	 12,500/250,000 	 00:00:15
[6%] 	 15,000/250,000 	 00:00:17
[7%] 	 17,500/250,000 	 00:00:21
[8%] 	 20,000/250,000 	 00:00:22
[9%] 	 22,500/250,000 	 00:00:26
[10%] 	 25,000/250,000 	 00:00:26
[11%] 	 27,500/250,000 	 00:00:27
[12%] 	 30,000/250,000 	 00:00:28
[13%] 	 32,500/250,000 	 00:00:29
[14%] 	 35,000/250,000 	 00:00:32
[15%] 	 37,500/250,000 	 00:00:33
[16%] 	 40,000/250,000 	 00:00:36
[17%] 	 42,500/250,000 	 00:00:37
[18%] 	 45,000/250,000 	 00:00:50
[19%] 	 47,500/250,000 	 00:00:53
[20%] 	 50,000/250,000 	 00:00:54
[21%] 	 52,500/250,000 	 00:00:55
[22%] 	 55,000/250,000 	 00:00:58
[23%] 	 57,500/250,000 	 00:01:00
[24%] 	 60,000/250,000 	 00:01:02
[25%] 	 62,500/250,000 	 00:01:04
[26%] 	 65,000/250,000 	 00:01:04
[27%] 	 67,500/250,000 	 00:01:08
[28%] 	 70,000/250,000 	 00:01:14
[29%] 	 72,500/250,000 	 00:01:17
[30%] 	 75,000/250,000 	 00:01:26
[31%] 	 77,500/250,000 	 00:01:30
[32%] 	 80,000/250,000 	 00:01:31
[33%] 	 82,500/250,000 	 00:01:38
[34%] 	 85,000/250,000 	 00:01:39
[35%] 	 87,500/250,000 	 00:01:42
[36%] 	 90,000/250,000 	 00:01:45
[37%] 	 92,500/250,000 	 00:01:48
[38%] 	 95,000/250,000 	 00:01:51
[39%] 	 97,500/250,000 	 00:01:55
[40%] 	 100,000/250,000 	 00:01:56
[41%] 	 102,500/250,000 	 00:01:58
[42%] 	 105,000/250,000 	 00:02:01
[43%] 	 107,500/250,000 	 00:02:05
[44%] 	 110,000/250,000 	 00:02:08
[45%] 	 112,500/250,000 	 00:02:11
[46%] 	 115,000/250,000 	 00:02:14
[47%] 	 117,500/250,000 	 00:02:16
[48%] 	 120,000/250,000 	 00:02:23
[49%] 	 122,500/250,000 	 00:02:23
[50%] 	 125,000/250,000 	 00:02:27
[51%] 	 127,500/250,000 	 00:02:28
[52%] 	 130,000/250,000 	 00:02:32
[53%] 	 132,500/250,000 	 00:02:38
[54%] 	 135,000/250,000 	 00:02:39
[55%] 	 137,500/250,000 	 00:02:40
[56%] 	 140,000/250,000 	 00:02:42
[57%] 	 142,500/250,000 	 00:02:43
[58%] 	 145,000/250,000 	 00:02:46
[59%] 	 147,500/250,000 	 00:02:48
[60%] 	 150,000/250,000 	 00:02:49
[61%] 	 152,500/250,000 	 00:02:51
[62%] 	 155,000/250,000 	 00:02:53
[63%] 	 157,500/250,000 	 00:03:01
[64%] 	 160,000/250,000 	 00:03:01
[65%] 	 162,500/250,000 	 00:03:02
[66%] 	 165,000/250,000 	 00:03:04
[67%] 	 167,500/250,000 	 00:03:08
[68%] 	 170,000/250,000 	 00:03:13
[69%] 	 172,500/250,000 	 00:03:14
[70%] 	 175,000/250,000 	 00:03:21
[71%] 	 177,500/250,000 	 00:03:22
[72%] 	 180,000/250,000 	 00:03:23
[73%] 	 182,500/250,000 	 00:03:28
[74%] 	 185,000/250,000 	 00:03:30
[75%] 	 187,500/250,000 	 00:03:35
[76%] 	 190,000/250,000 	 00:03:39
[77%] 	 192,500/250,000 	 00:03:41
[78%] 	 195,000/250,000 	 00:03:43
[79%] 	 197,500/250,000 	 00:03:44
[80%] 	 200,000/250,000 	 00:03:49
[81%] 	 202,500/250,000 	 00:03:51
[82%] 	 205,000/250,000 	 00:03:52
[83%] 	 207,500/250,000 	 00:03:54
[84%] 	 210,000/250,000 	 00:03:55
[85%] 	 212,500/250,000 	 00:03:58
[86%] 	 215,000/250,000 	 00:03:59
[87%] 	 217,500/250,000 	 00:04:06
[88%] 	 220,000/250,000 	 00:04:08
[89%] 	 222,500/250,000 	 00:04:09
[90%] 	 225,000/250,000 	 00:04:14
[91%] 	 227,500/250,000 	 00:04:18
[92%] 	 230,000/250,000 	 00:04:21
[93%] 	 232,500/250,000 	 00:04:24
[94%] 	 235,000/250,000 	 00:04:26
[95%] 	 237,500/250,000 	 00:04:27
[96%] 	 240,000/250,000 	 00:04:29
[97%] 	 242,500/250,000 	 00:04:34
[98%] 	 245,000/250,000 	 00:04:35
[99%] 	 247,500/250,000 	 00:04:38
Finished in 278.80s.
 ~ 5) DONE !
