search libraries in slc9_x86-64
 ~ 1) Base stack loaded.
 ~ Sleeping for 44 seconds to avoid AFS DDOS...
 ~ 2) Loading sndsw environment...
 ~ 3) SNDSW_ROOT is set to: /afs/cern.ch/user/i/idioniso/snd_master/sw-root6.28/rhel9_x86-64/sndsw/master-local1
 ~ 4) Executing tracking script...
[INFO] The input consists out of the following trees and files: 
[INFO]  - rawConv
[INFO]     - root://eospublic.cern.ch//eos/experiment/sndlhc/convertedData/physics/2023/run_006640/sndsw_raw-0367.root
[INFO] FairRootFileSink initialized.
[INFO]  - cbmout
[INFO]     - dummy
[INFO] Parameter and input file are available, Assure that basic info is there for the run!
[INFO] ---FairRootManager::SpecifyRunId --- 
[INFO] --- Initialize with RunId  --- 6640

************************************************************* 
     initialisation for run id 6640
************************************************************* 
-I- FairRunTimeDB::InitContainer() FairBaseParSet
-I- FairRunTimeDB::InitContainer() FairGeoParSet

************************************************************* 
     initialisation for run id 6640
************************************************************* 
-I- FairRunTimeDB::InitContainer() FairBaseParSet
-I- FairRunTimeDB::InitContainer() FairGeoParSet
[INFO]  Branch: Reco_MuonTracks not found in Tree.
using geofile: root://eospublic.cern.ch//eos/experiment/sndlhc/convertedData/physics/2023/geofile_sndlhc_TI18_V3_2023.root
[0%] 	 0/250,000 	 00:00:03
[1%] 	 2,500/250,000 	 00:00:05
[2%] 	 5,000/250,000 	 00:00:07
[3%] 	 7,500/250,000 	 00:00:09
[4%] 	 10,000/250,000 	 00:00:10
[5%] 	 12,500/250,000 	 00:00:11
[6%] 	 15,000/250,000 	 00:00:13
[7%] 	 17,500/250,000 	 00:00:20
[8%] 	 20,000/250,000 	 00:00:22
[9%] 	 22,500/250,000 	 00:00:23
[10%] 	 25,000/250,000 	 00:00:24
[11%] 	 27,500/250,000 	 00:00:24
[12%] 	 30,000/250,000 	 00:00:25
[13%] 	 32,500/250,000 	 00:00:26
[14%] 	 35,000/250,000 	 00:00:26
[15%] 	 37,500/250,000 	 00:00:28
[16%] 	 40,000/250,000 	 00:00:30
[17%] 	 42,500/250,000 	 00:00:34
[18%] 	 45,000/250,000 	 00:00:40
[19%] 	 47,500/250,000 	 00:00:42
[20%] 	 50,000/250,000 	 00:00:46
[21%] 	 52,500/250,000 	 00:00:46
[22%] 	 55,000/250,000 	 00:00:49
[23%] 	 57,500/250,000 	 00:00:52
[24%] 	 60,000/250,000 	 00:00:53
[25%] 	 62,500/250,000 	 00:00:55
[26%] 	 65,000/250,000 	 00:00:57
[27%] 	 67,500/250,000 	 00:01:01
[28%] 	 70,000/250,000 	 00:01:02
[29%] 	 72,500/250,000 	 00:01:04
[30%] 	 75,000/250,000 	 00:01:05
[31%] 	 77,500/250,000 	 00:01:06
[32%] 	 80,000/250,000 	 00:01:12
[33%] 	 82,500/250,000 	 00:01:16
[34%] 	 85,000/250,000 	 00:01:16
[35%] 	 87,500/250,000 	 00:01:18
[36%] 	 90,000/250,000 	 00:01:21
[37%] 	 92,500/250,000 	 00:01:23
[38%] 	 95,000/250,000 	 00:01:23
[39%] 	 97,500/250,000 	 00:01:24
[40%] 	 100,000/250,000 	 00:01:26
[41%] 	 102,500/250,000 	 00:01:28
[42%] 	 105,000/250,000 	 00:01:30
[43%] 	 107,500/250,000 	 00:01:32
[44%] 	 110,000/250,000 	 00:01:38
[45%] 	 112,500/250,000 	 00:01:41
[46%] 	 115,000/250,000 	 00:02:12
[47%] 	 117,500/250,000 	 00:02:13
[48%] 	 120,000/250,000 	 00:02:13
[49%] 	 122,500/250,000 	 00:02:14
[50%] 	 125,000/250,000 	 00:02:15
[51%] 	 127,500/250,000 	 00:02:17
[52%] 	 130,000/250,000 	 00:02:20
[53%] 	 132,500/250,000 	 00:02:21
[54%] 	 135,000/250,000 	 00:02:22
[55%] 	 137,500/250,000 	 00:02:27
[56%] 	 140,000/250,000 	 00:02:31
[57%] 	 142,500/250,000 	 00:02:33
[58%] 	 145,000/250,000 	 00:02:33
[59%] 	 147,500/250,000 	 00:02:34
[60%] 	 150,000/250,000 	 00:02:39
[61%] 	 152,500/250,000 	 00:02:42
[62%] 	 155,000/250,000 	 00:02:44
[63%] 	 157,500/250,000 	 00:02:47
[64%] 	 160,000/250,000 	 00:02:48
[65%] 	 162,500/250,000 	 00:02:52
[66%] 	 165,000/250,000 	 00:02:54
[67%] 	 167,500/250,000 	 00:02:55
[68%] 	 170,000/250,000 	 00:02:56
[69%] 	 172,500/250,000 	 00:02:58
[70%] 	 175,000/250,000 	 00:03:03
[71%] 	 177,500/250,000 	 00:03:05
[72%] 	 180,000/250,000 	 00:03:09
[73%] 	 182,500/250,000 	 00:03:10
[74%] 	 185,000/250,000 	 00:03:14
[75%] 	 187,500/250,000 	 00:03:16
[76%] 	 190,000/250,000 	 00:03:18
[77%] 	 192,500/250,000 	 00:03:19
[78%] 	 195,000/250,000 	 00:03:22
[79%] 	 197,500/250,000 	 00:03:24
[80%] 	 200,000/250,000 	 00:03:25
[81%] 	 202,500/250,000 	 00:03:27
[82%] 	 205,000/250,000 	 00:03:29
[83%] 	 207,500/250,000 	 00:03:31
[84%] 	 210,000/250,000 	 00:03:32
[85%] 	 212,500/250,000 	 00:03:33
[86%] 	 215,000/250,000 	 00:03:35
[87%] 	 217,500/250,000 	 00:03:36
[88%] 	 220,000/250,000 	 00:03:37
[89%] 	 222,500/250,000 	 00:03:42
[90%] 	 225,000/250,000 	 00:03:44
[91%] 	 227,500/250,000 	 00:03:46
[92%] 	 230,000/250,000 	 00:03:48
[93%] 	 232,500/250,000 	 00:03:51
[94%] 	 235,000/250,000 	 00:03:51
[95%] 	 237,500/250,000 	 00:03:53
[96%] 	 240,000/250,000 	 00:03:57
[97%] 	 242,500/250,000 	 00:03:58
[98%] 	 245,000/250,000 	 00:04:00
[99%] 	 247,500/250,000 	 00:04:01
Finished in 242.79s.
 ~ 5) DONE !
