search libraries in slc9_x86-64
 ~ 1) Base stack loaded.
 ~ Sleeping for 46 seconds to avoid AFS DDOS...
 ~ 2) Loading sndsw environment...
 ~ 3) SNDSW_ROOT is set to: /afs/cern.ch/user/i/idioniso/snd_master/sw-root6.28/rhel9_x86-64/sndsw/master-local1
 ~ 4) Executing tracking script...
[INFO] The input consists out of the following trees and files: 
[INFO]  - rawConv
[INFO]     - root://eospublic.cern.ch//eos/experiment/sndlhc/convertedData/physics/2023/run_006640/sndsw_raw-0368.root
[INFO] FairRootFileSink initialized.
[INFO]  - cbmout
[INFO]     - dummy
[INFO] Parameter and input file are available, Assure that basic info is there for the run!
[INFO] ---FairRootManager::SpecifyRunId --- 
[INFO] --- Initialize with RunId  --- 6640

************************************************************* 
     initialisation for run id 6640
************************************************************* 
-I- FairRunTimeDB::InitContainer() FairBaseParSet
-I- FairRunTimeDB::InitContainer() FairGeoParSet

************************************************************* 
     initialisation for run id 6640
************************************************************* 
-I- FairRunTimeDB::InitContainer() FairBaseParSet
-I- FairRunTimeDB::InitContainer() FairGeoParSet
[INFO]  Branch: Reco_MuonTracks not found in Tree.
using geofile: root://eospublic.cern.ch//eos/experiment/sndlhc/convertedData/physics/2023/geofile_sndlhc_TI18_V3_2023.root
[0%] 	 0/250,000 	 00:00:02
[1%] 	 2,500/250,000 	 00:00:06
[2%] 	 5,000/250,000 	 00:00:10
[3%] 	 7,500/250,000 	 00:00:14
[4%] 	 10,000/250,000 	 00:00:14
[5%] 	 12,500/250,000 	 00:00:16
[6%] 	 15,000/250,000 	 00:00:20
[7%] 	 17,500/250,000 	 00:00:21
[8%] 	 20,000/250,000 	 00:00:22
[9%] 	 22,500/250,000 	 00:00:26
[10%] 	 25,000/250,000 	 00:00:27
[11%] 	 27,500/250,000 	 00:00:28
[12%] 	 30,000/250,000 	 00:00:29
[13%] 	 32,500/250,000 	 00:00:32
[14%] 	 35,000/250,000 	 00:00:34
[15%] 	 37,500/250,000 	 00:00:38
[16%] 	 40,000/250,000 	 00:00:42
[17%] 	 42,500/250,000 	 00:00:43
[18%] 	 45,000/250,000 	 00:00:43
[19%] 	 47,500/250,000 	 00:00:44
[20%] 	 50,000/250,000 	 00:00:45
[21%] 	 52,500/250,000 	 00:00:49
[22%] 	 55,000/250,000 	 00:00:49
[23%] 	 57,500/250,000 	 00:00:51
[24%] 	 60,000/250,000 	 00:00:53
[25%] 	 62,500/250,000 	 00:00:54
[26%] 	 65,000/250,000 	 00:00:54
[27%] 	 67,500/250,000 	 00:00:57
[28%] 	 70,000/250,000 	 00:01:06
[29%] 	 72,500/250,000 	 00:01:07
[30%] 	 75,000/250,000 	 00:01:09
[31%] 	 77,500/250,000 	 00:01:12
[32%] 	 80,000/250,000 	 00:01:12
[33%] 	 82,500/250,000 	 00:01:14
[34%] 	 85,000/250,000 	 00:01:15
[35%] 	 87,500/250,000 	 00:01:16
[36%] 	 90,000/250,000 	 00:01:17
[37%] 	 92,500/250,000 	 00:01:17
[38%] 	 95,000/250,000 	 00:01:18
[39%] 	 97,500/250,000 	 00:01:19
[40%] 	 100,000/250,000 	 00:01:20
[41%] 	 102,500/250,000 	 00:01:23
[42%] 	 105,000/250,000 	 00:01:25
[43%] 	 107,500/250,000 	 00:01:28
[44%] 	 110,000/250,000 	 00:01:34
[45%] 	 112,500/250,000 	 00:01:36
[46%] 	 115,000/250,000 	 00:01:38
[47%] 	 117,500/250,000 	 00:01:42
[48%] 	 120,000/250,000 	 00:01:44
[49%] 	 122,500/250,000 	 00:01:50
[50%] 	 125,000/250,000 	 00:01:51
[51%] 	 127,500/250,000 	 00:01:52
[52%] 	 130,000/250,000 	 00:01:52
[53%] 	 132,500/250,000 	 00:01:54
[54%] 	 135,000/250,000 	 00:01:55
[55%] 	 137,500/250,000 	 00:01:56
[56%] 	 140,000/250,000 	 00:01:57
[57%] 	 142,500/250,000 	 00:01:59
[58%] 	 145,000/250,000 	 00:02:03
[59%] 	 147,500/250,000 	 00:02:05
[60%] 	 150,000/250,000 	 00:02:09
[61%] 	 152,500/250,000 	 00:02:10
[62%] 	 155,000/250,000 	 00:02:13
[63%] 	 157,500/250,000 	 00:02:15
[64%] 	 160,000/250,000 	 00:02:24
[65%] 	 162,500/250,000 	 00:02:42
[66%] 	 165,000/250,000 	 00:02:43
[67%] 	 167,500/250,000 	 00:02:45
[68%] 	 170,000/250,000 	 00:02:46
[69%] 	 172,500/250,000 	 00:02:46
[70%] 	 175,000/250,000 	 00:02:49
[71%] 	 177,500/250,000 	 00:02:51
[72%] 	 180,000/250,000 	 00:02:55
[73%] 	 182,500/250,000 	 00:02:56
[74%] 	 185,000/250,000 	 00:02:57
[75%] 	 187,500/250,000 	 00:02:59
[76%] 	 190,000/250,000 	 00:03:01
[77%] 	 192,500/250,000 	 00:03:03
[78%] 	 195,000/250,000 	 00:03:05
[79%] 	 197,500/250,000 	 00:03:06
[80%] 	 200,000/250,000 	 00:03:09
[81%] 	 202,500/250,000 	 00:03:10
[82%] 	 205,000/250,000 	 00:03:12
[83%] 	 207,500/250,000 	 00:03:13
[84%] 	 210,000/250,000 	 00:03:14
[85%] 	 212,500/250,000 	 00:03:17
[86%] 	 215,000/250,000 	 00:03:22
[87%] 	 217,500/250,000 	 00:03:24
[88%] 	 220,000/250,000 	 00:03:26
[89%] 	 222,500/250,000 	 00:03:27
[90%] 	 225,000/250,000 	 00:03:31
[91%] 	 227,500/250,000 	 00:03:32
[92%] 	 230,000/250,000 	 00:03:33
[93%] 	 232,500/250,000 	 00:03:36
[94%] 	 235,000/250,000 	 00:03:39
[95%] 	 237,500/250,000 	 00:03:41
[96%] 	 240,000/250,000 	 00:03:45
[97%] 	 242,500/250,000 	 00:03:47
[98%] 	 245,000/250,000 	 00:03:49
[99%] 	 247,500/250,000 	 00:03:51
Finished in 233.96s.
 ~ 5) DONE !
