000 (7765592.008.000) 05/06 07:23:42 Job submitted from host: <188.185.125.71:9618?addrs=188.185.125.71-9618+[2001-1458-d00-4a--100-15e]-9618&alias=bigbird28.cern.ch&noUDP&sock=schedd_2497_5012>
...
040 (7765592.008.000) 05/06 07:43:50 Started transferring input files
	Transferring to host: <188.185.206.226:9618?addrs=188.185.206.226-9618+[2001-1458-303-c--100-5f]-9618&alias=b9p06p9688.cern.ch&noUDP&sock=slot1_29_2596581_f64e_157312>
...
040 (7765592.008.000) 05/06 07:43:50 Finished transferring input files
...
001 (7765592.008.000) 05/06 07:43:51 Job executing on host: <188.185.206.226:9618?addrs=188.185.206.226-9618+[2001-1458-303-c--100-5f]-9618&alias=b9p06p9688.cern.ch&noUDP&sock=startd_4886_f7d3>
	SlotName: slot1_29@b9p06p9688.cern.ch
	CondorScratchDir = "/pool/condor/dir_2088146"
	Cpus = 1
	Disk = 3662
	GPUs = 0
	Memory = 3000
...
006 (7765592.008.000) 05/06 07:44:05 Image size of job updated: 176892
	173  -  MemoryUsage of job (MB)
	176892  -  ResidentSetSize of job (KB)
...
006 (7765592.008.000) 05/06 07:44:12 Image size of job updated: 292304
	173  -  MemoryUsage of job (MB)
	176948  -  ResidentSetSize of job (KB)
...
040 (7765592.008.000) 05/06 07:44:12 Started transferring output files
...
040 (7765592.008.000) 05/06 07:44:12 Finished transferring output files
...
005 (7765592.008.000) 05/06 07:44:12 Job terminated.
	(1) Normal termination (return value 0)
		Usr 0 00:00:05, Sys 0 00:00:02  -  Run Remote Usage
		Usr 0 00:00:00, Sys 0 00:00:00  -  Run Local Usage
		Usr 0 00:00:05, Sys 0 00:00:02  -  Total Remote Usage
		Usr 0 00:00:00, Sys 0 00:00:00  -  Total Local Usage
	820  -  Run Bytes Sent By Job
	1445  -  Run Bytes Received By Job
	820  -  Total Bytes Sent By Job
	1445  -  Total Bytes Received By Job
	Partitionable Resources :    Usage  Request Allocated 
	   Cpus                 :        0        1         1 
	   Disk (KB)            :       47        2      3662 
	   GPUs                 :                           0 
	   Memory (MB)          :      173     3000      3000 
	   TimeExecute (s)      :       21                    
	   TimeSlotBusy (s)     :       23                    

	Job terminated of its own accord at 2026-05-06T05:44:12Z with exit-code 0.
...
