000 (7765592.007.000) 05/06 07:23:42 Job submitted from host: <188.185.125.71:9618?addrs=188.185.125.71-9618+[2001-1458-d00-4a--100-15e]-9618&alias=bigbird28.cern.ch&noUDP&sock=schedd_2497_5012>
...
040 (7765592.007.000) 05/06 07:43:52 Started transferring input files
	Transferring to host: <188.185.212.22:9618?addrs=188.185.212.22-9618+[2001-1458-303-18--100-12]-9618&alias=b9p25p1647.cern.ch&noUDP&sock=slot1_10_4722_d379_249617>
...
040 (7765592.007.000) 05/06 07:43:52 Finished transferring input files
...
001 (7765592.007.000) 05/06 07:43:53 Job executing on host: <188.185.212.22:9618?addrs=188.185.212.22-9618+[2001-1458-303-18--100-12]-9618&alias=b9p25p1647.cern.ch&noUDP&sock=startd_3905_156b>
	SlotName: slot1_10@b9p25p1647.cern.ch
	CondorScratchDir = "/pool/condor/dir_422245"
	Cpus = 1
	Disk = 3733
	GPUs = 0
	Memory = 3000
...
006 (7765592.007.000) 05/06 07:44:07 Image size of job updated: 147436
	144  -  MemoryUsage of job (MB)
	147436  -  ResidentSetSize of job (KB)
...
006 (7765592.007.000) 05/06 07:44:28 Image size of job updated: 213692
	145  -  MemoryUsage of job (MB)
	147488  -  ResidentSetSize of job (KB)
...
040 (7765592.007.000) 05/06 07:44:28 Started transferring output files
...
040 (7765592.007.000) 05/06 07:44:28 Finished transferring output files
...
005 (7765592.007.000) 05/06 07:44:28 Job terminated.
	(1) Normal termination (return value 0)
		Usr 0 00:00:05, Sys 0 00:00:03  -  Run Remote Usage
		Usr 0 00:00:00, Sys 0 00:00:00  -  Run Local Usage
		Usr 0 00:00:05, Sys 0 00:00:03  -  Total Remote Usage
		Usr 0 00:00:00, Sys 0 00:00:00  -  Total Local Usage
	820  -  Run Bytes Sent By Job
	1445  -  Run Bytes Received By Job
	820  -  Total Bytes Sent By Job
	1445  -  Total Bytes Received By Job
	Partitionable Resources :    Usage  Request Allocated 
	   Cpus                 :        0        1         1 
	   Disk (KB)            :       44        2      3733 
	   GPUs                 :                           0 
	   Memory (MB)          :      145     3000      3000 
	   TimeExecute (s)      :       35                    
	   TimeSlotBusy (s)     :       37                    

	Job terminated of its own accord at 2026-05-06T05:44:28Z with exit-code 0.
...
