000 (7760826.093.000) 05/04 16:34:31 Job submitted from host: <188.185.125.71:9618?addrs=188.185.125.71-9618+[2001-1458-d00-4a--100-15e]-9618&alias=bigbird28.cern.ch&noUDP&sock=schedd_2497_5012>
...
009 (7760826.093.000) 05/04 16:34:39 Job was aborted.
	via condor_rm (by user idioniso)
...
000 (7760827.093.000) 05/04 16:34:52 Job submitted from host: <188.185.125.71:9618?addrs=188.185.125.71-9618+[2001-1458-d00-4a--100-15e]-9618&alias=bigbird28.cern.ch&noUDP&sock=schedd_2497_5012>
...
040 (7760827.093.000) 05/04 20:07:34 Started transferring input files
	Transferring to host: <188.185.193.182:9618?addrs=188.185.193.182-9618+[2001-1458-303-20--100-b2]-9618&alias=b9p19p3374.cern.ch&noUDP&sock=slot1_28_3018_3434_101284>
...
040 (7760827.093.000) 05/04 20:07:34 Finished transferring input files
...
001 (7760827.093.000) 05/04 20:07:35 Job executing on host: <188.185.193.182:9618?addrs=188.185.193.182-9618+[2001-1458-303-20--100-b2]-9618&alias=b9p19p3374.cern.ch&noUDP&sock=startd_2576_800e>
	SlotName: slot1_28@b9p19p3374.cern.ch
	CondorScratchDir = "/pool/condor/dir_3971535"
	Cpus = 1
	Disk = 3831
	GPUs = 0
	Memory = 3000
...
006 (7760827.093.000) 05/04 20:07:49 Image size of job updated: 86336
	85  -  MemoryUsage of job (MB)
	86336  -  ResidentSetSize of job (KB)
...
006 (7760827.093.000) 05/04 20:12:50 Image size of job updated: 953716
	930  -  MemoryUsage of job (MB)
	951888  -  ResidentSetSize of job (KB)
...
006 (7760827.093.000) 05/04 20:17:51 Image size of job updated: 967104
	930  -  MemoryUsage of job (MB)
	951888  -  ResidentSetSize of job (KB)
...
006 (7760827.093.000) 05/04 20:27:52 Image size of job updated: 967924
	930  -  MemoryUsage of job (MB)
	951888  -  ResidentSetSize of job (KB)
...
006 (7760827.093.000) 05/04 20:32:53 Image size of job updated: 972532
	930  -  MemoryUsage of job (MB)
	951888  -  ResidentSetSize of job (KB)
...
006 (7760827.093.000) 05/04 20:47:54 Image size of job updated: 981656
	930  -  MemoryUsage of job (MB)
	951888  -  ResidentSetSize of job (KB)
...
006 (7760827.093.000) 05/04 21:12:55 Image size of job updated: 983196
	930  -  MemoryUsage of job (MB)
	951888  -  ResidentSetSize of job (KB)
...
006 (7760827.093.000) 05/04 21:22:56 Image size of job updated: 987080
	930  -  MemoryUsage of job (MB)
	951888  -  ResidentSetSize of job (KB)
...
006 (7760827.093.000) 05/04 22:08:02 Image size of job updated: 1001600
	930  -  MemoryUsage of job (MB)
	951888  -  ResidentSetSize of job (KB)
...
006 (7760827.093.000) 05/04 22:43:05 Image size of job updated: 1001600
	941  -  MemoryUsage of job (MB)
	962980  -  ResidentSetSize of job (KB)
...
006 (7760827.093.000) 05/04 23:43:12 Image size of job updated: 1024432
	941  -  MemoryUsage of job (MB)
	962980  -  ResidentSetSize of job (KB)
...
006 (7760827.093.000) 05/05 00:23:15 Image size of job updated: 1024432
	943  -  MemoryUsage of job (MB)
	965508  -  ResidentSetSize of job (KB)
...
006 (7760827.093.000) 05/05 00:53:17 Image size of job updated: 1024432
	957  -  MemoryUsage of job (MB)
	979540  -  ResidentSetSize of job (KB)
...
006 (7760827.093.000) 05/05 01:18:21 Image size of job updated: 1024432
	957  -  MemoryUsage of job (MB)
	979696  -  ResidentSetSize of job (KB)
...
006 (7760827.093.000) 05/05 01:48:25 Image size of job updated: 1024432
	959  -  MemoryUsage of job (MB)
	981340  -  ResidentSetSize of job (KB)
...
006 (7760827.093.000) 05/05 02:38:31 Image size of job updated: 1024432
	963  -  MemoryUsage of job (MB)
	985864  -  ResidentSetSize of job (KB)
...
006 (7760827.093.000) 05/05 03:23:36 Image size of job updated: 1024432
	965  -  MemoryUsage of job (MB)
	987868  -  ResidentSetSize of job (KB)
...
006 (7760827.093.000) 05/05 04:28:40 Image size of job updated: 1024432
	968  -  MemoryUsage of job (MB)
	990220  -  ResidentSetSize of job (KB)
...
006 (7760827.093.000) 05/05 05:48:47 Image size of job updated: 1024640
	968  -  MemoryUsage of job (MB)
	990220  -  ResidentSetSize of job (KB)
...
006 (7760827.093.000) 05/05 07:13:55 Image size of job updated: 1036256
	970  -  MemoryUsage of job (MB)
	993060  -  ResidentSetSize of job (KB)
...
006 (7760827.093.000) 05/05 07:18:55 Image size of job updated: 1036256
	972  -  MemoryUsage of job (MB)
	994848  -  ResidentSetSize of job (KB)
...
006 (7760827.093.000) 05/05 07:28:57 Image size of job updated: 1036256
	977  -  MemoryUsage of job (MB)
	1000132  -  ResidentSetSize of job (KB)
...
006 (7760827.093.000) 05/05 07:59:00 Image size of job updated: 1042032
	977  -  MemoryUsage of job (MB)
	1000132  -  ResidentSetSize of job (KB)
...
006 (7760827.093.000) 05/05 08:19:02 Image size of job updated: 1042668
	977  -  MemoryUsage of job (MB)
	1000132  -  ResidentSetSize of job (KB)
...
006 (7760827.093.000) 05/05 08:29:04 Image size of job updated: 1055080
	977  -  MemoryUsage of job (MB)
	1000132  -  ResidentSetSize of job (KB)
...
006 (7760827.093.000) 05/05 08:44:06 Image size of job updated: 1055080
	978  -  MemoryUsage of job (MB)
	1001308  -  ResidentSetSize of job (KB)
...
040 (7760827.093.000) 05/05 09:06:54 Started transferring output files
...
040 (7760827.093.000) 05/05 09:06:54 Finished transferring output files
...
005 (7760827.093.000) 05/05 09:06:54 Job terminated.
	(1) Normal termination (return value 0)
		Usr 0 10:40:30, Sys 0 01:49:52  -  Run Remote Usage
		Usr 0 00:00:00, Sys 0 00:00:00  -  Run Local Usage
		Usr 0 10:40:30, Sys 0 01:49:52  -  Total Remote Usage
		Usr 0 00:00:00, Sys 0 00:00:00  -  Total Local Usage
	56062  -  Run Bytes Sent By Job
	1445  -  Run Bytes Received By Job
	56062  -  Total Bytes Sent By Job
	1445  -  Total Bytes Received By Job
	Partitionable Resources :    Usage  Request Allocated 
	   Cpus                 :     0.98        1         1 
	   Disk (KB)            :    79           2      3831 
	   GPUs                 :                           0 
	   Memory (MB)          :   978        3000      3000 
	   TimeExecute (s)      : 46759                       
	   TimeSlotBusy (s)     : 46761                       

	Job terminated of its own accord at 2026-05-05T07:06:54Z with exit-code 0.
...
