000 (7760828.326.000) 05/04 16:37:25 Job submitted from host: <188.185.125.71:9618?addrs=188.185.125.71-9618+[2001-1458-d00-4a--100-15e]-9618&alias=bigbird28.cern.ch&noUDP&sock=schedd_2497_5012>
...
040 (7760828.326.000) 05/05 04:28:00 Started transferring input files
	Transferring to host: <188.185.214.186:9618?addrs=188.185.214.186-9618+[2001-1458-303-1d--100-36]-9618&alias=b9p30p5040.cern.ch&noUDP&sock=slot1_37_1645178_7b0e_170978>
...
040 (7760828.326.000) 05/05 04:28:00 Finished transferring input files
...
001 (7760828.326.000) 05/05 04:28:01 Job executing on host: <188.185.214.186:9618?addrs=188.185.214.186-9618+[2001-1458-303-1d--100-36]-9618&alias=b9p30p5040.cern.ch&noUDP&sock=startd_1645084_5ec9>
	SlotName: slot1_37@b9p30p5040.cern.ch
	CondorScratchDir = "/pool/condor/dir_1194513"
	Cpus = 1
	Disk = 3765
	GPUs = 0
	Memory = 3000
...
006 (7760828.326.000) 05/05 04:28:15 Image size of job updated: 16628
	17  -  MemoryUsage of job (MB)
	16628  -  ResidentSetSize of job (KB)
...
006 (7760828.326.000) 05/05 04:33:16 Image size of job updated: 928704
	819  -  MemoryUsage of job (MB)
	838244  -  ResidentSetSize of job (KB)
...
006 (7760828.326.000) 05/05 04:38:16 Image size of job updated: 971212
	915  -  MemoryUsage of job (MB)
	936372  -  ResidentSetSize of job (KB)
...
006 (7760828.326.000) 05/05 04:43:16 Image size of job updated: 971212
	915  -  MemoryUsage of job (MB)
	936808  -  ResidentSetSize of job (KB)
...
006 (7760828.326.000) 05/05 04:48:17 Image size of job updated: 998944
	915  -  MemoryUsage of job (MB)
	936808  -  ResidentSetSize of job (KB)
...
006 (7760828.326.000) 05/05 04:58:18 Image size of job updated: 998944
	971  -  MemoryUsage of job (MB)
	993456  -  ResidentSetSize of job (KB)
...
006 (7760828.326.000) 05/05 06:58:32 Image size of job updated: 1008360
	971  -  MemoryUsage of job (MB)
	993456  -  ResidentSetSize of job (KB)
...
006 (7760828.326.000) 05/05 11:03:59 Image size of job updated: 1011356
	971  -  MemoryUsage of job (MB)
	993456  -  ResidentSetSize of job (KB)
...
006 (7760828.326.000) 05/05 11:24:01 Image size of job updated: 1011516
	971  -  MemoryUsage of job (MB)
	993456  -  ResidentSetSize of job (KB)
...
040 (7760828.326.000) 05/05 11:44:32 Started transferring output files
...
040 (7760828.326.000) 05/05 11:44:32 Finished transferring output files
...
005 (7760828.326.000) 05/05 11:44:32 Job terminated.
	(1) Normal termination (return value 0)
		Usr 0 04:43:05, Sys 0 02:25:49  -  Run Remote Usage
		Usr 0 00:00:00, Sys 0 00:00:00  -  Run Local Usage
		Usr 0 04:43:05, Sys 0 02:25:49  -  Total Remote Usage
		Usr 0 00:00:00, Sys 0 00:00:00  -  Total Local Usage
	12823  -  Run Bytes Sent By Job
	1445  -  Run Bytes Received By Job
	12823  -  Total Bytes Sent By Job
	1445  -  Total Bytes Received By Job
	Partitionable Resources :    Usage  Request Allocated 
	   Cpus                 :     0.99        1         1 
	   Disk (KB)            :    41           2      3765 
	   GPUs                 :                           0 
	   Memory (MB)          :   971        3000      3000 
	   TimeExecute (s)      : 26191                       
	   TimeSlotBusy (s)     : 26192                       

	Job terminated of its own accord at 2026-05-05T09:44:32Z with exit-code 0.
...
