000 (7760826.098.000) 05/04 16:34:31 Job submitted from host: <188.185.125.71:9618?addrs=188.185.125.71-9618+[2001-1458-d00-4a--100-15e]-9618&alias=bigbird28.cern.ch&noUDP&sock=schedd_2497_5012>
...
009 (7760826.098.000) 05/04 16:34:39 Job was aborted.
	via condor_rm (by user idioniso)
...
000 (7760827.098.000) 05/04 16:34:52 Job submitted from host: <188.185.125.71:9618?addrs=188.185.125.71-9618+[2001-1458-d00-4a--100-15e]-9618&alias=bigbird28.cern.ch&noUDP&sock=schedd_2497_5012>
...
040 (7760827.098.000) 05/04 20:07:36 Started transferring input files
	Transferring to host: <188.185.192.55:9618?addrs=188.185.192.55-9618+[2001-1458-303-1f--100-33]-9618&alias=b9p13p2541.cern.ch&noUDP&sock=slot1_1_1302849_bb4d_231189>
...
040 (7760827.098.000) 05/04 20:07:36 Finished transferring input files
...
001 (7760827.098.000) 05/04 20:07:37 Job executing on host: <188.185.192.55:9618?addrs=188.185.192.55-9618+[2001-1458-303-1f--100-33]-9618&alias=b9p13p2541.cern.ch&noUDP&sock=startd_8671_29ca>
	SlotName: slot1_1@b9p13p2541.cern.ch
	CondorScratchDir = "/pool/condor/dir_3499155"
	Cpus = 1
	Disk = 3767
	GPUs = 0
	Memory = 3000
...
006 (7760827.098.000) 05/04 20:07:50 Image size of job updated: 33280
	33  -  MemoryUsage of job (MB)
	33280  -  ResidentSetSize of job (KB)
...
006 (7760827.098.000) 05/04 20:12:50 Image size of job updated: 947956
	879  -  MemoryUsage of job (MB)
	899888  -  ResidentSetSize of job (KB)
...
006 (7760827.098.000) 05/04 20:17:51 Image size of job updated: 950424
	879  -  MemoryUsage of job (MB)
	899888  -  ResidentSetSize of job (KB)
...
006 (7760827.098.000) 05/04 20:27:51 Image size of job updated: 951436
	879  -  MemoryUsage of job (MB)
	899888  -  ResidentSetSize of job (KB)
...
006 (7760827.098.000) 05/04 20:32:52 Image size of job updated: 963868
	883  -  MemoryUsage of job (MB)
	903740  -  ResidentSetSize of job (KB)
...
006 (7760827.098.000) 05/04 20:37:52 Image size of job updated: 963868
	903  -  MemoryUsage of job (MB)
	924356  -  ResidentSetSize of job (KB)
...
006 (7760827.098.000) 05/04 20:47:53 Image size of job updated: 970652
	929  -  MemoryUsage of job (MB)
	951164  -  ResidentSetSize of job (KB)
...
006 (7760827.098.000) 05/04 21:22:55 Image size of job updated: 982176
	929  -  MemoryUsage of job (MB)
	951164  -  ResidentSetSize of job (KB)
...
006 (7760827.098.000) 05/04 22:53:04 Image size of job updated: 995796
	929  -  MemoryUsage of job (MB)
	951164  -  ResidentSetSize of job (KB)
...
006 (7760827.098.000) 05/05 00:08:12 Image size of job updated: 995796
	937  -  MemoryUsage of job (MB)
	958776  -  ResidentSetSize of job (KB)
...
006 (7760827.098.000) 05/05 00:43:15 Image size of job updated: 995796
	940  -  MemoryUsage of job (MB)
	961696  -  ResidentSetSize of job (KB)
...
006 (7760827.098.000) 05/05 01:03:17 Image size of job updated: 995796
	942  -  MemoryUsage of job (MB)
	964440  -  ResidentSetSize of job (KB)
...
006 (7760827.098.000) 05/05 01:43:22 Image size of job updated: 995796
	946  -  MemoryUsage of job (MB)
	967920  -  ResidentSetSize of job (KB)
...
006 (7760827.098.000) 05/05 01:48:23 Image size of job updated: 995796
	946  -  MemoryUsage of job (MB)
	967960  -  ResidentSetSize of job (KB)
...
006 (7760827.098.000) 05/05 02:03:24 Image size of job updated: 995796
	947  -  MemoryUsage of job (MB)
	968764  -  ResidentSetSize of job (KB)
...
006 (7760827.098.000) 05/05 04:08:32 Image size of job updated: 995796
	948  -  MemoryUsage of job (MB)
	969812  -  ResidentSetSize of job (KB)
...
006 (7760827.098.000) 05/05 04:53:36 Image size of job updated: 1016488
	948  -  MemoryUsage of job (MB)
	969812  -  ResidentSetSize of job (KB)
...
006 (7760827.098.000) 05/05 05:08:38 Image size of job updated: 1016488
	950  -  MemoryUsage of job (MB)
	972240  -  ResidentSetSize of job (KB)
...
006 (7760827.098.000) 05/05 05:18:40 Image size of job updated: 1016488
	951  -  MemoryUsage of job (MB)
	973584  -  ResidentSetSize of job (KB)
...
006 (7760827.098.000) 05/05 06:13:45 Image size of job updated: 1016488
	952  -  MemoryUsage of job (MB)
	974612  -  ResidentSetSize of job (KB)
...
006 (7760827.098.000) 05/05 07:03:49 Image size of job updated: 1016488
	968  -  MemoryUsage of job (MB)
	990936  -  ResidentSetSize of job (KB)
...
006 (7760827.098.000) 05/05 08:13:57 Image size of job updated: 1021520
	968  -  MemoryUsage of job (MB)
	990936  -  ResidentSetSize of job (KB)
...
006 (7760827.098.000) 05/05 08:33:58 Image size of job updated: 1025316
	968  -  MemoryUsage of job (MB)
	990936  -  ResidentSetSize of job (KB)
...
006 (7760827.098.000) 05/05 09:19:01 Image size of job updated: 1029792
	968  -  MemoryUsage of job (MB)
	990936  -  ResidentSetSize of job (KB)
...
040 (7760827.098.000) 05/05 09:25:00 Started transferring output files
...
040 (7760827.098.000) 05/05 09:25:00 Finished transferring output files
...
005 (7760827.098.000) 05/05 09:25:00 Job terminated.
	(1) Normal termination (return value 0)
		Usr 0 10:06:59, Sys 0 02:10:34  -  Run Remote Usage
		Usr 0 00:00:00, Sys 0 00:00:00  -  Run Local Usage
		Usr 0 10:06:59, Sys 0 02:10:34  -  Total Remote Usage
		Usr 0 00:00:00, Sys 0 00:00:00  -  Total Local Usage
	54791  -  Run Bytes Sent By Job
	1445  -  Run Bytes Received By Job
	54791  -  Total Bytes Sent By Job
	1445  -  Total Bytes Received By Job
	Partitionable Resources :    Usage  Request Allocated 
	   Cpus                 :     0.85        1         1 
	   Disk (KB)            :    78           2      3767 
	   GPUs                 :                           0 
	   Memory (MB)          :   968        3000      3000 
	   TimeExecute (s)      : 47843                       
	   TimeSlotBusy (s)     : 47845                       

	Job terminated of its own accord at 2026-05-05T07:25:00Z with exit-code 0.
...
