000 (7760827.292.000) 05/04 16:34:52 Job submitted from host: <188.185.125.71:9618?addrs=188.185.125.71-9618+[2001-1458-d00-4a--100-15e]-9618&alias=bigbird28.cern.ch&noUDP&sock=schedd_2497_5012>
...
040 (7760827.292.000) 05/05 04:25:46 Started transferring input files
	Transferring to host: <128.142.132.158:9618?addrs=128.142.132.158-9618+[2001-1458-301-5a--100-92]-9618&alias=b9g12p0721.cern.ch&noUDP&sock=slot1_1_2737_36c8_224199>
...
040 (7760827.292.000) 05/05 04:25:46 Finished transferring input files
...
001 (7760827.292.000) 05/05 04:25:47 Job executing on host: <128.142.132.158:9618?addrs=128.142.132.158-9618+[2001-1458-301-5a--100-92]-9618&alias=b9g12p0721.cern.ch&noUDP&sock=startd_2343_ae7c>
	SlotName: slot1_1@b9g12p0721.cern.ch
	CondorScratchDir = "/pool/condor/dir_215076"
	Cpus = 1
	Disk = 2617
	GPUs = 0
	Memory = 3000
...
006 (7760827.292.000) 05/05 04:26:00 Image size of job updated: 89996
	88  -  MemoryUsage of job (MB)
	89996  -  ResidentSetSize of job (KB)
...
006 (7760827.292.000) 05/05 04:31:00 Image size of job updated: 962956
	789  -  MemoryUsage of job (MB)
	807628  -  ResidentSetSize of job (KB)
...
006 (7760827.292.000) 05/05 04:36:01 Image size of job updated: 967748
	828  -  MemoryUsage of job (MB)
	847700  -  ResidentSetSize of job (KB)
...
006 (7760827.292.000) 05/05 04:41:01 Image size of job updated: 972412
	841  -  MemoryUsage of job (MB)
	860356  -  ResidentSetSize of job (KB)
...
006 (7760827.292.000) 05/05 04:46:01 Image size of job updated: 1008848
	879  -  MemoryUsage of job (MB)
	899140  -  ResidentSetSize of job (KB)
...
006 (7760827.292.000) 05/05 04:51:02 Image size of job updated: 1008848
	886  -  MemoryUsage of job (MB)
	906484  -  ResidentSetSize of job (KB)
...
006 (7760827.292.000) 05/05 05:06:03 Image size of job updated: 1008848
	904  -  MemoryUsage of job (MB)
	924752  -  ResidentSetSize of job (KB)
...
006 (7760827.292.000) 05/05 05:11:03 Image size of job updated: 1008848
	963  -  MemoryUsage of job (MB)
	985572  -  ResidentSetSize of job (KB)
...
006 (7760827.292.000) 05/05 06:51:10 Image size of job updated: 1016004
	963  -  MemoryUsage of job (MB)
	985572  -  ResidentSetSize of job (KB)
...
006 (7760827.292.000) 05/05 06:56:10 Image size of job updated: 1044752
	963  -  MemoryUsage of job (MB)
	985572  -  ResidentSetSize of job (KB)
...
006 (7760827.292.000) 05/05 08:36:18 Image size of job updated: 1044752
	982  -  MemoryUsage of job (MB)
	1004652  -  ResidentSetSize of job (KB)
...
006 (7760827.292.000) 05/05 10:16:27 Image size of job updated: 1044752
	983  -  MemoryUsage of job (MB)
	1005608  -  ResidentSetSize of job (KB)
...
006 (7760827.292.000) 05/05 11:41:35 Image size of job updated: 1044752
	985  -  MemoryUsage of job (MB)
	1008332  -  ResidentSetSize of job (KB)
...
006 (7760827.292.000) 05/05 12:21:40 Image size of job updated: 1044752
	987  -  MemoryUsage of job (MB)
	1010156  -  ResidentSetSize of job (KB)
...
006 (7760827.292.000) 05/05 13:21:45 Image size of job updated: 1044752
	998  -  MemoryUsage of job (MB)
	1021164  -  ResidentSetSize of job (KB)
...
006 (7760827.292.000) 05/05 14:31:53 Image size of job updated: 1057676
	998  -  MemoryUsage of job (MB)
	1021164  -  ResidentSetSize of job (KB)
...
040 (7760827.292.000) 05/05 15:37:48 Started transferring output files
...
040 (7760827.292.000) 05/05 15:37:48 Finished transferring output files
...
005 (7760827.292.000) 05/05 15:37:48 Job terminated.
	(1) Normal termination (return value 0)
		Usr 0 09:25:54, Sys 0 01:34:46  -  Run Remote Usage
		Usr 0 00:00:00, Sys 0 00:00:00  -  Run Local Usage
		Usr 0 09:25:54, Sys 0 01:34:46  -  Total Remote Usage
		Usr 0 00:00:00, Sys 0 00:00:00  -  Total Local Usage
	57944  -  Run Bytes Sent By Job
	1445  -  Run Bytes Received By Job
	57944  -  Total Bytes Sent By Job
	1445  -  Total Bytes Received By Job
	Partitionable Resources :    Usage  Request Allocated 
	   Cpus                 :     1.00        1         1 
	   Disk (KB)            :    81           2      2617 
	   GPUs                 :                           0 
	   Memory (MB)          :   998        3000      3000 
	   TimeExecute (s)      : 40321                       
	   TimeSlotBusy (s)     : 40323                       

	Job terminated of its own accord at 2026-05-05T13:37:48Z with exit-code 0.
...
