000 (7760828.219.000) 05/04 16:37:25 Job submitted from host: <188.185.125.71:9618?addrs=188.185.125.71-9618+[2001-1458-d00-4a--100-15e]-9618&alias=bigbird28.cern.ch&noUDP&sock=schedd_2497_5012>
...
040 (7760828.219.000) 05/05 04:27:25 Started transferring input files
	Transferring to host: <188.185.211.176:9618?addrs=188.185.211.176-9618+[2001-1458-303-17--100-2c]-9618&alias=b9p24p9529.cern.ch&noUDP&sock=slot1_40_530865_2aad_172337>
...
040 (7760828.219.000) 05/05 04:27:25 Finished transferring input files
...
001 (7760828.219.000) 05/05 04:27:26 Job executing on host: <188.185.211.176:9618?addrs=188.185.211.176-9618+[2001-1458-303-17--100-2c]-9618&alias=b9p24p9529.cern.ch&noUDP&sock=startd_3746_05dc>
	SlotName: slot1_40@b9p24p9529.cern.ch
	CondorScratchDir = "/pool/condor/dir_2239193"
	Cpus = 1
	Disk = 3747
	GPUs = 0
	Memory = 3000
...
006 (7760828.219.000) 05/05 04:27:40 Image size of job updated: 197904
	194  -  MemoryUsage of job (MB)
	197904  -  ResidentSetSize of job (KB)
...
006 (7760828.219.000) 05/05 04:32:41 Image size of job updated: 961660
	940  -  MemoryUsage of job (MB)
	961660  -  ResidentSetSize of job (KB)
...
006 (7760828.219.000) 05/05 04:42:42 Image size of job updated: 977496
	940  -  MemoryUsage of job (MB)
	961660  -  ResidentSetSize of job (KB)
...
006 (7760828.219.000) 05/05 04:52:44 Image size of job updated: 982780
	940  -  MemoryUsage of job (MB)
	961660  -  ResidentSetSize of job (KB)
...
006 (7760828.219.000) 05/05 05:17:47 Image size of job updated: 999420
	941  -  MemoryUsage of job (MB)
	962784  -  ResidentSetSize of job (KB)
...
006 (7760828.219.000) 05/05 05:57:50 Image size of job updated: 1006376
	941  -  MemoryUsage of job (MB)
	962784  -  ResidentSetSize of job (KB)
...
006 (7760828.219.000) 05/05 06:52:55 Image size of job updated: 1006376
	942  -  MemoryUsage of job (MB)
	964060  -  ResidentSetSize of job (KB)
...
006 (7760828.219.000) 05/05 07:22:57 Image size of job updated: 1015540
	942  -  MemoryUsage of job (MB)
	964060  -  ResidentSetSize of job (KB)
...
006 (7760828.219.000) 05/05 07:48:00 Image size of job updated: 1015540
	945  -  MemoryUsage of job (MB)
	966984  -  ResidentSetSize of job (KB)
...
006 (7760828.219.000) 05/05 08:18:04 Image size of job updated: 1015540
	947  -  MemoryUsage of job (MB)
	969416  -  ResidentSetSize of job (KB)
...
006 (7760828.219.000) 05/05 08:33:06 Image size of job updated: 1015540
	947  -  MemoryUsage of job (MB)
	969572  -  ResidentSetSize of job (KB)
...
006 (7760828.219.000) 05/05 08:58:09 Image size of job updated: 1015540
	968  -  MemoryUsage of job (MB)
	991208  -  ResidentSetSize of job (KB)
...
006 (7760828.219.000) 05/05 09:03:09 Image size of job updated: 1016584
	968  -  MemoryUsage of job (MB)
	991208  -  ResidentSetSize of job (KB)
...
006 (7760828.219.000) 05/05 09:58:15 Image size of job updated: 1021644
	968  -  MemoryUsage of job (MB)
	991208  -  ResidentSetSize of job (KB)
...
006 (7760828.219.000) 05/05 10:13:16 Image size of job updated: 1024572
	968  -  MemoryUsage of job (MB)
	991208  -  ResidentSetSize of job (KB)
...
006 (7760828.219.000) 05/05 10:43:18 Image size of job updated: 1024572
	976  -  MemoryUsage of job (MB)
	998512  -  ResidentSetSize of job (KB)
...
006 (7760828.219.000) 05/05 10:51:33 Image size of job updated: 1027716
	976  -  MemoryUsage of job (MB)
	998512  -  ResidentSetSize of job (KB)
...
040 (7760828.219.000) 05/05 10:51:33 Started transferring output files
...
040 (7760828.219.000) 05/05 10:51:33 Finished transferring output files
...
005 (7760828.219.000) 05/05 10:51:33 Job terminated.
	(1) Normal termination (return value 0)
		Usr 0 05:01:21, Sys 0 01:16:54  -  Run Remote Usage
		Usr 0 00:00:00, Sys 0 00:00:00  -  Run Local Usage
		Usr 0 05:01:21, Sys 0 01:16:54  -  Total Remote Usage
		Usr 0 00:00:00, Sys 0 00:00:00  -  Total Local Usage
	13016  -  Run Bytes Sent By Job
	1445  -  Run Bytes Received By Job
	13016  -  Total Bytes Sent By Job
	1445  -  Total Bytes Received By Job
	Partitionable Resources :    Usage  Request Allocated 
	   Cpus                 :     0.99        1         1 
	   Disk (KB)            :    41           2      3747 
	   GPUs                 :                           0 
	   Memory (MB)          :   976        3000      3000 
	   TimeExecute (s)      : 23047                       
	   TimeSlotBusy (s)     : 23048                       

	Job terminated of its own accord at 2026-05-05T08:51:33Z with exit-code 0.
...
