000 (7760828.139.000) 05/04 16:37:25 Job submitted from host: <188.185.125.71:9618?addrs=188.185.125.71-9618+[2001-1458-d00-4a--100-15e]-9618&alias=bigbird28.cern.ch&noUDP&sock=schedd_2497_5012>
...
040 (7760828.139.000) 05/05 04:26:57 Started transferring input files
	Transferring to host: <188.185.208.197:9618?addrs=188.185.208.197-9618+[2001-1458-303-10--100-42]-9618&alias=b9p10p5710.cern.ch&noUDP&sock=slot1_36_6647_29a7_227274>
...
040 (7760828.139.000) 05/05 04:26:57 Finished transferring input files
...
001 (7760828.139.000) 05/05 04:26:58 Job executing on host: <188.185.208.197:9618?addrs=188.185.208.197-9618+[2001-1458-303-10--100-42]-9618&alias=b9p10p5710.cern.ch&noUDP&sock=startd_5932_6fe4>
	SlotName: slot1_36@b9p10p5710.cern.ch
	CondorScratchDir = "/pool/condor/dir_3919194"
	Cpus = 1
	Disk = 3480
	GPUs = 0
	Memory = 3000
...
006 (7760828.139.000) 05/05 04:27:12 Image size of job updated: 141892
	139  -  MemoryUsage of job (MB)
	141892  -  ResidentSetSize of job (KB)
...
006 (7760828.139.000) 05/05 04:32:13 Image size of job updated: 957620
	925  -  MemoryUsage of job (MB)
	946236  -  ResidentSetSize of job (KB)
...
006 (7760828.139.000) 05/05 04:47:15 Image size of job updated: 959912
	932  -  MemoryUsage of job (MB)
	953732  -  ResidentSetSize of job (KB)
...
006 (7760828.139.000) 05/05 04:57:16 Image size of job updated: 961248
	932  -  MemoryUsage of job (MB)
	953732  -  ResidentSetSize of job (KB)
...
006 (7760828.139.000) 05/05 05:02:16 Image size of job updated: 962180
	932  -  MemoryUsage of job (MB)
	953732  -  ResidentSetSize of job (KB)
...
006 (7760828.139.000) 05/05 05:12:18 Image size of job updated: 964096
	932  -  MemoryUsage of job (MB)
	953732  -  ResidentSetSize of job (KB)
...
006 (7760828.139.000) 05/05 05:17:18 Image size of job updated: 975944
	932  -  MemoryUsage of job (MB)
	953732  -  ResidentSetSize of job (KB)
...
006 (7760828.139.000) 05/05 05:22:19 Image size of job updated: 978164
	932  -  MemoryUsage of job (MB)
	953732  -  ResidentSetSize of job (KB)
...
006 (7760828.139.000) 05/05 06:17:24 Image size of job updated: 998764
	932  -  MemoryUsage of job (MB)
	953732  -  ResidentSetSize of job (KB)
...
006 (7760828.139.000) 05/05 06:57:28 Image size of job updated: 998764
	948  -  MemoryUsage of job (MB)
	970752  -  ResidentSetSize of job (KB)
...
006 (7760828.139.000) 05/05 07:02:28 Image size of job updated: 998764
	962  -  MemoryUsage of job (MB)
	984796  -  ResidentSetSize of job (KB)
...
006 (7760828.139.000) 05/05 10:42:51 Image size of job updated: 1006980
	970  -  MemoryUsage of job (MB)
	992812  -  ResidentSetSize of job (KB)
...
006 (7760828.139.000) 05/05 10:52:52 Image size of job updated: 1012876
	970  -  MemoryUsage of job (MB)
	992812  -  ResidentSetSize of job (KB)
...
006 (7760828.139.000) 05/05 11:02:53 Image size of job updated: 1015868
	971  -  MemoryUsage of job (MB)
	994192  -  ResidentSetSize of job (KB)
...
006 (7760828.139.000) 05/05 11:22:55 Image size of job updated: 1018940
	971  -  MemoryUsage of job (MB)
	994192  -  ResidentSetSize of job (KB)
...
040 (7760828.139.000) 05/05 11:33:32 Started transferring output files
...
040 (7760828.139.000) 05/05 11:33:32 Finished transferring output files
...
005 (7760828.139.000) 05/05 11:33:32 Job terminated.
	(1) Normal termination (return value 0)
		Usr 0 05:32:27, Sys 0 01:23:42  -  Run Remote Usage
		Usr 0 00:00:00, Sys 0 00:00:00  -  Run Local Usage
		Usr 0 05:32:27, Sys 0 01:23:42  -  Total Remote Usage
		Usr 0 00:00:00, Sys 0 00:00:00  -  Total Local Usage
	12919  -  Run Bytes Sent By Job
	1445  -  Run Bytes Received By Job
	12919  -  Total Bytes Sent By Job
	1445  -  Total Bytes Received By Job
	Partitionable Resources :    Usage  Request Allocated 
	   Cpus                 :     0.99        1         1 
	   Disk (KB)            :    41           2      3480 
	   GPUs                 :                           0 
	   Memory (MB)          :   971        3000      3000 
	   TimeExecute (s)      : 25594                       
	   TimeSlotBusy (s)     : 25595                       

	Job terminated of its own accord at 2026-05-05T09:33:32Z with exit-code 0.
...
