000 (7760828.091.000) 05/04 16:37:25 Job submitted from host: <188.185.125.71:9618?addrs=188.185.125.71-9618+[2001-1458-d00-4a--100-15e]-9618&alias=bigbird28.cern.ch&noUDP&sock=schedd_2497_5012>
...
040 (7760828.091.000) 05/05 04:26:41 Started transferring input files
	Transferring to host: <188.185.213.34:9618?addrs=188.185.213.34-9618+[2001-1458-303-1a--100-1e]-9618&alias=b9p27p1283.cern.ch&noUDP&sock=slot1_31_10053_ff72_254271>
...
040 (7760828.091.000) 05/05 04:26:41 Finished transferring input files
...
001 (7760828.091.000) 05/05 04:26:42 Job executing on host: <188.185.213.34:9618?addrs=188.185.213.34-9618+[2001-1458-303-1a--100-1e]-9618&alias=b9p27p1283.cern.ch&noUDP&sock=startd_9268_a7d5>
	SlotName: slot1_31@b9p27p1283.cern.ch
	CondorScratchDir = "/pool/condor/dir_22830"
	Cpus = 1
	Disk = 3807
	GPUs = 0
	Memory = 3000
...
006 (7760828.091.000) 05/05 04:26:56 Image size of job updated: 182152
	178  -  MemoryUsage of job (MB)
	182152  -  ResidentSetSize of job (KB)
...
006 (7760828.091.000) 05/05 04:31:57 Image size of job updated: 966200
	787  -  MemoryUsage of job (MB)
	805104  -  ResidentSetSize of job (KB)
...
006 (7760828.091.000) 05/05 04:36:57 Image size of job updated: 966200
	936  -  MemoryUsage of job (MB)
	957500  -  ResidentSetSize of job (KB)
...
006 (7760828.091.000) 05/05 04:46:58 Image size of job updated: 982836
	936  -  MemoryUsage of job (MB)
	957500  -  ResidentSetSize of job (KB)
...
006 (7760828.091.000) 05/05 04:56:58 Image size of job updated: 993912
	936  -  MemoryUsage of job (MB)
	957500  -  ResidentSetSize of job (KB)
...
006 (7760828.091.000) 05/05 05:17:01 Image size of job updated: 995488
	954  -  MemoryUsage of job (MB)
	976192  -  ResidentSetSize of job (KB)
...
006 (7760828.091.000) 05/05 05:22:01 Image size of job updated: 1043008
	954  -  MemoryUsage of job (MB)
	976192  -  ResidentSetSize of job (KB)
...
006 (7760828.091.000) 05/05 06:22:07 Image size of job updated: 1043008
	985  -  MemoryUsage of job (MB)
	1007952  -  ResidentSetSize of job (KB)
...
006 (7760828.091.000) 05/05 09:17:26 Image size of job updated: 1047940
	985  -  MemoryUsage of job (MB)
	1007952  -  ResidentSetSize of job (KB)
...
040 (7760828.091.000) 05/05 10:18:11 Started transferring output files
...
040 (7760828.091.000) 05/05 10:18:11 Finished transferring output files
...
005 (7760828.091.000) 05/05 10:18:11 Job terminated.
	(1) Normal termination (return value 0)
		Usr 0 04:39:15, Sys 0 01:07:40  -  Run Remote Usage
		Usr 0 00:00:00, Sys 0 00:00:00  -  Run Local Usage
		Usr 0 04:39:15, Sys 0 01:07:40  -  Total Remote Usage
		Usr 0 00:00:00, Sys 0 00:00:00  -  Total Local Usage
	12879  -  Run Bytes Sent By Job
	1445  -  Run Bytes Received By Job
	12879  -  Total Bytes Sent By Job
	1445  -  Total Bytes Received By Job
	Partitionable Resources :    Usage  Request Allocated 
	   Cpus                 :     0.99        1         1 
	   Disk (KB)            :    41           2      3807 
	   GPUs                 :                           0 
	   Memory (MB)          :   985        3000      3000 
	   TimeExecute (s)      : 21089                       
	   TimeSlotBusy (s)     : 21090                       

	Job terminated of its own accord at 2026-05-05T08:18:11Z with exit-code 0.
...
