000 (7760826.073.000) 05/04 16:34:31 Job submitted from host: <188.185.125.71:9618?addrs=188.185.125.71-9618+[2001-1458-d00-4a--100-15e]-9618&alias=bigbird28.cern.ch&noUDP&sock=schedd_2497_5012>
...
009 (7760826.073.000) 05/04 16:34:39 Job was aborted.
	via condor_rm (by user idioniso)
...
000 (7760827.073.000) 05/04 16:34:52 Job submitted from host: <188.185.125.71:9618?addrs=188.185.125.71-9618+[2001-1458-d00-4a--100-15e]-9618&alias=bigbird28.cern.ch&noUDP&sock=schedd_2497_5012>
...
040 (7760827.073.000) 05/04 18:31:14 Started transferring input files
	Transferring to host: <188.185.196.72:9618?addrs=188.185.196.72-9618+[2001-1458-303-23--100-44]-9618&alias=b9p16p9424.cern.ch&noUDP&sock=slot1_5_9266_7c32_214864>
...
040 (7760827.073.000) 05/04 18:31:14 Finished transferring input files
...
001 (7760827.073.000) 05/04 18:31:15 Job executing on host: <188.185.196.72:9618?addrs=188.185.196.72-9618+[2001-1458-303-23--100-44]-9618&alias=b9p16p9424.cern.ch&noUDP&sock=startd_8244_46da>
	SlotName: slot1_5@b9p16p9424.cern.ch
	CondorScratchDir = "/pool/condor/dir_3629272"
	Cpus = 1
	Disk = 3893
	GPUs = 0
	Memory = 3000
...
006 (7760827.073.000) 05/04 18:31:29 Image size of job updated: 16628
	17  -  MemoryUsage of job (MB)
	16628  -  ResidentSetSize of job (KB)
...
006 (7760827.073.000) 05/04 18:36:30 Image size of job updated: 941428
	883  -  MemoryUsage of job (MB)
	904100  -  ResidentSetSize of job (KB)
...
006 (7760827.073.000) 05/04 18:41:31 Image size of job updated: 958744
	899  -  MemoryUsage of job (MB)
	920560  -  ResidentSetSize of job (KB)
...
006 (7760827.073.000) 05/04 18:46:31 Image size of job updated: 958744
	908  -  MemoryUsage of job (MB)
	928984  -  ResidentSetSize of job (KB)
...
006 (7760827.073.000) 05/04 18:56:33 Image size of job updated: 960488
	908  -  MemoryUsage of job (MB)
	928984  -  ResidentSetSize of job (KB)
...
006 (7760827.073.000) 05/04 19:11:34 Image size of job updated: 964624
	908  -  MemoryUsage of job (MB)
	928984  -  ResidentSetSize of job (KB)
...
006 (7760827.073.000) 05/04 19:16:34 Image size of job updated: 968276
	908  -  MemoryUsage of job (MB)
	928984  -  ResidentSetSize of job (KB)
...
006 (7760827.073.000) 05/04 19:36:35 Image size of job updated: 968276
	925  -  MemoryUsage of job (MB)
	946552  -  ResidentSetSize of job (KB)
...
006 (7760827.073.000) 05/04 19:56:37 Image size of job updated: 968276
	929  -  MemoryUsage of job (MB)
	950876  -  ResidentSetSize of job (KB)
...
006 (7760827.073.000) 05/04 20:16:38 Image size of job updated: 972800
	929  -  MemoryUsage of job (MB)
	950876  -  ResidentSetSize of job (KB)
...
006 (7760827.073.000) 05/04 20:36:40 Image size of job updated: 983184
	929  -  MemoryUsage of job (MB)
	950876  -  ResidentSetSize of job (KB)
...
006 (7760827.073.000) 05/04 20:46:40 Image size of job updated: 983184
	932  -  MemoryUsage of job (MB)
	953904  -  ResidentSetSize of job (KB)
...
006 (7760827.073.000) 05/04 21:01:42 Image size of job updated: 1001824
	932  -  MemoryUsage of job (MB)
	953904  -  ResidentSetSize of job (KB)
...
006 (7760827.073.000) 05/04 21:06:43 Image size of job updated: 1001824
	934  -  MemoryUsage of job (MB)
	956332  -  ResidentSetSize of job (KB)
...
006 (7760827.073.000) 05/04 22:06:49 Image size of job updated: 1001824
	935  -  MemoryUsage of job (MB)
	956588  -  ResidentSetSize of job (KB)
...
006 (7760827.073.000) 05/04 22:56:55 Image size of job updated: 1001824
	937  -  MemoryUsage of job (MB)
	958976  -  ResidentSetSize of job (KB)
...
006 (7760827.073.000) 05/04 23:01:55 Image size of job updated: 1001824
	938  -  MemoryUsage of job (MB)
	959592  -  ResidentSetSize of job (KB)
...
006 (7760827.073.000) 05/04 23:57:00 Image size of job updated: 1003904
	938  -  MemoryUsage of job (MB)
	959592  -  ResidentSetSize of job (KB)
...
006 (7760827.073.000) 05/05 00:22:02 Image size of job updated: 1003904
	959  -  MemoryUsage of job (MB)
	981152  -  ResidentSetSize of job (KB)
...
006 (7760827.073.000) 05/05 01:07:08 Image size of job updated: 1014736
	959  -  MemoryUsage of job (MB)
	981152  -  ResidentSetSize of job (KB)
...
006 (7760827.073.000) 05/05 01:22:10 Image size of job updated: 1014736
	962  -  MemoryUsage of job (MB)
	984628  -  ResidentSetSize of job (KB)
...
006 (7760827.073.000) 05/05 01:47:13 Image size of job updated: 1014736
	981  -  MemoryUsage of job (MB)
	1004324  -  ResidentSetSize of job (KB)
...
006 (7760827.073.000) 05/05 03:12:22 Image size of job updated: 1038640
	981  -  MemoryUsage of job (MB)
	1004324  -  ResidentSetSize of job (KB)
...
006 (7760827.073.000) 05/05 06:17:39 Image size of job updated: 1047300
	981  -  MemoryUsage of job (MB)
	1004324  -  ResidentSetSize of job (KB)
...
040 (7760827.073.000) 05/05 09:21:29 Started transferring output files
...
040 (7760827.073.000) 05/05 09:21:29 Finished transferring output files
...
005 (7760827.073.000) 05/05 09:21:29 Job terminated.
	(1) Normal termination (return value 0)
		Usr 0 10:39:11, Sys 0 02:10:32  -  Run Remote Usage
		Usr 0 00:00:00, Sys 0 00:00:00  -  Run Local Usage
		Usr 0 10:39:11, Sys 0 02:10:32  -  Total Remote Usage
		Usr 0 00:00:00, Sys 0 00:00:00  -  Total Local Usage
	57643  -  Run Bytes Sent By Job
	1445  -  Run Bytes Received By Job
	57643  -  Total Bytes Sent By Job
	1445  -  Total Bytes Received By Job
	Partitionable Resources :    Usage  Request Allocated 
	   Cpus                 :     0.96        1         1 
	   Disk (KB)            :    81           2      3893 
	   GPUs                 :                           0 
	   Memory (MB)          :   981        3000      3000 
	   TimeExecute (s)      : 53414                       
	   TimeSlotBusy (s)     : 53416                       

	Job terminated of its own accord at 2026-05-05T07:21:29Z with exit-code 0.
...
