000 (7760828.251.000) 05/04 16:37:25 Job submitted from host: <188.185.125.71:9618?addrs=188.185.125.71-9618+[2001-1458-d00-4a--100-15e]-9618&alias=bigbird28.cern.ch&noUDP&sock=schedd_2497_5012>
...
040 (7760828.251.000) 05/05 04:27:50 Started transferring input files
	Transferring to host: <188.185.211.224:9618?addrs=188.185.211.224-9618+[2001-1458-303-17--100-5c]-9618&alias=b9p24p8550.cern.ch&noUDP&sock=slot1_32_3106_3537_251282>
...
040 (7760828.251.000) 05/05 04:27:50 Finished transferring input files
...
001 (7760828.251.000) 05/05 04:27:51 Job executing on host: <188.185.211.224:9618?addrs=188.185.211.224-9618+[2001-1458-303-17--100-5c]-9618&alias=b9p24p8550.cern.ch&noUDP&sock=startd_2655_b009>
	SlotName: slot1_32@b9p24p8550.cern.ch
	CondorScratchDir = "/pool/condor/dir_1258171"
	Cpus = 1
	Disk = 3722
	GPUs = 0
	Memory = 3000
...
006 (7760828.251.000) 05/05 04:28:05 Image size of job updated: 16628
	17  -  MemoryUsage of job (MB)
	16628  -  ResidentSetSize of job (KB)
...
006 (7760828.251.000) 05/05 04:33:06 Image size of job updated: 927376
	886  -  MemoryUsage of job (MB)
	906948  -  ResidentSetSize of job (KB)
...
006 (7760828.251.000) 05/05 04:38:07 Image size of job updated: 937016
	886  -  MemoryUsage of job (MB)
	906948  -  ResidentSetSize of job (KB)
...
006 (7760828.251.000) 05/05 04:43:07 Image size of job updated: 951700
	901  -  MemoryUsage of job (MB)
	922296  -  ResidentSetSize of job (KB)
...
006 (7760828.251.000) 05/05 04:48:08 Image size of job updated: 958356
	932  -  MemoryUsage of job (MB)
	953696  -  ResidentSetSize of job (KB)
...
006 (7760828.251.000) 05/05 04:58:09 Image size of job updated: 976620
	932  -  MemoryUsage of job (MB)
	953696  -  ResidentSetSize of job (KB)
...
006 (7760828.251.000) 05/05 05:03:10 Image size of job updated: 987240
	932  -  MemoryUsage of job (MB)
	953696  -  ResidentSetSize of job (KB)
...
006 (7760828.251.000) 05/05 06:28:19 Image size of job updated: 994244
	932  -  MemoryUsage of job (MB)
	953696  -  ResidentSetSize of job (KB)
...
006 (7760828.251.000) 05/05 09:13:36 Image size of job updated: 994244
	935  -  MemoryUsage of job (MB)
	956892  -  ResidentSetSize of job (KB)
...
006 (7760828.251.000) 05/05 09:23:36 Image size of job updated: 994244
	951  -  MemoryUsage of job (MB)
	973560  -  ResidentSetSize of job (KB)
...
006 (7760828.251.000) 05/05 10:28:43 Image size of job updated: 994452
	951  -  MemoryUsage of job (MB)
	973560  -  ResidentSetSize of job (KB)
...
006 (7760828.251.000) 05/05 10:38:45 Image size of job updated: 999020
	951  -  MemoryUsage of job (MB)
	973560  -  ResidentSetSize of job (KB)
...
006 (7760828.251.000) 05/05 11:18:49 Image size of job updated: 1008868
	951  -  MemoryUsage of job (MB)
	973560  -  ResidentSetSize of job (KB)
...
040 (7760828.251.000) 05/05 11:40:25 Started transferring output files
...
040 (7760828.251.000) 05/05 11:40:25 Finished transferring output files
...
005 (7760828.251.000) 05/05 11:40:25 Job terminated.
	(1) Normal termination (return value 0)
		Usr 0 05:02:03, Sys 0 02:02:14  -  Run Remote Usage
		Usr 0 00:00:00, Sys 0 00:00:00  -  Run Local Usage
		Usr 0 05:02:03, Sys 0 02:02:14  -  Total Remote Usage
		Usr 0 00:00:00, Sys 0 00:00:00  -  Total Local Usage
	13400  -  Run Bytes Sent By Job
	1445  -  Run Bytes Received By Job
	13400  -  Total Bytes Sent By Job
	1445  -  Total Bytes Received By Job
	Partitionable Resources :    Usage  Request Allocated 
	   Cpus                 :     0.99        1         1 
	   Disk (KB)            :    41           2      3722 
	   GPUs                 :                           0 
	   Memory (MB)          :   951        3000      3000 
	   TimeExecute (s)      : 25954                       
	   TimeSlotBusy (s)     : 25955                       

	Job terminated of its own accord at 2026-05-05T09:40:25Z with exit-code 0.
...
