000 (7760827.163.000) 05/04 16:34:52 Job submitted from host: <188.185.125.71:9618?addrs=188.185.125.71-9618+[2001-1458-d00-4a--100-15e]-9618&alias=bigbird28.cern.ch&noUDP&sock=schedd_2497_5012>
...
040 (7760827.163.000) 05/04 20:49:42 Started transferring input files
	Transferring to host: <188.185.193.139:9618?addrs=188.185.193.139-9618+[2001-1458-303-20--100-87]-9618&alias=b9p19p7149.cern.ch&noUDP&sock=slot1_12_820438_8a8c_154557>
...
040 (7760827.163.000) 05/04 20:49:42 Finished transferring input files
...
001 (7760827.163.000) 05/04 20:49:43 Job executing on host: <188.185.193.139:9618?addrs=188.185.193.139-9618+[2001-1458-303-20--100-87]-9618&alias=b9p19p7149.cern.ch&noUDP&sock=startd_819751_949c>
	SlotName: slot1_12@b9p19p7149.cern.ch
	CondorScratchDir = "/pool/condor/dir_1204701"
	Cpus = 1
	Disk = 3887
	GPUs = 0
	Memory = 3000
...
006 (7760827.163.000) 05/04 20:49:56 Image size of job updated: 80480
	79  -  MemoryUsage of job (MB)
	80480  -  ResidentSetSize of job (KB)
...
006 (7760827.163.000) 05/04 20:54:56 Image size of job updated: 942088
	834  -  MemoryUsage of job (MB)
	853688  -  ResidentSetSize of job (KB)
...
006 (7760827.163.000) 05/04 20:59:57 Image size of job updated: 947244
	880  -  MemoryUsage of job (MB)
	900344  -  ResidentSetSize of job (KB)
...
006 (7760827.163.000) 05/04 21:04:58 Image size of job updated: 953664
	880  -  MemoryUsage of job (MB)
	900344  -  ResidentSetSize of job (KB)
...
006 (7760827.163.000) 05/04 21:14:59 Image size of job updated: 958876
	880  -  MemoryUsage of job (MB)
	900344  -  ResidentSetSize of job (KB)
...
006 (7760827.163.000) 05/04 21:20:00 Image size of job updated: 958876
	917  -  MemoryUsage of job (MB)
	938664  -  ResidentSetSize of job (KB)
...
006 (7760827.163.000) 05/04 21:25:00 Image size of job updated: 973048
	917  -  MemoryUsage of job (MB)
	938664  -  ResidentSetSize of job (KB)
...
006 (7760827.163.000) 05/04 21:45:01 Image size of job updated: 983152
	917  -  MemoryUsage of job (MB)
	938664  -  ResidentSetSize of job (KB)
...
006 (7760827.163.000) 05/04 22:15:04 Image size of job updated: 983152
	948  -  MemoryUsage of job (MB)
	970680  -  ResidentSetSize of job (KB)
...
006 (7760827.163.000) 05/04 22:45:07 Image size of job updated: 985264
	948  -  MemoryUsage of job (MB)
	970680  -  ResidentSetSize of job (KB)
...
006 (7760827.163.000) 05/04 23:15:09 Image size of job updated: 993768
	948  -  MemoryUsage of job (MB)
	970680  -  ResidentSetSize of job (KB)
...
006 (7760827.163.000) 05/04 23:35:10 Image size of job updated: 1004868
	948  -  MemoryUsage of job (MB)
	970680  -  ResidentSetSize of job (KB)
...
006 (7760827.163.000) 05/04 23:55:13 Image size of job updated: 1004868
	951  -  MemoryUsage of job (MB)
	973616  -  ResidentSetSize of job (KB)
...
006 (7760827.163.000) 05/05 01:50:24 Image size of job updated: 1004868
	954  -  MemoryUsage of job (MB)
	976864  -  ResidentSetSize of job (KB)
...
006 (7760827.163.000) 05/05 01:55:25 Image size of job updated: 1012616
	955  -  MemoryUsage of job (MB)
	977676  -  ResidentSetSize of job (KB)
...
006 (7760827.163.000) 05/05 02:00:25 Image size of job updated: 1012616
	957  -  MemoryUsage of job (MB)
	979368  -  ResidentSetSize of job (KB)
...
006 (7760827.163.000) 05/05 02:35:29 Image size of job updated: 1032316
	957  -  MemoryUsage of job (MB)
	979368  -  ResidentSetSize of job (KB)
...
006 (7760827.163.000) 05/05 02:45:30 Image size of job updated: 1032316
	960  -  MemoryUsage of job (MB)
	982912  -  ResidentSetSize of job (KB)
...
006 (7760827.163.000) 05/05 03:40:36 Image size of job updated: 1032316
	974  -  MemoryUsage of job (MB)
	997100  -  ResidentSetSize of job (KB)
...
006 (7760827.163.000) 05/05 04:20:41 Image size of job updated: 1061640
	974  -  MemoryUsage of job (MB)
	997100  -  ResidentSetSize of job (KB)
...
006 (7760827.163.000) 05/05 04:35:42 Image size of job updated: 1061640
	977  -  MemoryUsage of job (MB)
	1000340  -  ResidentSetSize of job (KB)
...
040 (7760827.163.000) 05/05 07:16:22 Started transferring output files
...
040 (7760827.163.000) 05/05 07:16:24 Finished transferring output files
...
005 (7760827.163.000) 05/05 07:16:24 Job terminated.
	(1) Normal termination (return value 0)
		Usr 0 08:44:55, Sys 0 01:33:50  -  Run Remote Usage
		Usr 0 00:00:00, Sys 0 00:00:00  -  Run Local Usage
		Usr 0 08:44:55, Sys 0 01:33:50  -  Total Remote Usage
		Usr 0 00:00:00, Sys 0 00:00:00  -  Total Local Usage
	56824  -  Run Bytes Sent By Job
	1445  -  Run Bytes Received By Job
	56824  -  Total Bytes Sent By Job
	1445  -  Total Bytes Received By Job
	Partitionable Resources :    Usage  Request Allocated 
	   Cpus                 :     0.99        1         1 
	   Disk (KB)            :    80           2      3887 
	   GPUs                 :                           0 
	   Memory (MB)          :   977        3000      3000 
	   TimeExecute (s)      : 37599                       
	   TimeSlotBusy (s)     : 37604                       

	Job terminated of its own accord at 2026-05-05T05:16:22Z with exit-code 0.
...
