000 (7760828.255.000) 05/04 16:37:25 Job submitted from host: <188.185.125.71:9618?addrs=188.185.125.71-9618+[2001-1458-d00-4a--100-15e]-9618&alias=bigbird28.cern.ch&noUDP&sock=schedd_2497_5012>
...
040 (7760828.255.000) 05/05 04:27:36 Started transferring input files
	Transferring to host: <188.185.209.172:9618?addrs=188.185.209.172-9618+[2001-1458-303-12--100-29]-9618&alias=b9p12p4372.cern.ch&noUDP&sock=slot1_37_154886_f2d3_42490>
...
040 (7760828.255.000) 05/05 04:27:36 Finished transferring input files
...
001 (7760828.255.000) 05/05 04:27:37 Job executing on host: <188.185.209.172:9618?addrs=188.185.209.172-9618+[2001-1458-303-12--100-29]-9618&alias=b9p12p4372.cern.ch&noUDP&sock=startd_154843_ff47>
	SlotName: slot1_37@b9p12p4372.cern.ch
	CondorScratchDir = "/pool/condor/dir_2770892"
	Cpus = 1
	Disk = 3670
	GPUs = 0
	Memory = 3000
...
006 (7760828.255.000) 05/05 04:27:50 Image size of job updated: 16640
	17  -  MemoryUsage of job (MB)
	16640  -  ResidentSetSize of job (KB)
...
006 (7760828.255.000) 05/05 04:32:50 Image size of job updated: 947904
	850  -  MemoryUsage of job (MB)
	870268  -  ResidentSetSize of job (KB)
...
006 (7760828.255.000) 05/05 04:37:51 Image size of job updated: 954580
	852  -  MemoryUsage of job (MB)
	872316  -  ResidentSetSize of job (KB)
...
006 (7760828.255.000) 05/05 04:42:51 Image size of job updated: 973008
	899  -  MemoryUsage of job (MB)
	920296  -  ResidentSetSize of job (KB)
...
006 (7760828.255.000) 05/05 05:07:54 Image size of job updated: 973008
	931  -  MemoryUsage of job (MB)
	952996  -  ResidentSetSize of job (KB)
...
006 (7760828.255.000) 05/05 05:12:54 Image size of job updated: 993200
	931  -  MemoryUsage of job (MB)
	952996  -  ResidentSetSize of job (KB)
...
006 (7760828.255.000) 05/05 05:52:58 Image size of job updated: 993200
	931  -  MemoryUsage of job (MB)
	953216  -  ResidentSetSize of job (KB)
...
006 (7760828.255.000) 05/05 06:13:01 Image size of job updated: 993200
	934  -  MemoryUsage of job (MB)
	956064  -  ResidentSetSize of job (KB)
...
006 (7760828.255.000) 05/05 06:53:04 Image size of job updated: 993200
	959  -  MemoryUsage of job (MB)
	982004  -  ResidentSetSize of job (KB)
...
006 (7760828.255.000) 05/05 06:58:04 Image size of job updated: 995504
	959  -  MemoryUsage of job (MB)
	982004  -  ResidentSetSize of job (KB)
...
006 (7760828.255.000) 05/05 07:23:07 Image size of job updated: 999628
	959  -  MemoryUsage of job (MB)
	982004  -  ResidentSetSize of job (KB)
...
006 (7760828.255.000) 05/05 12:38:37 Image size of job updated: 1011036
	959  -  MemoryUsage of job (MB)
	982004  -  ResidentSetSize of job (KB)
...
040 (7760828.255.000) 05/05 12:46:00 Started transferring output files
...
040 (7760828.255.000) 05/05 12:46:00 Finished transferring output files
...
005 (7760828.255.000) 05/05 12:46:00 Job terminated.
	(1) Normal termination (return value 0)
		Usr 0 06:03:32, Sys 0 02:07:21  -  Run Remote Usage
		Usr 0 00:00:00, Sys 0 00:00:00  -  Run Local Usage
		Usr 0 06:03:32, Sys 0 02:07:21  -  Total Remote Usage
		Usr 0 00:00:00, Sys 0 00:00:00  -  Total Local Usage
	12984  -  Run Bytes Sent By Job
	1445  -  Run Bytes Received By Job
	12984  -  Total Bytes Sent By Job
	1445  -  Total Bytes Received By Job
	Partitionable Resources :    Usage  Request Allocated 
	   Cpus                 :     0.98        1         1 
	   Disk (KB)            :    41           2      3670 
	   GPUs                 :                           0 
	   Memory (MB)          :   959        3000      3000 
	   TimeExecute (s)      : 29903                       
	   TimeSlotBusy (s)     : 29904                       

	Job terminated of its own accord at 2026-05-05T10:46:00Z with exit-code 0.
...
