000 (7760826.047.000) 05/04 16:34:31 Job submitted from host: <188.185.125.71:9618?addrs=188.185.125.71-9618+[2001-1458-d00-4a--100-15e]-9618&alias=bigbird28.cern.ch&noUDP&sock=schedd_2497_5012>
...
009 (7760826.047.000) 05/04 16:34:39 Job was aborted.
	via condor_rm (by user idioniso)
...
000 (7760827.047.000) 05/04 16:34:52 Job submitted from host: <188.185.125.71:9618?addrs=188.185.125.71-9618+[2001-1458-d00-4a--100-15e]-9618&alias=bigbird28.cern.ch&noUDP&sock=schedd_2497_5012>
...
040 (7760827.047.000) 05/04 18:00:34 Started transferring input files
	Transferring to host: <188.185.194.63:9618?addrs=188.185.194.63-9618+[2001-1458-303-21--100-3b]-9618&alias=b9p20p9640.cern.ch&noUDP&sock=slot1_29_3974_cadb_109372>
...
040 (7760827.047.000) 05/04 18:00:34 Finished transferring input files
...
001 (7760827.047.000) 05/04 18:00:35 Job executing on host: <188.185.194.63:9618?addrs=188.185.194.63-9618+[2001-1458-303-21--100-3b]-9618&alias=b9p20p9640.cern.ch&noUDP&sock=startd_3026_29ac>
	SlotName: slot1_29@b9p20p9640.cern.ch
	CondorScratchDir = "/pool/condor/dir_1076866"
	Cpus = 1
	Disk = 3873
	GPUs = 0
	Memory = 3000
...
006 (7760827.047.000) 05/04 18:00:48 Image size of job updated: 1940
	2  -  MemoryUsage of job (MB)
	1916  -  ResidentSetSize of job (KB)
...
006 (7760827.047.000) 05/04 18:05:48 Image size of job updated: 961976
	815  -  MemoryUsage of job (MB)
	834292  -  ResidentSetSize of job (KB)
...
006 (7760827.047.000) 05/04 18:10:49 Image size of job updated: 967336
	945  -  MemoryUsage of job (MB)
	967336  -  ResidentSetSize of job (KB)
...
006 (7760827.047.000) 05/04 18:15:49 Image size of job updated: 971820
	945  -  MemoryUsage of job (MB)
	967336  -  ResidentSetSize of job (KB)
...
006 (7760827.047.000) 05/04 18:30:50 Image size of job updated: 986676
	945  -  MemoryUsage of job (MB)
	967336  -  ResidentSetSize of job (KB)
...
006 (7760827.047.000) 05/04 18:55:52 Image size of job updated: 1007388
	945  -  MemoryUsage of job (MB)
	967336  -  ResidentSetSize of job (KB)
...
006 (7760827.047.000) 05/04 19:30:54 Image size of job updated: 1007388
	955  -  MemoryUsage of job (MB)
	977100  -  ResidentSetSize of job (KB)
...
006 (7760827.047.000) 05/04 19:55:57 Image size of job updated: 1013496
	955  -  MemoryUsage of job (MB)
	977100  -  ResidentSetSize of job (KB)
...
006 (7760827.047.000) 05/04 22:31:10 Image size of job updated: 1036996
	955  -  MemoryUsage of job (MB)
	977100  -  ResidentSetSize of job (KB)
...
006 (7760827.047.000) 05/04 23:31:14 Image size of job updated: 1036996
	959  -  MemoryUsage of job (MB)
	981604  -  ResidentSetSize of job (KB)
...
006 (7760827.047.000) 05/05 00:21:18 Image size of job updated: 1043776
	959  -  MemoryUsage of job (MB)
	981604  -  ResidentSetSize of job (KB)
...
006 (7760827.047.000) 05/05 01:06:24 Image size of job updated: 1043776
	959  -  MemoryUsage of job (MB)
	981676  -  ResidentSetSize of job (KB)
...
006 (7760827.047.000) 05/05 02:06:29 Image size of job updated: 1043776
	965  -  MemoryUsage of job (MB)
	987348  -  ResidentSetSize of job (KB)
...
006 (7760827.047.000) 05/05 02:11:29 Image size of job updated: 1077300
	965  -  MemoryUsage of job (MB)
	987348  -  ResidentSetSize of job (KB)
...
006 (7760827.047.000) 05/05 03:01:36 Image size of job updated: 1077300
	965  -  MemoryUsage of job (MB)
	987412  -  ResidentSetSize of job (KB)
...
006 (7760827.047.000) 05/05 03:51:41 Image size of job updated: 1077300
	982  -  MemoryUsage of job (MB)
	1004760  -  ResidentSetSize of job (KB)
...
006 (7760827.047.000) 05/05 04:36:47 Image size of job updated: 1077300
	989  -  MemoryUsage of job (MB)
	1011952  -  ResidentSetSize of job (KB)
...
006 (7760827.047.000) 05/05 05:16:52 Image size of job updated: 1077300
	990  -  MemoryUsage of job (MB)
	1013272  -  ResidentSetSize of job (KB)
...
006 (7760827.047.000) 05/05 05:51:57 Image size of job updated: 1077300
	993  -  MemoryUsage of job (MB)
	1016508  -  ResidentSetSize of job (KB)
...
006 (7760827.047.000) 05/05 06:17:00 Image size of job updated: 1077300
	1007  -  MemoryUsage of job (MB)
	1030688  -  ResidentSetSize of job (KB)
...
040 (7760827.047.000) 05/05 07:17:56 Started transferring output files
...
040 (7760827.047.000) 05/05 07:17:56 Finished transferring output files
...
005 (7760827.047.000) 05/05 07:17:56 Job terminated.
	(1) Normal termination (return value 0)
		Usr 0 10:06:33, Sys 0 01:48:25  -  Run Remote Usage
		Usr 0 00:00:00, Sys 0 00:00:00  -  Run Local Usage
		Usr 0 10:06:33, Sys 0 01:48:25  -  Total Remote Usage
		Usr 0 00:00:00, Sys 0 00:00:00  -  Total Local Usage
	57302  -  Run Bytes Sent By Job
	1445  -  Run Bytes Received By Job
	57302  -  Total Bytes Sent By Job
	1445  -  Total Bytes Received By Job
	Partitionable Resources :    Usage  Request Allocated 
	   Cpus                 :     0.96        1         1 
	   Disk (KB)            :    81           2      3873 
	   GPUs                 :                           0 
	   Memory (MB)          :  1007        3000      3000 
	   TimeExecute (s)      : 47841                       
	   TimeSlotBusy (s)     : 47843                       

	Job terminated of its own accord at 2026-05-05T05:17:56Z with exit-code 0.
...
