000 (7760827.307.000) 05/04 16:34:52 Job submitted from host: <188.185.125.71:9618?addrs=188.185.125.71-9618+[2001-1458-d00-4a--100-15e]-9618&alias=bigbird28.cern.ch&noUDP&sock=schedd_2497_5012>
...
040 (7760827.307.000) 05/05 04:25:51 Started transferring input files
	Transferring to host: <188.185.207.53:9618?addrs=188.185.207.53-9618+[2001-1458-303-d--100-32]-9618&alias=b9p07p5264.cern.ch&noUDP&sock=slot1_17_4773_c29b_232052>
...
040 (7760827.307.000) 05/05 04:25:51 Finished transferring input files
...
001 (7760827.307.000) 05/05 04:25:52 Job executing on host: <188.185.207.53:9618?addrs=188.185.207.53-9618+[2001-1458-303-d--100-32]-9618&alias=b9p07p5264.cern.ch&noUDP&sock=startd_4024_b530>
	SlotName: slot1_17@b9p07p5264.cern.ch
	CondorScratchDir = "/pool/condor/dir_2926022"
	Cpus = 1
	Disk = 3678
	GPUs = 0
	Memory = 3000
...
006 (7760827.307.000) 05/05 04:26:06 Image size of job updated: 131116
	129  -  MemoryUsage of job (MB)
	131116  -  ResidentSetSize of job (KB)
...
006 (7760827.307.000) 05/05 04:31:07 Image size of job updated: 952712
	899  -  MemoryUsage of job (MB)
	920200  -  ResidentSetSize of job (KB)
...
006 (7760827.307.000) 05/05 04:36:08 Image size of job updated: 962948
	914  -  MemoryUsage of job (MB)
	935520  -  ResidentSetSize of job (KB)
...
006 (7760827.307.000) 05/05 04:41:08 Image size of job updated: 975208
	914  -  MemoryUsage of job (MB)
	935520  -  ResidentSetSize of job (KB)
...
006 (7760827.307.000) 05/05 04:51:09 Image size of job updated: 975208
	948  -  MemoryUsage of job (MB)
	969768  -  ResidentSetSize of job (KB)
...
006 (7760827.307.000) 05/05 04:56:10 Image size of job updated: 978300
	948  -  MemoryUsage of job (MB)
	969768  -  ResidentSetSize of job (KB)
...
006 (7760827.307.000) 05/05 05:01:11 Image size of job updated: 982060
	948  -  MemoryUsage of job (MB)
	969768  -  ResidentSetSize of job (KB)
...
006 (7760827.307.000) 05/05 05:36:15 Image size of job updated: 987304
	948  -  MemoryUsage of job (MB)
	969768  -  ResidentSetSize of job (KB)
...
006 (7760827.307.000) 05/05 05:46:15 Image size of job updated: 1013432
	948  -  MemoryUsage of job (MB)
	969768  -  ResidentSetSize of job (KB)
...
006 (7760827.307.000) 05/05 06:46:20 Image size of job updated: 1013432
	951  -  MemoryUsage of job (MB)
	973464  -  ResidentSetSize of job (KB)
...
006 (7760827.307.000) 05/05 07:46:25 Image size of job updated: 1013432
	952  -  MemoryUsage of job (MB)
	974320  -  ResidentSetSize of job (KB)
...
006 (7760827.307.000) 05/05 07:56:26 Image size of job updated: 1034944
	1011  -  MemoryUsage of job (MB)
	1034944  -  ResidentSetSize of job (KB)
...
006 (7760827.307.000) 05/05 10:31:43 Image size of job updated: 1036296
	1011  -  MemoryUsage of job (MB)
	1034944  -  ResidentSetSize of job (KB)
...
006 (7760827.307.000) 05/05 11:21:48 Image size of job updated: 1050656
	1011  -  MemoryUsage of job (MB)
	1034944  -  ResidentSetSize of job (KB)
...
040 (7760827.307.000) 05/05 11:41:26 Started transferring output files
...
040 (7760827.307.000) 05/05 11:41:26 Finished transferring output files
...
005 (7760827.307.000) 05/05 11:41:26 Job terminated.
	(1) Normal termination (return value 0)
		Usr 0 05:06:08, Sys 0 02:02:49  -  Run Remote Usage
		Usr 0 00:00:00, Sys 0 00:00:00  -  Run Local Usage
		Usr 0 05:06:08, Sys 0 02:02:49  -  Total Remote Usage
		Usr 0 00:00:00, Sys 0 00:00:00  -  Total Local Usage
	56247  -  Run Bytes Sent By Job
	1445  -  Run Bytes Received By Job
	56247  -  Total Bytes Sent By Job
	1445  -  Total Bytes Received By Job
	Partitionable Resources :    Usage  Request Allocated 
	   Cpus                 :     0.99        1         1 
	   Disk (KB)            :    80           2      3678 
	   GPUs                 :                           0 
	   Memory (MB)          :  1011        3000      3000 
	   TimeExecute (s)      : 26134                       
	   TimeSlotBusy (s)     : 26136                       

	Job terminated of its own accord at 2026-05-05T09:41:26Z with exit-code 0.
...
