000 (7760827.119.000) 05/04 16:34:52 Job submitted from host: <188.185.125.71:9618?addrs=188.185.125.71-9618+[2001-1458-d00-4a--100-15e]-9618&alias=bigbird28.cern.ch&noUDP&sock=schedd_2497_5012>
...
040 (7760827.119.000) 05/04 20:49:24 Started transferring input files
	Transferring to host: <188.185.196.108:9618?addrs=188.185.196.108-9618+[2001-1458-303-23--100-68]-9618&alias=b9p16p4013.cern.ch&noUDP&sock=slot1_40_6479_caa1_226878>
...
040 (7760827.119.000) 05/04 20:49:24 Finished transferring input files
...
001 (7760827.119.000) 05/04 20:49:25 Job executing on host: <188.185.196.108:9618?addrs=188.185.196.108-9618+[2001-1458-303-23--100-68]-9618&alias=b9p16p4013.cern.ch&noUDP&sock=startd_5234_aac9>
	SlotName: slot1_40@b9p16p4013.cern.ch
	CondorScratchDir = "/pool/condor/dir_109506"
	Cpus = 1
	Disk = 3833
	GPUs = 0
	Memory = 3000
...
006 (7760827.119.000) 05/04 20:49:39 Image size of job updated: 182276
	179  -  MemoryUsage of job (MB)
	182276  -  ResidentSetSize of job (KB)
...
006 (7760827.119.000) 05/04 20:54:40 Image size of job updated: 955396
	822  -  MemoryUsage of job (MB)
	840728  -  ResidentSetSize of job (KB)
...
006 (7760827.119.000) 05/04 20:59:41 Image size of job updated: 971000
	831  -  MemoryUsage of job (MB)
	849976  -  ResidentSetSize of job (KB)
...
006 (7760827.119.000) 05/04 21:04:41 Image size of job updated: 971000
	879  -  MemoryUsage of job (MB)
	899852  -  ResidentSetSize of job (KB)
...
006 (7760827.119.000) 05/04 21:14:42 Image size of job updated: 998024
	879  -  MemoryUsage of job (MB)
	899852  -  ResidentSetSize of job (KB)
...
006 (7760827.119.000) 05/04 21:34:43 Image size of job updated: 998024
	912  -  MemoryUsage of job (MB)
	933204  -  ResidentSetSize of job (KB)
...
006 (7760827.119.000) 05/04 21:49:44 Image size of job updated: 998024
	930  -  MemoryUsage of job (MB)
	951432  -  ResidentSetSize of job (KB)
...
006 (7760827.119.000) 05/04 21:54:45 Image size of job updated: 998024
	949  -  MemoryUsage of job (MB)
	971500  -  ResidentSetSize of job (KB)
...
006 (7760827.119.000) 05/04 23:04:52 Image size of job updated: 1045352
	949  -  MemoryUsage of job (MB)
	971500  -  ResidentSetSize of job (KB)
...
006 (7760827.119.000) 05/05 00:04:57 Image size of job updated: 1045352
	949  -  MemoryUsage of job (MB)
	971764  -  ResidentSetSize of job (KB)
...
006 (7760827.119.000) 05/05 00:35:01 Image size of job updated: 1045352
	954  -  MemoryUsage of job (MB)
	976464  -  ResidentSetSize of job (KB)
...
006 (7760827.119.000) 05/05 01:25:05 Image size of job updated: 1045352
	957  -  MemoryUsage of job (MB)
	979256  -  ResidentSetSize of job (KB)
...
006 (7760827.119.000) 05/05 01:50:07 Image size of job updated: 1048796
	957  -  MemoryUsage of job (MB)
	979256  -  ResidentSetSize of job (KB)
...
006 (7760827.119.000) 05/05 02:45:13 Image size of job updated: 1048796
	976  -  MemoryUsage of job (MB)
	999024  -  ResidentSetSize of job (KB)
...
006 (7760827.119.000) 05/05 03:05:15 Image size of job updated: 1048796
	979  -  MemoryUsage of job (MB)
	1002172  -  ResidentSetSize of job (KB)
...
006 (7760827.119.000) 05/05 03:40:20 Image size of job updated: 1062956
	979  -  MemoryUsage of job (MB)
	1002172  -  ResidentSetSize of job (KB)
...
006 (7760827.119.000) 05/05 04:45:27 Image size of job updated: 1062956
	979  -  MemoryUsage of job (MB)
	1002320  -  ResidentSetSize of job (KB)
...
006 (7760827.119.000) 05/05 05:15:30 Image size of job updated: 1062956
	992  -  MemoryUsage of job (MB)
	1015032  -  ResidentSetSize of job (KB)
...
006 (7760827.119.000) 05/05 08:10:49 Image size of job updated: 1062956
	999  -  MemoryUsage of job (MB)
	1022252  -  ResidentSetSize of job (KB)
...
040 (7760827.119.000) 05/05 10:00:39 Started transferring output files
...
040 (7760827.119.000) 05/05 10:00:39 Finished transferring output files
...
005 (7760827.119.000) 05/05 10:00:39 Job terminated.
	(1) Normal termination (return value 0)
		Usr 0 10:28:45, Sys 0 01:51:26  -  Run Remote Usage
		Usr 0 00:00:00, Sys 0 00:00:00  -  Run Local Usage
		Usr 0 10:28:45, Sys 0 01:51:26  -  Total Remote Usage
		Usr 0 00:00:00, Sys 0 00:00:00  -  Total Local Usage
	55063  -  Run Bytes Sent By Job
	1445  -  Run Bytes Received By Job
	55063  -  Total Bytes Sent By Job
	1445  -  Total Bytes Received By Job
	Partitionable Resources :    Usage  Request Allocated 
	   Cpus                 :     0.96        1         1 
	   Disk (KB)            :    79           2      3833 
	   GPUs                 :                           0 
	   Memory (MB)          :   999        3000      3000 
	   TimeExecute (s)      : 47474                       
	   TimeSlotBusy (s)     : 47475                       

	Job terminated of its own accord at 2026-05-05T08:00:39Z with exit-code 0.
...
