000 (7760828.109.000) 05/04 16:37:25 Job submitted from host: <188.185.125.71:9618?addrs=188.185.125.71-9618+[2001-1458-d00-4a--100-15e]-9618&alias=bigbird28.cern.ch&noUDP&sock=schedd_2497_5012>
...
040 (7760828.109.000) 05/05 04:26:47 Started transferring input files
	Transferring to host: <188.185.210.69:9618?addrs=188.185.210.69-9618+[2001-1458-303-1--100-41]-9618&alias=b9p21p0767.cern.ch&noUDP&sock=slot1_8_2399558_6f62_165703>
...
040 (7760828.109.000) 05/05 04:26:47 Finished transferring input files
...
001 (7760828.109.000) 05/05 04:26:48 Job executing on host: <188.185.210.69:9618?addrs=188.185.210.69-9618+[2001-1458-303-1--100-41]-9618&alias=b9p21p0767.cern.ch&noUDP&sock=startd_2399009_3622>
	SlotName: slot1_8@b9p21p0767.cern.ch
	CondorScratchDir = "/pool/condor/dir_3261246"
	Cpus = 1
	Disk = 3786
	GPUs = 0
	Memory = 3000
...
006 (7760828.109.000) 05/05 04:27:02 Image size of job updated: 140684
	138  -  MemoryUsage of job (MB)
	140684  -  ResidentSetSize of job (KB)
...
006 (7760828.109.000) 05/05 04:32:03 Image size of job updated: 934984
	911  -  MemoryUsage of job (MB)
	932796  -  ResidentSetSize of job (KB)
...
006 (7760828.109.000) 05/05 04:37:03 Image size of job updated: 974380
	914  -  MemoryUsage of job (MB)
	935524  -  ResidentSetSize of job (KB)
...
006 (7760828.109.000) 05/05 04:42:03 Image size of job updated: 1009428
	914  -  MemoryUsage of job (MB)
	935524  -  ResidentSetSize of job (KB)
...
006 (7760828.109.000) 05/05 04:52:04 Image size of job updated: 1009428
	939  -  MemoryUsage of job (MB)
	961364  -  ResidentSetSize of job (KB)
...
006 (7760828.109.000) 05/05 05:52:09 Image size of job updated: 1018264
	939  -  MemoryUsage of job (MB)
	961364  -  ResidentSetSize of job (KB)
...
006 (7760828.109.000) 05/05 06:02:11 Image size of job updated: 1018264
	940  -  MemoryUsage of job (MB)
	961812  -  ResidentSetSize of job (KB)
...
006 (7760828.109.000) 05/05 06:37:15 Image size of job updated: 1018264
	945  -  MemoryUsage of job (MB)
	966684  -  ResidentSetSize of job (KB)
...
006 (7760828.109.000) 05/05 06:47:16 Image size of job updated: 1018264
	949  -  MemoryUsage of job (MB)
	970784  -  ResidentSetSize of job (KB)
...
006 (7760828.109.000) 05/05 11:37:41 Image size of job updated: 1018264
	959  -  MemoryUsage of job (MB)
	981100  -  ResidentSetSize of job (KB)
...
006 (7760828.109.000) 05/05 13:12:48 Image size of job updated: 1018264
	978  -  MemoryUsage of job (MB)
	1000616  -  ResidentSetSize of job (KB)
...
040 (7760828.109.000) 05/05 14:02:04 Started transferring output files
...
040 (7760828.109.000) 05/05 14:02:04 Finished transferring output files
...
005 (7760828.109.000) 05/05 14:02:04 Job terminated.
	(1) Normal termination (return value 0)
		Usr 0 06:25:07, Sys 0 01:59:03  -  Run Remote Usage
		Usr 0 00:00:00, Sys 0 00:00:00  -  Run Local Usage
		Usr 0 06:25:07, Sys 0 01:59:03  -  Total Remote Usage
		Usr 0 00:00:00, Sys 0 00:00:00  -  Total Local Usage
	13336  -  Run Bytes Sent By Job
	1445  -  Run Bytes Received By Job
	13336  -  Total Bytes Sent By Job
	1445  -  Total Bytes Received By Job
	Partitionable Resources :    Usage  Request Allocated 
	   Cpus                 :     0.98        1         1 
	   Disk (KB)            :    41           2      3786 
	   GPUs                 :                           0 
	   Memory (MB)          :   978        3000      3000 
	   TimeExecute (s)      : 34516                       
	   TimeSlotBusy (s)     : 34517                       

	Job terminated of its own accord at 2026-05-05T12:02:04Z with exit-code 0.
...
