000 (7760827.347.000) 05/04 16:34:52 Job submitted from host: <188.185.125.71:9618?addrs=188.185.125.71-9618+[2001-1458-d00-4a--100-15e]-9618&alias=bigbird28.cern.ch&noUDP&sock=schedd_2497_5012>
...
040 (7760827.347.000) 05/05 04:26:04 Started transferring input files
	Transferring to host: <188.185.195.10:9618?addrs=188.185.195.10-9618+[2001-1458-303-22--100-6]-9618&alias=b9p17p2837.cern.ch&noUDP&sock=slot1_7_3080_e376_5109>
...
040 (7760827.347.000) 05/05 04:26:04 Finished transferring input files
...
001 (7760827.347.000) 05/05 04:26:05 Job executing on host: <188.185.195.10:9618?addrs=188.185.195.10-9618+[2001-1458-303-22--100-6]-9618&alias=b9p17p2837.cern.ch&noUDP&sock=startd_2549_faff>
	SlotName: slot1_7@b9p17p2837.cern.ch
	CondorScratchDir = "/pool/condor/dir_2588148"
	Cpus = 1
	Disk = 3804
	GPUs = 0
	Memory = 3000
...
006 (7760827.347.000) 05/05 04:26:14 Image size of job updated: 132612
	130  -  MemoryUsage of job (MB)
	132612  -  ResidentSetSize of job (KB)
...
006 (7760827.347.000) 05/05 04:31:15 Image size of job updated: 971412
	839  -  MemoryUsage of job (MB)
	858764  -  ResidentSetSize of job (KB)
...
006 (7760827.347.000) 05/05 04:41:17 Image size of job updated: 971412
	868  -  MemoryUsage of job (MB)
	887912  -  ResidentSetSize of job (KB)
...
006 (7760827.347.000) 05/05 04:46:17 Image size of job updated: 971412
	933  -  MemoryUsage of job (MB)
	954660  -  ResidentSetSize of job (KB)
...
006 (7760827.347.000) 05/05 05:16:19 Image size of job updated: 972552
	933  -  MemoryUsage of job (MB)
	954660  -  ResidentSetSize of job (KB)
...
006 (7760827.347.000) 05/05 05:31:21 Image size of job updated: 984068
	933  -  MemoryUsage of job (MB)
	954660  -  ResidentSetSize of job (KB)
...
006 (7760827.347.000) 05/05 05:36:22 Image size of job updated: 988180
	933  -  MemoryUsage of job (MB)
	954660  -  ResidentSetSize of job (KB)
...
006 (7760827.347.000) 05/05 05:41:22 Image size of job updated: 997072
	948  -  MemoryUsage of job (MB)
	970544  -  ResidentSetSize of job (KB)
...
006 (7760827.347.000) 05/05 06:56:29 Image size of job updated: 1045864
	948  -  MemoryUsage of job (MB)
	970544  -  ResidentSetSize of job (KB)
...
006 (7760827.347.000) 05/05 07:36:33 Image size of job updated: 1045864
	949  -  MemoryUsage of job (MB)
	971652  -  ResidentSetSize of job (KB)
...
006 (7760827.347.000) 05/05 08:31:39 Image size of job updated: 1045864
	967  -  MemoryUsage of job (MB)
	989672  -  ResidentSetSize of job (KB)
...
006 (7760827.347.000) 05/05 11:36:56 Image size of job updated: 1045864
	968  -  MemoryUsage of job (MB)
	990796  -  ResidentSetSize of job (KB)
...
006 (7760827.347.000) 05/05 11:41:57 Image size of job updated: 1045864
	974  -  MemoryUsage of job (MB)
	996984  -  ResidentSetSize of job (KB)
...
006 (7760827.347.000) 05/05 11:46:57 Image size of job updated: 1045864
	979  -  MemoryUsage of job (MB)
	1001712  -  ResidentSetSize of job (KB)
...
006 (7760827.347.000) 05/05 12:27:01 Image size of job updated: 1045864
	980  -  MemoryUsage of job (MB)
	1002580  -  ResidentSetSize of job (KB)
...
006 (7760827.347.000) 05/05 12:52:05 Image size of job updated: 1045864
	987  -  MemoryUsage of job (MB)
	1009948  -  ResidentSetSize of job (KB)
...
006 (7760827.347.000) 05/05 13:22:08 Image size of job updated: 1045864
	997  -  MemoryUsage of job (MB)
	1020380  -  ResidentSetSize of job (KB)
...
006 (7760827.347.000) 05/05 14:37:15 Image size of job updated: 1054904
	997  -  MemoryUsage of job (MB)
	1020380  -  ResidentSetSize of job (KB)
...
040 (7760827.347.000) 05/05 14:49:01 Started transferring output files
...
040 (7760827.347.000) 05/05 14:49:01 Finished transferring output files
...
005 (7760827.347.000) 05/05 14:49:01 Job terminated.
	(1) Normal termination (return value 0)
		Usr 0 08:47:42, Sys 0 01:28:01  -  Run Remote Usage
		Usr 0 00:00:00, Sys 0 00:00:00  -  Run Local Usage
		Usr 0 08:47:42, Sys 0 01:28:01  -  Total Remote Usage
		Usr 0 00:00:00, Sys 0 00:00:00  -  Total Local Usage
	57591  -  Run Bytes Sent By Job
	1445  -  Run Bytes Received By Job
	57591  -  Total Bytes Sent By Job
	1445  -  Total Bytes Received By Job
	Partitionable Resources :    Usage  Request Allocated 
	   Cpus                 :     0.99        1         1 
	   Disk (KB)            :    81           2      3804 
	   GPUs                 :                           0 
	   Memory (MB)          :   997        3000      3000 
	   TimeExecute (s)      : 37376                       
	   TimeSlotBusy (s)     : 37378                       
...
