000 (7760828.286.000) 05/04 16:37:25 Job submitted from host: <188.185.125.71:9618?addrs=188.185.125.71-9618+[2001-1458-d00-4a--100-15e]-9618&alias=bigbird28.cern.ch&noUDP&sock=schedd_2497_5012>
...
040 (7760828.286.000) 05/05 04:27:47 Started transferring input files
	Transferring to host: <188.185.211.141:9618?addrs=188.185.211.141-9618+[2001-1458-303-17--100-9]-9618&alias=b9p24p2350.cern.ch&noUDP&sock=slot1_26_4206_41e4_247355>
...
040 (7760828.286.000) 05/05 04:27:47 Finished transferring input files
...
001 (7760828.286.000) 05/05 04:27:48 Job executing on host: <188.185.211.141:9618?addrs=188.185.211.141-9618+[2001-1458-303-17--100-9]-9618&alias=b9p24p2350.cern.ch&noUDP&sock=startd_3579_798b>
	SlotName: slot1_26@b9p24p2350.cern.ch
	CondorScratchDir = "/pool/condor/dir_1525187"
	Cpus = 1
	Disk = 3761
	GPUs = 0
	Memory = 3000
...
006 (7760828.286.000) 05/05 04:28:01 Image size of job updated: 180964
	177  -  MemoryUsage of job (MB)
	180964  -  ResidentSetSize of job (KB)
...
006 (7760828.286.000) 05/05 04:33:01 Image size of job updated: 930420
	873  -  MemoryUsage of job (MB)
	893472  -  ResidentSetSize of job (KB)
...
006 (7760828.286.000) 05/05 04:38:02 Image size of job updated: 949460
	928  -  MemoryUsage of job (MB)
	949460  -  ResidentSetSize of job (KB)
...
006 (7760828.286.000) 05/05 04:43:02 Image size of job updated: 954460
	928  -  MemoryUsage of job (MB)
	949460  -  ResidentSetSize of job (KB)
...
006 (7760828.286.000) 05/05 04:48:02 Image size of job updated: 978080
	928  -  MemoryUsage of job (MB)
	949460  -  ResidentSetSize of job (KB)
...
006 (7760828.286.000) 05/05 04:53:03 Image size of job updated: 996672
	928  -  MemoryUsage of job (MB)
	949460  -  ResidentSetSize of job (KB)
...
006 (7760828.286.000) 05/05 05:38:08 Image size of job updated: 996672
	928  -  MemoryUsage of job (MB)
	950188  -  ResidentSetSize of job (KB)
...
006 (7760828.286.000) 05/05 06:03:11 Image size of job updated: 996672
	946  -  MemoryUsage of job (MB)
	968372  -  ResidentSetSize of job (KB)
...
006 (7760828.286.000) 05/05 08:13:23 Image size of job updated: 996672
	951  -  MemoryUsage of job (MB)
	973244  -  ResidentSetSize of job (KB)
...
006 (7760828.286.000) 05/05 08:23:24 Image size of job updated: 998580
	951  -  MemoryUsage of job (MB)
	973244  -  ResidentSetSize of job (KB)
...
006 (7760828.286.000) 05/05 09:53:33 Image size of job updated: 998580
	965  -  MemoryUsage of job (MB)
	988052  -  ResidentSetSize of job (KB)
...
006 (7760828.286.000) 05/05 10:28:38 Image size of job updated: 1000220
	965  -  MemoryUsage of job (MB)
	988052  -  ResidentSetSize of job (KB)
...
006 (7760828.286.000) 05/05 11:03:41 Image size of job updated: 1014504
	965  -  MemoryUsage of job (MB)
	988052  -  ResidentSetSize of job (KB)
...
040 (7760828.286.000) 05/05 11:11:14 Started transferring output files
...
040 (7760828.286.000) 05/05 11:11:14 Finished transferring output files
...
005 (7760828.286.000) 05/05 11:11:14 Job terminated.
	(1) Normal termination (return value 0)
		Usr 0 05:10:28, Sys 0 01:25:06  -  Run Remote Usage
		Usr 0 00:00:00, Sys 0 00:00:00  -  Run Local Usage
		Usr 0 05:10:28, Sys 0 01:25:06  -  Total Remote Usage
		Usr 0 00:00:00, Sys 0 00:00:00  -  Total Local Usage
	12663  -  Run Bytes Sent By Job
	1445  -  Run Bytes Received By Job
	12663  -  Total Bytes Sent By Job
	1445  -  Total Bytes Received By Job
	Partitionable Resources :    Usage  Request Allocated 
	   Cpus                 :     0.98        1         1 
	   Disk (KB)            :    41           2      3761 
	   GPUs                 :                           0 
	   Memory (MB)          :   965        3000      3000 
	   TimeExecute (s)      : 24206                       
	   TimeSlotBusy (s)     : 24207                       

	Job terminated of its own accord at 2026-05-05T09:11:14Z with exit-code 0.
...
