000 (7760828.272.000) 05/04 16:37:25 Job submitted from host: <188.185.125.71:9618?addrs=188.185.125.71-9618+[2001-1458-d00-4a--100-15e]-9618&alias=bigbird28.cern.ch&noUDP&sock=schedd_2497_5012>
...
040 (7760828.272.000) 05/05 04:27:42 Started transferring input files
	Transferring to host: <188.185.206.187:9618?addrs=188.185.206.187-9618+[2001-1458-303-c--100-38]-9618&alias=b9p06p6732.cern.ch&noUDP&sock=slot1_34_4257_3106_225054>
...
040 (7760828.272.000) 05/05 04:27:42 Finished transferring input files
...
001 (7760828.272.000) 05/05 04:27:43 Job executing on host: <188.185.206.187:9618?addrs=188.185.206.187-9618+[2001-1458-303-c--100-38]-9618&alias=b9p06p6732.cern.ch&noUDP&sock=startd_3759_f097>
	SlotName: slot1_34@b9p06p6732.cern.ch
	CondorScratchDir = "/pool/condor/dir_1702336"
	Cpus = 1
	Disk = 3753
	GPUs = 0
	Memory = 3000
...
006 (7760828.272.000) 05/05 04:27:57 Image size of job updated: 16624
	17  -  MemoryUsage of job (MB)
	16624  -  ResidentSetSize of job (KB)
...
006 (7760828.272.000) 05/05 04:32:58 Image size of job updated: 944896
	827  -  MemoryUsage of job (MB)
	846260  -  ResidentSetSize of job (KB)
...
006 (7760828.272.000) 05/05 04:37:59 Image size of job updated: 983540
	865  -  MemoryUsage of job (MB)
	885356  -  ResidentSetSize of job (KB)
...
006 (7760828.272.000) 05/05 04:42:59 Image size of job updated: 983540
	906  -  MemoryUsage of job (MB)
	927032  -  ResidentSetSize of job (KB)
...
006 (7760828.272.000) 05/05 04:48:00 Image size of job updated: 983540
	934  -  MemoryUsage of job (MB)
	956184  -  ResidentSetSize of job (KB)
...
006 (7760828.272.000) 05/05 05:18:03 Image size of job updated: 1020216
	934  -  MemoryUsage of job (MB)
	956184  -  ResidentSetSize of job (KB)
...
006 (7760828.272.000) 05/05 06:13:08 Image size of job updated: 1020216
	949  -  MemoryUsage of job (MB)
	971536  -  ResidentSetSize of job (KB)
...
006 (7760828.272.000) 05/05 08:43:23 Image size of job updated: 1053312
	949  -  MemoryUsage of job (MB)
	971536  -  ResidentSetSize of job (KB)
...
006 (7760828.272.000) 05/05 10:13:32 Image size of job updated: 1053312
	953  -  MemoryUsage of job (MB)
	975328  -  ResidentSetSize of job (KB)
...
040 (7760828.272.000) 05/05 10:18:12 Started transferring output files
...
040 (7760828.272.000) 05/05 10:18:12 Finished transferring output files
...
005 (7760828.272.000) 05/05 10:18:12 Job terminated.
	(1) Normal termination (return value 0)
		Usr 0 04:07:09, Sys 0 01:40:07  -  Run Remote Usage
		Usr 0 00:00:00, Sys 0 00:00:00  -  Run Local Usage
		Usr 0 04:07:09, Sys 0 01:40:07  -  Total Remote Usage
		Usr 0 00:00:00, Sys 0 00:00:00  -  Total Local Usage
	13047  -  Run Bytes Sent By Job
	1445  -  Run Bytes Received By Job
	13047  -  Total Bytes Sent By Job
	1445  -  Total Bytes Received By Job
	Partitionable Resources :    Usage  Request Allocated 
	   Cpus                 :     0.99        1         1 
	   Disk (KB)            :    41           2      3753 
	   GPUs                 :                           0 
	   Memory (MB)          :   953        3000      3000 
	   TimeExecute (s)      : 21029                       
	   TimeSlotBusy (s)     : 21030                       

	Job terminated of its own accord at 2026-05-05T08:18:12Z with exit-code 0.
...
