000 (7760828.229.000) 05/04 16:37:25 Job submitted from host: <188.185.125.71:9618?addrs=188.185.125.71-9618+[2001-1458-d00-4a--100-15e]-9618&alias=bigbird28.cern.ch&noUDP&sock=schedd_2497_5012>
...
040 (7760828.229.000) 05/05 04:27:28 Started transferring input files
	Transferring to host: <188.185.210.69:9618?addrs=188.185.210.69-9618+[2001-1458-303-1--100-41]-9618&alias=b9p21p0767.cern.ch&noUDP&sock=slot1_33_2399558_6f62_165704>
...
040 (7760828.229.000) 05/05 04:27:28 Finished transferring input files
...
001 (7760828.229.000) 05/05 04:27:29 Job executing on host: <188.185.210.69:9618?addrs=188.185.210.69-9618+[2001-1458-303-1--100-41]-9618&alias=b9p21p0767.cern.ch&noUDP&sock=startd_2399009_3622>
	SlotName: slot1_33@b9p21p0767.cern.ch
	CondorScratchDir = "/pool/condor/dir_3261499"
	Cpus = 1
	Disk = 3784
	GPUs = 0
	Memory = 3000
...
006 (7760828.229.000) 05/05 04:27:42 Image size of job updated: 170452
	167  -  MemoryUsage of job (MB)
	170452  -  ResidentSetSize of job (KB)
...
006 (7760828.229.000) 05/05 04:32:42 Image size of job updated: 954700
	831  -  MemoryUsage of job (MB)
	850000  -  ResidentSetSize of job (KB)
...
006 (7760828.229.000) 05/05 04:37:43 Image size of job updated: 954700
	835  -  MemoryUsage of job (MB)
	854596  -  ResidentSetSize of job (KB)
...
006 (7760828.229.000) 05/05 04:42:43 Image size of job updated: 959512
	909  -  MemoryUsage of job (MB)
	930520  -  ResidentSetSize of job (KB)
...
006 (7760828.229.000) 05/05 04:52:44 Image size of job updated: 993476
	909  -  MemoryUsage of job (MB)
	930520  -  ResidentSetSize of job (KB)
...
006 (7760828.229.000) 05/05 05:22:46 Image size of job updated: 993476
	932  -  MemoryUsage of job (MB)
	954252  -  ResidentSetSize of job (KB)
...
006 (7760828.229.000) 05/05 05:47:47 Image size of job updated: 1002620
	932  -  MemoryUsage of job (MB)
	954252  -  ResidentSetSize of job (KB)
...
006 (7760828.229.000) 05/05 05:52:48 Image size of job updated: 1002620
	949  -  MemoryUsage of job (MB)
	970992  -  ResidentSetSize of job (KB)
...
006 (7760828.229.000) 05/05 10:08:14 Image size of job updated: 1002792
	949  -  MemoryUsage of job (MB)
	970992  -  ResidentSetSize of job (KB)
...
006 (7760828.229.000) 05/05 11:23:22 Image size of job updated: 1005336
	949  -  MemoryUsage of job (MB)
	970992  -  ResidentSetSize of job (KB)
...
040 (7760828.229.000) 05/05 14:04:13 Started transferring output files
...
040 (7760828.229.000) 05/05 14:04:13 Finished transferring output files
...
005 (7760828.229.000) 05/05 14:04:13 Job terminated.
	(1) Normal termination (return value 0)
		Usr 0 06:21:32, Sys 0 02:18:05  -  Run Remote Usage
		Usr 0 00:00:00, Sys 0 00:00:00  -  Run Local Usage
		Usr 0 06:21:32, Sys 0 02:18:05  -  Total Remote Usage
		Usr 0 00:00:00, Sys 0 00:00:00  -  Total Local Usage
	12856  -  Run Bytes Sent By Job
	1445  -  Run Bytes Received By Job
	12856  -  Total Bytes Sent By Job
	1445  -  Total Bytes Received By Job
	Partitionable Resources :    Usage  Request Allocated 
	   Cpus                 :     0.94        1         1 
	   Disk (KB)            :    41           2      3784 
	   GPUs                 :                           0 
	   Memory (MB)          :   949        3000      3000 
	   TimeExecute (s)      : 34604                       
	   TimeSlotBusy (s)     : 34605                       

	Job terminated of its own accord at 2026-05-05T12:04:13Z with exit-code 0.
...
