000 (7760828.278.000) 05/04 16:37:25 Job submitted from host: <188.185.125.71:9618?addrs=188.185.125.71-9618+[2001-1458-d00-4a--100-15e]-9618&alias=bigbird28.cern.ch&noUDP&sock=schedd_2497_5012>
...
040 (7760828.278.000) 05/05 04:27:44 Started transferring input files
	Transferring to host: <128.142.132.172:9618?addrs=128.142.132.172-9618+[2001-1458-301-5a--100-a0]-9618&alias=b9g12p7551.cern.ch&noUDP&sock=slot1_28_2746149_2610_153551>
...
040 (7760828.278.000) 05/05 04:27:44 Finished transferring input files
...
001 (7760828.278.000) 05/05 04:27:45 Job executing on host: <128.142.132.172:9618?addrs=128.142.132.172-9618+[2001-1458-301-5a--100-a0]-9618&alias=b9g12p7551.cern.ch&noUDP&sock=startd_2346_bd45>
	SlotName: slot1_28@b9g12p7551.cern.ch
	CondorScratchDir = "/pool/condor/dir_3942238"
	Cpus = 1
	Disk = 2647
	GPUs = 0
	Memory = 3000
...
006 (7760828.278.000) 05/05 04:27:59 Image size of job updated: 16620
	17  -  MemoryUsage of job (MB)
	16620  -  ResidentSetSize of job (KB)
...
006 (7760828.278.000) 05/05 04:33:00 Image size of job updated: 930288
	834  -  MemoryUsage of job (MB)
	853616  -  ResidentSetSize of job (KB)
...
006 (7760828.278.000) 05/05 04:38:00 Image size of job updated: 952472
	834  -  MemoryUsage of job (MB)
	853616  -  ResidentSetSize of job (KB)
...
006 (7760828.278.000) 05/05 04:43:01 Image size of job updated: 959452
	834  -  MemoryUsage of job (MB)
	853616  -  ResidentSetSize of job (KB)
...
006 (7760828.278.000) 05/05 04:53:02 Image size of job updated: 988328
	845  -  MemoryUsage of job (MB)
	864468  -  ResidentSetSize of job (KB)
...
006 (7760828.278.000) 05/05 05:03:03 Image size of job updated: 988328
	878  -  MemoryUsage of job (MB)
	898372  -  ResidentSetSize of job (KB)
...
006 (7760828.278.000) 05/05 05:08:03 Image size of job updated: 988328
	906  -  MemoryUsage of job (MB)
	927524  -  ResidentSetSize of job (KB)
...
006 (7760828.278.000) 05/05 05:18:04 Image size of job updated: 995240
	943  -  MemoryUsage of job (MB)
	965584  -  ResidentSetSize of job (KB)
...
006 (7760828.278.000) 05/05 05:23:04 Image size of job updated: 1002148
	943  -  MemoryUsage of job (MB)
	965584  -  ResidentSetSize of job (KB)
...
006 (7760828.278.000) 05/05 06:38:13 Image size of job updated: 1028328
	943  -  MemoryUsage of job (MB)
	965584  -  ResidentSetSize of job (KB)
...
006 (7760828.278.000) 05/05 06:43:14 Image size of job updated: 1028328
	946  -  MemoryUsage of job (MB)
	968704  -  ResidentSetSize of job (KB)
...
006 (7760828.278.000) 05/05 08:53:29 Image size of job updated: 1028328
	961  -  MemoryUsage of job (MB)
	983308  -  ResidentSetSize of job (KB)
...
006 (7760828.278.000) 05/05 09:48:35 Image size of job updated: 1031208
	961  -  MemoryUsage of job (MB)
	983308  -  ResidentSetSize of job (KB)
...
006 (7760828.278.000) 05/05 10:28:39 Image size of job updated: 1031208
	979  -  MemoryUsage of job (MB)
	1002100  -  ResidentSetSize of job (KB)
...
006 (7760828.278.000) 05/05 12:18:49 Image size of job updated: 1032584
	979  -  MemoryUsage of job (MB)
	1002100  -  ResidentSetSize of job (KB)
...
006 (7760828.278.000) 05/05 13:38:55 Image size of job updated: 1067532
	979  -  MemoryUsage of job (MB)
	1002100  -  ResidentSetSize of job (KB)
...
040 (7760828.278.000) 05/05 16:55:15 Started transferring output files
...
040 (7760828.278.000) 05/05 16:55:15 Finished transferring output files
...
005 (7760828.278.000) 05/05 16:55:15 Job terminated.
	(1) Normal termination (return value 0)
		Usr 0 09:26:08, Sys 0 01:48:10  -  Run Remote Usage
		Usr 0 00:00:00, Sys 0 00:00:00  -  Run Local Usage
		Usr 0 09:26:08, Sys 0 01:48:10  -  Total Remote Usage
		Usr 0 00:00:00, Sys 0 00:00:00  -  Total Local Usage
	12983  -  Run Bytes Sent By Job
	1445  -  Run Bytes Received By Job
	12983  -  Total Bytes Sent By Job
	1445  -  Total Bytes Received By Job
	Partitionable Resources :    Usage  Request Allocated 
	   Cpus                 :     0.92        1         1 
	   Disk (KB)            :    41           2      2647 
	   GPUs                 :                           0 
	   Memory (MB)          :   979        3000      3000 
	   TimeExecute (s)      : 44850                       
	   TimeSlotBusy (s)     : 44851                       

	Job terminated of its own accord at 2026-05-05T14:55:15Z with exit-code 0.
...
