000 (7020618.098.000) 03/15 11:47:50 Job submitted from host: <188.185.125.71:9618?addrs=188.185.125.71-9618+[2001-1458-d00-4a--100-15e]-9618&alias=bigbird28.cern.ch&noUDP&sock=schedd_2603_051c>
...
040 (7020618.098.000) 03/15 11:49:51 Started transferring input files
	Transferring to host: <188.185.215.148:9618?addrs=188.185.215.148-9618+[2001-1458-303-26--100-10]-9618&alias=b9p18p7862.cern.ch&noUDP&sock=slot1_19_3231_481c_170803>
...
040 (7020618.098.000) 03/15 11:49:51 Finished transferring input files
...
001 (7020618.098.000) 03/15 11:49:52 Job executing on host: <188.185.215.148:9618?addrs=188.185.215.148-9618+[2001-1458-303-26--100-10]-9618&alias=b9p18p7862.cern.ch&noUDP&sock=startd_2507_2c05>
	SlotName: slot1_19@b9p18p7862.cern.ch
	CondorScratchDir = "/pool/condor/dir_763912"
	Cpus = 1
	Disk = 3908
	GPUs = 0
	Memory = 3000
...
006 (7020618.098.000) 03/15 11:50:06 Image size of job updated: 880
	1  -  MemoryUsage of job (MB)
	880  -  ResidentSetSize of job (KB)
...
006 (7020618.098.000) 03/15 11:55:07 Image size of job updated: 646060
	631  -  MemoryUsage of job (MB)
	645756  -  ResidentSetSize of job (KB)
...
006 (7020618.098.000) 03/15 12:00:07 Image size of job updated: 651704
	637  -  MemoryUsage of job (MB)
	651704  -  ResidentSetSize of job (KB)
...
006 (7020618.098.000) 03/15 12:05:07 Image size of job updated: 694072
	678  -  MemoryUsage of job (MB)
	694072  -  ResidentSetSize of job (KB)
...
006 (7020618.098.000) 03/15 12:10:08 Image size of job updated: 699444
	684  -  MemoryUsage of job (MB)
	699444  -  ResidentSetSize of job (KB)
...
006 (7020618.098.000) 03/15 12:15:08 Image size of job updated: 701272
	685  -  MemoryUsage of job (MB)
	701272  -  ResidentSetSize of job (KB)
...
006 (7020618.098.000) 03/15 12:20:08 Image size of job updated: 705992
	690  -  MemoryUsage of job (MB)
	705992  -  ResidentSetSize of job (KB)
...
006 (7020618.098.000) 03/15 12:30:09 Image size of job updated: 705996
	690  -  MemoryUsage of job (MB)
	705996  -  ResidentSetSize of job (KB)
...
006 (7020618.098.000) 03/15 12:35:09 Image size of job updated: 706004
	690  -  MemoryUsage of job (MB)
	706004  -  ResidentSetSize of job (KB)
...
006 (7020618.098.000) 03/15 12:45:11 Image size of job updated: 706044
	690  -  MemoryUsage of job (MB)
	706044  -  ResidentSetSize of job (KB)
...
006 (7020618.098.000) 03/15 13:25:16 Image size of job updated: 718276
	702  -  MemoryUsage of job (MB)
	718276  -  ResidentSetSize of job (KB)
...
006 (7020618.098.000) 03/15 13:40:17 Image size of job updated: 718312
	702  -  MemoryUsage of job (MB)
	718312  -  ResidentSetSize of job (KB)
...
006 (7020618.098.000) 03/15 13:50:18 Image size of job updated: 722872
	706  -  MemoryUsage of job (MB)
	722872  -  ResidentSetSize of job (KB)
...
006 (7020618.098.000) 03/15 14:25:20 Image size of job updated: 723852
	707  -  MemoryUsage of job (MB)
	723852  -  ResidentSetSize of job (KB)
...
006 (7020618.098.000) 03/15 14:30:21 Image size of job updated: 723916
	707  -  MemoryUsage of job (MB)
	723916  -  ResidentSetSize of job (KB)
...
006 (7020618.098.000) 03/15 14:40:21 Image size of job updated: 723968
	707  -  MemoryUsage of job (MB)
	723968  -  ResidentSetSize of job (KB)
...
006 (7020618.098.000) 03/15 15:00:24 Image size of job updated: 723992
	708  -  MemoryUsage of job (MB)
	723992  -  ResidentSetSize of job (KB)
...
006 (7020618.098.000) 03/15 17:10:35 Image size of job updated: 724016
	708  -  MemoryUsage of job (MB)
	724016  -  ResidentSetSize of job (KB)
...
006 (7020618.098.000) 03/15 17:20:36 Image size of job updated: 724076
	708  -  MemoryUsage of job (MB)
	724076  -  ResidentSetSize of job (KB)
...
006 (7020618.098.000) 03/15 18:50:46 Image size of job updated: 724112
	708  -  MemoryUsage of job (MB)
	724112  -  ResidentSetSize of job (KB)
...
006 (7020618.098.000) 03/15 18:55:47 Image size of job updated: 724164
	708  -  MemoryUsage of job (MB)
	724164  -  ResidentSetSize of job (KB)
...
006 (7020618.098.000) 03/15 20:15:54 Image size of job updated: 724176
	708  -  MemoryUsage of job (MB)
	724176  -  ResidentSetSize of job (KB)
...
006 (7020618.098.000) 03/15 20:50:56 Image size of job updated: 729184
	713  -  MemoryUsage of job (MB)
	729184  -  ResidentSetSize of job (KB)
...
006 (7020618.098.000) 03/15 20:55:57 Image size of job updated: 733332
	717  -  MemoryUsage of job (MB)
	733332  -  ResidentSetSize of job (KB)
...
006 (7020618.098.000) 03/15 21:00:57 Image size of job updated: 733432
	717  -  MemoryUsage of job (MB)
	733432  -  ResidentSetSize of job (KB)
...
006 (7020618.098.000) 03/15 21:41:00 Image size of job updated: 733496
	717  -  MemoryUsage of job (MB)
	733496  -  ResidentSetSize of job (KB)
...
006 (7020618.098.000) 03/15 22:31:07 Image size of job updated: 734144
	717  -  MemoryUsage of job (MB)
	734144  -  ResidentSetSize of job (KB)
...
006 (7020618.098.000) 03/15 22:46:09 Image size of job updated: 734264
	718  -  MemoryUsage of job (MB)
	734264  -  ResidentSetSize of job (KB)
...
006 (7020618.098.000) 03/15 22:56:10 Image size of job updated: 734332
	718  -  MemoryUsage of job (MB)
	734332  -  ResidentSetSize of job (KB)
...
006 (7020618.098.000) 03/15 23:01:11 Image size of job updated: 734452
	718  -  MemoryUsage of job (MB)
	734452  -  ResidentSetSize of job (KB)
...
006 (7020618.098.000) 03/15 23:06:11 Image size of job updated: 734468
	718  -  MemoryUsage of job (MB)
	734468  -  ResidentSetSize of job (KB)
...
006 (7020618.098.000) 03/15 23:11:12 Image size of job updated: 748320
	731  -  MemoryUsage of job (MB)
	748320  -  ResidentSetSize of job (KB)
...
006 (7020618.098.000) 03/15 23:16:13 Image size of job updated: 748396
	731  -  MemoryUsage of job (MB)
	748396  -  ResidentSetSize of job (KB)
...
006 (7020618.098.000) 03/16 00:21:21 Image size of job updated: 748428
	731  -  MemoryUsage of job (MB)
	748428  -  ResidentSetSize of job (KB)
...
006 (7020618.098.000) 03/16 00:51:24 Image size of job updated: 749516
	731  -  MemoryUsage of job (MB)
	748428  -  ResidentSetSize of job (KB)
...
006 (7020618.098.000) 03/16 06:31:55 Image size of job updated: 759240
	732  -  MemoryUsage of job (MB)
	748624  -  ResidentSetSize of job (KB)
...
006 (7020618.098.000) 03/16 06:51:58 Image size of job updated: 781084
	761  -  MemoryUsage of job (MB)
	779176  -  ResidentSetSize of job (KB)
...
040 (7020618.098.000) 03/16 11:50:28 Started transferring output files
...
040 (7020618.098.000) 03/16 11:50:28 Finished transferring output files
...
009 (7020618.098.000) 03/16 11:50:29 Job was aborted.
	Job removed by SYSTEM_PERIODIC_REMOVE due to wall time exceeded allowed max.
...
