000 (7020618.457.000) 03/15 11:47:53 Job submitted from host: <188.185.125.71:9618?addrs=188.185.125.71-9618+[2001-1458-d00-4a--100-15e]-9618&alias=bigbird28.cern.ch&noUDP&sock=schedd_2603_051c>
...
040 (7020618.457.000) 03/15 11:52:32 Started transferring input files
	Transferring to host: <188.185.193.151:9618?addrs=188.185.193.151-9618+[2001-1458-303-20--100-93]-9618&alias=b9p19p4041.cern.ch&noUDP&sock=slot1_35_5394_4f94_177422>
...
040 (7020618.457.000) 03/15 11:52:32 Finished transferring input files
...
001 (7020618.457.000) 03/15 11:52:33 Job executing on host: <188.185.193.151:9618?addrs=188.185.193.151-9618+[2001-1458-303-20--100-93]-9618&alias=b9p19p4041.cern.ch&noUDP&sock=startd_4253_c860>
	SlotName: slot1_35@b9p19p4041.cern.ch
	CondorScratchDir = "/pool/condor/dir_2526057"
	Cpus = 1
	Disk = 3922
	GPUs = 0
	Memory = 3000
...
006 (7020618.457.000) 03/15 11:52:46 Image size of job updated: 18388
	18  -  MemoryUsage of job (MB)
	18388  -  ResidentSetSize of job (KB)
...
006 (7020618.457.000) 03/15 11:57:46 Image size of job updated: 181972
	178  -  MemoryUsage of job (MB)
	181972  -  ResidentSetSize of job (KB)
...
006 (7020618.457.000) 03/15 12:02:47 Image size of job updated: 650996
	636  -  MemoryUsage of job (MB)
	650996  -  ResidentSetSize of job (KB)
...
006 (7020618.457.000) 03/15 12:07:47 Image size of job updated: 651600
	637  -  MemoryUsage of job (MB)
	651600  -  ResidentSetSize of job (KB)
...
006 (7020618.457.000) 03/15 12:12:47 Image size of job updated: 652476
	638  -  MemoryUsage of job (MB)
	652476  -  ResidentSetSize of job (KB)
...
006 (7020618.457.000) 03/15 12:17:48 Image size of job updated: 652636
	638  -  MemoryUsage of job (MB)
	652636  -  ResidentSetSize of job (KB)
...
006 (7020618.457.000) 03/15 12:22:48 Image size of job updated: 652980
	638  -  MemoryUsage of job (MB)
	652980  -  ResidentSetSize of job (KB)
...
006 (7020618.457.000) 03/15 12:27:48 Image size of job updated: 653372
	639  -  MemoryUsage of job (MB)
	653372  -  ResidentSetSize of job (KB)
...
006 (7020618.457.000) 03/15 12:32:50 Image size of job updated: 656988
	642  -  MemoryUsage of job (MB)
	656988  -  ResidentSetSize of job (KB)
...
006 (7020618.457.000) 03/15 12:47:51 Image size of job updated: 658060
	643  -  MemoryUsage of job (MB)
	658060  -  ResidentSetSize of job (KB)
...
006 (7020618.457.000) 03/15 12:57:52 Image size of job updated: 668160
	653  -  MemoryUsage of job (MB)
	668160  -  ResidentSetSize of job (KB)
...
006 (7020618.457.000) 03/15 13:02:53 Image size of job updated: 672316
	657  -  MemoryUsage of job (MB)
	672316  -  ResidentSetSize of job (KB)
...
006 (7020618.457.000) 03/15 14:23:02 Image size of job updated: 711708
	696  -  MemoryUsage of job (MB)
	711708  -  ResidentSetSize of job (KB)
...
006 (7020618.457.000) 03/15 14:28:03 Image size of job updated: 712940
	697  -  MemoryUsage of job (MB)
	712940  -  ResidentSetSize of job (KB)
...
006 (7020618.457.000) 03/15 14:33:03 Image size of job updated: 719836
	703  -  MemoryUsage of job (MB)
	719836  -  ResidentSetSize of job (KB)
...
006 (7020618.457.000) 03/15 15:08:07 Image size of job updated: 723896
	707  -  MemoryUsage of job (MB)
	723896  -  ResidentSetSize of job (KB)
...
006 (7020618.457.000) 03/15 15:18:08 Image size of job updated: 729548
	713  -  MemoryUsage of job (MB)
	729548  -  ResidentSetSize of job (KB)
...
006 (7020618.457.000) 03/15 15:23:09 Image size of job updated: 735528
	719  -  MemoryUsage of job (MB)
	735528  -  ResidentSetSize of job (KB)
...
006 (7020618.457.000) 03/15 15:28:10 Image size of job updated: 735552
	719  -  MemoryUsage of job (MB)
	735552  -  ResidentSetSize of job (KB)
...
006 (7020618.457.000) 03/15 15:33:10 Image size of job updated: 735612
	719  -  MemoryUsage of job (MB)
	735612  -  ResidentSetSize of job (KB)
...
006 (7020618.457.000) 03/15 17:58:24 Image size of job updated: 735660
	719  -  MemoryUsage of job (MB)
	735660  -  ResidentSetSize of job (KB)
...
006 (7020618.457.000) 03/15 18:38:29 Image size of job updated: 735728
	719  -  MemoryUsage of job (MB)
	735728  -  ResidentSetSize of job (KB)
...
006 (7020618.457.000) 03/15 19:28:36 Image size of job updated: 735776
	719  -  MemoryUsage of job (MB)
	735776  -  ResidentSetSize of job (KB)
...
006 (7020618.457.000) 03/15 19:43:37 Image size of job updated: 735820
	719  -  MemoryUsage of job (MB)
	735820  -  ResidentSetSize of job (KB)
...
006 (7020618.457.000) 03/15 20:23:40 Image size of job updated: 735856
	719  -  MemoryUsage of job (MB)
	735856  -  ResidentSetSize of job (KB)
...
006 (7020618.457.000) 03/15 21:23:46 Image size of job updated: 735972
	719  -  MemoryUsage of job (MB)
	735972  -  ResidentSetSize of job (KB)
...
006 (7020618.457.000) 03/15 21:43:48 Image size of job updated: 736008
	719  -  MemoryUsage of job (MB)
	736008  -  ResidentSetSize of job (KB)
...
006 (7020618.457.000) 03/15 23:58:59 Image size of job updated: 736036
	719  -  MemoryUsage of job (MB)
	736036  -  ResidentSetSize of job (KB)
...
006 (7020618.457.000) 03/16 00:24:02 Image size of job updated: 736416
	720  -  MemoryUsage of job (MB)
	736416  -  ResidentSetSize of job (KB)
...
006 (7020618.457.000) 03/16 00:29:03 Image size of job updated: 748572
	732  -  MemoryUsage of job (MB)
	748572  -  ResidentSetSize of job (KB)
...
006 (7020618.457.000) 03/16 00:34:03 Image size of job updated: 748648
	732  -  MemoryUsage of job (MB)
	748648  -  ResidentSetSize of job (KB)
...
006 (7020618.457.000) 03/16 00:54:05 Image size of job updated: 748692
	732  -  MemoryUsage of job (MB)
	748692  -  ResidentSetSize of job (KB)
...
006 (7020618.457.000) 03/16 01:24:07 Image size of job updated: 749056
	732  -  MemoryUsage of job (MB)
	749056  -  ResidentSetSize of job (KB)
...
006 (7020618.457.000) 03/16 02:04:10 Image size of job updated: 749184
	732  -  MemoryUsage of job (MB)
	749184  -  ResidentSetSize of job (KB)
...
006 (7020618.457.000) 03/16 02:09:10 Image size of job updated: 749192
	732  -  MemoryUsage of job (MB)
	749192  -  ResidentSetSize of job (KB)
...
006 (7020618.457.000) 03/16 02:49:14 Image size of job updated: 749196
	732  -  MemoryUsage of job (MB)
	749196  -  ResidentSetSize of job (KB)
...
006 (7020618.457.000) 03/16 03:09:16 Image size of job updated: 767404
	750  -  MemoryUsage of job (MB)
	767404  -  ResidentSetSize of job (KB)
...
040 (7020618.457.000) 03/16 11:53:09 Started transferring output files
...
040 (7020618.457.000) 03/16 11:53:09 Finished transferring output files
...
009 (7020618.457.000) 03/16 11:53:10 Job was aborted.
	Job removed by SYSTEM_PERIODIC_REMOVE due to wall time exceeded allowed max.
...
