000 (7020618.329.000) 03/15 11:47:52 Job submitted from host: <188.185.125.71:9618?addrs=188.185.125.71-9618+[2001-1458-d00-4a--100-15e]-9618&alias=bigbird28.cern.ch&noUDP&sock=schedd_2603_051c>
...
040 (7020618.329.000) 03/15 11:51:05 Started transferring input files
	Transferring to host: <188.185.215.89:9618?addrs=188.185.215.89-9618+[2001-1458-303-1e--100-55]-9618&alias=b9p31p6987.cern.ch&noUDP&sock=slot1_22_6673_7b68_189522>
...
040 (7020618.329.000) 03/15 11:51:05 Finished transferring input files
...
001 (7020618.329.000) 03/15 11:51:06 Job executing on host: <188.185.215.89:9618?addrs=188.185.215.89-9618+[2001-1458-303-1e--100-55]-9618&alias=b9p31p6987.cern.ch&noUDP&sock=startd_5750_99a7>
	SlotName: slot1_22@b9p31p6987.cern.ch
	CondorScratchDir = "/pool/condor/dir_1115432"
	Cpus = 1
	Disk = 3786
	GPUs = 0
	Memory = 3000
...
006 (7020618.329.000) 03/15 11:51:20 Image size of job updated: 14668
	15  -  MemoryUsage of job (MB)
	14668  -  ResidentSetSize of job (KB)
...
006 (7020618.329.000) 03/15 11:56:21 Image size of job updated: 666888
	652  -  MemoryUsage of job (MB)
	666888  -  ResidentSetSize of job (KB)
...
006 (7020618.329.000) 03/15 12:01:22 Image size of job updated: 672740
	657  -  MemoryUsage of job (MB)
	672740  -  ResidentSetSize of job (KB)
...
006 (7020618.329.000) 03/15 12:11:23 Image size of job updated: 672816
	658  -  MemoryUsage of job (MB)
	672816  -  ResidentSetSize of job (KB)
...
006 (7020618.329.000) 03/15 12:21:24 Image size of job updated: 725448
	709  -  MemoryUsage of job (MB)
	725448  -  ResidentSetSize of job (KB)
...
006 (7020618.329.000) 03/15 12:26:24 Image size of job updated: 725452
	709  -  MemoryUsage of job (MB)
	725452  -  ResidentSetSize of job (KB)
...
006 (7020618.329.000) 03/15 12:41:26 Image size of job updated: 726628
	710  -  MemoryUsage of job (MB)
	726628  -  ResidentSetSize of job (KB)
...
006 (7020618.329.000) 03/15 13:51:35 Image size of job updated: 728648
	712  -  MemoryUsage of job (MB)
	728648  -  ResidentSetSize of job (KB)
...
006 (7020618.329.000) 03/15 13:56:36 Image size of job updated: 728708
	712  -  MemoryUsage of job (MB)
	728708  -  ResidentSetSize of job (KB)
...
006 (7020618.329.000) 03/15 14:21:39 Image size of job updated: 732732
	716  -  MemoryUsage of job (MB)
	732732  -  ResidentSetSize of job (KB)
...
006 (7020618.329.000) 03/15 14:26:40 Image size of job updated: 732812
	716  -  MemoryUsage of job (MB)
	732812  -  ResidentSetSize of job (KB)
...
006 (7020618.329.000) 03/15 14:56:43 Image size of job updated: 740868
	724  -  MemoryUsage of job (MB)
	740868  -  ResidentSetSize of job (KB)
...
006 (7020618.329.000) 03/15 17:11:59 Image size of job updated: 740916
	724  -  MemoryUsage of job (MB)
	740916  -  ResidentSetSize of job (KB)
...
006 (7020618.329.000) 03/15 17:22:00 Image size of job updated: 740956
	724  -  MemoryUsage of job (MB)
	740956  -  ResidentSetSize of job (KB)
...
006 (7020618.329.000) 03/15 17:32:01 Image size of job updated: 743056
	724  -  MemoryUsage of job (MB)
	740956  -  ResidentSetSize of job (KB)
...
006 (7020618.329.000) 03/15 22:07:24 Image size of job updated: 743056
	726  -  MemoryUsage of job (MB)
	743004  -  ResidentSetSize of job (KB)
...
006 (7020618.329.000) 03/15 22:42:28 Image size of job updated: 743056
	726  -  MemoryUsage of job (MB)
	743032  -  ResidentSetSize of job (KB)
...
006 (7020618.329.000) 03/16 00:17:39 Image size of job updated: 743056
	726  -  MemoryUsage of job (MB)
	743048  -  ResidentSetSize of job (KB)
...
006 (7020618.329.000) 03/16 00:22:39 Image size of job updated: 743064
	726  -  MemoryUsage of job (MB)
	743064  -  ResidentSetSize of job (KB)
...
006 (7020618.329.000) 03/16 00:42:42 Image size of job updated: 746736
	730  -  MemoryUsage of job (MB)
	746736  -  ResidentSetSize of job (KB)
...
006 (7020618.329.000) 03/16 00:52:42 Image size of job updated: 746900
	730  -  MemoryUsage of job (MB)
	746900  -  ResidentSetSize of job (KB)
...
006 (7020618.329.000) 03/16 00:57:43 Image size of job updated: 747236
	730  -  MemoryUsage of job (MB)
	747236  -  ResidentSetSize of job (KB)
...
006 (7020618.329.000) 03/16 01:02:43 Image size of job updated: 764516
	747  -  MemoryUsage of job (MB)
	764516  -  ResidentSetSize of job (KB)
...
006 (7020618.329.000) 03/16 01:07:43 Image size of job updated: 766048
	749  -  MemoryUsage of job (MB)
	766048  -  ResidentSetSize of job (KB)
...
006 (7020618.329.000) 03/16 01:37:45 Image size of job updated: 766108
	749  -  MemoryUsage of job (MB)
	766108  -  ResidentSetSize of job (KB)
...
006 (7020618.329.000) 03/16 02:57:53 Image size of job updated: 766196
	749  -  MemoryUsage of job (MB)
	766196  -  ResidentSetSize of job (KB)
...
006 (7020618.329.000) 03/16 03:42:57 Image size of job updated: 766204
	749  -  MemoryUsage of job (MB)
	766204  -  ResidentSetSize of job (KB)
...
006 (7020618.329.000) 03/16 04:07:59 Image size of job updated: 766256
	749  -  MemoryUsage of job (MB)
	766256  -  ResidentSetSize of job (KB)
...
006 (7020618.329.000) 03/16 04:18:00 Image size of job updated: 766332
	749  -  MemoryUsage of job (MB)
	766332  -  ResidentSetSize of job (KB)
...
006 (7020618.329.000) 03/16 04:23:01 Image size of job updated: 766344
	749  -  MemoryUsage of job (MB)
	766344  -  ResidentSetSize of job (KB)
...
006 (7020618.329.000) 03/16 05:43:07 Image size of job updated: 766424
	749  -  MemoryUsage of job (MB)
	766424  -  ResidentSetSize of job (KB)
...
006 (7020618.329.000) 03/16 05:58:08 Image size of job updated: 780528
	763  -  MemoryUsage of job (MB)
	780528  -  ResidentSetSize of job (KB)
...
040 (7020618.329.000) 03/16 07:22:58 Started transferring output files
...
040 (7020618.329.000) 03/16 07:22:58 Finished transferring output files
...
005 (7020618.329.000) 03/16 07:22:58 Job terminated.
	(1) Normal termination (return value 0)
		Usr 0 19:14:37, Sys 0 00:01:36  -  Run Remote Usage
		Usr 0 00:00:00, Sys 0 00:00:00  -  Run Local Usage
		Usr 0 19:14:37, Sys 0 00:01:36  -  Total Remote Usage
		Usr 0 00:00:00, Sys 0 00:00:00  -  Total Local Usage
	12829  -  Run Bytes Sent By Job
	1379  -  Run Bytes Received By Job
	12829  -  Total Bytes Sent By Job
	1379  -  Total Bytes Received By Job
	Partitionable Resources :    Usage  Request Allocated 
	   Cpus                 :     0.99        1         1 
	   Disk (KB)            :    43           2      3786 
	   GPUs                 :                           0 
	   Memory (MB)          :   763        3000      3000 
	   TimeExecute (s)      : 70312                       
	   TimeSlotBusy (s)     : 70314                       

	Job terminated of its own accord at 2026-03-16T06:22:58Z with exit-code 0.
...
