000 (7020618.458.000) 03/15 11:47:53 Job submitted from host: <188.185.125.71:9618?addrs=188.185.125.71-9618+[2001-1458-d00-4a--100-15e]-9618&alias=bigbird28.cern.ch&noUDP&sock=schedd_2603_051c>
...
040 (7020618.458.000) 03/15 11:52:33 Started transferring input files
	Transferring to host: <188.185.192.112:9618?addrs=188.185.192.112-9618+[2001-1458-303-1f--100-6c]-9618&alias=b9p13p2520.cern.ch&noUDP&sock=slot1_44_6134_b533_185305>
...
040 (7020618.458.000) 03/15 11:52:33 Finished transferring input files
...
001 (7020618.458.000) 03/15 11:52:34 Job executing on host: <188.185.192.112:9618?addrs=188.185.192.112-9618+[2001-1458-303-1f--100-6c]-9618&alias=b9p13p2520.cern.ch&noUDP&sock=startd_4432_8fd4>
	SlotName: slot1_44@b9p13p2520.cern.ch
	CondorScratchDir = "/pool/condor/dir_331636"
	Cpus = 1
	Disk = 3940
	GPUs = 0
	Memory = 3000
...
006 (7020618.458.000) 03/15 11:52:47 Image size of job updated: 876
	1  -  MemoryUsage of job (MB)
	876  -  ResidentSetSize of job (KB)
...
006 (7020618.458.000) 03/15 11:57:48 Image size of job updated: 150984
	148  -  MemoryUsage of job (MB)
	150984  -  ResidentSetSize of job (KB)
...
006 (7020618.458.000) 03/15 12:02:49 Image size of job updated: 432584
	423  -  MemoryUsage of job (MB)
	432584  -  ResidentSetSize of job (KB)
...
006 (7020618.458.000) 03/15 12:07:49 Image size of job updated: 540268
	503  -  MemoryUsage of job (MB)
	514296  -  ResidentSetSize of job (KB)
...
006 (7020618.458.000) 03/15 12:12:50 Image size of job updated: 647924
	633  -  MemoryUsage of job (MB)
	647924  -  ResidentSetSize of job (KB)
...
006 (7020618.458.000) 03/15 12:17:51 Image size of job updated: 649156
	634  -  MemoryUsage of job (MB)
	649156  -  ResidentSetSize of job (KB)
...
006 (7020618.458.000) 03/15 12:22:51 Image size of job updated: 649160
	634  -  MemoryUsage of job (MB)
	649160  -  ResidentSetSize of job (KB)
...
006 (7020618.458.000) 03/15 12:27:51 Image size of job updated: 654376
	640  -  MemoryUsage of job (MB)
	654376  -  ResidentSetSize of job (KB)
...
006 (7020618.458.000) 03/15 12:32:52 Image size of job updated: 654380
	640  -  MemoryUsage of job (MB)
	654380  -  ResidentSetSize of job (KB)
...
006 (7020618.458.000) 03/15 12:37:52 Image size of job updated: 654384
	640  -  MemoryUsage of job (MB)
	654384  -  ResidentSetSize of job (KB)
...
006 (7020618.458.000) 03/15 12:47:53 Image size of job updated: 662220
	647  -  MemoryUsage of job (MB)
	662220  -  ResidentSetSize of job (KB)
...
006 (7020618.458.000) 03/15 12:52:53 Image size of job updated: 663396
	648  -  MemoryUsage of job (MB)
	663396  -  ResidentSetSize of job (KB)
...
006 (7020618.458.000) 03/15 13:42:57 Image size of job updated: 702272
	686  -  MemoryUsage of job (MB)
	702272  -  ResidentSetSize of job (KB)
...
006 (7020618.458.000) 03/15 13:47:58 Image size of job updated: 703016
	687  -  MemoryUsage of job (MB)
	703016  -  ResidentSetSize of job (KB)
...
006 (7020618.458.000) 03/15 13:52:59 Image size of job updated: 705576
	690  -  MemoryUsage of job (MB)
	705576  -  ResidentSetSize of job (KB)
...
006 (7020618.458.000) 03/15 13:57:59 Image size of job updated: 707948
	692  -  MemoryUsage of job (MB)
	707948  -  ResidentSetSize of job (KB)
...
006 (7020618.458.000) 03/15 14:33:02 Image size of job updated: 707972
	692  -  MemoryUsage of job (MB)
	707972  -  ResidentSetSize of job (KB)
...
006 (7020618.458.000) 03/15 14:43:04 Image size of job updated: 707976
	692  -  MemoryUsage of job (MB)
	707976  -  ResidentSetSize of job (KB)
...
006 (7020618.458.000) 03/15 15:03:06 Image size of job updated: 710904
	695  -  MemoryUsage of job (MB)
	710904  -  ResidentSetSize of job (KB)
...
006 (7020618.458.000) 03/15 15:28:10 Image size of job updated: 711044
	695  -  MemoryUsage of job (MB)
	711044  -  ResidentSetSize of job (KB)
...
006 (7020618.458.000) 03/15 15:33:10 Image size of job updated: 713064
	697  -  MemoryUsage of job (MB)
	713064  -  ResidentSetSize of job (KB)
...
006 (7020618.458.000) 03/15 15:43:11 Image size of job updated: 715104
	699  -  MemoryUsage of job (MB)
	715104  -  ResidentSetSize of job (KB)
...
006 (7020618.458.000) 03/15 16:53:17 Image size of job updated: 715152
	699  -  MemoryUsage of job (MB)
	715152  -  ResidentSetSize of job (KB)
...
006 (7020618.458.000) 03/15 17:03:18 Image size of job updated: 715156
	699  -  MemoryUsage of job (MB)
	715156  -  ResidentSetSize of job (KB)
...
006 (7020618.458.000) 03/15 17:08:18 Image size of job updated: 719248
	703  -  MemoryUsage of job (MB)
	719248  -  ResidentSetSize of job (KB)
...
006 (7020618.458.000) 03/15 17:13:18 Image size of job updated: 720116
	704  -  MemoryUsage of job (MB)
	720116  -  ResidentSetSize of job (KB)
...
006 (7020618.458.000) 03/15 18:48:29 Image size of job updated: 720360
	704  -  MemoryUsage of job (MB)
	720360  -  ResidentSetSize of job (KB)
...
006 (7020618.458.000) 03/15 19:08:31 Image size of job updated: 720980
	705  -  MemoryUsage of job (MB)
	720980  -  ResidentSetSize of job (KB)
...
006 (7020618.458.000) 03/15 19:13:32 Image size of job updated: 721772
	705  -  MemoryUsage of job (MB)
	721772  -  ResidentSetSize of job (KB)
...
006 (7020618.458.000) 03/15 20:23:39 Image size of job updated: 721796
	705  -  MemoryUsage of job (MB)
	721796  -  ResidentSetSize of job (KB)
...
006 (7020618.458.000) 03/15 22:53:53 Image size of job updated: 721868
	705  -  MemoryUsage of job (MB)
	721868  -  ResidentSetSize of job (KB)
...
006 (7020618.458.000) 03/15 23:28:56 Image size of job updated: 724088
	708  -  MemoryUsage of job (MB)
	724088  -  ResidentSetSize of job (KB)
...
006 (7020618.458.000) 03/16 00:49:07 Image size of job updated: 724160
	708  -  MemoryUsage of job (MB)
	724160  -  ResidentSetSize of job (KB)
...
006 (7020618.458.000) 03/16 00:54:08 Image size of job updated: 724852
	708  -  MemoryUsage of job (MB)
	724852  -  ResidentSetSize of job (KB)
...
006 (7020618.458.000) 03/16 00:59:08 Image size of job updated: 739004
	722  -  MemoryUsage of job (MB)
	739004  -  ResidentSetSize of job (KB)
...
006 (7020618.458.000) 03/16 01:04:08 Image size of job updated: 740464
	724  -  MemoryUsage of job (MB)
	740464  -  ResidentSetSize of job (KB)
...
006 (7020618.458.000) 03/16 02:49:17 Image size of job updated: 740484
	724  -  MemoryUsage of job (MB)
	740484  -  ResidentSetSize of job (KB)
...
006 (7020618.458.000) 03/16 02:59:19 Image size of job updated: 740528
	724  -  MemoryUsage of job (MB)
	740528  -  ResidentSetSize of job (KB)
...
006 (7020618.458.000) 03/16 03:14:21 Image size of job updated: 749392
	724  -  MemoryUsage of job (MB)
	740528  -  ResidentSetSize of job (KB)
...
006 (7020618.458.000) 03/16 03:19:21 Image size of job updated: 749392
	728  -  MemoryUsage of job (MB)
	745204  -  ResidentSetSize of job (KB)
...
006 (7020618.458.000) 03/16 03:34:23 Image size of job updated: 749392
	728  -  MemoryUsage of job (MB)
	745324  -  ResidentSetSize of job (KB)
...
006 (7020618.458.000) 03/16 04:54:31 Image size of job updated: 749392
	728  -  MemoryUsage of job (MB)
	745376  -  ResidentSetSize of job (KB)
...
006 (7020618.458.000) 03/16 05:54:37 Image size of job updated: 749392
	730  -  MemoryUsage of job (MB)
	747088  -  ResidentSetSize of job (KB)
...
006 (7020618.458.000) 03/16 06:19:40 Image size of job updated: 749392
	730  -  MemoryUsage of job (MB)
	747160  -  ResidentSetSize of job (KB)
...
040 (7020618.458.000) 03/16 11:53:12 Started transferring output files
...
040 (7020618.458.000) 03/16 11:53:12 Finished transferring output files
...
009 (7020618.458.000) 03/16 11:53:12 Job was aborted.
	Job removed by SYSTEM_PERIODIC_REMOVE due to wall time exceeded allowed max.
...
