000 (7020618.426.000) 03/15 11:47:52 Job submitted from host: <188.185.125.71:9618?addrs=188.185.125.71-9618+[2001-1458-d00-4a--100-15e]-9618&alias=bigbird28.cern.ch&noUDP&sock=schedd_2603_051c>
...
040 (7020618.426.000) 03/15 11:51:41 Started transferring input files
	Transferring to host: <188.185.209.25:9618?addrs=188.185.209.25-9618+[2001-1458-303-11--100-16]-9618&alias=b9p11p8699.cern.ch&noUDP&sock=slot1_17_8290_ce0a_102044>
...
040 (7020618.426.000) 03/15 11:51:41 Finished transferring input files
...
001 (7020618.426.000) 03/15 11:51:42 Job executing on host: <188.185.209.25:9618?addrs=188.185.209.25-9618+[2001-1458-303-11--100-16]-9618&alias=b9p11p8699.cern.ch&noUDP&sock=startd_4621_333a>
	SlotName: slot1_17@b9p11p8699.cern.ch
	CondorScratchDir = "/pool/condor/dir_2805720"
	Cpus = 1
	Disk = 3473
	GPUs = 0
	Memory = 3000
...
006 (7020618.426.000) 03/15 11:51:56 Image size of job updated: 896
	1  -  MemoryUsage of job (MB)
	896  -  ResidentSetSize of job (KB)
...
006 (7020618.426.000) 03/15 11:56:57 Image size of job updated: 541428
	503  -  MemoryUsage of job (MB)
	514500  -  ResidentSetSize of job (KB)
...
006 (7020618.426.000) 03/15 12:01:58 Image size of job updated: 541428
	508  -  MemoryUsage of job (MB)
	519820  -  ResidentSetSize of job (KB)
...
006 (7020618.426.000) 03/15 12:06:58 Image size of job updated: 541428
	514  -  MemoryUsage of job (MB)
	526280  -  ResidentSetSize of job (KB)
...
006 (7020618.426.000) 03/15 12:11:59 Image size of job updated: 655460
	641  -  MemoryUsage of job (MB)
	655460  -  ResidentSetSize of job (KB)
...
006 (7020618.426.000) 03/15 12:21:59 Image size of job updated: 655464
	641  -  MemoryUsage of job (MB)
	655464  -  ResidentSetSize of job (KB)
...
006 (7020618.426.000) 03/15 12:27:00 Image size of job updated: 657436
	643  -  MemoryUsage of job (MB)
	657436  -  ResidentSetSize of job (KB)
...
006 (7020618.426.000) 03/15 12:47:01 Image size of job updated: 673608
	658  -  MemoryUsage of job (MB)
	673608  -  ResidentSetSize of job (KB)
...
006 (7020618.426.000) 03/15 13:47:07 Image size of job updated: 714532
	698  -  MemoryUsage of job (MB)
	714532  -  ResidentSetSize of job (KB)
...
006 (7020618.426.000) 03/15 13:52:07 Image size of job updated: 716172
	700  -  MemoryUsage of job (MB)
	716172  -  ResidentSetSize of job (KB)
...
006 (7020618.426.000) 03/15 13:57:08 Image size of job updated: 721728
	705  -  MemoryUsage of job (MB)
	721728  -  ResidentSetSize of job (KB)
...
006 (7020618.426.000) 03/15 14:07:09 Image size of job updated: 721764
	705  -  MemoryUsage of job (MB)
	721764  -  ResidentSetSize of job (KB)
...
006 (7020618.426.000) 03/15 14:22:11 Image size of job updated: 721804
	705  -  MemoryUsage of job (MB)
	721804  -  ResidentSetSize of job (KB)
...
006 (7020618.426.000) 03/15 14:37:12 Image size of job updated: 721812
	705  -  MemoryUsage of job (MB)
	721812  -  ResidentSetSize of job (KB)
...
006 (7020618.426.000) 03/15 14:42:13 Image size of job updated: 723340
	707  -  MemoryUsage of job (MB)
	723340  -  ResidentSetSize of job (KB)
...
006 (7020618.426.000) 03/15 14:47:13 Image size of job updated: 730580
	714  -  MemoryUsage of job (MB)
	730580  -  ResidentSetSize of job (KB)
...
006 (7020618.426.000) 03/15 16:37:26 Image size of job updated: 730616
	714  -  MemoryUsage of job (MB)
	730616  -  ResidentSetSize of job (KB)
...
006 (7020618.426.000) 03/15 17:02:29 Image size of job updated: 730648
	714  -  MemoryUsage of job (MB)
	730648  -  ResidentSetSize of job (KB)
...
006 (7020618.426.000) 03/15 17:22:31 Image size of job updated: 731892
	715  -  MemoryUsage of job (MB)
	731892  -  ResidentSetSize of job (KB)
...
006 (7020618.426.000) 03/15 17:27:32 Image size of job updated: 742200
	725  -  MemoryUsage of job (MB)
	742200  -  ResidentSetSize of job (KB)
...
006 (7020618.426.000) 03/15 17:32:33 Image size of job updated: 742280
	725  -  MemoryUsage of job (MB)
	742280  -  ResidentSetSize of job (KB)
...
006 (7020618.426.000) 03/15 17:47:35 Image size of job updated: 742320
	725  -  MemoryUsage of job (MB)
	742320  -  ResidentSetSize of job (KB)
...
006 (7020618.426.000) 03/15 18:47:40 Image size of job updated: 742340
	725  -  MemoryUsage of job (MB)
	742340  -  ResidentSetSize of job (KB)
...
006 (7020618.426.000) 03/15 19:22:44 Image size of job updated: 745988
	729  -  MemoryUsage of job (MB)
	745988  -  ResidentSetSize of job (KB)
...
006 (7020618.426.000) 03/15 19:27:45 Image size of job updated: 746100
	729  -  MemoryUsage of job (MB)
	746100  -  ResidentSetSize of job (KB)
...
006 (7020618.426.000) 03/15 19:52:47 Image size of job updated: 746144
	729  -  MemoryUsage of job (MB)
	746144  -  ResidentSetSize of job (KB)
...
006 (7020618.426.000) 03/15 20:52:53 Image size of job updated: 746156
	729  -  MemoryUsage of job (MB)
	746156  -  ResidentSetSize of job (KB)
...
006 (7020618.426.000) 03/15 21:07:54 Image size of job updated: 748108
	731  -  MemoryUsage of job (MB)
	748108  -  ResidentSetSize of job (KB)
...
006 (7020618.426.000) 03/15 21:52:58 Image size of job updated: 748200
	731  -  MemoryUsage of job (MB)
	748200  -  ResidentSetSize of job (KB)
...
006 (7020618.426.000) 03/15 22:43:04 Image size of job updated: 748248
	731  -  MemoryUsage of job (MB)
	748248  -  ResidentSetSize of job (KB)
...
006 (7020618.426.000) 03/15 22:53:05 Image size of job updated: 750316
	733  -  MemoryUsage of job (MB)
	750316  -  ResidentSetSize of job (KB)
...
006 (7020618.426.000) 03/15 23:28:10 Image size of job updated: 750324
	733  -  MemoryUsage of job (MB)
	750324  -  ResidentSetSize of job (KB)
...
006 (7020618.426.000) 03/16 00:28:15 Image size of job updated: 750328
	733  -  MemoryUsage of job (MB)
	750328  -  ResidentSetSize of job (KB)
...
006 (7020618.426.000) 03/16 00:58:17 Image size of job updated: 750340
	733  -  MemoryUsage of job (MB)
	750340  -  ResidentSetSize of job (KB)
...
006 (7020618.426.000) 03/16 01:08:19 Image size of job updated: 750348
	733  -  MemoryUsage of job (MB)
	750348  -  ResidentSetSize of job (KB)
...
006 (7020618.426.000) 03/16 01:13:19 Image size of job updated: 750360
	733  -  MemoryUsage of job (MB)
	750360  -  ResidentSetSize of job (KB)
...
006 (7020618.426.000) 03/16 01:43:22 Image size of job updated: 750364
	733  -  MemoryUsage of job (MB)
	750364  -  ResidentSetSize of job (KB)
...
006 (7020618.426.000) 03/16 01:48:23 Image size of job updated: 750372
	733  -  MemoryUsage of job (MB)
	750372  -  ResidentSetSize of job (KB)
...
006 (7020618.426.000) 03/16 02:13:25 Image size of job updated: 750380
	733  -  MemoryUsage of job (MB)
	750380  -  ResidentSetSize of job (KB)
...
006 (7020618.426.000) 03/16 03:13:30 Image size of job updated: 750384
	733  -  MemoryUsage of job (MB)
	750384  -  ResidentSetSize of job (KB)
...
006 (7020618.426.000) 03/16 03:28:31 Image size of job updated: 750400
	733  -  MemoryUsage of job (MB)
	750400  -  ResidentSetSize of job (KB)
...
006 (7020618.426.000) 03/16 03:53:34 Image size of job updated: 750408
	733  -  MemoryUsage of job (MB)
	750408  -  ResidentSetSize of job (KB)
...
006 (7020618.426.000) 03/16 04:43:38 Image size of job updated: 750424
	733  -  MemoryUsage of job (MB)
	750424  -  ResidentSetSize of job (KB)
...
006 (7020618.426.000) 03/16 05:03:40 Image size of job updated: 750436
	733  -  MemoryUsage of job (MB)
	750436  -  ResidentSetSize of job (KB)
...
006 (7020618.426.000) 03/16 05:08:40 Image size of job updated: 750440
	733  -  MemoryUsage of job (MB)
	750440  -  ResidentSetSize of job (KB)
...
006 (7020618.426.000) 03/16 05:23:42 Image size of job updated: 756136
	739  -  MemoryUsage of job (MB)
	756136  -  ResidentSetSize of job (KB)
...
040 (7020618.426.000) 03/16 10:24:35 Started transferring output files
...
040 (7020618.426.000) 03/16 10:24:35 Finished transferring output files
...
005 (7020618.426.000) 03/16 10:24:35 Job terminated.
	(1) Normal termination (return value 0)
		Usr 0 21:47:05, Sys 0 00:02:34  -  Run Remote Usage
		Usr 0 00:00:00, Sys 0 00:00:00  -  Run Local Usage
		Usr 0 21:47:05, Sys 0 00:02:34  -  Total Remote Usage
		Usr 0 00:00:00, Sys 0 00:00:00  -  Total Local Usage
	13137  -  Run Bytes Sent By Job
	1379  -  Run Bytes Received By Job
	13137  -  Total Bytes Sent By Job
	1379  -  Total Bytes Received By Job
	Partitionable Resources :    Usage  Request Allocated 
	   Cpus                 :     0.98        1         1 
	   Disk (KB)            :    46           2      3473 
	   GPUs                 :                           0 
	   Memory (MB)          :   739        3000      3000 
	   TimeExecute (s)      : 81173                       
	   TimeSlotBusy (s)     : 81175                       

	Job terminated of its own accord at 2026-03-16T09:24:35Z with exit-code 0.
...
