000 (7020618.121.000) 03/15 11:47:50 Job submitted from host: <188.185.125.71:9618?addrs=188.185.125.71-9618+[2001-1458-d00-4a--100-15e]-9618&alias=bigbird28.cern.ch&noUDP&sock=schedd_2603_051c>
...
040 (7020618.121.000) 03/15 11:49:59 Started transferring input files
	Transferring to host: <188.185.213.154:9618?addrs=188.185.213.154-9618+[2001-1458-303-1b--100-16]-9618&alias=b9p28p7495.cern.ch&noUDP&sock=slot1_29_4085_007f_32984>
...
040 (7020618.121.000) 03/15 11:49:59 Finished transferring input files
...
001 (7020618.121.000) 03/15 11:50:00 Job executing on host: <188.185.213.154:9618?addrs=188.185.213.154-9618+[2001-1458-303-1b--100-16]-9618&alias=b9p28p7495.cern.ch&noUDP&sock=startd_3400_b217>
	SlotName: slot1_29@b9p28p7495.cern.ch
	CondorScratchDir = "/pool/condor/dir_3810861"
	Cpus = 1
	Disk = 3871
	GPUs = 0
	Memory = 3000
...
006 (7020618.121.000) 03/15 11:50:13 Image size of job updated: 884
	1  -  MemoryUsage of job (MB)
	884  -  ResidentSetSize of job (KB)
...
006 (7020618.121.000) 03/15 11:55:13 Image size of job updated: 158548
	155  -  MemoryUsage of job (MB)
	158548  -  ResidentSetSize of job (KB)
...
006 (7020618.121.000) 03/15 12:00:14 Image size of job updated: 564992
	552  -  MemoryUsage of job (MB)
	564992  -  ResidentSetSize of job (KB)
...
006 (7020618.121.000) 03/15 12:05:14 Image size of job updated: 680420
	665  -  MemoryUsage of job (MB)
	680420  -  ResidentSetSize of job (KB)
...
006 (7020618.121.000) 03/15 12:10:14 Image size of job updated: 690740
	675  -  MemoryUsage of job (MB)
	690740  -  ResidentSetSize of job (KB)
...
006 (7020618.121.000) 03/15 12:15:15 Image size of job updated: 695768
	680  -  MemoryUsage of job (MB)
	695768  -  ResidentSetSize of job (KB)
...
006 (7020618.121.000) 03/15 12:20:15 Image size of job updated: 744612
	728  -  MemoryUsage of job (MB)
	744612  -  ResidentSetSize of job (KB)
...
006 (7020618.121.000) 03/15 12:35:17 Image size of job updated: 744616
	728  -  MemoryUsage of job (MB)
	744616  -  ResidentSetSize of job (KB)
...
006 (7020618.121.000) 03/15 13:15:21 Image size of job updated: 746036
	729  -  MemoryUsage of job (MB)
	746036  -  ResidentSetSize of job (KB)
...
006 (7020618.121.000) 03/15 13:40:24 Image size of job updated: 746040
	729  -  MemoryUsage of job (MB)
	746040  -  ResidentSetSize of job (KB)
...
006 (7020618.121.000) 03/15 14:00:26 Image size of job updated: 746056
	729  -  MemoryUsage of job (MB)
	746056  -  ResidentSetSize of job (KB)
...
006 (7020618.121.000) 03/15 14:10:26 Image size of job updated: 746072
	729  -  MemoryUsage of job (MB)
	746072  -  ResidentSetSize of job (KB)
...
006 (7020618.121.000) 03/15 14:25:27 Image size of job updated: 753572
	736  -  MemoryUsage of job (MB)
	753572  -  ResidentSetSize of job (KB)
...
006 (7020618.121.000) 03/15 14:30:28 Image size of job updated: 754320
	737  -  MemoryUsage of job (MB)
	754320  -  ResidentSetSize of job (KB)
...
006 (7020618.121.000) 03/15 14:35:28 Image size of job updated: 771092
	754  -  MemoryUsage of job (MB)
	771092  -  ResidentSetSize of job (KB)
...
006 (7020618.121.000) 03/15 14:40:28 Image size of job updated: 771828
	754  -  MemoryUsage of job (MB)
	771828  -  ResidentSetSize of job (KB)
...
006 (7020618.121.000) 03/15 14:50:30 Image size of job updated: 771836
	754  -  MemoryUsage of job (MB)
	771836  -  ResidentSetSize of job (KB)
...
006 (7020618.121.000) 03/15 15:10:32 Image size of job updated: 771844
	754  -  MemoryUsage of job (MB)
	771844  -  ResidentSetSize of job (KB)
...
006 (7020618.121.000) 03/15 15:40:34 Image size of job updated: 774716
	757  -  MemoryUsage of job (MB)
	774716  -  ResidentSetSize of job (KB)
...
006 (7020618.121.000) 03/15 15:45:34 Image size of job updated: 774720
	757  -  MemoryUsage of job (MB)
	774720  -  ResidentSetSize of job (KB)
...
006 (7020618.121.000) 03/15 16:30:38 Image size of job updated: 774728
	757  -  MemoryUsage of job (MB)
	774728  -  ResidentSetSize of job (KB)
...
006 (7020618.121.000) 03/15 17:05:43 Image size of job updated: 774744
	757  -  MemoryUsage of job (MB)
	774744  -  ResidentSetSize of job (KB)
...
006 (7020618.121.000) 03/15 18:00:47 Image size of job updated: 778872
	761  -  MemoryUsage of job (MB)
	778872  -  ResidentSetSize of job (KB)
...
040 (7020618.121.000) 03/16 04:12:11 Started transferring output files
...
040 (7020618.121.000) 03/16 04:12:11 Finished transferring output files
...
005 (7020618.121.000) 03/16 04:12:11 Job terminated.
	(1) Normal termination (return value 0)
		Usr 0 16:03:31, Sys 0 00:00:48  -  Run Remote Usage
		Usr 0 00:00:00, Sys 0 00:00:00  -  Run Local Usage
		Usr 0 16:03:31, Sys 0 00:00:48  -  Total Remote Usage
		Usr 0 00:00:00, Sys 0 00:00:00  -  Total Local Usage
	6843  -  Run Bytes Sent By Job
	1379  -  Run Bytes Received By Job
	6843  -  Total Bytes Sent By Job
	1379  -  Total Bytes Received By Job
	Partitionable Resources :    Usage  Request Allocated 
	   Cpus                 :     0.99        1         1 
	   Disk (KB)            :    47           2      3871 
	   GPUs                 :                           0 
	   Memory (MB)          :   761        3000      3000 
	   TimeExecute (s)      : 58931                       
	   TimeSlotBusy (s)     : 58933                       

	Job terminated of its own accord at 2026-03-16T03:12:11Z with exit-code 0.
...
