000 (7020618.259.000) 03/15 11:47:51 Job submitted from host: <188.185.125.71:9618?addrs=188.185.125.71-9618+[2001-1458-d00-4a--100-15e]-9618&alias=bigbird28.cern.ch&noUDP&sock=schedd_2603_051c>
...
040 (7020618.259.000) 03/15 11:50:48 Started transferring input files
	Transferring to host: <188.185.212.20:9618?addrs=188.185.212.20-9618+[2001-1458-303-18--100-10]-9618&alias=b9p25p4134.cern.ch&noUDP&sock=slot1_15_7259_5f40_190449>
...
040 (7020618.259.000) 03/15 11:50:48 Finished transferring input files
...
001 (7020618.259.000) 03/15 11:50:49 Job executing on host: <188.185.212.20:9618?addrs=188.185.212.20-9618+[2001-1458-303-18--100-10]-9618&alias=b9p25p4134.cern.ch&noUDP&sock=startd_6647_de1b>
	SlotName: slot1_15@b9p25p4134.cern.ch
	CondorScratchDir = "/pool/condor/dir_2952745"
	Cpus = 1
	Disk = 3839
	GPUs = 0
	Memory = 3000
...
006 (7020618.259.000) 03/15 11:51:02 Image size of job updated: 884
	1  -  MemoryUsage of job (MB)
	884  -  ResidentSetSize of job (KB)
...
006 (7020618.259.000) 03/15 11:56:02 Image size of job updated: 678672
	644  -  MemoryUsage of job (MB)
	659084  -  ResidentSetSize of job (KB)
...
006 (7020618.259.000) 03/15 12:01:03 Image size of job updated: 678672
	645  -  MemoryUsage of job (MB)
	660264  -  ResidentSetSize of job (KB)
...
006 (7020618.259.000) 03/15 12:06:03 Image size of job updated: 678672
	645  -  MemoryUsage of job (MB)
	660480  -  ResidentSetSize of job (KB)
...
006 (7020618.259.000) 03/15 12:11:03 Image size of job updated: 704060
	688  -  MemoryUsage of job (MB)
	704060  -  ResidentSetSize of job (KB)
...
006 (7020618.259.000) 03/15 12:16:04 Image size of job updated: 718540
	696  -  MemoryUsage of job (MB)
	711784  -  ResidentSetSize of job (KB)
...
006 (7020618.259.000) 03/15 12:21:04 Image size of job updated: 725672
	709  -  MemoryUsage of job (MB)
	725672  -  ResidentSetSize of job (KB)
...
006 (7020618.259.000) 03/15 12:46:06 Image size of job updated: 725756
	709  -  MemoryUsage of job (MB)
	725756  -  ResidentSetSize of job (KB)
...
006 (7020618.259.000) 03/15 13:36:12 Image size of job updated: 726576
	710  -  MemoryUsage of job (MB)
	726576  -  ResidentSetSize of job (KB)
...
006 (7020618.259.000) 03/15 13:56:15 Image size of job updated: 726596
	710  -  MemoryUsage of job (MB)
	726596  -  ResidentSetSize of job (KB)
...
006 (7020618.259.000) 03/15 14:06:15 Image size of job updated: 726604
	710  -  MemoryUsage of job (MB)
	726604  -  ResidentSetSize of job (KB)
...
006 (7020618.259.000) 03/15 15:51:26 Image size of job updated: 726628
	710  -  MemoryUsage of job (MB)
	726628  -  ResidentSetSize of job (KB)
...
006 (7020618.259.000) 03/15 16:31:30 Image size of job updated: 726684
	710  -  MemoryUsage of job (MB)
	726684  -  ResidentSetSize of job (KB)
...
006 (7020618.259.000) 03/15 16:51:32 Image size of job updated: 726728
	710  -  MemoryUsage of job (MB)
	726728  -  ResidentSetSize of job (KB)
...
006 (7020618.259.000) 03/15 16:56:33 Image size of job updated: 726748
	710  -  MemoryUsage of job (MB)
	726748  -  ResidentSetSize of job (KB)
...
006 (7020618.259.000) 03/15 17:11:35 Image size of job updated: 726796
	710  -  MemoryUsage of job (MB)
	726796  -  ResidentSetSize of job (KB)
...
006 (7020618.259.000) 03/15 18:51:44 Image size of job updated: 726868
	710  -  MemoryUsage of job (MB)
	726868  -  ResidentSetSize of job (KB)
...
006 (7020618.259.000) 03/15 19:21:47 Image size of job updated: 727004
	710  -  MemoryUsage of job (MB)
	727004  -  ResidentSetSize of job (KB)
...
006 (7020618.259.000) 03/15 19:46:50 Image size of job updated: 727432
	711  -  MemoryUsage of job (MB)
	727432  -  ResidentSetSize of job (KB)
...
006 (7020618.259.000) 03/15 19:51:51 Image size of job updated: 727576
	711  -  MemoryUsage of job (MB)
	727576  -  ResidentSetSize of job (KB)
...
006 (7020618.259.000) 03/15 19:56:51 Image size of job updated: 743172
	726  -  MemoryUsage of job (MB)
	743172  -  ResidentSetSize of job (KB)
...
006 (7020618.259.000) 03/15 20:01:52 Image size of job updated: 744120
	727  -  MemoryUsage of job (MB)
	744120  -  ResidentSetSize of job (KB)
...
006 (7020618.259.000) 03/15 20:06:52 Image size of job updated: 746168
	729  -  MemoryUsage of job (MB)
	746168  -  ResidentSetSize of job (KB)
...
006 (7020618.259.000) 03/15 20:41:55 Image size of job updated: 746200
	729  -  MemoryUsage of job (MB)
	746200  -  ResidentSetSize of job (KB)
...
006 (7020618.259.000) 03/15 20:46:56 Image size of job updated: 746256
	729  -  MemoryUsage of job (MB)
	746256  -  ResidentSetSize of job (KB)
...
006 (7020618.259.000) 03/15 21:21:58 Image size of job updated: 746276
	729  -  MemoryUsage of job (MB)
	746276  -  ResidentSetSize of job (KB)
...
006 (7020618.259.000) 03/15 21:31:59 Image size of job updated: 747400
	729  -  MemoryUsage of job (MB)
	746276  -  ResidentSetSize of job (KB)
...
006 (7020618.259.000) 03/15 21:37:00 Image size of job updated: 750172
	731  -  MemoryUsage of job (MB)
	748440  -  ResidentSetSize of job (KB)
...
006 (7020618.259.000) 03/15 21:42:01 Image size of job updated: 750172
	732  -  MemoryUsage of job (MB)
	748584  -  ResidentSetSize of job (KB)
...
006 (7020618.259.000) 03/15 22:07:04 Image size of job updated: 750172
	732  -  MemoryUsage of job (MB)
	748624  -  ResidentSetSize of job (KB)
...
006 (7020618.259.000) 03/15 22:32:06 Image size of job updated: 750172
	732  -  MemoryUsage of job (MB)
	748708  -  ResidentSetSize of job (KB)
...
006 (7020618.259.000) 03/15 22:37:07 Image size of job updated: 750172
	732  -  MemoryUsage of job (MB)
	748728  -  ResidentSetSize of job (KB)
...
006 (7020618.259.000) 03/15 22:42:07 Image size of job updated: 750172
	732  -  MemoryUsage of job (MB)
	748952  -  ResidentSetSize of job (KB)
...
006 (7020618.259.000) 03/15 22:47:08 Image size of job updated: 750172
	732  -  MemoryUsage of job (MB)
	749008  -  ResidentSetSize of job (KB)
...
006 (7020618.259.000) 03/15 22:52:08 Image size of job updated: 750172
	732  -  MemoryUsage of job (MB)
	749292  -  ResidentSetSize of job (KB)
...
006 (7020618.259.000) 03/15 23:07:09 Image size of job updated: 750172
	732  -  MemoryUsage of job (MB)
	749324  -  ResidentSetSize of job (KB)
...
006 (7020618.259.000) 03/16 00:22:16 Image size of job updated: 750172
	732  -  MemoryUsage of job (MB)
	749360  -  ResidentSetSize of job (KB)
...
006 (7020618.259.000) 03/16 00:42:18 Image size of job updated: 750172
	732  -  MemoryUsage of job (MB)
	749388  -  ResidentSetSize of job (KB)
...
006 (7020618.259.000) 03/16 01:22:21 Image size of job updated: 750172
	732  -  MemoryUsage of job (MB)
	749412  -  ResidentSetSize of job (KB)
...
006 (7020618.259.000) 03/16 03:42:35 Image size of job updated: 754164
	737  -  MemoryUsage of job (MB)
	754164  -  ResidentSetSize of job (KB)
...
006 (7020618.259.000) 03/16 04:17:38 Image size of job updated: 754520
	737  -  MemoryUsage of job (MB)
	754520  -  ResidentSetSize of job (KB)
...
006 (7020618.259.000) 03/16 04:26:17 Image size of job updated: 754724
	737  -  MemoryUsage of job (MB)
	754520  -  ResidentSetSize of job (KB)
...
040 (7020618.259.000) 03/16 04:26:17 Started transferring output files
...
040 (7020618.259.000) 03/16 04:26:17 Finished transferring output files
...
005 (7020618.259.000) 03/16 04:26:17 Job terminated.
	(1) Normal termination (return value 0)
		Usr 0 16:22:55, Sys 0 00:00:31  -  Run Remote Usage
		Usr 0 00:00:00, Sys 0 00:00:00  -  Run Local Usage
		Usr 0 16:22:55, Sys 0 00:00:31  -  Total Remote Usage
		Usr 0 00:00:00, Sys 0 00:00:00  -  Total Local Usage
	6934  -  Run Bytes Sent By Job
	1379  -  Run Bytes Received By Job
	6934  -  Total Bytes Sent By Job
	1379  -  Total Bytes Received By Job
	Partitionable Resources :    Usage  Request Allocated 
	   Cpus                 :     0.99        1         1 
	   Disk (KB)            :    48           2      3839 
	   GPUs                 :                           0 
	   Memory (MB)          :   737        3000      3000 
	   TimeExecute (s)      : 59728                       
	   TimeSlotBusy (s)     : 59735                       

	Job terminated of its own accord at 2026-03-16T03:26:17Z with exit-code 0.
...
