000 (7020618.108.000) 03/15 11:47:50 Job submitted from host: <188.185.125.71:9618?addrs=188.185.125.71-9618+[2001-1458-d00-4a--100-15e]-9618&alias=bigbird28.cern.ch&noUDP&sock=schedd_2603_051c>
...
040 (7020618.108.000) 03/15 11:49:58 Started transferring input files
	Transferring to host: <188.185.193.150:9618?addrs=188.185.193.150-9618+[2001-1458-303-20--100-92]-9618&alias=b9p19p1485.cern.ch&noUDP&sock=slot1_9_3040_b475_23159>
...
040 (7020618.108.000) 03/15 11:49:58 Finished transferring input files
...
001 (7020618.108.000) 03/15 11:49:59 Job executing on host: <188.185.193.150:9618?addrs=188.185.193.150-9618+[2001-1458-303-20--100-92]-9618&alias=b9p19p1485.cern.ch&noUDP&sock=startd_2546_ec36>
	SlotName: slot1_9@b9p19p1485.cern.ch
	CondorScratchDir = "/pool/condor/dir_3607635"
	Cpus = 1
	Disk = 3798
	GPUs = 0
	Memory = 3000
...
006 (7020618.108.000) 03/15 11:50:08 Image size of job updated: 888
	1  -  MemoryUsage of job (MB)
	888  -  ResidentSetSize of job (KB)
...
006 (7020618.108.000) 03/15 11:55:09 Image size of job updated: 151248
	148  -  MemoryUsage of job (MB)
	151248  -  ResidentSetSize of job (KB)
...
006 (7020618.108.000) 03/15 12:00:09 Image size of job updated: 213276
	209  -  MemoryUsage of job (MB)
	213276  -  ResidentSetSize of job (KB)
...
006 (7020618.108.000) 03/15 12:05:09 Image size of job updated: 488856
	478  -  MemoryUsage of job (MB)
	488856  -  ResidentSetSize of job (KB)
...
006 (7020618.108.000) 03/15 12:10:10 Image size of job updated: 492172
	481  -  MemoryUsage of job (MB)
	492172  -  ResidentSetSize of job (KB)
...
006 (7020618.108.000) 03/15 12:15:10 Image size of job updated: 493232
	482  -  MemoryUsage of job (MB)
	493232  -  ResidentSetSize of job (KB)
...
006 (7020618.108.000) 03/15 12:20:11 Image size of job updated: 508336
	497  -  MemoryUsage of job (MB)
	508336  -  ResidentSetSize of job (KB)
...
006 (7020618.108.000) 03/15 12:25:11 Image size of job updated: 509416
	498  -  MemoryUsage of job (MB)
	509416  -  ResidentSetSize of job (KB)
...
006 (7020618.108.000) 03/15 12:30:12 Image size of job updated: 509676
	498  -  MemoryUsage of job (MB)
	509676  -  ResidentSetSize of job (KB)
...
006 (7020618.108.000) 03/15 12:35:13 Image size of job updated: 509680
	498  -  MemoryUsage of job (MB)
	509680  -  ResidentSetSize of job (KB)
...
006 (7020618.108.000) 03/15 12:40:13 Image size of job updated: 510108
	499  -  MemoryUsage of job (MB)
	510108  -  ResidentSetSize of job (KB)
...
006 (7020618.108.000) 03/15 12:45:14 Image size of job updated: 510328
	499  -  MemoryUsage of job (MB)
	510328  -  ResidentSetSize of job (KB)
...
006 (7020618.108.000) 03/15 13:20:18 Image size of job updated: 510696
	499  -  MemoryUsage of job (MB)
	510696  -  ResidentSetSize of job (KB)
...
006 (7020618.108.000) 03/15 13:30:19 Image size of job updated: 510764
	499  -  MemoryUsage of job (MB)
	510764  -  ResidentSetSize of job (KB)
...
006 (7020618.108.000) 03/15 13:50:22 Image size of job updated: 557480
	545  -  MemoryUsage of job (MB)
	557480  -  ResidentSetSize of job (KB)
...
006 (7020618.108.000) 03/15 14:15:24 Image size of job updated: 557488
	545  -  MemoryUsage of job (MB)
	557488  -  ResidentSetSize of job (KB)
...
006 (7020618.108.000) 03/15 14:30:25 Image size of job updated: 568944
	556  -  MemoryUsage of job (MB)
	568944  -  ResidentSetSize of job (KB)
...
006 (7020618.108.000) 03/15 14:45:27 Image size of job updated: 568960
	556  -  MemoryUsage of job (MB)
	568960  -  ResidentSetSize of job (KB)
...
006 (7020618.108.000) 03/15 15:55:35 Image size of job updated: 568968
	556  -  MemoryUsage of job (MB)
	568968  -  ResidentSetSize of job (KB)
...
006 (7020618.108.000) 03/15 16:55:40 Image size of job updated: 568980
	556  -  MemoryUsage of job (MB)
	568980  -  ResidentSetSize of job (KB)
...
006 (7020618.108.000) 03/15 19:50:55 Image size of job updated: 569028
	556  -  MemoryUsage of job (MB)
	569028  -  ResidentSetSize of job (KB)
...
006 (7020618.108.000) 03/15 19:55:56 Image size of job updated: 579184
	558  -  MemoryUsage of job (MB)
	570648  -  ResidentSetSize of job (KB)
...
006 (7020618.108.000) 03/15 20:00:56 Image size of job updated: 579184
	562  -  MemoryUsage of job (MB)
	575260  -  ResidentSetSize of job (KB)
...
006 (7020618.108.000) 03/15 20:10:57 Image size of job updated: 579184
	562  -  MemoryUsage of job (MB)
	575424  -  ResidentSetSize of job (KB)
...
006 (7020618.108.000) 03/15 20:20:58 Image size of job updated: 731596
	715  -  MemoryUsage of job (MB)
	731596  -  ResidentSetSize of job (KB)
...
006 (7020618.108.000) 03/15 20:25:58 Image size of job updated: 732436
	716  -  MemoryUsage of job (MB)
	732436  -  ResidentSetSize of job (KB)
...
006 (7020618.108.000) 03/15 20:35:59 Image size of job updated: 733856
	717  -  MemoryUsage of job (MB)
	733856  -  ResidentSetSize of job (KB)
...
006 (7020618.108.000) 03/15 20:41:00 Image size of job updated: 735004
	718  -  MemoryUsage of job (MB)
	735004  -  ResidentSetSize of job (KB)
...
006 (7020618.108.000) 03/15 20:51:01 Image size of job updated: 735116
	718  -  MemoryUsage of job (MB)
	735116  -  ResidentSetSize of job (KB)
...
006 (7020618.108.000) 03/15 20:56:02 Image size of job updated: 735696
	719  -  MemoryUsage of job (MB)
	735696  -  ResidentSetSize of job (KB)
...
006 (7020618.108.000) 03/15 21:06:03 Image size of job updated: 735824
	719  -  MemoryUsage of job (MB)
	735824  -  ResidentSetSize of job (KB)
...
006 (7020618.108.000) 03/15 21:11:03 Image size of job updated: 735868
	719  -  MemoryUsage of job (MB)
	735868  -  ResidentSetSize of job (KB)
...
006 (7020618.108.000) 03/15 21:26:04 Image size of job updated: 738696
	722  -  MemoryUsage of job (MB)
	738696  -  ResidentSetSize of job (KB)
...
006 (7020618.108.000) 03/15 22:11:08 Image size of job updated: 739728
	723  -  MemoryUsage of job (MB)
	739728  -  ResidentSetSize of job (KB)
...
006 (7020618.108.000) 03/15 22:16:08 Image size of job updated: 740368
	724  -  MemoryUsage of job (MB)
	740368  -  ResidentSetSize of job (KB)
...
006 (7020618.108.000) 03/15 22:26:08 Image size of job updated: 740404
	724  -  MemoryUsage of job (MB)
	740404  -  ResidentSetSize of job (KB)
...
006 (7020618.108.000) 03/15 23:11:13 Image size of job updated: 755680
	738  -  MemoryUsage of job (MB)
	755680  -  ResidentSetSize of job (KB)
...
006 (7020618.108.000) 03/16 00:16:19 Image size of job updated: 766316
	749  -  MemoryUsage of job (MB)
	766316  -  ResidentSetSize of job (KB)
...
006 (7020618.108.000) 03/16 00:21:20 Image size of job updated: 766324
	749  -  MemoryUsage of job (MB)
	766316  -  ResidentSetSize of job (KB)
...
040 (7020618.108.000) 03/16 11:50:29 Started transferring output files
...
040 (7020618.108.000) 03/16 11:50:29 Finished transferring output files
...
009 (7020618.108.000) 03/16 11:50:29 Job was aborted.
	Job removed by SYSTEM_PERIODIC_REMOVE due to wall time exceeded allowed max.
...
