000 (7020618.485.000) 03/15 11:47:53 Job submitted from host: <188.185.125.71:9618?addrs=188.185.125.71-9618+[2001-1458-d00-4a--100-15e]-9618&alias=bigbird28.cern.ch&noUDP&sock=schedd_2603_051c>
...
040 (7020618.485.000) 03/15 11:52:41 Started transferring input files
	Transferring to host: <188.185.195.148:9618?addrs=188.185.195.148-9618+[2001-1458-303-22--100-90]-9618&alias=b9p17p8099.cern.ch&noUDP&sock=slot1_44_4828_833d_166151>
...
040 (7020618.485.000) 03/15 11:52:41 Finished transferring input files
...
001 (7020618.485.000) 03/15 11:52:42 Job executing on host: <188.185.195.148:9618?addrs=188.185.195.148-9618+[2001-1458-303-22--100-90]-9618&alias=b9p17p8099.cern.ch&noUDP&sock=startd_3828_44a0>
	SlotName: slot1_44@b9p17p8099.cern.ch
	CondorScratchDir = "/pool/condor/dir_3000526"
	Cpus = 1
	Disk = 3892
	GPUs = 0
	Memory = 3000
...
006 (7020618.485.000) 03/15 11:52:55 Image size of job updated: 876
	1  -  MemoryUsage of job (MB)
	876  -  ResidentSetSize of job (KB)
...
006 (7020618.485.000) 03/15 11:57:55 Image size of job updated: 151816
	149  -  MemoryUsage of job (MB)
	151816  -  ResidentSetSize of job (KB)
...
006 (7020618.485.000) 03/15 12:02:56 Image size of job updated: 644432
	630  -  MemoryUsage of job (MB)
	644432  -  ResidentSetSize of job (KB)
...
006 (7020618.485.000) 03/15 12:07:56 Image size of job updated: 671568
	656  -  MemoryUsage of job (MB)
	671568  -  ResidentSetSize of job (KB)
...
006 (7020618.485.000) 03/15 12:22:57 Image size of job updated: 671584
	656  -  MemoryUsage of job (MB)
	671584  -  ResidentSetSize of job (KB)
...
006 (7020618.485.000) 03/15 12:32:58 Image size of job updated: 671588
	656  -  MemoryUsage of job (MB)
	671588  -  ResidentSetSize of job (KB)
...
006 (7020618.485.000) 03/15 12:42:58 Image size of job updated: 671600
	656  -  MemoryUsage of job (MB)
	671600  -  ResidentSetSize of job (KB)
...
006 (7020618.485.000) 03/15 13:08:00 Image size of job updated: 671612
	656  -  MemoryUsage of job (MB)
	671612  -  ResidentSetSize of job (KB)
...
006 (7020618.485.000) 03/15 13:28:01 Image size of job updated: 671628
	656  -  MemoryUsage of job (MB)
	671628  -  ResidentSetSize of job (KB)
...
006 (7020618.485.000) 03/15 15:08:11 Image size of job updated: 710792
	695  -  MemoryUsage of job (MB)
	710792  -  ResidentSetSize of job (KB)
...
006 (7020618.485.000) 03/15 15:13:12 Image size of job updated: 718800
	702  -  MemoryUsage of job (MB)
	718800  -  ResidentSetSize of job (KB)
...
006 (7020618.485.000) 03/15 15:18:12 Image size of job updated: 718816
	702  -  MemoryUsage of job (MB)
	718816  -  ResidentSetSize of job (KB)
...
006 (7020618.485.000) 03/15 15:48:16 Image size of job updated: 719368
	703  -  MemoryUsage of job (MB)
	719368  -  ResidentSetSize of job (KB)
...
006 (7020618.485.000) 03/15 16:38:21 Image size of job updated: 720356
	704  -  MemoryUsage of job (MB)
	720356  -  ResidentSetSize of job (KB)
...
006 (7020618.485.000) 03/15 16:43:22 Image size of job updated: 720444
	704  -  MemoryUsage of job (MB)
	720444  -  ResidentSetSize of job (KB)
...
006 (7020618.485.000) 03/15 16:53:22 Image size of job updated: 720848
	704  -  MemoryUsage of job (MB)
	720848  -  ResidentSetSize of job (KB)
...
006 (7020618.485.000) 03/15 17:28:25 Image size of job updated: 723772
	707  -  MemoryUsage of job (MB)
	723772  -  ResidentSetSize of job (KB)
...
006 (7020618.485.000) 03/15 18:33:32 Image size of job updated: 724988
	708  -  MemoryUsage of job (MB)
	724988  -  ResidentSetSize of job (KB)
...
006 (7020618.485.000) 03/15 19:53:43 Image size of job updated: 724992
	708  -  MemoryUsage of job (MB)
	724992  -  ResidentSetSize of job (KB)
...
006 (7020618.485.000) 03/15 21:53:57 Image size of job updated: 731392
	715  -  MemoryUsage of job (MB)
	731392  -  ResidentSetSize of job (KB)
...
006 (7020618.485.000) 03/15 21:58:57 Image size of job updated: 732180
	716  -  MemoryUsage of job (MB)
	732180  -  ResidentSetSize of job (KB)
...
006 (7020618.485.000) 03/15 22:03:57 Image size of job updated: 732184
	716  -  MemoryUsage of job (MB)
	732184  -  ResidentSetSize of job (KB)
...
006 (7020618.485.000) 03/15 22:49:01 Image size of job updated: 732196
	716  -  MemoryUsage of job (MB)
	732196  -  ResidentSetSize of job (KB)
...
006 (7020618.485.000) 03/15 23:34:05 Image size of job updated: 732236
	716  -  MemoryUsage of job (MB)
	732236  -  ResidentSetSize of job (KB)
...
006 (7020618.485.000) 03/16 00:49:12 Image size of job updated: 732500
	716  -  MemoryUsage of job (MB)
	732500  -  ResidentSetSize of job (KB)
...
006 (7020618.485.000) 03/16 00:54:13 Image size of job updated: 749856
	733  -  MemoryUsage of job (MB)
	749856  -  ResidentSetSize of job (KB)
...
006 (7020618.485.000) 03/16 00:59:14 Image size of job updated: 749932
	733  -  MemoryUsage of job (MB)
	749932  -  ResidentSetSize of job (KB)
...
006 (7020618.485.000) 03/16 02:24:22 Image size of job updated: 750988
	734  -  MemoryUsage of job (MB)
	750988  -  ResidentSetSize of job (KB)
...
006 (7020618.485.000) 03/16 04:59:41 Image size of job updated: 750992
	734  -  MemoryUsage of job (MB)
	750992  -  ResidentSetSize of job (KB)
...
006 (7020618.485.000) 03/16 05:49:47 Image size of job updated: 751004
	734  -  MemoryUsage of job (MB)
	751004  -  ResidentSetSize of job (KB)
...
006 (7020618.485.000) 03/16 07:24:56 Image size of job updated: 751012
	734  -  MemoryUsage of job (MB)
	751012  -  ResidentSetSize of job (KB)
...
006 (7020618.485.000) 03/16 07:29:57 Image size of job updated: 751020
	734  -  MemoryUsage of job (MB)
	751020  -  ResidentSetSize of job (KB)
...
006 (7020618.485.000) 03/16 09:10:06 Image size of job updated: 751036
	734  -  MemoryUsage of job (MB)
	751036  -  ResidentSetSize of job (KB)
...
006 (7020618.485.000) 03/16 09:25:08 Image size of job updated: 751280
	734  -  MemoryUsage of job (MB)
	751280  -  ResidentSetSize of job (KB)
...
040 (7020618.485.000) 03/16 11:53:23 Started transferring output files
...
040 (7020618.485.000) 03/16 11:53:23 Finished transferring output files
...
009 (7020618.485.000) 03/16 11:53:23 Job was aborted.
	Job removed by SYSTEM_PERIODIC_REMOVE due to wall time exceeded allowed max.
...
