000 (7020618.100.000) 03/15 11:47:50 Job submitted from host: <188.185.125.71:9618?addrs=188.185.125.71-9618+[2001-1458-d00-4a--100-15e]-9618&alias=bigbird28.cern.ch&noUDP&sock=schedd_2603_051c>
...
040 (7020618.100.000) 03/15 11:49:52 Started transferring input files
	Transferring to host: <188.185.193.31:9618?addrs=188.185.193.31-9618+[2001-1458-303-20--100-1b]-9618&alias=b9p19p5740.cern.ch&noUDP&sock=slot1_38_7844_8eb8_169957>
...
040 (7020618.100.000) 03/15 11:49:52 Finished transferring input files
...
001 (7020618.100.000) 03/15 11:49:53 Job executing on host: <188.185.193.31:9618?addrs=188.185.193.31-9618+[2001-1458-303-20--100-1b]-9618&alias=b9p19p5740.cern.ch&noUDP&sock=startd_6480_51ca>
	SlotName: slot1_38@b9p19p5740.cern.ch
	CondorScratchDir = "/pool/condor/dir_2968920"
	Cpus = 1
	Disk = 3857
	GPUs = 0
	Memory = 3000
...
006 (7020618.100.000) 03/15 11:50:07 Image size of job updated: 888
	1  -  MemoryUsage of job (MB)
	888  -  ResidentSetSize of job (KB)
...
006 (7020618.100.000) 03/15 11:55:08 Image size of job updated: 154840
	152  -  MemoryUsage of job (MB)
	154840  -  ResidentSetSize of job (KB)
...
006 (7020618.100.000) 03/15 12:00:09 Image size of job updated: 350576
	343  -  MemoryUsage of job (MB)
	350576  -  ResidentSetSize of job (KB)
...
006 (7020618.100.000) 03/15 12:05:09 Image size of job updated: 488280
	477  -  MemoryUsage of job (MB)
	488280  -  ResidentSetSize of job (KB)
...
006 (7020618.100.000) 03/15 12:10:09 Image size of job updated: 492380
	481  -  MemoryUsage of job (MB)
	492380  -  ResidentSetSize of job (KB)
...
006 (7020618.100.000) 03/15 12:15:10 Image size of job updated: 499144
	488  -  MemoryUsage of job (MB)
	499144  -  ResidentSetSize of job (KB)
...
006 (7020618.100.000) 03/15 12:20:10 Image size of job updated: 500640
	489  -  MemoryUsage of job (MB)
	500640  -  ResidentSetSize of job (KB)
...
006 (7020618.100.000) 03/15 12:25:10 Image size of job updated: 500664
	489  -  MemoryUsage of job (MB)
	500664  -  ResidentSetSize of job (KB)
...
006 (7020618.100.000) 03/15 12:30:11 Image size of job updated: 500676
	489  -  MemoryUsage of job (MB)
	500676  -  ResidentSetSize of job (KB)
...
006 (7020618.100.000) 03/15 12:35:11 Image size of job updated: 500680
	489  -  MemoryUsage of job (MB)
	500680  -  ResidentSetSize of job (KB)
...
006 (7020618.100.000) 03/15 12:40:11 Image size of job updated: 501128
	490  -  MemoryUsage of job (MB)
	501128  -  ResidentSetSize of job (KB)
...
006 (7020618.100.000) 03/15 12:45:12 Image size of job updated: 501132
	490  -  MemoryUsage of job (MB)
	501132  -  ResidentSetSize of job (KB)
...
006 (7020618.100.000) 03/15 12:50:12 Image size of job updated: 501352
	490  -  MemoryUsage of job (MB)
	501352  -  ResidentSetSize of job (KB)
...
006 (7020618.100.000) 03/15 13:30:15 Image size of job updated: 501356
	490  -  MemoryUsage of job (MB)
	501356  -  ResidentSetSize of job (KB)
...
006 (7020618.100.000) 03/15 14:05:20 Image size of job updated: 510444
	499  -  MemoryUsage of job (MB)
	510444  -  ResidentSetSize of job (KB)
...
006 (7020618.100.000) 03/15 14:10:20 Image size of job updated: 518296
	507  -  MemoryUsage of job (MB)
	518296  -  ResidentSetSize of job (KB)
...
006 (7020618.100.000) 03/15 14:15:21 Image size of job updated: 518324
	507  -  MemoryUsage of job (MB)
	518324  -  ResidentSetSize of job (KB)
...
006 (7020618.100.000) 03/15 14:25:22 Image size of job updated: 518340
	507  -  MemoryUsage of job (MB)
	518340  -  ResidentSetSize of job (KB)
...
006 (7020618.100.000) 03/15 14:30:22 Image size of job updated: 518376
	507  -  MemoryUsage of job (MB)
	518376  -  ResidentSetSize of job (KB)
...
006 (7020618.100.000) 03/15 16:35:35 Image size of job updated: 520836
	509  -  MemoryUsage of job (MB)
	520836  -  ResidentSetSize of job (KB)
...
006 (7020618.100.000) 03/15 16:40:36 Image size of job updated: 522196
	510  -  MemoryUsage of job (MB)
	522196  -  ResidentSetSize of job (KB)
...
006 (7020618.100.000) 03/15 16:45:36 Image size of job updated: 566152
	553  -  MemoryUsage of job (MB)
	566152  -  ResidentSetSize of job (KB)
...
006 (7020618.100.000) 03/15 17:15:39 Image size of job updated: 571400
	559  -  MemoryUsage of job (MB)
	571400  -  ResidentSetSize of job (KB)
...
006 (7020618.100.000) 03/15 17:20:39 Image size of job updated: 573228
	560  -  MemoryUsage of job (MB)
	573228  -  ResidentSetSize of job (KB)
...
006 (7020618.100.000) 03/15 17:30:40 Image size of job updated: 588640
	565  -  MemoryUsage of job (MB)
	578044  -  ResidentSetSize of job (KB)
...
006 (7020618.100.000) 03/15 19:15:53 Image size of job updated: 742748
	726  -  MemoryUsage of job (MB)
	742748  -  ResidentSetSize of job (KB)
...
006 (7020618.100.000) 03/15 19:20:54 Image size of job updated: 748348
	731  -  MemoryUsage of job (MB)
	748348  -  ResidentSetSize of job (KB)
...
006 (7020618.100.000) 03/15 19:35:56 Image size of job updated: 749332
	732  -  MemoryUsage of job (MB)
	749332  -  ResidentSetSize of job (KB)
...
006 (7020618.100.000) 03/15 19:40:57 Image size of job updated: 753652
	736  -  MemoryUsage of job (MB)
	753652  -  ResidentSetSize of job (KB)
...
006 (7020618.100.000) 03/15 19:45:57 Image size of job updated: 753828
	737  -  MemoryUsage of job (MB)
	753828  -  ResidentSetSize of job (KB)
...
006 (7020618.100.000) 03/15 20:51:03 Image size of job updated: 765284
	738  -  MemoryUsage of job (MB)
	755532  -  ResidentSetSize of job (KB)
...
006 (7020618.100.000) 03/15 21:16:05 Image size of job updated: 765284
	742  -  MemoryUsage of job (MB)
	759044  -  ResidentSetSize of job (KB)
...
006 (7020618.100.000) 03/15 21:26:06 Image size of job updated: 765284
	745  -  MemoryUsage of job (MB)
	762704  -  ResidentSetSize of job (KB)
...
006 (7020618.100.000) 03/15 22:26:12 Image size of job updated: 765284
	746  -  MemoryUsage of job (MB)
	763316  -  ResidentSetSize of job (KB)
...
006 (7020618.100.000) 03/15 23:06:16 Image size of job updated: 765284
	748  -  MemoryUsage of job (MB)
	765120  -  ResidentSetSize of job (KB)
...
006 (7020618.100.000) 03/16 03:26:45 Image size of job updated: 769060
	752  -  MemoryUsage of job (MB)
	769060  -  ResidentSetSize of job (KB)
...
006 (7020618.100.000) 03/16 03:31:46 Image size of job updated: 774376
	757  -  MemoryUsage of job (MB)
	774376  -  ResidentSetSize of job (KB)
...
006 (7020618.100.000) 03/16 03:36:46 Image size of job updated: 776308
	757  -  MemoryUsage of job (MB)
	774376  -  ResidentSetSize of job (KB)
...
040 (7020618.100.000) 03/16 11:50:33 Started transferring output files
...
040 (7020618.100.000) 03/16 11:50:33 Finished transferring output files
...
009 (7020618.100.000) 03/16 11:50:33 Job was aborted.
	Job removed by SYSTEM_PERIODIC_REMOVE due to wall time exceeded allowed max.
...
