000 (7020618.169.000) 03/15 11:47:51 Job submitted from host: <188.185.125.71:9618?addrs=188.185.125.71-9618+[2001-1458-d00-4a--100-15e]-9618&alias=bigbird28.cern.ch&noUDP&sock=schedd_2603_051c>
...
040 (7020618.169.000) 03/15 11:50:14 Started transferring input files
	Transferring to host: <188.185.212.58:9618?addrs=188.185.212.58-9618+[2001-1458-303-18--100-36]-9618&alias=b9p25p3483.cern.ch&noUDP&sock=slot1_11_657651_5f90_113295>
...
040 (7020618.169.000) 03/15 11:50:14 Finished transferring input files
...
001 (7020618.169.000) 03/15 11:50:15 Job executing on host: <188.185.212.58:9618?addrs=188.185.212.58-9618+[2001-1458-303-18--100-36]-9618&alias=b9p25p3483.cern.ch&noUDP&sock=startd_6990_2317>
	SlotName: slot1_11@b9p25p3483.cern.ch
	CondorScratchDir = "/pool/condor/dir_2327825"
	Cpus = 1
	Disk = 3824
	GPUs = 0
	Memory = 3000
...
006 (7020618.169.000) 03/15 11:50:29 Image size of job updated: 880
	1  -  MemoryUsage of job (MB)
	880  -  ResidentSetSize of job (KB)
...
006 (7020618.169.000) 03/15 11:55:30 Image size of job updated: 680716
	648  -  MemoryUsage of job (MB)
	663004  -  ResidentSetSize of job (KB)
...
006 (7020618.169.000) 03/15 12:00:30 Image size of job updated: 681496
	666  -  MemoryUsage of job (MB)
	681496  -  ResidentSetSize of job (KB)
...
006 (7020618.169.000) 03/15 12:05:30 Image size of job updated: 681504
	666  -  MemoryUsage of job (MB)
	681504  -  ResidentSetSize of job (KB)
...
006 (7020618.169.000) 03/15 12:10:31 Image size of job updated: 681508
	666  -  MemoryUsage of job (MB)
	681508  -  ResidentSetSize of job (KB)
...
006 (7020618.169.000) 03/15 12:25:32 Image size of job updated: 681592
	666  -  MemoryUsage of job (MB)
	681592  -  ResidentSetSize of job (KB)
...
006 (7020618.169.000) 03/15 12:30:32 Image size of job updated: 681596
	666  -  MemoryUsage of job (MB)
	681596  -  ResidentSetSize of job (KB)
...
006 (7020618.169.000) 03/15 12:35:33 Image size of job updated: 681600
	666  -  MemoryUsage of job (MB)
	681600  -  ResidentSetSize of job (KB)
...
006 (7020618.169.000) 03/15 13:45:37 Image size of job updated: 726716
	710  -  MemoryUsage of job (MB)
	726716  -  ResidentSetSize of job (KB)
...
006 (7020618.169.000) 03/15 13:50:38 Image size of job updated: 736656
	720  -  MemoryUsage of job (MB)
	736656  -  ResidentSetSize of job (KB)
...
006 (7020618.169.000) 03/15 13:55:38 Image size of job updated: 736692
	720  -  MemoryUsage of job (MB)
	736692  -  ResidentSetSize of job (KB)
...
006 (7020618.169.000) 03/15 14:00:38 Image size of job updated: 736696
	720  -  MemoryUsage of job (MB)
	736696  -  ResidentSetSize of job (KB)
...
006 (7020618.169.000) 03/15 14:55:45 Image size of job updated: 738980
	722  -  MemoryUsage of job (MB)
	738980  -  ResidentSetSize of job (KB)
...
006 (7020618.169.000) 03/15 15:15:48 Image size of job updated: 738984
	722  -  MemoryUsage of job (MB)
	738984  -  ResidentSetSize of job (KB)
...
006 (7020618.169.000) 03/15 16:10:52 Image size of job updated: 738992
	722  -  MemoryUsage of job (MB)
	738992  -  ResidentSetSize of job (KB)
...
006 (7020618.169.000) 03/15 17:25:57 Image size of job updated: 739000
	722  -  MemoryUsage of job (MB)
	739000  -  ResidentSetSize of job (KB)
...
006 (7020618.169.000) 03/15 18:06:01 Image size of job updated: 739008
	722  -  MemoryUsage of job (MB)
	739008  -  ResidentSetSize of job (KB)
...
006 (7020618.169.000) 03/15 19:16:08 Image size of job updated: 739020
	722  -  MemoryUsage of job (MB)
	739020  -  ResidentSetSize of job (KB)
...
006 (7020618.169.000) 03/15 19:31:09 Image size of job updated: 739024
	722  -  MemoryUsage of job (MB)
	739024  -  ResidentSetSize of job (KB)
...
006 (7020618.169.000) 03/15 19:51:11 Image size of job updated: 739036
	722  -  MemoryUsage of job (MB)
	739036  -  ResidentSetSize of job (KB)
...
006 (7020618.169.000) 03/15 20:16:13 Image size of job updated: 740228
	723  -  MemoryUsage of job (MB)
	740228  -  ResidentSetSize of job (KB)
...
006 (7020618.169.000) 03/15 20:21:13 Image size of job updated: 753496
	736  -  MemoryUsage of job (MB)
	753496  -  ResidentSetSize of job (KB)
...
006 (7020618.169.000) 03/15 20:26:14 Image size of job updated: 753572
	736  -  MemoryUsage of job (MB)
	753572  -  ResidentSetSize of job (KB)
...
006 (7020618.169.000) 03/15 20:31:14 Image size of job updated: 753576
	736  -  MemoryUsage of job (MB)
	753576  -  ResidentSetSize of job (KB)
...
006 (7020618.169.000) 03/15 20:46:16 Image size of job updated: 753588
	736  -  MemoryUsage of job (MB)
	753588  -  ResidentSetSize of job (KB)
...
006 (7020618.169.000) 03/15 20:51:17 Image size of job updated: 753612
	736  -  MemoryUsage of job (MB)
	753612  -  ResidentSetSize of job (KB)
...
006 (7020618.169.000) 03/15 21:11:20 Image size of job updated: 753624
	736  -  MemoryUsage of job (MB)
	753624  -  ResidentSetSize of job (KB)
...
006 (7020618.169.000) 03/15 21:56:26 Image size of job updated: 753628
	736  -  MemoryUsage of job (MB)
	753628  -  ResidentSetSize of job (KB)
...
006 (7020618.169.000) 03/15 22:21:27 Image size of job updated: 767516
	749  -  MemoryUsage of job (MB)
	766712  -  ResidentSetSize of job (KB)
...
006 (7020618.169.000) 03/15 22:31:28 Image size of job updated: 767516
	749  -  MemoryUsage of job (MB)
	766716  -  ResidentSetSize of job (KB)
...
006 (7020618.169.000) 03/15 22:56:30 Image size of job updated: 767516
	749  -  MemoryUsage of job (MB)
	766720  -  ResidentSetSize of job (KB)
...
006 (7020618.169.000) 03/15 23:46:36 Image size of job updated: 767516
	749  -  MemoryUsage of job (MB)
	766724  -  ResidentSetSize of job (KB)
...
006 (7020618.169.000) 03/15 23:51:36 Image size of job updated: 767516
	749  -  MemoryUsage of job (MB)
	766732  -  ResidentSetSize of job (KB)
...
006 (7020618.169.000) 03/16 00:46:42 Image size of job updated: 767516
	749  -  MemoryUsage of job (MB)
	766736  -  ResidentSetSize of job (KB)
...
006 (7020618.169.000) 03/16 00:56:43 Image size of job updated: 767516
	749  -  MemoryUsage of job (MB)
	766748  -  ResidentSetSize of job (KB)
...
006 (7020618.169.000) 03/16 01:51:50 Image size of job updated: 768708
	751  -  MemoryUsage of job (MB)
	768388  -  ResidentSetSize of job (KB)
...
006 (7020618.169.000) 03/16 02:01:52 Image size of job updated: 769776
	751  -  MemoryUsage of job (MB)
	768388  -  ResidentSetSize of job (KB)
...
040 (7020618.169.000) 03/16 05:22:01 Started transferring output files
...
040 (7020618.169.000) 03/16 05:22:01 Finished transferring output files
...
005 (7020618.169.000) 03/16 05:22:01 Job terminated.
	(1) Normal termination (return value 0)
		Usr 0 17:13:35, Sys 0 00:02:21  -  Run Remote Usage
		Usr 0 00:00:00, Sys 0 00:00:00  -  Run Local Usage
		Usr 0 17:13:35, Sys 0 00:02:21  -  Total Remote Usage
		Usr 0 00:00:00, Sys 0 00:00:00  -  Total Local Usage
	12877  -  Run Bytes Sent By Job
	1379  -  Run Bytes Received By Job
	12877  -  Total Bytes Sent By Job
	1379  -  Total Bytes Received By Job
	Partitionable Resources :    Usage  Request Allocated 
	   Cpus                 :     0.99        1         1 
	   Disk (KB)            :    43           2      3824 
	   GPUs                 :                           0 
	   Memory (MB)          :   751        3000      3000 
	   TimeExecute (s)      : 63106                       
	   TimeSlotBusy (s)     : 63108                       

	Job terminated of its own accord at 2026-03-16T04:22:01Z with exit-code 0.
...
