000 (7020618.258.000) 03/15 11:47:51 Job submitted from host: <188.185.125.71:9618?addrs=188.185.125.71-9618+[2001-1458-d00-4a--100-15e]-9618&alias=bigbird28.cern.ch&noUDP&sock=schedd_2603_051c>
...
040 (7020618.258.000) 03/15 11:50:50 Started transferring input files
	Transferring to host: <188.185.215.53:9618?addrs=188.185.215.53-9618+[2001-1458-303-1e--100-31]-9618&alias=b9p31p3723.cern.ch&noUDP&sock=slot1_42_5347_31f3_192748>
...
040 (7020618.258.000) 03/15 11:50:50 Finished transferring input files
...
001 (7020618.258.000) 03/15 11:50:51 Job executing on host: <188.185.215.53:9618?addrs=188.185.215.53-9618+[2001-1458-303-1e--100-31]-9618&alias=b9p31p3723.cern.ch&noUDP&sock=startd_4358_cdd2>
	SlotName: slot1_42@b9p31p3723.cern.ch
	CondorScratchDir = "/pool/condor/dir_2017334"
	Cpus = 1
	Disk = 3812
	GPUs = 0
	Memory = 3000
...
006 (7020618.258.000) 03/15 11:51:04 Image size of job updated: 884
	1  -  MemoryUsage of job (MB)
	884  -  ResidentSetSize of job (KB)
...
006 (7020618.258.000) 03/15 11:56:04 Image size of job updated: 151412
	148  -  MemoryUsage of job (MB)
	151412  -  ResidentSetSize of job (KB)
...
006 (7020618.258.000) 03/15 12:01:05 Image size of job updated: 318192
	311  -  MemoryUsage of job (MB)
	318192  -  ResidentSetSize of job (KB)
...
006 (7020618.258.000) 03/15 12:06:05 Image size of job updated: 657144
	623  -  MemoryUsage of job (MB)
	637668  -  ResidentSetSize of job (KB)
...
006 (7020618.258.000) 03/15 12:11:05 Image size of job updated: 657144
	623  -  MemoryUsage of job (MB)
	637688  -  ResidentSetSize of job (KB)
...
006 (7020618.258.000) 03/15 12:16:06 Image size of job updated: 657144
	623  -  MemoryUsage of job (MB)
	637692  -  ResidentSetSize of job (KB)
...
006 (7020618.258.000) 03/15 12:21:06 Image size of job updated: 657144
	623  -  MemoryUsage of job (MB)
	637700  -  ResidentSetSize of job (KB)
...
006 (7020618.258.000) 03/15 12:26:06 Image size of job updated: 683712
	668  -  MemoryUsage of job (MB)
	683712  -  ResidentSetSize of job (KB)
...
006 (7020618.258.000) 03/15 12:31:07 Image size of job updated: 707252
	691  -  MemoryUsage of job (MB)
	707252  -  ResidentSetSize of job (KB)
...
006 (7020618.258.000) 03/15 12:36:07 Image size of job updated: 711484
	695  -  MemoryUsage of job (MB)
	711484  -  ResidentSetSize of job (KB)
...
006 (7020618.258.000) 03/15 12:41:07 Image size of job updated: 716668
	700  -  MemoryUsage of job (MB)
	716668  -  ResidentSetSize of job (KB)
...
006 (7020618.258.000) 03/15 12:51:09 Image size of job updated: 722864
	706  -  MemoryUsage of job (MB)
	722864  -  ResidentSetSize of job (KB)
...
006 (7020618.258.000) 03/15 12:56:09 Image size of job updated: 722924
	706  -  MemoryUsage of job (MB)
	722924  -  ResidentSetSize of job (KB)
...
006 (7020618.258.000) 03/15 13:16:12 Image size of job updated: 722968
	707  -  MemoryUsage of job (MB)
	722968  -  ResidentSetSize of job (KB)
...
006 (7020618.258.000) 03/15 13:26:13 Image size of job updated: 725024
	709  -  MemoryUsage of job (MB)
	725024  -  ResidentSetSize of job (KB)
...
006 (7020618.258.000) 03/15 13:31:14 Image size of job updated: 730252
	709  -  MemoryUsage of job (MB)
	725024  -  ResidentSetSize of job (KB)
...
006 (7020618.258.000) 03/15 17:41:38 Image size of job updated: 730760
	714  -  MemoryUsage of job (MB)
	730760  -  ResidentSetSize of job (KB)
...
006 (7020618.258.000) 03/15 17:46:39 Image size of job updated: 730864
	714  -  MemoryUsage of job (MB)
	730864  -  ResidentSetSize of job (KB)
...
006 (7020618.258.000) 03/15 18:01:41 Image size of job updated: 730900
	714  -  MemoryUsage of job (MB)
	730900  -  ResidentSetSize of job (KB)
...
006 (7020618.258.000) 03/15 18:06:41 Image size of job updated: 730924
	714  -  MemoryUsage of job (MB)
	730924  -  ResidentSetSize of job (KB)
...
006 (7020618.258.000) 03/15 18:11:42 Image size of job updated: 731000
	714  -  MemoryUsage of job (MB)
	731000  -  ResidentSetSize of job (KB)
...
006 (7020618.258.000) 03/15 18:46:46 Image size of job updated: 731040
	714  -  MemoryUsage of job (MB)
	731040  -  ResidentSetSize of job (KB)
...
006 (7020618.258.000) 03/15 19:36:50 Image size of job updated: 731056
	714  -  MemoryUsage of job (MB)
	731056  -  ResidentSetSize of job (KB)
...
006 (7020618.258.000) 03/15 19:41:51 Image size of job updated: 731080
	714  -  MemoryUsage of job (MB)
	731080  -  ResidentSetSize of job (KB)
...
006 (7020618.258.000) 03/15 20:16:54 Image size of job updated: 733864
	717  -  MemoryUsage of job (MB)
	733864  -  ResidentSetSize of job (KB)
...
006 (7020618.258.000) 03/15 20:21:55 Image size of job updated: 733988
	717  -  MemoryUsage of job (MB)
	733988  -  ResidentSetSize of job (KB)
...
006 (7020618.258.000) 03/15 21:17:02 Image size of job updated: 734664
	718  -  MemoryUsage of job (MB)
	734664  -  ResidentSetSize of job (KB)
...
006 (7020618.258.000) 03/15 21:22:03 Image size of job updated: 750796
	734  -  MemoryUsage of job (MB)
	750796  -  ResidentSetSize of job (KB)
...
006 (7020618.258.000) 03/15 21:27:03 Image size of job updated: 752304
	735  -  MemoryUsage of job (MB)
	752304  -  ResidentSetSize of job (KB)
...
006 (7020618.258.000) 03/15 22:12:08 Image size of job updated: 752424
	735  -  MemoryUsage of job (MB)
	752424  -  ResidentSetSize of job (KB)
...
006 (7020618.258.000) 03/16 03:17:42 Image size of job updated: 754020
	737  -  MemoryUsage of job (MB)
	754020  -  ResidentSetSize of job (KB)
...
006 (7020618.258.000) 03/16 03:22:42 Image size of job updated: 754048
	737  -  MemoryUsage of job (MB)
	754048  -  ResidentSetSize of job (KB)
...
006 (7020618.258.000) 03/16 03:27:43 Image size of job updated: 754192
	737  -  MemoryUsage of job (MB)
	754192  -  ResidentSetSize of job (KB)
...
006 (7020618.258.000) 03/16 05:02:52 Image size of job updated: 754236
	737  -  MemoryUsage of job (MB)
	754236  -  ResidentSetSize of job (KB)
...
006 (7020618.258.000) 03/16 05:12:54 Image size of job updated: 754328
	737  -  MemoryUsage of job (MB)
	754328  -  ResidentSetSize of job (KB)
...
006 (7020618.258.000) 03/16 05:22:55 Image size of job updated: 754412
	737  -  MemoryUsage of job (MB)
	754412  -  ResidentSetSize of job (KB)
...
040 (7020618.258.000) 03/16 07:03:57 Started transferring output files
...
040 (7020618.258.000) 03/16 07:03:57 Finished transferring output files
...
005 (7020618.258.000) 03/16 07:03:57 Job terminated.
	(1) Normal termination (return value 0)
		Usr 0 18:49:10, Sys 0 00:01:31  -  Run Remote Usage
		Usr 0 00:00:00, Sys 0 00:00:00  -  Run Local Usage
		Usr 0 18:49:10, Sys 0 00:01:31  -  Total Remote Usage
		Usr 0 00:00:00, Sys 0 00:00:00  -  Total Local Usage
	13153  -  Run Bytes Sent By Job
	1379  -  Run Bytes Received By Job
	13153  -  Total Bytes Sent By Job
	1379  -  Total Bytes Received By Job
	Partitionable Resources :    Usage  Request Allocated 
	   Cpus                 :     0.99        1         1 
	   Disk (KB)            :    43           2      3812 
	   GPUs                 :                           0 
	   Memory (MB)          :   737        3000      3000 
	   TimeExecute (s)      : 69186                       
	   TimeSlotBusy (s)     : 69196                       

	Job terminated of its own accord at 2026-03-16T06:03:57Z with exit-code 0.
...
