000 (7020618.345.000) 03/15 11:47:52 Job submitted from host: <188.185.125.71:9618?addrs=188.185.125.71-9618+[2001-1458-d00-4a--100-15e]-9618&alias=bigbird28.cern.ch&noUDP&sock=schedd_2603_051c>
...
040 (7020618.345.000) 03/15 11:51:10 Started transferring input files
	Transferring to host: <188.185.195.81:9618?addrs=188.185.195.81-9618+[2001-1458-303-22--100-4d]-9618&alias=b9p17p7812.cern.ch&noUDP&sock=slot1_41_3324_cf00_37063>
...
040 (7020618.345.000) 03/15 11:51:10 Finished transferring input files
...
001 (7020618.345.000) 03/15 11:51:11 Job executing on host: <188.185.195.81:9618?addrs=188.185.195.81-9618+[2001-1458-303-22--100-4d]-9618&alias=b9p17p7812.cern.ch&noUDP&sock=startd_3011_dfc0>
	SlotName: slot1_41@b9p17p7812.cern.ch
	CondorScratchDir = "/pool/condor/dir_3414526"
	Cpus = 1
	Disk = 3731
	GPUs = 0
	Memory = 3000
...
006 (7020618.345.000) 03/15 11:51:25 Image size of job updated: 872
	1  -  MemoryUsage of job (MB)
	872  -  ResidentSetSize of job (KB)
...
006 (7020618.345.000) 03/15 11:56:26 Image size of job updated: 657108
	642  -  MemoryUsage of job (MB)
	657108  -  ResidentSetSize of job (KB)
...
006 (7020618.345.000) 03/15 12:01:27 Image size of job updated: 659196
	644  -  MemoryUsage of job (MB)
	659196  -  ResidentSetSize of job (KB)
...
006 (7020618.345.000) 03/15 12:06:27 Image size of job updated: 665364
	650  -  MemoryUsage of job (MB)
	665364  -  ResidentSetSize of job (KB)
...
006 (7020618.345.000) 03/15 12:11:28 Image size of job updated: 665464
	650  -  MemoryUsage of job (MB)
	665464  -  ResidentSetSize of job (KB)
...
006 (7020618.345.000) 03/15 12:26:30 Image size of job updated: 665472
	650  -  MemoryUsage of job (MB)
	665472  -  ResidentSetSize of job (KB)
...
006 (7020618.345.000) 03/15 12:36:31 Image size of job updated: 706764
	691  -  MemoryUsage of job (MB)
	706764  -  ResidentSetSize of job (KB)
...
006 (7020618.345.000) 03/15 12:41:32 Image size of job updated: 712420
	696  -  MemoryUsage of job (MB)
	712420  -  ResidentSetSize of job (KB)
...
006 (7020618.345.000) 03/15 12:56:34 Image size of job updated: 713760
	698  -  MemoryUsage of job (MB)
	713760  -  ResidentSetSize of job (KB)
...
006 (7020618.345.000) 03/15 13:26:37 Image size of job updated: 713764
	698  -  MemoryUsage of job (MB)
	713764  -  ResidentSetSize of job (KB)
...
006 (7020618.345.000) 03/15 13:31:38 Image size of job updated: 723792
	707  -  MemoryUsage of job (MB)
	723792  -  ResidentSetSize of job (KB)
...
006 (7020618.345.000) 03/15 13:51:39 Image size of job updated: 723824
	707  -  MemoryUsage of job (MB)
	723824  -  ResidentSetSize of job (KB)
...
006 (7020618.345.000) 03/15 14:11:41 Image size of job updated: 723876
	707  -  MemoryUsage of job (MB)
	723876  -  ResidentSetSize of job (KB)
...
006 (7020618.345.000) 03/15 15:01:45 Image size of job updated: 723908
	707  -  MemoryUsage of job (MB)
	723908  -  ResidentSetSize of job (KB)
...
006 (7020618.345.000) 03/15 15:46:51 Image size of job updated: 723920
	707  -  MemoryUsage of job (MB)
	723920  -  ResidentSetSize of job (KB)
...
006 (7020618.345.000) 03/15 18:22:07 Image size of job updated: 723988
	708  -  MemoryUsage of job (MB)
	723988  -  ResidentSetSize of job (KB)
...
006 (7020618.345.000) 03/15 18:32:07 Image size of job updated: 724040
	708  -  MemoryUsage of job (MB)
	724040  -  ResidentSetSize of job (KB)
...
006 (7020618.345.000) 03/15 19:32:13 Image size of job updated: 724084
	708  -  MemoryUsage of job (MB)
	724084  -  ResidentSetSize of job (KB)
...
006 (7020618.345.000) 03/15 21:17:25 Image size of job updated: 724128
	708  -  MemoryUsage of job (MB)
	724128  -  ResidentSetSize of job (KB)
...
006 (7020618.345.000) 03/15 21:27:26 Image size of job updated: 724156
	708  -  MemoryUsage of job (MB)
	724156  -  ResidentSetSize of job (KB)
...
006 (7020618.345.000) 03/15 22:07:28 Image size of job updated: 724220
	708  -  MemoryUsage of job (MB)
	724220  -  ResidentSetSize of job (KB)
...
006 (7020618.345.000) 03/15 22:52:32 Image size of job updated: 724272
	708  -  MemoryUsage of job (MB)
	724272  -  ResidentSetSize of job (KB)
...
006 (7020618.345.000) 03/15 22:57:33 Image size of job updated: 724276
	708  -  MemoryUsage of job (MB)
	724276  -  ResidentSetSize of job (KB)
...
006 (7020618.345.000) 03/15 23:57:39 Image size of job updated: 724312
	708  -  MemoryUsage of job (MB)
	724312  -  ResidentSetSize of job (KB)
...
006 (7020618.345.000) 03/16 01:22:48 Image size of job updated: 724340
	708  -  MemoryUsage of job (MB)
	724340  -  ResidentSetSize of job (KB)
...
006 (7020618.345.000) 03/16 01:57:51 Image size of job updated: 725064
	709  -  MemoryUsage of job (MB)
	725064  -  ResidentSetSize of job (KB)
...
006 (7020618.345.000) 03/16 02:37:55 Image size of job updated: 725204
	709  -  MemoryUsage of job (MB)
	725204  -  ResidentSetSize of job (KB)
...
006 (7020618.345.000) 03/16 02:42:55 Image size of job updated: 725248
	709  -  MemoryUsage of job (MB)
	725248  -  ResidentSetSize of job (KB)
...
006 (7020618.345.000) 03/16 02:47:56 Image size of job updated: 726696
	710  -  MemoryUsage of job (MB)
	726696  -  ResidentSetSize of job (KB)
...
006 (7020618.345.000) 03/16 02:52:56 Image size of job updated: 739192
	722  -  MemoryUsage of job (MB)
	739192  -  ResidentSetSize of job (KB)
...
006 (7020618.345.000) 03/16 02:57:56 Image size of job updated: 740236
	723  -  MemoryUsage of job (MB)
	740236  -  ResidentSetSize of job (KB)
...
006 (7020618.345.000) 03/16 03:07:58 Image size of job updated: 740248
	723  -  MemoryUsage of job (MB)
	740248  -  ResidentSetSize of job (KB)
...
006 (7020618.345.000) 03/16 03:48:02 Image size of job updated: 740308
	723  -  MemoryUsage of job (MB)
	740308  -  ResidentSetSize of job (KB)
...
006 (7020618.345.000) 03/16 05:03:09 Image size of job updated: 753772
	737  -  MemoryUsage of job (MB)
	753772  -  ResidentSetSize of job (KB)
...
040 (7020618.345.000) 03/16 11:51:55 Started transferring output files
...
040 (7020618.345.000) 03/16 11:51:55 Finished transferring output files
...
009 (7020618.345.000) 03/16 11:51:55 Job was aborted.
	Job removed by SYSTEM_PERIODIC_REMOVE due to wall time exceeded allowed max.
...
