000 (7020618.314.000) 03/15 11:47:52 Job submitted from host: <188.185.125.71:9618?addrs=188.185.125.71-9618+[2001-1458-d00-4a--100-15e]-9618&alias=bigbird28.cern.ch&noUDP&sock=schedd_2603_051c>
...
040 (7020618.314.000) 03/15 11:51:00 Started transferring input files
	Transferring to host: <188.185.205.169:9618?addrs=188.185.205.169-9618+[2001-1458-303-a--100-26]-9618&alias=b9p04p5518.cern.ch&noUDP&sock=slot1_12_4073_8bff_133621>
...
040 (7020618.314.000) 03/15 11:51:01 Finished transferring input files
...
001 (7020618.314.000) 03/15 11:51:01 Job executing on host: <188.185.205.169:9618?addrs=188.185.205.169-9618+[2001-1458-303-a--100-26]-9618&alias=b9p04p5518.cern.ch&noUDP&sock=startd_3622_f81e>
	SlotName: slot1_12@b9p04p5518.cern.ch
	CondorScratchDir = "/pool/condor/dir_1199767"
	Cpus = 1
	Disk = 3632
	GPUs = 0
	Memory = 3000
...
006 (7020618.314.000) 03/15 11:51:15 Image size of job updated: 876
	1  -  MemoryUsage of job (MB)
	876  -  ResidentSetSize of job (KB)
...
006 (7020618.314.000) 03/15 11:56:16 Image size of job updated: 622160
	608  -  MemoryUsage of job (MB)
	622160  -  ResidentSetSize of job (KB)
...
006 (7020618.314.000) 03/15 12:01:17 Image size of job updated: 650404
	610  -  MemoryUsage of job (MB)
	624164  -  ResidentSetSize of job (KB)
...
006 (7020618.314.000) 03/15 12:06:17 Image size of job updated: 650404
	613  -  MemoryUsage of job (MB)
	627352  -  ResidentSetSize of job (KB)
...
006 (7020618.314.000) 03/15 12:11:18 Image size of job updated: 650404
	619  -  MemoryUsage of job (MB)
	632952  -  ResidentSetSize of job (KB)
...
006 (7020618.314.000) 03/15 12:16:18 Image size of job updated: 650404
	619  -  MemoryUsage of job (MB)
	633016  -  ResidentSetSize of job (KB)
...
006 (7020618.314.000) 03/15 12:21:19 Image size of job updated: 650404
	620  -  MemoryUsage of job (MB)
	634264  -  ResidentSetSize of job (KB)
...
006 (7020618.314.000) 03/15 12:26:20 Image size of job updated: 676844
	661  -  MemoryUsage of job (MB)
	676844  -  ResidentSetSize of job (KB)
...
006 (7020618.314.000) 03/15 12:31:20 Image size of job updated: 681020
	666  -  MemoryUsage of job (MB)
	681020  -  ResidentSetSize of job (KB)
...
006 (7020618.314.000) 03/15 12:36:21 Image size of job updated: 709660
	694  -  MemoryUsage of job (MB)
	709660  -  ResidentSetSize of job (KB)
...
006 (7020618.314.000) 03/15 12:41:21 Image size of job updated: 710196
	694  -  MemoryUsage of job (MB)
	710196  -  ResidentSetSize of job (KB)
...
006 (7020618.314.000) 03/15 12:51:22 Image size of job updated: 715804
	700  -  MemoryUsage of job (MB)
	715804  -  ResidentSetSize of job (KB)
...
006 (7020618.314.000) 03/15 13:06:23 Image size of job updated: 715808
	700  -  MemoryUsage of job (MB)
	715808  -  ResidentSetSize of job (KB)
...
006 (7020618.314.000) 03/15 13:51:27 Image size of job updated: 716680
	700  -  MemoryUsage of job (MB)
	716680  -  ResidentSetSize of job (KB)
...
006 (7020618.314.000) 03/15 14:51:34 Image size of job updated: 716684
	700  -  MemoryUsage of job (MB)
	716684  -  ResidentSetSize of job (KB)
...
006 (7020618.314.000) 03/15 15:51:40 Image size of job updated: 716688
	700  -  MemoryUsage of job (MB)
	716688  -  ResidentSetSize of job (KB)
...
006 (7020618.314.000) 03/15 15:56:40 Image size of job updated: 716884
	701  -  MemoryUsage of job (MB)
	716884  -  ResidentSetSize of job (KB)
...
006 (7020618.314.000) 03/15 16:01:41 Image size of job updated: 717600
	701  -  MemoryUsage of job (MB)
	717600  -  ResidentSetSize of job (KB)
...
006 (7020618.314.000) 03/15 16:16:42 Image size of job updated: 720708
	704  -  MemoryUsage of job (MB)
	720708  -  ResidentSetSize of job (KB)
...
006 (7020618.314.000) 03/15 16:21:42 Image size of job updated: 720728
	704  -  MemoryUsage of job (MB)
	720728  -  ResidentSetSize of job (KB)
...
006 (7020618.314.000) 03/15 16:26:43 Image size of job updated: 720768
	704  -  MemoryUsage of job (MB)
	720768  -  ResidentSetSize of job (KB)
...
006 (7020618.314.000) 03/15 16:31:44 Image size of job updated: 726368
	710  -  MemoryUsage of job (MB)
	726368  -  ResidentSetSize of job (KB)
...
006 (7020618.314.000) 03/15 16:36:44 Image size of job updated: 731392
	710  -  MemoryUsage of job (MB)
	726368  -  ResidentSetSize of job (KB)
...
006 (7020618.314.000) 03/15 17:41:50 Image size of job updated: 733908
	717  -  MemoryUsage of job (MB)
	733908  -  ResidentSetSize of job (KB)
...
006 (7020618.314.000) 03/15 17:56:52 Image size of job updated: 737716
	717  -  MemoryUsage of job (MB)
	733908  -  ResidentSetSize of job (KB)
...
006 (7020618.314.000) 03/15 18:06:53 Image size of job updated: 737716
	717  -  MemoryUsage of job (MB)
	733916  -  ResidentSetSize of job (KB)
...
006 (7020618.314.000) 03/15 19:06:58 Image size of job updated: 737716
	717  -  MemoryUsage of job (MB)
	733928  -  ResidentSetSize of job (KB)
...
006 (7020618.314.000) 03/15 20:32:06 Image size of job updated: 740764
	717  -  MemoryUsage of job (MB)
	733928  -  ResidentSetSize of job (KB)
...
006 (7020618.314.000) 03/15 22:47:19 Image size of job updated: 746116
	729  -  MemoryUsage of job (MB)
	746116  -  ResidentSetSize of job (KB)
...
006 (7020618.314.000) 03/15 22:52:20 Image size of job updated: 746900
	730  -  MemoryUsage of job (MB)
	746900  -  ResidentSetSize of job (KB)
...
006 (7020618.314.000) 03/15 22:57:21 Image size of job updated: 756128
	730  -  MemoryUsage of job (MB)
	746900  -  ResidentSetSize of job (KB)
...
006 (7020618.314.000) 03/16 02:12:39 Image size of job updated: 756128
	736  -  MemoryUsage of job (MB)
	753108  -  ResidentSetSize of job (KB)
...
006 (7020618.314.000) 03/16 02:17:40 Image size of job updated: 756128
	737  -  MemoryUsage of job (MB)
	753804  -  ResidentSetSize of job (KB)
...
006 (7020618.314.000) 03/16 02:37:42 Image size of job updated: 756128
	737  -  MemoryUsage of job (MB)
	753808  -  ResidentSetSize of job (KB)
...
006 (7020618.314.000) 03/16 03:02:44 Image size of job updated: 756128
	737  -  MemoryUsage of job (MB)
	753820  -  ResidentSetSize of job (KB)
...
006 (7020618.314.000) 03/16 03:12:46 Image size of job updated: 756128
	737  -  MemoryUsage of job (MB)
	753836  -  ResidentSetSize of job (KB)
...
006 (7020618.314.000) 03/16 03:52:50 Image size of job updated: 756128
	737  -  MemoryUsage of job (MB)
	753844  -  ResidentSetSize of job (KB)
...
006 (7020618.314.000) 03/16 04:37:54 Image size of job updated: 756128
	737  -  MemoryUsage of job (MB)
	753864  -  ResidentSetSize of job (KB)
...
006 (7020618.314.000) 03/16 05:53:01 Image size of job updated: 756128
	737  -  MemoryUsage of job (MB)
	753876  -  ResidentSetSize of job (KB)
...
006 (7020618.314.000) 03/16 07:08:08 Image size of job updated: 756128
	737  -  MemoryUsage of job (MB)
	753880  -  ResidentSetSize of job (KB)
...
006 (7020618.314.000) 03/16 07:33:11 Image size of job updated: 756128
	737  -  MemoryUsage of job (MB)
	753884  -  ResidentSetSize of job (KB)
...
006 (7020618.314.000) 03/16 08:03:14 Image size of job updated: 756128
	737  -  MemoryUsage of job (MB)
	753892  -  ResidentSetSize of job (KB)
...
040 (7020618.314.000) 03/16 08:53:08 Started transferring output files
...
040 (7020618.314.000) 03/16 08:53:08 Finished transferring output files
...
005 (7020618.314.000) 03/16 08:53:08 Job terminated.
	(1) Normal termination (return value 0)
		Usr 0 20:40:02, Sys 0 00:01:32  -  Run Remote Usage
		Usr 0 00:00:00, Sys 0 00:00:00  -  Run Local Usage
		Usr 0 20:40:02, Sys 0 00:01:32  -  Total Remote Usage
		Usr 0 00:00:00, Sys 0 00:00:00  -  Total Local Usage
	12647  -  Run Bytes Sent By Job
	1379  -  Run Bytes Received By Job
	12647  -  Total Bytes Sent By Job
	1379  -  Total Bytes Received By Job
	Partitionable Resources :    Usage  Request Allocated 
	   Cpus                 :     0.99        1         1 
	   Disk (KB)            :    47           2      3632 
	   GPUs                 :                           0 
	   Memory (MB)          :   737        3000      3000 
	   TimeExecute (s)      : 75727                       
	   TimeSlotBusy (s)     : 75729                       

	Job terminated of its own accord at 2026-03-16T07:53:08Z with exit-code 0.
...
