000 (7020618.310.000) 03/15 11:47:52 Job submitted from host: <188.185.125.71:9618?addrs=188.185.125.71-9618+[2001-1458-d00-4a--100-15e]-9618&alias=bigbird28.cern.ch&noUDP&sock=schedd_2603_051c>
...
040 (7020618.310.000) 03/15 11:50:59 Started transferring input files
	Transferring to host: <188.185.210.172:9618?addrs=188.185.210.172-9618+[2001-1458-303-15--100-28]-9618&alias=b9p22p4014.cern.ch&noUDP&sock=slot1_40_5083_2ee8_29915>
...
040 (7020618.310.000) 03/15 11:50:59 Finished transferring input files
...
001 (7020618.310.000) 03/15 11:51:00 Job executing on host: <188.185.210.172:9618?addrs=188.185.210.172-9618+[2001-1458-303-15--100-28]-9618&alias=b9p22p4014.cern.ch&noUDP&sock=startd_4153_30e8>
	SlotName: slot1_40@b9p22p4014.cern.ch
	CondorScratchDir = "/pool/condor/dir_885989"
	Cpus = 1
	Disk = 3789
	GPUs = 0
	Memory = 3000
...
006 (7020618.310.000) 03/15 11:51:09 Image size of job updated: 10236
	10  -  MemoryUsage of job (MB)
	10236  -  ResidentSetSize of job (KB)
...
006 (7020618.310.000) 03/15 11:56:10 Image size of job updated: 184864
	181  -  MemoryUsage of job (MB)
	184864  -  ResidentSetSize of job (KB)
...
006 (7020618.310.000) 03/15 12:01:10 Image size of job updated: 626992
	613  -  MemoryUsage of job (MB)
	626992  -  ResidentSetSize of job (KB)
...
006 (7020618.310.000) 03/15 12:06:11 Image size of job updated: 656512
	614  -  MemoryUsage of job (MB)
	628500  -  ResidentSetSize of job (KB)
...
006 (7020618.310.000) 03/15 12:11:11 Image size of job updated: 656512
	620  -  MemoryUsage of job (MB)
	633908  -  ResidentSetSize of job (KB)
...
006 (7020618.310.000) 03/15 12:16:12 Image size of job updated: 656512
	621  -  MemoryUsage of job (MB)
	635036  -  ResidentSetSize of job (KB)
...
006 (7020618.310.000) 03/15 12:21:13 Image size of job updated: 656512
	621  -  MemoryUsage of job (MB)
	635040  -  ResidentSetSize of job (KB)
...
006 (7020618.310.000) 03/15 12:31:14 Image size of job updated: 657524
	643  -  MemoryUsage of job (MB)
	657524  -  ResidentSetSize of job (KB)
...
006 (7020618.310.000) 03/15 12:36:14 Image size of job updated: 663264
	648  -  MemoryUsage of job (MB)
	663264  -  ResidentSetSize of job (KB)
...
006 (7020618.310.000) 03/15 13:06:18 Image size of job updated: 663324
	648  -  MemoryUsage of job (MB)
	663324  -  ResidentSetSize of job (KB)
...
006 (7020618.310.000) 03/15 13:21:19 Image size of job updated: 664056
	649  -  MemoryUsage of job (MB)
	664056  -  ResidentSetSize of job (KB)
...
006 (7020618.310.000) 03/15 13:31:20 Image size of job updated: 667076
	652  -  MemoryUsage of job (MB)
	667076  -  ResidentSetSize of job (KB)
...
006 (7020618.310.000) 03/15 13:41:21 Image size of job updated: 667080
	652  -  MemoryUsage of job (MB)
	667080  -  ResidentSetSize of job (KB)
...
006 (7020618.310.000) 03/15 14:21:25 Image size of job updated: 676780
	661  -  MemoryUsage of job (MB)
	676780  -  ResidentSetSize of job (KB)
...
006 (7020618.310.000) 03/15 15:46:34 Image size of job updated: 722316
	706  -  MemoryUsage of job (MB)
	722316  -  ResidentSetSize of job (KB)
...
006 (7020618.310.000) 03/15 15:51:34 Image size of job updated: 726804
	710  -  MemoryUsage of job (MB)
	726804  -  ResidentSetSize of job (KB)
...
006 (7020618.310.000) 03/15 16:06:36 Image size of job updated: 726812
	710  -  MemoryUsage of job (MB)
	726812  -  ResidentSetSize of job (KB)
...
006 (7020618.310.000) 03/15 16:11:37 Image size of job updated: 731692
	715  -  MemoryUsage of job (MB)
	731692  -  ResidentSetSize of job (KB)
...
006 (7020618.310.000) 03/15 16:26:38 Image size of job updated: 731700
	715  -  MemoryUsage of job (MB)
	731700  -  ResidentSetSize of job (KB)
...
006 (7020618.310.000) 03/15 16:46:41 Image size of job updated: 731704
	715  -  MemoryUsage of job (MB)
	731704  -  ResidentSetSize of job (KB)
...
006 (7020618.310.000) 03/15 17:01:43 Image size of job updated: 731720
	715  -  MemoryUsage of job (MB)
	731720  -  ResidentSetSize of job (KB)
...
006 (7020618.310.000) 03/15 17:51:47 Image size of job updated: 731724
	715  -  MemoryUsage of job (MB)
	731724  -  ResidentSetSize of job (KB)
...
006 (7020618.310.000) 03/15 18:06:48 Image size of job updated: 731728
	715  -  MemoryUsage of job (MB)
	731728  -  ResidentSetSize of job (KB)
...
006 (7020618.310.000) 03/15 18:26:50 Image size of job updated: 731744
	715  -  MemoryUsage of job (MB)
	731744  -  ResidentSetSize of job (KB)
...
006 (7020618.310.000) 03/15 18:31:51 Image size of job updated: 749348
	732  -  MemoryUsage of job (MB)
	749348  -  ResidentSetSize of job (KB)
...
006 (7020618.310.000) 03/15 18:36:51 Image size of job updated: 749624
	733  -  MemoryUsage of job (MB)
	749624  -  ResidentSetSize of job (KB)
...
006 (7020618.310.000) 03/15 19:16:55 Image size of job updated: 753264
	736  -  MemoryUsage of job (MB)
	753264  -  ResidentSetSize of job (KB)
...
006 (7020618.310.000) 03/15 19:21:56 Image size of job updated: 753272
	736  -  MemoryUsage of job (MB)
	753272  -  ResidentSetSize of job (KB)
...
006 (7020618.310.000) 03/15 19:26:56 Image size of job updated: 757864
	741  -  MemoryUsage of job (MB)
	757864  -  ResidentSetSize of job (KB)
...
006 (7020618.310.000) 03/15 20:12:00 Image size of job updated: 757884
	741  -  MemoryUsage of job (MB)
	757884  -  ResidentSetSize of job (KB)
...
006 (7020618.310.000) 03/15 20:32:03 Image size of job updated: 757888
	741  -  MemoryUsage of job (MB)
	757888  -  ResidentSetSize of job (KB)
...
006 (7020618.310.000) 03/15 22:32:15 Image size of job updated: 757892
	741  -  MemoryUsage of job (MB)
	757892  -  ResidentSetSize of job (KB)
...
006 (7020618.310.000) 03/15 23:22:20 Image size of job updated: 757912
	741  -  MemoryUsage of job (MB)
	757912  -  ResidentSetSize of job (KB)
...
006 (7020618.310.000) 03/15 23:32:21 Image size of job updated: 757916
	741  -  MemoryUsage of job (MB)
	757916  -  ResidentSetSize of job (KB)
...
006 (7020618.310.000) 03/15 23:37:21 Image size of job updated: 757932
	741  -  MemoryUsage of job (MB)
	757932  -  ResidentSetSize of job (KB)
...
006 (7020618.310.000) 03/16 01:37:32 Image size of job updated: 757940
	741  -  MemoryUsage of job (MB)
	757940  -  ResidentSetSize of job (KB)
...
006 (7020618.310.000) 03/16 02:42:39 Image size of job updated: 758720
	741  -  MemoryUsage of job (MB)
	758720  -  ResidentSetSize of job (KB)
...
006 (7020618.310.000) 03/16 03:02:41 Image size of job updated: 758732
	741  -  MemoryUsage of job (MB)
	758732  -  ResidentSetSize of job (KB)
...
006 (7020618.310.000) 03/16 03:07:42 Image size of job updated: 758740
	741  -  MemoryUsage of job (MB)
	758740  -  ResidentSetSize of job (KB)
...
006 (7020618.310.000) 03/16 03:12:42 Image size of job updated: 760096
	743  -  MemoryUsage of job (MB)
	760096  -  ResidentSetSize of job (KB)
...
006 (7020618.310.000) 03/16 03:57:47 Image size of job updated: 760156
	743  -  MemoryUsage of job (MB)
	760156  -  ResidentSetSize of job (KB)
...
006 (7020618.310.000) 03/16 04:42:51 Image size of job updated: 760196
	743  -  MemoryUsage of job (MB)
	760196  -  ResidentSetSize of job (KB)
...
006 (7020618.310.000) 03/16 04:52:52 Image size of job updated: 760228
	743  -  MemoryUsage of job (MB)
	760228  -  ResidentSetSize of job (KB)
...
006 (7020618.310.000) 03/16 05:57:58 Image size of job updated: 760256
	743  -  MemoryUsage of job (MB)
	760256  -  ResidentSetSize of job (KB)
...
006 (7020618.310.000) 03/16 06:02:59 Image size of job updated: 760296
	743  -  MemoryUsage of job (MB)
	760296  -  ResidentSetSize of job (KB)
...
040 (7020618.310.000) 03/16 06:53:24 Started transferring output files
...
040 (7020618.310.000) 03/16 06:53:24 Finished transferring output files
...
005 (7020618.310.000) 03/16 06:53:24 Job terminated.
	(1) Normal termination (return value 0)
		Usr 0 18:34:48, Sys 0 00:01:42  -  Run Remote Usage
		Usr 0 00:00:00, Sys 0 00:00:00  -  Run Local Usage
		Usr 0 18:34:48, Sys 0 00:01:42  -  Total Remote Usage
		Usr 0 00:00:00, Sys 0 00:00:00  -  Total Local Usage
	12599  -  Run Bytes Sent By Job
	1379  -  Run Bytes Received By Job
	12599  -  Total Bytes Sent By Job
	1379  -  Total Bytes Received By Job
	Partitionable Resources :    Usage  Request Allocated 
	   Cpus                 :     0.99        1         1 
	   Disk (KB)            :    44           2      3789 
	   GPUs                 :                           0 
	   Memory (MB)          :   743        3000      3000 
	   TimeExecute (s)      : 68544                       
	   TimeSlotBusy (s)     : 68546                       
...
