000 (7020618.272.000) 03/15 11:47:51 Job submitted from host: <188.185.125.71:9618?addrs=188.185.125.71-9618+[2001-1458-d00-4a--100-15e]-9618&alias=bigbird28.cern.ch&noUDP&sock=schedd_2603_051c>
...
040 (7020618.272.000) 03/15 11:50:47 Started transferring input files
	Transferring to host: <188.185.209.230:9618?addrs=188.185.209.230-9618+[2001-1458-303-12--100-63]-9618&alias=b9p12p8570.cern.ch&noUDP&sock=slot1_12_2128678_f85b_104392>
...
040 (7020618.272.000) 03/15 11:50:47 Finished transferring input files
...
001 (7020618.272.000) 03/15 11:50:48 Job executing on host: <188.185.209.230:9618?addrs=188.185.209.230-9618+[2001-1458-303-12--100-63]-9618&alias=b9p12p8570.cern.ch&noUDP&sock=startd_3680_c09c>
	SlotName: slot1_12@b9p12p8570.cern.ch
	CondorScratchDir = "/pool/condor/dir_3246735"
	Cpus = 1
	Disk = 3649
	GPUs = 0
	Memory = 3000
...
006 (7020618.272.000) 03/15 11:51:02 Image size of job updated: 888
	1  -  MemoryUsage of job (MB)
	888  -  ResidentSetSize of job (KB)
...
006 (7020618.272.000) 03/15 11:56:03 Image size of job updated: 154064
	151  -  MemoryUsage of job (MB)
	154064  -  ResidentSetSize of job (KB)
...
006 (7020618.272.000) 03/15 12:01:03 Image size of job updated: 359384
	351  -  MemoryUsage of job (MB)
	359384  -  ResidentSetSize of job (KB)
...
006 (7020618.272.000) 03/15 12:06:04 Image size of job updated: 490480
	479  -  MemoryUsage of job (MB)
	490480  -  ResidentSetSize of job (KB)
...
006 (7020618.272.000) 03/15 12:11:04 Image size of job updated: 496752
	486  -  MemoryUsage of job (MB)
	496752  -  ResidentSetSize of job (KB)
...
006 (7020618.272.000) 03/15 12:16:04 Image size of job updated: 539436
	527  -  MemoryUsage of job (MB)
	539436  -  ResidentSetSize of job (KB)
...
006 (7020618.272.000) 03/15 12:21:05 Image size of job updated: 546480
	534  -  MemoryUsage of job (MB)
	546480  -  ResidentSetSize of job (KB)
...
006 (7020618.272.000) 03/15 12:26:05 Image size of job updated: 551268
	539  -  MemoryUsage of job (MB)
	551268  -  ResidentSetSize of job (KB)
...
006 (7020618.272.000) 03/15 12:31:06 Image size of job updated: 563572
	551  -  MemoryUsage of job (MB)
	563572  -  ResidentSetSize of job (KB)
...
006 (7020618.272.000) 03/15 12:36:06 Image size of job updated: 563580
	551  -  MemoryUsage of job (MB)
	563580  -  ResidentSetSize of job (KB)
...
006 (7020618.272.000) 03/15 12:51:07 Image size of job updated: 565436
	553  -  MemoryUsage of job (MB)
	565392  -  ResidentSetSize of job (KB)
...
006 (7020618.272.000) 03/15 14:11:16 Image size of job updated: 565436
	553  -  MemoryUsage of job (MB)
	565396  -  ResidentSetSize of job (KB)
...
006 (7020618.272.000) 03/15 16:06:26 Image size of job updated: 724276
	708  -  MemoryUsage of job (MB)
	724276  -  ResidentSetSize of job (KB)
...
006 (7020618.272.000) 03/15 16:11:27 Image size of job updated: 729936
	713  -  MemoryUsage of job (MB)
	729936  -  ResidentSetSize of job (KB)
...
006 (7020618.272.000) 03/15 16:31:28 Image size of job updated: 731408
	715  -  MemoryUsage of job (MB)
	731408  -  ResidentSetSize of job (KB)
...
006 (7020618.272.000) 03/15 16:36:29 Image size of job updated: 737652
	721  -  MemoryUsage of job (MB)
	737652  -  ResidentSetSize of job (KB)
...
006 (7020618.272.000) 03/15 17:01:31 Image size of job updated: 737696
	721  -  MemoryUsage of job (MB)
	737696  -  ResidentSetSize of job (KB)
...
006 (7020618.272.000) 03/15 17:11:32 Image size of job updated: 737716
	721  -  MemoryUsage of job (MB)
	737716  -  ResidentSetSize of job (KB)
...
006 (7020618.272.000) 03/15 17:31:34 Image size of job updated: 737748
	721  -  MemoryUsage of job (MB)
	737748  -  ResidentSetSize of job (KB)
...
006 (7020618.272.000) 03/15 18:06:36 Image size of job updated: 738996
	722  -  MemoryUsage of job (MB)
	738996  -  ResidentSetSize of job (KB)
...
006 (7020618.272.000) 03/15 18:16:37 Image size of job updated: 739036
	722  -  MemoryUsage of job (MB)
	739036  -  ResidentSetSize of job (KB)
...
006 (7020618.272.000) 03/15 18:31:39 Image size of job updated: 739088
	722  -  MemoryUsage of job (MB)
	739088  -  ResidentSetSize of job (KB)
...
006 (7020618.272.000) 03/15 19:21:44 Image size of job updated: 739112
	722  -  MemoryUsage of job (MB)
	739112  -  ResidentSetSize of job (KB)
...
006 (7020618.272.000) 03/15 19:26:44 Image size of job updated: 746912
	730  -  MemoryUsage of job (MB)
	746912  -  ResidentSetSize of job (KB)
...
006 (7020618.272.000) 03/15 20:06:48 Image size of job updated: 746932
	730  -  MemoryUsage of job (MB)
	746932  -  ResidentSetSize of job (KB)
...
006 (7020618.272.000) 03/15 20:31:51 Image size of job updated: 747036
	730  -  MemoryUsage of job (MB)
	747036  -  ResidentSetSize of job (KB)
...
006 (7020618.272.000) 03/15 20:51:54 Image size of job updated: 747112
	730  -  MemoryUsage of job (MB)
	747112  -  ResidentSetSize of job (KB)
...
006 (7020618.272.000) 03/15 21:16:57 Image size of job updated: 747156
	730  -  MemoryUsage of job (MB)
	747156  -  ResidentSetSize of job (KB)
...
006 (7020618.272.000) 03/15 21:37:00 Image size of job updated: 747244
	730  -  MemoryUsage of job (MB)
	747244  -  ResidentSetSize of job (KB)
...
006 (7020618.272.000) 03/15 22:27:05 Image size of job updated: 747276
	730  -  MemoryUsage of job (MB)
	747276  -  ResidentSetSize of job (KB)
...
006 (7020618.272.000) 03/15 22:52:07 Image size of job updated: 747360
	730  -  MemoryUsage of job (MB)
	747360  -  ResidentSetSize of job (KB)
...
006 (7020618.272.000) 03/15 22:57:08 Image size of job updated: 756900
	740  -  MemoryUsage of job (MB)
	756900  -  ResidentSetSize of job (KB)
...
006 (7020618.272.000) 03/15 23:02:08 Image size of job updated: 758568
	741  -  MemoryUsage of job (MB)
	758568  -  ResidentSetSize of job (KB)
...
006 (7020618.272.000) 03/16 00:57:21 Image size of job updated: 758600
	741  -  MemoryUsage of job (MB)
	758600  -  ResidentSetSize of job (KB)
...
006 (7020618.272.000) 03/16 01:52:27 Image size of job updated: 758656
	741  -  MemoryUsage of job (MB)
	758656  -  ResidentSetSize of job (KB)
...
006 (7020618.272.000) 03/16 01:57:27 Image size of job updated: 759956
	743  -  MemoryUsage of job (MB)
	759956  -  ResidentSetSize of job (KB)
...
006 (7020618.272.000) 03/16 02:02:28 Image size of job updated: 760124
	743  -  MemoryUsage of job (MB)
	760124  -  ResidentSetSize of job (KB)
...
006 (7020618.272.000) 03/16 02:52:33 Image size of job updated: 760192
	743  -  MemoryUsage of job (MB)
	760192  -  ResidentSetSize of job (KB)
...
006 (7020618.272.000) 03/16 06:07:50 Image size of job updated: 762628
	745  -  MemoryUsage of job (MB)
	762628  -  ResidentSetSize of job (KB)
...
006 (7020618.272.000) 03/16 06:12:50 Image size of job updated: 762640
	745  -  MemoryUsage of job (MB)
	762640  -  ResidentSetSize of job (KB)
...
006 (7020618.272.000) 03/16 06:47:54 Image size of job updated: 763408
	745  -  MemoryUsage of job (MB)
	762640  -  ResidentSetSize of job (KB)
...
040 (7020618.272.000) 03/16 10:16:50 Started transferring output files
...
040 (7020618.272.000) 03/16 10:16:50 Finished transferring output files
...
005 (7020618.272.000) 03/16 10:16:50 Job terminated.
	(1) Normal termination (return value 0)
		Usr 0 21:52:50, Sys 0 00:01:43  -  Run Remote Usage
		Usr 0 00:00:00, Sys 0 00:00:00  -  Run Local Usage
		Usr 0 21:52:50, Sys 0 00:01:43  -  Total Remote Usage
		Usr 0 00:00:00, Sys 0 00:00:00  -  Total Local Usage
	13016  -  Run Bytes Sent By Job
	1379  -  Run Bytes Received By Job
	13016  -  Total Bytes Sent By Job
	1379  -  Total Bytes Received By Job
	Partitionable Resources :    Usage  Request Allocated 
	   Cpus                 :     0.95        1         1 
	   Disk (KB)            :    47           2      3649 
	   GPUs                 :                           0 
	   Memory (MB)          :   745        3000      3000 
	   TimeExecute (s)      : 80762                       
	   TimeSlotBusy (s)     : 80764                       

	Job terminated of its own accord at 2026-03-16T09:16:49Z with exit-code 0.
...
