000 (7020618.418.000) 03/15 11:47:52 Job submitted from host: <188.185.125.71:9618?addrs=188.185.125.71-9618+[2001-1458-d00-4a--100-15e]-9618&alias=bigbird28.cern.ch&noUDP&sock=schedd_2603_051c>
...
040 (7020618.418.000) 03/15 11:51:39 Started transferring input files
	Transferring to host: <188.185.212.16:9618?addrs=188.185.212.16-9618+[2001-1458-303-18--100-c]-9618&alias=b9p25p6280.cern.ch&noUDP&sock=slot1_19_2949876_400d_3344>
...
040 (7020618.418.000) 03/15 11:51:39 Finished transferring input files
...
001 (7020618.418.000) 03/15 11:51:40 Job executing on host: <188.185.212.16:9618?addrs=188.185.212.16-9618+[2001-1458-303-18--100-c]-9618&alias=b9p25p6280.cern.ch&noUDP&sock=startd_2949835_081f>
	SlotName: slot1_19@b9p25p6280.cern.ch
	CondorScratchDir = "/pool/condor/dir_3106159"
	Cpus = 1
	Disk = 3755
	GPUs = 0
	Memory = 3000
...
006 (7020618.418.000) 03/15 11:51:53 Image size of job updated: 876
	1  -  MemoryUsage of job (MB)
	876  -  ResidentSetSize of job (KB)
...
006 (7020618.418.000) 03/15 11:56:53 Image size of job updated: 151404
	148  -  MemoryUsage of job (MB)
	151404  -  ResidentSetSize of job (KB)
...
006 (7020618.418.000) 03/15 12:01:54 Image size of job updated: 353628
	346  -  MemoryUsage of job (MB)
	353628  -  ResidentSetSize of job (KB)
...
006 (7020618.418.000) 03/15 12:06:54 Image size of job updated: 639668
	610  -  MemoryUsage of job (MB)
	623628  -  ResidentSetSize of job (KB)
...
006 (7020618.418.000) 03/15 12:11:54 Image size of job updated: 639668
	618  -  MemoryUsage of job (MB)
	631868  -  ResidentSetSize of job (KB)
...
006 (7020618.418.000) 03/15 12:26:55 Image size of job updated: 658412
	643  -  MemoryUsage of job (MB)
	658412  -  ResidentSetSize of job (KB)
...
006 (7020618.418.000) 03/15 12:41:57 Image size of job updated: 663876
	649  -  MemoryUsage of job (MB)
	663876  -  ResidentSetSize of job (KB)
...
006 (7020618.418.000) 03/15 12:56:59 Image size of job updated: 708000
	692  -  MemoryUsage of job (MB)
	708000  -  ResidentSetSize of job (KB)
...
006 (7020618.418.000) 03/15 13:02:00 Image size of job updated: 711728
	696  -  MemoryUsage of job (MB)
	711728  -  ResidentSetSize of job (KB)
...
006 (7020618.418.000) 03/15 13:07:00 Image size of job updated: 712300
	696  -  MemoryUsage of job (MB)
	712300  -  ResidentSetSize of job (KB)
...
006 (7020618.418.000) 03/15 13:12:00 Image size of job updated: 712312
	696  -  MemoryUsage of job (MB)
	712312  -  ResidentSetSize of job (KB)
...
006 (7020618.418.000) 03/15 13:17:01 Image size of job updated: 747884
	731  -  MemoryUsage of job (MB)
	747884  -  ResidentSetSize of job (KB)
...
006 (7020618.418.000) 03/15 19:22:39 Image size of job updated: 756408
	739  -  MemoryUsage of job (MB)
	756408  -  ResidentSetSize of job (KB)
...
006 (7020618.418.000) 03/15 19:27:40 Image size of job updated: 756484
	739  -  MemoryUsage of job (MB)
	756484  -  ResidentSetSize of job (KB)
...
006 (7020618.418.000) 03/15 19:52:43 Image size of job updated: 756508
	739  -  MemoryUsage of job (MB)
	756508  -  ResidentSetSize of job (KB)
...
006 (7020618.418.000) 03/15 20:07:45 Image size of job updated: 756616
	739  -  MemoryUsage of job (MB)
	756616  -  ResidentSetSize of job (KB)
...
006 (7020618.418.000) 03/15 21:32:56 Image size of job updated: 756656
	739  -  MemoryUsage of job (MB)
	756656  -  ResidentSetSize of job (KB)
...
006 (7020618.418.000) 03/15 22:18:02 Image size of job updated: 758732
	741  -  MemoryUsage of job (MB)
	758732  -  ResidentSetSize of job (KB)
...
006 (7020618.418.000) 03/15 23:13:10 Image size of job updated: 758740
	741  -  MemoryUsage of job (MB)
	758740  -  ResidentSetSize of job (KB)
...
006 (7020618.418.000) 03/16 00:13:14 Image size of job updated: 758752
	741  -  MemoryUsage of job (MB)
	758752  -  ResidentSetSize of job (KB)
...
006 (7020618.418.000) 03/16 00:28:15 Image size of job updated: 758760
	741  -  MemoryUsage of job (MB)
	758760  -  ResidentSetSize of job (KB)
...
006 (7020618.418.000) 03/16 04:33:38 Image size of job updated: 758764
	741  -  MemoryUsage of job (MB)
	758764  -  ResidentSetSize of job (KB)
...
006 (7020618.418.000) 03/16 04:58:41 Image size of job updated: 758780
	741  -  MemoryUsage of job (MB)
	758780  -  ResidentSetSize of job (KB)
...
006 (7020618.418.000) 03/16 05:33:45 Image size of job updated: 758788
	742  -  MemoryUsage of job (MB)
	758788  -  ResidentSetSize of job (KB)
...
006 (7020618.418.000) 03/16 06:13:51 Image size of job updated: 758800
	742  -  MemoryUsage of job (MB)
	758800  -  ResidentSetSize of job (KB)
...
006 (7020618.418.000) 03/16 06:28:53 Image size of job updated: 758804
	742  -  MemoryUsage of job (MB)
	758804  -  ResidentSetSize of job (KB)
...
006 (7020618.418.000) 03/16 06:53:54 Image size of job updated: 758816
	742  -  MemoryUsage of job (MB)
	758816  -  ResidentSetSize of job (KB)
...
006 (7020618.418.000) 03/16 07:19:47 Image size of job updated: 758824
	742  -  MemoryUsage of job (MB)
	758816  -  ResidentSetSize of job (KB)
...
040 (7020618.418.000) 03/16 07:19:47 Started transferring output files
...
040 (7020618.418.000) 03/16 07:19:48 Finished transferring output files
...
005 (7020618.418.000) 03/16 07:19:48 Job terminated.
	(1) Normal termination (return value 0)
		Usr 0 19:03:38, Sys 0 00:01:49  -  Run Remote Usage
		Usr 0 00:00:00, Sys 0 00:00:00  -  Run Local Usage
		Usr 0 19:03:38, Sys 0 00:01:49  -  Total Remote Usage
		Usr 0 00:00:00, Sys 0 00:00:00  -  Total Local Usage
	12807  -  Run Bytes Sent By Job
	1379  -  Run Bytes Received By Job
	12807  -  Total Bytes Sent By Job
	1379  -  Total Bytes Received By Job
	Partitionable Resources :    Usage  Request Allocated 
	   Cpus                 :     0.99        1         1 
	   Disk (KB)            :    43           2      3755 
	   GPUs                 :                           0 
	   Memory (MB)          :   742        3000      3000 
	   TimeExecute (s)      : 70087                       
	   TimeSlotBusy (s)     : 70091                       

	Job terminated of its own accord at 2026-03-16T06:19:47Z with exit-code 0.
...
