000 (7020618.249.000) 03/15 11:47:51 Job submitted from host: <188.185.125.71:9618?addrs=188.185.125.71-9618+[2001-1458-d00-4a--100-15e]-9618&alias=bigbird28.cern.ch&noUDP&sock=schedd_2603_051c>
...
040 (7020618.249.000) 03/15 11:50:43 Started transferring input files
	Transferring to host: <188.185.213.223:9618?addrs=188.185.213.223-9618+[2001-1458-303-1b--100-5b]-9618&alias=b9p28p1071.cern.ch&noUDP&sock=slot1_18_3096_2977_222638>
...
040 (7020618.249.000) 03/15 11:50:44 Finished transferring input files
...
001 (7020618.249.000) 03/15 11:50:44 Job executing on host: <188.185.213.223:9618?addrs=188.185.213.223-9618+[2001-1458-303-1b--100-5b]-9618&alias=b9p28p1071.cern.ch&noUDP&sock=startd_2642_c54e>
	SlotName: slot1_18@b9p28p1071.cern.ch
	CondorScratchDir = "/pool/condor/dir_894515"
	Cpus = 1
	Disk = 3758
	GPUs = 0
	Memory = 3000
...
006 (7020618.249.000) 03/15 11:50:57 Image size of job updated: 868
	1  -  MemoryUsage of job (MB)
	868  -  ResidentSetSize of job (KB)
...
006 (7020618.249.000) 03/15 11:55:57 Image size of job updated: 667720
	653  -  MemoryUsage of job (MB)
	667720  -  ResidentSetSize of job (KB)
...
006 (7020618.249.000) 03/15 12:00:57 Image size of job updated: 667740
	653  -  MemoryUsage of job (MB)
	667740  -  ResidentSetSize of job (KB)
...
006 (7020618.249.000) 03/15 12:05:58 Image size of job updated: 667792
	653  -  MemoryUsage of job (MB)
	667792  -  ResidentSetSize of job (KB)
...
006 (7020618.249.000) 03/15 12:10:58 Image size of job updated: 707356
	691  -  MemoryUsage of job (MB)
	707356  -  ResidentSetSize of job (KB)
...
006 (7020618.249.000) 03/15 12:15:58 Image size of job updated: 711124
	695  -  MemoryUsage of job (MB)
	711124  -  ResidentSetSize of job (KB)
...
006 (7020618.249.000) 03/15 12:20:59 Image size of job updated: 716640
	700  -  MemoryUsage of job (MB)
	716640  -  ResidentSetSize of job (KB)
...
006 (7020618.249.000) 03/15 12:30:59 Image size of job updated: 716656
	700  -  MemoryUsage of job (MB)
	716656  -  ResidentSetSize of job (KB)
...
006 (7020618.249.000) 03/15 12:46:00 Image size of job updated: 718728
	702  -  MemoryUsage of job (MB)
	718728  -  ResidentSetSize of job (KB)
...
006 (7020618.249.000) 03/15 12:56:01 Image size of job updated: 719608
	703  -  MemoryUsage of job (MB)
	719608  -  ResidentSetSize of job (KB)
...
006 (7020618.249.000) 03/15 13:01:01 Image size of job updated: 721852
	705  -  MemoryUsage of job (MB)
	721852  -  ResidentSetSize of job (KB)
...
006 (7020618.249.000) 03/15 13:26:04 Image size of job updated: 721924
	706  -  MemoryUsage of job (MB)
	721924  -  ResidentSetSize of job (KB)
...
006 (7020618.249.000) 03/15 13:41:05 Image size of job updated: 722152
	706  -  MemoryUsage of job (MB)
	722152  -  ResidentSetSize of job (KB)
...
006 (7020618.249.000) 03/15 13:56:07 Image size of job updated: 722384
	706  -  MemoryUsage of job (MB)
	722384  -  ResidentSetSize of job (KB)
...
006 (7020618.249.000) 03/15 14:01:07 Image size of job updated: 741128
	724  -  MemoryUsage of job (MB)
	741128  -  ResidentSetSize of job (KB)
...
006 (7020618.249.000) 03/15 14:06:08 Image size of job updated: 742252
	725  -  MemoryUsage of job (MB)
	742252  -  ResidentSetSize of job (KB)
...
006 (7020618.249.000) 03/15 14:46:13 Image size of job updated: 743004
	726  -  MemoryUsage of job (MB)
	743004  -  ResidentSetSize of job (KB)
...
006 (7020618.249.000) 03/15 15:06:16 Image size of job updated: 743008
	726  -  MemoryUsage of job (MB)
	743008  -  ResidentSetSize of job (KB)
...
006 (7020618.249.000) 03/15 15:16:17 Image size of job updated: 746276
	729  -  MemoryUsage of job (MB)
	746276  -  ResidentSetSize of job (KB)
...
006 (7020618.249.000) 03/15 15:41:21 Image size of job updated: 761512
	731  -  MemoryUsage of job (MB)
	748172  -  ResidentSetSize of job (KB)
...
006 (7020618.249.000) 03/15 20:26:50 Image size of job updated: 761512
	731  -  MemoryUsage of job (MB)
	748176  -  ResidentSetSize of job (KB)
...
006 (7020618.249.000) 03/15 21:01:52 Image size of job updated: 761512
	731  -  MemoryUsage of job (MB)
	748192  -  ResidentSetSize of job (KB)
...
006 (7020618.249.000) 03/15 21:51:56 Image size of job updated: 761512
	731  -  MemoryUsage of job (MB)
	748196  -  ResidentSetSize of job (KB)
...
006 (7020618.249.000) 03/15 22:42:01 Image size of job updated: 761512
	731  -  MemoryUsage of job (MB)
	748428  -  ResidentSetSize of job (KB)
...
006 (7020618.249.000) 03/15 22:57:02 Image size of job updated: 761512
	731  -  MemoryUsage of job (MB)
	748448  -  ResidentSetSize of job (KB)
...
006 (7020618.249.000) 03/15 23:12:03 Image size of job updated: 761512
	731  -  MemoryUsage of job (MB)
	748452  -  ResidentSetSize of job (KB)
...
006 (7020618.249.000) 03/15 23:27:04 Image size of job updated: 761512
	731  -  MemoryUsage of job (MB)
	748528  -  ResidentSetSize of job (KB)
...
006 (7020618.249.000) 03/15 23:57:08 Image size of job updated: 761512
	732  -  MemoryUsage of job (MB)
	748816  -  ResidentSetSize of job (KB)
...
006 (7020618.249.000) 03/16 01:27:16 Image size of job updated: 761512
	735  -  MemoryUsage of job (MB)
	752368  -  ResidentSetSize of job (KB)
...
006 (7020618.249.000) 03/16 02:02:19 Image size of job updated: 761512
	735  -  MemoryUsage of job (MB)
	752388  -  ResidentSetSize of job (KB)
...
006 (7020618.249.000) 03/16 02:17:20 Image size of job updated: 761512
	735  -  MemoryUsage of job (MB)
	752392  -  ResidentSetSize of job (KB)
...
006 (7020618.249.000) 03/16 03:47:30 Image size of job updated: 761512
	738  -  MemoryUsage of job (MB)
	755472  -  ResidentSetSize of job (KB)
...
006 (7020618.249.000) 03/16 04:02:31 Image size of job updated: 761512
	739  -  MemoryUsage of job (MB)
	756692  -  ResidentSetSize of job (KB)
...
006 (7020618.249.000) 03/16 04:07:31 Image size of job updated: 761512
	739  -  MemoryUsage of job (MB)
	756716  -  ResidentSetSize of job (KB)
...
006 (7020618.249.000) 03/16 04:42:36 Image size of job updated: 761512
	739  -  MemoryUsage of job (MB)
	756724  -  ResidentSetSize of job (KB)
...
006 (7020618.249.000) 03/16 05:17:41 Image size of job updated: 761512
	740  -  MemoryUsage of job (MB)
	756740  -  ResidentSetSize of job (KB)
...
006 (7020618.249.000) 03/16 05:32:43 Image size of job updated: 761512
	740  -  MemoryUsage of job (MB)
	756744  -  ResidentSetSize of job (KB)
...
040 (7020618.249.000) 03/16 05:34:01 Started transferring output files
...
040 (7020618.249.000) 03/16 05:34:01 Finished transferring output files
...
005 (7020618.249.000) 03/16 05:34:01 Job terminated.
	(1) Normal termination (return value 0)
		Usr 0 17:26:04, Sys 0 00:01:09  -  Run Remote Usage
		Usr 0 00:00:00, Sys 0 00:00:00  -  Run Local Usage
		Usr 0 17:26:04, Sys 0 00:01:09  -  Total Remote Usage
		Usr 0 00:00:00, Sys 0 00:00:00  -  Total Local Usage
	13061  -  Run Bytes Sent By Job
	1379  -  Run Bytes Received By Job
	13061  -  Total Bytes Sent By Job
	1379  -  Total Bytes Received By Job
	Partitionable Resources :    Usage  Request Allocated 
	   Cpus                 :     0.99        1         1 
	   Disk (KB)            :    43           2      3758 
	   GPUs                 :                           0 
	   Memory (MB)          :   740        3000      3000 
	   TimeExecute (s)      : 63797                       
	   TimeSlotBusy (s)     : 63802                       

	Job terminated of its own accord at 2026-03-16T04:34:01Z with exit-code 0.
...
