search libraries in slc9_x86-64
 ~ 1) Base stack loaded.
 ~ Sleeping for 3328 seconds to avoid AFS DDOS...
 ~ 2) Loading sndsw environment...
 ~ 3) SNDSW_ROOT is set to: /afs/cern.ch/user/i/idioniso/snd_master/sw-root6.28/rhel9_x86-64/sndsw/master-local1
 ~ 4) Executing tracking script...
[INFO] The input consists out of the following trees and files: 
[INFO]  - rawConv
[INFO]     - root://eospublic.cern.ch//eos/experiment/sndlhc/convertedData/physics/2023/run_006640/sndsw_raw-0157.root
[INFO] FairRootFileSink initialized.
[INFO]  - cbmout
[INFO]     - dummy
[INFO] Parameter and input file are available, Assure that basic info is there for the run!
[INFO] ---FairRootManager::SpecifyRunId --- 
[INFO] --- Initialize with RunId  --- 6640

************************************************************* 
     initialisation for run id 6640
************************************************************* 
-I- FairRunTimeDB::InitContainer() FairBaseParSet
-I- FairRunTimeDB::InitContainer() FairGeoParSet

************************************************************* 
     initialisation for run id 6640
************************************************************* 
-I- FairRunTimeDB::InitContainer() FairBaseParSet
-I- FairRunTimeDB::InitContainer() FairGeoParSet
[INFO]  Branch: Reco_MuonTracks not found in Tree.
using geofile: root://eospublic.cern.ch//eos/experiment/sndlhc/convertedData/physics/2023/geofile_sndlhc_TI18_V3_2023.root
[0%] 	 0/250,000 	 00:00:05
[1%] 	 2,500/250,000 	 00:21:43
[2%] 	 5,000/250,000 	 00:45:40
Match: Event 157505125, Lines 4, DAngle 0.0162
[3%] 	 7,500/250,000 	 01:05:07
[4%] 	 10,000/250,000 	 01:28:14
[5%] 	 12,500/250,000 	 01:49:58
[6%] 	 15,000/250,000 	 02:08:39
[7%] 	 17,500/250,000 	 02:30:38
[8%] 	 20,000/250,000 	 03:02:29
[9%] 	 22,500/250,000 	 03:21:48
[10%] 	 25,000/250,000 	 03:41:03
[11%] 	 27,500/250,000 	 04:00:26
Match: Event 157528951, Lines 3, DAngle 0.0076
[12%] 	 30,000/250,000 	 04:26:10
Match: Event 157531399, Lines 3, DAngle 0.0466
[13%] 	 32,500/250,000 	 04:52:21
[14%] 	 35,000/250,000 	 05:13:11
[15%] 	 37,500/250,000 	 05:38:52
Match: Event 157537655, Lines 3, DAngle 0.0260
[16%] 	 40,000/250,000 	 06:05:39
[17%] 	 42,500/250,000 	 06:32:03
Match: Event 157543317, Lines 4, DAngle 0.0379
[18%] 	 45,000/250,000 	 06:59:43
[19%] 	 47,500/250,000 	 07:25:47
[20%] 	 50,000/250,000 	 07:46:53
[21%] 	 52,500/250,000 	 08:12:22
[22%] 	 55,000/250,000 	 08:35:47
[23%] 	 57,500/250,000 	 08:55:28
Match: Event 157559250, Lines 6, DAngle 0.2218
[24%] 	 60,000/250,000 	 09:30:11
[25%] 	 62,500/250,000 	 09:56:52
Match: Event 157564304, Lines 3, DAngle 0.1093
[26%] 	 65,000/250,000 	 10:23:14
[27%] 	 67,500/250,000 	 10:43:50
[28%] 	 70,000/250,000 	 11:09:27
[29%] 	 72,500/250,000 	 11:32:07
[30%] 	 75,000/250,000 	 12:01:41
[31%] 	 77,500/250,000 	 12:24:21
[32%] 	 80,000/250,000 	 12:40:37
Match: Event 157581384, Lines 9, DAngle 0.2681
[33%] 	 82,500/250,000 	 13:17:31
[34%] 	 85,000/250,000 	 13:38:00
[35%] 	 87,500/250,000 	 13:57:20
[36%] 	 90,000/250,000 	 14:19:13
[37%] 	 92,500/250,000 	 14:48:07
[38%] 	 95,000/250,000 	 15:05:28
Match: Event 157595683, Lines 5, DAngle 0.0974
Match: Event 157597057, Lines 19, DAngle 0.5536
[39%] 	 97,500/250,000 	 16:17:23
[40%] 	 100,000/250,000 	 16:42:42
Match: Event 157601721, Lines 5, DAngle 0.0704
[41%] 	 102,500/250,000 	 17:14:10
[42%] 	 105,000/250,000 	 17:40:25
Match: Event 157606693, Lines 3, DAngle 0.0725
[43%] 	 107,500/250,000 	 18:11:33
[44%] 	 110,000/250,000 	 18:26:54
[45%] 	 112,500/250,000 	 18:41:21
Match: Event 157614748, Lines 3, DAngle 0.0119
[46%] 	 115,000/250,000 	 18:59:07
[47%] 	 117,500/250,000 	 19:14:44
[48%] 	 120,000/250,000 	 19:29:17
[49%] 	 122,500/250,000 	 19:43:23
[50%] 	 125,000/250,000 	 19:55:29
Match: Event 157625426, Lines 3, DAngle 0.0054
[51%] 	 127,500/250,000 	 20:05:38
Match: Event 157629125, Lines 4, DAngle 0.2696
[52%] 	 130,000/250,000 	 20:43:49
[53%] 	 132,500/250,000 	 21:05:23
[54%] 	 135,000/250,000 	 21:31:32
[55%] 	 137,500/250,000 	 21:56:04
[56%] 	 140,000/250,000 	 22:17:26
[57%] 	 142,500/250,000 	 22:44:11
[58%] 	 145,000/250,000 	 23:06:00
[59%] 	 147,500/250,000 	 23:28:18
[60%] 	 150,000/250,000 	 23:44:08
[61%] 	 152,500/250,000 	 24:09:56
[62%] 	 155,000/250,000 	 24:32:02
Match: Event 157655178, Lines 3, DAngle 0.0087
Match: Event 157656177, Lines 3, DAngle 0.1543
[63%] 	 157,500/250,000 	 24:58:08
[64%] 	 160,000/250,000 	 25:19:13
[65%] 	 162,500/250,000 	 25:40:24
Match: Event 157664445, Lines 3, DAngle 0.2376
[66%] 	 165,000/250,000 	 26:01:14
[67%] 	 167,500/250,000 	 26:19:45
[68%] 	 170,000/250,000 	 26:37:29
[69%] 	 172,500/250,000 	 26:51:35
[70%] 	 175,000/250,000 	 27:07:24
[71%] 	 177,500/250,000 	 27:32:32
[72%] 	 180,000/250,000 	 27:50:15
Match: Event 157680048, Lines 3, DAngle 0.0927
[73%] 	 182,500/250,000 	 28:13:52
[74%] 	 185,000/250,000 	 28:37:07
[75%] 	 187,500/250,000 	 28:51:58
[76%] 	 190,000/250,000 	 29:12:35
Match: Event 157691781, Lines 3, DAngle 0.0379
[77%] 	 192,500/250,000 	 29:36:46
[78%] 	 195,000/250,000 	 29:57:34
Match: Event 157695742, Lines 10, DAngle 0.1845
Match: Event 157696803, Lines 3, DAngle 0.0584
Match: Event 157696861, Lines 3, DAngle 0.0585
[79%] 	 197,500/250,000 	 30:43:36
[80%] 	 200,000/250,000 	 31:12:01
Match: Event 157700676, Lines 3, DAngle 0.0249
[81%] 	 202,500/250,000 	 31:32:54
[82%] 	 205,000/250,000 	 31:55:32
Match: Event 157705468, Lines 3, DAngle 0.0928
[83%] 	 207,500/250,000 	 32:25:55
[84%] 	 210,000/250,000 	 32:48:40
Match: Event 157710863, Lines 4, DAngle 0.0801
[85%] 	 212,500/250,000 	 33:15:46
Match: Event 157713629, Lines 3, DAngle 0.0855
[86%] 	 215,000/250,000 	 33:45:37
[87%] 	 217,500/250,000 	 34:10:02
[88%] 	 220,000/250,000 	 34:29:33
[89%] 	 222,500/250,000 	 34:50:02
[90%] 	 225,000/250,000 	 35:12:54
[91%] 	 227,500/250,000 	 35:29:24
[92%] 	 230,000/250,000 	 35:47:10
[93%] 	 232,500/250,000 	 36:12:15
[94%] 	 235,000/250,000 	 36:32:54
Match: Event 157735305, Lines 3, DAngle 0.0141
[95%] 	 237,500/250,000 	 36:50:12
[96%] 	 240,000/250,000 	 37:09:33
[97%] 	 242,500/250,000 	 37:26:05
Match: Event 157742877, Lines 20, DAngle 0.6959
Match: Event 157744850, Lines 4, DAngle 0.0617
[98%] 	 245,000/250,000 	 38:24:05
Match: Event 157745460, Lines 3, DAngle 0.0574
Match: Event 157746641, Lines 3, DAngle 0.0173
[99%] 	 247,500/250,000 	 38:48:16
Finished in 141111.59s.
 ~ 5) DONE !
