000 (7102754.833.000) 03/25 09:21:10 Job submitted from host: <188.185.125.71:9618?addrs=188.185.125.71-9618+[2001-1458-d00-4a--100-15e]-9618&alias=bigbird28.cern.ch&noUDP&sock=schedd_2603_051c>
...
040 (7102754.833.000) 03/25 10:03:29 Started transferring input files
	Transferring to host: <128.142.51.201:9618?addrs=128.142.51.201-9618+[2001-1458-301-3--100-6]-9618&alias=b9g02p2419.cern.ch&noUDP&sock=slot1_23_4139890_c454_187977>
...
040 (7102754.833.000) 03/25 10:03:29 Finished transferring input files
...
001 (7102754.833.000) 03/25 10:03:30 Job executing on host: <128.142.51.201:9618?addrs=128.142.51.201-9618+[2001-1458-301-3--100-6]-9618&alias=b9g02p2419.cern.ch&noUDP&sock=startd_7059_7720>
	SlotName: slot1_23@b9g02p2419.cern.ch
	CondorScratchDir = "/pool/condor/dir_2295893"
	Cpus = 1
	Disk = 3802
	GPUs = 0
	Memory = 3000
...
006 (7102754.833.000) 03/25 10:03:44 Image size of job updated: 880
	1  -  MemoryUsage of job (MB)
	880  -  ResidentSetSize of job (KB)
...
006 (7102754.833.000) 03/25 10:04:39 Image size of job updated: 326576
	1  -  MemoryUsage of job (MB)
	880  -  ResidentSetSize of job (KB)
...
040 (7102754.833.000) 03/25 10:04:39 Started transferring output files
...
040 (7102754.833.000) 03/25 10:04:39 Finished transferring output files
...
005 (7102754.833.000) 03/25 10:04:39 Job terminated.
	(1) Normal termination (return value 0)
		Usr 0 00:00:12, Sys 0 00:00:02  -  Run Remote Usage
		Usr 0 00:00:00, Sys 0 00:00:00  -  Run Local Usage
		Usr 0 00:00:12, Sys 0 00:00:02  -  Total Remote Usage
		Usr 0 00:00:00, Sys 0 00:00:00  -  Total Local Usage
	10249  -  Run Bytes Sent By Job
	1378  -  Run Bytes Received By Job
	10249  -  Total Bytes Sent By Job
	1378  -  Total Bytes Received By Job
	Partitionable Resources :    Usage  Request Allocated 
	   Cpus                 :        0        1         1 
	   Disk (KB)            :       35        2      3802 
	   GPUs                 :                           0 
	   Memory (MB)          :        1     3000      3000 
	   TimeExecute (s)      :       69                    
	   TimeSlotBusy (s)     :       70                    

	Job terminated of its own accord at 2026-03-25T09:04:39Z with exit-code 0.
...
