000 (7102754.1366.000) 03/25 09:21:11 Job submitted from host: <188.185.125.71:9618?addrs=188.185.125.71-9618+[2001-1458-d00-4a--100-15e]-9618&alias=bigbird28.cern.ch&noUDP&sock=schedd_2603_051c>
...
040 (7102754.1366.000) 03/25 10:27:08 Started transferring input files
	Transferring to host: <188.185.214.37:9618?addrs=188.185.214.37-9618+[2001-1458-303-1c--100-21]-9618&alias=b9p29p6666.cern.ch&noUDP&sock=slot1_11_4261_0286_241419>
...
040 (7102754.1366.000) 03/25 10:27:08 Finished transferring input files
...
001 (7102754.1366.000) 03/25 10:27:09 Job executing on host: <188.185.214.37:9618?addrs=188.185.214.37-9618+[2001-1458-303-1c--100-21]-9618&alias=b9p29p6666.cern.ch&noUDP&sock=startd_3600_e108>
	SlotName: slot1_11@b9p29p6666.cern.ch
	CondorScratchDir = "/pool/condor/dir_614220"
	Cpus = 1
	Disk = 3794
	GPUs = 0
	Memory = 3000
...
006 (7102754.1366.000) 03/25 10:27:23 Image size of job updated: 880
	1  -  MemoryUsage of job (MB)
	880  -  ResidentSetSize of job (KB)
...
006 (7102754.1366.000) 03/25 10:27:40 Image size of job updated: 355748
	1  -  MemoryUsage of job (MB)
	880  -  ResidentSetSize of job (KB)
...
040 (7102754.1366.000) 03/25 10:27:40 Started transferring output files
...
040 (7102754.1366.000) 03/25 10:27:40 Finished transferring output files
...
005 (7102754.1366.000) 03/25 10:27:40 Job terminated.
	(1) Normal termination (return value 0)
		Usr 0 00:00:07, Sys 0 00:00:02  -  Run Remote Usage
		Usr 0 00:00:00, Sys 0 00:00:00  -  Run Local Usage
		Usr 0 00:00:07, Sys 0 00:00:02  -  Total Remote Usage
		Usr 0 00:00:00, Sys 0 00:00:00  -  Total Local Usage
	9953  -  Run Bytes Sent By Job
	1378  -  Run Bytes Received By Job
	9953  -  Total Bytes Sent By Job
	1378  -  Total Bytes Received By Job
	Partitionable Resources :    Usage  Request Allocated 
	   Cpus                 :        0        1         1 
	   Disk (KB)            :       35        2      3794 
	   GPUs                 :                           0 
	   Memory (MB)          :        1     3000      3000 
	   TimeExecute (s)      :       31                    
	   TimeSlotBusy (s)     :       32                    

	Job terminated of its own accord at 2026-03-25T09:27:40Z with exit-code 0.
...
