000 (7102754.1440.000) 03/25 09:21:11 Job submitted from host: <188.185.125.71:9618?addrs=188.185.125.71-9618+[2001-1458-d00-4a--100-15e]-9618&alias=bigbird28.cern.ch&noUDP&sock=schedd_2603_051c>
...
040 (7102754.1440.000) 03/25 10:28:31 Started transferring input files
	Transferring to host: <188.185.195.69:9618?addrs=188.185.195.69-9618+[2001-1458-303-22--100-41]-9618&alias=b9p17p6659.cern.ch&noUDP&sock=slot1_15_2661368_43b9_187804>
...
040 (7102754.1440.000) 03/25 10:28:31 Finished transferring input files
...
001 (7102754.1440.000) 03/25 10:28:32 Job executing on host: <188.185.195.69:9618?addrs=188.185.195.69-9618+[2001-1458-303-22--100-41]-9618&alias=b9p17p6659.cern.ch&noUDP&sock=startd_4009_6b45>
	SlotName: slot1_15@b9p17p6659.cern.ch
	CondorScratchDir = "/pool/condor/dir_2720507"
	Cpus = 1
	Disk = 3813
	GPUs = 0
	Memory = 3000
...
006 (7102754.1440.000) 03/25 10:28:46 Image size of job updated: 888
	1  -  MemoryUsage of job (MB)
	888  -  ResidentSetSize of job (KB)
...
006 (7102754.1440.000) 03/25 10:29:59 Image size of job updated: 343128
	1  -  MemoryUsage of job (MB)
	888  -  ResidentSetSize of job (KB)
...
040 (7102754.1440.000) 03/25 10:29:59 Started transferring output files
...
040 (7102754.1440.000) 03/25 10:29:59 Finished transferring output files
...
005 (7102754.1440.000) 03/25 10:29:59 Job terminated.
	(1) Normal termination (return value 0)
		Usr 0 00:00:13, Sys 0 00:00:03  -  Run Remote Usage
		Usr 0 00:00:00, Sys 0 00:00:00  -  Run Local Usage
		Usr 0 00:00:13, Sys 0 00:00:03  -  Total Remote Usage
		Usr 0 00:00:00, Sys 0 00:00:00  -  Total Local Usage
	9953  -  Run Bytes Sent By Job
	1378  -  Run Bytes Received By Job
	9953  -  Total Bytes Sent By Job
	1378  -  Total Bytes Received By Job
	Partitionable Resources :    Usage  Request Allocated 
	   Cpus                 :        0        1         1 
	   Disk (KB)            :       34        2      3813 
	   GPUs                 :                           0 
	   Memory (MB)          :        1     3000      3000 
	   TimeExecute (s)      :       87                    
	   TimeSlotBusy (s)     :       89                    

	Job terminated of its own accord at 2026-03-25T09:29:59Z with exit-code 0.
...
