000 (7102754.1014.000) 03/25 09:21:10 Job submitted from host: <188.185.125.71:9618?addrs=188.185.125.71-9618+[2001-1458-d00-4a--100-15e]-9618&alias=bigbird28.cern.ch&noUDP&sock=schedd_2603_051c>
...
040 (7102754.1014.000) 03/25 10:07:56 Started transferring input files
	Transferring to host: <188.185.194.133:9618?addrs=188.185.194.133-9618+[2001-1458-303-21--100-81]-9618&alias=b9p20p2266.cern.ch&noUDP&sock=slot1_27_7855_4ed8_184054>
...
040 (7102754.1014.000) 03/25 10:07:56 Finished transferring input files
...
001 (7102754.1014.000) 03/25 10:07:57 Job executing on host: <188.185.194.133:9618?addrs=188.185.194.133-9618+[2001-1458-303-21--100-81]-9618&alias=b9p20p2266.cern.ch&noUDP&sock=startd_6901_1729>
	SlotName: slot1_27@b9p20p2266.cern.ch
	CondorScratchDir = "/pool/condor/dir_561647"
	Cpus = 1
	Disk = 3842
	GPUs = 0
	Memory = 3000
...
006 (7102754.1014.000) 03/25 10:08:11 Image size of job updated: 1516
	2  -  MemoryUsage of job (MB)
	1516  -  ResidentSetSize of job (KB)
...
006 (7102754.1014.000) 03/25 10:08:43 Image size of job updated: 477168
	2  -  MemoryUsage of job (MB)
	1516  -  ResidentSetSize of job (KB)
...
040 (7102754.1014.000) 03/25 10:08:43 Started transferring output files
...
040 (7102754.1014.000) 03/25 10:08:43 Finished transferring output files
...
005 (7102754.1014.000) 03/25 10:08:43 Job terminated.
	(1) Normal termination (return value 0)
		Usr 0 00:00:29, Sys 0 00:00:02  -  Run Remote Usage
		Usr 0 00:00:00, Sys 0 00:00:00  -  Run Local Usage
		Usr 0 00:00:29, Sys 0 00:00:02  -  Total Remote Usage
		Usr 0 00:00:00, Sys 0 00:00:00  -  Total Local Usage
	10024  -  Run Bytes Sent By Job
	1378  -  Run Bytes Received By Job
	10024  -  Total Bytes Sent By Job
	1378  -  Total Bytes Received By Job
	Partitionable Resources :    Usage  Request Allocated 
	   Cpus                 :                 1         1 
	   Disk (KB)            :       27        2      3842 
	   GPUs                 :                           0 
	   Memory (MB)          :        2     3000      3000 
	   TimeExecute (s)      :       46                    
	   TimeSlotBusy (s)     :       47                    

	Job terminated of its own accord at 2026-03-25T09:08:43Z with exit-code 0.
...
