000 (7102754.1220.000) 03/25 09:21:10 Job submitted from host: <188.185.125.71:9618?addrs=188.185.125.71-9618+[2001-1458-d00-4a--100-15e]-9618&alias=bigbird28.cern.ch&noUDP&sock=schedd_2603_051c>
...
040 (7102754.1220.000) 03/25 10:13:07 Started transferring input files
	Transferring to host: <188.185.195.17:9618?addrs=188.185.195.17-9618+[2001-1458-303-22--100-d]-9618&alias=b9p17p0260.cern.ch&noUDP&sock=slot1_49_7621_6f0f_180670>
...
040 (7102754.1220.000) 03/25 10:13:07 Finished transferring input files
...
001 (7102754.1220.000) 03/25 10:13:08 Job executing on host: <188.185.195.17:9618?addrs=188.185.195.17-9618+[2001-1458-303-22--100-d]-9618&alias=b9p17p0260.cern.ch&noUDP&sock=startd_6433_14d6>
	SlotName: slot1_49@b9p17p0260.cern.ch
	CondorScratchDir = "/pool/condor/dir_3215522"
	Cpus = 1
	Disk = 3838
	GPUs = 0
	Memory = 3000
...
006 (7102754.1220.000) 03/25 10:13:21 Image size of job updated: 880
	1  -  MemoryUsage of job (MB)
	880  -  ResidentSetSize of job (KB)
...
006 (7102754.1220.000) 03/25 10:14:24 Image size of job updated: 486232
	1  -  MemoryUsage of job (MB)
	880  -  ResidentSetSize of job (KB)
...
040 (7102754.1220.000) 03/25 10:14:24 Started transferring output files
...
040 (7102754.1220.000) 03/25 10:14:24 Finished transferring output files
...
005 (7102754.1220.000) 03/25 10:14:24 Job terminated.
	(1) Normal termination (return value 0)
		Usr 0 00:00:33, Sys 0 00:00:02  -  Run Remote Usage
		Usr 0 00:00:00, Sys 0 00:00:00  -  Run Local Usage
		Usr 0 00:00:33, Sys 0 00:00:02  -  Total Remote Usage
		Usr 0 00:00:00, Sys 0 00:00:00  -  Total Local Usage
	10024  -  Run Bytes Sent By Job
	1378  -  Run Bytes Received By Job
	10024  -  Total Bytes Sent By Job
	1378  -  Total Bytes Received By Job
	Partitionable Resources :    Usage  Request Allocated 
	   Cpus                 :                 1         1 
	   Disk (KB)            :       26        2      3838 
	   GPUs                 :                           0 
	   Memory (MB)          :        1     3000      3000 
	   TimeExecute (s)      :       76                    
	   TimeSlotBusy (s)     :       77                    

	Job terminated of its own accord at 2026-03-25T09:14:24Z with exit-code 0.
...
