000 (7102754.821.000) 03/25 09:21:10 Job submitted from host: <188.185.125.71:9618?addrs=188.185.125.71-9618+[2001-1458-d00-4a--100-15e]-9618&alias=bigbird28.cern.ch&noUDP&sock=schedd_2603_051c>
...
040 (7102754.821.000) 03/25 10:02:41 Started transferring input files
	Transferring to host: <188.185.192.74:9618?addrs=188.185.192.74-9618+[2001-1458-303-1f--100-46]-9618&alias=b9p13p7172.cern.ch&noUDP&sock=slot1_47_756442_91e2_110401>
...
040 (7102754.821.000) 03/25 10:02:41 Finished transferring input files
...
001 (7102754.821.000) 03/25 10:02:42 Job executing on host: <188.185.192.74:9618?addrs=188.185.192.74-9618+[2001-1458-303-1f--100-46]-9618&alias=b9p13p7172.cern.ch&noUDP&sock=startd_755974_dcfe>
	SlotName: slot1_47@b9p13p7172.cern.ch
	CondorScratchDir = "/pool/condor/dir_195056"
	Cpus = 1
	Disk = 3865
	GPUs = 0
	Memory = 3000
...
006 (7102754.821.000) 03/25 10:02:55 Image size of job updated: 892
	1  -  MemoryUsage of job (MB)
	892  -  ResidentSetSize of job (KB)
...
006 (7102754.821.000) 03/25 10:03:51 Image size of job updated: 439368
	1  -  MemoryUsage of job (MB)
	892  -  ResidentSetSize of job (KB)
...
040 (7102754.821.000) 03/25 10:03:51 Started transferring output files
...
040 (7102754.821.000) 03/25 10:03:51 Finished transferring output files
...
005 (7102754.821.000) 03/25 10:03:51 Job terminated.
	(1) Normal termination (return value 0)
		Usr 0 00:00:26, Sys 0 00:00:03  -  Run Remote Usage
		Usr 0 00:00:00, Sys 0 00:00:00  -  Run Local Usage
		Usr 0 00:00:26, Sys 0 00:00:03  -  Total Remote Usage
		Usr 0 00:00:00, Sys 0 00:00:00  -  Total Local Usage
	10025  -  Run Bytes Sent By Job
	1378  -  Run Bytes Received By Job
	10025  -  Total Bytes Sent By Job
	1378  -  Total Bytes Received By Job
	Partitionable Resources :    Usage  Request Allocated 
	   Cpus                 :        0        1         1 
	   Disk (KB)            :       35        2      3865 
	   GPUs                 :                           0 
	   Memory (MB)          :        1     3000      3000 
	   TimeExecute (s)      :       69                    
	   TimeSlotBusy (s)     :       71                    

	Job terminated of its own accord at 2026-03-25T09:03:51Z with exit-code 0.
...
