000 (7102754.729.000) 03/25 09:21:10 Job submitted from host: <188.185.125.71:9618?addrs=188.185.125.71-9618+[2001-1458-d00-4a--100-15e]-9618&alias=bigbird28.cern.ch&noUDP&sock=schedd_2603_051c>
...
040 (7102754.729.000) 03/25 10:00:58 Started transferring input files
	Transferring to host: <188.185.214.102:9618?addrs=188.185.214.102-9618+[2001-1458-303-1c--100-62]-9618&alias=b9p29p3838.cern.ch&noUDP&sock=slot1_11_3093396_12d9_16350>
...
040 (7102754.729.000) 03/25 10:00:58 Finished transferring input files
...
001 (7102754.729.000) 03/25 10:00:59 Job executing on host: <188.185.214.102:9618?addrs=188.185.214.102-9618+[2001-1458-303-1c--100-62]-9618&alias=b9p29p3838.cern.ch&noUDP&sock=startd_3093352_c1a9>
	SlotName: slot1_11@b9p29p3838.cern.ch
	CondorScratchDir = "/pool/condor/dir_638556"
	Cpus = 1
	Disk = 3841
	GPUs = 0
	Memory = 3000
...
006 (7102754.729.000) 03/25 10:01:12 Image size of job updated: 880
	1  -  MemoryUsage of job (MB)
	880  -  ResidentSetSize of job (KB)
...
006 (7102754.729.000) 03/25 10:02:40 Image size of job updated: 372752
	1  -  MemoryUsage of job (MB)
	880  -  ResidentSetSize of job (KB)
...
040 (7102754.729.000) 03/25 10:02:40 Started transferring output files
...
040 (7102754.729.000) 03/25 10:02:40 Finished transferring output files
...
005 (7102754.729.000) 03/25 10:02:40 Job terminated.
	(1) Normal termination (return value 0)
		Usr 0 00:00:08, Sys 0 00:00:02  -  Run Remote Usage
		Usr 0 00:00:00, Sys 0 00:00:00  -  Run Local Usage
		Usr 0 00:00:08, Sys 0 00:00:02  -  Total Remote Usage
		Usr 0 00:00:00, Sys 0 00:00:00  -  Total Local Usage
	9953  -  Run Bytes Sent By Job
	1378  -  Run Bytes Received By Job
	9953  -  Total Bytes Sent By Job
	1378  -  Total Bytes Received By Job
	Partitionable Resources :    Usage  Request Allocated 
	   Cpus                 :        0        1         1 
	   Disk (KB)            :       34        2      3841 
	   GPUs                 :                           0 
	   Memory (MB)          :        1     3000      3000 
	   TimeExecute (s)      :      101                    
	   TimeSlotBusy (s)     :      102                    

	Job terminated of its own accord at 2026-03-25T09:02:40Z with exit-code 0.
...
