000 (7102754.127.000) 03/25 09:21:09 Job submitted from host: <188.185.125.71:9618?addrs=188.185.125.71-9618+[2001-1458-d00-4a--100-15e]-9618&alias=bigbird28.cern.ch&noUDP&sock=schedd_2603_051c>
...
040 (7102754.127.000) 03/25 09:28:02 Started transferring input files
	Transferring to host: <128.142.161.113:9618?addrs=128.142.161.113-9618+[2001-1458-301-b8--100-2f]-9618&alias=b9g03p5497.cern.ch&noUDP&sock=slot1_41_3391985_0927_35778>
...
040 (7102754.127.000) 03/25 09:28:02 Finished transferring input files
...
001 (7102754.127.000) 03/25 09:28:03 Job executing on host: <128.142.161.113:9618?addrs=128.142.161.113-9618+[2001-1458-301-b8--100-2f]-9618&alias=b9g03p5497.cern.ch&noUDP&sock=startd_5925_a2ba>
	SlotName: slot1_41@b9g03p5497.cern.ch
	CondorScratchDir = "/pool/condor/dir_2886145"
	Cpus = 1
	Disk = 4073
	GPUs = 0
	Memory = 3000
...
006 (7102754.127.000) 03/25 09:28:17 Image size of job updated: 872
	1  -  MemoryUsage of job (MB)
	872  -  ResidentSetSize of job (KB)
...
006 (7102754.127.000) 03/25 09:28:58 Image size of job updated: 285548
	1  -  MemoryUsage of job (MB)
	872  -  ResidentSetSize of job (KB)
...
040 (7102754.127.000) 03/25 09:28:58 Started transferring output files
...
040 (7102754.127.000) 03/25 09:28:58 Finished transferring output files
...
005 (7102754.127.000) 03/25 09:28:58 Job terminated.
	(1) Normal termination (return value 0)
		Usr 0 00:00:11, Sys 0 00:00:02  -  Run Remote Usage
		Usr 0 00:00:00, Sys 0 00:00:00  -  Run Local Usage
		Usr 0 00:00:11, Sys 0 00:00:02  -  Total Remote Usage
		Usr 0 00:00:00, Sys 0 00:00:00  -  Total Local Usage
	9953  -  Run Bytes Sent By Job
	1378  -  Run Bytes Received By Job
	9953  -  Total Bytes Sent By Job
	1378  -  Total Bytes Received By Job
	Partitionable Resources :    Usage  Request Allocated 
	   Cpus                 :        0        1         1 
	   Disk (KB)            :       34        2      4073 
	   GPUs                 :                           0 
	   Memory (MB)          :        1     3000      3000 
	   TimeExecute (s)      :       55                    
	   TimeSlotBusy (s)     :       56                    

	Job terminated of its own accord at 2026-03-25T08:28:58Z with exit-code 0.
...
