000 (7102754.196.000) 03/25 09:21:09 Job submitted from host: <188.185.125.71:9618?addrs=188.185.125.71-9618+[2001-1458-d00-4a--100-15e]-9618&alias=bigbird28.cern.ch&noUDP&sock=schedd_2603_051c>
...
040 (7102754.196.000) 03/25 09:33:03 Started transferring input files
	Transferring to host: <188.185.194.124:9618?addrs=188.185.194.124-9618+[2001-1458-303-21--100-78]-9618&alias=b9p20p6079.cern.ch&noUDP&sock=slot1_41_7132_e39b_183056>
...
040 (7102754.196.000) 03/25 09:33:03 Finished transferring input files
...
001 (7102754.196.000) 03/25 09:33:04 Job executing on host: <188.185.194.124:9618?addrs=188.185.194.124-9618+[2001-1458-303-21--100-78]-9618&alias=b9p20p6079.cern.ch&noUDP&sock=startd_5990_3862>
	SlotName: slot1_41@b9p20p6079.cern.ch
	CondorScratchDir = "/pool/condor/dir_3627780"
	Cpus = 1
	Disk = 3941
	GPUs = 0
	Memory = 3000
...
006 (7102754.196.000) 03/25 09:33:17 Image size of job updated: 884
	1  -  MemoryUsage of job (MB)
	884  -  ResidentSetSize of job (KB)
...
006 (7102754.196.000) 03/25 09:34:14 Image size of job updated: 323288
	1  -  MemoryUsage of job (MB)
	884  -  ResidentSetSize of job (KB)
...
040 (7102754.196.000) 03/25 09:34:14 Started transferring output files
...
040 (7102754.196.000) 03/25 09:34:14 Finished transferring output files
...
005 (7102754.196.000) 03/25 09:34:14 Job terminated.
	(1) Normal termination (return value 0)
		Usr 0 00:00:12, Sys 0 00:00:03  -  Run Remote Usage
		Usr 0 00:00:00, Sys 0 00:00:00  -  Run Local Usage
		Usr 0 00:00:12, Sys 0 00:00:03  -  Total Remote Usage
		Usr 0 00:00:00, Sys 0 00:00:00  -  Total Local Usage
	9952  -  Run Bytes Sent By Job
	1378  -  Run Bytes Received By Job
	9952  -  Total Bytes Sent By Job
	1378  -  Total Bytes Received By Job
	Partitionable Resources :    Usage  Request Allocated 
	   Cpus                 :        0        1         1 
	   Disk (KB)            :       34        2      3941 
	   GPUs                 :                           0 
	   Memory (MB)          :        1     3000      3000 
	   TimeExecute (s)      :       70                    
	   TimeSlotBusy (s)     :       72                    

	Job terminated of its own accord at 2026-03-25T08:34:14Z with exit-code 0.
...
