000 (7102754.1284.000) 03/25 09:21:10 Job submitted from host: <188.185.125.71:9618?addrs=188.185.125.71-9618+[2001-1458-d00-4a--100-15e]-9618&alias=bigbird28.cern.ch&noUDP&sock=schedd_2603_051c>
...
040 (7102754.1284.000) 03/25 10:25:14 Started transferring input files
	Transferring to host: <188.185.210.62:9618?addrs=188.185.210.62-9618+[2001-1458-303-1--100-3a]-9618&alias=b9p21p9921.cern.ch&noUDP&sock=slot1_7_5345_c932_119990>
...
040 (7102754.1284.000) 03/25 10:25:14 Finished transferring input files
...
001 (7102754.1284.000) 03/25 10:25:15 Job executing on host: <188.185.210.62:9618?addrs=188.185.210.62-9618+[2001-1458-303-1--100-3a]-9618&alias=b9p21p9921.cern.ch&noUDP&sock=startd_4311_90de>
	SlotName: slot1_7@b9p21p9921.cern.ch
	CondorScratchDir = "/pool/condor/dir_819639"
	Cpus = 1
	Disk = 3872
	GPUs = 0
	Memory = 3000
...
006 (7102754.1284.000) 03/25 10:25:28 Image size of job updated: 140120
	137  -  MemoryUsage of job (MB)
	140120  -  ResidentSetSize of job (KB)
...
006 (7102754.1284.000) 03/25 10:25:43 Image size of job updated: 320468
	137  -  MemoryUsage of job (MB)
	140120  -  ResidentSetSize of job (KB)
...
040 (7102754.1284.000) 03/25 10:25:43 Started transferring output files
...
040 (7102754.1284.000) 03/25 10:25:43 Finished transferring output files
...
005 (7102754.1284.000) 03/25 10:25:43 Job terminated.
	(1) Normal termination (return value 0)
		Usr 0 00:00:06, Sys 0 00:00:02  -  Run Remote Usage
		Usr 0 00:00:00, Sys 0 00:00:00  -  Run Local Usage
		Usr 0 00:00:06, Sys 0 00:00:02  -  Total Remote Usage
		Usr 0 00:00:00, Sys 0 00:00:00  -  Total Local Usage
	9952  -  Run Bytes Sent By Job
	1378  -  Run Bytes Received By Job
	9952  -  Total Bytes Sent By Job
	1378  -  Total Bytes Received By Job
	Partitionable Resources :    Usage  Request Allocated 
	   Cpus                 :     0.29        1         1 
	   Disk (KB)            :    34           2      3872 
	   GPUs                 :                           0 
	   Memory (MB)          :   137        3000      3000 
	   TimeExecute (s)      :    28                       
	   TimeSlotBusy (s)     :    30                       

	Job terminated of its own accord at 2026-03-25T09:25:43Z with exit-code 0.
...
