000 (7102754.1031.000) 03/25 09:21:10 Job submitted from host: <188.185.125.71:9618?addrs=188.185.125.71-9618+[2001-1458-d00-4a--100-15e]-9618&alias=bigbird28.cern.ch&noUDP&sock=schedd_2603_051c>
...
040 (7102754.1031.000) 03/25 10:08:08 Started transferring input files
	Transferring to host: <188.185.195.60:9618?addrs=188.185.195.60-9618+[2001-1458-303-22--100-38]-9618&alias=b9p17p5404.cern.ch&noUDP&sock=slot1_44_3241_53dd_49884>
...
040 (7102754.1031.000) 03/25 10:08:08 Finished transferring input files
...
001 (7102754.1031.000) 03/25 10:08:09 Job executing on host: <188.185.195.60:9618?addrs=188.185.195.60-9618+[2001-1458-303-22--100-38]-9618&alias=b9p17p5404.cern.ch&noUDP&sock=startd_2868_c9b5>
	SlotName: slot1_44@b9p17p5404.cern.ch
	CondorScratchDir = "/pool/condor/dir_4119824"
	Cpus = 1
	Disk = 3875
	GPUs = 0
	Memory = 3000
...
006 (7102754.1031.000) 03/25 10:08:22 Image size of job updated: 880
	1  -  MemoryUsage of job (MB)
	880  -  ResidentSetSize of job (KB)
...
006 (7102754.1031.000) 03/25 10:09:19 Image size of job updated: 364548
	1  -  MemoryUsage of job (MB)
	880  -  ResidentSetSize of job (KB)
...
040 (7102754.1031.000) 03/25 10:09:19 Started transferring output files
...
040 (7102754.1031.000) 03/25 10:09:19 Finished transferring output files
...
005 (7102754.1031.000) 03/25 10:09:19 Job terminated.
	(1) Normal termination (return value 0)
		Usr 0 00:00:11, Sys 0 00:00:02  -  Run Remote Usage
		Usr 0 00:00:00, Sys 0 00:00:00  -  Run Local Usage
		Usr 0 00:00:11, Sys 0 00:00:02  -  Total Remote Usage
		Usr 0 00:00:00, Sys 0 00:00:00  -  Total Local Usage
	9953  -  Run Bytes Sent By Job
	1378  -  Run Bytes Received By Job
	9953  -  Total Bytes Sent By Job
	1378  -  Total Bytes Received By Job
	Partitionable Resources :    Usage  Request Allocated 
	   Cpus                 :                 1         1 
	   Disk (KB)            :       27        2      3875 
	   GPUs                 :                           0 
	   Memory (MB)          :        1     3000      3000 
	   TimeExecute (s)      :       70                    
	   TimeSlotBusy (s)     :       71                    

	Job terminated of its own accord at 2026-03-25T09:09:19Z with exit-code 0.
...
