000 (7102754.447.000) 03/25 09:21:09 Job submitted from host: <188.185.125.71:9618?addrs=188.185.125.71-9618+[2001-1458-d00-4a--100-15e]-9618&alias=bigbird28.cern.ch&noUDP&sock=schedd_2603_051c>
...
040 (7102754.447.000) 03/25 09:44:20 Started transferring input files
	Transferring to host: <188.185.213.48:9618?addrs=188.185.213.48-9618+[2001-1458-303-1a--100-2c]-9618&alias=b9p27p4287.cern.ch&noUDP&sock=slot1_42_5301_c8b1_201319>
...
040 (7102754.447.000) 03/25 09:44:20 Finished transferring input files
...
001 (7102754.447.000) 03/25 09:44:22 Job executing on host: <188.185.213.48:9618?addrs=188.185.213.48-9618+[2001-1458-303-1a--100-2c]-9618&alias=b9p27p4287.cern.ch&noUDP&sock=startd_4346_92af>
	SlotName: slot1_42@b9p27p4287.cern.ch
	CondorScratchDir = "/pool/condor/dir_710583"
	Cpus = 1
	Disk = 3896
	GPUs = 0
	Memory = 3000
...
006 (7102754.447.000) 03/25 09:44:35 Image size of job updated: 884
	1  -  MemoryUsage of job (MB)
	884  -  ResidentSetSize of job (KB)
...
006 (7102754.447.000) 03/25 09:45:15 Image size of job updated: 291620
	1  -  MemoryUsage of job (MB)
	884  -  ResidentSetSize of job (KB)
...
040 (7102754.447.000) 03/25 09:45:15 Started transferring output files
...
040 (7102754.447.000) 03/25 09:45:15 Finished transferring output files
...
005 (7102754.447.000) 03/25 09:45:16 Job terminated.
	(1) Normal termination (return value 0)
		Usr 0 00:00:08, Sys 0 00:00:02  -  Run Remote Usage
		Usr 0 00:00:00, Sys 0 00:00:00  -  Run Local Usage
		Usr 0 00:00:08, Sys 0 00:00:02  -  Total Remote Usage
		Usr 0 00:00:00, Sys 0 00:00:00  -  Total Local Usage
	9953  -  Run Bytes Sent By Job
	1378  -  Run Bytes Received By Job
	9953  -  Total Bytes Sent By Job
	1378  -  Total Bytes Received By Job
	Partitionable Resources :    Usage  Request Allocated 
	   Cpus                 :        0        1         1 
	   Disk (KB)            :       35        2      3896 
	   GPUs                 :                           0 
	   Memory (MB)          :        1     3000      3000 
	   TimeExecute (s)      :       54                    
	   TimeSlotBusy (s)     :       55                    

	Job terminated of its own accord at 2026-03-25T08:45:15Z with exit-code 0.
...
