000 (7102754.1136.000) 03/25 09:21:10 Job submitted from host: <188.185.125.71:9618?addrs=188.185.125.71-9618+[2001-1458-d00-4a--100-15e]-9618&alias=bigbird28.cern.ch&noUDP&sock=schedd_2603_051c>
...
040 (7102754.1136.000) 03/25 10:11:50 Started transferring input files
	Transferring to host: <188.185.212.38:9618?addrs=188.185.212.38-9618+[2001-1458-303-18--100-22]-9618&alias=b9p25p7899.cern.ch&noUDP&sock=slot1_24_4357_a68a_200426>
...
040 (7102754.1136.000) 03/25 10:11:50 Finished transferring input files
...
001 (7102754.1136.000) 03/25 10:11:51 Job executing on host: <188.185.212.38:9618?addrs=188.185.212.38-9618+[2001-1458-303-18--100-22]-9618&alias=b9p25p7899.cern.ch&noUDP&sock=startd_3675_52a3>
	SlotName: slot1_24@b9p25p7899.cern.ch
	CondorScratchDir = "/pool/condor/dir_2717352"
	Cpus = 1
	Disk = 3810
	GPUs = 0
	Memory = 3000
...
006 (7102754.1136.000) 03/25 10:12:05 Image size of job updated: 41080
	41  -  MemoryUsage of job (MB)
	41080  -  ResidentSetSize of job (KB)
...
006 (7102754.1136.000) 03/25 10:12:34 Image size of job updated: 321516
	41  -  MemoryUsage of job (MB)
	41080  -  ResidentSetSize of job (KB)
...
040 (7102754.1136.000) 03/25 10:12:34 Started transferring output files
...
040 (7102754.1136.000) 03/25 10:12:34 Finished transferring output files
...
005 (7102754.1136.000) 03/25 10:12:34 Job terminated.
	(1) Normal termination (return value 0)
		Usr 0 00:00:08, Sys 0 00:00:03  -  Run Remote Usage
		Usr 0 00:00:00, Sys 0 00:00:00  -  Run Local Usage
		Usr 0 00:00:08, Sys 0 00:00:03  -  Total Remote Usage
		Usr 0 00:00:00, Sys 0 00:00:00  -  Total Local Usage
	9954  -  Run Bytes Sent By Job
	1378  -  Run Bytes Received By Job
	9954  -  Total Bytes Sent By Job
	1378  -  Total Bytes Received By Job
	Partitionable Resources :    Usage  Request Allocated 
	   Cpus                 :        0        1         1 
	   Disk (KB)            :       34        2      3810 
	   GPUs                 :                           0 
	   Memory (MB)          :       41     3000      3000 
	   TimeExecute (s)      :       43                    
	   TimeSlotBusy (s)     :       44                    

	Job terminated of its own accord at 2026-03-25T09:12:34Z with exit-code 0.
...
