000 (7102754.381.000) 03/25 09:21:09 Job submitted from host: <188.185.125.71:9618?addrs=188.185.125.71-9618+[2001-1458-d00-4a--100-15e]-9618&alias=bigbird28.cern.ch&noUDP&sock=schedd_2603_051c>
...
040 (7102754.381.000) 03/25 09:42:47 Started transferring input files
	Transferring to host: <188.185.213.52:9618?addrs=188.185.213.52-9618+[2001-1458-303-1a--100-30]-9618&alias=b9p27p1697.cern.ch&noUDP&sock=slot1_26_8322_5a0b_202882>
...
040 (7102754.381.000) 03/25 09:42:47 Finished transferring input files
...
001 (7102754.381.000) 03/25 09:42:48 Job executing on host: <188.185.213.52:9618?addrs=188.185.213.52-9618+[2001-1458-303-1a--100-30]-9618&alias=b9p27p1697.cern.ch&noUDP&sock=startd_7231_716a>
	SlotName: slot1_26@b9p27p1697.cern.ch
	CondorScratchDir = "/pool/condor/dir_4139459"
	Cpus = 1
	Disk = 3767
	GPUs = 0
	Memory = 3000
...
006 (7102754.381.000) 03/25 09:43:01 Image size of job updated: 888
	1  -  MemoryUsage of job (MB)
	888  -  ResidentSetSize of job (KB)
...
006 (7102754.381.000) 03/25 09:44:33 Image size of job updated: 280912
	1  -  MemoryUsage of job (MB)
	888  -  ResidentSetSize of job (KB)
...
040 (7102754.381.000) 03/25 09:44:33 Started transferring output files
...
040 (7102754.381.000) 03/25 09:44:33 Finished transferring output files
...
005 (7102754.381.000) 03/25 09:44:33 Job terminated.
	(1) Normal termination (return value 0)
		Usr 0 00:00:08, Sys 0 00:00:03  -  Run Remote Usage
		Usr 0 00:00:00, Sys 0 00:00:00  -  Run Local Usage
		Usr 0 00:00:08, Sys 0 00:00:03  -  Total Remote Usage
		Usr 0 00:00:00, Sys 0 00:00:00  -  Total Local Usage
	9953  -  Run Bytes Sent By Job
	1378  -  Run Bytes Received By Job
	9953  -  Total Bytes Sent By Job
	1378  -  Total Bytes Received By Job
	Partitionable Resources :    Usage  Request Allocated 
	   Cpus                 :        0        1         1 
	   Disk (KB)            :       34        2      3767 
	   GPUs                 :                           0 
	   Memory (MB)          :        1     3000      3000 
	   TimeExecute (s)      :      105                    
	   TimeSlotBusy (s)     :      107                    

	Job terminated of its own accord at 2026-03-25T08:44:33Z with exit-code 0.
...
