000 (7102754.1242.000) 03/25 09:21:10 Job submitted from host: <188.185.125.71:9618?addrs=188.185.125.71-9618+[2001-1458-d00-4a--100-15e]-9618&alias=bigbird28.cern.ch&noUDP&sock=schedd_2603_051c>
...
040 (7102754.1242.000) 03/25 10:13:33 Started transferring input files
	Transferring to host: <188.185.214.86:9618?addrs=188.185.214.86-9618+[2001-1458-303-1c--100-52]-9618&alias=b9p29p2890.cern.ch&noUDP&sock=slot1_30_4378_726b_206601>
...
040 (7102754.1242.000) 03/25 10:13:33 Finished transferring input files
...
001 (7102754.1242.000) 03/25 10:13:34 Job executing on host: <188.185.214.86:9618?addrs=188.185.214.86-9618+[2001-1458-303-1c--100-52]-9618&alias=b9p29p2890.cern.ch&noUDP&sock=startd_3749_14a5>
	SlotName: slot1_30@b9p29p2890.cern.ch
	CondorScratchDir = "/pool/condor/dir_644792"
	Cpus = 1
	Disk = 3769
	GPUs = 0
	Memory = 3000
...
006 (7102754.1242.000) 03/25 10:13:48 Image size of job updated: 868
	1  -  MemoryUsage of job (MB)
	868  -  ResidentSetSize of job (KB)
...
006 (7102754.1242.000) 03/25 10:14:19 Image size of job updated: 376376
	1  -  MemoryUsage of job (MB)
	868  -  ResidentSetSize of job (KB)
...
040 (7102754.1242.000) 03/25 10:14:20 Started transferring output files
...
040 (7102754.1242.000) 03/25 10:14:20 Finished transferring output files
...
005 (7102754.1242.000) 03/25 10:14:20 Job terminated.
	(1) Normal termination (return value 0)
		Usr 0 00:00:07, Sys 0 00:00:02  -  Run Remote Usage
		Usr 0 00:00:00, Sys 0 00:00:00  -  Run Local Usage
		Usr 0 00:00:07, Sys 0 00:00:02  -  Total Remote Usage
		Usr 0 00:00:00, Sys 0 00:00:00  -  Total Local Usage
	9953  -  Run Bytes Sent By Job
	1378  -  Run Bytes Received By Job
	9953  -  Total Bytes Sent By Job
	1378  -  Total Bytes Received By Job
	Partitionable Resources :    Usage  Request Allocated 
	   Cpus                 :        0        1         1 
	   Disk (KB)            :       35        2      3769 
	   GPUs                 :                           0 
	   Memory (MB)          :        1     3000      3000 
	   TimeExecute (s)      :       45                    
	   TimeSlotBusy (s)     :       47                    

	Job terminated of its own accord at 2026-03-25T09:14:19Z with exit-code 0.
...
