000 (7102754.389.000) 03/25 09:21:09 Job submitted from host: <188.185.125.71:9618?addrs=188.185.125.71-9618+[2001-1458-d00-4a--100-15e]-9618&alias=bigbird28.cern.ch&noUDP&sock=schedd_2603_051c>
...
040 (7102754.389.000) 03/25 09:42:50 Started transferring input files
	Transferring to host: <188.185.214.45:9618?addrs=188.185.214.45-9618+[2001-1458-303-1c--100-29]-9618&alias=b9p29p0139.cern.ch&noUDP&sock=slot1_30_7860_d4b9_240226>
...
040 (7102754.389.000) 03/25 09:42:50 Finished transferring input files
...
001 (7102754.389.000) 03/25 09:42:51 Job executing on host: <188.185.214.45:9618?addrs=188.185.214.45-9618+[2001-1458-303-1c--100-29]-9618&alias=b9p29p0139.cern.ch&noUDP&sock=startd_7107_63ab>
	SlotName: slot1_30@b9p29p0139.cern.ch
	CondorScratchDir = "/pool/condor/dir_645033"
	Cpus = 1
	Disk = 3927
	GPUs = 0
	Memory = 3000
...
006 (7102754.389.000) 03/25 09:43:04 Image size of job updated: 8768
	9  -  MemoryUsage of job (MB)
	8768  -  ResidentSetSize of job (KB)
...
006 (7102754.389.000) 03/25 09:43:31 Image size of job updated: 367040
	9  -  MemoryUsage of job (MB)
	8768  -  ResidentSetSize of job (KB)
...
040 (7102754.389.000) 03/25 09:43:31 Started transferring output files
...
040 (7102754.389.000) 03/25 09:43:31 Finished transferring output files
...
005 (7102754.389.000) 03/25 09:43:31 Job terminated.
	(1) Normal termination (return value 0)
		Usr 0 00:00:08, Sys 0 00:00:03  -  Run Remote Usage
		Usr 0 00:00:00, Sys 0 00:00:00  -  Run Local Usage
		Usr 0 00:00:08, Sys 0 00:00:03  -  Total Remote Usage
		Usr 0 00:00:00, Sys 0 00:00:00  -  Total Local Usage
	9952  -  Run Bytes Sent By Job
	1378  -  Run Bytes Received By Job
	9952  -  Total Bytes Sent By Job
	1378  -  Total Bytes Received By Job
	Partitionable Resources :    Usage  Request Allocated 
	   Cpus                 :        0        1         1 
	   Disk (KB)            :       34        2      3927 
	   GPUs                 :                           0 
	   Memory (MB)          :        9     3000      3000 
	   TimeExecute (s)      :       40                    
	   TimeSlotBusy (s)     :       42                    

	Job terminated of its own accord at 2026-03-25T08:43:31Z with exit-code 0.
...
