000 (7102754.1308.000) 03/25 09:21:10 Job submitted from host: <188.185.125.71:9618?addrs=188.185.125.71-9618+[2001-1458-d00-4a--100-15e]-9618&alias=bigbird28.cern.ch&noUDP&sock=schedd_2603_051c>
...
040 (7102754.1308.000) 03/25 10:25:21 Started transferring input files
	Transferring to host: <188.185.214.65:9618?addrs=188.185.214.65-9618+[2001-1458-303-1c--100-3d]-9618&alias=b9p29p0733.cern.ch&noUDP&sock=slot1_38_5117_23a9_239407>
...
040 (7102754.1308.000) 03/25 10:25:21 Finished transferring input files
...
001 (7102754.1308.000) 03/25 10:25:22 Job executing on host: <188.185.214.65:9618?addrs=188.185.214.65-9618+[2001-1458-303-1c--100-3d]-9618&alias=b9p29p0733.cern.ch&noUDP&sock=startd_4180_b5f6>
	SlotName: slot1_38@b9p29p0733.cern.ch
	CondorScratchDir = "/pool/condor/dir_1071152"
	Cpus = 1
	Disk = 3786
	GPUs = 0
	Memory = 3000
...
006 (7102754.1308.000) 03/25 10:25:36 Image size of job updated: 884
	1  -  MemoryUsage of job (MB)
	884  -  ResidentSetSize of job (KB)
...
006 (7102754.1308.000) 03/25 10:26:55 Image size of job updated: 530852
	1  -  MemoryUsage of job (MB)
	884  -  ResidentSetSize of job (KB)
...
040 (7102754.1308.000) 03/25 10:26:55 Started transferring output files
...
040 (7102754.1308.000) 03/25 10:26:55 Finished transferring output files
...
005 (7102754.1308.000) 03/25 10:26:55 Job terminated.
	(1) Normal termination (return value 0)
		Usr 0 00:00:20, Sys 0 00:00:02  -  Run Remote Usage
		Usr 0 00:00:00, Sys 0 00:00:00  -  Run Local Usage
		Usr 0 00:00:20, Sys 0 00:00:02  -  Total Remote Usage
		Usr 0 00:00:00, Sys 0 00:00:00  -  Total Local Usage
	10094  -  Run Bytes Sent By Job
	1378  -  Run Bytes Received By Job
	10094  -  Total Bytes Sent By Job
	1378  -  Total Bytes Received By Job
	Partitionable Resources :    Usage  Request Allocated 
	   Cpus                 :        0        1         1 
	   Disk (KB)            :       34        2      3786 
	   GPUs                 :                           0 
	   Memory (MB)          :        1     3000      3000 
	   TimeExecute (s)      :       93                    
	   TimeSlotBusy (s)     :       94                    

	Job terminated of its own accord at 2026-03-25T09:26:55Z with exit-code 0.
...
