000 (7102754.396.000) 03/25 09:21:09 Job submitted from host: <188.185.125.71:9618?addrs=188.185.125.71-9618+[2001-1458-d00-4a--100-15e]-9618&alias=bigbird28.cern.ch&noUDP&sock=schedd_2603_051c>
...
040 (7102754.396.000) 03/25 09:42:54 Started transferring input files
	Transferring to host: <128.142.33.226:9618?addrs=128.142.33.226-9618+[2001-1458-301-39--100-1f]-9618&alias=b9g24p8343.cern.ch&noUDP&sock=slot1_16_6663_6fa8_209421>
...
040 (7102754.396.000) 03/25 09:42:54 Finished transferring input files
...
001 (7102754.396.000) 03/25 09:42:55 Job executing on host: <128.142.33.226:9618?addrs=128.142.33.226-9618+[2001-1458-301-39--100-1f]-9618&alias=b9g24p8343.cern.ch&noUDP&sock=startd_5926_5252>
	SlotName: slot1_16@b9g24p8343.cern.ch
	CondorScratchDir = "/pool/condor/dir_1261956"
	Cpus = 1
	Disk = 3766
	GPUs = 0
	Memory = 3000
...
006 (7102754.396.000) 03/25 09:43:09 Image size of job updated: 836
	1  -  MemoryUsage of job (MB)
	836  -  ResidentSetSize of job (KB)
...
006 (7102754.396.000) 03/25 09:45:06 Image size of job updated: 368068
	1  -  MemoryUsage of job (MB)
	836  -  ResidentSetSize of job (KB)
...
040 (7102754.396.000) 03/25 09:45:06 Started transferring output files
...
040 (7102754.396.000) 03/25 09:45:06 Finished transferring output files
...
005 (7102754.396.000) 03/25 09:45:06 Job terminated.
	(1) Normal termination (return value 0)
		Usr 0 00:00:08, Sys 0 00:00:03  -  Run Remote Usage
		Usr 0 00:00:00, Sys 0 00:00:00  -  Run Local Usage
		Usr 0 00:00:08, Sys 0 00:00:03  -  Total Remote Usage
		Usr 0 00:00:00, Sys 0 00:00:00  -  Total Local Usage
	9953  -  Run Bytes Sent By Job
	1378  -  Run Bytes Received By Job
	9953  -  Total Bytes Sent By Job
	1378  -  Total Bytes Received By Job
	Partitionable Resources :    Usage  Request Allocated 
	   Cpus                 :        0        1         1 
	   Disk (KB)            :       34        2      3766 
	   GPUs                 :                           0 
	   Memory (MB)          :        1     3000      3000 
	   TimeExecute (s)      :      131                    
	   TimeSlotBusy (s)     :      133                    

	Job terminated of its own accord at 2026-03-25T08:45:06Z with exit-code 0.
...
