000 (7102754.365.000) 03/25 09:21:09 Job submitted from host: <188.185.125.71:9618?addrs=188.185.125.71-9618+[2001-1458-d00-4a--100-15e]-9618&alias=bigbird28.cern.ch&noUDP&sock=schedd_2603_051c>
...
040 (7102754.365.000) 03/25 09:42:42 Started transferring input files
	Transferring to host: <188.185.215.184:9618?addrs=188.185.215.184-9618+[2001-1458-303-26--100-34]-9618&alias=b9p18p4694.cern.ch&noUDP&sock=slot1_12_11904_31dd_137713>
...
040 (7102754.365.000) 03/25 09:42:42 Finished transferring input files
...
001 (7102754.365.000) 03/25 09:42:43 Job executing on host: <188.185.215.184:9618?addrs=188.185.215.184-9618+[2001-1458-303-26--100-34]-9618&alias=b9p18p4694.cern.ch&noUDP&sock=startd_11837_c6a2>
	SlotName: slot1_12@b9p18p4694.cern.ch
	CondorScratchDir = "/pool/condor/dir_3162616"
	Cpus = 1
	Disk = 3863
	GPUs = 0
	Memory = 3000
...
006 (7102754.365.000) 03/25 09:42:57 Image size of job updated: 888
	1  -  MemoryUsage of job (MB)
	888  -  ResidentSetSize of job (KB)
...
006 (7102754.365.000) 03/25 09:43:19 Image size of job updated: 370568
	1  -  MemoryUsage of job (MB)
	888  -  ResidentSetSize of job (KB)
...
040 (7102754.365.000) 03/25 09:43:19 Started transferring output files
...
040 (7102754.365.000) 03/25 09:43:20 Finished transferring output files
...
005 (7102754.365.000) 03/25 09:43:20 Job terminated.
	(1) Normal termination (return value 0)
		Usr 0 00:00:08, Sys 0 00:00:03  -  Run Remote Usage
		Usr 0 00:00:00, Sys 0 00:00:00  -  Run Local Usage
		Usr 0 00:00:08, Sys 0 00:00:03  -  Total Remote Usage
		Usr 0 00:00:00, Sys 0 00:00:00  -  Total Local Usage
	9952  -  Run Bytes Sent By Job
	1378  -  Run Bytes Received By Job
	9952  -  Total Bytes Sent By Job
	1378  -  Total Bytes Received By Job
	Partitionable Resources :    Usage  Request Allocated 
	   Cpus                 :        0        1         1 
	   Disk (KB)            :       34        2      3863 
	   GPUs                 :                           0 
	   Memory (MB)          :        1     3000      3000 
	   TimeExecute (s)      :       36                    
	   TimeSlotBusy (s)     :       39                    

	Job terminated of its own accord at 2026-03-25T08:43:19Z with exit-code 0.
...
