000 (7102754.044.000) 03/25 09:21:09 Job submitted from host: <188.185.125.71:9618?addrs=188.185.125.71-9618+[2001-1458-d00-4a--100-15e]-9618&alias=bigbird28.cern.ch&noUDP&sock=schedd_2603_051c>
...
040 (7102754.044.000) 03/25 09:23:10 Started transferring input files
	Transferring to host: <128.142.51.202:9618?addrs=128.142.51.202-9618+[2001-1458-301-3--100-7]-9618&alias=b9g02p7746.cern.ch&noUDP&sock=slot1_52_8630_5d98_190327>
...
040 (7102754.044.000) 03/25 09:23:10 Finished transferring input files
...
001 (7102754.044.000) 03/25 09:23:11 Job executing on host: <128.142.51.202:9618?addrs=128.142.51.202-9618+[2001-1458-301-3--100-7]-9618&alias=b9g02p7746.cern.ch&noUDP&sock=startd_7586_f189>
	SlotName: slot1_52@b9g02p7746.cern.ch
	CondorScratchDir = "/pool/condor/dir_3156079"
	Cpus = 1
	Disk = 3894
	GPUs = 0
	Memory = 3000
...
006 (7102754.044.000) 03/25 09:23:25 Image size of job updated: 888
	1  -  MemoryUsage of job (MB)
	888  -  ResidentSetSize of job (KB)
...
006 (7102754.044.000) 03/25 09:25:04 Image size of job updated: 368988
	1  -  MemoryUsage of job (MB)
	888  -  ResidentSetSize of job (KB)
...
040 (7102754.044.000) 03/25 09:25:04 Started transferring output files
...
040 (7102754.044.000) 03/25 09:25:04 Finished transferring output files
...
005 (7102754.044.000) 03/25 09:25:24 Job terminated.
	(1) Normal termination (return value 0)
		Usr 0 00:00:12, Sys 0 00:00:02  -  Run Remote Usage
		Usr 0 00:00:00, Sys 0 00:00:00  -  Run Local Usage
		Usr 0 00:00:12, Sys 0 00:00:02  -  Total Remote Usage
		Usr 0 00:00:00, Sys 0 00:00:00  -  Total Local Usage
	10249  -  Run Bytes Sent By Job
	1378  -  Run Bytes Received By Job
	10249  -  Total Bytes Sent By Job
	1378  -  Total Bytes Received By Job
	Partitionable Resources :    Usage  Request Allocated 
	   Cpus                 :        0        1         1 
	   Disk (KB)            :       36        2      3894 
	   GPUs                 :                           0 
	   Memory (MB)          :        1     3000      3000 
	   TimeExecute (s)      :      113                    
	   TimeSlotBusy (s)     :      114                    

	Job terminated of its own accord at 2026-03-25T08:25:04Z with exit-code 0.
...
