000 (7102754.595.000) 03/25 09:21:09 Job submitted from host: <188.185.125.71:9618?addrs=188.185.125.71-9618+[2001-1458-d00-4a--100-15e]-9618&alias=bigbird28.cern.ch&noUDP&sock=schedd_2603_051c>
...
040 (7102754.595.000) 03/25 09:50:18 Started transferring input files
	Transferring to host: <188.185.193.166:9618?addrs=188.185.193.166-9618+[2001-1458-303-20--100-a2]-9618&alias=b9p19p1307.cern.ch&noUDP&sock=slot1_36_7294_0862_183695>
...
040 (7102754.595.000) 03/25 09:50:18 Finished transferring input files
...
001 (7102754.595.000) 03/25 09:50:19 Job executing on host: <188.185.193.166:9618?addrs=188.185.193.166-9618+[2001-1458-303-20--100-a2]-9618&alias=b9p19p1307.cern.ch&noUDP&sock=startd_5974_3ede>
	SlotName: slot1_36@b9p19p1307.cern.ch
	CondorScratchDir = "/pool/condor/dir_3222654"
	Cpus = 1
	Disk = 3915
	GPUs = 0
	Memory = 3000
...
006 (7102754.595.000) 03/25 09:50:33 Image size of job updated: 880
	1  -  MemoryUsage of job (MB)
	880  -  ResidentSetSize of job (KB)
...
006 (7102754.595.000) 03/25 09:51:42 Image size of job updated: 351256
	1  -  MemoryUsage of job (MB)
	880  -  ResidentSetSize of job (KB)
...
040 (7102754.595.000) 03/25 09:51:42 Started transferring output files
...
040 (7102754.595.000) 03/25 09:51:43 Finished transferring output files
...
005 (7102754.595.000) 03/25 09:51:43 Job terminated.
	(1) Normal termination (return value 0)
		Usr 0 00:00:12, Sys 0 00:00:02  -  Run Remote Usage
		Usr 0 00:00:00, Sys 0 00:00:00  -  Run Local Usage
		Usr 0 00:00:12, Sys 0 00:00:02  -  Total Remote Usage
		Usr 0 00:00:00, Sys 0 00:00:00  -  Total Local Usage
	10469  -  Run Bytes Sent By Job
	1378  -  Run Bytes Received By Job
	10469  -  Total Bytes Sent By Job
	1378  -  Total Bytes Received By Job
	Partitionable Resources :    Usage  Request Allocated 
	   Cpus                 :        0        1         1 
	   Disk (KB)            :       36        2      3915 
	   GPUs                 :                           0 
	   Memory (MB)          :        1     3000      3000 
	   TimeExecute (s)      :       83                    
	   TimeSlotBusy (s)     :       85                    

	Job terminated of its own accord at 2026-03-25T08:51:42Z with exit-code 0.
...
