000 (7102754.475.000) 03/25 09:21:09 Job submitted from host: <188.185.125.71:9618?addrs=188.185.125.71-9618+[2001-1458-d00-4a--100-15e]-9618&alias=bigbird28.cern.ch&noUDP&sock=schedd_2603_051c>
...
040 (7102754.475.000) 03/25 09:47:51 Started transferring input files
	Transferring to host: <188.185.193.77:9618?addrs=188.185.193.77-9618+[2001-1458-303-20--100-49]-9618&alias=b9p19p2088.cern.ch&noUDP&sock=slot1_33_7473_2789_181192>
...
040 (7102754.475.000) 03/25 09:47:51 Finished transferring input files
...
001 (7102754.475.000) 03/25 09:47:52 Job executing on host: <188.185.193.77:9618?addrs=188.185.193.77-9618+[2001-1458-303-20--100-49]-9618&alias=b9p19p2088.cern.ch&noUDP&sock=startd_6326_b034>
	SlotName: slot1_33@b9p19p2088.cern.ch
	CondorScratchDir = "/pool/condor/dir_2025120"
	Cpus = 1
	Disk = 3876
	GPUs = 0
	Memory = 3000
...
006 (7102754.475.000) 03/25 09:48:05 Image size of job updated: 884
	1  -  MemoryUsage of job (MB)
	884  -  ResidentSetSize of job (KB)
...
006 (7102754.475.000) 03/25 09:48:50 Image size of job updated: 325308
	1  -  MemoryUsage of job (MB)
	884  -  ResidentSetSize of job (KB)
...
040 (7102754.475.000) 03/25 09:48:50 Started transferring output files
...
040 (7102754.475.000) 03/25 09:48:50 Finished transferring output files
...
005 (7102754.475.000) 03/25 09:48:50 Job terminated.
	(1) Normal termination (return value 0)
		Usr 0 00:00:11, Sys 0 00:00:03  -  Run Remote Usage
		Usr 0 00:00:00, Sys 0 00:00:00  -  Run Local Usage
		Usr 0 00:00:11, Sys 0 00:00:03  -  Total Remote Usage
		Usr 0 00:00:00, Sys 0 00:00:00  -  Total Local Usage
	9953  -  Run Bytes Sent By Job
	1378  -  Run Bytes Received By Job
	9953  -  Total Bytes Sent By Job
	1378  -  Total Bytes Received By Job
	Partitionable Resources :    Usage  Request Allocated 
	   Cpus                 :        0        1         1 
	   Disk (KB)            :       34        2      3876 
	   GPUs                 :                           0 
	   Memory (MB)          :        1     3000      3000 
	   TimeExecute (s)      :       58                    
	   TimeSlotBusy (s)     :       60                    

	Job terminated of its own accord at 2026-03-25T08:48:50Z with exit-code 0.
...
