000 (7102754.590.000) 03/25 09:21:09 Job submitted from host: <188.185.125.71:9618?addrs=188.185.125.71-9618+[2001-1458-d00-4a--100-15e]-9618&alias=bigbird28.cern.ch&noUDP&sock=schedd_2603_051c>
...
040 (7102754.590.000) 03/25 09:50:15 Started transferring input files
	Transferring to host: <188.185.194.103:9618?addrs=188.185.194.103-9618+[2001-1458-303-21--100-63]-9618&alias=b9p20p0998.cern.ch&noUDP&sock=slot1_31_5903_f289_183910>
...
040 (7102754.590.000) 03/25 09:50:15 Finished transferring input files
...
001 (7102754.590.000) 03/25 09:50:16 Job executing on host: <188.185.194.103:9618?addrs=188.185.194.103-9618+[2001-1458-303-21--100-63]-9618&alias=b9p20p0998.cern.ch&noUDP&sock=startd_4693_960c>
	SlotName: slot1_31@b9p20p0998.cern.ch
	CondorScratchDir = "/pool/condor/dir_455817"
	Cpus = 1
	Disk = 3855
	GPUs = 0
	Memory = 3000
...
006 (7102754.590.000) 03/25 09:50:30 Image size of job updated: 872
	1  -  MemoryUsage of job (MB)
	872  -  ResidentSetSize of job (KB)
...
006 (7102754.590.000) 03/25 09:51:46 Image size of job updated: 286532
	1  -  MemoryUsage of job (MB)
	872  -  ResidentSetSize of job (KB)
...
040 (7102754.590.000) 03/25 09:51:46 Started transferring output files
...
040 (7102754.590.000) 03/25 09:51:46 Finished transferring output files
...
005 (7102754.590.000) 03/25 09:51:47 Job terminated.
	(1) Normal termination (return value 0)
		Usr 0 00:00:11, Sys 0 00:00:02  -  Run Remote Usage
		Usr 0 00:00:00, Sys 0 00:00:00  -  Run Local Usage
		Usr 0 00:00:11, Sys 0 00:00:02  -  Total Remote Usage
		Usr 0 00:00:00, Sys 0 00:00:00  -  Total Local Usage
	9955  -  Run Bytes Sent By Job
	1378  -  Run Bytes Received By Job
	9955  -  Total Bytes Sent By Job
	1378  -  Total Bytes Received By Job
	Partitionable Resources :    Usage  Request Allocated 
	   Cpus                 :        0        1         1 
	   Disk (KB)            :       35        2      3855 
	   GPUs                 :                           0 
	   Memory (MB)          :        1     3000      3000 
	   TimeExecute (s)      :       90                    
	   TimeSlotBusy (s)     :       91                    

	Job terminated of its own accord at 2026-03-25T08:51:46Z with exit-code 0.
...
