000 (7102754.1145.000) 03/25 09:21:10 Job submitted from host: <188.185.125.71:9618?addrs=188.185.125.71-9618+[2001-1458-d00-4a--100-15e]-9618&alias=bigbird28.cern.ch&noUDP&sock=schedd_2603_051c>
...
040 (7102754.1145.000) 03/25 10:11:53 Started transferring input files
	Transferring to host: <188.185.193.107:9618?addrs=188.185.193.107-9618+[2001-1458-303-20--100-67]-9618&alias=b9p19p7223.cern.ch&noUDP&sock=slot1_54_4448_c4ae_181456>
...
040 (7102754.1145.000) 03/25 10:11:53 Finished transferring input files
...
001 (7102754.1145.000) 03/25 10:11:54 Job executing on host: <188.185.193.107:9618?addrs=188.185.193.107-9618+[2001-1458-303-20--100-67]-9618&alias=b9p19p7223.cern.ch&noUDP&sock=startd_3441_d179>
	SlotName: slot1_54@b9p19p7223.cern.ch
	CondorScratchDir = "/pool/condor/dir_825678"
	Cpus = 1
	Disk = 3807
	GPUs = 0
	Memory = 3000
...
006 (7102754.1145.000) 03/25 10:12:08 Image size of job updated: 884
	1  -  MemoryUsage of job (MB)
	884  -  ResidentSetSize of job (KB)
...
006 (7102754.1145.000) 03/25 10:13:00 Image size of job updated: 363324
	1  -  MemoryUsage of job (MB)
	884  -  ResidentSetSize of job (KB)
...
040 (7102754.1145.000) 03/25 10:13:00 Started transferring output files
...
040 (7102754.1145.000) 03/25 10:13:00 Finished transferring output files
...
005 (7102754.1145.000) 03/25 10:13:00 Job terminated.
	(1) Normal termination (return value 0)
		Usr 0 00:00:11, Sys 0 00:00:02  -  Run Remote Usage
		Usr 0 00:00:00, Sys 0 00:00:00  -  Run Local Usage
		Usr 0 00:00:11, Sys 0 00:00:02  -  Total Remote Usage
		Usr 0 00:00:00, Sys 0 00:00:00  -  Total Local Usage
	9953  -  Run Bytes Sent By Job
	1378  -  Run Bytes Received By Job
	9953  -  Total Bytes Sent By Job
	1378  -  Total Bytes Received By Job
	Partitionable Resources :    Usage  Request Allocated 
	   Cpus                 :        0        1         1 
	   Disk (KB)            :       34        2      3807 
	   GPUs                 :                           0 
	   Memory (MB)          :        1     3000      3000 
	   TimeExecute (s)      :       66                    
	   TimeSlotBusy (s)     :       67                    

	Job terminated of its own accord at 2026-03-25T09:13:00Z with exit-code 0.
...
