000 (7102754.1383.000) 03/25 09:21:11 Job submitted from host: <188.185.125.71:9618?addrs=188.185.125.71-9618+[2001-1458-d00-4a--100-15e]-9618&alias=bigbird28.cern.ch&noUDP&sock=schedd_2603_051c>
...
040 (7102754.1383.000) 03/25 10:27:27 Started transferring input files
	Transferring to host: <188.185.214.22:9618?addrs=188.185.214.22-9618+[2001-1458-303-1c--100-12]-9618&alias=b9p29p3973.cern.ch&noUDP&sock=slot1_30_5978_caac_241515>
...
040 (7102754.1383.000) 03/25 10:27:27 Finished transferring input files
...
001 (7102754.1383.000) 03/25 10:27:28 Job executing on host: <188.185.214.22:9618?addrs=188.185.214.22-9618+[2001-1458-303-1c--100-12]-9618&alias=b9p29p3973.cern.ch&noUDP&sock=startd_5083_17fc>
	SlotName: slot1_30@b9p29p3973.cern.ch
	CondorScratchDir = "/pool/condor/dir_4123598"
	Cpus = 1
	Disk = 3855
	GPUs = 0
	Memory = 3000
...
006 (7102754.1383.000) 03/25 10:27:42 Image size of job updated: 880
	1  -  MemoryUsage of job (MB)
	880  -  ResidentSetSize of job (KB)
...
006 (7102754.1383.000) 03/25 10:28:25 Image size of job updated: 346360
	1  -  MemoryUsage of job (MB)
	880  -  ResidentSetSize of job (KB)
...
040 (7102754.1383.000) 03/25 10:28:25 Started transferring output files
...
040 (7102754.1383.000) 03/25 10:28:25 Finished transferring output files
...
005 (7102754.1383.000) 03/25 10:28:25 Job terminated.
	(1) Normal termination (return value 0)
		Usr 0 00:00:06, Sys 0 00:00:02  -  Run Remote Usage
		Usr 0 00:00:00, Sys 0 00:00:00  -  Run Local Usage
		Usr 0 00:00:06, Sys 0 00:00:02  -  Total Remote Usage
		Usr 0 00:00:00, Sys 0 00:00:00  -  Total Local Usage
	9953  -  Run Bytes Sent By Job
	1378  -  Run Bytes Received By Job
	9953  -  Total Bytes Sent By Job
	1378  -  Total Bytes Received By Job
	Partitionable Resources :    Usage  Request Allocated 
	   Cpus                 :        0        1         1 
	   Disk (KB)            :       35        2      3855 
	   GPUs                 :                           0 
	   Memory (MB)          :        1     3000      3000 
	   TimeExecute (s)      :       57                    
	   TimeSlotBusy (s)     :       58                    

	Job terminated of its own accord at 2026-03-25T09:28:25Z with exit-code 0.
...
