000 (7102754.211.000) 03/25 09:21:09 Job submitted from host: <188.185.125.71:9618?addrs=188.185.125.71-9618+[2001-1458-d00-4a--100-15e]-9618&alias=bigbird28.cern.ch&noUDP&sock=schedd_2603_051c>
...
040 (7102754.211.000) 03/25 09:34:05 Started transferring input files
	Transferring to host: <188.185.193.114:9618?addrs=188.185.193.114-9618+[2001-1458-303-20--100-6e]-9618&alias=b9p19p8505.cern.ch&noUDP&sock=slot1_6_6261_30d8_182352>
...
040 (7102754.211.000) 03/25 09:34:05 Finished transferring input files
...
001 (7102754.211.000) 03/25 09:34:06 Job executing on host: <188.185.193.114:9618?addrs=188.185.193.114-9618+[2001-1458-303-20--100-6e]-9618&alias=b9p19p8505.cern.ch&noUDP&sock=startd_5139_8149>
	SlotName: slot1_6@b9p19p8505.cern.ch
	CondorScratchDir = "/pool/condor/dir_3295118"
	Cpus = 1
	Disk = 3859
	GPUs = 0
	Memory = 3000
...
006 (7102754.211.000) 03/25 09:34:20 Image size of job updated: 880
	1  -  MemoryUsage of job (MB)
	880  -  ResidentSetSize of job (KB)
...
006 (7102754.211.000) 03/25 09:35:58 Image size of job updated: 367184
	1  -  MemoryUsage of job (MB)
	880  -  ResidentSetSize of job (KB)
...
040 (7102754.211.000) 03/25 09:35:58 Started transferring output files
...
040 (7102754.211.000) 03/25 09:35:58 Finished transferring output files
...
005 (7102754.211.000) 03/25 09:35:58 Job terminated.
	(1) Normal termination (return value 0)
		Usr 0 00:00:12, Sys 0 00:00:02  -  Run Remote Usage
		Usr 0 00:00:00, Sys 0 00:00:00  -  Run Local Usage
		Usr 0 00:00:12, Sys 0 00:00:02  -  Total Remote Usage
		Usr 0 00:00:00, Sys 0 00:00:00  -  Total Local Usage
	9953  -  Run Bytes Sent By Job
	1378  -  Run Bytes Received By Job
	9953  -  Total Bytes Sent By Job
	1378  -  Total Bytes Received By Job
	Partitionable Resources :    Usage  Request Allocated 
	   Cpus                 :        0        1         1 
	   Disk (KB)            :       35        2      3859 
	   GPUs                 :                           0 
	   Memory (MB)          :        1     3000      3000 
	   TimeExecute (s)      :      112                    
	   TimeSlotBusy (s)     :      113                    

	Job terminated of its own accord at 2026-03-25T08:35:58Z with exit-code 0.
...
