000 (7102754.008.000) 03/25 09:21:09 Job submitted from host: <188.185.125.71:9618?addrs=188.185.125.71-9618+[2001-1458-d00-4a--100-15e]-9618&alias=bigbird28.cern.ch&noUDP&sock=schedd_2603_051c>
...
040 (7102754.008.000) 03/25 09:22:03 Started transferring input files
	Transferring to host: <188.185.196.27:9618?addrs=188.185.196.27-9618+[2001-1458-303-23--100-17]-9618&alias=b9p16p7172.cern.ch&noUDP&sock=slot1_49_5703_0781_189968>
...
040 (7102754.008.000) 03/25 09:22:03 Finished transferring input files
...
001 (7102754.008.000) 03/25 09:22:04 Job executing on host: <188.185.196.27:9618?addrs=188.185.196.27-9618+[2001-1458-303-23--100-17]-9618&alias=b9p16p7172.cern.ch&noUDP&sock=startd_4562_bb24>
	SlotName: slot1_49@b9p16p7172.cern.ch
	CondorScratchDir = "/pool/condor/dir_3115912"
	Cpus = 1
	Disk = 3841
	GPUs = 0
	Memory = 3000
...
006 (7102754.008.000) 03/25 09:22:18 Image size of job updated: 884
	1  -  MemoryUsage of job (MB)
	884  -  ResidentSetSize of job (KB)
...
006 (7102754.008.000) 03/25 09:23:15 Image size of job updated: 358908
	1  -  MemoryUsage of job (MB)
	884  -  ResidentSetSize of job (KB)
...
040 (7102754.008.000) 03/25 09:23:15 Started transferring output files
...
040 (7102754.008.000) 03/25 09:23:15 Finished transferring output files
...
005 (7102754.008.000) 03/25 09:23:15 Job terminated.
	(1) Normal termination (return value 0)
		Usr 0 00:00:13, Sys 0 00:00:03  -  Run Remote Usage
		Usr 0 00:00:00, Sys 0 00:00:00  -  Run Local Usage
		Usr 0 00:00:13, Sys 0 00:00:03  -  Total Remote Usage
		Usr 0 00:00:00, Sys 0 00:00:00  -  Total Local Usage
	9953  -  Run Bytes Sent By Job
	1378  -  Run Bytes Received By Job
	9953  -  Total Bytes Sent By Job
	1378  -  Total Bytes Received By Job
	Partitionable Resources :    Usage  Request Allocated 
	   Cpus                 :        0        1         1 
	   Disk (KB)            :       34        2      3841 
	   GPUs                 :                           0 
	   Memory (MB)          :        1     3000      3000 
	   TimeExecute (s)      :       71                    
	   TimeSlotBusy (s)     :       73                    

	Job terminated of its own accord at 2026-03-25T08:23:15Z with exit-code 0.
...
