000 (7102754.1312.000) 03/25 09:21:10 Job submitted from host: <188.185.125.71:9618?addrs=188.185.125.71-9618+[2001-1458-d00-4a--100-15e]-9618&alias=bigbird28.cern.ch&noUDP&sock=schedd_2603_051c>
...
040 (7102754.1312.000) 03/25 10:25:22 Started transferring input files
	Transferring to host: <188.185.210.62:9618?addrs=188.185.210.62-9618+[2001-1458-303-1--100-3a]-9618&alias=b9p21p9921.cern.ch&noUDP&sock=slot1_29_5345_c932_119991>
...
040 (7102754.1312.000) 03/25 10:25:22 Finished transferring input files
...
001 (7102754.1312.000) 03/25 10:25:23 Job executing on host: <188.185.210.62:9618?addrs=188.185.210.62-9618+[2001-1458-303-1--100-3a]-9618&alias=b9p21p9921.cern.ch&noUDP&sock=startd_4311_90de>
	SlotName: slot1_29@b9p21p9921.cern.ch
	CondorScratchDir = "/pool/condor/dir_820024"
	Cpus = 1
	Disk = 3872
	GPUs = 0
	Memory = 3000
...
006 (7102754.1312.000) 03/25 10:25:37 Image size of job updated: 872
	1  -  MemoryUsage of job (MB)
	872  -  ResidentSetSize of job (KB)
...
006 (7102754.1312.000) 03/25 10:26:33 Image size of job updated: 435716
	1  -  MemoryUsage of job (MB)
	872  -  ResidentSetSize of job (KB)
...
040 (7102754.1312.000) 03/25 10:26:33 Started transferring output files
...
040 (7102754.1312.000) 03/25 10:26:33 Finished transferring output files
...
005 (7102754.1312.000) 03/25 10:26:33 Job terminated.
	(1) Normal termination (return value 0)
		Usr 0 00:00:14, Sys 0 00:00:02  -  Run Remote Usage
		Usr 0 00:00:00, Sys 0 00:00:00  -  Run Local Usage
		Usr 0 00:00:14, Sys 0 00:00:02  -  Total Remote Usage
		Usr 0 00:00:00, Sys 0 00:00:00  -  Total Local Usage
	10025  -  Run Bytes Sent By Job
	1378  -  Run Bytes Received By Job
	10025  -  Total Bytes Sent By Job
	1378  -  Total Bytes Received By Job
	Partitionable Resources :    Usage  Request Allocated 
	   Cpus                 :     0.03        1         1 
	   Disk (KB)            :    34           2      3872 
	   GPUs                 :                           0 
	   Memory (MB)          :     1        3000      3000 
	   TimeExecute (s)      :    70                       
	   TimeSlotBusy (s)     :    71                       

	Job terminated of its own accord at 2026-03-25T09:26:33Z with exit-code 0.
...
