000 (7102754.632.000) 03/25 09:21:09 Job submitted from host: <188.185.125.71:9618?addrs=188.185.125.71-9618+[2001-1458-d00-4a--100-15e]-9618&alias=bigbird28.cern.ch&noUDP&sock=schedd_2603_051c>
...
040 (7102754.632.000) 03/25 09:54:32 Started transferring input files
	Transferring to host: <188.185.214.56:9618?addrs=188.185.214.56-9618+[2001-1458-303-1c--100-34]-9618&alias=b9p29p5411.cern.ch&noUDP&sock=slot1_45_5513_2839_204400>
...
040 (7102754.632.000) 03/25 09:54:32 Finished transferring input files
...
001 (7102754.632.000) 03/25 09:54:33 Job executing on host: <188.185.214.56:9618?addrs=188.185.214.56-9618+[2001-1458-303-1c--100-34]-9618&alias=b9p29p5411.cern.ch&noUDP&sock=startd_4500_3445>
	SlotName: slot1_45@b9p29p5411.cern.ch
	CondorScratchDir = "/pool/condor/dir_808792"
	Cpus = 1
	Disk = 3821
	GPUs = 0
	Memory = 3000
...
006 (7102754.632.000) 03/25 09:54:46 Image size of job updated: 872
	1  -  MemoryUsage of job (MB)
	872  -  ResidentSetSize of job (KB)
...
006 (7102754.632.000) 03/25 09:59:46 Image size of job updated: 196244
	192  -  MemoryUsage of job (MB)
	196244  -  ResidentSetSize of job (KB)
...
006 (7102754.632.000) 03/25 10:00:55 Image size of job updated: 341456
	192  -  MemoryUsage of job (MB)
	196244  -  ResidentSetSize of job (KB)
...
040 (7102754.632.000) 03/25 10:00:55 Started transferring output files
...
040 (7102754.632.000) 03/25 10:00:55 Finished transferring output files
...
005 (7102754.632.000) 03/25 10:00:55 Job terminated.
	(1) Normal termination (return value 0)
		Usr 0 00:00:08, Sys 0 00:00:04  -  Run Remote Usage
		Usr 0 00:00:00, Sys 0 00:00:00  -  Run Local Usage
		Usr 0 00:00:08, Sys 0 00:00:04  -  Total Remote Usage
		Usr 0 00:00:00, Sys 0 00:00:00  -  Total Local Usage
	9955  -  Run Bytes Sent By Job
	1378  -  Run Bytes Received By Job
	9955  -  Total Bytes Sent By Job
	1378  -  Total Bytes Received By Job
	Partitionable Resources :    Usage  Request Allocated 
	   Cpus                 :        0        1         1 
	   Disk (KB)            :       34        2      3821 
	   GPUs                 :                           0 
	   Memory (MB)          :      192     3000      3000 
	   TimeExecute (s)      :      382                    
	   TimeSlotBusy (s)     :      384                    

	Job terminated of its own accord at 2026-03-25T09:00:55Z with exit-code 0.
...
