000 (7102754.197.000) 03/25 09:21:09 Job submitted from host: <188.185.125.71:9618?addrs=188.185.125.71-9618+[2001-1458-d00-4a--100-15e]-9618&alias=bigbird28.cern.ch&noUDP&sock=schedd_2603_051c>
...
040 (7102754.197.000) 03/25 09:33:06 Started transferring input files
	Transferring to host: <188.185.194.73:9618?addrs=188.185.194.73-9618+[2001-1458-303-21--100-45]-9618&alias=b9p20p5710.cern.ch&noUDP&sock=slot1_41_7027_e837_189495>
...
040 (7102754.197.000) 03/25 09:33:06 Finished transferring input files
...
001 (7102754.197.000) 03/25 09:33:07 Job executing on host: <188.185.194.73:9618?addrs=188.185.194.73-9618+[2001-1458-303-21--100-45]-9618&alias=b9p20p5710.cern.ch&noUDP&sock=startd_5925_a2ba>
	SlotName: slot1_41@b9p20p5710.cern.ch
	CondorScratchDir = "/pool/condor/dir_1589992"
	Cpus = 1
	Disk = 3833
	GPUs = 0
	Memory = 3000
...
006 (7102754.197.000) 03/25 09:33:20 Image size of job updated: 872
	1  -  MemoryUsage of job (MB)
	872  -  ResidentSetSize of job (KB)
...
006 (7102754.197.000) 03/25 09:34:54 Image size of job updated: 461616
	1  -  MemoryUsage of job (MB)
	872  -  ResidentSetSize of job (KB)
...
040 (7102754.197.000) 03/25 09:34:54 Started transferring output files
...
040 (7102754.197.000) 03/25 09:34:54 Finished transferring output files
...
005 (7102754.197.000) 03/25 09:34:54 Job terminated.
	(1) Normal termination (return value 0)
		Usr 0 00:00:30, Sys 0 00:00:03  -  Run Remote Usage
		Usr 0 00:00:00, Sys 0 00:00:00  -  Run Local Usage
		Usr 0 00:00:30, Sys 0 00:00:03  -  Total Remote Usage
		Usr 0 00:00:00, Sys 0 00:00:00  -  Total Local Usage
	10024  -  Run Bytes Sent By Job
	1378  -  Run Bytes Received By Job
	10024  -  Total Bytes Sent By Job
	1378  -  Total Bytes Received By Job
	Partitionable Resources :    Usage  Request Allocated 
	   Cpus                 :        0        1         1 
	   Disk (KB)            :       34        2      3833 
	   GPUs                 :                           0 
	   Memory (MB)          :        1     3000      3000 
	   TimeExecute (s)      :      107                    
	   TimeSlotBusy (s)     :      109                    

	Job terminated of its own accord at 2026-03-25T08:34:54Z with exit-code 0.
...
