000 (7102754.592.000) 03/25 09:21:09 Job submitted from host: <188.185.125.71:9618?addrs=188.185.125.71-9618+[2001-1458-d00-4a--100-15e]-9618&alias=bigbird28.cern.ch&noUDP&sock=schedd_2603_051c>
...
040 (7102754.592.000) 03/25 09:50:16 Started transferring input files
	Transferring to host: <188.185.192.173:9618?addrs=188.185.192.173-9618+[2001-1458-303-1f--100-a9]-9618&alias=b9p13p0054.cern.ch&noUDP&sock=slot1_26_5102_9209_190881>
...
040 (7102754.592.000) 03/25 09:50:16 Finished transferring input files
...
001 (7102754.592.000) 03/25 09:50:17 Job executing on host: <188.185.192.173:9618?addrs=188.185.192.173-9618+[2001-1458-303-1f--100-a9]-9618&alias=b9p13p0054.cern.ch&noUDP&sock=startd_3925_cd50>
	SlotName: slot1_26@b9p13p0054.cern.ch
	CondorScratchDir = "/pool/condor/dir_3647382"
	Cpus = 1
	Disk = 3907
	GPUs = 0
	Memory = 3000
...
006 (7102754.592.000) 03/25 09:50:30 Image size of job updated: 872
	1  -  MemoryUsage of job (MB)
	872  -  ResidentSetSize of job (KB)
...
006 (7102754.592.000) 03/25 09:50:57 Image size of job updated: 369068
	1  -  MemoryUsage of job (MB)
	872  -  ResidentSetSize of job (KB)
...
040 (7102754.592.000) 03/25 09:50:57 Started transferring output files
...
040 (7102754.592.000) 03/25 09:50:57 Finished transferring output files
...
005 (7102754.592.000) 03/25 09:50:57 Job terminated.
	(1) Normal termination (return value 0)
		Usr 0 00:00:11, Sys 0 00:00:02  -  Run Remote Usage
		Usr 0 00:00:00, Sys 0 00:00:00  -  Run Local Usage
		Usr 0 00:00:11, Sys 0 00:00:02  -  Total Remote Usage
		Usr 0 00:00:00, Sys 0 00:00:00  -  Total Local Usage
	9953  -  Run Bytes Sent By Job
	1378  -  Run Bytes Received By Job
	9953  -  Total Bytes Sent By Job
	1378  -  Total Bytes Received By Job
	Partitionable Resources :    Usage  Request Allocated 
	   Cpus                 :        0        1         1 
	   Disk (KB)            :       35        2      3907 
	   GPUs                 :                           0 
	   Memory (MB)          :        1     3000      3000 
	   TimeExecute (s)      :       40                    
	   TimeSlotBusy (s)     :       41                    

	Job terminated of its own accord at 2026-03-25T08:50:57Z with exit-code 0.
...
