000 (7102754.1372.000) 03/25 09:21:11 Job submitted from host: <188.185.125.71:9618?addrs=188.185.125.71-9618+[2001-1458-d00-4a--100-15e]-9618&alias=bigbird28.cern.ch&noUDP&sock=schedd_2603_051c>
...
040 (7102754.1372.000) 03/25 10:27:18 Started transferring input files
	Transferring to host: <188.185.213.166:9618?addrs=188.185.213.166-9618+[2001-1458-303-1b--100-22]-9618&alias=b9p28p3001.cern.ch&noUDP&sock=slot1_12_7694_de72_238556>
...
040 (7102754.1372.000) 03/25 10:27:18 Finished transferring input files
...
001 (7102754.1372.000) 03/25 10:27:19 Job executing on host: <188.185.213.166:9618?addrs=188.185.213.166-9618+[2001-1458-303-1b--100-22]-9618&alias=b9p28p3001.cern.ch&noUDP&sock=startd_7065_94b1>
	SlotName: slot1_12@b9p28p3001.cern.ch
	CondorScratchDir = "/pool/condor/dir_2883934"
	Cpus = 1
	Disk = 3870
	GPUs = 0
	Memory = 3000
...
006 (7102754.1372.000) 03/25 10:27:32 Image size of job updated: 872
	1  -  MemoryUsage of job (MB)
	872  -  ResidentSetSize of job (KB)
...
006 (7102754.1372.000) 03/25 10:28:03 Image size of job updated: 284012
	1  -  MemoryUsage of job (MB)
	872  -  ResidentSetSize of job (KB)
...
040 (7102754.1372.000) 03/25 10:28:03 Started transferring output files
...
040 (7102754.1372.000) 03/25 10:28:03 Finished transferring output files
...
005 (7102754.1372.000) 03/25 10:28:03 Job terminated.
	(1) Normal termination (return value 0)
		Usr 0 00:00:06, Sys 0 00:00:02  -  Run Remote Usage
		Usr 0 00:00:00, Sys 0 00:00:00  -  Run Local Usage
		Usr 0 00:00:06, Sys 0 00:00:02  -  Total Remote Usage
		Usr 0 00:00:00, Sys 0 00:00:00  -  Total Local Usage
	9953  -  Run Bytes Sent By Job
	1378  -  Run Bytes Received By Job
	9953  -  Total Bytes Sent By Job
	1378  -  Total Bytes Received By Job
	Partitionable Resources :    Usage  Request Allocated 
	   Cpus                 :        0        1         1 
	   Disk (KB)            :       35        2      3870 
	   GPUs                 :                           0 
	   Memory (MB)          :        1     3000      3000 
	   TimeExecute (s)      :       44                    
	   TimeSlotBusy (s)     :       45                    

	Job terminated of its own accord at 2026-03-25T09:28:03Z with exit-code 0.
...
