000 (7102754.1289.000) 03/25 09:21:10 Job submitted from host: <188.185.125.71:9618?addrs=188.185.125.71-9618+[2001-1458-d00-4a--100-15e]-9618&alias=bigbird28.cern.ch&noUDP&sock=schedd_2603_051c>
...
040 (7102754.1289.000) 03/25 10:25:15 Started transferring input files
	Transferring to host: <188.185.213.208:9618?addrs=188.185.213.208-9618+[2001-1458-303-1b--100-4c]-9618&alias=b9p28p7725.cern.ch&noUDP&sock=slot1_42_3069835_37bb_152732>
...
040 (7102754.1289.000) 03/25 10:25:15 Finished transferring input files
...
001 (7102754.1289.000) 03/25 10:25:16 Job executing on host: <188.185.213.208:9618?addrs=188.185.213.208-9618+[2001-1458-303-1b--100-4c]-9618&alias=b9p28p7725.cern.ch&noUDP&sock=startd_3067101_c103>
	SlotName: slot1_42@b9p28p7725.cern.ch
	CondorScratchDir = "/pool/condor/dir_2547623"
	Cpus = 1
	Disk = 3769
	GPUs = 0
	Memory = 3000
...
006 (7102754.1289.000) 03/25 10:25:30 Image size of job updated: 880
	1  -  MemoryUsage of job (MB)
	880  -  ResidentSetSize of job (KB)
...
006 (7102754.1289.000) 03/25 10:26:32 Image size of job updated: 361760
	1  -  MemoryUsage of job (MB)
	880  -  ResidentSetSize of job (KB)
...
040 (7102754.1289.000) 03/25 10:26:32 Started transferring output files
...
040 (7102754.1289.000) 03/25 10:26:32 Finished transferring output files
...
005 (7102754.1289.000) 03/25 10:26:32 Job terminated.
	(1) Normal termination (return value 0)
		Usr 0 00:00:07, Sys 0 00:00:03  -  Run Remote Usage
		Usr 0 00:00:00, Sys 0 00:00:00  -  Run Local Usage
		Usr 0 00:00:07, Sys 0 00:00:03  -  Total Remote Usage
		Usr 0 00:00:00, Sys 0 00:00:00  -  Total Local Usage
	9953  -  Run Bytes Sent By Job
	1378  -  Run Bytes Received By Job
	9953  -  Total Bytes Sent By Job
	1378  -  Total Bytes Received By Job
	Partitionable Resources :    Usage  Request Allocated 
	   Cpus                 :        0        1         1 
	   Disk (KB)            :       34        2      3769 
	   GPUs                 :                           0 
	   Memory (MB)          :        1     3000      3000 
	   TimeExecute (s)      :       76                    
	   TimeSlotBusy (s)     :       78                    

	Job terminated of its own accord at 2026-03-25T09:26:32Z with exit-code 0.
...
