000 (7102754.258.000) 03/25 09:21:09 Job submitted from host: <188.185.125.71:9618?addrs=188.185.125.71-9618+[2001-1458-d00-4a--100-15e]-9618&alias=bigbird28.cern.ch&noUDP&sock=schedd_2603_051c>
...
040 (7102754.258.000) 03/25 09:38:41 Started transferring input files
	Transferring to host: <128.142.161.91:9618?addrs=128.142.161.91-9618+[2001-1458-301-b8--100-19]-9618&alias=b9g03p5843.cern.ch&noUDP&sock=slot1_27_9875_94ab_186735>
...
040 (7102754.258.000) 03/25 09:38:41 Finished transferring input files
...
001 (7102754.258.000) 03/25 09:38:42 Job executing on host: <128.142.161.91:9618?addrs=128.142.161.91-9618+[2001-1458-301-b8--100-19]-9618&alias=b9g03p5843.cern.ch&noUDP&sock=startd_8406_6532>
	SlotName: slot1_27@b9g03p5843.cern.ch
	CondorScratchDir = "/pool/condor/dir_779379"
	Cpus = 1
	Disk = 3895
	GPUs = 0
	Memory = 3000
...
006 (7102754.258.000) 03/25 09:38:55 Image size of job updated: 880
	1  -  MemoryUsage of job (MB)
	880  -  ResidentSetSize of job (KB)
...
006 (7102754.258.000) 03/25 09:40:42 Image size of job updated: 383344
	1  -  MemoryUsage of job (MB)
	880  -  ResidentSetSize of job (KB)
...
040 (7102754.258.000) 03/25 09:40:42 Started transferring output files
...
040 (7102754.258.000) 03/25 09:40:42 Finished transferring output files
...
005 (7102754.258.000) 03/25 09:40:42 Job terminated.
	(1) Normal termination (return value 0)
		Usr 0 00:00:12, Sys 0 00:00:03  -  Run Remote Usage
		Usr 0 00:00:00, Sys 0 00:00:00  -  Run Local Usage
		Usr 0 00:00:12, Sys 0 00:00:03  -  Total Remote Usage
		Usr 0 00:00:00, Sys 0 00:00:00  -  Total Local Usage
	9953  -  Run Bytes Sent By Job
	1378  -  Run Bytes Received By Job
	9953  -  Total Bytes Sent By Job
	1378  -  Total Bytes Received By Job
	Partitionable Resources :    Usage  Request Allocated 
	   Cpus                 :        0        1         1 
	   Disk (KB)            :       35        2      3895 
	   GPUs                 :                           0 
	   Memory (MB)          :        1     3000      3000 
	   TimeExecute (s)      :      120                    
	   TimeSlotBusy (s)     :      122                    

	Job terminated of its own accord at 2026-03-25T08:40:42Z with exit-code 0.
...
