000 (7102754.630.000) 03/25 09:21:09 Job submitted from host: <188.185.125.71:9618?addrs=188.185.125.71-9618+[2001-1458-d00-4a--100-15e]-9618&alias=bigbird28.cern.ch&noUDP&sock=schedd_2603_051c>
...
040 (7102754.630.000) 03/25 09:54:32 Started transferring input files
	Transferring to host: <188.185.194.80:9618?addrs=188.185.194.80-9618+[2001-1458-303-21--100-4c]-9618&alias=b9p20p7148.cern.ch&noUDP&sock=slot1_34_6417_1b5e_181735>
...
040 (7102754.630.000) 03/25 09:54:32 Finished transferring input files
...
001 (7102754.630.000) 03/25 09:54:33 Job executing on host: <188.185.194.80:9618?addrs=188.185.194.80-9618+[2001-1458-303-21--100-4c]-9618&alias=b9p20p7148.cern.ch&noUDP&sock=startd_5103_cfe0>
	SlotName: slot1_34@b9p20p7148.cern.ch
	CondorScratchDir = "/pool/condor/dir_1763171"
	Cpus = 1
	Disk = 3832
	GPUs = 0
	Memory = 3000
...
006 (7102754.630.000) 03/25 09:54:46 Image size of job updated: 880
	1  -  MemoryUsage of job (MB)
	880  -  ResidentSetSize of job (KB)
...
006 (7102754.630.000) 03/25 09:59:46 Image size of job updated: 182280
	179  -  MemoryUsage of job (MB)
	182280  -  ResidentSetSize of job (KB)
...
006 (7102754.630.000) 03/25 10:01:02 Image size of job updated: 317404
	179  -  MemoryUsage of job (MB)
	182280  -  ResidentSetSize of job (KB)
...
040 (7102754.630.000) 03/25 10:01:02 Started transferring output files
...
040 (7102754.630.000) 03/25 10:01:02 Finished transferring output files
...
005 (7102754.630.000) 03/25 10:01:02 Job terminated.
	(1) Normal termination (return value 0)
		Usr 0 00:00:12, Sys 0 00:00:03  -  Run Remote Usage
		Usr 0 00:00:00, Sys 0 00:00:00  -  Run Local Usage
		Usr 0 00:00:12, Sys 0 00:00:03  -  Total Remote Usage
		Usr 0 00:00:00, Sys 0 00:00:00  -  Total Local Usage
	9955  -  Run Bytes Sent By Job
	1378  -  Run Bytes Received By Job
	9955  -  Total Bytes Sent By Job
	1378  -  Total Bytes Received By Job
	Partitionable Resources :    Usage  Request Allocated 
	   Cpus                 :        0        1         1 
	   Disk (KB)            :       34        2      3832 
	   GPUs                 :                           0 
	   Memory (MB)          :      179     3000      3000 
	   TimeExecute (s)      :      389                    
	   TimeSlotBusy (s)     :      391                    

	Job terminated of its own accord at 2026-03-25T09:01:02Z with exit-code 0.
...
