000 (7102754.144.000) 03/25 09:21:09 Job submitted from host: <188.185.125.71:9618?addrs=188.185.125.71-9618+[2001-1458-d00-4a--100-15e]-9618&alias=bigbird28.cern.ch&noUDP&sock=schedd_2603_051c>
...
040 (7102754.144.000) 03/25 09:28:40 Started transferring input files
	Transferring to host: <128.142.51.211:9618?addrs=128.142.51.211-9618+[2001-1458-301-3--100-10]-9618&alias=b9g02p0513.cern.ch&noUDP&sock=slot1_48_8401_03af_193081>
...
040 (7102754.144.000) 03/25 09:28:40 Finished transferring input files
...
001 (7102754.144.000) 03/25 09:28:41 Job executing on host: <128.142.51.211:9618?addrs=128.142.51.211-9618+[2001-1458-301-3--100-10]-9618&alias=b9g02p0513.cern.ch&noUDP&sock=startd_6882_0edc>
	SlotName: slot1_48@b9g02p0513.cern.ch
	CondorScratchDir = "/pool/condor/dir_2537725"
	Cpus = 1
	Disk = 3882
	GPUs = 0
	Memory = 3000
...
006 (7102754.144.000) 03/25 09:28:55 Image size of job updated: 900
	1  -  MemoryUsage of job (MB)
	900  -  ResidentSetSize of job (KB)
...
006 (7102754.144.000) 03/25 09:30:22 Image size of job updated: 353420
	1  -  MemoryUsage of job (MB)
	900  -  ResidentSetSize of job (KB)
...
040 (7102754.144.000) 03/25 09:30:22 Started transferring output files
...
040 (7102754.144.000) 03/25 09:30:22 Finished transferring output files
...
005 (7102754.144.000) 03/25 09:30:22 Job terminated.
	(1) Normal termination (return value 0)
		Usr 0 00:00:10, Sys 0 00:00:02  -  Run Remote Usage
		Usr 0 00:00:00, Sys 0 00:00:00  -  Run Local Usage
		Usr 0 00:00:10, Sys 0 00:00:02  -  Total Remote Usage
		Usr 0 00:00:00, Sys 0 00:00:00  -  Total Local Usage
	10249  -  Run Bytes Sent By Job
	1378  -  Run Bytes Received By Job
	10249  -  Total Bytes Sent By Job
	1378  -  Total Bytes Received By Job
	Partitionable Resources :    Usage  Request Allocated 
	   Cpus                 :        0        1         1 
	   Disk (KB)            :       36        2      3882 
	   GPUs                 :                           0 
	   Memory (MB)          :        1     3000      3000 
	   TimeExecute (s)      :      101                    
	   TimeSlotBusy (s)     :      102                    

	Job terminated of its own accord at 2026-03-25T08:30:22Z with exit-code 0.
...
