000 (7102754.1298.000) 03/25 09:21:10 Job submitted from host: <188.185.125.71:9618?addrs=188.185.125.71-9618+[2001-1458-d00-4a--100-15e]-9618&alias=bigbird28.cern.ch&noUDP&sock=schedd_2603_051c>
...
040 (7102754.1298.000) 03/25 10:25:20 Started transferring input files
	Transferring to host: <128.142.192.152:9618?addrs=128.142.192.152-9618+[2001-1458-301-56--100-14]-9618&alias=b9g18p1920.cern.ch&noUDP&sock=slot1_26_3901213_3a8b_156022>
...
040 (7102754.1298.000) 03/25 10:25:20 Finished transferring input files
...
001 (7102754.1298.000) 03/25 10:25:21 Job executing on host: <128.142.192.152:9618?addrs=128.142.192.152-9618+[2001-1458-301-56--100-14]-9618&alias=b9g18p1920.cern.ch&noUDP&sock=startd_2981_4be9>
	SlotName: slot1_26@b9g18p1920.cern.ch
	CondorScratchDir = "/pool/condor/dir_3724834"
	Cpus = 1
	Disk = 3811
	GPUs = 0
	Memory = 3000
...
006 (7102754.1298.000) 03/25 10:25:35 Image size of job updated: 888
	1  -  MemoryUsage of job (MB)
	888  -  ResidentSetSize of job (KB)
...
006 (7102754.1298.000) 03/25 10:27:30 Image size of job updated: 367312
	1  -  MemoryUsage of job (MB)
	888  -  ResidentSetSize of job (KB)
...
040 (7102754.1298.000) 03/25 10:27:30 Started transferring output files
...
040 (7102754.1298.000) 03/25 10:27:30 Finished transferring output files
...
005 (7102754.1298.000) 03/25 10:27:30 Job terminated.
	(1) Normal termination (return value 0)
		Usr 0 00:00:13, Sys 0 00:00:02  -  Run Remote Usage
		Usr 0 00:00:00, Sys 0 00:00:00  -  Run Local Usage
		Usr 0 00:00:13, Sys 0 00:00:02  -  Total Remote Usage
		Usr 0 00:00:00, Sys 0 00:00:00  -  Total Local Usage
	10250  -  Run Bytes Sent By Job
	1378  -  Run Bytes Received By Job
	10250  -  Total Bytes Sent By Job
	1378  -  Total Bytes Received By Job
	Partitionable Resources :    Usage  Request Allocated 
	   Cpus                 :        0        1         1 
	   Disk (KB)            :       34        2      3811 
	   GPUs                 :                           0 
	   Memory (MB)          :        1     3000      3000 
	   TimeExecute (s)      :      129                    
	   TimeSlotBusy (s)     :      131                    

	Job terminated of its own accord at 2026-03-25T09:27:30Z with exit-code 0.
...
