000 (7102754.1239.000) 03/25 09:21:10 Job submitted from host: <188.185.125.71:9618?addrs=188.185.125.71-9618+[2001-1458-d00-4a--100-15e]-9618&alias=bigbird28.cern.ch&noUDP&sock=schedd_2603_051c>
...
040 (7102754.1239.000) 03/25 10:13:25 Started transferring input files
	Transferring to host: <188.185.215.103:9618?addrs=188.185.215.103-9618+[2001-1458-303-1e--100-63]-9618&alias=b9p31p8298.cern.ch&noUDP&sock=slot1_45_4202_7064_203018>
...
040 (7102754.1239.000) 03/25 10:13:25 Finished transferring input files
...
001 (7102754.1239.000) 03/25 10:13:26 Job executing on host: <188.185.215.103:9618?addrs=188.185.215.103-9618+[2001-1458-303-1e--100-63]-9618&alias=b9p31p8298.cern.ch&noUDP&sock=startd_3550_954c>
	SlotName: slot1_45@b9p31p8298.cern.ch
	CondorScratchDir = "/pool/condor/dir_422870"
	Cpus = 1
	Disk = 3768
	GPUs = 0
	Memory = 3000
...
006 (7102754.1239.000) 03/25 10:13:39 Image size of job updated: 876
	1  -  MemoryUsage of job (MB)
	876  -  ResidentSetSize of job (KB)
...
006 (7102754.1239.000) 03/25 10:14:35 Image size of job updated: 268492
	1  -  MemoryUsage of job (MB)
	876  -  ResidentSetSize of job (KB)
...
040 (7102754.1239.000) 03/25 10:14:35 Started transferring output files
...
040 (7102754.1239.000) 03/25 10:14:35 Finished transferring output files
...
005 (7102754.1239.000) 03/25 10:14:35 Job terminated.
	(1) Normal termination (return value 0)
		Usr 0 00:00:07, Sys 0 00:00:02  -  Run Remote Usage
		Usr 0 00:00:00, Sys 0 00:00:00  -  Run Local Usage
		Usr 0 00:00:07, Sys 0 00:00:02  -  Total Remote Usage
		Usr 0 00:00:00, Sys 0 00:00:00  -  Total Local Usage
	9953  -  Run Bytes Sent By Job
	1378  -  Run Bytes Received By Job
	9953  -  Total Bytes Sent By Job
	1378  -  Total Bytes Received By Job
	Partitionable Resources :    Usage  Request Allocated 
	   Cpus                 :                 1         1 
	   Disk (KB)            :       27        2      3768 
	   GPUs                 :                           0 
	   Memory (MB)          :        1     3000      3000 
	   TimeExecute (s)      :       69                    
	   TimeSlotBusy (s)     :       70                    

	Job terminated of its own accord at 2026-03-25T09:14:35Z with exit-code 0.
...
