000 (7102754.490.000) 03/25 09:21:09 Job submitted from host: <188.185.125.71:9618?addrs=188.185.125.71-9618+[2001-1458-d00-4a--100-15e]-9618&alias=bigbird28.cern.ch&noUDP&sock=schedd_2603_051c>
...
040 (7102754.490.000) 03/25 09:47:56 Started transferring input files
	Transferring to host: <188.185.196.184:9618?addrs=188.185.196.184-9618+[2001-1458-303-23--100-b4]-9618&alias=b9p16p2173.cern.ch&noUDP&sock=slot1_43_1797790_70cc_27470>
...
040 (7102754.490.000) 03/25 09:47:56 Finished transferring input files
...
001 (7102754.490.000) 03/25 09:47:57 Job executing on host: <188.185.196.184:9618?addrs=188.185.196.184-9618+[2001-1458-303-23--100-b4]-9618&alias=b9p16p2173.cern.ch&noUDP&sock=startd_1797749_dcb4>
	SlotName: slot1_43@b9p16p2173.cern.ch
	CondorScratchDir = "/pool/condor/dir_2946230"
	Cpus = 1
	Disk = 3835
	GPUs = 0
	Memory = 3000
...
006 (7102754.490.000) 03/25 09:48:11 Image size of job updated: 880
	1  -  MemoryUsage of job (MB)
	880  -  ResidentSetSize of job (KB)
...
006 (7102754.490.000) 03/25 09:50:23 Image size of job updated: 374132
	1  -  MemoryUsage of job (MB)
	880  -  ResidentSetSize of job (KB)
...
040 (7102754.490.000) 03/25 09:50:23 Started transferring output files
...
040 (7102754.490.000) 03/25 09:50:23 Finished transferring output files
...
005 (7102754.490.000) 03/25 09:50:23 Job terminated.
	(1) Normal termination (return value 0)
		Usr 0 00:00:12, Sys 0 00:00:03  -  Run Remote Usage
		Usr 0 00:00:00, Sys 0 00:00:00  -  Run Local Usage
		Usr 0 00:00:12, Sys 0 00:00:03  -  Total Remote Usage
		Usr 0 00:00:00, Sys 0 00:00:00  -  Total Local Usage
	9954  -  Run Bytes Sent By Job
	1378  -  Run Bytes Received By Job
	9954  -  Total Bytes Sent By Job
	1378  -  Total Bytes Received By Job
	Partitionable Resources :    Usage  Request Allocated 
	   Cpus                 :        0        1         1 
	   Disk (KB)            :       34        2      3835 
	   GPUs                 :                           0 
	   Memory (MB)          :        1     3000      3000 
	   TimeExecute (s)      :      146                    
	   TimeSlotBusy (s)     :      148                    

	Job terminated of its own accord at 2026-03-25T08:50:23Z with exit-code 0.
...
