000 (7102754.035.000) 03/25 09:21:09 Job submitted from host: <188.185.125.71:9618?addrs=188.185.125.71-9618+[2001-1458-d00-4a--100-15e]-9618&alias=bigbird28.cern.ch&noUDP&sock=schedd_2603_051c>
...
040 (7102754.035.000) 03/25 09:22:11 Started transferring input files
	Transferring to host: <188.185.196.32:9618?addrs=188.185.196.32-9618+[2001-1458-303-23--100-1c]-9618&alias=b9p16p7742.cern.ch&noUDP&sock=slot1_11_5332_a052_185561>
...
040 (7102754.035.000) 03/25 09:22:11 Finished transferring input files
...
001 (7102754.035.000) 03/25 09:22:12 Job executing on host: <188.185.196.32:9618?addrs=188.185.196.32-9618+[2001-1458-303-23--100-1c]-9618&alias=b9p16p7742.cern.ch&noUDP&sock=startd_4136_87cc>
	SlotName: slot1_11@b9p16p7742.cern.ch
	CondorScratchDir = "/pool/condor/dir_1757494"
	Cpus = 1
	Disk = 3860
	GPUs = 0
	Memory = 3000
...
006 (7102754.035.000) 03/25 09:22:25 Image size of job updated: 872
	1  -  MemoryUsage of job (MB)
	872  -  ResidentSetSize of job (KB)
...
006 (7102754.035.000) 03/25 09:23:23 Image size of job updated: 363152
	1  -  MemoryUsage of job (MB)
	872  -  ResidentSetSize of job (KB)
...
040 (7102754.035.000) 03/25 09:23:23 Started transferring output files
...
040 (7102754.035.000) 03/25 09:23:23 Finished transferring output files
...
005 (7102754.035.000) 03/25 09:23:23 Job terminated.
	(1) Normal termination (return value 0)
		Usr 0 00:00:13, Sys 0 00:00:03  -  Run Remote Usage
		Usr 0 00:00:00, Sys 0 00:00:00  -  Run Local Usage
		Usr 0 00:00:13, Sys 0 00:00:03  -  Total Remote Usage
		Usr 0 00:00:00, Sys 0 00:00:00  -  Total Local Usage
	9955  -  Run Bytes Sent By Job
	1378  -  Run Bytes Received By Job
	9955  -  Total Bytes Sent By Job
	1378  -  Total Bytes Received By Job
	Partitionable Resources :    Usage  Request Allocated 
	   Cpus                 :        0        1         1 
	   Disk (KB)            :       34        2      3860 
	   GPUs                 :                           0 
	   Memory (MB)          :        1     3000      3000 
	   TimeExecute (s)      :       71                    
	   TimeSlotBusy (s)     :       73                    

	Job terminated of its own accord at 2026-03-25T08:23:23Z with exit-code 0.
...
