000 (7102754.780.000) 03/25 09:21:10 Job submitted from host: <188.185.125.71:9618?addrs=188.185.125.71-9618+[2001-1458-d00-4a--100-15e]-9618&alias=bigbird28.cern.ch&noUDP&sock=schedd_2603_051c>
...
040 (7102754.780.000) 03/25 10:02:26 Started transferring input files
	Transferring to host: <188.185.195.125:9618?addrs=188.185.195.125-9618+[2001-1458-303-22--100-79]-9618&alias=b9p17p2448.cern.ch&noUDP&sock=slot1_13_3054_91b5_27279>
...
040 (7102754.780.000) 03/25 10:02:26 Finished transferring input files
...
001 (7102754.780.000) 03/25 10:02:27 Job executing on host: <188.185.195.125:9618?addrs=188.185.195.125-9618+[2001-1458-303-22--100-79]-9618&alias=b9p17p2448.cern.ch&noUDP&sock=startd_2584_fccf>
	SlotName: slot1_13@b9p17p2448.cern.ch
	CondorScratchDir = "/pool/condor/dir_4175069"
	Cpus = 1
	Disk = 3955
	GPUs = 0
	Memory = 3000
...
006 (7102754.780.000) 03/25 10:02:40 Image size of job updated: 880
	1  -  MemoryUsage of job (MB)
	880  -  ResidentSetSize of job (KB)
...
006 (7102754.780.000) 03/25 10:03:49 Image size of job updated: 366856
	1  -  MemoryUsage of job (MB)
	880  -  ResidentSetSize of job (KB)
...
040 (7102754.780.000) 03/25 10:03:49 Started transferring output files
...
040 (7102754.780.000) 03/25 10:03:49 Finished transferring output files
...
005 (7102754.780.000) 03/25 10:03:49 Job terminated.
	(1) Normal termination (return value 0)
		Usr 0 00:00:12, Sys 0 00:00:02  -  Run Remote Usage
		Usr 0 00:00:00, Sys 0 00:00:00  -  Run Local Usage
		Usr 0 00:00:12, Sys 0 00:00:02  -  Total Remote Usage
		Usr 0 00:00:00, Sys 0 00:00:00  -  Total Local Usage
	9953  -  Run Bytes Sent By Job
	1378  -  Run Bytes Received By Job
	9953  -  Total Bytes Sent By Job
	1378  -  Total Bytes Received By Job
	Partitionable Resources :    Usage  Request Allocated 
	   Cpus                 :        0        1         1 
	   Disk (KB)            :       34        2      3955 
	   GPUs                 :                           0 
	   Memory (MB)          :        1     3000      3000 
	   TimeExecute (s)      :       82                    
	   TimeSlotBusy (s)     :       83                    

	Job terminated of its own accord at 2026-03-25T09:03:49Z with exit-code 0.
...
