000 (7102754.376.000) 03/25 09:21:09 Job submitted from host: <188.185.125.71:9618?addrs=188.185.125.71-9618+[2001-1458-d00-4a--100-15e]-9618&alias=bigbird28.cern.ch&noUDP&sock=schedd_2603_051c>
...
040 (7102754.376.000) 03/25 09:42:46 Started transferring input files
	Transferring to host: <188.185.194.155:9618?addrs=188.185.194.155-9618+[2001-1458-303-21--100-97]-9618&alias=b9p20p8436.cern.ch&noUDP&sock=slot1_10_7372_fda5_183841>
...
040 (7102754.376.000) 03/25 09:42:46 Finished transferring input files
...
001 (7102754.376.000) 03/25 09:42:47 Job executing on host: <188.185.194.155:9618?addrs=188.185.194.155-9618+[2001-1458-303-21--100-97]-9618&alias=b9p20p8436.cern.ch&noUDP&sock=startd_6083_02b1>
	SlotName: slot1_10@b9p20p8436.cern.ch
	CondorScratchDir = "/pool/condor/dir_128321"
	Cpus = 1
	Disk = 3935
	GPUs = 0
	Memory = 3000
...
006 (7102754.376.000) 03/25 09:43:01 Image size of job updated: 888
	1  -  MemoryUsage of job (MB)
	888  -  ResidentSetSize of job (KB)
...
006 (7102754.376.000) 03/25 09:43:39 Image size of job updated: 488956
	1  -  MemoryUsage of job (MB)
	888  -  ResidentSetSize of job (KB)
...
040 (7102754.376.000) 03/25 09:43:39 Started transferring output files
...
040 (7102754.376.000) 03/25 09:43:39 Finished transferring output files
...
005 (7102754.376.000) 03/25 09:43:39 Job terminated.
	(1) Normal termination (return value 0)
		Usr 0 00:00:26, Sys 0 00:00:03  -  Run Remote Usage
		Usr 0 00:00:00, Sys 0 00:00:00  -  Run Local Usage
		Usr 0 00:00:26, Sys 0 00:00:03  -  Total Remote Usage
		Usr 0 00:00:00, Sys 0 00:00:00  -  Total Local Usage
	10022  -  Run Bytes Sent By Job
	1378  -  Run Bytes Received By Job
	10022  -  Total Bytes Sent By Job
	1378  -  Total Bytes Received By Job
	Partitionable Resources :    Usage  Request Allocated 
	   Cpus                 :        0        1         1 
	   Disk (KB)            :       34        2      3935 
	   GPUs                 :                           0 
	   Memory (MB)          :        1     3000      3000 
	   TimeExecute (s)      :       52                    
	   TimeSlotBusy (s)     :       54                    

	Job terminated of its own accord at 2026-03-25T08:43:39Z with exit-code 0.
...
