000 (7102754.726.000) 03/25 09:21:10 Job submitted from host: <188.185.125.71:9618?addrs=188.185.125.71-9618+[2001-1458-d00-4a--100-15e]-9618&alias=bigbird28.cern.ch&noUDP&sock=schedd_2603_051c>
...
040 (7102754.726.000) 03/25 10:00:59 Started transferring input files
	Transferring to host: <188.185.214.44:9618?addrs=188.185.214.44-9618+[2001-1458-303-1c--100-28]-9618&alias=b9p29p3559.cern.ch&noUDP&sock=slot1_18_4091957_a1d7_159970>
...
040 (7102754.726.000) 03/25 10:00:59 Finished transferring input files
...
001 (7102754.726.000) 03/25 10:01:00 Job executing on host: <188.185.214.44:9618?addrs=188.185.214.44-9618+[2001-1458-303-1c--100-28]-9618&alias=b9p29p3559.cern.ch&noUDP&sock=startd_4072_a1bc>
	SlotName: slot1_18@b9p29p3559.cern.ch
	CondorScratchDir = "/pool/condor/dir_1139975"
	Cpus = 1
	Disk = 3875
	GPUs = 0
	Memory = 3000
...
006 (7102754.726.000) 03/25 10:01:13 Image size of job updated: 880
	1  -  MemoryUsage of job (MB)
	880  -  ResidentSetSize of job (KB)
...
006 (7102754.726.000) 03/25 10:01:55 Image size of job updated: 500832
	1  -  MemoryUsage of job (MB)
	880  -  ResidentSetSize of job (KB)
...
040 (7102754.726.000) 03/25 10:01:55 Started transferring output files
...
040 (7102754.726.000) 03/25 10:01:55 Finished transferring output files
...
005 (7102754.726.000) 03/25 10:01:55 Job terminated.
	(1) Normal termination (return value 0)
		Usr 0 00:00:14, Sys 0 00:00:02  -  Run Remote Usage
		Usr 0 00:00:00, Sys 0 00:00:00  -  Run Local Usage
		Usr 0 00:00:14, Sys 0 00:00:02  -  Total Remote Usage
		Usr 0 00:00:00, Sys 0 00:00:00  -  Total Local Usage
	10025  -  Run Bytes Sent By Job
	1378  -  Run Bytes Received By Job
	10025  -  Total Bytes Sent By Job
	1378  -  Total Bytes Received By Job
	Partitionable Resources :    Usage  Request Allocated 
	   Cpus                 :        0        1         1 
	   Disk (KB)            :       35        2      3875 
	   GPUs                 :                           0 
	   Memory (MB)          :        1     3000      3000 
	   TimeExecute (s)      :       55                    
	   TimeSlotBusy (s)     :       56                    

	Job terminated of its own accord at 2026-03-25T09:01:55Z with exit-code 0.
...
