000 (7102754.1549.000) 03/25 09:21:11 Job submitted from host: <188.185.125.71:9618?addrs=188.185.125.71-9618+[2001-1458-d00-4a--100-15e]-9618&alias=bigbird28.cern.ch&noUDP&sock=schedd_2603_051c>
...
040 (7102754.1549.000) 03/25 10:34:08 Started transferring input files
	Transferring to host: <188.185.212.96:9618?addrs=188.185.212.96-9618+[2001-1458-303-18--100-5c]-9618&alias=b9p25p1476.cern.ch&noUDP&sock=slot1_29_1429940_d69d_121031>
...
040 (7102754.1549.000) 03/25 10:34:08 Finished transferring input files
...
001 (7102754.1549.000) 03/25 10:34:09 Job executing on host: <188.185.212.96:9618?addrs=188.185.212.96-9618+[2001-1458-303-18--100-5c]-9618&alias=b9p25p1476.cern.ch&noUDP&sock=startd_1429261_be5f>
	SlotName: slot1_29@b9p25p1476.cern.ch
	CondorScratchDir = "/pool/condor/dir_2582883"
	Cpus = 1
	Disk = 3805
	GPUs = 0
	Memory = 3000
...
006 (7102754.1549.000) 03/25 10:34:22 Image size of job updated: 876
	1  -  MemoryUsage of job (MB)
	876  -  ResidentSetSize of job (KB)
...
006 (7102754.1549.000) 03/25 10:36:03 Image size of job updated: 538044
	1  -  MemoryUsage of job (MB)
	876  -  ResidentSetSize of job (KB)
...
040 (7102754.1549.000) 03/25 10:36:03 Started transferring output files
...
040 (7102754.1549.000) 03/25 10:36:03 Finished transferring output files
...
005 (7102754.1549.000) 03/25 10:36:03 Job terminated.
	(1) Normal termination (return value 0)
		Usr 0 00:00:25, Sys 0 00:00:03  -  Run Remote Usage
		Usr 0 00:00:00, Sys 0 00:00:00  -  Run Local Usage
		Usr 0 00:00:25, Sys 0 00:00:03  -  Total Remote Usage
		Usr 0 00:00:00, Sys 0 00:00:00  -  Total Local Usage
	10095  -  Run Bytes Sent By Job
	1378  -  Run Bytes Received By Job
	10095  -  Total Bytes Sent By Job
	1378  -  Total Bytes Received By Job
	Partitionable Resources :    Usage  Request Allocated 
	   Cpus                 :        0        1         1 
	   Disk (KB)            :       35        2      3805 
	   GPUs                 :                           0 
	   Memory (MB)          :        1     3000      3000 
	   TimeExecute (s)      :      114                    
	   TimeSlotBusy (s)     :      116                    

	Job terminated of its own accord at 2026-03-25T09:36:03Z with exit-code 0.
...
