000 (7102754.620.000) 03/25 09:21:09 Job submitted from host: <188.185.125.71:9618?addrs=188.185.125.71-9618+[2001-1458-d00-4a--100-15e]-9618&alias=bigbird28.cern.ch&noUDP&sock=schedd_2603_051c>
...
040 (7102754.620.000) 03/25 09:54:27 Started transferring input files
	Transferring to host: <128.142.33.224:9618?addrs=128.142.33.224-9618+[2001-1458-301-39--100-1d]-9618&alias=b9g24p1529.cern.ch&noUDP&sock=slot1_36_5742_8223_209509>
...
040 (7102754.620.000) 03/25 09:54:27 Finished transferring input files
...
001 (7102754.620.000) 03/25 09:54:28 Job executing on host: <128.142.33.224:9618?addrs=128.142.33.224-9618+[2001-1458-301-39--100-1d]-9618&alias=b9g24p1529.cern.ch&noUDP&sock=startd_4909_be81>
	SlotName: slot1_36@b9g24p1529.cern.ch
	CondorScratchDir = "/pool/condor/dir_4178521"
	Cpus = 1
	Disk = 3894
	GPUs = 0
	Memory = 3000
...
006 (7102754.620.000) 03/25 09:54:42 Image size of job updated: 892
	1  -  MemoryUsage of job (MB)
	892  -  ResidentSetSize of job (KB)
...
006 (7102754.620.000) 03/25 09:56:52 Image size of job updated: 336552
	1  -  MemoryUsage of job (MB)
	892  -  ResidentSetSize of job (KB)
...
040 (7102754.620.000) 03/25 09:56:52 Started transferring output files
...
040 (7102754.620.000) 03/25 09:56:52 Finished transferring output files
...
005 (7102754.620.000) 03/25 09:56:52 Job terminated.
	(1) Normal termination (return value 0)
		Usr 0 00:00:08, Sys 0 00:00:03  -  Run Remote Usage
		Usr 0 00:00:00, Sys 0 00:00:00  -  Run Local Usage
		Usr 0 00:00:08, Sys 0 00:00:03  -  Total Remote Usage
		Usr 0 00:00:00, Sys 0 00:00:00  -  Total Local Usage
	9953  -  Run Bytes Sent By Job
	1378  -  Run Bytes Received By Job
	9953  -  Total Bytes Sent By Job
	1378  -  Total Bytes Received By Job
	Partitionable Resources :    Usage  Request Allocated 
	   Cpus                 :        0        1         1 
	   Disk (KB)            :       34        2      3894 
	   GPUs                 :                           0 
	   Memory (MB)          :        1     3000      3000 
	   TimeExecute (s)      :      144                    
	   TimeSlotBusy (s)     :      145                    

	Job terminated of its own accord at 2026-03-25T08:56:52Z with exit-code 0.
...
