000 (7102754.310.000) 03/25 09:21:09 Job submitted from host: <188.185.125.71:9618?addrs=188.185.125.71-9618+[2001-1458-d00-4a--100-15e]-9618&alias=bigbird28.cern.ch&noUDP&sock=schedd_2603_051c>
...
040 (7102754.310.000) 03/25 09:38:56 Started transferring input files
	Transferring to host: <128.142.51.211:9618?addrs=128.142.51.211-9618+[2001-1458-301-3--100-10]-9618&alias=b9g02p0513.cern.ch&noUDP&sock=slot1_49_8401_03af_193090>
...
040 (7102754.310.000) 03/25 09:38:56 Finished transferring input files
...
001 (7102754.310.000) 03/25 09:38:57 Job executing on host: <128.142.51.211:9618?addrs=128.142.51.211-9618+[2001-1458-301-3--100-10]-9618&alias=b9g02p0513.cern.ch&noUDP&sock=startd_6882_0edc>
	SlotName: slot1_49@b9g02p0513.cern.ch
	CondorScratchDir = "/pool/condor/dir_2540097"
	Cpus = 1
	Disk = 3882
	GPUs = 0
	Memory = 3000
...
006 (7102754.310.000) 03/25 09:39:11 Image size of job updated: 880
	1  -  MemoryUsage of job (MB)
	880  -  ResidentSetSize of job (KB)
...
006 (7102754.310.000) 03/25 09:40:27 Image size of job updated: 495108
	1  -  MemoryUsage of job (MB)
	880  -  ResidentSetSize of job (KB)
...
040 (7102754.310.000) 03/25 09:40:27 Started transferring output files
...
040 (7102754.310.000) 03/25 09:40:27 Finished transferring output files
...
005 (7102754.310.000) 03/25 09:40:27 Job terminated.
	(1) Normal termination (return value 0)
		Usr 0 00:00:26, Sys 0 00:00:02  -  Run Remote Usage
		Usr 0 00:00:00, Sys 0 00:00:00  -  Run Local Usage
		Usr 0 00:00:26, Sys 0 00:00:02  -  Total Remote Usage
		Usr 0 00:00:00, Sys 0 00:00:00  -  Total Local Usage
	10320  -  Run Bytes Sent By Job
	1378  -  Run Bytes Received By Job
	10320  -  Total Bytes Sent By Job
	1378  -  Total Bytes Received By Job
	Partitionable Resources :    Usage  Request Allocated 
	   Cpus                 :                 1         1 
	   Disk (KB)            :       26        2      3882 
	   GPUs                 :                           0 
	   Memory (MB)          :        1     3000      3000 
	   TimeExecute (s)      :       90                    
	   TimeSlotBusy (s)     :       91                    

	Job terminated of its own accord at 2026-03-25T08:40:27Z with exit-code 0.
...
