000 (7102754.224.000) 03/25 09:21:09 Job submitted from host: <188.185.125.71:9618?addrs=188.185.125.71-9618+[2001-1458-d00-4a--100-15e]-9618&alias=bigbird28.cern.ch&noUDP&sock=schedd_2603_051c>
...
040 (7102754.224.000) 03/25 09:34:25 Started transferring input files
	Transferring to host: <188.185.192.136:9618?addrs=188.185.192.136-9618+[2001-1458-303-1f--100-84]-9618&alias=b9p13p7065.cern.ch&noUDP&sock=slot1_35_7818_3cf7_182699>
...
040 (7102754.224.000) 03/25 09:34:25 Finished transferring input files
...
001 (7102754.224.000) 03/25 09:34:26 Job executing on host: <188.185.192.136:9618?addrs=188.185.192.136-9618+[2001-1458-303-1f--100-84]-9618&alias=b9p13p7065.cern.ch&noUDP&sock=startd_6569_5db8>
	SlotName: slot1_35@b9p13p7065.cern.ch
	CondorScratchDir = "/pool/condor/dir_1070514"
	Cpus = 1
	Disk = 3850
	GPUs = 0
	Memory = 3000
...
006 (7102754.224.000) 03/25 09:34:40 Image size of job updated: 884
	1  -  MemoryUsage of job (MB)
	884  -  ResidentSetSize of job (KB)
...
006 (7102754.224.000) 03/25 09:36:10 Image size of job updated: 476888
	1  -  MemoryUsage of job (MB)
	884  -  ResidentSetSize of job (KB)
...
040 (7102754.224.000) 03/25 09:36:10 Started transferring output files
...
040 (7102754.224.000) 03/25 09:36:10 Finished transferring output files
...
005 (7102754.224.000) 03/25 09:36:10 Job terminated.
	(1) Normal termination (return value 0)
		Usr 0 00:00:25, Sys 0 00:00:02  -  Run Remote Usage
		Usr 0 00:00:00, Sys 0 00:00:00  -  Run Local Usage
		Usr 0 00:00:25, Sys 0 00:00:02  -  Total Remote Usage
		Usr 0 00:00:00, Sys 0 00:00:00  -  Total Local Usage
	10023  -  Run Bytes Sent By Job
	1378  -  Run Bytes Received By Job
	10023  -  Total Bytes Sent By Job
	1378  -  Total Bytes Received By Job
	Partitionable Resources :    Usage  Request Allocated 
	   Cpus                 :                 1         1 
	   Disk (KB)            :       27        2      3850 
	   GPUs                 :                           0 
	   Memory (MB)          :        1     3000      3000 
	   TimeExecute (s)      :      104                    
	   TimeSlotBusy (s)     :      105                    

	Job terminated of its own accord at 2026-03-25T08:36:10Z with exit-code 0.
...
