000 (7102754.1127.000) 03/25 09:21:10 Job submitted from host: <188.185.125.71:9618?addrs=188.185.125.71-9618+[2001-1458-d00-4a--100-15e]-9618&alias=bigbird28.cern.ch&noUDP&sock=schedd_2603_051c>
...
040 (7102754.1127.000) 03/25 10:11:47 Started transferring input files
	Transferring to host: <188.185.215.92:9618?addrs=188.185.215.92-9618+[2001-1458-303-1e--100-58]-9618&alias=b9p31p7012.cern.ch&noUDP&sock=slot1_33_4129_0101_206792>
...
040 (7102754.1127.000) 03/25 10:11:47 Finished transferring input files
...
001 (7102754.1127.000) 03/25 10:11:48 Job executing on host: <188.185.215.92:9618?addrs=188.185.215.92-9618+[2001-1458-303-1e--100-58]-9618&alias=b9p31p7012.cern.ch&noUDP&sock=startd_3523_103d>
	SlotName: slot1_33@b9p31p7012.cern.ch
	CondorScratchDir = "/pool/condor/dir_3294305"
	Cpus = 1
	Disk = 3823
	GPUs = 0
	Memory = 3000
...
006 (7102754.1127.000) 03/25 10:12:01 Image size of job updated: 884
	1  -  MemoryUsage of job (MB)
	884  -  ResidentSetSize of job (KB)
...
006 (7102754.1127.000) 03/25 10:12:42 Image size of job updated: 310016
	1  -  MemoryUsage of job (MB)
	884  -  ResidentSetSize of job (KB)
...
040 (7102754.1127.000) 03/25 10:12:42 Started transferring output files
...
040 (7102754.1127.000) 03/25 10:12:42 Finished transferring output files
...
005 (7102754.1127.000) 03/25 10:12:42 Job terminated.
	(1) Normal termination (return value 0)
		Usr 0 00:00:08, Sys 0 00:00:02  -  Run Remote Usage
		Usr 0 00:00:00, Sys 0 00:00:00  -  Run Local Usage
		Usr 0 00:00:08, Sys 0 00:00:02  -  Total Remote Usage
		Usr 0 00:00:00, Sys 0 00:00:00  -  Total Local Usage
	9953  -  Run Bytes Sent By Job
	1378  -  Run Bytes Received By Job
	9953  -  Total Bytes Sent By Job
	1378  -  Total Bytes Received By Job
	Partitionable Resources :    Usage  Request Allocated 
	   Cpus                 :        0        1         1 
	   Disk (KB)            :       34        2      3823 
	   GPUs                 :                           0 
	   Memory (MB)          :        1     3000      3000 
	   TimeExecute (s)      :       54                    
	   TimeSlotBusy (s)     :       55                    

	Job terminated of its own accord at 2026-03-25T09:12:42Z with exit-code 0.
...
