000 (7102754.841.000) 03/25 09:21:10 Job submitted from host: <188.185.125.71:9618?addrs=188.185.125.71-9618+[2001-1458-d00-4a--100-15e]-9618&alias=bigbird28.cern.ch&noUDP&sock=schedd_2603_051c>
...
040 (7102754.841.000) 03/25 10:03:46 Started transferring input files
	Transferring to host: <188.185.195.181:9618?addrs=188.185.195.181-9618+[2001-1458-303-22--100-b1]-9618&alias=b9p17p6154.cern.ch&noUDP&sock=slot1_35_6233_7657_181049>
...
040 (7102754.841.000) 03/25 10:03:46 Finished transferring input files
...
001 (7102754.841.000) 03/25 10:03:47 Job executing on host: <188.185.195.181:9618?addrs=188.185.195.181-9618+[2001-1458-303-22--100-b1]-9618&alias=b9p17p6154.cern.ch&noUDP&sock=startd_4934_e45f>
	SlotName: slot1_35@b9p17p6154.cern.ch
	CondorScratchDir = "/pool/condor/dir_1633056"
	Cpus = 1
	Disk = 3854
	GPUs = 0
	Memory = 3000
...
006 (7102754.841.000) 03/25 10:04:01 Image size of job updated: 876
	1  -  MemoryUsage of job (MB)
	876  -  ResidentSetSize of job (KB)
...
006 (7102754.841.000) 03/25 10:04:28 Image size of job updated: 375428
	1  -  MemoryUsage of job (MB)
	876  -  ResidentSetSize of job (KB)
...
040 (7102754.841.000) 03/25 10:04:28 Started transferring output files
...
040 (7102754.841.000) 03/25 10:04:28 Finished transferring output files
...
005 (7102754.841.000) 03/25 10:04:28 Job terminated.
	(1) Normal termination (return value 0)
		Usr 0 00:00:12, Sys 0 00:00:02  -  Run Remote Usage
		Usr 0 00:00:00, Sys 0 00:00:00  -  Run Local Usage
		Usr 0 00:00:12, Sys 0 00:00:02  -  Total Remote Usage
		Usr 0 00:00:00, Sys 0 00:00:00  -  Total Local Usage
	9953  -  Run Bytes Sent By Job
	1378  -  Run Bytes Received By Job
	9953  -  Total Bytes Sent By Job
	1378  -  Total Bytes Received By Job
	Partitionable Resources :    Usage  Request Allocated 
	   Cpus                 :        0        1         1 
	   Disk (KB)            :       35        2      3854 
	   GPUs                 :                           0 
	   Memory (MB)          :        1     3000      3000 
	   TimeExecute (s)      :       41                    
	   TimeSlotBusy (s)     :       42                    

	Job terminated of its own accord at 2026-03-25T09:04:28Z with exit-code 0.
...
