000 (7102754.625.000) 03/25 09:21:09 Job submitted from host: <188.185.125.71:9618?addrs=188.185.125.71-9618+[2001-1458-d00-4a--100-15e]-9618&alias=bigbird28.cern.ch&noUDP&sock=schedd_2603_051c>
...
040 (7102754.625.000) 03/25 09:54:36 Started transferring input files
	Transferring to host: <188.185.210.38:9618?addrs=188.185.210.38-9618+[2001-1458-303-1--100-22]-9618&alias=b9p21p1280.cern.ch&noUDP&sock=slot1_15_2739057_3170_116929>
...
040 (7102754.625.000) 03/25 09:54:36 Finished transferring input files
...
001 (7102754.625.000) 03/25 09:54:37 Job executing on host: <188.185.210.38:9618?addrs=188.185.210.38-9618+[2001-1458-303-1--100-22]-9618&alias=b9p21p1280.cern.ch&noUDP&sock=startd_2738482_740c>
	SlotName: slot1_15@b9p21p1280.cern.ch
	CondorScratchDir = "/pool/condor/dir_2437619"
	Cpus = 1
	Disk = 3843
	GPUs = 0
	Memory = 3000
...
006 (7102754.625.000) 03/25 09:54:51 Image size of job updated: 876
	1  -  MemoryUsage of job (MB)
	876  -  ResidentSetSize of job (KB)
...
006 (7102754.625.000) 03/25 09:59:52 Image size of job updated: 185380
	182  -  MemoryUsage of job (MB)
	185380  -  ResidentSetSize of job (KB)
...
006 (7102754.625.000) 03/25 10:00:59 Image size of job updated: 335276
	182  -  MemoryUsage of job (MB)
	185380  -  ResidentSetSize of job (KB)
...
040 (7102754.625.000) 03/25 10:00:59 Started transferring output files
...
040 (7102754.625.000) 03/25 10:00:59 Finished transferring output files
...
005 (7102754.625.000) 03/25 10:00:59 Job terminated.
	(1) Normal termination (return value 0)
		Usr 0 00:00:08, Sys 0 00:00:03  -  Run Remote Usage
		Usr 0 00:00:00, Sys 0 00:00:00  -  Run Local Usage
		Usr 0 00:00:08, Sys 0 00:00:03  -  Total Remote Usage
		Usr 0 00:00:00, Sys 0 00:00:00  -  Total Local Usage
	9955  -  Run Bytes Sent By Job
	1378  -  Run Bytes Received By Job
	9955  -  Total Bytes Sent By Job
	1378  -  Total Bytes Received By Job
	Partitionable Resources :    Usage  Request Allocated 
	   Cpus                 :        0        1         1 
	   Disk (KB)            :       34        2      3843 
	   GPUs                 :                           0 
	   Memory (MB)          :      182     3000      3000 
	   TimeExecute (s)      :      382                    
	   TimeSlotBusy (s)     :      384                    

	Job terminated of its own accord at 2026-03-25T09:00:59Z with exit-code 0.
...
