000 (7102754.378.000) 03/25 09:21:09 Job submitted from host: <188.185.125.71:9618?addrs=188.185.125.71-9618+[2001-1458-d00-4a--100-15e]-9618&alias=bigbird28.cern.ch&noUDP&sock=schedd_2603_051c>
...
040 (7102754.378.000) 03/25 09:42:46 Started transferring input files
	Transferring to host: <188.185.211.51:9618?addrs=188.185.211.51-9618+[2001-1458-303-16--100-2f]-9618&alias=b9p23p7440.cern.ch&noUDP&sock=slot1_53_7284_fca1_207568>
...
040 (7102754.378.000) 03/25 09:42:46 Finished transferring input files
...
001 (7102754.378.000) 03/25 09:42:47 Job executing on host: <188.185.211.51:9618?addrs=188.185.211.51-9618+[2001-1458-303-16--100-2f]-9618&alias=b9p23p7440.cern.ch&noUDP&sock=startd_6477_4301>
	SlotName: slot1_53@b9p23p7440.cern.ch
	CondorScratchDir = "/pool/condor/dir_1041897"
	Cpus = 1
	Disk = 3889
	GPUs = 0
	Memory = 3000
...
006 (7102754.378.000) 03/25 09:43:01 Image size of job updated: 880
	1  -  MemoryUsage of job (MB)
	880  -  ResidentSetSize of job (KB)
...
006 (7102754.378.000) 03/25 09:43:55 Image size of job updated: 341860
	1  -  MemoryUsage of job (MB)
	880  -  ResidentSetSize of job (KB)
...
040 (7102754.378.000) 03/25 09:43:55 Started transferring output files
...
040 (7102754.378.000) 03/25 09:43:55 Finished transferring output files
...
005 (7102754.378.000) 03/25 09:43:55 Job terminated.
	(1) Normal termination (return value 0)
		Usr 0 00:00:09, Sys 0 00:00:03  -  Run Remote Usage
		Usr 0 00:00:00, Sys 0 00:00:00  -  Run Local Usage
		Usr 0 00:00:09, Sys 0 00:00:03  -  Total Remote Usage
		Usr 0 00:00:00, Sys 0 00:00:00  -  Total Local Usage
	9953  -  Run Bytes Sent By Job
	1378  -  Run Bytes Received By Job
	9953  -  Total Bytes Sent By Job
	1378  -  Total Bytes Received By Job
	Partitionable Resources :    Usage  Request Allocated 
	   Cpus                 :        0        1         1 
	   Disk (KB)            :       34        2      3889 
	   GPUs                 :                           0 
	   Memory (MB)          :        1     3000      3000 
	   TimeExecute (s)      :       68                    
	   TimeSlotBusy (s)     :       70                    

	Job terminated of its own accord at 2026-03-25T08:43:55Z with exit-code 0.
...
