000 (7079683.051.000) 03/23 17:07:54 Job submitted from host: <188.185.125.71:9618?addrs=188.185.125.71-9618+[2001-1458-d00-4a--100-15e]-9618&alias=bigbird28.cern.ch&noUDP&sock=schedd_2603_051c>
...
040 (7079683.051.000) 03/23 17:09:02 Started transferring input files
	Transferring to host: <188.185.196.101:9618?addrs=188.185.196.101-9618+[2001-1458-303-23--100-61]-9618&alias=b9p16p5288.cern.ch&noUDP&sock=slot1_16_1225855_7e52_154499>
...
040 (7079683.051.000) 03/23 17:09:02 Finished transferring input files
...
001 (7079683.051.000) 03/23 17:09:03 Job executing on host: <188.185.196.101:9618?addrs=188.185.196.101-9618+[2001-1458-303-23--100-61]-9618&alias=b9p16p5288.cern.ch&noUDP&sock=startd_8493_11ef>
	SlotName: slot1_16@b9p16p5288.cern.ch
	CondorScratchDir = "/pool/condor/dir_46329"
	Cpus = 1
	Disk = 3945
	GPUs = 0
	Memory = 3000
...
006 (7079683.051.000) 03/23 17:09:16 Image size of job updated: 892
	1  -  MemoryUsage of job (MB)
	892  -  ResidentSetSize of job (KB)
...
006 (7079683.051.000) 03/23 17:19:17 Image size of job updated: 424292
	415  -  MemoryUsage of job (MB)
	424292  -  ResidentSetSize of job (KB)
...
006 (7079683.051.000) 03/23 17:24:17 Image size of job updated: 463384
	453  -  MemoryUsage of job (MB)
	463384  -  ResidentSetSize of job (KB)
...
006 (7079683.051.000) 03/23 17:29:17 Image size of job updated: 463392
	453  -  MemoryUsage of job (MB)
	463392  -  ResidentSetSize of job (KB)
...
006 (7079683.051.000) 03/23 17:34:18 Image size of job updated: 531552
	520  -  MemoryUsage of job (MB)
	531552  -  ResidentSetSize of job (KB)
...
006 (7079683.051.000) 03/23 17:39:18 Image size of job updated: 550732
	538  -  MemoryUsage of job (MB)
	550732  -  ResidentSetSize of job (KB)
...
006 (7079683.051.000) 03/23 17:44:18 Image size of job updated: 554868
	542  -  MemoryUsage of job (MB)
	554868  -  ResidentSetSize of job (KB)
...
006 (7079683.051.000) 03/23 17:49:19 Image size of job updated: 556608
	544  -  MemoryUsage of job (MB)
	556608  -  ResidentSetSize of job (KB)
...
006 (7079683.051.000) 03/23 17:54:19 Image size of job updated: 556624
	544  -  MemoryUsage of job (MB)
	556624  -  ResidentSetSize of job (KB)
...
006 (7079683.051.000) 03/23 17:59:19 Image size of job updated: 569272
	556  -  MemoryUsage of job (MB)
	569272  -  ResidentSetSize of job (KB)
...
006 (7079683.051.000) 03/23 18:09:20 Image size of job updated: 569288
	556  -  MemoryUsage of job (MB)
	569288  -  ResidentSetSize of job (KB)
...
006 (7079683.051.000) 03/23 18:19:22 Image size of job updated: 569300
	556  -  MemoryUsage of job (MB)
	569300  -  ResidentSetSize of job (KB)
...
006 (7079683.051.000) 03/23 18:29:22 Image size of job updated: 569304
	556  -  MemoryUsage of job (MB)
	569304  -  ResidentSetSize of job (KB)
...
006 (7079683.051.000) 03/23 18:34:23 Image size of job updated: 569316
	556  -  MemoryUsage of job (MB)
	569316  -  ResidentSetSize of job (KB)
...
006 (7079683.051.000) 03/23 18:39:24 Image size of job updated: 580492
	567  -  MemoryUsage of job (MB)
	580492  -  ResidentSetSize of job (KB)
...
006 (7079683.051.000) 03/23 19:04:27 Image size of job updated: 590404
	577  -  MemoryUsage of job (MB)
	590404  -  ResidentSetSize of job (KB)
...
040 (7079683.051.000) 03/23 21:26:47 Started transferring output files
...
040 (7079683.051.000) 03/23 21:26:47 Finished transferring output files
...
005 (7079683.051.000) 03/23 21:26:47 Job terminated.
	(1) Normal termination (return value 0)
		Usr 0 04:02:10, Sys 0 00:00:35  -  Run Remote Usage
		Usr 0 00:00:00, Sys 0 00:00:00  -  Run Local Usage
		Usr 0 04:02:10, Sys 0 00:00:35  -  Total Remote Usage
		Usr 0 00:00:00, Sys 0 00:00:00  -  Total Local Usage
	4474  -  Run Bytes Sent By Job
	1380  -  Run Bytes Received By Job
	4474  -  Total Bytes Sent By Job
	1380  -  Total Bytes Received By Job
	Partitionable Resources :    Usage  Request Allocated 
	   Cpus                 :     0.98        1         1 
	   Disk (KB)            :  1911           2      3945 
	   GPUs                 :                           0 
	   Memory (MB)          :   577        3000      3000 
	   TimeExecute (s)      : 15464                       
	   TimeSlotBusy (s)     : 15466                       

	Job terminated of its own accord at 2026-03-23T20:26:47Z with exit-code 0.
...
