000 (7079683.138.000) 03/23 17:07:54 Job submitted from host: <188.185.125.71:9618?addrs=188.185.125.71-9618+[2001-1458-d00-4a--100-15e]-9618&alias=bigbird28.cern.ch&noUDP&sock=schedd_2603_051c>
...
040 (7079683.138.000) 03/23 17:09:30 Started transferring input files
	Transferring to host: <188.185.193.135:9618?addrs=188.185.193.135-9618+[2001-1458-303-20--100-83]-9618&alias=b9p19p8190.cern.ch&noUDP&sock=slot1_55_5477_cab8_177411>
...
040 (7079683.138.000) 03/23 17:09:30 Finished transferring input files
...
001 (7079683.138.000) 03/23 17:09:31 Job executing on host: <188.185.193.135:9618?addrs=188.185.193.135-9618+[2001-1458-303-20--100-83]-9618&alias=b9p19p8190.cern.ch&noUDP&sock=startd_4368_a9c4>
	SlotName: slot1_55@b9p19p8190.cern.ch
	CondorScratchDir = "/pool/condor/dir_975004"
	Cpus = 1
	Disk = 3973
	GPUs = 0
	Memory = 3000
...
006 (7079683.138.000) 03/23 17:09:44 Image size of job updated: 892
	1  -  MemoryUsage of job (MB)
	892  -  ResidentSetSize of job (KB)
...
006 (7079683.138.000) 03/23 17:24:45 Image size of job updated: 392988
	384  -  MemoryUsage of job (MB)
	392988  -  ResidentSetSize of job (KB)
...
006 (7079683.138.000) 03/23 17:29:45 Image size of job updated: 534848
	523  -  MemoryUsage of job (MB)
	534848  -  ResidentSetSize of job (KB)
...
006 (7079683.138.000) 03/23 17:34:46 Image size of job updated: 540216
	528  -  MemoryUsage of job (MB)
	540216  -  ResidentSetSize of job (KB)
...
006 (7079683.138.000) 03/23 17:39:46 Image size of job updated: 542316
	530  -  MemoryUsage of job (MB)
	542316  -  ResidentSetSize of job (KB)
...
006 (7079683.138.000) 03/23 17:44:46 Image size of job updated: 545188
	533  -  MemoryUsage of job (MB)
	545188  -  ResidentSetSize of job (KB)
...
006 (7079683.138.000) 03/23 17:54:47 Image size of job updated: 545200
	533  -  MemoryUsage of job (MB)
	545200  -  ResidentSetSize of job (KB)
...
006 (7079683.138.000) 03/23 17:59:47 Image size of job updated: 545220
	533  -  MemoryUsage of job (MB)
	545220  -  ResidentSetSize of job (KB)
...
006 (7079683.138.000) 03/23 18:04:48 Image size of job updated: 545696
	533  -  MemoryUsage of job (MB)
	545696  -  ResidentSetSize of job (KB)
...
006 (7079683.138.000) 03/23 18:14:49 Image size of job updated: 545700
	533  -  MemoryUsage of job (MB)
	545700  -  ResidentSetSize of job (KB)
...
006 (7079683.138.000) 03/23 18:19:50 Image size of job updated: 545720
	533  -  MemoryUsage of job (MB)
	545720  -  ResidentSetSize of job (KB)
...
006 (7079683.138.000) 03/23 18:24:50 Image size of job updated: 562396
	542  -  MemoryUsage of job (MB)
	554944  -  ResidentSetSize of job (KB)
...
040 (7079683.138.000) 03/23 19:08:48 Started transferring output files
...
040 (7079683.138.000) 03/23 19:08:48 Finished transferring output files
...
005 (7079683.138.000) 03/23 19:08:48 Job terminated.
	(1) Normal termination (return value 0)
		Usr 0 01:42:46, Sys 0 00:00:19  -  Run Remote Usage
		Usr 0 00:00:00, Sys 0 00:00:00  -  Run Local Usage
		Usr 0 01:42:46, Sys 0 00:00:19  -  Total Remote Usage
		Usr 0 00:00:00, Sys 0 00:00:00  -  Total Local Usage
	4302  -  Run Bytes Sent By Job
	1380  -  Run Bytes Received By Job
	4302  -  Total Bytes Sent By Job
	1380  -  Total Bytes Received By Job
	Partitionable Resources :    Usage  Request Allocated 
	   Cpus                 :     0.99        1         1 
	   Disk (KB)            :  1590           2      3973 
	   GPUs                 :                           0 
	   Memory (MB)          :   542        3000      3000 
	   TimeExecute (s)      :  7157                       
	   TimeSlotBusy (s)     :  7159                       

	Job terminated of its own accord at 2026-03-23T18:08:48Z with exit-code 0.
...
