000 (7079683.035.000) 03/23 17:07:54 Job submitted from host: <188.185.125.71:9618?addrs=188.185.125.71-9618+[2001-1458-d00-4a--100-15e]-9618&alias=bigbird28.cern.ch&noUDP&sock=schedd_2603_051c>
...
040 (7079683.035.000) 03/23 17:08:56 Started transferring input files
	Transferring to host: <188.185.192.119:9618?addrs=188.185.192.119-9618+[2001-1458-303-1f--100-73]-9618&alias=b9p13p3376.cern.ch&noUDP&sock=slot1_20_5881_7248_188434>
...
040 (7079683.035.000) 03/23 17:08:56 Finished transferring input files
...
001 (7079683.035.000) 03/23 17:08:57 Job executing on host: <188.185.192.119:9618?addrs=188.185.192.119-9618+[2001-1458-303-1f--100-73]-9618&alias=b9p13p3376.cern.ch&noUDP&sock=startd_4319_0da0>
	SlotName: slot1_20@b9p13p3376.cern.ch
	CondorScratchDir = "/pool/condor/dir_276799"
	Cpus = 1
	Disk = 3854
	GPUs = 0
	Memory = 3000
...
006 (7079683.035.000) 03/23 17:09:10 Image size of job updated: 880
	1  -  MemoryUsage of job (MB)
	880  -  ResidentSetSize of job (KB)
...
006 (7079683.035.000) 03/23 17:24:11 Image size of job updated: 541576
	529  -  MemoryUsage of job (MB)
	541576  -  ResidentSetSize of job (KB)
...
006 (7079683.035.000) 03/23 17:29:11 Image size of job updated: 544268
	532  -  MemoryUsage of job (MB)
	544268  -  ResidentSetSize of job (KB)
...
006 (7079683.035.000) 03/23 17:34:12 Image size of job updated: 544272
	532  -  MemoryUsage of job (MB)
	544272  -  ResidentSetSize of job (KB)
...
006 (7079683.035.000) 03/23 17:39:13 Image size of job updated: 544292
	532  -  MemoryUsage of job (MB)
	544292  -  ResidentSetSize of job (KB)
...
006 (7079683.035.000) 03/23 17:44:13 Image size of job updated: 544728
	532  -  MemoryUsage of job (MB)
	544728  -  ResidentSetSize of job (KB)
...
006 (7079683.035.000) 03/23 17:49:14 Image size of job updated: 544732
	532  -  MemoryUsage of job (MB)
	544732  -  ResidentSetSize of job (KB)
...
006 (7079683.035.000) 03/23 17:54:15 Image size of job updated: 544760
	532  -  MemoryUsage of job (MB)
	544760  -  ResidentSetSize of job (KB)
...
006 (7079683.035.000) 03/23 17:59:15 Image size of job updated: 546144
	534  -  MemoryUsage of job (MB)
	546144  -  ResidentSetSize of job (KB)
...
006 (7079683.035.000) 03/23 18:04:15 Image size of job updated: 547584
	535  -  MemoryUsage of job (MB)
	547584  -  ResidentSetSize of job (KB)
...
006 (7079683.035.000) 03/23 18:09:16 Image size of job updated: 547600
	535  -  MemoryUsage of job (MB)
	547600  -  ResidentSetSize of job (KB)
...
006 (7079683.035.000) 03/23 18:14:16 Image size of job updated: 548600
	536  -  MemoryUsage of job (MB)
	548600  -  ResidentSetSize of job (KB)
...
006 (7079683.035.000) 03/23 18:22:35 Image size of job updated: 548604
	536  -  MemoryUsage of job (MB)
	548600  -  ResidentSetSize of job (KB)
...
040 (7079683.035.000) 03/23 18:22:35 Started transferring output files
...
040 (7079683.035.000) 03/23 18:22:35 Finished transferring output files
...
005 (7079683.035.000) 03/23 18:22:35 Job terminated.
	(1) Normal termination (return value 0)
		Usr 0 01:02:25, Sys 0 00:00:05  -  Run Remote Usage
		Usr 0 00:00:00, Sys 0 00:00:00  -  Run Local Usage
		Usr 0 01:02:25, Sys 0 00:00:05  -  Total Remote Usage
		Usr 0 00:00:00, Sys 0 00:00:00  -  Total Local Usage
	3992  -  Run Bytes Sent By Job
	1380  -  Run Bytes Received By Job
	3992  -  Total Bytes Sent By Job
	1380  -  Total Bytes Received By Job
	Partitionable Resources :    Usage  Request Allocated 
	   Cpus                 :     0.99        1         1 
	   Disk (KB)            :  1293           2      3854 
	   GPUs                 :                           0 
	   Memory (MB)          :   536        3000      3000 
	   TimeExecute (s)      :  4418                       
	   TimeSlotBusy (s)     :  4420                       

	Job terminated of its own accord at 2026-03-23T17:22:35Z with exit-code 0.
...
