000 (7079683.135.000) 03/23 17:07:54 Job submitted from host: <188.185.125.71:9618?addrs=188.185.125.71-9618+[2001-1458-d00-4a--100-15e]-9618&alias=bigbird28.cern.ch&noUDP&sock=schedd_2603_051c>
...
040 (7079683.135.000) 03/23 17:09:29 Started transferring input files
	Transferring to host: <188.185.194.146:9618?addrs=188.185.194.146-9618+[2001-1458-303-21--100-8e]-9618&alias=b9p20p1163.cern.ch&noUDP&sock=slot1_33_8786_481e_180792>
...
040 (7079683.135.000) 03/23 17:09:29 Finished transferring input files
...
001 (7079683.135.000) 03/23 17:09:30 Job executing on host: <188.185.194.146:9618?addrs=188.185.194.146-9618+[2001-1458-303-21--100-8e]-9618&alias=b9p20p1163.cern.ch&noUDP&sock=startd_7747_6048>
	SlotName: slot1_33@b9p20p1163.cern.ch
	CondorScratchDir = "/pool/condor/dir_1214440"
	Cpus = 1
	Disk = 3867
	GPUs = 0
	Memory = 3000
...
006 (7079683.135.000) 03/23 17:09:43 Image size of job updated: 888
	1  -  MemoryUsage of job (MB)
	888  -  ResidentSetSize of job (KB)
...
006 (7079683.135.000) 03/23 17:24:44 Image size of job updated: 397916
	389  -  MemoryUsage of job (MB)
	397916  -  ResidentSetSize of job (KB)
...
006 (7079683.135.000) 03/23 17:29:44 Image size of job updated: 511608
	500  -  MemoryUsage of job (MB)
	511608  -  ResidentSetSize of job (KB)
...
006 (7079683.135.000) 03/23 17:34:45 Image size of job updated: 511760
	500  -  MemoryUsage of job (MB)
	511760  -  ResidentSetSize of job (KB)
...
006 (7079683.135.000) 03/23 17:39:45 Image size of job updated: 537688
	526  -  MemoryUsage of job (MB)
	537688  -  ResidentSetSize of job (KB)
...
040 (7079683.135.000) 03/23 19:35:50 Started transferring output files
...
040 (7079683.135.000) 03/23 19:35:50 Finished transferring output files
...
005 (7079683.135.000) 03/23 19:35:50 Job terminated.
	(1) Normal termination (return value 0)
		Usr 0 02:10:47, Sys 0 00:00:23  -  Run Remote Usage
		Usr 0 00:00:00, Sys 0 00:00:00  -  Run Local Usage
		Usr 0 02:10:47, Sys 0 00:00:23  -  Total Remote Usage
		Usr 0 00:00:00, Sys 0 00:00:00  -  Total Local Usage
	4256  -  Run Bytes Sent By Job
	1380  -  Run Bytes Received By Job
	4256  -  Total Bytes Sent By Job
	1380  -  Total Bytes Received By Job
	Partitionable Resources :    Usage  Request Allocated 
	   Cpus                 :     0.99        1         1 
	   Disk (KB)            :  1566           2      3867 
	   GPUs                 :                           0 
	   Memory (MB)          :   526        3000      3000 
	   TimeExecute (s)      :  8779                       
	   TimeSlotBusy (s)     :  8782                       

	Job terminated of its own accord at 2026-03-23T18:35:49Z with exit-code 0.
...
