000 (7079683.109.000) 03/23 17:07:54 Job submitted from host: <188.185.125.71:9618?addrs=188.185.125.71-9618+[2001-1458-d00-4a--100-15e]-9618&alias=bigbird28.cern.ch&noUDP&sock=schedd_2603_051c>
...
040 (7079683.109.000) 03/23 17:09:35 Started transferring input files
	Transferring to host: <188.185.194.65:9618?addrs=188.185.194.65-9618+[2001-1458-303-21--100-3d]-9618&alias=b9p20p1449.cern.ch&noUDP&sock=slot1_32_5380_7254_182132>
...
040 (7079683.109.000) 03/23 17:09:35 Finished transferring input files
...
001 (7079683.109.000) 03/23 17:09:36 Job executing on host: <188.185.194.65:9618?addrs=188.185.194.65-9618+[2001-1458-303-21--100-3d]-9618&alias=b9p20p1449.cern.ch&noUDP&sock=startd_4301_b4ec>
	SlotName: slot1_32@b9p20p1449.cern.ch
	CondorScratchDir = "/pool/condor/dir_558868"
	Cpus = 1
	Disk = 3969
	GPUs = 0
	Memory = 3000
...
006 (7079683.109.000) 03/23 17:09:49 Image size of job updated: 888
	1  -  MemoryUsage of job (MB)
	888  -  ResidentSetSize of job (KB)
...
006 (7079683.109.000) 03/23 17:29:51 Image size of job updated: 405264
	396  -  MemoryUsage of job (MB)
	405264  -  ResidentSetSize of job (KB)
...
006 (7079683.109.000) 03/23 17:34:52 Image size of job updated: 462380
	452  -  MemoryUsage of job (MB)
	462380  -  ResidentSetSize of job (KB)
...
006 (7079683.109.000) 03/23 17:39:52 Image size of job updated: 557264
	545  -  MemoryUsage of job (MB)
	557264  -  ResidentSetSize of job (KB)
...
006 (7079683.109.000) 03/23 17:44:53 Image size of job updated: 557940
	545  -  MemoryUsage of job (MB)
	557940  -  ResidentSetSize of job (KB)
...
006 (7079683.109.000) 03/23 17:49:54 Image size of job updated: 557952
	545  -  MemoryUsage of job (MB)
	557952  -  ResidentSetSize of job (KB)
...
006 (7079683.109.000) 03/23 17:54:54 Image size of job updated: 557972
	545  -  MemoryUsage of job (MB)
	557972  -  ResidentSetSize of job (KB)
...
006 (7079683.109.000) 03/23 17:59:54 Image size of job updated: 557976
	545  -  MemoryUsage of job (MB)
	557976  -  ResidentSetSize of job (KB)
...
006 (7079683.109.000) 03/23 18:04:55 Image size of job updated: 574300
	561  -  MemoryUsage of job (MB)
	574300  -  ResidentSetSize of job (KB)
...
006 (7079683.109.000) 03/23 18:34:57 Image size of job updated: 578848
	566  -  MemoryUsage of job (MB)
	578848  -  ResidentSetSize of job (KB)
...
040 (7079683.109.000) 03/23 20:28:44 Started transferring output files
...
040 (7079683.109.000) 03/23 20:28:44 Finished transferring output files
...
005 (7079683.109.000) 03/23 20:28:44 Job terminated.
	(1) Normal termination (return value 0)
		Usr 0 02:43:54, Sys 0 00:00:12  -  Run Remote Usage
		Usr 0 00:00:00, Sys 0 00:00:00  -  Run Local Usage
		Usr 0 02:43:54, Sys 0 00:00:12  -  Total Remote Usage
		Usr 0 00:00:00, Sys 0 00:00:00  -  Total Local Usage
	3683  -  Run Bytes Sent By Job
	1380  -  Run Bytes Received By Job
	3683  -  Total Bytes Sent By Job
	1380  -  Total Bytes Received By Job
	Partitionable Resources :    Usage  Request Allocated 
	   Cpus                 :     0.92        1         1 
	   Disk (KB)            :  1154           2      3969 
	   GPUs                 :                           0 
	   Memory (MB)          :   566        3000      3000 
	   TimeExecute (s)      : 11947                       
	   TimeSlotBusy (s)     : 11950                       

	Job terminated of its own accord at 2026-03-23T19:28:43Z with exit-code 0.
...
