000 (7079683.019.000) 03/23 17:07:54 Job submitted from host: <188.185.125.71:9618?addrs=188.185.125.71-9618+[2001-1458-d00-4a--100-15e]-9618&alias=bigbird28.cern.ch&noUDP&sock=schedd_2603_051c>
...
040 (7079683.019.000) 03/23 17:08:52 Started transferring input files
	Transferring to host: <188.185.193.69:9618?addrs=188.185.193.69-9618+[2001-1458-303-20--100-41]-9618&alias=b9p19p6242.cern.ch&noUDP&sock=slot1_21_3570_234a_184452>
...
040 (7079683.019.000) 03/23 17:08:52 Finished transferring input files
...
001 (7079683.019.000) 03/23 17:08:53 Job executing on host: <188.185.193.69:9618?addrs=188.185.193.69-9618+[2001-1458-303-20--100-41]-9618&alias=b9p19p6242.cern.ch&noUDP&sock=startd_2646_83af>
	SlotName: slot1_21@b9p19p6242.cern.ch
	CondorScratchDir = "/pool/condor/dir_2545017"
	Cpus = 1
	Disk = 3867
	GPUs = 0
	Memory = 3000
...
006 (7079683.019.000) 03/23 17:09:07 Image size of job updated: 880
	1  -  MemoryUsage of job (MB)
	880  -  ResidentSetSize of job (KB)
...
006 (7079683.019.000) 03/23 17:14:08 Image size of job updated: 431884
	420  -  MemoryUsage of job (MB)
	429248  -  ResidentSetSize of job (KB)
...
006 (7079683.019.000) 03/23 17:19:09 Image size of job updated: 470628
	460  -  MemoryUsage of job (MB)
	470628  -  ResidentSetSize of job (KB)
...
006 (7079683.019.000) 03/23 17:24:09 Image size of job updated: 470640
	460  -  MemoryUsage of job (MB)
	470640  -  ResidentSetSize of job (KB)
...
006 (7079683.019.000) 03/23 17:29:09 Image size of job updated: 470652
	460  -  MemoryUsage of job (MB)
	470652  -  ResidentSetSize of job (KB)
...
006 (7079683.019.000) 03/23 17:34:10 Image size of job updated: 495476
	484  -  MemoryUsage of job (MB)
	495476  -  ResidentSetSize of job (KB)
...
006 (7079683.019.000) 03/23 17:44:10 Image size of job updated: 523068
	511  -  MemoryUsage of job (MB)
	523068  -  ResidentSetSize of job (KB)
...
006 (7079683.019.000) 03/23 17:49:12 Image size of job updated: 525164
	513  -  MemoryUsage of job (MB)
	525164  -  ResidentSetSize of job (KB)
...
006 (7079683.019.000) 03/23 17:59:12 Image size of job updated: 526808
	515  -  MemoryUsage of job (MB)
	526808  -  ResidentSetSize of job (KB)
...
006 (7079683.019.000) 03/23 18:09:14 Image size of job updated: 527080
	515  -  MemoryUsage of job (MB)
	527080  -  ResidentSetSize of job (KB)
...
006 (7079683.019.000) 03/23 18:14:14 Image size of job updated: 527240
	515  -  MemoryUsage of job (MB)
	527240  -  ResidentSetSize of job (KB)
...
006 (7079683.019.000) 03/23 18:19:15 Image size of job updated: 527364
	516  -  MemoryUsage of job (MB)
	527364  -  ResidentSetSize of job (KB)
...
006 (7079683.019.000) 03/23 18:24:16 Image size of job updated: 527488
	516  -  MemoryUsage of job (MB)
	527488  -  ResidentSetSize of job (KB)
...
006 (7079683.019.000) 03/23 18:29:16 Image size of job updated: 531928
	520  -  MemoryUsage of job (MB)
	531928  -  ResidentSetSize of job (KB)
...
006 (7079683.019.000) 03/23 18:39:17 Image size of job updated: 532216
	520  -  MemoryUsage of job (MB)
	532216  -  ResidentSetSize of job (KB)
...
006 (7079683.019.000) 03/23 18:44:17 Image size of job updated: 532328
	520  -  MemoryUsage of job (MB)
	532328  -  ResidentSetSize of job (KB)
...
006 (7079683.019.000) 03/23 18:49:17 Image size of job updated: 534476
	522  -  MemoryUsage of job (MB)
	534476  -  ResidentSetSize of job (KB)
...
006 (7079683.019.000) 03/23 18:54:18 Image size of job updated: 534616
	523  -  MemoryUsage of job (MB)
	534616  -  ResidentSetSize of job (KB)
...
006 (7079683.019.000) 03/23 18:59:19 Image size of job updated: 545928
	534  -  MemoryUsage of job (MB)
	545928  -  ResidentSetSize of job (KB)
...
040 (7079683.019.000) 03/23 19:58:16 Started transferring output files
...
040 (7079683.019.000) 03/23 19:58:16 Finished transferring output files
...
005 (7079683.019.000) 03/23 19:58:16 Job terminated.
	(1) Normal termination (return value 0)
		Usr 0 02:46:49, Sys 0 00:00:10  -  Run Remote Usage
		Usr 0 00:00:00, Sys 0 00:00:00  -  Run Local Usage
		Usr 0 02:46:49, Sys 0 00:00:10  -  Total Remote Usage
		Usr 0 00:00:00, Sys 0 00:00:00  -  Total Local Usage
	4493  -  Run Bytes Sent By Job
	1380  -  Run Bytes Received By Job
	4493  -  Total Bytes Sent By Job
	1380  -  Total Bytes Received By Job
	Partitionable Resources :    Usage  Request Allocated 
	   Cpus                 :     1.00        1         1 
	   Disk (KB)            :  1853           2      3867 
	   GPUs                 :                           0 
	   Memory (MB)          :   534        3000      3000 
	   TimeExecute (s)      : 10163                       
	   TimeSlotBusy (s)     : 10166                       

	Job terminated of its own accord at 2026-03-23T18:58:16Z with exit-code 0.
...
