000 (7079683.089.000) 03/23 17:07:54 Job submitted from host: <188.185.125.71:9618?addrs=188.185.125.71-9618+[2001-1458-d00-4a--100-15e]-9618&alias=bigbird28.cern.ch&noUDP&sock=schedd_2603_051c>
...
040 (7079683.089.000) 03/23 17:09:14 Started transferring input files
	Transferring to host: <188.185.193.86:9618?addrs=188.185.193.86-9618+[2001-1458-303-20--100-52]-9618&alias=b9p19p8854.cern.ch&noUDP&sock=slot1_3_6901_20f2_180625>
...
040 (7079683.089.000) 03/23 17:09:14 Finished transferring input files
...
001 (7079683.089.000) 03/23 17:09:15 Job executing on host: <188.185.193.86:9618?addrs=188.185.193.86-9618+[2001-1458-303-20--100-52]-9618&alias=b9p19p8854.cern.ch&noUDP&sock=startd_5855_9f19>
	SlotName: slot1_3@b9p19p8854.cern.ch
	CondorScratchDir = "/pool/condor/dir_1355324"
	Cpus = 1
	Disk = 3992
	GPUs = 0
	Memory = 3000
...
006 (7079683.089.000) 03/23 17:09:29 Image size of job updated: 892
	1  -  MemoryUsage of job (MB)
	892  -  ResidentSetSize of job (KB)
...
006 (7079683.089.000) 03/23 17:19:31 Image size of job updated: 481812
	471  -  MemoryUsage of job (MB)
	481812  -  ResidentSetSize of job (KB)
...
006 (7079683.089.000) 03/23 17:24:31 Image size of job updated: 552584
	540  -  MemoryUsage of job (MB)
	552584  -  ResidentSetSize of job (KB)
...
006 (7079683.089.000) 03/23 17:29:32 Image size of job updated: 575520
	563  -  MemoryUsage of job (MB)
	575520  -  ResidentSetSize of job (KB)
...
040 (7079683.089.000) 03/23 18:45:42 Started transferring output files
...
040 (7079683.089.000) 03/23 18:45:42 Finished transferring output files
...
005 (7079683.089.000) 03/23 18:45:42 Job terminated.
	(1) Normal termination (return value 0)
		Usr 0 01:26:38, Sys 0 00:00:09  -  Run Remote Usage
		Usr 0 00:00:00, Sys 0 00:00:00  -  Run Local Usage
		Usr 0 01:26:38, Sys 0 00:00:09  -  Total Remote Usage
		Usr 0 00:00:00, Sys 0 00:00:00  -  Total Local Usage
	4162  -  Run Bytes Sent By Job
	1380  -  Run Bytes Received By Job
	4162  -  Total Bytes Sent By Job
	1380  -  Total Bytes Received By Job
	Partitionable Resources :    Usage  Request Allocated 
	   Cpus                 :     0.99        1         1 
	   Disk (KB)            :  1322           2      3992 
	   GPUs                 :                           0 
	   Memory (MB)          :   563        3000      3000 
	   TimeExecute (s)      :  5787                       
	   TimeSlotBusy (s)     :  5789                       

	Job terminated of its own accord at 2026-03-23T17:45:42Z with exit-code 0.
...
