000 (7079683.033.000) 03/23 17:07:54 Job submitted from host: <188.185.125.71:9618?addrs=188.185.125.71-9618+[2001-1458-d00-4a--100-15e]-9618&alias=bigbird28.cern.ch&noUDP&sock=schedd_2603_051c>
...
040 (7079683.033.000) 03/23 17:08:56 Started transferring input files
	Transferring to host: <188.185.194.141:9618?addrs=188.185.194.141-9618+[2001-1458-303-21--100-89]-9618&alias=b9p20p9420.cern.ch&noUDP&sock=slot1_33_3522973_ee76_26125>
...
040 (7079683.033.000) 03/23 17:08:56 Finished transferring input files
...
001 (7079683.033.000) 03/23 17:08:57 Job executing on host: <188.185.194.141:9618?addrs=188.185.194.141-9618+[2001-1458-303-21--100-89]-9618&alias=b9p20p9420.cern.ch&noUDP&sock=startd_3522932_e7d2>
	SlotName: slot1_33@b9p20p9420.cern.ch
	CondorScratchDir = "/pool/condor/dir_2755556"
	Cpus = 1
	Disk = 3814
	GPUs = 0
	Memory = 3000
...
006 (7079683.033.000) 03/23 17:09:10 Image size of job updated: 876
	1  -  MemoryUsage of job (MB)
	876  -  ResidentSetSize of job (KB)
...
006 (7079683.033.000) 03/23 17:14:10 Image size of job updated: 413096
	404  -  MemoryUsage of job (MB)
	413096  -  ResidentSetSize of job (KB)
...
006 (7079683.033.000) 03/23 17:19:11 Image size of job updated: 467500
	457  -  MemoryUsage of job (MB)
	467500  -  ResidentSetSize of job (KB)
...
006 (7079683.033.000) 03/23 17:24:11 Image size of job updated: 546864
	535  -  MemoryUsage of job (MB)
	546864  -  ResidentSetSize of job (KB)
...
006 (7079683.033.000) 03/23 17:29:11 Image size of job updated: 554308
	542  -  MemoryUsage of job (MB)
	554308  -  ResidentSetSize of job (KB)
...
006 (7079683.033.000) 03/23 17:39:12 Image size of job updated: 559796
	547  -  MemoryUsage of job (MB)
	559796  -  ResidentSetSize of job (KB)
...
006 (7079683.033.000) 03/23 17:44:12 Image size of job updated: 559808
	547  -  MemoryUsage of job (MB)
	559808  -  ResidentSetSize of job (KB)
...
006 (7079683.033.000) 03/23 17:49:13 Image size of job updated: 559812
	547  -  MemoryUsage of job (MB)
	559812  -  ResidentSetSize of job (KB)
...
006 (7079683.033.000) 03/23 17:54:14 Image size of job updated: 566588
	554  -  MemoryUsage of job (MB)
	566588  -  ResidentSetSize of job (KB)
...
006 (7079683.033.000) 03/23 17:59:15 Image size of job updated: 566620
	554  -  MemoryUsage of job (MB)
	566620  -  ResidentSetSize of job (KB)
...
006 (7079683.033.000) 03/23 18:09:15 Image size of job updated: 566640
	554  -  MemoryUsage of job (MB)
	566640  -  ResidentSetSize of job (KB)
...
006 (7079683.033.000) 03/23 18:14:16 Image size of job updated: 568284
	555  -  MemoryUsage of job (MB)
	568284  -  ResidentSetSize of job (KB)
...
006 (7079683.033.000) 03/23 18:19:16 Image size of job updated: 568992
	556  -  MemoryUsage of job (MB)
	568992  -  ResidentSetSize of job (KB)
...
006 (7079683.033.000) 03/23 18:24:16 Image size of job updated: 570428
	558  -  MemoryUsage of job (MB)
	570428  -  ResidentSetSize of job (KB)
...
006 (7079683.033.000) 03/23 18:29:17 Image size of job updated: 570432
	558  -  MemoryUsage of job (MB)
	570432  -  ResidentSetSize of job (KB)
...
006 (7079683.033.000) 03/23 18:34:17 Image size of job updated: 570444
	558  -  MemoryUsage of job (MB)
	570444  -  ResidentSetSize of job (KB)
...
006 (7079683.033.000) 03/23 18:39:17 Image size of job updated: 570448
	558  -  MemoryUsage of job (MB)
	570448  -  ResidentSetSize of job (KB)
...
006 (7079683.033.000) 03/23 18:44:18 Image size of job updated: 570468
	558  -  MemoryUsage of job (MB)
	570468  -  ResidentSetSize of job (KB)
...
040 (7079683.033.000) 03/23 18:44:50 Started transferring output files
...
040 (7079683.033.000) 03/23 18:44:50 Finished transferring output files
...
005 (7079683.033.000) 03/23 18:44:50 Job terminated.
	(1) Normal termination (return value 0)
		Usr 0 01:30:16, Sys 0 00:00:10  -  Run Remote Usage
		Usr 0 00:00:00, Sys 0 00:00:00  -  Run Local Usage
		Usr 0 01:30:16, Sys 0 00:00:10  -  Total Remote Usage
		Usr 0 00:00:00, Sys 0 00:00:00  -  Total Local Usage
	4300  -  Run Bytes Sent By Job
	1380  -  Run Bytes Received By Job
	4300  -  Total Bytes Sent By Job
	1380  -  Total Bytes Received By Job
	Partitionable Resources :    Usage  Request Allocated 
	   Cpus                 :     0.99        1         1 
	   Disk (KB)            :  1575           2      3814 
	   GPUs                 :                           0 
	   Memory (MB)          :   558        3000      3000 
	   TimeExecute (s)      :  5753                       
	   TimeSlotBusy (s)     :  5755                       

	Job terminated of its own accord at 2026-03-23T17:44:50Z with exit-code 0.
...
