000 (7079683.060.000) 03/23 17:07:54 Job submitted from host: <188.185.125.71:9618?addrs=188.185.125.71-9618+[2001-1458-d00-4a--100-15e]-9618&alias=bigbird28.cern.ch&noUDP&sock=schedd_2603_051c>
...
040 (7079683.060.000) 03/23 17:09:05 Started transferring input files
	Transferring to host: <188.185.215.150:9618?addrs=188.185.215.150-9618+[2001-1458-303-26--100-12]-9618&alias=b9p18p6006.cern.ch&noUDP&sock=slot1_35_5169_c72b_184541>
...
040 (7079683.060.000) 03/23 17:09:05 Finished transferring input files
...
001 (7079683.060.000) 03/23 17:09:06 Job executing on host: <188.185.215.150:9618?addrs=188.185.215.150-9618+[2001-1458-303-26--100-12]-9618&alias=b9p18p6006.cern.ch&noUDP&sock=startd_4031_825a>
	SlotName: slot1_35@b9p18p6006.cern.ch
	CondorScratchDir = "/pool/condor/dir_2997510"
	Cpus = 1
	Disk = 3919
	GPUs = 0
	Memory = 3000
...
006 (7079683.060.000) 03/23 17:09:19 Image size of job updated: 892
	1  -  MemoryUsage of job (MB)
	892  -  ResidentSetSize of job (KB)
...
006 (7079683.060.000) 03/23 17:34:22 Image size of job updated: 503004
	492  -  MemoryUsage of job (MB)
	503004  -  ResidentSetSize of job (KB)
...
006 (7079683.060.000) 03/23 17:39:23 Image size of job updated: 561952
	546  -  MemoryUsage of job (MB)
	558436  -  ResidentSetSize of job (KB)
...
006 (7079683.060.000) 03/23 17:49:24 Image size of job updated: 568948
	546  -  MemoryUsage of job (MB)
	558436  -  ResidentSetSize of job (KB)
...
006 (7079683.060.000) 03/23 18:04:27 Image size of job updated: 568948
	550  -  MemoryUsage of job (MB)
	562852  -  ResidentSetSize of job (KB)
...
006 (7079683.060.000) 03/23 18:09:27 Image size of job updated: 568948
	550  -  MemoryUsage of job (MB)
	562868  -  ResidentSetSize of job (KB)
...
006 (7079683.060.000) 03/23 18:19:29 Image size of job updated: 568948
	555  -  MemoryUsage of job (MB)
	567336  -  ResidentSetSize of job (KB)
...
006 (7079683.060.000) 03/23 18:29:30 Image size of job updated: 568948
	555  -  MemoryUsage of job (MB)
	567352  -  ResidentSetSize of job (KB)
...
006 (7079683.060.000) 03/23 18:39:31 Image size of job updated: 568948
	555  -  MemoryUsage of job (MB)
	567384  -  ResidentSetSize of job (KB)
...
006 (7079683.060.000) 03/23 18:59:34 Image size of job updated: 568948
	555  -  MemoryUsage of job (MB)
	567404  -  ResidentSetSize of job (KB)
...
006 (7079683.060.000) 03/23 19:09:35 Image size of job updated: 568948
	555  -  MemoryUsage of job (MB)
	567440  -  ResidentSetSize of job (KB)
...
006 (7079683.060.000) 03/23 19:19:37 Image size of job updated: 568948
	555  -  MemoryUsage of job (MB)
	567456  -  ResidentSetSize of job (KB)
...
006 (7079683.060.000) 03/23 19:24:37 Image size of job updated: 569508
	555  -  MemoryUsage of job (MB)
	567456  -  ResidentSetSize of job (KB)
...
040 (7079683.060.000) 03/23 19:52:30 Started transferring output files
...
040 (7079683.060.000) 03/23 19:52:30 Finished transferring output files
...
005 (7079683.060.000) 03/23 19:52:30 Job terminated.
	(1) Normal termination (return value 0)
		Usr 0 02:20:19, Sys 0 00:00:13  -  Run Remote Usage
		Usr 0 00:00:00, Sys 0 00:00:00  -  Run Local Usage
		Usr 0 02:20:19, Sys 0 00:00:13  -  Total Remote Usage
		Usr 0 00:00:00, Sys 0 00:00:00  -  Total Local Usage
	4807  -  Run Bytes Sent By Job
	1380  -  Run Bytes Received By Job
	4807  -  Total Bytes Sent By Job
	1380  -  Total Bytes Received By Job
	Partitionable Resources :    Usage  Request Allocated 
	   Cpus                 :     0.99        1         1 
	   Disk (KB)            :  2015           2      3919 
	   GPUs                 :                           0 
	   Memory (MB)          :   555        3000      3000 
	   TimeExecute (s)      :  9804                       
	   TimeSlotBusy (s)     :  9806                       

	Job terminated of its own accord at 2026-03-23T18:52:30Z with exit-code 0.
...
