search libraries in slc9_x86-64
 ~ 1) Base stack loaded.
 ~ Sleeping for 2 seconds to avoid AFS DDOS...
 ~ 2) Loading sndsw environment...
 ~ 3) SNDSW_ROOT is set to: /afs/cern.ch/user/i/idioniso/snd_master/sw-root6.28/rhel9_x86-64/sndsw/master-local1
 ~ 4) Executing tracking script...
[INFO] The input consists out of the following trees and files: 
[INFO]  - rawConv
[INFO]     - root://eoshome-i.cern.ch//eos/user/i/idioniso/tridents/initial_cuts/tridents_sndsw_raw-0264.root
[INFO] FairRootFileSink initialized.
[INFO]  - cbmout
[INFO]     - dummy
[INFO] Parameter and input file are available, Assure that basic info is there for the run!
[INFO] ---FairRootManager::SpecifyRunId --- 
[INFO] --- Initialize with RunId  --- 0

************************************************************* 
     initialisation for run id 0
************************************************************* 
-I- FairRunTimeDB::InitContainer() FairBaseParSet
-I- FairRunTimeDB::InitContainer() FairGeoParSet

************************************************************* 
     initialisation for run id 0
************************************************************* 
-I- FairRunTimeDB::InitContainer() FairBaseParSet
-I- FairRunTimeDB::InitContainer() FairGeoParSet
[INFO]  Branch: Reco_MuonTracks not found in Tree.
using geofile: root://eospublic.cern.ch//eos/experiment/sndlhc/convertedData/physics/2023/geofile_sndlhc_TI18_V3_2023.root
[0%] 	 0/32,033 	 00:00:09
Match: Event 264000376, Lines 2
Match: Event 264000753, Lines 3
Match: Event 264001060, Lines 2
Match: Event 264001420, Lines 2
Match: Event 264001794, Lines 2
Match: Event 264002161, Lines 2
Match: Event 264002196, Lines 2
Match: Event 264003326, Lines 2
Match: Event 264003509, Lines 2
Match: Event 264004097, Lines 2
Match: Event 264005140, Lines 2
Match: Event 264005390, Lines 2
Match: Event 264006785, Lines 2
Match: Event 264006897, Lines 2
Match: Event 264007809, Lines 2
Match: Event 264007947, Lines 2
Match: Event 264009064, Lines 2
Match: Event 264009860, Lines 2
[1%] 	 321/32,033 	 00:06:41
Match: Event 264009961, Lines 2
Match: Event 264009968, Lines 2
Match: Event 264010391, Lines 2
Match: Event 264010629, Lines 2
Match: Event 264010827, Lines 2
Match: Event 264011694, Lines 2
Match: Event 264013636, Lines 2
Match: Event 264013917, Lines 2
Match: Event 264014336, Lines 2
Match: Event 264014880, Lines 3
Match: Event 264015192, Lines 2
Match: Event 264015353, Lines 2
Match: Event 264015713, Lines 2
Match: Event 264016689, Lines 2
Match: Event 264017037, Lines 2
Match: Event 264018687, Lines 2
Match: Event 264018701, Lines 2
Match: Event 264018882, Lines 2
[2%] 	 641/32,033 	 00:13:05
Match: Event 264020025, Lines 2
Match: Event 264020453, Lines 2
Match: Event 264020596, Lines 2
Match: Event 264021173, Lines 2
Match: Event 264021642, Lines 2
Match: Event 264022492, Lines 2
Match: Event 264022821, Lines 2
Match: Event 264022836, Lines 2
Match: Event 264024164, Lines 2
Match: Event 264025335, Lines 2
Match: Event 264026343, Lines 2
Match: Event 264026659, Lines 2
Match: Event 264027008, Lines 3
Match: Event 264027985, Lines 2
Match: Event 264028048, Lines 3
[3%] 	 961/32,033 	 00:19:19
Match: Event 264029460, Lines 2
Match: Event 264030204, Lines 2
Match: Event 264030280, Lines 2
Match: Event 264031363, Lines 3
Match: Event 264031426, Lines 2
Match: Event 264031532, Lines 2
Match: Event 264032507, Lines 2
Match: Event 264032559, Lines 2
Match: Event 264032672, Lines 2
Match: Event 264033105, Lines 2
Match: Event 264033975, Lines 2
Match: Event 264034370, Lines 2
Match: Event 264034809, Lines 2
Match: Event 264036523, Lines 2
Match: Event 264037518, Lines 2
[4%] 	 1,282/32,033 	 00:25:42
Match: Event 264038415, Lines 2
Match: Event 264038722, Lines 2
Match: Event 264039406, Lines 2
Match: Event 264040332, Lines 2
Match: Event 264042052, Lines 2
Match: Event 264042314, Lines 2
Match: Event 264042894, Lines 2
Match: Event 264043350, Lines 2
Match: Event 264043411, Lines 2
Match: Event 264044173, Lines 2
Match: Event 264044559, Lines 2
Match: Event 264045269, Lines 2
Match: Event 264045948, Lines 2
Match: Event 264045949, Lines 3
Match: Event 264046495, Lines 2
Match: Event 264047267, Lines 2
Match: Event 264047558, Lines 2
[5%] 	 1,602/32,033 	 00:32:07
Match: Event 264048016, Lines 2
Match: Event 264049450, Lines 2
Match: Event 264049664, Lines 2
Match: Event 264050980, Lines 2
Match: Event 264051067, Lines 2
Match: Event 264051399, Lines 2
Match: Event 264054322, Lines 2
Match: Event 264054389, Lines 2
Match: Event 264055129, Lines 2
Match: Event 264056176, Lines 2
Match: Event 264056449, Lines 2
Match: Event 264057002, Lines 2
Match: Event 264057396, Lines 2
[6%] 	 1,922/32,033 	 00:38:23
Match: Event 264059479, Lines 2
Match: Event 264059768, Lines 3
Match: Event 264059867, Lines 2
Match: Event 264061120, Lines 2
Match: Event 264061556, Lines 2
Match: Event 264061742, Lines 2
Match: Event 264064406, Lines 2
Match: Event 264064502, Lines 2
Match: Event 264065132, Lines 2
Match: Event 264065183, Lines 2
Match: Event 264065804, Lines 2
Match: Event 264065821, Lines 2
Match: Event 264067245, Lines 2
[7%] 	 2,243/32,033 	 00:44:46
Match: Event 264069735, Lines 2
Match: Event 264071364, Lines 2
Match: Event 264071734, Lines 2
Match: Event 264071797, Lines 2
Match: Event 264072173, Lines 2
Match: Event 264072239, Lines 2
Match: Event 264072404, Lines 2
Match: Event 264072508, Lines 2
Match: Event 264073156, Lines 2
Match: Event 264073554, Lines 2
Match: Event 264074617, Lines 2
Match: Event 264074784, Lines 2
Match: Event 264075339, Lines 2
Match: Event 264076204, Lines 2
Match: Event 264077020, Lines 2
Match: Event 264078041, Lines 2
[8%] 	 2,563/32,033 	 00:51:00
Match: Event 264079123, Lines 2
Match: Event 264079616, Lines 2
Match: Event 264079923, Lines 2
Match: Event 264079956, Lines 2
Match: Event 264081444, Lines 2
Match: Event 264082030, Lines 2
Match: Event 264083182, Lines 2
Match: Event 264083579, Lines 2
Match: Event 264084059, Lines 2
Match: Event 264084673, Lines 2
Match: Event 264085740, Lines 2
Match: Event 264085988, Lines 2
Match: Event 264086855, Lines 2
Match: Event 264087939, Lines 2
[9%] 	 2,883/32,033 	 00:57:16
Match: Event 264089554, Lines 2
Match: Event 264089685, Lines 2
Match: Event 264091383, Lines 3
Match: Event 264092092, Lines 2
Match: Event 264092198, Lines 2
Match: Event 264093457, Lines 2
Match: Event 264093674, Lines 2
Match: Event 264094930, Lines 2
Match: Event 264095183, Lines 2
Match: Event 264095458, Lines 2
Match: Event 264096724, Lines 2
Match: Event 264096854, Lines 2
Match: Event 264096881, Lines 2
[10%] 	 3,204/32,033 	 01:03:36
Match: Event 264099387, Lines 2
Match: Event 264100167, Lines 2
Match: Event 264100918, Lines 2
Match: Event 264101171, Lines 3
Match: Event 264103130, Lines 2
Match: Event 264104055, Lines 2
Match: Event 264104762, Lines 2
Match: Event 264105683, Lines 2
Match: Event 264106469, Lines 2
Match: Event 264106513, Lines 2
Match: Event 264107323, Lines 2
Match: Event 264107824, Lines 2
Match: Event 264108283, Lines 2
[11%] 	 3,524/32,033 	 01:10:18
Match: Event 264109201, Lines 2
Match: Event 264109314, Lines 3
Match: Event 264111077, Lines 2
Match: Event 264112298, Lines 2
Match: Event 264112587, Lines 2
Match: Event 264113378, Lines 2
Match: Event 264113660, Lines 3
Match: Event 264113998, Lines 2
Match: Event 264114224, Lines 2
Match: Event 264114634, Lines 2
Match: Event 264116482, Lines 2
Match: Event 264117160, Lines 2
Match: Event 264117346, Lines 2
Match: Event 264117395, Lines 2
Match: Event 264117412, Lines 2
Match: Event 264118370, Lines 2
[12%] 	 3,844/32,033 	 01:16:44
Match: Event 264122034, Lines 2
Match: Event 264122139, Lines 2
Match: Event 264124300, Lines 2
Match: Event 264124777, Lines 3
Match: Event 264125169, Lines 2
Match: Event 264126212, Lines 2
Match: Event 264126229, Lines 2
Match: Event 264127946, Lines 2
Match: Event 264128075, Lines 2
[13%] 	 4,165/32,033 	 01:23:16
Match: Event 264129201, Lines 2
Match: Event 264130323, Lines 2
Match: Event 264130430, Lines 2
Match: Event 264131006, Lines 2
Match: Event 264132542, Lines 2
Match: Event 264133120, Lines 2
Match: Event 264133373, Lines 2
Match: Event 264133674, Lines 2
Match: Event 264133750, Lines 2
Match: Event 264134935, Lines 2
Match: Event 264135163, Lines 2
Match: Event 264135579, Lines 2
Match: Event 264136176, Lines 2
Match: Event 264136756, Lines 2
Match: Event 264137093, Lines 2
Match: Event 264137305, Lines 2
[14%] 	 4,485/32,033 	 01:29:52
Match: Event 264137993, Lines 2
Match: Event 264138401, Lines 2
Match: Event 264138808, Lines 2
Match: Event 264139112, Lines 2
Match: Event 264139653, Lines 2
Match: Event 264140446, Lines 2
Match: Event 264140933, Lines 3
Match: Event 264141401, Lines 2
Match: Event 264142044, Lines 2
Match: Event 264144114, Lines 2
Match: Event 264145831, Lines 2
Match: Event 264146236, Lines 2
Match: Event 264146863, Lines 3
Match: Event 264147640, Lines 2
[15%] 	 4,805/32,033 	 01:36:17
Match: Event 264147977, Lines 2
Match: Event 264150168, Lines 2
Match: Event 264150509, Lines 2
Match: Event 264151952, Lines 2
Match: Event 264152194, Lines 2
Match: Event 264152220, Lines 2
Match: Event 264152444, Lines 2
Match: Event 264152849, Lines 2
Match: Event 264153366, Lines 2
Match: Event 264156451, Lines 2
Match: Event 264156649, Lines 2
[16%] 	 5,126/32,033 	 01:42:16
Match: Event 264158813, Lines 3
Match: Event 264159287, Lines 2
Match: Event 264159442, Lines 2
Match: Event 264161034, Lines 2
Match: Event 264161221, Lines 2
Match: Event 264161309, Lines 2
Match: Event 264161515, Lines 2
Match: Event 264161686, Lines 2
Match: Event 264162220, Lines 2
Match: Event 264162506, Lines 2
Match: Event 264162537, Lines 2
Match: Event 264162900, Lines 2
Match: Event 264163282, Lines 2
Match: Event 264166081, Lines 2
[17%] 	 5,446/32,033 	 01:48:31
Match: Event 264169887, Lines 2
Match: Event 264171705, Lines 2
Match: Event 264172541, Lines 2
Match: Event 264172747, Lines 2
Match: Event 264173900, Lines 2
Match: Event 264174089, Lines 3
Match: Event 264174897, Lines 2
[18%] 	 5,766/32,033 	 01:54:57
Match: Event 264176830, Lines 2
Match: Event 264178037, Lines 2
Match: Event 264178918, Lines 3
Match: Event 264180288, Lines 2
Match: Event 264180304, Lines 2
Match: Event 264181220, Lines 2
Match: Event 264181281, Lines 2
Match: Event 264182337, Lines 2
Match: Event 264182501, Lines 2
Match: Event 264182919, Lines 2
Match: Event 264184947, Lines 2
Match: Event 264185888, Lines 2
Match: Event 264186896, Lines 2
[19%] 	 6,087/32,033 	 02:01:21
Match: Event 264187172, Lines 2
Match: Event 264188594, Lines 2
Match: Event 264188746, Lines 2
Match: Event 264189703, Lines 2
Match: Event 264190972, Lines 2
Match: Event 264194002, Lines 2
Match: Event 264194927, Lines 2
Match: Event 264194945, Lines 2
Match: Event 264197200, Lines 2
[20%] 	 6,407/32,033 	 02:07:55
Match: Event 264197766, Lines 2
Match: Event 264198969, Lines 3
Match: Event 264199206, Lines 2
Match: Event 264199528, Lines 2
Match: Event 264199834, Lines 2
Match: Event 264200045, Lines 2
Match: Event 264200461, Lines 2
Match: Event 264201118, Lines 2
Match: Event 264201183, Lines 2
Match: Event 264202378, Lines 2
Match: Event 264203118, Lines 2
Match: Event 264203223, Lines 2
Match: Event 264204275, Lines 2
Match: Event 264204866, Lines 2
Match: Event 264205064, Lines 2
Match: Event 264205603, Lines 2
Match: Event 264205617, Lines 2
Match: Event 264206732, Lines 2
[21%] 	 6,727/32,033 	 02:14:41
Match: Event 264207517, Lines 2
Match: Event 264207607, Lines 2
Match: Event 264207781, Lines 2
Match: Event 264208418, Lines 2
Match: Event 264208713, Lines 2
Match: Event 264209119, Lines 2
Match: Event 264209791, Lines 2
Match: Event 264210499, Lines 2
Match: Event 264210860, Lines 2
Match: Event 264211144, Lines 2
Match: Event 264211218, Lines 2
Match: Event 264211322, Lines 2
Match: Event 264211410, Lines 2
Match: Event 264212124, Lines 2
Match: Event 264212176, Lines 2
Match: Event 264214291, Lines 2
Match: Event 264214471, Lines 2
Match: Event 264215740, Lines 2
Match: Event 264217084, Lines 3
Match: Event 264217285, Lines 2
Match: Event 264217769, Lines 2
[22%] 	 7,048/32,033 	 02:21:04
Match: Event 264218237, Lines 2
Match: Event 264218488, Lines 2
Match: Event 264218525, Lines 2
Match: Event 264219352, Lines 2
Match: Event 264220640, Lines 2
Match: Event 264220929, Lines 2
Match: Event 264221375, Lines 2
Match: Event 264222870, Lines 2
Match: Event 264223464, Lines 2
Match: Event 264223857, Lines 2
Match: Event 264224271, Lines 2
Match: Event 264224807, Lines 2
Match: Event 264225861, Lines 2
Match: Event 264227291, Lines 2
[23%] 	 7,368/32,033 	 02:27:36
Match: Event 264228554, Lines 2
Match: Event 264230197, Lines 2
Match: Event 264231380, Lines 2
Match: Event 264233278, Lines 2
Match: Event 264234017, Lines 2
Match: Event 264234710, Lines 2
Match: Event 264235448, Lines 2
Match: Event 264235832, Lines 2
Match: Event 264236079, Lines 2
Match: Event 264237208, Lines 2
[24%] 	 7,688/32,033 	 02:34:40
Match: Event 264238662, Lines 2
Match: Event 264238962, Lines 2
Match: Event 264240130, Lines 2
Match: Event 264243470, Lines 2
Match: Event 264244738, Lines 2
Match: Event 264244890, Lines 2
Match: Event 264245010, Lines 2
Match: Event 264247121, Lines 2
Match: Event 264247997, Lines 2
[25%] 	 8,009/32,033 	 02:41:22
Match: Event 264248839, Lines 2
Match: Event 264249030, Lines 2
Match: Event 264250812, Lines 2
Match: Event 264252327, Lines 2
Match: Event 264252776, Lines 2
Match: Event 264253178, Lines 3
Match: Event 264253409, Lines 2
Match: Event 264253870, Lines 2
Match: Event 264256021, Lines 2
Match: Event 264256323, Lines 2
Match: Event 264256495, Lines 2
Match: Event 264256610, Lines 2
Match: Event 264256868, Lines 2
Match: Event 264257512, Lines 2
[26%] 	 8,329/32,033 	 02:47:45
Match: Event 264258462, Lines 2
Match: Event 264258702, Lines 2
Match: Event 264258730, Lines 2
Match: Event 264258902, Lines 2
Match: Event 264260137, Lines 2
Match: Event 264260721, Lines 2
Match: Event 264261267, Lines 2
Match: Event 264262195, Lines 2
Match: Event 264262720, Lines 2
Match: Event 264262843, Lines 2
Match: Event 264265906, Lines 2
Match: Event 264266516, Lines 2
Match: Event 264267090, Lines 2
Match: Event 264267757, Lines 2
[27%] 	 8,649/32,033 	 02:54:27
Match: Event 264269526, Lines 2
Match: Event 264270346, Lines 2
Match: Event 264271178, Lines 2
Match: Event 264272124, Lines 2
Match: Event 264273970, Lines 3
Match: Event 264274110, Lines 2
Match: Event 264274222, Lines 2
Match: Event 264275351, Lines 2
Match: Event 264275352, Lines 2
Match: Event 264276414, Lines 2
Match: Event 264277144, Lines 2
Match: Event 264277309, Lines 2
[28%] 	 8,970/32,033 	 03:01:03
Match: Event 264277486, Lines 2
Match: Event 264278793, Lines 2
Match: Event 264282302, Lines 2
Match: Event 264284488, Lines 2
Match: Event 264284552, Lines 2
Match: Event 264285187, Lines 2
Match: Event 264285391, Lines 2
Match: Event 264286107, Lines 2
Match: Event 264286248, Lines 2
Match: Event 264286480, Lines 2
Match: Event 264286503, Lines 2
[29%] 	 9,290/32,033 	 03:07:42
Match: Event 264288495, Lines 2
Match: Event 264289750, Lines 2
Match: Event 264292557, Lines 2
Match: Event 264293285, Lines 2
Match: Event 264294708, Lines 2
Match: Event 264295340, Lines 2
Match: Event 264295791, Lines 2
Match: Event 264295817, Lines 2
Match: Event 264295930, Lines 2
Match: Event 264296129, Lines 2
Match: Event 264297012, Lines 2
Match: Event 264297170, Lines 2
[30%] 	 9,610/32,033 	 03:14:22
Match: Event 264298672, Lines 2
Match: Event 264298993, Lines 2
Match: Event 264299067, Lines 2
Match: Event 264299128, Lines 3
Match: Event 264300050, Lines 2
Match: Event 264300482, Lines 2
Match: Event 264302258, Lines 2
Match: Event 264302636, Lines 2
Match: Event 264303558, Lines 2
Match: Event 264304006, Lines 2
Match: Event 264304656, Lines 2
Match: Event 264304823, Lines 2
Match: Event 264305676, Lines 2
Match: Event 264305730, Lines 2
Match: Event 264306629, Lines 2
Match: Event 264306762, Lines 2
Match: Event 264307034, Lines 2
[31%] 	 9,931/32,033 	 03:21:26
Match: Event 264307852, Lines 2
Match: Event 264309370, Lines 2
Match: Event 264309402, Lines 2
Match: Event 264310369, Lines 2
Match: Event 264310680, Lines 2
Match: Event 264312330, Lines 2
Match: Event 264312470, Lines 2
Match: Event 264313195, Lines 2
Match: Event 264315676, Lines 2
Match: Event 264316549, Lines 2
[32%] 	 10,251/32,033 	 03:27:55
Match: Event 264317995, Lines 2
Match: Event 264318778, Lines 2
Match: Event 264318784, Lines 2
Match: Event 264320035, Lines 2
Match: Event 264320654, Lines 2
Match: Event 264320746, Lines 2
Match: Event 264320906, Lines 2
Match: Event 264323671, Lines 2
Match: Event 264324022, Lines 2
Match: Event 264324183, Lines 3
Match: Event 264324741, Lines 2
Match: Event 264325269, Lines 2
Match: Event 264325665, Lines 2
Match: Event 264326230, Lines 2
Match: Event 264326913, Lines 2
Match: Event 264327202, Lines 2
[33%] 	 10,571/32,033 	 03:34:21
Match: Event 264327829, Lines 2
Match: Event 264328237, Lines 2
Match: Event 264330064, Lines 2
Match: Event 264330220, Lines 2
Match: Event 264330250, Lines 2
Match: Event 264330420, Lines 2
Match: Event 264332660, Lines 2
Match: Event 264332913, Lines 2
Match: Event 264333521, Lines 2
Match: Event 264333645, Lines 2
Match: Event 264334329, Lines 2
Match: Event 264334525, Lines 2
Match: Event 264335453, Lines 2
Match: Event 264335840, Lines 2
Match: Event 264337022, Lines 2
Match: Event 264337176, Lines 2
[34%] 	 10,892/32,033 	 03:41:14
Match: Event 264339627, Lines 2
Match: Event 264340860, Lines 2
Match: Event 264342499, Lines 2
Match: Event 264342566, Lines 2
Match: Event 264343075, Lines 2
Match: Event 264345651, Lines 2
Match: Event 264345818, Lines 2
Match: Event 264346010, Lines 2
Match: Event 264346433, Lines 2
Match: Event 264346714, Lines 2
Match: Event 264347420, Lines 2
Match: Event 264347923, Lines 2
[35%] 	 11,212/32,033 	 03:48:06
Match: Event 264348124, Lines 2
Match: Event 264348235, Lines 2
Match: Event 264348347, Lines 2
Match: Event 264349134, Lines 2
Match: Event 264350061, Lines 2
Match: Event 264352034, Lines 2
Match: Event 264354058, Lines 2
Match: Event 264354419, Lines 2
Match: Event 264354748, Lines 2
Match: Event 264355746, Lines 2
Match: Event 264356414, Lines 2
Match: Event 264357959, Lines 2
[36%] 	 11,532/32,033 	 03:54:37
Match: Event 264358054, Lines 2
Match: Event 264358066, Lines 2
Match: Event 264359547, Lines 2
Match: Event 264359688, Lines 2
Match: Event 264360219, Lines 2
Match: Event 264360926, Lines 2
Match: Event 264361253, Lines 2
Match: Event 264361647, Lines 2
Match: Event 264362235, Lines 2
Match: Event 264362890, Lines 2
Match: Event 264363558, Lines 2
Match: Event 264363980, Lines 2
Match: Event 264366206, Lines 2
Match: Event 264367508, Lines 3
[37%] 	 11,853/32,033 	 04:01:33
Match: Event 264369593, Lines 2
Match: Event 264369982, Lines 2
Match: Event 264372341, Lines 2
Match: Event 264372429, Lines 2
Match: Event 264372947, Lines 2
Match: Event 264375308, Lines 2
Match: Event 264376615, Lines 2
Match: Event 264377271, Lines 2
[38%] 	 12,173/32,033 	 04:08:26
Match: Event 264381017, Lines 2
Match: Event 264381056, Lines 2
Match: Event 264381203, Lines 2
Match: Event 264381837, Lines 2
Match: Event 264382263, Lines 2
Match: Event 264382475, Lines 3
Match: Event 264383028, Lines 2
Match: Event 264383472, Lines 2
Match: Event 264384030, Lines 2
Match: Event 264384050, Lines 3
Match: Event 264384131, Lines 2
Match: Event 264384669, Lines 2
Match: Event 264385309, Lines 2
Match: Event 264385576, Lines 2
Match: Event 264386850, Lines 2
Match: Event 264386968, Lines 3
[39%] 	 12,493/32,033 	 04:15:14
Match: Event 264388585, Lines 2
Match: Event 264389800, Lines 2
Match: Event 264389956, Lines 2
Match: Event 264390820, Lines 2
Match: Event 264391209, Lines 2
Match: Event 264392207, Lines 3
Match: Event 264392973, Lines 2
Match: Event 264393339, Lines 2
Match: Event 264393355, Lines 2
Match: Event 264393365, Lines 2
Match: Event 264393680, Lines 3
Match: Event 264394637, Lines 2
Match: Event 264394700, Lines 3
Match: Event 264394863, Lines 2
Match: Event 264395907, Lines 2
Match: Event 264396547, Lines 2
Match: Event 264396924, Lines 2
Match: Event 264397423, Lines 2
Match: Event 264398015, Lines 2
[40%] 	 12,814/32,033 	 04:21:51
Match: Event 264398301, Lines 2
Match: Event 264398972, Lines 2
Match: Event 264399283, Lines 2
Match: Event 264400850, Lines 2
Match: Event 264402750, Lines 2
Match: Event 264404039, Lines 3
Match: Event 264405892, Lines 2
Match: Event 264407132, Lines 2
[41%] 	 13,134/32,033 	 04:28:30
Match: Event 264407855, Lines 2
Match: Event 264407925, Lines 2
Match: Event 264408614, Lines 2
Match: Event 264409128, Lines 2
Match: Event 264409452, Lines 2
Match: Event 264410753, Lines 2
Match: Event 264412383, Lines 2
Match: Event 264412449, Lines 2
Match: Event 264413649, Lines 2
Match: Event 264415109, Lines 2
Match: Event 264415197, Lines 2
Match: Event 264415581, Lines 2
Match: Event 264415710, Lines 3
Match: Event 264416216, Lines 2
Match: Event 264417604, Lines 2
[42%] 	 13,454/32,033 	 04:34:54
Match: Event 264419708, Lines 2
Match: Event 264420777, Lines 2
Match: Event 264421927, Lines 2
Match: Event 264422038, Lines 2
Match: Event 264422553, Lines 2
Match: Event 264423035, Lines 2
Match: Event 264423058, Lines 2
Match: Event 264423140, Lines 2
Match: Event 264423303, Lines 2
Match: Event 264424149, Lines 2
Match: Event 264425147, Lines 2
Match: Event 264425319, Lines 2
Match: Event 264425433, Lines 2
Match: Event 264425911, Lines 2
[43%] 	 13,775/32,033 	 04:42:11
Match: Event 264427911, Lines 2
Match: Event 264427959, Lines 2
Match: Event 264429771, Lines 2
Match: Event 264432858, Lines 2
Match: Event 264434061, Lines 2
Match: Event 264435347, Lines 2
Match: Event 264436669, Lines 2
[44%] 	 14,095/32,033 	 04:48:33
Match: Event 264438308, Lines 2
Match: Event 264439436, Lines 2
Match: Event 264440000, Lines 2
Match: Event 264440168, Lines 2
Match: Event 264440176, Lines 2
Match: Event 264440727, Lines 2
Match: Event 264443442, Lines 2
Match: Event 264443501, Lines 2
Match: Event 264444422, Lines 2
Match: Event 264445090, Lines 2
Match: Event 264445127, Lines 2
Match: Event 264446086, Lines 2
Match: Event 264446982, Lines 2
[45%] 	 14,415/32,033 	 04:55:19
Match: Event 264447810, Lines 2
Match: Event 264448248, Lines 2
Match: Event 264448330, Lines 2
Match: Event 264448530, Lines 3
Match: Event 264449779, Lines 2
Match: Event 264450436, Lines 2
Match: Event 264450752, Lines 2
Match: Event 264451155, Lines 2
Match: Event 264453078, Lines 2
Match: Event 264456497, Lines 2
Match: Event 264457437, Lines 2
[46%] 	 14,736/32,033 	 05:02:19
Match: Event 264457596, Lines 2
Match: Event 264458732, Lines 2
Match: Event 264458821, Lines 2
Match: Event 264460664, Lines 2
Match: Event 264462537, Lines 2
Match: Event 264464100, Lines 2
Match: Event 264464823, Lines 2
Match: Event 264466525, Lines 2
Match: Event 264466879, Lines 2
[47%] 	 15,056/32,033 	 05:08:59
Match: Event 264467862, Lines 2
Match: Event 264468986, Lines 2
Match: Event 264469257, Lines 2
Match: Event 264469333, Lines 2
Match: Event 264469817, Lines 2
Match: Event 264470022, Lines 2
Match: Event 264470355, Lines 2
Match: Event 264470699, Lines 2
Match: Event 264472678, Lines 2
Match: Event 264473893, Lines 2
Match: Event 264474516, Lines 2
Match: Event 264476026, Lines 2
Match: Event 264476296, Lines 2
Match: Event 264476670, Lines 2
Match: Event 264476688, Lines 2
[48%] 	 15,376/32,033 	 05:15:22
Match: Event 264477452, Lines 2
Match: Event 264478717, Lines 2
Match: Event 264479380, Lines 2
Match: Event 264479666, Lines 2
Match: Event 264480224, Lines 2
Match: Event 264480360, Lines 3
Match: Event 264480961, Lines 2
Match: Event 264482503, Lines 2
Match: Event 264483480, Lines 3
Match: Event 264484628, Lines 2
Match: Event 264485052, Lines 2
Match: Event 264485841, Lines 2
Match: Event 264485878, Lines 3
Match: Event 264485981, Lines 2
[49%] 	 15,697/32,033 	 05:21:55
Match: Event 264486984, Lines 2
Match: Event 264487060, Lines 2
Match: Event 264488661, Lines 2
Match: Event 264489544, Lines 2
Match: Event 264489699, Lines 2
Match: Event 264490466, Lines 2
Match: Event 264490572, Lines 2
Match: Event 264491919, Lines 2
Match: Event 264491969, Lines 2
Match: Event 264492497, Lines 2
Match: Event 264492838, Lines 2
Match: Event 264492904, Lines 2
Match: Event 264494363, Lines 2
Match: Event 264496274, Lines 2
Match: Event 264496439, Lines 2
Match: Event 264496610, Lines 2
[50%] 	 16,017/32,033 	 05:28:13
Match: Event 264498570, Lines 2
Match: Event 264499658, Lines 2
Match: Event 264499721, Lines 2
Match: Event 264502041, Lines 2
Match: Event 264502194, Lines 2
Match: Event 264503713, Lines 2
Match: Event 264504272, Lines 2
Match: Event 264505132, Lines 2
Match: Event 264505345, Lines 2
Match: Event 264505521, Lines 2
Match: Event 264505854, Lines 3
Match: Event 264505930, Lines 2
Match: Event 264506322, Lines 2
Match: Event 264506833, Lines 2
Match: Event 264507212, Lines 2
[51%] 	 16,337/32,033 	 05:34:54
Match: Event 264507613, Lines 2
Match: Event 264508924, Lines 2
Match: Event 264508937, Lines 2
Match: Event 264510332, Lines 2
Match: Event 264511373, Lines 2
Match: Event 264511570, Lines 2
Match: Event 264512265, Lines 2
Match: Event 264512629, Lines 2
Match: Event 264513885, Lines 2
Match: Event 264514045, Lines 2
Match: Event 264514137, Lines 2
Match: Event 264514399, Lines 2
Match: Event 264514573, Lines 2
Match: Event 264515196, Lines 2
Match: Event 264515239, Lines 2
Match: Event 264515597, Lines 2
Match: Event 264515706, Lines 2
Match: Event 264516157, Lines 2
Match: Event 264516837, Lines 2
[52%] 	 16,658/32,033 	 05:41:07
Match: Event 264518131, Lines 2
Match: Event 264518698, Lines 2
Match: Event 264519227, Lines 2
Match: Event 264520066, Lines 2
Match: Event 264520487, Lines 2
Match: Event 264521196, Lines 2
Match: Event 264522492, Lines 2
Match: Event 264523246, Lines 2
Match: Event 264524333, Lines 2
Match: Event 264524567, Lines 2
Match: Event 264524691, Lines 2
Match: Event 264524756, Lines 2
Match: Event 264525273, Lines 2
Match: Event 264527599, Lines 2
[53%] 	 16,978/32,033 	 05:47:25
Match: Event 264529082, Lines 2
Match: Event 264529105, Lines 2
Match: Event 264530183, Lines 2
Match: Event 264531057, Lines 2
Match: Event 264531961, Lines 2
Match: Event 264532149, Lines 2
Match: Event 264532369, Lines 2
Match: Event 264532887, Lines 2
Match: Event 264533791, Lines 2
Match: Event 264534471, Lines 2
Match: Event 264534622, Lines 2
Match: Event 264534725, Lines 2
Match: Event 264534813, Lines 2
Match: Event 264534825, Lines 2
Match: Event 264535501, Lines 2
Match: Event 264535728, Lines 2
Match: Event 264535987, Lines 2
Match: Event 264536370, Lines 2
Match: Event 264537188, Lines 2
Match: Event 264537223, Lines 2
[54%] 	 17,298/32,033 	 05:53:57
Match: Event 264537425, Lines 2
Match: Event 264537640, Lines 2
Match: Event 264539880, Lines 2
Match: Event 264540911, Lines 2
Match: Event 264541184, Lines 2
Match: Event 264541273, Lines 2
Match: Event 264541309, Lines 2
Match: Event 264543969, Lines 3
Match: Event 264546155, Lines 2
Match: Event 264546739, Lines 2
Match: Event 264546827, Lines 3
[55%] 	 17,619/32,033 	 06:00:20
Match: Event 264549112, Lines 2
Match: Event 264549817, Lines 2
Match: Event 264550467, Lines 2
Match: Event 264553555, Lines 2
Match: Event 264554824, Lines 2
Match: Event 264555068, Lines 2
Match: Event 264555839, Lines 2
Match: Event 264555857, Lines 2
Match: Event 264556008, Lines 2
Match: Event 264556255, Lines 2
Match: Event 264556433, Lines 2
[56%] 	 17,939/32,033 	 06:06:28
Match: Event 264556957, Lines 2
Match: Event 264557957, Lines 2
Match: Event 264558320, Lines 3
Match: Event 264559298, Lines 3
Match: Event 264560295, Lines 2
Match: Event 264560876, Lines 3
Match: Event 264561511, Lines 2
Match: Event 264561682, Lines 2
Match: Event 264563144, Lines 2
Match: Event 264563247, Lines 2
Match: Event 264564290, Lines 2
Match: Event 264564544, Lines 2
Match: Event 264564651, Lines 2
Match: Event 264564735, Lines 2
Match: Event 264564760, Lines 3
Match: Event 264564876, Lines 2
Match: Event 264567039, Lines 2
Match: Event 264567092, Lines 2
Match: Event 264567500, Lines 2
[57%] 	 18,259/32,033 	 06:12:43
Match: Event 264567785, Lines 2
Match: Event 264567959, Lines 2
Match: Event 264569615, Lines 2
Match: Event 264570288, Lines 2
Match: Event 264570449, Lines 2
Match: Event 264571850, Lines 2
Match: Event 264571930, Lines 2
Match: Event 264572458, Lines 2
Match: Event 264572629, Lines 2
Match: Event 264572660, Lines 2
Match: Event 264573019, Lines 2
Match: Event 264573164, Lines 2
Match: Event 264574204, Lines 2
Match: Event 264575329, Lines 2
Match: Event 264576564, Lines 2
Match: Event 264577430, Lines 2
Match: Event 264577743, Lines 2
Match: Event 264578683, Lines 2
[58%] 	 18,580/32,033 	 06:19:14
Match: Event 264579685, Lines 2
Match: Event 264580359, Lines 2
Match: Event 264580941, Lines 2
Match: Event 264580990, Lines 2
Match: Event 264581996, Lines 2
Match: Event 264582623, Lines 2
Match: Event 264583188, Lines 2
Match: Event 264583317, Lines 2
Match: Event 264583655, Lines 2
Match: Event 264584867, Lines 2
Match: Event 264587735, Lines 2
Match: Event 264587898, Lines 2
Match: Event 264588415, Lines 2
Match: Event 264588744, Lines 2
Match: Event 264588781, Lines 2
[59%] 	 18,900/32,033 	 06:25:58
Match: Event 264589024, Lines 2
Match: Event 264589692, Lines 2
Match: Event 264591548, Lines 2
Match: Event 264592067, Lines 2
Match: Event 264592357, Lines 2
Match: Event 264593697, Lines 2
Match: Event 264595685, Lines 2
Match: Event 264595720, Lines 2
Match: Event 264595812, Lines 2
Match: Event 264596333, Lines 2
Match: Event 264596448, Lines 2
Match: Event 264596867, Lines 2
Match: Event 264597981, Lines 2
Match: Event 264597999, Lines 2
Match: Event 264598439, Lines 2
[60%] 	 19,220/32,033 	 06:33:02
Match: Event 264602863, Lines 2
Match: Event 264603737, Lines 2
Match: Event 264603767, Lines 2
Match: Event 264605531, Lines 2
Match: Event 264605641, Lines 2
Match: Event 264606793, Lines 2
Match: Event 264607348, Lines 2
Match: Event 264607909, Lines 2
Match: Event 264608089, Lines 2
[61%] 	 19,541/32,033 	 06:39:03
Match: Event 264609653, Lines 2
Match: Event 264610695, Lines 2
Match: Event 264610757, Lines 2
Match: Event 264612201, Lines 2
Match: Event 264612233, Lines 2
Match: Event 264612319, Lines 2
Match: Event 264612639, Lines 3
Match: Event 264612651, Lines 2
Match: Event 264612970, Lines 2
Match: Event 264613786, Lines 2
Match: Event 264614348, Lines 2
Match: Event 264614705, Lines 2
Match: Event 264614706, Lines 2
Match: Event 264614881, Lines 2
Match: Event 264615004, Lines 2
Match: Event 264615232, Lines 2
Match: Event 264615479, Lines 2
Match: Event 264615643, Lines 2
Match: Event 264617388, Lines 2
[62%] 	 19,861/32,033 	 06:45:59
Match: Event 264620180, Lines 2
Match: Event 264620686, Lines 2
Match: Event 264621554, Lines 2
Match: Event 264622021, Lines 2
Match: Event 264622391, Lines 2
Match: Event 264622676, Lines 2
Match: Event 264623368, Lines 2
Match: Event 264624728, Lines 2
Match: Event 264625126, Lines 2
Match: Event 264625151, Lines 2
Match: Event 264625156, Lines 2
Match: Event 264625619, Lines 2
Match: Event 264626358, Lines 3
Match: Event 264627001, Lines 2
Match: Event 264627880, Lines 2
Match: Event 264628255, Lines 2
[63%] 	 20,181/32,033 	 06:52:40
Match: Event 264628989, Lines 2
Match: Event 264629094, Lines 2
Match: Event 264629106, Lines 2
Match: Event 264630111, Lines 2
Match: Event 264630824, Lines 2
Match: Event 264631681, Lines 2
Match: Event 264633721, Lines 2
Match: Event 264633825, Lines 2
Match: Event 264634882, Lines 2
Match: Event 264636945, Lines 2
[64%] 	 20,502/32,033 	 06:59:30
Match: Event 264641186, Lines 2
Match: Event 264641334, Lines 2
Match: Event 264641739, Lines 2
Match: Event 264641869, Lines 2
Match: Event 264642077, Lines 2
Match: Event 264642891, Lines 2
Match: Event 264642906, Lines 2
Match: Event 264644533, Lines 2
Match: Event 264644702, Lines 2
Match: Event 264645050, Lines 2
Match: Event 264645098, Lines 2
Match: Event 264645123, Lines 2
Match: Event 264645153, Lines 2
Match: Event 264645990, Lines 2
[65%] 	 20,822/32,033 	 07:05:39
Match: Event 264647660, Lines 2
Match: Event 264648198, Lines 2
Match: Event 264649310, Lines 2
Match: Event 264649732, Lines 2
Match: Event 264649773, Lines 2
Match: Event 264651031, Lines 2
Match: Event 264651418, Lines 2
Match: Event 264652284, Lines 2
Match: Event 264653218, Lines 2
Match: Event 264653448, Lines 2
Match: Event 264653466, Lines 3
Match: Event 264653933, Lines 2
Match: Event 264654817, Lines 2
Match: Event 264655734, Lines 2
Match: Event 264656138, Lines 2
Match: Event 264656301, Lines 2
[66%] 	 21,142/32,033 	 07:11:55
Match: Event 264657555, Lines 2
Match: Event 264658881, Lines 2
Match: Event 264659310, Lines 2
Match: Event 264659773, Lines 2
Match: Event 264660996, Lines 2
Match: Event 264661053, Lines 3
Match: Event 264661222, Lines 2
Match: Event 264661738, Lines 2
Match: Event 264662251, Lines 2
Match: Event 264662715, Lines 2
Match: Event 264663640, Lines 2
Match: Event 264663685, Lines 2
Match: Event 264663904, Lines 2
Match: Event 264664143, Lines 2
Match: Event 264664877, Lines 2
Match: Event 264665588, Lines 2
Match: Event 264665620, Lines 2
Match: Event 264665667, Lines 2
Match: Event 264665978, Lines 2
[67%] 	 21,463/32,033 	 07:18:58
Match: Event 264667502, Lines 2
Match: Event 264667964, Lines 2
Match: Event 264669511, Lines 2
Match: Event 264669567, Lines 2
Match: Event 264669743, Lines 2
Match: Event 264670467, Lines 2
Match: Event 264670805, Lines 2
Match: Event 264670808, Lines 2
Match: Event 264671401, Lines 2
Match: Event 264671782, Lines 2
Match: Event 264672257, Lines 2
Match: Event 264672261, Lines 2
Match: Event 264672640, Lines 2
Match: Event 264673009, Lines 2
Match: Event 264673839, Lines 2
Match: Event 264673972, Lines 3
Match: Event 264674248, Lines 2
Match: Event 264674804, Lines 2
Match: Event 264675391, Lines 2
Match: Event 264676078, Lines 2
Match: Event 264676734, Lines 2
Match: Event 264677339, Lines 2
[68%] 	 21,783/32,033 	 07:25:45
Match: Event 264677567, Lines 2
Match: Event 264678267, Lines 2
Match: Event 264679237, Lines 2
Match: Event 264679541, Lines 2
Match: Event 264679949, Lines 2
Match: Event 264680073, Lines 2
Match: Event 264680863, Lines 2
Match: Event 264681607, Lines 2
Match: Event 264681787, Lines 2
Match: Event 264682629, Lines 2
Match: Event 264683239, Lines 2
Match: Event 264683313, Lines 2
Match: Event 264683369, Lines 2
Match: Event 264683623, Lines 2
Match: Event 264685584, Lines 2
Match: Event 264686671, Lines 2
Match: Event 264686987, Lines 2
[69%] 	 22,103/32,033 	 07:32:32
Match: Event 264687323, Lines 2
Match: Event 264688141, Lines 2
Match: Event 264688454, Lines 2
Match: Event 264689006, Lines 2
Match: Event 264689333, Lines 2
Match: Event 264689440, Lines 2
Match: Event 264689652, Lines 2
Match: Event 264691268, Lines 2
Match: Event 264692410, Lines 2
Match: Event 264692773, Lines 2
Match: Event 264694157, Lines 2
Match: Event 264694783, Lines 2
Match: Event 264695321, Lines 2
Match: Event 264696109, Lines 2
Match: Event 264696584, Lines 2
[70%] 	 22,424/32,033 	 07:38:53
Match: Event 264697354, Lines 2
Match: Event 264697970, Lines 2
Match: Event 264698878, Lines 2
Match: Event 264699087, Lines 3
Match: Event 264699157, Lines 2
Match: Event 264699475, Lines 2
Match: Event 264701161, Lines 2
Match: Event 264702289, Lines 2
Match: Event 264702607, Lines 2
Match: Event 264702683, Lines 2
Match: Event 264702761, Lines 2
Match: Event 264703539, Lines 2
Match: Event 264704711, Lines 3
Match: Event 264704952, Lines 2
Match: Event 264705128, Lines 2
Match: Event 264705630, Lines 2
Match: Event 264705858, Lines 2
Match: Event 264706675, Lines 2
Match: Event 264707313, Lines 2
[71%] 	 22,744/32,033 	 07:45:35
Match: Event 264707772, Lines 2
Match: Event 264708761, Lines 2
Match: Event 264709348, Lines 2
Match: Event 264709583, Lines 2
Match: Event 264709584, Lines 2
Match: Event 264709715, Lines 2
Match: Event 264709857, Lines 2
Match: Event 264710201, Lines 2
Match: Event 264711489, Lines 2
Match: Event 264713378, Lines 2
Match: Event 264713450, Lines 2
Match: Event 264714392, Lines 2
Match: Event 264714514, Lines 3
Match: Event 264715350, Lines 2
Match: Event 264715375, Lines 2
Match: Event 264715927, Lines 2
Match: Event 264716011, Lines 2
Match: Event 264716515, Lines 2
Match: Event 264716605, Lines 2
Match: Event 264716808, Lines 2
[72%] 	 23,064/32,033 	 07:52:25
Match: Event 264718704, Lines 2
Match: Event 264719256, Lines 2
Match: Event 264720270, Lines 2
Match: Event 264720284, Lines 2
Match: Event 264721153, Lines 2
Match: Event 264721772, Lines 2
Match: Event 264722651, Lines 2
Match: Event 264723177, Lines 2
Match: Event 264723457, Lines 2
Match: Event 264723921, Lines 2
Match: Event 264725875, Lines 2
Match: Event 264726129, Lines 2
Match: Event 264726243, Lines 2
Match: Event 264727651, Lines 2
Match: Event 264728041, Lines 2
[73%] 	 23,385/32,033 	 07:59:08
Match: Event 264729124, Lines 2
Match: Event 264731300, Lines 2
Match: Event 264732564, Lines 2
Match: Event 264732958, Lines 3
Match: Event 264733814, Lines 2
Match: Event 264733991, Lines 2
Match: Event 264734306, Lines 2
Match: Event 264734566, Lines 2
Match: Event 264736715, Lines 2
Match: Event 264736925, Lines 2
Match: Event 264736958, Lines 2
Match: Event 264737492, Lines 2
Match: Event 264737939, Lines 2
Match: Event 264738128, Lines 2
Match: Event 264738507, Lines 2
[74%] 	 23,705/32,033 	 08:05:47
Match: Event 264739825, Lines 2
Match: Event 264740145, Lines 2
Match: Event 264742634, Lines 2
Match: Event 264742935, Lines 2
Match: Event 264742992, Lines 2
Match: Event 264743074, Lines 2
Match: Event 264743289, Lines 2
Match: Event 264743329, Lines 2
Match: Event 264744014, Lines 2
Match: Event 264744519, Lines 2
Match: Event 264745477, Lines 2
Match: Event 264745864, Lines 2
Match: Event 264746241, Lines 2
Match: Event 264746390, Lines 2
Match: Event 264746562, Lines 2
Match: Event 264747427, Lines 2
Match: Event 264747681, Lines 2
Match: Event 264748784, Lines 3
[75%] 	 24,025/32,033 	 08:12:12
Match: Event 264749045, Lines 2
Match: Event 264749394, Lines 2
Match: Event 264750685, Lines 2
Match: Event 264750874, Lines 2
Match: Event 264751703, Lines 2
Match: Event 264754460, Lines 2
Match: Event 264754576, Lines 3
Match: Event 264754594, Lines 2
Match: Event 264754880, Lines 2
Match: Event 264754926, Lines 2
Match: Event 264755035, Lines 2
Match: Event 264755539, Lines 2
Match: Event 264755562, Lines 2
Match: Event 264755602, Lines 2
Match: Event 264756601, Lines 2
Match: Event 264756748, Lines 2
Match: Event 264757460, Lines 3
Match: Event 264758176, Lines 2
Match: Event 264758372, Lines 2
[76%] 	 24,346/32,033 	 08:18:20
Match: Event 264759669, Lines 2
Match: Event 264759757, Lines 2
Match: Event 264760713, Lines 2
Match: Event 264762061, Lines 2
Match: Event 264762716, Lines 2
Match: Event 264762991, Lines 2
Match: Event 264763013, Lines 2
Match: Event 264764106, Lines 2
Match: Event 264764392, Lines 2
Match: Event 264765741, Lines 2
Match: Event 264765761, Lines 2
[77%] 	 24,666/32,033 	 08:24:37
Match: Event 264767825, Lines 2
Match: Event 264769306, Lines 2
Match: Event 264770441, Lines 2
Match: Event 264771024, Lines 2
Match: Event 264771249, Lines 2
Match: Event 264771460, Lines 2
Match: Event 264771635, Lines 2
Match: Event 264773420, Lines 2
Match: Event 264773448, Lines 2
Match: Event 264776162, Lines 2
Match: Event 264776789, Lines 2
Match: Event 264777676, Lines 3
Match: Event 264777834, Lines 2
Match: Event 264778134, Lines 2
Match: Event 264778275, Lines 2
Match: Event 264778731, Lines 2
[78%] 	 24,986/32,033 	 08:30:51
Match: Event 264779469, Lines 2
Match: Event 264780440, Lines 2
Match: Event 264780457, Lines 2
Match: Event 264780586, Lines 2
Match: Event 264781056, Lines 3
Match: Event 264781608, Lines 2
Match: Event 264781665, Lines 2
Match: Event 264782519, Lines 2
Match: Event 264783513, Lines 2
Match: Event 264783542, Lines 2
Match: Event 264783722, Lines 2
Match: Event 264784062, Lines 2
Match: Event 264784526, Lines 2
Match: Event 264785373, Lines 2
Match: Event 264785706, Lines 2
Match: Event 264785985, Lines 3
Match: Event 264787463, Lines 3
Match: Event 264787792, Lines 2
Match: Event 264787892, Lines 2
Match: Event 264787989, Lines 2
Match: Event 264788043, Lines 2
Match: Event 264788121, Lines 2
Match: Event 264788510, Lines 2
Match: Event 264789352, Lines 2
[79%] 	 25,307/32,033 	 08:37:19
Match: Event 264789743, Lines 2
Match: Event 264789883, Lines 2
Match: Event 264790480, Lines 2
Match: Event 264791168, Lines 2
Match: Event 264791352, Lines 2
Match: Event 264792410, Lines 2
Match: Event 264792880, Lines 2
Match: Event 264793128, Lines 2
Match: Event 264793154, Lines 3
Match: Event 264794064, Lines 2
Match: Event 264795084, Lines 2
Match: Event 264796944, Lines 2
Match: Event 264797134, Lines 2
Match: Event 264798539, Lines 2
Match: Event 264798558, Lines 2
Match: Event 264798750, Lines 2
Match: Event 264799299, Lines 2
[80%] 	 25,627/32,033 	 08:43:36
Match: Event 264801575, Lines 2
Match: Event 264801589, Lines 2
Match: Event 264802217, Lines 2
Match: Event 264805178, Lines 2
Match: Event 264805618, Lines 2
Match: Event 264806665, Lines 2
Match: Event 264808220, Lines 2
Match: Event 264810330, Lines 2
Match: Event 264810436, Lines 3
Match: Event 264810525, Lines 2
Match: Event 264810683, Lines 2
[81%] 	 25,947/32,033 	 08:50:05
Match: Event 264811024, Lines 2
Match: Event 264812543, Lines 2
Match: Event 264813739, Lines 2
Match: Event 264815202, Lines 2
Match: Event 264816488, Lines 2
Match: Event 264816606, Lines 2
Match: Event 264817509, Lines 2
Match: Event 264817655, Lines 2
Match: Event 264818281, Lines 2
Match: Event 264819299, Lines 2
Match: Event 264819859, Lines 2
[82%] 	 26,268/32,033 	 08:56:48
Match: Event 264821513, Lines 2
Match: Event 264821594, Lines 2
Match: Event 264822844, Lines 2
Match: Event 264823045, Lines 2
Match: Event 264825224, Lines 2
Match: Event 264826226, Lines 2
Match: Event 264826682, Lines 2
Match: Event 264827501, Lines 2
Match: Event 264827981, Lines 2
Match: Event 264828296, Lines 2
Match: Event 264829753, Lines 2
[83%] 	 26,588/32,033 	 09:03:08
Match: Event 264830191, Lines 2
Match: Event 264830491, Lines 2
Match: Event 264830499, Lines 2
Match: Event 264831137, Lines 2
Match: Event 264831849, Lines 2
Match: Event 264832129, Lines 2
Match: Event 264832132, Lines 2
Match: Event 264832312, Lines 2
Match: Event 264832640, Lines 2
Match: Event 264832898, Lines 2
Match: Event 264834232, Lines 2
Match: Event 264834857, Lines 2
Match: Event 264834881, Lines 2
Match: Event 264836034, Lines 2
Match: Event 264837597, Lines 2
Match: Event 264838981, Lines 2
Match: Event 264839305, Lines 2
[84%] 	 26,908/32,033 	 09:09:43
Match: Event 264840530, Lines 2
Match: Event 264841040, Lines 2
Match: Event 264841718, Lines 2
Match: Event 264841932, Lines 2
Match: Event 264841939, Lines 2
Match: Event 264842056, Lines 2
Match: Event 264842545, Lines 2
Match: Event 264842905, Lines 2
Match: Event 264843234, Lines 3
Match: Event 264843379, Lines 2
Match: Event 264844270, Lines 2
Match: Event 264845823, Lines 2
Match: Event 264846837, Lines 2
Match: Event 264847104, Lines 2
Match: Event 264848234, Lines 2
Match: Event 264848845, Lines 2
Match: Event 264848966, Lines 2
Match: Event 264849162, Lines 2
[85%] 	 27,229/32,033 	 09:16:20
Match: Event 264850105, Lines 2
Match: Event 264850365, Lines 2
Match: Event 264852608, Lines 2
Match: Event 264852783, Lines 2
Match: Event 264853263, Lines 2
Match: Event 264853753, Lines 2
Match: Event 264854258, Lines 2
Match: Event 264854752, Lines 2
Match: Event 264855986, Lines 2
Match: Event 264857295, Lines 2
Match: Event 264857531, Lines 2
Match: Event 264857732, Lines 2
Match: Event 264857823, Lines 2
Match: Event 264858395, Lines 2
Match: Event 264858569, Lines 2
Match: Event 264858948, Lines 2
[86%] 	 27,549/32,033 	 09:22:52
Match: Event 264859274, Lines 2
Match: Event 264859931, Lines 2
Match: Event 264860287, Lines 3
Match: Event 264860401, Lines 2
Match: Event 264861016, Lines 2
Match: Event 264861821, Lines 2
Match: Event 264862571, Lines 2
Match: Event 264862581, Lines 2
Match: Event 264862997, Lines 2
Match: Event 264863284, Lines 2
Match: Event 264863507, Lines 2
Match: Event 264864782, Lines 2
Match: Event 264864784, Lines 2
Match: Event 264864853, Lines 2
Match: Event 264866099, Lines 3
Match: Event 264866747, Lines 2
Match: Event 264866932, Lines 2
Match: Event 264867023, Lines 2
Match: Event 264867989, Lines 2
Match: Event 264869182, Lines 2
[87%] 	 27,869/32,033 	 09:29:29
Match: Event 264870121, Lines 2
Match: Event 264870263, Lines 2
Match: Event 264870442, Lines 2
Match: Event 264870543, Lines 3
Match: Event 264870592, Lines 2
Match: Event 264871127, Lines 2
Match: Event 264872042, Lines 2
Match: Event 264873473, Lines 2
Match: Event 264874534, Lines 2
Match: Event 264875616, Lines 2
Match: Event 264875663, Lines 2
Match: Event 264875995, Lines 2
Match: Event 264876156, Lines 3
Match: Event 264876221, Lines 2
Match: Event 264876459, Lines 2
Match: Event 264876480, Lines 2
Match: Event 264876690, Lines 2
Match: Event 264877007, Lines 2
[88%] 	 28,190/32,033 	 09:36:16
Match: Event 264880688, Lines 2
Match: Event 264880756, Lines 2
Match: Event 264881134, Lines 3
Match: Event 264881779, Lines 2
Match: Event 264881880, Lines 2
Match: Event 264882424, Lines 2
Match: Event 264882711, Lines 2
Match: Event 264883114, Lines 2
Match: Event 264884497, Lines 2
Match: Event 264885074, Lines 3
Match: Event 264885832, Lines 2
Match: Event 264886594, Lines 2
Match: Event 264886628, Lines 2
Match: Event 264887100, Lines 2
Match: Event 264887171, Lines 2
Match: Event 264887488, Lines 2
Match: Event 264888172, Lines 2
Match: Event 264888811, Lines 2
Match: Event 264888842, Lines 2
Match: Event 264889158, Lines 2
[89%] 	 28,510/32,033 	 09:43:04
Match: Event 264890248, Lines 2
Match: Event 264891197, Lines 2
Match: Event 264893361, Lines 2
Match: Event 264893390, Lines 2
Match: Event 264893629, Lines 2
Match: Event 264894877, Lines 2
Match: Event 264895242, Lines 2
Match: Event 264898187, Lines 2
Match: Event 264899771, Lines 2
Match: Event 264900260, Lines 2
[90%] 	 28,830/32,033 	 09:50:01
Match: Event 264900660, Lines 2
Match: Event 264901145, Lines 3
Match: Event 264901318, Lines 2
Match: Event 264903474, Lines 2
Match: Event 264907396, Lines 2
Match: Event 264908419, Lines 2
Match: Event 264908591, Lines 2
Match: Event 264909086, Lines 2
Match: Event 264909716, Lines 2
Match: Event 264909894, Lines 2
Match: Event 264910438, Lines 2
Match: Event 264910535, Lines 2
Match: Event 264910575, Lines 2
[91%] 	 29,151/32,033 	 09:56:23
Match: Event 264911357, Lines 2
Match: Event 264911453, Lines 2
Match: Event 264913597, Lines 2
Match: Event 264914834, Lines 2
Match: Event 264915991, Lines 2
Match: Event 264916188, Lines 2
Match: Event 264916336, Lines 2
Match: Event 264918561, Lines 2
Match: Event 264920563, Lines 2
Match: Event 264920571, Lines 2
[92%] 	 29,471/32,033 	 10:02:44
Match: Event 264923129, Lines 2
Match: Event 264924165, Lines 2
Match: Event 264924263, Lines 2
Match: Event 264924805, Lines 2
Match: Event 264925012, Lines 2
Match: Event 264925202, Lines 3
Match: Event 264926171, Lines 2
Match: Event 264926207, Lines 2
Match: Event 264927205, Lines 2
Match: Event 264928109, Lines 2
Match: Event 264928406, Lines 2
Match: Event 264928750, Lines 2
Match: Event 264929965, Lines 2
Match: Event 264930250, Lines 2
Match: Event 264930304, Lines 2
Match: Event 264932654, Lines 2
[93%] 	 29,791/32,033 	 10:09:22
Match: Event 264932770, Lines 2
Match: Event 264932984, Lines 2
Match: Event 264934067, Lines 2
Match: Event 264934811, Lines 2
Match: Event 264936042, Lines 2
Match: Event 264937079, Lines 2
Match: Event 264937801, Lines 2
Match: Event 264938249, Lines 2
Match: Event 264939324, Lines 2
Match: Event 264940005, Lines 2
Match: Event 264940301, Lines 2
Match: Event 264940859, Lines 3
Match: Event 264941172, Lines 2
Match: Event 264941912, Lines 3
[94%] 	 30,112/32,033 	 10:15:57
Match: Event 264943124, Lines 2
Match: Event 264943585, Lines 2
Match: Event 264945203, Lines 2
Match: Event 264945703, Lines 2
Match: Event 264946733, Lines 2
Match: Event 264948814, Lines 2
Match: Event 264949729, Lines 2
Match: Event 264950232, Lines 2
Match: Event 264950345, Lines 2
Match: Event 264951100, Lines 2
Match: Event 264951771, Lines 2
Match: Event 264952125, Lines 2
Match: Event 264952129, Lines 2
[95%] 	 30,432/32,033 	 10:22:19
Match: Event 264954211, Lines 2
Match: Event 264955690, Lines 2
Match: Event 264955757, Lines 2
Match: Event 264956777, Lines 2
Match: Event 264957316, Lines 2
Match: Event 264957536, Lines 2
Match: Event 264957967, Lines 2
Match: Event 264958302, Lines 2
Match: Event 264958855, Lines 2
Match: Event 264959427, Lines 2
Match: Event 264959705, Lines 2
Match: Event 264960322, Lines 2
Match: Event 264961869, Lines 2
Match: Event 264962386, Lines 2
Match: Event 264962502, Lines 2
[96%] 	 30,752/32,033 	 10:28:58
Match: Event 264964150, Lines 2
Match: Event 264964880, Lines 2
Match: Event 264967070, Lines 2
Match: Event 264968599, Lines 2
Match: Event 264968748, Lines 2
Match: Event 264969893, Lines 2
Match: Event 264970938, Lines 2
Match: Event 264970963, Lines 2
Match: Event 264971145, Lines 2
Match: Event 264971338, Lines 2
[97%] 	 31,073/32,033 	 10:35:27
Match: Event 264972020, Lines 2
Match: Event 264972094, Lines 2
Match: Event 264972878, Lines 3
Match: Event 264973151, Lines 2
Match: Event 264973715, Lines 2
Match: Event 264973802, Lines 2
Match: Event 264973992, Lines 2
Match: Event 264974030, Lines 2
Match: Event 264974158, Lines 2
Match: Event 264974971, Lines 2
Match: Event 264975239, Lines 2
Match: Event 264975716, Lines 2
Match: Event 264975977, Lines 2
Match: Event 264976097, Lines 2
Match: Event 264977242, Lines 2
Match: Event 264977448, Lines 2
Match: Event 264977555, Lines 2
Match: Event 264977643, Lines 2
Match: Event 264977653, Lines 2
Match: Event 264978061, Lines 2
Match: Event 264978127, Lines 2
Match: Event 264978800, Lines 2
Match: Event 264979064, Lines 2
Match: Event 264979070, Lines 2
Match: Event 264979526, Lines 2
Match: Event 264979554, Lines 2
Match: Event 264979695, Lines 2
Match: Event 264980627, Lines 2
Match: Event 264980818, Lines 2
[98%] 	 31,393/32,033 	 10:42:10
Match: Event 264981749, Lines 2
Match: Event 264982702, Lines 2
Match: Event 264982941, Lines 2
Match: Event 264983499, Lines 2
Match: Event 264984095, Lines 2
Match: Event 264984644, Lines 2
Match: Event 264987040, Lines 2
Match: Event 264987794, Lines 2
Match: Event 264987877, Lines 2
Match: Event 264988298, Lines 2
[99%] 	 31,713/32,033 	 10:48:39
Match: Event 264990492, Lines 2
Match: Event 264990654, Lines 2
Match: Event 264990779, Lines 2
Match: Event 264991359, Lines 2
Match: Event 264991682, Lines 2
Match: Event 264991894, Lines 2
Match: Event 264992055, Lines 2
Match: Event 264992084, Lines 2
Match: Event 264994020, Lines 2
Match: Event 264994080, Lines 2
Match: Event 264994216, Lines 2
Match: Event 264995147, Lines 2
Match: Event 264996796, Lines 2
Match: Event 264997918, Lines 2
Match: Event 264998100, Lines 2
Match: Event 264998668, Lines 2
Match: Event 264999111, Lines 2
Finished in 39317.68s.
 ~ 5) DONE !
