search libraries in slc9_x86-64
 ~ 1) Base stack loaded.
 ~ Sleeping for 49 seconds to avoid AFS DDOS...
 ~ 2) Loading sndsw environment...
 ~ 3) SNDSW_ROOT is set to: /afs/cern.ch/user/i/idioniso/snd_master/sw-root6.28/rhel9_x86-64/sndsw/master-local1
 ~ 4) Executing tracking script...
[INFO] The input consists out of the following trees and files: 
[INFO]  - rawConv
[INFO]     - root://eoshome-i.cern.ch//eos/user/i/idioniso/tridents/initial_cuts/tridents_sndsw_raw-0279.root
[INFO] FairRootFileSink initialized.
[INFO]  - cbmout
[INFO]     - dummy
[INFO] Parameter and input file are available, Assure that basic info is there for the run!
[INFO] ---FairRootManager::SpecifyRunId --- 
[INFO] --- Initialize with RunId  --- 0

************************************************************* 
     initialisation for run id 0
************************************************************* 
-I- FairRunTimeDB::InitContainer() FairBaseParSet
-I- FairRunTimeDB::InitContainer() FairGeoParSet

************************************************************* 
     initialisation for run id 0
************************************************************* 
-I- FairRunTimeDB::InitContainer() FairBaseParSet
-I- FairRunTimeDB::InitContainer() FairGeoParSet
[INFO]  Branch: Reco_MuonTracks not found in Tree.
using geofile: root://eospublic.cern.ch//eos/experiment/sndlhc/convertedData/physics/2023/geofile_sndlhc_TI18_V3_2023.root
[0%] 	 0/31,748 	 00:00:12
Match: Event 279000084, Lines 2
Match: Event 279000091, Lines 2
Match: Event 279000602, Lines 2
Match: Event 279002176, Lines 2
Match: Event 279002382, Lines 2
Match: Event 279002598, Lines 2
Match: Event 279002904, Lines 2
Match: Event 279004276, Lines 2
Match: Event 279004605, Lines 2
Match: Event 279005224, Lines 2
Match: Event 279005872, Lines 2
Match: Event 279006426, Lines 2
Match: Event 279006809, Lines 2
Match: Event 279008361, Lines 2
Match: Event 279008565, Lines 2
[1%] 	 318/31,748 	 00:08:30
Match: Event 279009866, Lines 2
Match: Event 279010738, Lines 2
Match: Event 279010947, Lines 2
Match: Event 279011714, Lines 2
Match: Event 279012094, Lines 2
Match: Event 279013117, Lines 2
Match: Event 279013225, Lines 2
Match: Event 279013340, Lines 2
Match: Event 279014206, Lines 2
Match: Event 279014361, Lines 2
Match: Event 279014884, Lines 2
Match: Event 279014921, Lines 2
Match: Event 279015874, Lines 2
Match: Event 279016038, Lines 2
Match: Event 279016114, Lines 2
Match: Event 279016577, Lines 2
Match: Event 279016593, Lines 2
Match: Event 279016844, Lines 2
Match: Event 279016936, Lines 2
Match: Event 279017798, Lines 2
Match: Event 279018496, Lines 2
Match: Event 279018693, Lines 2
[2%] 	 635/31,748 	 00:17:21
Match: Event 279019222, Lines 2
Match: Event 279020286, Lines 3
Match: Event 279021097, Lines 2
Match: Event 279021109, Lines 2
Match: Event 279021312, Lines 2
Match: Event 279022485, Lines 2
Match: Event 279022786, Lines 2
Match: Event 279023555, Lines 2
Match: Event 279024302, Lines 2
Match: Event 279025349, Lines 2
Match: Event 279025554, Lines 3
Match: Event 279026186, Lines 2
[3%] 	 953/31,748 	 00:26:02
Match: Event 279028255, Lines 2
Match: Event 279028372, Lines 3
Match: Event 279029085, Lines 2
Match: Event 279029319, Lines 2
Match: Event 279029889, Lines 2
Match: Event 279031589, Lines 2
Match: Event 279031910, Lines 2
Match: Event 279033312, Lines 2
Match: Event 279033661, Lines 2
Match: Event 279035147, Lines 2
Match: Event 279036379, Lines 2
Match: Event 279037243, Lines 2
Match: Event 279037311, Lines 2
[4%] 	 1,270/31,748 	 00:33:59
Match: Event 279037550, Lines 2
Match: Event 279037726, Lines 2
Match: Event 279038351, Lines 2
Match: Event 279038779, Lines 2
Match: Event 279040710, Lines 2
Match: Event 279040932, Lines 2
Match: Event 279042708, Lines 2
Match: Event 279043347, Lines 2
Match: Event 279043497, Lines 2
Match: Event 279043563, Lines 2
Match: Event 279044570, Lines 2
Match: Event 279044811, Lines 3
Match: Event 279044866, Lines 2
Match: Event 279045034, Lines 2
Match: Event 279045498, Lines 2
Match: Event 279045562, Lines 2
Match: Event 279046656, Lines 2
Match: Event 279046794, Lines 2
[5%] 	 1,588/31,748 	 00:41:44
Match: Event 279048512, Lines 2
Match: Event 279049646, Lines 2
Match: Event 279051427, Lines 2
Match: Event 279051718, Lines 2
Match: Event 279051881, Lines 2
Match: Event 279052228, Lines 2
Match: Event 279052237, Lines 2
Match: Event 279052450, Lines 2
Match: Event 279052579, Lines 2
Match: Event 279053495, Lines 3
Match: Event 279053932, Lines 2
Match: Event 279055443, Lines 2
Match: Event 279056656, Lines 2
Match: Event 279057170, Lines 2
[6%] 	 1,905/31,748 	 00:49:33
Match: Event 279058228, Lines 2
Match: Event 279059055, Lines 2
Match: Event 279059968, Lines 2
Match: Event 279060991, Lines 2
Match: Event 279061533, Lines 2
Match: Event 279062233, Lines 2
Match: Event 279062240, Lines 2
Match: Event 279064085, Lines 2
Match: Event 279065780, Lines 2
Match: Event 279065796, Lines 2
Match: Event 279066581, Lines 2
[7%] 	 2,223/31,748 	 00:57:25
Match: Event 279068674, Lines 2
Match: Event 279068973, Lines 2
Match: Event 279069081, Lines 2
Match: Event 279069704, Lines 2
Match: Event 279070500, Lines 2
Match: Event 279070613, Lines 2
Match: Event 279070975, Lines 2
Match: Event 279071818, Lines 2
Match: Event 279075275, Lines 2
Match: Event 279075590, Lines 2
Match: Event 279075868, Lines 2
Match: Event 279076426, Lines 2
Match: Event 279076906, Lines 2
Match: Event 279076911, Lines 2
Match: Event 279077341, Lines 2
[8%] 	 2,540/31,748 	 01:05:09
Match: Event 279077879, Lines 2
Match: Event 279078628, Lines 2
Match: Event 279078699, Lines 2
Match: Event 279078911, Lines 2
Match: Event 279079117, Lines 2
Match: Event 279079227, Lines 2
Match: Event 279079864, Lines 2
Match: Event 279081378, Lines 2
Match: Event 279082456, Lines 2
Match: Event 279082610, Lines 2
Match: Event 279082782, Lines 2
Match: Event 279084288, Lines 2
Match: Event 279086269, Lines 2
Match: Event 279087949, Lines 3
[9%] 	 2,858/31,748 	 01:12:50
Match: Event 279088517, Lines 2
Match: Event 279089557, Lines 2
Match: Event 279089854, Lines 2
Match: Event 279090528, Lines 2
Match: Event 279091439, Lines 2
Match: Event 279091505, Lines 2
Match: Event 279091585, Lines 2
Match: Event 279092142, Lines 2
Match: Event 279092238, Lines 2
Match: Event 279092325, Lines 2
Match: Event 279092509, Lines 2
Match: Event 279092706, Lines 2
Match: Event 279093030, Lines 2
Match: Event 279094452, Lines 2
Match: Event 279095494, Lines 2
Match: Event 279095517, Lines 2
Match: Event 279095703, Lines 2
Match: Event 279096124, Lines 2
Match: Event 279096869, Lines 2
[10%] 	 3,175/31,748 	 01:20:31
Match: Event 279099022, Lines 2
Match: Event 279100405, Lines 2
Match: Event 279101354, Lines 3
Match: Event 279105347, Lines 2
Match: Event 279107031, Lines 2
Match: Event 279108755, Lines 2
[11%] 	 3,493/31,748 	 01:27:57
Match: Event 279109178, Lines 2
Match: Event 279109213, Lines 2
Match: Event 279111444, Lines 2
Match: Event 279115533, Lines 2
Match: Event 279116056, Lines 2
Match: Event 279117059, Lines 2
Match: Event 279118472, Lines 2
Match: Event 279118895, Lines 2
Match: Event 279119042, Lines 2
Match: Event 279119207, Lines 2
[12%] 	 3,810/31,748 	 01:35:42
Match: Event 279119828, Lines 2
Match: Event 279120440, Lines 2
Match: Event 279121115, Lines 2
Match: Event 279122042, Lines 3
Match: Event 279122103, Lines 2
Match: Event 279122221, Lines 2
Match: Event 279122819, Lines 2
Match: Event 279123296, Lines 2
Match: Event 279123497, Lines 2
Match: Event 279123766, Lines 2
Match: Event 279123841, Lines 2
Match: Event 279126723, Lines 2
[13%] 	 4,128/31,748 	 01:43:22
Match: Event 279128487, Lines 2
Match: Event 279128661, Lines 2
Match: Event 279129111, Lines 2
Match: Event 279129143, Lines 2
Match: Event 279129315, Lines 2
Match: Event 279130109, Lines 2
Match: Event 279132150, Lines 2
Match: Event 279132444, Lines 2
Match: Event 279134475, Lines 2
Match: Event 279134483, Lines 2
Match: Event 279135004, Lines 2
Match: Event 279135359, Lines 2
Match: Event 279135405, Lines 2
Match: Event 279136658, Lines 2
Match: Event 279136996, Lines 2
[14%] 	 4,445/31,748 	 01:51:10
Match: Event 279137356, Lines 2
Match: Event 279137763, Lines 2
Match: Event 279137986, Lines 2
Match: Event 279138610, Lines 2
Match: Event 279138854, Lines 2
Match: Event 279139175, Lines 3
Match: Event 279139783, Lines 2
Match: Event 279140312, Lines 2
Match: Event 279140498, Lines 2
Match: Event 279140783, Lines 2
Match: Event 279141078, Lines 2
Match: Event 279141180, Lines 2
Match: Event 279143261, Lines 2
Match: Event 279143407, Lines 2
Match: Event 279144505, Lines 2
Match: Event 279144517, Lines 2
Match: Event 279144901, Lines 2
Match: Event 279144957, Lines 2
Match: Event 279145144, Lines 2
Match: Event 279145375, Lines 3
Match: Event 279145798, Lines 2
Match: Event 279146258, Lines 2
[15%] 	 4,763/31,748 	 01:59:15
Match: Event 279148567, Lines 2
Match: Event 279148989, Lines 2
Match: Event 279149943, Lines 2
Match: Event 279150224, Lines 2
Match: Event 279150937, Lines 2
Match: Event 279150975, Lines 2
Match: Event 279153304, Lines 2
Match: Event 279153460, Lines 2
Match: Event 279154051, Lines 2
Match: Event 279154462, Lines 2
Match: Event 279155335, Lines 2
[16%] 	 5,080/31,748 	 02:06:58
Match: Event 279159040, Lines 2
Match: Event 279162142, Lines 2
Match: Event 279162191, Lines 2
Match: Event 279162725, Lines 2
Match: Event 279162803, Lines 2
Match: Event 279163764, Lines 2
Match: Event 279164467, Lines 2
Match: Event 279164730, Lines 2
Match: Event 279164928, Lines 2
Match: Event 279165028, Lines 2
Match: Event 279165219, Lines 3
Match: Event 279165501, Lines 2
Match: Event 279165617, Lines 2
[17%] 	 5,398/31,748 	 02:14:49
Match: Event 279166978, Lines 2
Match: Event 279167057, Lines 2
Match: Event 279167569, Lines 2
Match: Event 279168009, Lines 2
Match: Event 279168658, Lines 2
Match: Event 279169703, Lines 2
Match: Event 279171726, Lines 2
Match: Event 279172702, Lines 3
Match: Event 279174387, Lines 2
Match: Event 279174596, Lines 2
Match: Event 279175995, Lines 2
Match: Event 279176206, Lines 2
Match: Event 279176217, Lines 2
Match: Event 279176307, Lines 3
[18%] 	 5,715/31,748 	 02:22:34
Match: Event 279178033, Lines 2
Match: Event 279178362, Lines 3
Match: Event 279179434, Lines 2
Match: Event 279180550, Lines 2
Match: Event 279181651, Lines 2
Match: Event 279181815, Lines 2
Match: Event 279181823, Lines 2
Match: Event 279182086, Lines 2
Match: Event 279183071, Lines 2
Match: Event 279184115, Lines 2
Match: Event 279184750, Lines 2
Match: Event 279185484, Lines 2
[19%] 	 6,033/31,748 	 02:30:14
Match: Event 279187270, Lines 2
Match: Event 279189698, Lines 2
Match: Event 279190728, Lines 2
Match: Event 279191468, Lines 2
Match: Event 279191565, Lines 2
Match: Event 279192707, Lines 2
Match: Event 279193481, Lines 2
[20%] 	 6,350/31,748 	 02:37:58
Match: Event 279196447, Lines 2
Match: Event 279197515, Lines 3
Match: Event 279197698, Lines 2
Match: Event 279198515, Lines 2
Match: Event 279199142, Lines 2
Match: Event 279199620, Lines 3
Match: Event 279200287, Lines 2
Match: Event 279201197, Lines 2
Match: Event 279202167, Lines 2
Match: Event 279205006, Lines 2
[21%] 	 6,668/31,748 	 02:45:31
Match: Event 279206448, Lines 2
Match: Event 279206542, Lines 2
Match: Event 279207113, Lines 2
Match: Event 279208232, Lines 3
Match: Event 279208370, Lines 2
Match: Event 279208770, Lines 2
Match: Event 279210022, Lines 3
Match: Event 279210816, Lines 2
Match: Event 279211686, Lines 2
Match: Event 279212336, Lines 2
Match: Event 279212591, Lines 2
Match: Event 279213209, Lines 2
Match: Event 279213229, Lines 2
Match: Event 279214882, Lines 3
Match: Event 279215333, Lines 2
[22%] 	 6,985/31,748 	 02:53:23
Match: Event 279216048, Lines 2
Match: Event 279216783, Lines 2
Match: Event 279217558, Lines 2
Match: Event 279217877, Lines 2
Match: Event 279219687, Lines 2
Match: Event 279219857, Lines 2
Match: Event 279219999, Lines 2
Match: Event 279220980, Lines 2
Match: Event 279222231, Lines 2
Match: Event 279222372, Lines 2
Match: Event 279222760, Lines 2
Match: Event 279224415, Lines 2
Match: Event 279225323, Lines 2
[23%] 	 7,303/31,748 	 03:01:00
Match: Event 279226716, Lines 2
Match: Event 279227108, Lines 2
Match: Event 279227267, Lines 2
Match: Event 279227349, Lines 2
Match: Event 279227415, Lines 2
Match: Event 279228907, Lines 2
Match: Event 279230256, Lines 2
Match: Event 279232611, Lines 2
Match: Event 279233730, Lines 2
[24%] 	 7,620/31,748 	 03:09:54
Match: Event 279235774, Lines 2
Match: Event 279236964, Lines 2
Match: Event 279237912, Lines 2
Match: Event 279238347, Lines 2
Match: Event 279239117, Lines 2
Match: Event 279240077, Lines 2
Match: Event 279240189, Lines 2
Match: Event 279240370, Lines 2
Match: Event 279241094, Lines 2
Match: Event 279241181, Lines 2
Match: Event 279241664, Lines 2
Match: Event 279242235, Lines 2
Match: Event 279242389, Lines 2
Match: Event 279243585, Lines 2
Match: Event 279244017, Lines 2
Match: Event 279244321, Lines 2
Match: Event 279244382, Lines 2
Match: Event 279244495, Lines 2
[25%] 	 7,937/31,748 	 03:17:46
Match: Event 279245301, Lines 2
Match: Event 279246318, Lines 2
Match: Event 279247815, Lines 2
Match: Event 279248092, Lines 2
Match: Event 279248781, Lines 2
Match: Event 279249323, Lines 3
Match: Event 279251166, Lines 2
Match: Event 279252115, Lines 2
Match: Event 279252545, Lines 2
Match: Event 279253998, Lines 2
Match: Event 279255268, Lines 2
[26%] 	 8,255/31,748 	 03:25:56
Match: Event 279256657, Lines 2
Match: Event 279256880, Lines 2
Match: Event 279257329, Lines 2
Match: Event 279257509, Lines 3
Match: Event 279257549, Lines 2
Match: Event 279257902, Lines 2
Match: Event 279258245, Lines 2
Match: Event 279259620, Lines 2
Match: Event 279262035, Lines 3
Match: Event 279262488, Lines 2
Match: Event 279262574, Lines 3
Match: Event 279262973, Lines 2
Match: Event 279264120, Lines 2
Match: Event 279264208, Lines 2
Match: Event 279265022, Lines 2
[27%] 	 8,572/31,748 	 03:33:32
Match: Event 279266075, Lines 2
Match: Event 279267551, Lines 2
Match: Event 279268236, Lines 2
Match: Event 279268494, Lines 2
Match: Event 279269101, Lines 2
Match: Event 279269119, Lines 2
Match: Event 279269690, Lines 2
Match: Event 279270513, Lines 2
Match: Event 279271842, Lines 3
Match: Event 279272927, Lines 2
Match: Event 279273277, Lines 2
Match: Event 279273378, Lines 2
Match: Event 279274561, Lines 2
[28%] 	 8,890/31,748 	 03:41:19
Match: Event 279275353, Lines 2
Match: Event 279275912, Lines 2
Match: Event 279276216, Lines 2
Match: Event 279277187, Lines 2
Match: Event 279279073, Lines 2
Match: Event 279279602, Lines 2
Match: Event 279279790, Lines 2
Match: Event 279281691, Lines 2
Match: Event 279282983, Lines 2
Match: Event 279283440, Lines 2
Match: Event 279284094, Lines 2
Match: Event 279284205, Lines 2
Match: Event 279284874, Lines 2
[29%] 	 9,207/31,748 	 03:48:58
Match: Event 279285346, Lines 2
Match: Event 279285692, Lines 2
Match: Event 279286263, Lines 2
Match: Event 279286609, Lines 2
Match: Event 279286765, Lines 2
Match: Event 279287220, Lines 2
Match: Event 279287278, Lines 2
Match: Event 279287890, Lines 2
Match: Event 279287933, Lines 2
Match: Event 279288556, Lines 2
Match: Event 279289147, Lines 2
Match: Event 279289217, Lines 2
Match: Event 279289682, Lines 2
Match: Event 279289889, Lines 2
Match: Event 279290005, Lines 2
Match: Event 279291345, Lines 2
Match: Event 279292073, Lines 2
Match: Event 279292595, Lines 2
Match: Event 279292867, Lines 2
Match: Event 279293501, Lines 2
Match: Event 279293886, Lines 2
Match: Event 279294753, Lines 2
[30%] 	 9,525/31,748 	 03:56:51
Match: Event 279296211, Lines 2
Match: Event 279298044, Lines 2
Match: Event 279299091, Lines 2
Match: Event 279299535, Lines 2
Match: Event 279300155, Lines 2
Match: Event 279301556, Lines 2
Match: Event 279302228, Lines 3
Match: Event 279302841, Lines 2
Match: Event 279303328, Lines 3
Match: Event 279303512, Lines 2
Match: Event 279303888, Lines 2
Match: Event 279303889, Lines 2
Match: Event 279304948, Lines 2
[31%] 	 9,842/31,748 	 04:04:50
Match: Event 279306190, Lines 2
Match: Event 279306628, Lines 2
Match: Event 279306799, Lines 2
Match: Event 279307085, Lines 2
Match: Event 279307816, Lines 2
Match: Event 279308625, Lines 2
Match: Event 279309099, Lines 2
Match: Event 279310215, Lines 2
Match: Event 279310602, Lines 2
Match: Event 279311392, Lines 2
Match: Event 279312209, Lines 2
Match: Event 279312375, Lines 2
Match: Event 279312810, Lines 2
Match: Event 279313433, Lines 2
Match: Event 279313632, Lines 2
Match: Event 279314850, Lines 2
[32%] 	 10,160/31,748 	 04:12:59
Match: Event 279316049, Lines 2
Match: Event 279316360, Lines 2
Match: Event 279316600, Lines 2
Match: Event 279316782, Lines 2
Match: Event 279317278, Lines 2
Match: Event 279320394, Lines 2
Match: Event 279321749, Lines 2
Match: Event 279322168, Lines 2
Match: Event 279323662, Lines 2
Match: Event 279323818, Lines 2
Match: Event 279324080, Lines 2
[33%] 	 10,477/31,748 	 04:21:54
Match: Event 279325555, Lines 2
Match: Event 279326045, Lines 2
Match: Event 279327509, Lines 2
Match: Event 279327579, Lines 2
Match: Event 279328422, Lines 2
Match: Event 279328766, Lines 2
Match: Event 279330413, Lines 2
Match: Event 279330727, Lines 2
Match: Event 279331365, Lines 2
Match: Event 279333332, Lines 2
Match: Event 279334337, Lines 2
Match: Event 279334556, Lines 2
[34%] 	 10,795/31,748 	 04:30:15
Match: Event 279336641, Lines 2
Match: Event 279336784, Lines 2
Match: Event 279337263, Lines 2
Match: Event 279337345, Lines 3
Match: Event 279338227, Lines 2
Match: Event 279338232, Lines 2
Match: Event 279339140, Lines 2
Match: Event 279339325, Lines 2
Match: Event 279339340, Lines 2
Match: Event 279339838, Lines 2
Match: Event 279339978, Lines 2
Match: Event 279341076, Lines 2
Match: Event 279341950, Lines 3
Match: Event 279342122, Lines 3
Match: Event 279342251, Lines 2
Match: Event 279343858, Lines 2
Match: Event 279344434, Lines 2
Match: Event 279344698, Lines 2
Match: Event 279344900, Lines 2
Match: Event 279345141, Lines 2
[35%] 	 11,112/31,748 	 04:39:58
Match: Event 279345741, Lines 2
Match: Event 279345938, Lines 2
Match: Event 279345967, Lines 2
Match: Event 279346276, Lines 2
Match: Event 279347257, Lines 2
Match: Event 279347355, Lines 2
Match: Event 279347683, Lines 2
Match: Event 279349245, Lines 2
Match: Event 279349642, Lines 2
Match: Event 279350791, Lines 2
Match: Event 279352192, Lines 2
Match: Event 279352499, Lines 2
Match: Event 279353010, Lines 2
Match: Event 279353494, Lines 2
Match: Event 279354034, Lines 2
Match: Event 279354516, Lines 2
[36%] 	 11,430/31,748 	 04:49:31
Match: Event 279357089, Lines 2
Match: Event 279357128, Lines 2
Match: Event 279358193, Lines 2
Match: Event 279358634, Lines 2
Match: Event 279359148, Lines 2
Match: Event 279359717, Lines 2
Match: Event 279360004, Lines 2
Match: Event 279360219, Lines 2
Match: Event 279360380, Lines 2
Match: Event 279360453, Lines 2
Match: Event 279361033, Lines 2
Match: Event 279362129, Lines 2
Match: Event 279364758, Lines 2
Match: Event 279365069, Lines 2
Match: Event 279365381, Lines 2
Match: Event 279365533, Lines 2
[37%] 	 11,747/31,748 	 04:58:55
Match: Event 279365577, Lines 2
Match: Event 279366958, Lines 2
Match: Event 279367362, Lines 2
Match: Event 279367666, Lines 2
Match: Event 279367985, Lines 2
Match: Event 279368099, Lines 3
Match: Event 279368301, Lines 2
Match: Event 279370092, Lines 2
Match: Event 279370207, Lines 2
Match: Event 279370330, Lines 2
Match: Event 279371524, Lines 2
Match: Event 279372545, Lines 2
Match: Event 279373446, Lines 2
Match: Event 279373592, Lines 2
[38%] 	 12,065/31,748 	 05:07:25
Match: Event 279375495, Lines 2
Match: Event 279375825, Lines 2
Match: Event 279375865, Lines 3
Match: Event 279376188, Lines 2
Match: Event 279376669, Lines 2
Match: Event 279376792, Lines 2
Match: Event 279382132, Lines 2
Match: Event 279384314, Lines 2
[39%] 	 12,382/31,748 	 05:16:18
Match: Event 279386094, Lines 2
Match: Event 279386206, Lines 2
Match: Event 279386845, Lines 2
Match: Event 279387562, Lines 3
Match: Event 279387825, Lines 2
Match: Event 279387901, Lines 2
Match: Event 279390363, Lines 2
Match: Event 279390415, Lines 2
Match: Event 279391488, Lines 2
Match: Event 279391493, Lines 2
Match: Event 279393587, Lines 2
Match: Event 279393678, Lines 2
Match: Event 279395549, Lines 2
Match: Event 279395737, Lines 2
[40%] 	 12,700/31,748 	 05:24:53
Match: Event 279398814, Lines 2
Match: Event 279399081, Lines 2
Match: Event 279400476, Lines 2
Match: Event 279400521, Lines 2
Match: Event 279401196, Lines 2
Match: Event 279403020, Lines 3
Match: Event 279403330, Lines 3
Match: Event 279404455, Lines 2
Match: Event 279405924, Lines 3
[41%] 	 13,017/31,748 	 05:32:48
Match: Event 279406474, Lines 2
Match: Event 279406660, Lines 2
Match: Event 279408232, Lines 2
Match: Event 279408300, Lines 2
Match: Event 279408555, Lines 2
Match: Event 279409317, Lines 2
Match: Event 279409524, Lines 2
Match: Event 279410150, Lines 2
Match: Event 279410415, Lines 2
Match: Event 279410879, Lines 2
Match: Event 279411784, Lines 2
Match: Event 279411854, Lines 2
Match: Event 279411894, Lines 2
Match: Event 279412024, Lines 2
Match: Event 279413574, Lines 2
Match: Event 279415140, Lines 2
[42%] 	 13,335/31,748 	 05:40:45
Match: Event 279416751, Lines 2
Match: Event 279418538, Lines 2
Match: Event 279418588, Lines 2
Match: Event 279418772, Lines 2
Match: Event 279419765, Lines 2
Match: Event 279420028, Lines 2
Match: Event 279420473, Lines 2
Match: Event 279420691, Lines 2
Match: Event 279422766, Lines 2
Match: Event 279423000, Lines 2
Match: Event 279423140, Lines 2
Match: Event 279425011, Lines 2
Match: Event 279426349, Lines 2
[43%] 	 13,652/31,748 	 05:49:13
Match: Event 279427032, Lines 2
Match: Event 279427283, Lines 2
Match: Event 279427674, Lines 2
Match: Event 279427852, Lines 2
Match: Event 279428779, Lines 2
Match: Event 279429877, Lines 2
Match: Event 279430109, Lines 2
Match: Event 279432067, Lines 2
Match: Event 279432299, Lines 2
Match: Event 279434515, Lines 2
Match: Event 279434649, Lines 2
Match: Event 279434844, Lines 2
Match: Event 279435637, Lines 2
Match: Event 279435926, Lines 2
Match: Event 279436634, Lines 2
[44%] 	 13,970/31,748 	 05:57:08
Match: Event 279438385, Lines 2
Match: Event 279438451, Lines 2
Match: Event 279438749, Lines 2
Match: Event 279440764, Lines 2
Match: Event 279440994, Lines 2
Match: Event 279441335, Lines 2
Match: Event 279442010, Lines 2
Match: Event 279442771, Lines 2
Match: Event 279442957, Lines 2
Match: Event 279444022, Lines 2
Match: Event 279446242, Lines 2
Match: Event 279446782, Lines 2
[45%] 	 14,287/31,748 	 06:04:48
Match: Event 279448543, Lines 2
Match: Event 279449576, Lines 2
Match: Event 279449758, Lines 2
Match: Event 279450483, Lines 2
Match: Event 279451714, Lines 2
Match: Event 279452347, Lines 2
Match: Event 279453065, Lines 2
Match: Event 279453151, Lines 2
Match: Event 279455817, Lines 2
Match: Event 279456002, Lines 2
[46%] 	 14,605/31,748 	 06:12:57
Match: Event 279458018, Lines 2
Match: Event 279458074, Lines 2
Match: Event 279459197, Lines 2
Match: Event 279459228, Lines 2
Match: Event 279459495, Lines 2
Match: Event 279460486, Lines 2
Match: Event 279462334, Lines 2
Match: Event 279463086, Lines 2
Match: Event 279463192, Lines 2
Match: Event 279463198, Lines 2
Match: Event 279463662, Lines 2
Match: Event 279464666, Lines 2
Match: Event 279465839, Lines 2
Match: Event 279465906, Lines 2
Match: Event 279466783, Lines 2
Match: Event 279466960, Lines 2
Match: Event 279467361, Lines 2
Match: Event 279467749, Lines 2
Match: Event 279467752, Lines 2
[47%] 	 14,922/31,748 	 06:21:05
Match: Event 279470812, Lines 2
Match: Event 279472190, Lines 2
Match: Event 279472509, Lines 2
Match: Event 279472600, Lines 2
Match: Event 279474414, Lines 2
Match: Event 279474906, Lines 2
Match: Event 279475310, Lines 2
Match: Event 279475435, Lines 2
Match: Event 279476888, Lines 2
Match: Event 279478473, Lines 2
Match: Event 279478658, Lines 2
Match: Event 279478843, Lines 2
Match: Event 279479058, Lines 2
[48%] 	 15,240/31,748 	 06:29:42
Match: Event 279479514, Lines 2
Match: Event 279480424, Lines 2
Match: Event 279481612, Lines 2
Match: Event 279481746, Lines 2
Match: Event 279482065, Lines 2
Match: Event 279484325, Lines 2
Match: Event 279485463, Lines 2
Match: Event 279485982, Lines 2
Match: Event 279486858, Lines 2
Match: Event 279487769, Lines 2
[49%] 	 15,557/31,748 	 06:38:17
Match: Event 279489953, Lines 2
Match: Event 279492379, Lines 3
Match: Event 279492650, Lines 2
Match: Event 279493235, Lines 2
Match: Event 279493330, Lines 3
Match: Event 279495121, Lines 2
Match: Event 279495369, Lines 2
Match: Event 279495995, Lines 2
Match: Event 279496395, Lines 2
Match: Event 279497730, Lines 2
[50%] 	 15,874/31,748 	 06:46:52
Match: Event 279499659, Lines 2
Match: Event 279499989, Lines 2
Match: Event 279500312, Lines 2
Match: Event 279500351, Lines 2
Match: Event 279500753, Lines 2
Match: Event 279501691, Lines 2
Match: Event 279502304, Lines 2
Match: Event 279503104, Lines 2
Match: Event 279503479, Lines 2
Match: Event 279503709, Lines 2
Match: Event 279504119, Lines 2
Match: Event 279504207, Lines 2
Match: Event 279505605, Lines 2
Match: Event 279505857, Lines 2
Match: Event 279506025, Lines 2
Match: Event 279506388, Lines 2
Match: Event 279506831, Lines 2
Match: Event 279506998, Lines 2
Match: Event 279507144, Lines 2
Match: Event 279508750, Lines 2
[51%] 	 16,192/31,748 	 06:56:20
Match: Event 279509974, Lines 2
Match: Event 279510630, Lines 2
Match: Event 279511569, Lines 2
Match: Event 279511896, Lines 2
Match: Event 279512280, Lines 2
Match: Event 279512552, Lines 2
Match: Event 279512626, Lines 3
Match: Event 279512760, Lines 2
Match: Event 279513998, Lines 2
Match: Event 279514103, Lines 2
Match: Event 279514378, Lines 2
Match: Event 279516288, Lines 2
Match: Event 279516407, Lines 2
Match: Event 279516901, Lines 3
Match: Event 279516912, Lines 2
Match: Event 279518743, Lines 2
[52%] 	 16,509/31,748 	 07:04:53
Match: Event 279519482, Lines 2
Match: Event 279519795, Lines 2
Match: Event 279519853, Lines 2
Match: Event 279521108, Lines 2
Match: Event 279522805, Lines 2
Match: Event 279524248, Lines 2
Match: Event 279524893, Lines 2
Match: Event 279525438, Lines 2
Match: Event 279525922, Lines 3
Match: Event 279527439, Lines 2
Match: Event 279528267, Lines 2
Match: Event 279528804, Lines 2
Match: Event 279529287, Lines 2
[53%] 	 16,827/31,748 	 07:13:09
Match: Event 279529709, Lines 2
Match: Event 279530017, Lines 2
Match: Event 279530239, Lines 3
Match: Event 279530547, Lines 2
Match: Event 279530730, Lines 2
Match: Event 279531675, Lines 2
Match: Event 279532210, Lines 2
Match: Event 279532866, Lines 2
Match: Event 279533272, Lines 2
Match: Event 279533796, Lines 2
Match: Event 279535337, Lines 2
Match: Event 279535984, Lines 2
Match: Event 279536057, Lines 2
Match: Event 279536142, Lines 2
Match: Event 279536888, Lines 3
Match: Event 279537103, Lines 2
Match: Event 279537489, Lines 2
Match: Event 279538048, Lines 2
Match: Event 279538258, Lines 2
Match: Event 279539202, Lines 2
[54%] 	 17,144/31,748 	 07:20:48
Match: Event 279540564, Lines 2
Match: Event 279541466, Lines 2
Match: Event 279541609, Lines 2
Match: Event 279543068, Lines 2
Match: Event 279543876, Lines 3
Match: Event 279544133, Lines 2
Match: Event 279544651, Lines 2
Match: Event 279544679, Lines 2
Match: Event 279545178, Lines 2
Match: Event 279545232, Lines 2
Match: Event 279546549, Lines 2
Match: Event 279546873, Lines 2
Match: Event 279547322, Lines 3
Match: Event 279549344, Lines 2
Match: Event 279549444, Lines 2
Match: Event 279549898, Lines 2
[55%] 	 17,462/31,748 	 07:28:36
Match: Event 279550500, Lines 2
Match: Event 279551084, Lines 2
Match: Event 279553367, Lines 2
Match: Event 279553685, Lines 2
Match: Event 279553764, Lines 2
Match: Event 279553974, Lines 2
Match: Event 279554099, Lines 2
Match: Event 279554622, Lines 2
Match: Event 279554810, Lines 2
Match: Event 279554821, Lines 2
Match: Event 279555670, Lines 2
Match: Event 279556763, Lines 2
Match: Event 279557858, Lines 2
Match: Event 279558265, Lines 2
Match: Event 279559033, Lines 2
Match: Event 279559248, Lines 2
Match: Event 279560663, Lines 2
[56%] 	 17,779/31,748 	 07:36:10
Match: Event 279561555, Lines 2
Match: Event 279561950, Lines 2
Match: Event 279563093, Lines 2
Match: Event 279563888, Lines 2
Match: Event 279563940, Lines 2
Match: Event 279564799, Lines 2
Match: Event 279564854, Lines 2
Match: Event 279565620, Lines 2
Match: Event 279565621, Lines 2
Match: Event 279566044, Lines 2
Match: Event 279566299, Lines 2
Match: Event 279566633, Lines 2
Match: Event 279567842, Lines 2
Match: Event 279568818, Lines 2
Match: Event 279569410, Lines 2
Match: Event 279570146, Lines 2
Match: Event 279570248, Lines 2
[57%] 	 18,097/31,748 	 07:43:48
Match: Event 279571320, Lines 2
Match: Event 279572043, Lines 2
Match: Event 279573753, Lines 2
Match: Event 279574536, Lines 2
Match: Event 279574888, Lines 2
Match: Event 279575123, Lines 2
Match: Event 279575509, Lines 2
Match: Event 279575906, Lines 2
Match: Event 279575952, Lines 2
Match: Event 279576143, Lines 2
Match: Event 279576717, Lines 2
Match: Event 279577021, Lines 2
Match: Event 279577391, Lines 2
Match: Event 279578557, Lines 2
Match: Event 279578938, Lines 2
Match: Event 279579056, Lines 2
Match: Event 279579274, Lines 2
Match: Event 279579738, Lines 2
Match: Event 279580072, Lines 2
[58%] 	 18,414/31,748 	 07:51:21
Match: Event 279580855, Lines 2
Match: Event 279581210, Lines 2
Match: Event 279582070, Lines 2
Match: Event 279582652, Lines 3
Match: Event 279583316, Lines 2
Match: Event 279583626, Lines 2
Match: Event 279583901, Lines 3
Match: Event 279585221, Lines 2
Match: Event 279586931, Lines 2
Match: Event 279586954, Lines 2
Match: Event 279588126, Lines 2
Match: Event 279588839, Lines 2
Match: Event 279589338, Lines 2
[59%] 	 18,732/31,748 	 07:58:49
Match: Event 279592092, Lines 2
Match: Event 279592171, Lines 2
Match: Event 279593984, Lines 2
Match: Event 279595806, Lines 2
Match: Event 279596502, Lines 2
Match: Event 279597501, Lines 2
Match: Event 279597806, Lines 2
Match: Event 279597823, Lines 2
Match: Event 279597959, Lines 2
Match: Event 279598623, Lines 2
Match: Event 279598714, Lines 2
[60%] 	 19,049/31,748 	 08:06:15
Match: Event 279600181, Lines 2
Match: Event 279600291, Lines 3
Match: Event 279601027, Lines 2
Match: Event 279601793, Lines 2
Match: Event 279603104, Lines 2
Match: Event 279603460, Lines 2
Match: Event 279605143, Lines 2
Match: Event 279605220, Lines 2
Match: Event 279606476, Lines 2
Match: Event 279607437, Lines 2
Match: Event 279608623, Lines 2
Match: Event 279608811, Lines 2
[61%] 	 19,367/31,748 	 08:13:32
Match: Event 279613660, Lines 2
Match: Event 279614777, Lines 2
Match: Event 279615156, Lines 2
Match: Event 279615412, Lines 2
Match: Event 279616555, Lines 2
Match: Event 279617438, Lines 2
Match: Event 279618639, Lines 2
Match: Event 279619063, Lines 2
[62%] 	 19,684/31,748 	 08:20:54
Match: Event 279619668, Lines 2
Match: Event 279619831, Lines 2
Match: Event 279620854, Lines 2
Match: Event 279621701, Lines 2
Match: Event 279622542, Lines 2
Match: Event 279622970, Lines 2
Match: Event 279623005, Lines 2
Match: Event 279623132, Lines 2
Match: Event 279624490, Lines 2
Match: Event 279624808, Lines 2
Match: Event 279625130, Lines 2
Match: Event 279625359, Lines 2
Match: Event 279627527, Lines 2
[63%] 	 20,002/31,748 	 08:28:23
Match: Event 279631544, Lines 2
Match: Event 279632047, Lines 2
Match: Event 279633528, Lines 2
Match: Event 279634699, Lines 3
Match: Event 279634769, Lines 2
Match: Event 279635039, Lines 2
Match: Event 279635184, Lines 2
Match: Event 279635677, Lines 2
[64%] 	 20,319/31,748 	 08:35:41
Match: Event 279639448, Lines 2
Match: Event 279639721, Lines 2
Match: Event 279639851, Lines 2
Match: Event 279640201, Lines 2
Match: Event 279640852, Lines 2
Match: Event 279641397, Lines 2
Match: Event 279641760, Lines 2
Match: Event 279643617, Lines 2
Match: Event 279644180, Lines 2
Match: Event 279644904, Lines 2
Match: Event 279647224, Lines 2
Match: Event 279647338, Lines 2
[65%] 	 20,637/31,748 	 08:43:11
Match: Event 279648432, Lines 2
Match: Event 279648511, Lines 2
Match: Event 279648607, Lines 2
Match: Event 279649279, Lines 2
Match: Event 279649988, Lines 3
Match: Event 279650246, Lines 2
Match: Event 279650333, Lines 2
Match: Event 279651024, Lines 2
Match: Event 279651280, Lines 3
Match: Event 279652409, Lines 2
Match: Event 279652839, Lines 2
Match: Event 279654176, Lines 3
Match: Event 279654252, Lines 2
Match: Event 279655387, Lines 2
Match: Event 279655752, Lines 2
Match: Event 279656902, Lines 2
Match: Event 279657394, Lines 2
Match: Event 279657515, Lines 2
Match: Event 279657539, Lines 2
Match: Event 279658127, Lines 2
Match: Event 279658153, Lines 2
[66%] 	 20,954/31,748 	 08:50:46
Match: Event 279659068, Lines 2
Match: Event 279659527, Lines 2
Match: Event 279660053, Lines 2
Match: Event 279660432, Lines 2
Match: Event 279660552, Lines 3
Match: Event 279660689, Lines 2
Match: Event 279660956, Lines 3
Match: Event 279661949, Lines 2
Match: Event 279662046, Lines 2
Match: Event 279662522, Lines 2
Match: Event 279664395, Lines 2
Match: Event 279665110, Lines 2
Match: Event 279665909, Lines 2
Match: Event 279666292, Lines 2
Match: Event 279666801, Lines 2
Match: Event 279667811, Lines 2
Match: Event 279668127, Lines 3
[67%] 	 21,272/31,748 	 08:58:25
Match: Event 279670008, Lines 2
Match: Event 279670144, Lines 2
Match: Event 279670900, Lines 2
Match: Event 279671052, Lines 2
Match: Event 279673802, Lines 2
Match: Event 279675149, Lines 2
Match: Event 279676891, Lines 2
Match: Event 279677096, Lines 2
Match: Event 279677335, Lines 2
Match: Event 279678406, Lines 2
[68%] 	 21,589/31,748 	 09:05:50
Match: Event 279678699, Lines 2
Match: Event 279678749, Lines 2
Match: Event 279679885, Lines 2
Match: Event 279681569, Lines 2
Match: Event 279681901, Lines 2
Match: Event 279681929, Lines 2
Match: Event 279683014, Lines 2
Match: Event 279683326, Lines 2
Match: Event 279684527, Lines 2
Match: Event 279685162, Lines 2
Match: Event 279686062, Lines 2
Match: Event 279686343, Lines 2
Match: Event 279687250, Lines 2
Match: Event 279688539, Lines 2
Match: Event 279688637, Lines 2
[69%] 	 21,907/31,748 	 09:13:27
Match: Event 279689470, Lines 2
Match: Event 279689694, Lines 2
Match: Event 279690562, Lines 3
Match: Event 279691532, Lines 2
Match: Event 279691702, Lines 2
Match: Event 279692223, Lines 3
Match: Event 279693253, Lines 2
Match: Event 279693424, Lines 2
Match: Event 279694470, Lines 2
Match: Event 279695840, Lines 2
Match: Event 279696105, Lines 2
Match: Event 279696192, Lines 2
Match: Event 279696259, Lines 2
Match: Event 279696819, Lines 2
Match: Event 279697078, Lines 2
Match: Event 279698112, Lines 3
Match: Event 279699312, Lines 2
[70%] 	 22,224/31,748 	 09:20:58
Match: Event 279701092, Lines 2
Match: Event 279701750, Lines 2
Match: Event 279701933, Lines 2
Match: Event 279702710, Lines 2
Match: Event 279702997, Lines 3
Match: Event 279703549, Lines 2
Match: Event 279703614, Lines 2
Match: Event 279704654, Lines 2
Match: Event 279706771, Lines 2
Match: Event 279707449, Lines 2
Match: Event 279708255, Lines 2
Match: Event 279709039, Lines 2
Match: Event 279709657, Lines 3
Match: Event 279709799, Lines 2
Match: Event 279710107, Lines 2
Match: Event 279710409, Lines 2
[71%] 	 22,542/31,748 	 09:28:31
Match: Event 279712168, Lines 2
Match: Event 279712592, Lines 3
Match: Event 279713553, Lines 3
Match: Event 279713556, Lines 2
Match: Event 279716898, Lines 2
Match: Event 279718457, Lines 3
Match: Event 279718894, Lines 2
Match: Event 279719090, Lines 2
Match: Event 279719489, Lines 2
Match: Event 279719627, Lines 2
Match: Event 279720048, Lines 2
Match: Event 279720533, Lines 2
Match: Event 279720873, Lines 2
[72%] 	 22,859/31,748 	 09:36:04
Match: Event 279721380, Lines 2
Match: Event 279722075, Lines 2
Match: Event 279723674, Lines 2
Match: Event 279724358, Lines 2
Match: Event 279724630, Lines 2
Match: Event 279725985, Lines 2
Match: Event 279726138, Lines 2
Match: Event 279726724, Lines 2
Match: Event 279727854, Lines 2
Match: Event 279728954, Lines 2
Match: Event 279729124, Lines 2
Match: Event 279729127, Lines 2
Match: Event 279729838, Lines 2
[73%] 	 23,177/31,748 	 09:43:38
Match: Event 279730735, Lines 2
Match: Event 279730797, Lines 2
Match: Event 279733954, Lines 2
Match: Event 279734116, Lines 2
Match: Event 279737245, Lines 2
Match: Event 279737453, Lines 2
Match: Event 279737898, Lines 2
Match: Event 279738036, Lines 2
Match: Event 279739361, Lines 2
Match: Event 279739984, Lines 2
Match: Event 279740469, Lines 2
[74%] 	 23,494/31,748 	 09:50:55
Match: Event 279740767, Lines 2
Match: Event 279741090, Lines 2
Match: Event 279741390, Lines 2
Match: Event 279741434, Lines 2
Match: Event 279742284, Lines 2
Match: Event 279742563, Lines 2
Match: Event 279742651, Lines 3
Match: Event 279745406, Lines 2
Match: Event 279745952, Lines 2
Match: Event 279745986, Lines 2
Match: Event 279747023, Lines 2
Match: Event 279747508, Lines 2
Match: Event 279750015, Lines 2
Match: Event 279750019, Lines 2
Match: Event 279750352, Lines 2
Match: Event 279750705, Lines 2
[75%] 	 23,811/31,748 	 09:58:22
Match: Event 279752692, Lines 2
Match: Event 279752918, Lines 2
Match: Event 279753045, Lines 2
Match: Event 279754691, Lines 2
Match: Event 279755264, Lines 2
Match: Event 279755873, Lines 2
Match: Event 279756232, Lines 2
Match: Event 279756335, Lines 2
Match: Event 279758008, Lines 2
Match: Event 279758097, Lines 2
Match: Event 279758267, Lines 2
Match: Event 279759019, Lines 2
Match: Event 279760320, Lines 2
Match: Event 279760326, Lines 2
Match: Event 279760606, Lines 3
Match: Event 279760795, Lines 3
Match: Event 279761422, Lines 2
[76%] 	 24,129/31,748 	 10:06:00
Match: Event 279762898, Lines 2
Match: Event 279763157, Lines 2
Match: Event 279763181, Lines 2
Match: Event 279764675, Lines 2
Match: Event 279765099, Lines 2
Match: Event 279765902, Lines 2
Match: Event 279767214, Lines 2
Match: Event 279767735, Lines 2
Match: Event 279768036, Lines 2
Match: Event 279769018, Lines 2
Match: Event 279770219, Lines 2
Match: Event 279771453, Lines 2
[77%] 	 24,446/31,748 	 10:13:29
Match: Event 279772009, Lines 2
Match: Event 279772217, Lines 2
Match: Event 279773283, Lines 2
Match: Event 279773704, Lines 2
Match: Event 279774077, Lines 2
Match: Event 279774551, Lines 2
Match: Event 279774788, Lines 2
Match: Event 279774843, Lines 2
Match: Event 279777054, Lines 2
Match: Event 279777205, Lines 2
Match: Event 279777555, Lines 2
Match: Event 279778072, Lines 2
Match: Event 279778938, Lines 2
Match: Event 279779288, Lines 2
Match: Event 279781144, Lines 2
[78%] 	 24,764/31,748 	 10:21:13
Match: Event 279782066, Lines 2
Match: Event 279782143, Lines 2
Match: Event 279783590, Lines 2
Match: Event 279783764, Lines 2
Match: Event 279785040, Lines 2
Match: Event 279786235, Lines 2
Match: Event 279786953, Lines 2
Match: Event 279787934, Lines 2
Match: Event 279789288, Lines 2
Match: Event 279790669, Lines 2
Match: Event 279791081, Lines 2
[79%] 	 25,081/31,748 	 10:28:45
Match: Event 279791631, Lines 2
Match: Event 279792408, Lines 2
Match: Event 279794137, Lines 2
Match: Event 279794181, Lines 2
Match: Event 279794616, Lines 2
Match: Event 279795730, Lines 2
Match: Event 279796527, Lines 2
Match: Event 279796663, Lines 2
Match: Event 279796707, Lines 2
Match: Event 279796931, Lines 2
Match: Event 279796938, Lines 2
Match: Event 279797301, Lines 2
Match: Event 279799148, Lines 2
Match: Event 279799346, Lines 2
[80%] 	 25,399/31,748 	 10:36:21
Match: Event 279800803, Lines 2
Match: Event 279801366, Lines 2
Match: Event 279801863, Lines 2
Match: Event 279802973, Lines 2
Match: Event 279804301, Lines 2
Match: Event 279805410, Lines 2
Match: Event 279806218, Lines 2
Match: Event 279806323, Lines 3
Match: Event 279806854, Lines 2
Match: Event 279807825, Lines 2
Match: Event 279808312, Lines 2
Match: Event 279808448, Lines 2
Match: Event 279809850, Lines 2
[81%] 	 25,716/31,748 	 10:43:52
Match: Event 279812411, Lines 2
Match: Event 279812760, Lines 2
Match: Event 279812881, Lines 2
Match: Event 279814001, Lines 2
Match: Event 279814131, Lines 2
Match: Event 279814151, Lines 2
Match: Event 279814957, Lines 2
Match: Event 279815063, Lines 2
Match: Event 279817214, Lines 2
Match: Event 279817682, Lines 2
Match: Event 279817843, Lines 2
Match: Event 279817890, Lines 2
Match: Event 279819078, Lines 2
Match: Event 279819557, Lines 2
Match: Event 279819583, Lines 2
Match: Event 279819611, Lines 3
[82%] 	 26,034/31,748 	 10:51:34
Match: Event 279821109, Lines 2
Match: Event 279821408, Lines 2
Match: Event 279821883, Lines 2
Match: Event 279822027, Lines 2
Match: Event 279822157, Lines 2
Match: Event 279823046, Lines 2
Match: Event 279826849, Lines 2
Match: Event 279827068, Lines 2
Match: Event 279827545, Lines 3
Match: Event 279827940, Lines 2
Match: Event 279828964, Lines 2
Match: Event 279829220, Lines 2
Match: Event 279829638, Lines 2
Match: Event 279829764, Lines 2
[83%] 	 26,351/31,748 	 10:59:53
Match: Event 279830116, Lines 2
Match: Event 279830310, Lines 2
Match: Event 279831921, Lines 2
Match: Event 279831973, Lines 2
Match: Event 279832070, Lines 2
Match: Event 279833817, Lines 2
Match: Event 279833909, Lines 2
Match: Event 279834210, Lines 2
Match: Event 279834669, Lines 2
Match: Event 279834762, Lines 2
Match: Event 279835079, Lines 2
Match: Event 279835148, Lines 2
Match: Event 279835770, Lines 2
Match: Event 279837726, Lines 2
Match: Event 279839261, Lines 2
[84%] 	 26,669/31,748 	 11:08:00
Match: Event 279839771, Lines 2
Match: Event 279839923, Lines 2
Match: Event 279840093, Lines 2
Match: Event 279840711, Lines 2
Match: Event 279841233, Lines 2
Match: Event 279841987, Lines 2
Match: Event 279842758, Lines 2
Match: Event 279842786, Lines 2
Match: Event 279842974, Lines 3
Match: Event 279843774, Lines 2
Match: Event 279843926, Lines 2
Match: Event 279844307, Lines 2
Match: Event 279844379, Lines 2
Match: Event 279844564, Lines 2
Match: Event 279846305, Lines 2
Match: Event 279846471, Lines 2
Match: Event 279848144, Lines 2
[85%] 	 26,986/31,748 	 11:15:51
Match: Event 279848764, Lines 2
Match: Event 279849651, Lines 2
Match: Event 279851163, Lines 2
Match: Event 279851698, Lines 2
Match: Event 279851755, Lines 2
Match: Event 279852149, Lines 3
Match: Event 279852194, Lines 2
Match: Event 279852613, Lines 2
Match: Event 279852872, Lines 2
Match: Event 279853819, Lines 2
Match: Event 279854141, Lines 2
Match: Event 279855130, Lines 3
Match: Event 279856259, Lines 2
Match: Event 279856917, Lines 2
Match: Event 279858406, Lines 2
Match: Event 279859248, Lines 2
[86%] 	 27,304/31,748 	 11:23:27
Match: Event 279859682, Lines 2
Match: Event 279860012, Lines 2
Match: Event 279861050, Lines 2
Match: Event 279861066, Lines 2
Match: Event 279861266, Lines 2
Match: Event 279862212, Lines 2
Match: Event 279862302, Lines 2
Match: Event 279862665, Lines 2
Match: Event 279863378, Lines 2
Match: Event 279863410, Lines 2
Match: Event 279864446, Lines 2
Match: Event 279865179, Lines 2
Match: Event 279865295, Lines 2
Match: Event 279867769, Lines 2
Match: Event 279868788, Lines 2
Match: Event 279868874, Lines 2
[87%] 	 27,621/31,748 	 11:31:15
Match: Event 279869800, Lines 2
Match: Event 279869899, Lines 2
Match: Event 279870084, Lines 2
Match: Event 279870512, Lines 2
Match: Event 279873841, Lines 2
Match: Event 279874089, Lines 2
Match: Event 279874211, Lines 2
Match: Event 279874706, Lines 2
Match: Event 279874792, Lines 2
Match: Event 279875966, Lines 2
Match: Event 279876897, Lines 2
Match: Event 279877891, Lines 2
Match: Event 279877921, Lines 2
Match: Event 279878107, Lines 2
Match: Event 279878546, Lines 2
Match: Event 279879406, Lines 2
Match: Event 279879588, Lines 2
Match: Event 279879978, Lines 2
Match: Event 279880218, Lines 2
[88%] 	 27,939/31,748 	 11:38:57
Match: Event 279880525, Lines 2
Match: Event 279882190, Lines 2
Match: Event 279882246, Lines 2
Match: Event 279882632, Lines 2
Match: Event 279883928, Lines 2
Match: Event 279885369, Lines 2
Match: Event 279885655, Lines 3
Match: Event 279885729, Lines 2
Match: Event 279885845, Lines 2
Match: Event 279887165, Lines 2
Match: Event 279887954, Lines 2
Match: Event 279888300, Lines 2
Match: Event 279890158, Lines 2
[89%] 	 28,256/31,748 	 11:46:45
Match: Event 279891693, Lines 2
Match: Event 279892693, Lines 2
Match: Event 279893179, Lines 2
Match: Event 279893535, Lines 2
Match: Event 279893541, Lines 2
Match: Event 279893559, Lines 2
Match: Event 279893850, Lines 2
Match: Event 279894074, Lines 2
Match: Event 279894763, Lines 2
Match: Event 279894971, Lines 2
Match: Event 279896775, Lines 2
Match: Event 279897273, Lines 2
Match: Event 279899031, Lines 2
Match: Event 279899570, Lines 2
Match: Event 279899673, Lines 2
Match: Event 279900013, Lines 2
[90%] 	 28,574/31,748 	 11:54:42
Match: Event 279900965, Lines 2
Match: Event 279901318, Lines 2
Match: Event 279901809, Lines 2
Match: Event 279901895, Lines 2
Match: Event 279901960, Lines 2
Match: Event 279902763, Lines 2
Match: Event 279903029, Lines 2
Match: Event 279903320, Lines 2
Match: Event 279903606, Lines 2
Match: Event 279904183, Lines 2
Match: Event 279905523, Lines 2
Match: Event 279905760, Lines 2
Match: Event 279905927, Lines 2
Match: Event 279906208, Lines 2
Match: Event 279906691, Lines 2
Match: Event 279906761, Lines 2
Match: Event 279906924, Lines 2
Match: Event 279907473, Lines 2
Match: Event 279908131, Lines 2
Match: Event 279908808, Lines 2
Match: Event 279909310, Lines 2
Match: Event 279909845, Lines 2
Match: Event 279910611, Lines 2
[91%] 	 28,891/31,748 	 12:02:40
Match: Event 279910806, Lines 2
Match: Event 279911240, Lines 2
Match: Event 279911929, Lines 2
Match: Event 279912226, Lines 2
Match: Event 279912337, Lines 2
Match: Event 279913495, Lines 2
Match: Event 279914716, Lines 2
Match: Event 279916670, Lines 2
Match: Event 279917059, Lines 2
Match: Event 279917739, Lines 2
Match: Event 279917793, Lines 2
Match: Event 279918054, Lines 2
Match: Event 279918803, Lines 2
[92%] 	 29,209/31,748 	 12:10:13
Match: Event 279922633, Lines 2
Match: Event 279923315, Lines 2
Match: Event 279925003, Lines 2
Match: Event 279925984, Lines 3
Match: Event 279926249, Lines 2
Match: Event 279926294, Lines 2
Match: Event 279926674, Lines 2
Match: Event 279927325, Lines 2
Match: Event 279927456, Lines 2
Match: Event 279928367, Lines 2
Match: Event 279928495, Lines 2
Match: Event 279928598, Lines 2
Match: Event 279929659, Lines 2
Match: Event 279930225, Lines 2
Match: Event 279930660, Lines 2
Match: Event 279930816, Lines 2
[93%] 	 29,526/31,748 	 12:17:45
Match: Event 279931462, Lines 3
Match: Event 279933324, Lines 2
Match: Event 279933735, Lines 2
Match: Event 279935335, Lines 2
Match: Event 279935613, Lines 2
Match: Event 279936400, Lines 2
Match: Event 279936906, Lines 2
Match: Event 279937292, Lines 2
Match: Event 279939841, Lines 2
Match: Event 279939865, Lines 3
Match: Event 279940514, Lines 2
Match: Event 279941456, Lines 3
[94%] 	 29,844/31,748 	 12:25:31
Match: Event 279941899, Lines 2
Match: Event 279942649, Lines 3
Match: Event 279943472, Lines 2
Match: Event 279944728, Lines 2
Match: Event 279944866, Lines 2
Match: Event 279945385, Lines 2
Match: Event 279945404, Lines 2
Match: Event 279946681, Lines 2
Match: Event 279946963, Lines 2
Match: Event 279947426, Lines 2
Match: Event 279948115, Lines 2
Match: Event 279950039, Lines 2
Match: Event 279950328, Lines 2
Match: Event 279950496, Lines 2
Match: Event 279950674, Lines 3
[95%] 	 30,161/31,748 	 12:33:04
Match: Event 279951241, Lines 2
Match: Event 279952633, Lines 2
Match: Event 279953238, Lines 2
Match: Event 279953246, Lines 2
Match: Event 279954098, Lines 2
Match: Event 279954713, Lines 2
Match: Event 279955180, Lines 2
Match: Event 279955260, Lines 2
Match: Event 279957016, Lines 2
Match: Event 279957411, Lines 2
Match: Event 279957893, Lines 2
[96%] 	 30,479/31,748 	 12:40:22
Match: Event 279960350, Lines 2
Match: Event 279961603, Lines 2
Match: Event 279961810, Lines 2
Match: Event 279961975, Lines 2
Match: Event 279962097, Lines 2
Match: Event 279962547, Lines 2
Match: Event 279962923, Lines 2
Match: Event 279963161, Lines 2
Match: Event 279963271, Lines 2
Match: Event 279964957, Lines 2
Match: Event 279965196, Lines 2
Match: Event 279965508, Lines 2
Match: Event 279965621, Lines 2
Match: Event 279965778, Lines 2
Match: Event 279965786, Lines 2
Match: Event 279968429, Lines 2
Match: Event 279969603, Lines 2
Match: Event 279969671, Lines 2
[97%] 	 30,796/31,748 	 12:48:07
Match: Event 279972393, Lines 2
Match: Event 279973757, Lines 2
Match: Event 279975235, Lines 2
Match: Event 279976875, Lines 2
Match: Event 279977082, Lines 2
Match: Event 279977401, Lines 2
Match: Event 279977594, Lines 2
Match: Event 279977739, Lines 2
[98%] 	 31,114/31,748 	 12:55:40
Match: Event 279979883, Lines 2
Match: Event 279980096, Lines 2
Match: Event 279980442, Lines 2
Match: Event 279981650, Lines 2
Match: Event 279981778, Lines 3
Match: Event 279982575, Lines 2
Match: Event 279983259, Lines 2
Match: Event 279985591, Lines 2
Match: Event 279986634, Lines 2
Match: Event 279986805, Lines 2
Match: Event 279987550, Lines 2
Match: Event 279988157, Lines 2
Match: Event 279988325, Lines 2
Match: Event 279989407, Lines 3
[99%] 	 31,431/31,748 	 13:03:28
Match: Event 279992708, Lines 2
Match: Event 279992779, Lines 2
Match: Event 279993534, Lines 2
Match: Event 279993723, Lines 2
Match: Event 279994133, Lines 2
Match: Event 279994642, Lines 2
Match: Event 279994930, Lines 2
Match: Event 279996362, Lines 2
Match: Event 279997493, Lines 2
Match: Event 279997610, Lines 3
Match: Event 279999110, Lines 2
Match: Event 279999431, Lines 2
Finished in 47465.43s.
 ~ 5) DONE !
