search libraries in slc9_x86-64
 ~ 1) Base stack loaded.
 ~ Sleeping for 43 seconds to avoid AFS DDOS...
 ~ 2) Loading sndsw environment...
 ~ 3) SNDSW_ROOT is set to: /afs/cern.ch/user/i/idioniso/snd_master/sw-root6.28/rhel9_x86-64/sndsw/master-local1
 ~ 4) Executing tracking script...
[INFO] The input consists out of the following trees and files: 
[INFO]  - rawConv
[INFO]     - root://eoshome-i.cern.ch//eos/user/i/idioniso/tridents/initial_cuts/tridents_sndsw_raw-0057.root
[INFO] FairRootFileSink initialized.
[INFO]  - cbmout
[INFO]     - dummy
[INFO] Parameter and input file are available, Assure that basic info is there for the run!
[INFO] ---FairRootManager::SpecifyRunId --- 
[INFO] --- Initialize with RunId  --- 0

************************************************************* 
     initialisation for run id 0
************************************************************* 
-I- FairRunTimeDB::InitContainer() FairBaseParSet
-I- FairRunTimeDB::InitContainer() FairGeoParSet

************************************************************* 
     initialisation for run id 0
************************************************************* 
-I- FairRunTimeDB::InitContainer() FairBaseParSet
-I- FairRunTimeDB::InitContainer() FairGeoParSet
[INFO]  Branch: Reco_MuonTracks not found in Tree.
using geofile: root://eospublic.cern.ch//eos/experiment/sndlhc/convertedData/physics/2023/geofile_sndlhc_TI18_V3_2023.root
[0%] 	 0/31,494 	 00:00:07
Match: Event 57000342, Lines 2
Match: Event 57000968, Lines 2
Match: Event 57002027, Lines 2
Match: Event 57005237, Lines 2
Match: Event 57005392, Lines 2
Match: Event 57005639, Lines 2
Match: Event 57006039, Lines 2
Match: Event 57006063, Lines 3
Match: Event 57006774, Lines 2
Match: Event 57006899, Lines 2
Match: Event 57007254, Lines 2
Match: Event 57008241, Lines 2
Match: Event 57008749, Lines 2
Match: Event 57008806, Lines 2
Match: Event 57009074, Lines 2
[1%] 	 315/31,494 	 00:06:31
Match: Event 57011478, Lines 3
Match: Event 57011622, Lines 2
Match: Event 57011798, Lines 2
Match: Event 57012118, Lines 2
Match: Event 57013271, Lines 2
Match: Event 57013455, Lines 2
Match: Event 57013793, Lines 2
Match: Event 57013829, Lines 3
Match: Event 57014581, Lines 2
Match: Event 57015440, Lines 2
Match: Event 57016060, Lines 2
Match: Event 57016150, Lines 2
Match: Event 57016261, Lines 2
Match: Event 57016303, Lines 2
Match: Event 57017952, Lines 2
Match: Event 57018971, Lines 2
Match: Event 57020071, Lines 2
[2%] 	 630/31,494 	 00:13:44
Match: Event 57021115, Lines 2
Match: Event 57021952, Lines 2
Match: Event 57022412, Lines 2
Match: Event 57023826, Lines 2
Match: Event 57023835, Lines 2
Match: Event 57024456, Lines 2
Match: Event 57025372, Lines 2
Match: Event 57025763, Lines 2
Match: Event 57026409, Lines 2
Match: Event 57027161, Lines 2
Match: Event 57027698, Lines 2
Match: Event 57027965, Lines 2
Match: Event 57028578, Lines 2
Match: Event 57029037, Lines 2
Match: Event 57029202, Lines 2
[3%] 	 945/31,494 	 00:20:45
Match: Event 57029775, Lines 2
Match: Event 57030034, Lines 2
Match: Event 57030216, Lines 2
Match: Event 57031232, Lines 2
Match: Event 57031254, Lines 2
Match: Event 57032142, Lines 2
Match: Event 57032656, Lines 3
Match: Event 57033488, Lines 2
Match: Event 57034836, Lines 2
Match: Event 57035322, Lines 2
Match: Event 57036164, Lines 2
Match: Event 57036728, Lines 2
Match: Event 57037929, Lines 2
Match: Event 57039040, Lines 2
Match: Event 57039551, Lines 2
Match: Event 57039761, Lines 2
[4%] 	 1,260/31,494 	 00:27:59
Match: Event 57039899, Lines 2
Match: Event 57040742, Lines 2
Match: Event 57041686, Lines 2
Match: Event 57041767, Lines 3
Match: Event 57042338, Lines 2
Match: Event 57043385, Lines 2
Match: Event 57044707, Lines 2
Match: Event 57046033, Lines 2
Match: Event 57046975, Lines 2
Match: Event 57047215, Lines 2
Match: Event 57048194, Lines 2
[5%] 	 1,575/31,494 	 00:34:48
Match: Event 57050284, Lines 2
Match: Event 57050435, Lines 2
Match: Event 57050552, Lines 2
Match: Event 57051789, Lines 2
Match: Event 57052131, Lines 2
Match: Event 57054602, Lines 2
Match: Event 57056649, Lines 2
Match: Event 57057118, Lines 2
Match: Event 57058879, Lines 2
[6%] 	 1,890/31,494 	 00:41:12
Match: Event 57059260, Lines 2
Match: Event 57060708, Lines 2
Match: Event 57061644, Lines 2
Match: Event 57061693, Lines 2
Match: Event 57061748, Lines 2
Match: Event 57063361, Lines 2
Match: Event 57063725, Lines 2
Match: Event 57064814, Lines 2
Match: Event 57066532, Lines 2
Match: Event 57066916, Lines 2
Match: Event 57067142, Lines 2
Match: Event 57068068, Lines 2
[7%] 	 2,205/31,494 	 00:47:56
Match: Event 57069381, Lines 2
Match: Event 57071022, Lines 2
Match: Event 57071618, Lines 3
Match: Event 57072392, Lines 2
Match: Event 57072552, Lines 2
Match: Event 57072793, Lines 2
Match: Event 57073494, Lines 2
Match: Event 57073736, Lines 2
Match: Event 57073854, Lines 2
Match: Event 57074936, Lines 2
Match: Event 57074954, Lines 3
Match: Event 57075057, Lines 2
Match: Event 57075850, Lines 2
Match: Event 57076042, Lines 2
Match: Event 57077746, Lines 2
Match: Event 57078021, Lines 2
Match: Event 57078511, Lines 2
[8%] 	 2,520/31,494 	 00:54:28
Match: Event 57079491, Lines 2
Match: Event 57079800, Lines 2
Match: Event 57080643, Lines 2
Match: Event 57081600, Lines 2
Match: Event 57081747, Lines 2
Match: Event 57082028, Lines 2
Match: Event 57082924, Lines 2
Match: Event 57083599, Lines 2
Match: Event 57084117, Lines 2
Match: Event 57084965, Lines 3
Match: Event 57086864, Lines 2
Match: Event 57087543, Lines 2
Match: Event 57088207, Lines 2
Match: Event 57088485, Lines 2
Match: Event 57088682, Lines 2
Match: Event 57088745, Lines 2
[9%] 	 2,835/31,494 	 01:00:41
Match: Event 57089796, Lines 2
Match: Event 57089967, Lines 2
Match: Event 57090286, Lines 2
Match: Event 57091402, Lines 2
Match: Event 57094730, Lines 2
Match: Event 57095057, Lines 2
Match: Event 57098213, Lines 2
Match: Event 57098359, Lines 2
Match: Event 57099240, Lines 2
Match: Event 57099259, Lines 2
[10%] 	 3,150/31,494 	 01:06:50
Match: Event 57100902, Lines 2
Match: Event 57101177, Lines 2
Match: Event 57102481, Lines 2
Match: Event 57102506, Lines 2
Match: Event 57103073, Lines 2
Match: Event 57103248, Lines 2
Match: Event 57103270, Lines 2
Match: Event 57104549, Lines 2
Match: Event 57105103, Lines 2
Match: Event 57105155, Lines 2
Match: Event 57105409, Lines 2
Match: Event 57106769, Lines 2
Match: Event 57109585, Lines 2
Match: Event 57109790, Lines 2
[11%] 	 3,465/31,494 	 01:12:57
Match: Event 57110784, Lines 2
Match: Event 57111224, Lines 2
Match: Event 57111280, Lines 2
Match: Event 57111661, Lines 2
Match: Event 57111663, Lines 2
Match: Event 57111737, Lines 2
Match: Event 57113817, Lines 2
Match: Event 57114026, Lines 2
Match: Event 57114436, Lines 2
Match: Event 57115210, Lines 2
Match: Event 57116074, Lines 2
Match: Event 57116094, Lines 2
Match: Event 57116474, Lines 2
Match: Event 57118050, Lines 2
Match: Event 57118171, Lines 2
Match: Event 57119521, Lines 2
[12%] 	 3,780/31,494 	 01:19:14
Match: Event 57121317, Lines 2
Match: Event 57122481, Lines 2
Match: Event 57122528, Lines 2
Match: Event 57123117, Lines 2
Match: Event 57123279, Lines 2
Match: Event 57124571, Lines 2
Match: Event 57125371, Lines 2
Match: Event 57125795, Lines 2
Match: Event 57125896, Lines 2
Match: Event 57126559, Lines 2
Match: Event 57126730, Lines 2
Match: Event 57126844, Lines 2
Match: Event 57128374, Lines 2
[13%] 	 4,095/31,494 	 01:25:41
Match: Event 57132036, Lines 2
Match: Event 57133338, Lines 2
Match: Event 57133581, Lines 2
Match: Event 57133898, Lines 2
Match: Event 57134499, Lines 2
Match: Event 57134532, Lines 2
Match: Event 57135274, Lines 2
Match: Event 57137401, Lines 2
Match: Event 57138505, Lines 2
Match: Event 57139082, Lines 2
[14%] 	 4,410/31,494 	 01:32:11
Match: Event 57139775, Lines 2
Match: Event 57141116, Lines 2
Match: Event 57142261, Lines 2
Match: Event 57142338, Lines 2
Match: Event 57142454, Lines 2
Match: Event 57144038, Lines 2
Match: Event 57144242, Lines 2
Match: Event 57144975, Lines 2
Match: Event 57146877, Lines 2
Match: Event 57147304, Lines 2
Match: Event 57148470, Lines 2
Match: Event 57148518, Lines 2
Match: Event 57148744, Lines 2
Match: Event 57149694, Lines 2
[15%] 	 4,725/31,494 	 01:39:11
Match: Event 57150354, Lines 2
Match: Event 57151209, Lines 2
Match: Event 57151389, Lines 2
Match: Event 57151419, Lines 2
Match: Event 57153713, Lines 2
Match: Event 57153838, Lines 2
Match: Event 57154175, Lines 2
Match: Event 57154528, Lines 2
Match: Event 57156002, Lines 2
Match: Event 57156138, Lines 2
Match: Event 57157395, Lines 2
Match: Event 57157677, Lines 2
Match: Event 57158459, Lines 2
[16%] 	 5,040/31,494 	 01:46:03
Match: Event 57160393, Lines 2
Match: Event 57161309, Lines 2
Match: Event 57165212, Lines 2
Match: Event 57166774, Lines 2
Match: Event 57166942, Lines 2
Match: Event 57168780, Lines 2
[17%] 	 5,354/31,494 	 01:52:29
Match: Event 57170279, Lines 2
Match: Event 57170281, Lines 2
Match: Event 57170686, Lines 2
Match: Event 57170786, Lines 2
Match: Event 57170882, Lines 2
Match: Event 57171923, Lines 2
Match: Event 57172018, Lines 2
Match: Event 57172343, Lines 2
Match: Event 57175088, Lines 2
Match: Event 57175611, Lines 2
Match: Event 57176626, Lines 2
Match: Event 57177070, Lines 2
Match: Event 57177294, Lines 3
Match: Event 57177808, Lines 2
Match: Event 57177879, Lines 2
Match: Event 57178801, Lines 2
[18%] 	 5,669/31,494 	 02:00:02
Match: Event 57182755, Lines 3
Match: Event 57184417, Lines 2
Match: Event 57185587, Lines 2
Match: Event 57185979, Lines 2
Match: Event 57186836, Lines 2
Match: Event 57187974, Lines 2
Match: Event 57188835, Lines 3
[19%] 	 5,984/31,494 	 02:07:08
Match: Event 57189410, Lines 2
Match: Event 57191127, Lines 2
Match: Event 57191176, Lines 2
Match: Event 57192659, Lines 3
Match: Event 57192917, Lines 2
Match: Event 57193611, Lines 2
Match: Event 57193647, Lines 2
Match: Event 57193792, Lines 2
Match: Event 57194667, Lines 2
Match: Event 57194782, Lines 2
Match: Event 57195166, Lines 2
Match: Event 57195466, Lines 2
Match: Event 57197102, Lines 2
Match: Event 57197519, Lines 2
Match: Event 57197587, Lines 2
Match: Event 57198513, Lines 2
Match: Event 57198533, Lines 3
Match: Event 57198657, Lines 2
Match: Event 57199006, Lines 2
[20%] 	 6,299/31,494 	 02:13:58
Match: Event 57199646, Lines 2
Match: Event 57200401, Lines 2
Match: Event 57202286, Lines 2
Match: Event 57202615, Lines 2
Match: Event 57204122, Lines 2
Match: Event 57205909, Lines 2
Match: Event 57205924, Lines 2
Match: Event 57206943, Lines 2
Match: Event 57207043, Lines 2
Match: Event 57207156, Lines 2
Match: Event 57207703, Lines 2
Match: Event 57208455, Lines 2
Match: Event 57208472, Lines 2
Match: Event 57209059, Lines 2
[21%] 	 6,614/31,494 	 02:20:54
Match: Event 57209945, Lines 2
Match: Event 57210012, Lines 2
Match: Event 57211144, Lines 2
Match: Event 57211403, Lines 2
Match: Event 57211977, Lines 2
Match: Event 57212187, Lines 2
Match: Event 57212357, Lines 2
Match: Event 57212432, Lines 2
Match: Event 57212626, Lines 2
Match: Event 57212848, Lines 2
Match: Event 57213214, Lines 2
Match: Event 57214449, Lines 2
Match: Event 57215499, Lines 2
Match: Event 57215784, Lines 2
Match: Event 57216684, Lines 2
Match: Event 57216775, Lines 2
Match: Event 57218373, Lines 2
Match: Event 57218456, Lines 2
[22%] 	 6,929/31,494 	 02:27:38
Match: Event 57219942, Lines 2
Match: Event 57220513, Lines 3
Match: Event 57220839, Lines 2
Match: Event 57220898, Lines 2
Match: Event 57221244, Lines 2
Match: Event 57221258, Lines 2
Match: Event 57223345, Lines 2
Match: Event 57223410, Lines 2
Match: Event 57224445, Lines 2
Match: Event 57224846, Lines 2
Match: Event 57225262, Lines 2
Match: Event 57225278, Lines 2
Match: Event 57225404, Lines 2
Match: Event 57226769, Lines 2
Match: Event 57227401, Lines 2
Match: Event 57227884, Lines 3
Match: Event 57228082, Lines 2
[23%] 	 7,244/31,494 	 02:33:55
Match: Event 57229066, Lines 2
Match: Event 57229563, Lines 2
Match: Event 57231305, Lines 2
Match: Event 57231580, Lines 2
Match: Event 57232569, Lines 2
Match: Event 57232766, Lines 2
Match: Event 57233024, Lines 2
Match: Event 57233584, Lines 2
Match: Event 57234606, Lines 2
Match: Event 57235513, Lines 2
Match: Event 57235763, Lines 2
Match: Event 57236255, Lines 2
Match: Event 57236534, Lines 2
Match: Event 57236823, Lines 2
Match: Event 57237405, Lines 2
Match: Event 57238430, Lines 2
Match: Event 57238694, Lines 2
[24%] 	 7,559/31,494 	 02:40:17
Match: Event 57238707, Lines 2
Match: Event 57240740, Lines 2
Match: Event 57242915, Lines 2
Match: Event 57242991, Lines 2
Match: Event 57243943, Lines 2
Match: Event 57245687, Lines 3
Match: Event 57245756, Lines 2
Match: Event 57246042, Lines 2
Match: Event 57246511, Lines 2
Match: Event 57246574, Lines 2
Match: Event 57247601, Lines 2
Match: Event 57247963, Lines 2
[25%] 	 7,874/31,494 	 02:46:20
Match: Event 57249558, Lines 2
Match: Event 57249619, Lines 2
Match: Event 57249839, Lines 2
Match: Event 57250673, Lines 2
Match: Event 57251276, Lines 2
Match: Event 57256102, Lines 2
Match: Event 57257590, Lines 2
Match: Event 57257924, Lines 2
Match: Event 57258498, Lines 2
[26%] 	 8,189/31,494 	 02:52:30
Match: Event 57260662, Lines 2
Match: Event 57261937, Lines 2
Match: Event 57262588, Lines 2
Match: Event 57263238, Lines 2
Match: Event 57263267, Lines 2
Match: Event 57263866, Lines 2
Match: Event 57264329, Lines 3
Match: Event 57265204, Lines 2
Match: Event 57266302, Lines 2
Match: Event 57267285, Lines 2
Match: Event 57268437, Lines 2
[27%] 	 8,504/31,494 	 02:58:53
Match: Event 57269504, Lines 2
Match: Event 57271665, Lines 3
Match: Event 57273801, Lines 2
Match: Event 57274913, Lines 2
Match: Event 57275384, Lines 2
Match: Event 57276438, Lines 2
Match: Event 57276504, Lines 2
Match: Event 57276597, Lines 2
Match: Event 57276611, Lines 2
Match: Event 57278631, Lines 2
Match: Event 57278808, Lines 2
[28%] 	 8,819/31,494 	 03:05:20
Match: Event 57279696, Lines 3
Match: Event 57279964, Lines 3
Match: Event 57280048, Lines 2
Match: Event 57282475, Lines 2
Match: Event 57282891, Lines 2
Match: Event 57283811, Lines 2
Match: Event 57284181, Lines 2
Match: Event 57284773, Lines 2
Match: Event 57285916, Lines 2
Match: Event 57286368, Lines 2
Match: Event 57286583, Lines 2
Match: Event 57287182, Lines 2
Match: Event 57287959, Lines 2
Match: Event 57288213, Lines 2
Match: Event 57288383, Lines 2
[29%] 	 9,134/31,494 	 03:11:41
Match: Event 57289396, Lines 3
Match: Event 57289852, Lines 2
Match: Event 57290529, Lines 2
Match: Event 57291560, Lines 2
Match: Event 57291702, Lines 2
Match: Event 57291703, Lines 2
Match: Event 57292327, Lines 2
Match: Event 57293154, Lines 2
Match: Event 57293258, Lines 2
Match: Event 57294507, Lines 2
Match: Event 57295016, Lines 2
Match: Event 57296922, Lines 2
Match: Event 57297589, Lines 2
Match: Event 57297884, Lines 2
Match: Event 57298374, Lines 2
Match: Event 57298632, Lines 2
Match: Event 57298785, Lines 2
[30%] 	 9,449/31,494 	 03:17:59
Match: Event 57301563, Lines 2
Match: Event 57301642, Lines 2
Match: Event 57302053, Lines 2
Match: Event 57302233, Lines 2
Match: Event 57303093, Lines 2
Match: Event 57303473, Lines 2
Match: Event 57305622, Lines 2
Match: Event 57306658, Lines 2
Match: Event 57306770, Lines 3
Match: Event 57306898, Lines 2
Match: Event 57307634, Lines 2
Match: Event 57308002, Lines 2
Match: Event 57308828, Lines 2
[31%] 	 9,764/31,494 	 03:24:06
Match: Event 57308950, Lines 2
Match: Event 57309273, Lines 2
Match: Event 57309848, Lines 2
Match: Event 57309944, Lines 2
Match: Event 57311221, Lines 2
Match: Event 57313909, Lines 2
Match: Event 57317171, Lines 2
Match: Event 57317430, Lines 2
Match: Event 57317832, Lines 2
Match: Event 57319176, Lines 2
[32%] 	 10,079/31,494 	 03:30:25
Match: Event 57320083, Lines 2
Match: Event 57320761, Lines 2
Match: Event 57320812, Lines 2
Match: Event 57320820, Lines 2
Match: Event 57320935, Lines 2
Match: Event 57321734, Lines 2
Match: Event 57321869, Lines 2
Match: Event 57324332, Lines 2
Match: Event 57325918, Lines 2
Match: Event 57326356, Lines 2
Match: Event 57326567, Lines 2
Match: Event 57327171, Lines 2
[33%] 	 10,394/31,494 	 03:37:13
Match: Event 57328906, Lines 2
Match: Event 57329147, Lines 2
Match: Event 57330226, Lines 2
Match: Event 57331888, Lines 2
Match: Event 57335498, Lines 2
Match: Event 57335724, Lines 2
Match: Event 57335911, Lines 2
Match: Event 57336364, Lines 2
Match: Event 57337662, Lines 2
Match: Event 57337895, Lines 2
Match: Event 57338491, Lines 2
Match: Event 57338762, Lines 2
Match: Event 57338786, Lines 2
[34%] 	 10,708/31,494 	 03:43:53
Match: Event 57339805, Lines 3
Match: Event 57339844, Lines 2
Match: Event 57340529, Lines 2
Match: Event 57341039, Lines 3
Match: Event 57341290, Lines 2
Match: Event 57341906, Lines 2
Match: Event 57343619, Lines 2
Match: Event 57343648, Lines 2
Match: Event 57344151, Lines 2
Match: Event 57344450, Lines 2
Match: Event 57345038, Lines 3
Match: Event 57345475, Lines 2
Match: Event 57345958, Lines 2
Match: Event 57346180, Lines 2
Match: Event 57346394, Lines 2
[35%] 	 11,023/31,494 	 03:50:19
Match: Event 57348386, Lines 2
Match: Event 57348834, Lines 2
Match: Event 57348984, Lines 2
Match: Event 57349029, Lines 2
Match: Event 57350192, Lines 2
Match: Event 57350277, Lines 2
Match: Event 57351816, Lines 2
Match: Event 57352464, Lines 2
Match: Event 57354160, Lines 2
Match: Event 57354413, Lines 3
Match: Event 57355712, Lines 2
Match: Event 57356582, Lines 2
Match: Event 57357717, Lines 2
[36%] 	 11,338/31,494 	 03:56:28
Match: Event 57360298, Lines 2
Match: Event 57360522, Lines 2
Match: Event 57360972, Lines 2
Match: Event 57361888, Lines 2
Match: Event 57363177, Lines 2
Match: Event 57363964, Lines 2
Match: Event 57364807, Lines 2
Match: Event 57366311, Lines 2
Match: Event 57366980, Lines 2
Match: Event 57367328, Lines 2
Match: Event 57367365, Lines 2
Match: Event 57367439, Lines 2
[37%] 	 11,653/31,494 	 04:02:52
Match: Event 57367769, Lines 2
Match: Event 57368222, Lines 3
Match: Event 57369742, Lines 2
Match: Event 57370121, Lines 2
Match: Event 57370463, Lines 2
Match: Event 57370610, Lines 2
Match: Event 57371053, Lines 2
Match: Event 57371803, Lines 2
Match: Event 57371814, Lines 2
Match: Event 57373245, Lines 2
Match: Event 57373513, Lines 2
Match: Event 57373523, Lines 2
Match: Event 57374486, Lines 2
Match: Event 57374767, Lines 2
Match: Event 57374945, Lines 2
Match: Event 57375011, Lines 2
Match: Event 57375484, Lines 3
Match: Event 57376553, Lines 2
Match: Event 57376596, Lines 2
Match: Event 57376622, Lines 2
Match: Event 57376690, Lines 2
Match: Event 57376929, Lines 2
Match: Event 57376931, Lines 2
Match: Event 57377307, Lines 2
Match: Event 57377528, Lines 2
Match: Event 57377756, Lines 2
[38%] 	 11,968/31,494 	 04:09:21
Match: Event 57380071, Lines 2
Match: Event 57380512, Lines 2
Match: Event 57381297, Lines 2
Match: Event 57382361, Lines 2
Match: Event 57382674, Lines 2
Match: Event 57383886, Lines 2
Match: Event 57386238, Lines 2
Match: Event 57386871, Lines 2
Match: Event 57387106, Lines 2
Match: Event 57388065, Lines 2
Match: Event 57388215, Lines 2
Match: Event 57388922, Lines 2
[39%] 	 12,283/31,494 	 04:15:49
Match: Event 57389232, Lines 2
Match: Event 57389737, Lines 2
Match: Event 57390531, Lines 2
Match: Event 57391984, Lines 2
Match: Event 57392083, Lines 2
Match: Event 57392947, Lines 2
Match: Event 57393795, Lines 3
Match: Event 57394781, Lines 2
Match: Event 57394909, Lines 2
Match: Event 57397076, Lines 2
Match: Event 57398720, Lines 2
Match: Event 57398762, Lines 2
Match: Event 57399942, Lines 2
[40%] 	 12,598/31,494 	 04:22:22
Match: Event 57400517, Lines 2
Match: Event 57400524, Lines 2
Match: Event 57400651, Lines 2
Match: Event 57400676, Lines 2
Match: Event 57401684, Lines 2
Match: Event 57401710, Lines 2
Match: Event 57402050, Lines 2
Match: Event 57402510, Lines 2
Match: Event 57402821, Lines 2
Match: Event 57402826, Lines 2
Match: Event 57403399, Lines 2
Match: Event 57403633, Lines 2
Match: Event 57403700, Lines 2
Match: Event 57404256, Lines 2
Match: Event 57404601, Lines 2
Match: Event 57404811, Lines 2
Match: Event 57404839, Lines 2
Match: Event 57405017, Lines 3
Match: Event 57406268, Lines 2
Match: Event 57408100, Lines 2
Match: Event 57408418, Lines 2
Match: Event 57409329, Lines 2
[41%] 	 12,913/31,494 	 04:29:06
Match: Event 57411656, Lines 2
Match: Event 57412486, Lines 2
Match: Event 57413335, Lines 2
Match: Event 57414448, Lines 2
Match: Event 57414982, Lines 2
Match: Event 57415089, Lines 2
Match: Event 57415566, Lines 2
Match: Event 57416461, Lines 2
Match: Event 57416601, Lines 3
Match: Event 57417140, Lines 3
Match: Event 57417818, Lines 2
Match: Event 57418139, Lines 2
Match: Event 57418345, Lines 2
[42%] 	 13,228/31,494 	 04:35:26
Match: Event 57419804, Lines 2
Match: Event 57420116, Lines 2
Match: Event 57420391, Lines 2
Match: Event 57422623, Lines 2
Match: Event 57423222, Lines 2
Match: Event 57423482, Lines 2
Match: Event 57423522, Lines 2
Match: Event 57423608, Lines 2
Match: Event 57424277, Lines 2
Match: Event 57424416, Lines 2
Match: Event 57424805, Lines 2
Match: Event 57425644, Lines 2
Match: Event 57426327, Lines 2
Match: Event 57426929, Lines 2
[43%] 	 13,543/31,494 	 04:41:38
Match: Event 57429027, Lines 2
Match: Event 57429660, Lines 2
Match: Event 57430328, Lines 2
Match: Event 57430616, Lines 2
Match: Event 57430741, Lines 2
Match: Event 57430792, Lines 2
Match: Event 57432014, Lines 2
Match: Event 57432176, Lines 2
Match: Event 57432333, Lines 2
Match: Event 57432539, Lines 2
Match: Event 57433153, Lines 2
Match: Event 57433389, Lines 2
Match: Event 57433850, Lines 2
Match: Event 57434198, Lines 2
Match: Event 57435430, Lines 3
Match: Event 57435921, Lines 2
Match: Event 57435947, Lines 2
Match: Event 57436792, Lines 2
Match: Event 57437292, Lines 2
Match: Event 57437658, Lines 2
[44%] 	 13,858/31,494 	 04:48:26
Match: Event 57437953, Lines 2
Match: Event 57438086, Lines 2
Match: Event 57438312, Lines 2
Match: Event 57438615, Lines 2
Match: Event 57438660, Lines 2
Match: Event 57439551, Lines 3
Match: Event 57439945, Lines 2
Match: Event 57441108, Lines 3
Match: Event 57441438, Lines 2
Match: Event 57442231, Lines 2
Match: Event 57442303, Lines 2
Match: Event 57442496, Lines 2
Match: Event 57443564, Lines 2
Match: Event 57444329, Lines 2
Match: Event 57445300, Lines 2
Match: Event 57446464, Lines 2
Match: Event 57447521, Lines 2
Match: Event 57447653, Lines 2
Match: Event 57447825, Lines 2
Match: Event 57448799, Lines 2
Match: Event 57449122, Lines 2
[45%] 	 14,173/31,494 	 04:55:29
Match: Event 57449748, Lines 2
Match: Event 57450293, Lines 2
Match: Event 57452394, Lines 2
Match: Event 57453621, Lines 2
Match: Event 57454432, Lines 2
Match: Event 57454589, Lines 2
Match: Event 57455474, Lines 2
Match: Event 57455595, Lines 3
Match: Event 57455894, Lines 2
Match: Event 57456116, Lines 2
Match: Event 57457625, Lines 2
Match: Event 57457743, Lines 2
[46%] 	 14,488/31,494 	 05:02:36
Match: Event 57459775, Lines 2
Match: Event 57460035, Lines 2
Match: Event 57460679, Lines 2
Match: Event 57461193, Lines 2
Match: Event 57461360, Lines 2
Match: Event 57461552, Lines 2
Match: Event 57462052, Lines 2
Match: Event 57462253, Lines 2
Match: Event 57463952, Lines 2
Match: Event 57465175, Lines 2
Match: Event 57465575, Lines 2
Match: Event 57465596, Lines 2
Match: Event 57466463, Lines 2
Match: Event 57467174, Lines 2
Match: Event 57468682, Lines 2
[47%] 	 14,803/31,494 	 05:09:59
Match: Event 57470943, Lines 3
Match: Event 57471764, Lines 2
Match: Event 57473078, Lines 2
Match: Event 57473292, Lines 2
Match: Event 57473698, Lines 2
Match: Event 57473734, Lines 2
Match: Event 57474028, Lines 2
Match: Event 57474086, Lines 2
Match: Event 57474156, Lines 2
Match: Event 57476058, Lines 2
Match: Event 57476258, Lines 2
Match: Event 57476823, Lines 2
Match: Event 57477080, Lines 2
Match: Event 57477806, Lines 2
[48%] 	 15,118/31,494 	 05:17:22
Match: Event 57479391, Lines 2
Match: Event 57479616, Lines 2
Match: Event 57479820, Lines 2
Match: Event 57479917, Lines 2
Match: Event 57483174, Lines 2
Match: Event 57484129, Lines 3
Match: Event 57485689, Lines 2
Match: Event 57487375, Lines 2
Match: Event 57487566, Lines 2
Match: Event 57488204, Lines 2
[49%] 	 15,433/31,494 	 05:24:30
Match: Event 57489871, Lines 2
Match: Event 57490329, Lines 2
Match: Event 57490384, Lines 2
Match: Event 57490514, Lines 2
Match: Event 57491118, Lines 2
Match: Event 57491205, Lines 2
Match: Event 57491390, Lines 2
Match: Event 57491719, Lines 2
Match: Event 57494697, Lines 2
Match: Event 57497959, Lines 2
Match: Event 57498832, Lines 2
Match: Event 57499118, Lines 2
[50%] 	 15,747/31,494 	 05:31:46
Match: Event 57499432, Lines 2
Match: Event 57499723, Lines 2
Match: Event 57500801, Lines 2
Match: Event 57501091, Lines 2
Match: Event 57501180, Lines 2
Match: Event 57501445, Lines 2
Match: Event 57502202, Lines 2
Match: Event 57503915, Lines 2
Match: Event 57505038, Lines 2
Match: Event 57505040, Lines 2
Match: Event 57505193, Lines 2
Match: Event 57507736, Lines 2
Match: Event 57508394, Lines 2
Match: Event 57509290, Lines 3
[51%] 	 16,062/31,494 	 05:39:22
Match: Event 57509467, Lines 2
Match: Event 57509616, Lines 2
Match: Event 57510886, Lines 2
Match: Event 57511432, Lines 2
Match: Event 57511827, Lines 2
Match: Event 57512753, Lines 2
Match: Event 57513803, Lines 2
Match: Event 57514674, Lines 2
Match: Event 57515250, Lines 2
Match: Event 57515472, Lines 2
Match: Event 57515569, Lines 2
Match: Event 57517550, Lines 2
Match: Event 57518505, Lines 2
[52%] 	 16,377/31,494 	 05:46:16
Match: Event 57519476, Lines 2
Match: Event 57520169, Lines 2
Match: Event 57520686, Lines 2
Match: Event 57522708, Lines 3
Match: Event 57524058, Lines 2
Match: Event 57524689, Lines 2
Match: Event 57524898, Lines 2
Match: Event 57525658, Lines 2
Match: Event 57527149, Lines 2
Match: Event 57528381, Lines 3
Match: Event 57528663, Lines 2
Match: Event 57529429, Lines 2
[53%] 	 16,692/31,494 	 05:53:08
Match: Event 57529890, Lines 2
Match: Event 57530479, Lines 2
Match: Event 57530988, Lines 2
Match: Event 57531333, Lines 2
Match: Event 57532094, Lines 2
Match: Event 57532569, Lines 2
Match: Event 57532907, Lines 2
Match: Event 57533560, Lines 2
Match: Event 57533794, Lines 2
Match: Event 57533980, Lines 2
Match: Event 57534410, Lines 2
Match: Event 57534516, Lines 2
Match: Event 57536240, Lines 2
Match: Event 57536281, Lines 3
Match: Event 57536378, Lines 2
Match: Event 57537723, Lines 2
Match: Event 57538020, Lines 2
Match: Event 57538577, Lines 2
Match: Event 57539284, Lines 2
Match: Event 57539701, Lines 2
Match: Event 57539893, Lines 2
[54%] 	 17,007/31,494 	 06:00:01
Match: Event 57540966, Lines 2
Match: Event 57540995, Lines 3
Match: Event 57541927, Lines 2
Match: Event 57542114, Lines 2
Match: Event 57542949, Lines 2
Match: Event 57543066, Lines 2
Match: Event 57544883, Lines 2
Match: Event 57546705, Lines 2
Match: Event 57547787, Lines 2
Match: Event 57548390, Lines 2
Match: Event 57548442, Lines 2
Match: Event 57548825, Lines 2
Match: Event 57549343, Lines 2
Match: Event 57550675, Lines 2
[55%] 	 17,322/31,494 	 06:07:11
Match: Event 57552572, Lines 2
Match: Event 57555164, Lines 2
Match: Event 57555733, Lines 2
Match: Event 57556129, Lines 2
Match: Event 57556163, Lines 2
Match: Event 57556684, Lines 2
Match: Event 57557584, Lines 2
Match: Event 57559337, Lines 2
Match: Event 57559820, Lines 2
[56%] 	 17,637/31,494 	 06:14:41
Match: Event 57562925, Lines 2
Match: Event 57563046, Lines 2
Match: Event 57565849, Lines 2
Match: Event 57567607, Lines 2
Match: Event 57569024, Lines 2
Match: Event 57569710, Lines 2
Match: Event 57570200, Lines 2
Match: Event 57570839, Lines 2
Match: Event 57571395, Lines 2
Match: Event 57572297, Lines 2
[57%] 	 17,952/31,494 	 06:21:51
Match: Event 57573310, Lines 2
Match: Event 57574262, Lines 2
Match: Event 57574764, Lines 2
Match: Event 57575287, Lines 2
Match: Event 57575467, Lines 2
Match: Event 57575756, Lines 2
Match: Event 57576038, Lines 2
Match: Event 57576483, Lines 2
Match: Event 57577393, Lines 2
Match: Event 57579695, Lines 2
Match: Event 57579696, Lines 2
Match: Event 57580889, Lines 2
Match: Event 57580940, Lines 2
[58%] 	 18,267/31,494 	 06:29:14
Match: Event 57584384, Lines 2
Match: Event 57585285, Lines 2
Match: Event 57585697, Lines 3
Match: Event 57586967, Lines 2
Match: Event 57588195, Lines 2
Match: Event 57588211, Lines 2
Match: Event 57588314, Lines 2
Match: Event 57588749, Lines 2
Match: Event 57589358, Lines 2
Match: Event 57589474, Lines 2
Match: Event 57589845, Lines 2
Match: Event 57589976, Lines 2
Match: Event 57590286, Lines 2
Match: Event 57590886, Lines 2
Match: Event 57591503, Lines 2
[59%] 	 18,582/31,494 	 06:37:03
Match: Event 57592568, Lines 2
Match: Event 57592637, Lines 2
Match: Event 57592680, Lines 2
Match: Event 57593211, Lines 2
Match: Event 57593429, Lines 2
Match: Event 57593684, Lines 2
Match: Event 57595785, Lines 2
Match: Event 57595985, Lines 2
Match: Event 57596479, Lines 2
Match: Event 57596494, Lines 2
Match: Event 57596552, Lines 2
Match: Event 57597451, Lines 2
Match: Event 57598441, Lines 2
Match: Event 57598988, Lines 2
Match: Event 57599522, Lines 2
Match: Event 57600018, Lines 2
Match: Event 57601701, Lines 2
Match: Event 57602213, Lines 2
[60%] 	 18,897/31,494 	 06:44:49
Match: Event 57602808, Lines 3
Match: Event 57602940, Lines 3
Match: Event 57606046, Lines 2
Match: Event 57606262, Lines 2
Match: Event 57606682, Lines 2
Match: Event 57607815, Lines 2
Match: Event 57607959, Lines 3
Match: Event 57608322, Lines 2
Match: Event 57608584, Lines 2
Match: Event 57608715, Lines 2
Match: Event 57609075, Lines 2
Match: Event 57609602, Lines 2
Match: Event 57609789, Lines 2
Match: Event 57610704, Lines 2
Match: Event 57611165, Lines 2
[61%] 	 19,212/31,494 	 06:52:15
Match: Event 57612435, Lines 2
Match: Event 57612491, Lines 3
Match: Event 57612920, Lines 2
Match: Event 57613323, Lines 2
Match: Event 57614792, Lines 2
Match: Event 57615069, Lines 2
Match: Event 57615592, Lines 2
Match: Event 57615791, Lines 3
Match: Event 57616053, Lines 3
Match: Event 57616636, Lines 2
Match: Event 57617522, Lines 2
Match: Event 57618022, Lines 2
Match: Event 57618557, Lines 2
Match: Event 57618828, Lines 2
Match: Event 57619398, Lines 2
Match: Event 57619805, Lines 2
Match: Event 57621060, Lines 2
Match: Event 57621149, Lines 3
Match: Event 57621360, Lines 2
Match: Event 57621393, Lines 2
Match: Event 57621613, Lines 3
[62%] 	 19,527/31,494 	 06:59:37
Match: Event 57622058, Lines 2
Match: Event 57622758, Lines 2
Match: Event 57623686, Lines 2
Match: Event 57623774, Lines 2
Match: Event 57624361, Lines 2
Match: Event 57624388, Lines 2
Match: Event 57624392, Lines 2
Match: Event 57625659, Lines 2
Match: Event 57625670, Lines 2
Match: Event 57626158, Lines 2
Match: Event 57626677, Lines 2
Match: Event 57626781, Lines 3
Match: Event 57626924, Lines 2
Match: Event 57628520, Lines 2
Match: Event 57629289, Lines 2
Match: Event 57629648, Lines 2
Match: Event 57630520, Lines 2
Match: Event 57630781, Lines 2
[63%] 	 19,842/31,494 	 07:06:43
Match: Event 57631908, Lines 2
Match: Event 57631990, Lines 3
Match: Event 57632366, Lines 3
Match: Event 57632526, Lines 2
Match: Event 57632765, Lines 2
Match: Event 57633764, Lines 2
Match: Event 57634775, Lines 2
Match: Event 57634916, Lines 2
Match: Event 57635431, Lines 2
Match: Event 57635809, Lines 2
Match: Event 57636103, Lines 2
Match: Event 57636964, Lines 2
Match: Event 57637431, Lines 2
Match: Event 57638047, Lines 2
Match: Event 57638804, Lines 2
Match: Event 57639431, Lines 2
Match: Event 57640522, Lines 2
[64%] 	 20,157/31,494 	 07:14:00
Match: Event 57642048, Lines 2
Match: Event 57642108, Lines 2
Match: Event 57642717, Lines 2
Match: Event 57642842, Lines 2
Match: Event 57643459, Lines 2
Match: Event 57643641, Lines 2
Match: Event 57644392, Lines 2
Match: Event 57644547, Lines 2
Match: Event 57644643, Lines 2
Match: Event 57644897, Lines 2
Match: Event 57646862, Lines 2
Match: Event 57649343, Lines 2
Match: Event 57649615, Lines 2
Match: Event 57649876, Lines 2
Match: Event 57649977, Lines 2
Match: Event 57650805, Lines 3
[65%] 	 20,472/31,494 	 07:21:16
Match: Event 57650963, Lines 2
Match: Event 57651526, Lines 2
Match: Event 57654078, Lines 2
Match: Event 57655507, Lines 2
Match: Event 57656159, Lines 2
Match: Event 57658014, Lines 2
Match: Event 57658040, Lines 2
Match: Event 57658546, Lines 2
Match: Event 57660449, Lines 2
Match: Event 57660843, Lines 2
Match: Event 57661259, Lines 2
[66%] 	 20,787/31,494 	 07:28:03
Match: Event 57663162, Lines 2
Match: Event 57663200, Lines 2
Match: Event 57663470, Lines 2
Match: Event 57664003, Lines 2
Match: Event 57665166, Lines 2
Match: Event 57666100, Lines 2
Match: Event 57666635, Lines 2
Match: Event 57666801, Lines 2
Match: Event 57667735, Lines 2
Match: Event 57667908, Lines 2
Match: Event 57668286, Lines 2
Match: Event 57668394, Lines 2
Match: Event 57670846, Lines 2
[67%] 	 21,101/31,494 	 07:35:06
Match: Event 57671783, Lines 2
Match: Event 57671949, Lines 2
Match: Event 57672395, Lines 2
Match: Event 57672579, Lines 2
Match: Event 57672800, Lines 2
Match: Event 57673039, Lines 2
Match: Event 57673248, Lines 2
Match: Event 57673533, Lines 2
Match: Event 57675921, Lines 2
Match: Event 57677294, Lines 2
Match: Event 57677595, Lines 2
Match: Event 57677998, Lines 2
Match: Event 57678528, Lines 2
Match: Event 57678620, Lines 2
Match: Event 57678679, Lines 2
Match: Event 57679618, Lines 2
Match: Event 57679635, Lines 2
[68%] 	 21,416/31,494 	 07:42:33
Match: Event 57680803, Lines 2
Match: Event 57682096, Lines 2
Match: Event 57682993, Lines 2
Match: Event 57683942, Lines 2
Match: Event 57684546, Lines 2
Match: Event 57685590, Lines 2
Match: Event 57686625, Lines 2
Match: Event 57686986, Lines 2
Match: Event 57687607, Lines 2
Match: Event 57687635, Lines 2
Match: Event 57688079, Lines 2
Match: Event 57689133, Lines 2
Match: Event 57689323, Lines 2
Match: Event 57689746, Lines 2
Match: Event 57689854, Lines 2
Match: Event 57690620, Lines 2
Match: Event 57690932, Lines 3
[69%] 	 21,731/31,494 	 07:49:58
Match: Event 57691776, Lines 2
Match: Event 57693465, Lines 2
Match: Event 57693962, Lines 2
Match: Event 57694358, Lines 2
Match: Event 57694960, Lines 2
Match: Event 57695105, Lines 2
Match: Event 57695417, Lines 2
Match: Event 57695890, Lines 3
Match: Event 57696124, Lines 2
Match: Event 57696514, Lines 2
Match: Event 57697923, Lines 2
Match: Event 57700157, Lines 2
Match: Event 57700483, Lines 2
Match: Event 57700912, Lines 2
[70%] 	 22,046/31,494 	 07:56:54
Match: Event 57701315, Lines 2
Match: Event 57702779, Lines 2
Match: Event 57702826, Lines 2
Match: Event 57702912, Lines 2
Match: Event 57703022, Lines 2
Match: Event 57703522, Lines 2
Match: Event 57703647, Lines 2
Match: Event 57703934, Lines 2
Match: Event 57704382, Lines 2
Match: Event 57705439, Lines 2
Match: Event 57706201, Lines 2
Match: Event 57707402, Lines 2
Match: Event 57707679, Lines 2
Match: Event 57708108, Lines 2
Match: Event 57709796, Lines 2
Match: Event 57710523, Lines 2
Match: Event 57710993, Lines 2
[71%] 	 22,361/31,494 	 08:03:58
Match: Event 57712098, Lines 2
Match: Event 57712230, Lines 2
Match: Event 57712717, Lines 2
Match: Event 57712915, Lines 2
Match: Event 57713282, Lines 2
Match: Event 57714019, Lines 2
Match: Event 57714194, Lines 2
Match: Event 57714896, Lines 2
Match: Event 57715150, Lines 2
Match: Event 57715992, Lines 2
Match: Event 57718492, Lines 2
Match: Event 57718829, Lines 2
Match: Event 57720171, Lines 2
Match: Event 57720453, Lines 2
Match: Event 57721364, Lines 2
Match: Event 57721789, Lines 2
Match: Event 57722068, Lines 2
[72%] 	 22,676/31,494 	 08:11:09
Match: Event 57723962, Lines 2
Match: Event 57724252, Lines 2
Match: Event 57724261, Lines 2
Match: Event 57724622, Lines 2
Match: Event 57724856, Lines 2
Match: Event 57725348, Lines 2
Match: Event 57726667, Lines 2
Match: Event 57727942, Lines 2
Match: Event 57727969, Lines 2
Match: Event 57727978, Lines 2
Match: Event 57729087, Lines 2
Match: Event 57729203, Lines 3
Match: Event 57729360, Lines 2
Match: Event 57729425, Lines 2
Match: Event 57729857, Lines 2
Match: Event 57729986, Lines 2
Match: Event 57730051, Lines 2
Match: Event 57730438, Lines 2
Match: Event 57730670, Lines 2
Match: Event 57730917, Lines 2
Match: Event 57731599, Lines 2
[73%] 	 22,991/31,494 	 08:18:24
Match: Event 57732374, Lines 2
Match: Event 57732643, Lines 2
Match: Event 57733898, Lines 2
Match: Event 57734169, Lines 2
Match: Event 57734598, Lines 2
Match: Event 57734811, Lines 2
Match: Event 57735869, Lines 2
Match: Event 57736230, Lines 3
Match: Event 57736374, Lines 2
Match: Event 57736920, Lines 2
Match: Event 57737063, Lines 2
Match: Event 57739044, Lines 2
Match: Event 57739249, Lines 2
Match: Event 57739533, Lines 2
Match: Event 57740748, Lines 2
[74%] 	 23,306/31,494 	 08:25:29
Match: Event 57742428, Lines 2
Match: Event 57744874, Lines 2
Match: Event 57745789, Lines 2
Match: Event 57746071, Lines 2
Match: Event 57746490, Lines 2
Match: Event 57746649, Lines 2
Match: Event 57747663, Lines 2
Match: Event 57748531, Lines 2
Match: Event 57748985, Lines 2
Match: Event 57749061, Lines 3
Match: Event 57749142, Lines 2
Match: Event 57749254, Lines 2
Match: Event 57749635, Lines 2
Match: Event 57750328, Lines 2
[75%] 	 23,621/31,494 	 08:32:37
Match: Event 57753132, Lines 2
Match: Event 57753217, Lines 2
Match: Event 57754570, Lines 2
Match: Event 57755718, Lines 3
Match: Event 57756182, Lines 2
Match: Event 57756849, Lines 2
Match: Event 57757052, Lines 2
Match: Event 57757409, Lines 2
Match: Event 57758796, Lines 2
Match: Event 57759319, Lines 2
Match: Event 57759394, Lines 2
Match: Event 57761271, Lines 2
[76%] 	 23,936/31,494 	 08:39:55
Match: Event 57761445, Lines 2
Match: Event 57761523, Lines 2
Match: Event 57763593, Lines 2
Match: Event 57764444, Lines 2
Match: Event 57764828, Lines 2
Match: Event 57764846, Lines 2
Match: Event 57768898, Lines 2
Match: Event 57768917, Lines 2
Match: Event 57769294, Lines 2
Match: Event 57769997, Lines 2
Match: Event 57770257, Lines 2
Match: Event 57771793, Lines 2
[77%] 	 24,251/31,494 	 08:46:51
Match: Event 57774549, Lines 2
Match: Event 57775033, Lines 2
Match: Event 57775252, Lines 2
Match: Event 57775806, Lines 2
Match: Event 57775930, Lines 2
Match: Event 57776138, Lines 2
Match: Event 57776389, Lines 2
Match: Event 57777051, Lines 2
Match: Event 57778225, Lines 2
Match: Event 57779672, Lines 2
Match: Event 57781189, Lines 2
[78%] 	 24,566/31,494 	 08:53:31
Match: Event 57782838, Lines 2
Match: Event 57783179, Lines 2
Match: Event 57783270, Lines 2
Match: Event 57783327, Lines 2
Match: Event 57783855, Lines 3
Match: Event 57784308, Lines 2
Match: Event 57784451, Lines 2
Match: Event 57785046, Lines 2
Match: Event 57785950, Lines 3
Match: Event 57785960, Lines 2
Match: Event 57787111, Lines 2
Match: Event 57787818, Lines 2
Match: Event 57787928, Lines 2
Match: Event 57788998, Lines 2
Match: Event 57792800, Lines 2
[79%] 	 24,881/31,494 	 09:00:06
Match: Event 57797067, Lines 2
Match: Event 57797409, Lines 2
Match: Event 57798766, Lines 2
Match: Event 57799043, Lines 2
Match: Event 57799446, Lines 2
Match: Event 57800015, Lines 2
Match: Event 57800715, Lines 2
Match: Event 57802451, Lines 2
[80%] 	 25,196/31,494 	 09:06:41
Match: Event 57802861, Lines 2
Match: Event 57803512, Lines 2
Match: Event 57804251, Lines 2
Match: Event 57805289, Lines 2
Match: Event 57805725, Lines 2
Match: Event 57805851, Lines 3
Match: Event 57807187, Lines 2
Match: Event 57807279, Lines 2
Match: Event 57807577, Lines 2
Match: Event 57807747, Lines 2
Match: Event 57809118, Lines 2
Match: Event 57810559, Lines 2
Match: Event 57810596, Lines 2
Match: Event 57810665, Lines 2
Match: Event 57811053, Lines 2
Match: Event 57811299, Lines 2
Match: Event 57811768, Lines 2
Match: Event 57812012, Lines 2
[81%] 	 25,511/31,494 	 09:13:35
Match: Event 57813919, Lines 2
Match: Event 57815495, Lines 2
Match: Event 57818319, Lines 2
Match: Event 57818667, Lines 2
Match: Event 57818758, Lines 2
Match: Event 57819369, Lines 2
Match: Event 57820557, Lines 2
Match: Event 57820964, Lines 2
Match: Event 57821635, Lines 3
[82%] 	 25,826/31,494 	 09:20:14
Match: Event 57823032, Lines 2
Match: Event 57824201, Lines 2
Match: Event 57824657, Lines 2
Match: Event 57825149, Lines 2
Match: Event 57825557, Lines 2
Match: Event 57826912, Lines 2
Match: Event 57827690, Lines 2
Match: Event 57827925, Lines 2
Match: Event 57829392, Lines 2
Match: Event 57829651, Lines 2
Match: Event 57830168, Lines 2
Match: Event 57830488, Lines 2
[83%] 	 26,141/31,494 	 09:27:06
Match: Event 57831362, Lines 2
Match: Event 57831847, Lines 2
Match: Event 57832095, Lines 2
Match: Event 57832536, Lines 3
Match: Event 57834888, Lines 3
Match: Event 57835280, Lines 2
Match: Event 57835514, Lines 2
Match: Event 57835910, Lines 2
Match: Event 57835998, Lines 2
Match: Event 57836885, Lines 2
Match: Event 57837699, Lines 2
Match: Event 57838240, Lines 2
Match: Event 57838393, Lines 2
Match: Event 57839256, Lines 2
Match: Event 57839566, Lines 2
Match: Event 57840561, Lines 2
[84%] 	 26,455/31,494 	 09:33:54
Match: Event 57841706, Lines 2
Match: Event 57845274, Lines 2
Match: Event 57845641, Lines 2
Match: Event 57846093, Lines 2
Match: Event 57846117, Lines 2
Match: Event 57846769, Lines 3
Match: Event 57848764, Lines 2
Match: Event 57848771, Lines 2
Match: Event 57849023, Lines 2
Match: Event 57849415, Lines 2
Match: Event 57849788, Lines 2
Match: Event 57849901, Lines 2
[85%] 	 26,770/31,494 	 09:40:23
Match: Event 57851073, Lines 2
Match: Event 57852821, Lines 2
Match: Event 57853110, Lines 2
Match: Event 57853861, Lines 2
Match: Event 57854839, Lines 2
Match: Event 57855689, Lines 3
Match: Event 57856082, Lines 2
Match: Event 57856815, Lines 2
Match: Event 57857826, Lines 2
Match: Event 57858740, Lines 2
Match: Event 57858777, Lines 3
Match: Event 57859374, Lines 2
Match: Event 57859563, Lines 2
Match: Event 57860357, Lines 3
Match: Event 57860862, Lines 2
[86%] 	 27,085/31,494 	 09:47:26
Match: Event 57861079, Lines 2
Match: Event 57861317, Lines 2
Match: Event 57861578, Lines 2
Match: Event 57862368, Lines 2
Match: Event 57862896, Lines 2
Match: Event 57863861, Lines 2
Match: Event 57865805, Lines 2
Match: Event 57866868, Lines 2
Match: Event 57867253, Lines 2
Match: Event 57867315, Lines 2
Match: Event 57868038, Lines 2
[87%] 	 27,400/31,494 	 09:54:18
Match: Event 57870136, Lines 2
Match: Event 57870281, Lines 2
Match: Event 57873025, Lines 2
Match: Event 57874097, Lines 2
Match: Event 57874125, Lines 2
Match: Event 57875463, Lines 2
Match: Event 57875893, Lines 2
Match: Event 57876454, Lines 2
Match: Event 57877134, Lines 3
Match: Event 57877606, Lines 2
Match: Event 57877703, Lines 2
Match: Event 57877742, Lines 3
Match: Event 57877814, Lines 2
Match: Event 57878131, Lines 2
Match: Event 57878442, Lines 2
Match: Event 57878963, Lines 3
[88%] 	 27,715/31,494 	 10:00:34
Match: Event 57880906, Lines 2
Match: Event 57882511, Lines 2
Match: Event 57882726, Lines 2
Match: Event 57883380, Lines 2
Match: Event 57883661, Lines 2
Match: Event 57885192, Lines 2
Match: Event 57885469, Lines 2
Match: Event 57886021, Lines 2
Match: Event 57887595, Lines 2
Match: Event 57887742, Lines 2
Match: Event 57889207, Lines 2
[89%] 	 28,030/31,494 	 10:06:46
Match: Event 57890472, Lines 2
Match: Event 57890538, Lines 2
Match: Event 57891694, Lines 2
Match: Event 57892803, Lines 2
Match: Event 57893247, Lines 2
Match: Event 57894090, Lines 2
Match: Event 57895672, Lines 2
Match: Event 57898681, Lines 2
Match: Event 57900050, Lines 3
Match: Event 57900106, Lines 2
[90%] 	 28,345/31,494 	 10:13:26
Match: Event 57902303, Lines 2
Match: Event 57903204, Lines 2
Match: Event 57903817, Lines 2
Match: Event 57903945, Lines 2
Match: Event 57904129, Lines 2
Match: Event 57904407, Lines 2
Match: Event 57906044, Lines 2
Match: Event 57906213, Lines 2
Match: Event 57906461, Lines 2
Match: Event 57906643, Lines 2
Match: Event 57908858, Lines 3
Match: Event 57908965, Lines 2
Match: Event 57909127, Lines 2
Match: Event 57909456, Lines 2
Match: Event 57909920, Lines 2
[91%] 	 28,660/31,494 	 10:20:01
Match: Event 57910572, Lines 2
Match: Event 57911804, Lines 2
Match: Event 57913059, Lines 2
Match: Event 57913128, Lines 2
Match: Event 57913691, Lines 2
Match: Event 57914984, Lines 2
Match: Event 57915008, Lines 2
Match: Event 57915070, Lines 2
Match: Event 57917204, Lines 2
Match: Event 57918072, Lines 2
Match: Event 57918259, Lines 2
Match: Event 57919641, Lines 3
Match: Event 57919739, Lines 2
Match: Event 57920267, Lines 2
[92%] 	 28,975/31,494 	 10:25:58
Match: Event 57921173, Lines 2
Match: Event 57922010, Lines 2
Match: Event 57922417, Lines 2
Match: Event 57922508, Lines 3
Match: Event 57922541, Lines 2
Match: Event 57922577, Lines 2
Match: Event 57922889, Lines 2
Match: Event 57924115, Lines 2
Match: Event 57924628, Lines 2
Match: Event 57924961, Lines 2
Match: Event 57925866, Lines 2
Match: Event 57926265, Lines 2
Match: Event 57926454, Lines 2
Match: Event 57926520, Lines 2
Match: Event 57926533, Lines 2
Match: Event 57926818, Lines 2
Match: Event 57927074, Lines 2
Match: Event 57927116, Lines 3
Match: Event 57927296, Lines 2
Match: Event 57927552, Lines 2
Match: Event 57928305, Lines 2
Match: Event 57928673, Lines 3
Match: Event 57928812, Lines 2
[93%] 	 29,290/31,494 	 10:32:11
Match: Event 57929906, Lines 2
Match: Event 57930400, Lines 2
Match: Event 57931490, Lines 3
Match: Event 57931552, Lines 2
Match: Event 57932505, Lines 2
Match: Event 57933430, Lines 2
Match: Event 57933547, Lines 2
Match: Event 57934408, Lines 3
Match: Event 57935885, Lines 2
Match: Event 57936960, Lines 2
Match: Event 57937868, Lines 2
Match: Event 57937898, Lines 2
Match: Event 57938219, Lines 2
Match: Event 57939241, Lines 2
[94%] 	 29,605/31,494 	 10:38:39
Match: Event 57939482, Lines 2
Match: Event 57939800, Lines 2
Match: Event 57939977, Lines 3
Match: Event 57940299, Lines 2
Match: Event 57941566, Lines 2
Match: Event 57942779, Lines 2
Match: Event 57942983, Lines 2
Match: Event 57943377, Lines 2
Match: Event 57943400, Lines 2
Match: Event 57944867, Lines 2
Match: Event 57945670, Lines 2
Match: Event 57947001, Lines 2
Match: Event 57947239, Lines 2
Match: Event 57948499, Lines 2
Match: Event 57948798, Lines 2
Match: Event 57948886, Lines 3
Match: Event 57949109, Lines 2
Match: Event 57949287, Lines 2
[95%] 	 29,920/31,494 	 10:45:45
Match: Event 57951500, Lines 2
Match: Event 57956320, Lines 3
Match: Event 57956874, Lines 2
Match: Event 57957097, Lines 2
Match: Event 57957834, Lines 2
Match: Event 57957959, Lines 3
Match: Event 57959561, Lines 2
Match: Event 57959919, Lines 3
Match: Event 57960013, Lines 2
[96%] 	 30,235/31,494 	 10:52:03
Match: Event 57960934, Lines 2
Match: Event 57961207, Lines 2
Match: Event 57961807, Lines 2
Match: Event 57963432, Lines 2
Match: Event 57963736, Lines 3
Match: Event 57964418, Lines 2
Match: Event 57964767, Lines 2
Match: Event 57965201, Lines 2
Match: Event 57965211, Lines 2
Match: Event 57965213, Lines 2
Match: Event 57965926, Lines 2
Match: Event 57968288, Lines 2
Match: Event 57968366, Lines 2
Match: Event 57968643, Lines 2
Match: Event 57969215, Lines 2
Match: Event 57969626, Lines 2
[97%] 	 30,550/31,494 	 10:58:38
Match: Event 57971354, Lines 3
Match: Event 57972647, Lines 2
Match: Event 57973838, Lines 2
Match: Event 57974377, Lines 2
Match: Event 57976387, Lines 2
Match: Event 57977803, Lines 2
Match: Event 57977845, Lines 2
Match: Event 57979393, Lines 2
Match: Event 57980221, Lines 2
Match: Event 57980713, Lines 2
[98%] 	 30,865/31,494 	 11:05:22
Match: Event 57982075, Lines 2
Match: Event 57982959, Lines 2
Match: Event 57983140, Lines 2
Match: Event 57983589, Lines 3
Match: Event 57984128, Lines 2
Match: Event 57984307, Lines 2
Match: Event 57984481, Lines 2
Match: Event 57984570, Lines 2
Match: Event 57984632, Lines 2
Match: Event 57985412, Lines 2
Match: Event 57985445, Lines 2
Match: Event 57985838, Lines 2
Match: Event 57985883, Lines 2
Match: Event 57986344, Lines 2
Match: Event 57986432, Lines 2
Match: Event 57986659, Lines 2
Match: Event 57987844, Lines 2
Match: Event 57988880, Lines 2
Match: Event 57989552, Lines 2
Match: Event 57989996, Lines 2
[99%] 	 31,180/31,494 	 11:12:17
Match: Event 57990790, Lines 2
Match: Event 57992012, Lines 2
Match: Event 57993681, Lines 2
Match: Event 57994348, Lines 2
Match: Event 57994475, Lines 2
Match: Event 57994931, Lines 2
Match: Event 57997036, Lines 2
Match: Event 57998090, Lines 2
Match: Event 57998106, Lines 2
Match: Event 57998494, Lines 2
Match: Event 57998716, Lines 2
Match: Event 57998927, Lines 2
Match: Event 57999824, Lines 2
Match: Event 57999930, Lines 2
Match: Event 57999964, Lines 2
Finished in 40733.58s.
 ~ 5) DONE !
