search libraries in slc9_x86-64
 ~ 1) Base stack loaded.
 ~ Sleeping for 59 seconds to avoid AFS DDOS...
 ~ 2) Loading sndsw environment...
 ~ 3) SNDSW_ROOT is set to: /afs/cern.ch/user/i/idioniso/snd_master/sw-root6.28/rhel9_x86-64/sndsw/master-local1
 ~ 4) Executing tracking script...
[INFO] The input consists out of the following trees and files: 
[INFO]  - rawConv
[INFO]     - root://eoshome-i.cern.ch//eos/user/i/idioniso/tridents/initial_cuts/tridents_sndsw_raw-0090.root
[INFO] FairRootFileSink initialized.
[INFO]  - cbmout
[INFO]     - dummy
[INFO] Parameter and input file are available, Assure that basic info is there for the run!
[INFO] ---FairRootManager::SpecifyRunId --- 
[INFO] --- Initialize with RunId  --- 0

************************************************************* 
     initialisation for run id 0
************************************************************* 
-I- FairRunTimeDB::InitContainer() FairBaseParSet
-I- FairRunTimeDB::InitContainer() FairGeoParSet

************************************************************* 
     initialisation for run id 0
************************************************************* 
-I- FairRunTimeDB::InitContainer() FairBaseParSet
-I- FairRunTimeDB::InitContainer() FairGeoParSet
[INFO]  Branch: Reco_MuonTracks not found in Tree.
using geofile: root://eospublic.cern.ch//eos/experiment/sndlhc/convertedData/physics/2023/geofile_sndlhc_TI18_V3_2023.root
[0%] 	 0/32,104 	 00:00:23
[1%] 	 322/32,104 	 00:06:48
[2%] 	 643/32,104 	 00:13:35
[3%] 	 964/32,104 	 00:20:19
[4%] 	 1,285/32,104 	 00:27:02
[5%] 	 1,606/32,104 	 00:34:07
Match: Event 90048267, Lines 2
[6%] 	 1,927/32,104 	 00:41:30
[7%] 	 2,248/32,104 	 00:48:50
[8%] 	 2,569/32,104 	 00:55:25
[9%] 	 2,890/32,104 	 01:02:14
[10%] 	 3,211/32,104 	 01:09:14
Match: Event 90104575, Lines 2
[11%] 	 3,532/32,104 	 01:16:35
[12%] 	 3,853/32,104 	 01:23:37
Match: Event 90118301, Lines 2
[13%] 	 4,174/32,104 	 01:30:05
[14%] 	 4,495/32,104 	 01:35:58
[15%] 	 4,816/32,104 	 01:41:47
Match: Event 90146848, Lines 2
[16%] 	 5,137/32,104 	 01:48:57
[17%] 	 5,458/32,104 	 01:55:41
[18%] 	 5,779/32,104 	 02:02:31
[19%] 	 6,100/32,104 	 02:08:51
Match: Event 90188696, Lines 2
Match: Event 90192439, Lines 2
[20%] 	 6,421/32,104 	 02:15:26
[21%] 	 6,742/32,104 	 02:22:22
Match: Event 90213075, Lines 2
[22%] 	 7,063/32,104 	 02:29:04
[23%] 	 7,384/32,104 	 02:35:40
[24%] 	 7,705/32,104 	 02:42:11
[25%] 	 8,026/32,104 	 02:48:36
[26%] 	 8,348/32,104 	 02:55:19
[27%] 	 8,669/32,104 	 03:02:00
[28%] 	 8,990/32,104 	 03:08:31
[29%] 	 9,311/32,104 	 03:15:30
[30%] 	 9,632/32,104 	 03:22:06
Match: Event 90296887, Lines 2
[31%] 	 9,953/32,104 	 03:29:05
[32%] 	 10,274/32,104 	 03:35:41
[33%] 	 10,595/32,104 	 03:42:15
[34%] 	 10,916/32,104 	 03:49:16
[35%] 	 11,237/32,104 	 03:55:40
Match: Event 90351359, Lines 2
Match: Event 90356960, Lines 2
[36%] 	 11,558/32,104 	 04:02:29
[37%] 	 11,879/32,104 	 04:08:57
[38%] 	 12,200/32,104 	 04:14:57
[39%] 	 12,521/32,104 	 04:21:08
[40%] 	 12,842/32,104 	 04:27:34
Match: Event 90405684, Lines 2
[41%] 	 13,163/32,104 	 04:34:17
[42%] 	 13,484/32,104 	 04:40:30
Match: Event 90423702, Lines 2
[43%] 	 13,805/32,104 	 04:47:13
Match: Event 90426312, Lines 2
[44%] 	 14,126/32,104 	 04:54:04
[45%] 	 14,447/32,104 	 05:00:50
[46%] 	 14,768/32,104 	 05:07:49
[47%] 	 15,089/32,104 	 05:14:01
Match: Event 90467055, Lines 2
Match: Event 90468375, Lines 2
[48%] 	 15,410/32,104 	 05:20:35
[49%] 	 15,731/32,104 	 05:27:15
Match: Event 90489318, Lines 2
[50%] 	 16,052/32,104 	 05:33:47
[51%] 	 16,374/32,104 	 05:39:43
Match: Event 90512370, Lines 2
[52%] 	 16,695/32,104 	 05:45:50
Match: Event 90519353, Lines 2
[53%] 	 17,016/32,104 	 05:52:09
Match: Event 90527420, Lines 2
[54%] 	 17,337/32,104 	 05:58:15
[55%] 	 17,658/32,104 	 06:04:17
[56%] 	 17,979/32,104 	 06:10:06
[57%] 	 18,300/32,104 	 06:15:39
[58%] 	 18,621/32,104 	 06:21:41
[59%] 	 18,942/32,104 	 06:27:03
[60%] 	 19,263/32,104 	 06:32:55
[61%] 	 19,584/32,104 	 06:38:53
[62%] 	 19,905/32,104 	 06:44:48
Match: Event 90622938, Lines 2
[63%] 	 20,226/32,104 	 06:50:32
[64%] 	 20,547/32,104 	 06:56:26
[65%] 	 20,868/32,104 	 07:01:41
[66%] 	 21,189/32,104 	 07:08:11
Match: Event 90663842, Lines 2
[67%] 	 21,510/32,104 	 07:14:29
[68%] 	 21,831/32,104 	 07:20:43
Match: Event 90677394, Lines 2
[69%] 	 22,152/32,104 	 07:26:38
[70%] 	 22,473/32,104 	 07:32:35
[71%] 	 22,794/32,104 	 07:38:31
Match: Event 90714933, Lines 2
[72%] 	 23,115/32,104 	 07:44:23
[73%] 	 23,436/32,104 	 07:50:05
Match: Event 90730326, Lines 2
[74%] 	 23,757/32,104 	 07:56:01
Match: Event 90745391, Lines 2
[75%] 	 24,078/32,104 	 08:01:44
[76%] 	 24,400/32,104 	 08:07:44
Match: Event 90757731, Lines 2
Match: Event 90757887, Lines 2
[77%] 	 24,721/32,104 	 08:13:57
[78%] 	 25,042/32,104 	 08:19:55
[79%] 	 25,363/32,104 	 08:25:48
[80%] 	 25,684/32,104 	 08:31:52
[81%] 	 26,005/32,104 	 08:37:49
[82%] 	 26,326/32,104 	 08:43:56
[83%] 	 26,647/32,104 	 08:50:12
Match: Event 90832917, Lines 2
[84%] 	 26,968/32,104 	 08:56:26
[85%] 	 27,289/32,104 	 09:02:08
[86%] 	 27,610/32,104 	 09:08:35
Match: Event 90866640, Lines 2
[87%] 	 27,931/32,104 	 09:15:23
Match: Event 90878564, Lines 2
[88%] 	 28,252/32,104 	 09:22:46
[89%] 	 28,573/32,104 	 09:28:53
[90%] 	 28,894/32,104 	 09:35:23
Match: Event 90906562, Lines 2
[91%] 	 29,215/32,104 	 09:43:15
Match: Event 90911278, Lines 2
Match: Event 90919028, Lines 2
[92%] 	 29,536/32,104 	 09:50:51
[93%] 	 29,857/32,104 	 09:57:12
[94%] 	 30,178/32,104 	 10:03:35
[95%] 	 30,499/32,104 	 10:10:31
[96%] 	 30,820/32,104 	 10:17:08
[97%] 	 31,141/32,104 	 10:23:15
[98%] 	 31,462/32,104 	 10:29:37
[99%] 	 31,783/32,104 	 10:35:54
Match: Event 90998208, Lines 2
Finished in 38534.76s.
 ~ 5) DONE !
