search libraries in slc9_x86-64
 ~ 1) Base stack loaded.
 ~ Sleeping for 33 seconds to avoid AFS DDOS...
 ~ 2) Loading sndsw environment...
 ~ 3) SNDSW_ROOT is set to: /afs/cern.ch/user/i/idioniso/snd_master/sw-root6.28/rhel9_x86-64/sndsw/master-local1
 ~ 4) Executing tracking script...
[INFO] The input consists out of the following trees and files: 
[INFO]  - rawConv
[INFO]     - root://eoshome-i.cern.ch//eos/user/i/idioniso/tridents/initial_cuts/tridents_sndsw_raw-0073.root
[INFO] FairRootFileSink initialized.
[INFO]  - cbmout
[INFO]     - dummy
[INFO] Parameter and input file are available, Assure that basic info is there for the run!
[INFO] ---FairRootManager::SpecifyRunId --- 
[INFO] --- Initialize with RunId  --- 0

************************************************************* 
     initialisation for run id 0
************************************************************* 
-I- FairRunTimeDB::InitContainer() FairBaseParSet
-I- FairRunTimeDB::InitContainer() FairGeoParSet

************************************************************* 
     initialisation for run id 0
************************************************************* 
-I- FairRunTimeDB::InitContainer() FairBaseParSet
-I- FairRunTimeDB::InitContainer() FairGeoParSet
[INFO]  Branch: Reco_MuonTracks not found in Tree.
using geofile: root://eospublic.cern.ch//eos/experiment/sndlhc/convertedData/physics/2023/geofile_sndlhc_TI18_V3_2023.root
[0%] 	 0/31,843 	 00:00:06
Match: Event 73003172, Lines 2
Match: Event 73008965, Lines 2
[1%] 	 319/31,843 	 00:03:13
[2%] 	 637/31,843 	 00:06:17
Match: Event 73028779, Lines 2
[3%] 	 956/31,843 	 00:09:27
[4%] 	 1,274/31,843 	 00:12:39
[5%] 	 1,593/31,843 	 00:15:42
[6%] 	 1,911/31,843 	 00:18:46
Match: Event 73060748, Lines 2
[7%] 	 2,230/31,843 	 00:21:55
[8%] 	 2,548/31,843 	 00:25:02
Match: Event 73085220, Lines 2
[9%] 	 2,866/31,843 	 00:28:07
Match: Event 73098270, Lines 2
[10%] 	 3,185/31,843 	 00:31:10
Match: Event 73102094, Lines 2
[11%] 	 3,503/31,843 	 00:34:12
Match: Event 73113241, Lines 2
[12%] 	 3,822/31,843 	 00:37:16
[13%] 	 4,140/31,843 	 00:40:17
Match: Event 73136752, Lines 2
Match: Event 73137495, Lines 2
[14%] 	 4,459/31,843 	 00:43:18
Match: Event 73143463, Lines 2
[15%] 	 4,777/31,843 	 00:46:24
[16%] 	 5,095/31,843 	 00:49:31
Match: Event 73163958, Lines 2
Match: Event 73168889, Lines 2
[17%] 	 5,414/31,843 	 00:52:36
[18%] 	 5,732/31,843 	 00:55:52
Match: Event 73190059, Lines 2
[19%] 	 6,051/31,843 	 00:59:05
[20%] 	 6,369/31,843 	 01:02:15
Match: Event 73202622, Lines 2
[21%] 	 6,688/31,843 	 01:05:31
[22%] 	 7,006/31,843 	 01:08:50
[23%] 	 7,324/31,843 	 01:13:08
[24%] 	 7,643/31,843 	 01:17:04
[25%] 	 7,961/31,843 	 01:21:45
[26%] 	 8,280/31,843 	 01:26:25
[27%] 	 8,598/31,843 	 01:31:39
Match: Event 73277924, Lines 2
[28%] 	 8,917/31,843 	 01:36:15
Match: Event 73280859, Lines 2
[29%] 	 9,235/31,843 	 01:41:20
Match: Event 73291625, Lines 2
[30%] 	 9,553/31,843 	 01:45:21
[31%] 	 9,872/31,843 	 01:50:16
[32%] 	 10,190/31,843 	 01:54:57
Match: Event 73326024, Lines 2
[33%] 	 10,509/31,843 	 02:01:06
Match: Event 73334078, Lines 2
[34%] 	 10,827/31,843 	 02:06:39
[35%] 	 11,146/31,843 	 02:11:09
[36%] 	 11,464/31,843 	 02:14:39
Match: Event 73359969, Lines 2
Match: Event 73361604, Lines 2
[37%] 	 11,782/31,843 	 02:18:25
Match: Event 73374921, Lines 2
[38%] 	 12,101/31,843 	 02:22:05
Match: Event 73386918, Lines 2
[39%] 	 12,419/31,843 	 02:26:21
[40%] 	 12,738/31,843 	 02:31:04
[41%] 	 13,056/31,843 	 02:35:25
Match: Event 73408923, Lines 2
[42%] 	 13,375/31,843 	 02:39:12
Match: Event 73419955, Lines 2
Match: Event 73425236, Lines 2
Match: Event 73426832, Lines 2
[43%] 	 13,693/31,843 	 02:43:19
Match: Event 73434515, Lines 2
[44%] 	 14,011/31,843 	 02:47:32
Match: Event 73446234, Lines 2
Match: Event 73449453, Lines 2
[45%] 	 14,330/31,843 	 02:51:51
[46%] 	 14,648/31,843 	 02:56:51
[47%] 	 14,967/31,843 	 03:01:17
[48%] 	 15,285/31,843 	 03:05:55
[49%] 	 15,604/31,843 	 03:09:31
[50%] 	 15,922/31,843 	 03:13:30
Match: Event 73504952, Lines 2
[51%] 	 16,240/31,843 	 03:18:37
Match: Event 73512258, Lines 2
Match: Event 73516898, Lines 2
Match: Event 73518521, Lines 2
[52%] 	 16,559/31,843 	 03:23:00
[53%] 	 16,877/31,843 	 03:27:52
Match: Event 73539864, Lines 2
[54%] 	 17,196/31,843 	 03:32:49
[55%] 	 17,514/31,843 	 03:38:46
[56%] 	 17,833/31,843 	 03:44:47
[57%] 	 18,151/31,843 	 03:50:19
[58%] 	 18,469/31,843 	 03:54:49
Match: Event 73585058, Lines 2
[59%] 	 18,788/31,843 	 03:59:29
[60%] 	 19,106/31,843 	 04:04:37
[61%] 	 19,425/31,843 	 04:09:15
[62%] 	 19,743/31,843 	 04:13:07
[63%] 	 20,062/31,843 	 04:17:05
Match: Event 73637231, Lines 2
[64%] 	 20,380/31,843 	 04:21:21
Match: Event 73650522, Lines 2
[65%] 	 20,698/31,843 	 04:24:58
[66%] 	 21,017/31,843 	 04:28:52
[67%] 	 21,335/31,843 	 04:33:14
Match: Event 73675145, Lines 2
[68%] 	 21,654/31,843 	 04:38:00
Match: Event 73685483, Lines 2
[69%] 	 21,972/31,843 	 04:43:25
[70%] 	 22,291/31,843 	 04:49:01
[71%] 	 22,609/31,843 	 04:55:18
[72%] 	 22,927/31,843 	 05:01:07
[73%] 	 23,246/31,843 	 05:06:25
Match: Event 73735629, Lines 2
[74%] 	 23,564/31,843 	 05:11:03
Match: Event 73746189, Lines 2
Match: Event 73749273, Lines 2
Match: Event 73752175, Lines 2
[75%] 	 23,883/31,843 	 05:15:44
[76%] 	 24,201/31,843 	 05:20:45
Match: Event 73765840, Lines 2
Match: Event 73769781, Lines 2
[77%] 	 24,520/31,843 	 05:25:20
Match: Event 73781825, Lines 2
[78%] 	 24,838/31,843 	 05:30:09
[79%] 	 25,156/31,843 	 05:35:39
[80%] 	 25,475/31,843 	 05:41:49
[81%] 	 25,793/31,843 	 05:45:39
[82%] 	 26,112/31,843 	 05:49:21
[83%] 	 26,430/31,843 	 05:54:06
[84%] 	 26,749/31,843 	 05:58:50
[85%] 	 27,067/31,843 	 06:02:58
Match: Event 73856806, Lines 2
[86%] 	 27,385/31,843 	 06:07:18
Match: Event 73862893, Lines 2
Match: Event 73869907, Lines 2
[87%] 	 27,704/31,843 	 06:11:34
[88%] 	 28,022/31,843 	 06:17:12
Match: Event 73880487, Lines 2
[89%] 	 28,341/31,843 	 06:22:00
[90%] 	 28,659/31,843 	 06:26:25
[91%] 	 28,978/31,843 	 06:30:34
[92%] 	 29,296/31,843 	 06:34:37
Match: Event 73929974, Lines 2
[93%] 	 29,614/31,843 	 06:38:26
Match: Event 73932399, Lines 2
[94%] 	 29,933/31,843 	 06:42:26
[95%] 	 30,251/31,843 	 06:46:19
[96%] 	 30,570/31,843 	 06:51:11
[97%] 	 30,888/31,843 	 06:56:12
[98%] 	 31,207/31,843 	 07:01:14
Match: Event 73985575, Lines 2
[99%] 	 31,525/31,843 	 07:05:24
Match: Event 73993621, Lines 2
Finished in 25737.35s.
 ~ 5) DONE !
