search libraries in slc9_x86-64
 ~ 1) Base stack loaded.
 ~ Sleeping for 58 seconds to avoid AFS DDOS...
 ~ 2) Loading sndsw environment...
 ~ 3) SNDSW_ROOT is set to: /afs/cern.ch/user/i/idioniso/snd_master/sw-root6.28/rhel9_x86-64/sndsw/master-local1
 ~ 4) Executing tracking script...
[INFO] The input consists out of the following trees and files: 
[INFO]  - rawConv
[INFO]     - root://eoshome-i.cern.ch//eos/user/i/idioniso/tridents/initial_cuts/tridents_sndsw_raw-0200.root
[INFO] FairRootFileSink initialized.
[INFO]  - cbmout
[INFO]     - dummy
[INFO] Parameter and input file are available, Assure that basic info is there for the run!
[INFO] ---FairRootManager::SpecifyRunId --- 
[INFO] --- Initialize with RunId  --- 0

************************************************************* 
     initialisation for run id 0
************************************************************* 
-I- FairRunTimeDB::InitContainer() FairBaseParSet
-I- FairRunTimeDB::InitContainer() FairGeoParSet

************************************************************* 
     initialisation for run id 0
************************************************************* 
-I- FairRunTimeDB::InitContainer() FairBaseParSet
-I- FairRunTimeDB::InitContainer() FairGeoParSet
[INFO]  Branch: Reco_MuonTracks not found in Tree.
using geofile: root://eospublic.cern.ch//eos/experiment/sndlhc/convertedData/physics/2023/geofile_sndlhc_TI18_V3_2023.root
[0%] 	 0/31,888 	 00:00:09
Match: Event 200000025, Lines 2
Match: Event 200000830, Lines 2
Match: Event 200000831, Lines 2
Match: Event 200001115, Lines 2
Match: Event 200001867, Lines 2
Match: Event 200002006, Lines 3
Match: Event 200004150, Lines 2
Match: Event 200006263, Lines 2
Match: Event 200008008, Lines 2
Match: Event 200008073, Lines 2
Match: Event 200008472, Lines 3
Match: Event 200008610, Lines 2
Match: Event 200009492, Lines 2
Match: Event 200009530, Lines 2
[1%] 	 319/31,888 	 00:08:25
Match: Event 200010717, Lines 2
Match: Event 200011402, Lines 2
Match: Event 200011710, Lines 2
Match: Event 200011966, Lines 2
Match: Event 200012034, Lines 2
Match: Event 200012294, Lines 2
Match: Event 200012528, Lines 2
Match: Event 200014365, Lines 2
Match: Event 200014476, Lines 2
Match: Event 200014569, Lines 2
Match: Event 200016079, Lines 2
Match: Event 200016267, Lines 2
Match: Event 200017708, Lines 2
Match: Event 200018238, Lines 2
Match: Event 200018779, Lines 2
Match: Event 200019043, Lines 2
Match: Event 200019253, Lines 2
Match: Event 200019753, Lines 2
Match: Event 200019909, Lines 2
[2%] 	 638/31,888 	 00:16:31
Match: Event 200022644, Lines 2
Match: Event 200022685, Lines 2
Match: Event 200022882, Lines 2
Match: Event 200023168, Lines 2
Match: Event 200023611, Lines 2
Match: Event 200024702, Lines 2
Match: Event 200025146, Lines 2
Match: Event 200026330, Lines 2
Match: Event 200026661, Lines 3
Match: Event 200027709, Lines 2
Match: Event 200027738, Lines 2
Match: Event 200028693, Lines 2
Match: Event 200028885, Lines 2
Match: Event 200028917, Lines 2
[3%] 	 957/31,888 	 00:24:30
Match: Event 200031041, Lines 2
Match: Event 200031615, Lines 3
Match: Event 200031938, Lines 2
Match: Event 200032939, Lines 2
Match: Event 200033745, Lines 2
Match: Event 200033760, Lines 2
Match: Event 200033825, Lines 2
Match: Event 200035333, Lines 2
Match: Event 200035574, Lines 2
Match: Event 200035725, Lines 2
Match: Event 200036689, Lines 2
[4%] 	 1,276/31,888 	 00:33:02
Match: Event 200039696, Lines 2
Match: Event 200040597, Lines 2
Match: Event 200040724, Lines 2
Match: Event 200040837, Lines 2
Match: Event 200042160, Lines 2
Match: Event 200043769, Lines 2
Match: Event 200043871, Lines 2
Match: Event 200045451, Lines 2
Match: Event 200045769, Lines 2
Match: Event 200046378, Lines 2
Match: Event 200046438, Lines 2
Match: Event 200046632, Lines 2
Match: Event 200046638, Lines 2
Match: Event 200046912, Lines 2
Match: Event 200047425, Lines 2
Match: Event 200047590, Lines 2
Match: Event 200048570, Lines 2
[5%] 	 1,595/31,888 	 00:43:15
Match: Event 200049931, Lines 2
Match: Event 200050200, Lines 2
Match: Event 200051349, Lines 2
Match: Event 200051550, Lines 2
Match: Event 200053297, Lines 2
Match: Event 200054505, Lines 2
Match: Event 200054912, Lines 2
Match: Event 200057344, Lines 2
Match: Event 200058347, Lines 2
Match: Event 200058686, Lines 2
Match: Event 200058769, Lines 3
[6%] 	 1,914/31,888 	 00:51:55
Match: Event 200059544, Lines 2
Match: Event 200060781, Lines 2
Match: Event 200060820, Lines 2
Match: Event 200061004, Lines 2
Match: Event 200061085, Lines 2
Match: Event 200061490, Lines 2
Match: Event 200063089, Lines 2
Match: Event 200063423, Lines 2
Match: Event 200064836, Lines 2
Match: Event 200064888, Lines 2
Match: Event 200065141, Lines 2
Match: Event 200065265, Lines 2
Match: Event 200065429, Lines 2
Match: Event 200065564, Lines 2
Match: Event 200065627, Lines 2
Match: Event 200066029, Lines 2
Match: Event 200067066, Lines 2
Match: Event 200069216, Lines 2
Match: Event 200069302, Lines 2
[7%] 	 2,233/31,888 	 00:59:31
Match: Event 200070677, Lines 2
Match: Event 200072911, Lines 3
Match: Event 200073065, Lines 2
Match: Event 200073385, Lines 2
Match: Event 200073908, Lines 2
Match: Event 200074532, Lines 2
Match: Event 200074689, Lines 2
Match: Event 200075086, Lines 2
Match: Event 200075246, Lines 2
Match: Event 200075260, Lines 2
Match: Event 200075293, Lines 2
Match: Event 200075941, Lines 2
Match: Event 200075967, Lines 2
Match: Event 200076366, Lines 2
Match: Event 200078218, Lines 2
Match: Event 200078262, Lines 2
Match: Event 200078787, Lines 2
Match: Event 200079079, Lines 2
[8%] 	 2,552/31,888 	 01:07:33
Match: Event 200079738, Lines 2
Match: Event 200079948, Lines 2
Match: Event 200081337, Lines 2
Match: Event 200082223, Lines 2
Match: Event 200083095, Lines 2
Match: Event 200083613, Lines 2
Match: Event 200084155, Lines 2
Match: Event 200084769, Lines 2
Match: Event 200085449, Lines 3
Match: Event 200086735, Lines 2
Match: Event 200088080, Lines 2
Match: Event 200089086, Lines 2
[9%] 	 2,870/31,888 	 01:15:50
Match: Event 200089401, Lines 2
Match: Event 200093833, Lines 2
Match: Event 200093875, Lines 2
Match: Event 200094242, Lines 2
Match: Event 200095434, Lines 2
Match: Event 200095526, Lines 2
Match: Event 200095702, Lines 2
Match: Event 200096905, Lines 2
Match: Event 200097331, Lines 2
Match: Event 200097781, Lines 2
Match: Event 200098259, Lines 2
Match: Event 200098934, Lines 2
[10%] 	 3,189/31,888 	 01:23:05
Match: Event 200099281, Lines 2
Match: Event 200102244, Lines 2
Match: Event 200102934, Lines 2
Match: Event 200103762, Lines 2
Match: Event 200104338, Lines 2
Match: Event 200107964, Lines 2
Match: Event 200108073, Lines 2
[11%] 	 3,508/31,888 	 01:31:19
Match: Event 200109869, Lines 2
Match: Event 200111505, Lines 2
Match: Event 200112565, Lines 2
Match: Event 200112935, Lines 2
Match: Event 200113344, Lines 2
Match: Event 200113435, Lines 2
Match: Event 200114094, Lines 2
Match: Event 200114303, Lines 2
Match: Event 200116678, Lines 2
Match: Event 200116873, Lines 2
Match: Event 200116935, Lines 3
Match: Event 200117619, Lines 2
Match: Event 200118405, Lines 2
[12%] 	 3,827/31,888 	 01:38:51
Match: Event 200119301, Lines 2
Match: Event 200120696, Lines 2
Match: Event 200121331, Lines 2
Match: Event 200121572, Lines 2
Match: Event 200121923, Lines 2
Match: Event 200122500, Lines 2
Match: Event 200123222, Lines 2
Match: Event 200123383, Lines 3
Match: Event 200123835, Lines 2
Match: Event 200124186, Lines 2
Match: Event 200124283, Lines 2
Match: Event 200126535, Lines 2
Match: Event 200128245, Lines 2
[13%] 	 4,146/31,888 	 01:46:48
Match: Event 200129812, Lines 3
Match: Event 200130147, Lines 2
Match: Event 200130497, Lines 2
Match: Event 200130980, Lines 3
Match: Event 200132427, Lines 2
Match: Event 200134437, Lines 2
Match: Event 200134877, Lines 2
Match: Event 200137461, Lines 2
Match: Event 200138325, Lines 2
Match: Event 200138901, Lines 2
Match: Event 200139127, Lines 2
Match: Event 200139561, Lines 2
Match: Event 200139984, Lines 3
[14%] 	 4,465/31,888 	 01:54:22
Match: Event 200140848, Lines 2
Match: Event 200141555, Lines 2
Match: Event 200147491, Lines 2
Match: Event 200148110, Lines 2
Match: Event 200148115, Lines 2
Match: Event 200148220, Lines 2
Match: Event 200148389, Lines 2
Match: Event 200148746, Lines 2
Match: Event 200149290, Lines 2
Match: Event 200149533, Lines 2
Match: Event 200149568, Lines 2
[15%] 	 4,784/31,888 	 02:02:25
Match: Event 200150476, Lines 2
Match: Event 200150695, Lines 2
Match: Event 200150738, Lines 3
Match: Event 200150999, Lines 2
Match: Event 200151464, Lines 2
Match: Event 200152373, Lines 2
Match: Event 200152775, Lines 2
Match: Event 200153174, Lines 2
Match: Event 200153473, Lines 2
Match: Event 200153535, Lines 2
Match: Event 200155710, Lines 2
Match: Event 200155778, Lines 2
Match: Event 200156866, Lines 2
Match: Event 200157061, Lines 2
Match: Event 200157077, Lines 2
Match: Event 200157265, Lines 2
Match: Event 200158158, Lines 2
Match: Event 200159140, Lines 2
[16%] 	 5,103/31,888 	 02:11:40
Match: Event 200160004, Lines 2
Match: Event 200162045, Lines 2
Match: Event 200162240, Lines 2
Match: Event 200165822, Lines 3
Match: Event 200165966, Lines 2
Match: Event 200166837, Lines 2
Match: Event 200167185, Lines 3
Match: Event 200167413, Lines 2
Match: Event 200168856, Lines 3
Match: Event 200169643, Lines 2
[17%] 	 5,421/31,888 	 02:21:30
Match: Event 200170775, Lines 2
Match: Event 200171047, Lines 2
Match: Event 200171274, Lines 2
Match: Event 200173567, Lines 2
Match: Event 200173970, Lines 2
Match: Event 200174500, Lines 2
Match: Event 200174641, Lines 2
Match: Event 200175494, Lines 2
Match: Event 200175666, Lines 2
Match: Event 200177002, Lines 3
Match: Event 200177118, Lines 2
Match: Event 200177478, Lines 2
Match: Event 200177537, Lines 2
Match: Event 200178133, Lines 2
Match: Event 200179325, Lines 2
Match: Event 200179509, Lines 2
[18%] 	 5,740/31,888 	 02:29:39
Match: Event 200180650, Lines 2
Match: Event 200181669, Lines 2
Match: Event 200183687, Lines 2
Match: Event 200184829, Lines 2
Match: Event 200185720, Lines 2
Match: Event 200185913, Lines 3
Match: Event 200185992, Lines 2
Match: Event 200186066, Lines 2
Match: Event 200186742, Lines 2
Match: Event 200187311, Lines 3
[19%] 	 6,059/31,888 	 02:38:32
Match: Event 200191043, Lines 2
Match: Event 200192074, Lines 2
Match: Event 200192606, Lines 2
Match: Event 200192677, Lines 2
Match: Event 200192867, Lines 2
Match: Event 200192919, Lines 2
Match: Event 200194236, Lines 2
Match: Event 200194887, Lines 2
Match: Event 200195088, Lines 2
Match: Event 200196105, Lines 2
Match: Event 200196349, Lines 2
Match: Event 200197118, Lines 2
Match: Event 200197859, Lines 2
Match: Event 200197903, Lines 2
Match: Event 200199444, Lines 2
Match: Event 200199794, Lines 2
Match: Event 200199957, Lines 2
Match: Event 200200238, Lines 2
[20%] 	 6,378/31,888 	 02:46:45
Match: Event 200201521, Lines 2
Match: Event 200202050, Lines 2
Match: Event 200202066, Lines 2
Match: Event 200202209, Lines 2
Match: Event 200202336, Lines 2
Match: Event 200202415, Lines 2
Match: Event 200202975, Lines 2
Match: Event 200203517, Lines 2
Match: Event 200203656, Lines 2
Match: Event 200208524, Lines 2
Match: Event 200209068, Lines 2
Match: Event 200209474, Lines 2
Match: Event 200209808, Lines 2
Match: Event 200209831, Lines 2
[21%] 	 6,697/31,888 	 02:55:34
Match: Event 200212006, Lines 2
Match: Event 200214091, Lines 2
Match: Event 200214267, Lines 2
Match: Event 200214334, Lines 2
Match: Event 200214914, Lines 2
Match: Event 200215187, Lines 2
Match: Event 200216996, Lines 2
Match: Event 200217104, Lines 2
Match: Event 200217360, Lines 2
Match: Event 200218482, Lines 2
Match: Event 200219040, Lines 2
Match: Event 200219070, Lines 3
Match: Event 200219143, Lines 2
[22%] 	 7,016/31,888 	 03:03:53
Match: Event 200220615, Lines 2
Match: Event 200221564, Lines 3
Match: Event 200222443, Lines 2
Match: Event 200222780, Lines 2
Match: Event 200222997, Lines 2
Match: Event 200223926, Lines 2
Match: Event 200224434, Lines 2
Match: Event 200225808, Lines 2
Match: Event 200227607, Lines 2
Match: Event 200228701, Lines 2
Match: Event 200229028, Lines 2
[23%] 	 7,335/31,888 	 03:12:03
Match: Event 200229645, Lines 2
Match: Event 200230114, Lines 2
Match: Event 200230378, Lines 2
Match: Event 200230544, Lines 2
Match: Event 200230585, Lines 2
Match: Event 200231695, Lines 2
Match: Event 200233158, Lines 2
Match: Event 200233966, Lines 2
Match: Event 200234132, Lines 2
Match: Event 200234470, Lines 2
Match: Event 200237652, Lines 2
Match: Event 200239193, Lines 3
[24%] 	 7,654/31,888 	 03:20:06
Match: Event 200240295, Lines 2
Match: Event 200240477, Lines 2
Match: Event 200242860, Lines 2
Match: Event 200243691, Lines 2
Match: Event 200246116, Lines 2
Match: Event 200247631, Lines 2
Match: Event 200249282, Lines 2
Match: Event 200249289, Lines 2
Match: Event 200249375, Lines 2
Match: Event 200249691, Lines 2
[25%] 	 7,972/31,888 	 03:27:53
Match: Event 200250040, Lines 2
Match: Event 200250056, Lines 2
Match: Event 200250776, Lines 2
Match: Event 200251384, Lines 2
Match: Event 200251867, Lines 2
Match: Event 200253471, Lines 2
Match: Event 200253584, Lines 2
Match: Event 200254022, Lines 3
Match: Event 200255882, Lines 2
Match: Event 200256055, Lines 2
Match: Event 200256795, Lines 2
Match: Event 200257680, Lines 2
Match: Event 200257964, Lines 2
Match: Event 200258326, Lines 2
Match: Event 200258434, Lines 2
Match: Event 200258514, Lines 2
Match: Event 200258524, Lines 2
Match: Event 200259405, Lines 2
Match: Event 200259421, Lines 2
[26%] 	 8,291/31,888 	 03:35:32
Match: Event 200259951, Lines 2
Match: Event 200262007, Lines 2
Match: Event 200262235, Lines 2
Match: Event 200263834, Lines 2
Match: Event 200264309, Lines 3
Match: Event 200264919, Lines 2
Match: Event 200265074, Lines 2
Match: Event 200265739, Lines 2
Match: Event 200265903, Lines 2
Match: Event 200266625, Lines 3
Match: Event 200267415, Lines 2
Match: Event 200268276, Lines 2
Match: Event 200268930, Lines 2
Match: Event 200269117, Lines 2
[27%] 	 8,610/31,888 	 03:45:15
Match: Event 200270212, Lines 2
Match: Event 200270749, Lines 2
Match: Event 200273081, Lines 3
Match: Event 200273292, Lines 2
Match: Event 200273462, Lines 2
Match: Event 200273607, Lines 2
Match: Event 200275083, Lines 3
Match: Event 200275100, Lines 2
Match: Event 200275273, Lines 2
Match: Event 200275358, Lines 2
Match: Event 200276529, Lines 2
Match: Event 200277239, Lines 2
Match: Event 200277744, Lines 2
Match: Event 200277799, Lines 3
Match: Event 200279349, Lines 2
Match: Event 200279851, Lines 2
[28%] 	 8,929/31,888 	 03:54:34
Match: Event 200280686, Lines 2
Match: Event 200282062, Lines 2
Match: Event 200282348, Lines 2
Match: Event 200284255, Lines 2
Match: Event 200284400, Lines 2
Match: Event 200285825, Lines 2
Match: Event 200287912, Lines 3
Match: Event 200288866, Lines 2
[29%] 	 9,248/31,888 	 04:03:36
Match: Event 200290264, Lines 2
Match: Event 200290488, Lines 2
Match: Event 200291486, Lines 2
Match: Event 200291637, Lines 2
Match: Event 200293845, Lines 2
Match: Event 200294064, Lines 2
Match: Event 200294864, Lines 2
Match: Event 200295327, Lines 2
Match: Event 200295533, Lines 2
Match: Event 200295568, Lines 3
Match: Event 200296468, Lines 2
Match: Event 200297574, Lines 2
Match: Event 200298909, Lines 2
[30%] 	 9,567/31,888 	 04:12:25
Match: Event 200299958, Lines 2
Match: Event 200300020, Lines 2
Match: Event 200300541, Lines 2
Match: Event 200301612, Lines 2
Match: Event 200302177, Lines 2
Match: Event 200305036, Lines 2
Match: Event 200305242, Lines 2
Match: Event 200305450, Lines 2
Match: Event 200306869, Lines 2
Match: Event 200307003, Lines 2
Match: Event 200307343, Lines 2
Match: Event 200307413, Lines 2
Match: Event 200308479, Lines 2
Match: Event 200309149, Lines 2
Match: Event 200309427, Lines 3
[31%] 	 9,886/31,888 	 04:22:12
Match: Event 200310855, Lines 2
Match: Event 200310975, Lines 2
Match: Event 200311433, Lines 3
Match: Event 200312598, Lines 2
Match: Event 200313763, Lines 2
Match: Event 200313858, Lines 2
Match: Event 200314795, Lines 2
Match: Event 200316412, Lines 2
Match: Event 200316960, Lines 2
Match: Event 200317675, Lines 2
Match: Event 200318580, Lines 2
Match: Event 200318705, Lines 2
Match: Event 200319370, Lines 2
[32%] 	 10,205/31,888 	 04:32:09
Match: Event 200319955, Lines 2
Match: Event 200320961, Lines 2
Match: Event 200321671, Lines 2
Match: Event 200324385, Lines 2
Match: Event 200325605, Lines 2
Match: Event 200326522, Lines 2
Match: Event 200326929, Lines 2
Match: Event 200327126, Lines 2
Match: Event 200327168, Lines 2
Match: Event 200328257, Lines 2
[33%] 	 10,524/31,888 	 04:41:58
Match: Event 200330859, Lines 2
Match: Event 200332362, Lines 2
Match: Event 200332550, Lines 2
Match: Event 200332947, Lines 2
Match: Event 200333005, Lines 2
Match: Event 200333098, Lines 2
Match: Event 200334548, Lines 2
Match: Event 200335142, Lines 2
Match: Event 200335455, Lines 3
Match: Event 200335731, Lines 2
Match: Event 200335993, Lines 2
Match: Event 200336667, Lines 2
Match: Event 200336971, Lines 2
Match: Event 200337095, Lines 2
Match: Event 200338234, Lines 2
Match: Event 200338361, Lines 2
Match: Event 200339508, Lines 2
[34%] 	 10,842/31,888 	 04:50:40
Match: Event 200341204, Lines 2
Match: Event 200342148, Lines 2
Match: Event 200342545, Lines 2
Match: Event 200342603, Lines 2
Match: Event 200342609, Lines 2
Match: Event 200343270, Lines 2
Match: Event 200343317, Lines 2
Match: Event 200344006, Lines 2
Match: Event 200346593, Lines 2
Match: Event 200346847, Lines 2
Match: Event 200347382, Lines 2
Match: Event 200347512, Lines 2
[35%] 	 11,161/31,888 	 04:58:34
Match: Event 200351712, Lines 2
Match: Event 200352468, Lines 2
Match: Event 200353267, Lines 2
Match: Event 200354271, Lines 2
Match: Event 200354435, Lines 2
Match: Event 200355247, Lines 2
Match: Event 200355655, Lines 2
Match: Event 200356189, Lines 2
Match: Event 200356192, Lines 3
Match: Event 200357337, Lines 2
Match: Event 200357417, Lines 2
Match: Event 200357474, Lines 2
Match: Event 200358472, Lines 2
Match: Event 200360202, Lines 2
[36%] 	 11,480/31,888 	 05:08:39
Match: Event 200362988, Lines 2
Match: Event 200363213, Lines 2
Match: Event 200364533, Lines 2
Match: Event 200365232, Lines 2
Match: Event 200366511, Lines 2
Match: Event 200368691, Lines 2
Match: Event 200369953, Lines 2
Match: Event 200369989, Lines 2
Match: Event 200370089, Lines 2
Match: Event 200371201, Lines 2
Match: Event 200371365, Lines 2
[37%] 	 11,799/31,888 	 05:18:53
Match: Event 200372465, Lines 2
Match: Event 200372546, Lines 2
Match: Event 200374032, Lines 2
Match: Event 200374522, Lines 2
Match: Event 200376493, Lines 2
Match: Event 200376736, Lines 2
Match: Event 200377374, Lines 2
Match: Event 200378853, Lines 2
Match: Event 200380030, Lines 2
Match: Event 200380949, Lines 2
Match: Event 200381848, Lines 2
Match: Event 200382179, Lines 2
[38%] 	 12,118/31,888 	 05:27:39
Match: Event 200382364, Lines 2
Match: Event 200382489, Lines 2
Match: Event 200383877, Lines 2
Match: Event 200384597, Lines 2
Match: Event 200384943, Lines 2
Match: Event 200385294, Lines 2
Match: Event 200386208, Lines 2
Match: Event 200386385, Lines 2
Match: Event 200386872, Lines 2
Match: Event 200387496, Lines 2
Match: Event 200389087, Lines 2
Match: Event 200389491, Lines 2
Match: Event 200390779, Lines 2
[39%] 	 12,437/31,888 	 05:40:19
Match: Event 200394245, Lines 2
Match: Event 200394519, Lines 2
Match: Event 200395908, Lines 2
Match: Event 200396033, Lines 2
Match: Event 200396536, Lines 2
Match: Event 200397480, Lines 2
Match: Event 200398857, Lines 2
Match: Event 200399806, Lines 2
Match: Event 200400096, Lines 2
Match: Event 200400561, Lines 2
Match: Event 200400899, Lines 2
[40%] 	 12,756/31,888 	 05:48:21
Match: Event 200401889, Lines 2
Match: Event 200402002, Lines 2
Match: Event 200402405, Lines 2
Match: Event 200402658, Lines 2
Match: Event 200403572, Lines 2
Match: Event 200403959, Lines 3
Match: Event 200404111, Lines 2
Match: Event 200404816, Lines 2
Match: Event 200404952, Lines 2
Match: Event 200405130, Lines 2
Match: Event 200405474, Lines 2
Match: Event 200406625, Lines 2
Match: Event 200406766, Lines 2
Match: Event 200406801, Lines 2
Match: Event 200406976, Lines 2
Match: Event 200407269, Lines 2
Match: Event 200407346, Lines 2
Match: Event 200408141, Lines 2
Match: Event 200409102, Lines 2
[41%] 	 13,075/31,888 	 05:56:18
Match: Event 200412281, Lines 2
Match: Event 200413260, Lines 2
Match: Event 200413988, Lines 3
Match: Event 200414166, Lines 3
Match: Event 200417267, Lines 2
Match: Event 200417451, Lines 2
Match: Event 200417524, Lines 2
Match: Event 200417933, Lines 2
Match: Event 200417978, Lines 2
Match: Event 200418342, Lines 2
Match: Event 200419165, Lines 2
Match: Event 200420242, Lines 2
[42%] 	 13,393/31,888 	 06:04:25
Match: Event 200421764, Lines 2
Match: Event 200421844, Lines 2
Match: Event 200423778, Lines 2
Match: Event 200425233, Lines 2
Match: Event 200425389, Lines 2
Match: Event 200425589, Lines 2
Match: Event 200426084, Lines 2
Match: Event 200428318, Lines 2
Match: Event 200428496, Lines 2
Match: Event 200429346, Lines 2
Match: Event 200430682, Lines 2
Match: Event 200430808, Lines 2
Match: Event 200430996, Lines 2
Match: Event 200431597, Lines 2
[43%] 	 13,712/31,888 	 06:12:01
Match: Event 200434718, Lines 2
Match: Event 200434798, Lines 2
Match: Event 200436930, Lines 2
Match: Event 200437307, Lines 2
Match: Event 200438028, Lines 2
Match: Event 200438423, Lines 2
Match: Event 200438473, Lines 2
Match: Event 200438926, Lines 2
Match: Event 200439634, Lines 2
Match: Event 200440944, Lines 2
[44%] 	 14,031/31,888 	 06:20:11
Match: Event 200441528, Lines 2
Match: Event 200441954, Lines 2
Match: Event 200443299, Lines 2
Match: Event 200443456, Lines 3
Match: Event 200443789, Lines 2
Match: Event 200444080, Lines 2
Match: Event 200444734, Lines 2
Match: Event 200444963, Lines 2
Match: Event 200445292, Lines 2
Match: Event 200446402, Lines 2
Match: Event 200446613, Lines 2
Match: Event 200447628, Lines 2
[45%] 	 14,350/31,888 	 06:28:09
Match: Event 200451220, Lines 2
Match: Event 200452534, Lines 3
Match: Event 200452826, Lines 2
Match: Event 200453133, Lines 2
Match: Event 200453254, Lines 2
Match: Event 200453308, Lines 2
Match: Event 200454423, Lines 2
Match: Event 200455653, Lines 2
Match: Event 200455861, Lines 2
Match: Event 200456563, Lines 2
Match: Event 200456891, Lines 2
Match: Event 200457069, Lines 2
Match: Event 200457372, Lines 2
Match: Event 200458283, Lines 2
Match: Event 200458644, Lines 2
Match: Event 200458761, Lines 3
Match: Event 200458912, Lines 2
Match: Event 200459238, Lines 2
Match: Event 200459615, Lines 2
Match: Event 200459806, Lines 2
Match: Event 200460066, Lines 2
[46%] 	 14,669/31,888 	 06:36:24
Match: Event 200460992, Lines 2
Match: Event 200461227, Lines 2
Match: Event 200461345, Lines 2
Match: Event 200461510, Lines 2
Match: Event 200461861, Lines 2
Match: Event 200462343, Lines 2
Match: Event 200463248, Lines 2
Match: Event 200463487, Lines 2
Match: Event 200464493, Lines 2
Match: Event 200465073, Lines 2
Match: Event 200465386, Lines 2
Match: Event 200467557, Lines 2
Match: Event 200468068, Lines 2
Match: Event 200468225, Lines 2
Match: Event 200469854, Lines 2
[47%] 	 14,988/31,888 	 06:44:36
Match: Event 200471020, Lines 2
Match: Event 200472536, Lines 3
Match: Event 200472569, Lines 3
Match: Event 200472673, Lines 2
Match: Event 200476009, Lines 2
Match: Event 200476205, Lines 3
Match: Event 200478134, Lines 2
Match: Event 200478383, Lines 2
Match: Event 200478479, Lines 2
Match: Event 200478760, Lines 2
Match: Event 200478991, Lines 2
[48%] 	 15,307/31,888 	 06:52:33
Match: Event 200480400, Lines 2
Match: Event 200480435, Lines 2
Match: Event 200481165, Lines 2
Match: Event 200481302, Lines 2
Match: Event 200481610, Lines 2
Match: Event 200481845, Lines 2
Match: Event 200482233, Lines 3
Match: Event 200483657, Lines 2
Match: Event 200483750, Lines 2
Match: Event 200485472, Lines 2
Match: Event 200485503, Lines 2
Match: Event 200487339, Lines 2
Match: Event 200487955, Lines 2
Match: Event 200488565, Lines 2
Match: Event 200488826, Lines 2
[49%] 	 15,626/31,888 	 07:00:17
Match: Event 200490052, Lines 2
Match: Event 200490836, Lines 2
Match: Event 200491706, Lines 2
Match: Event 200493088, Lines 2
Match: Event 200493121, Lines 2
Match: Event 200494822, Lines 2
Match: Event 200496380, Lines 2
Match: Event 200496901, Lines 2
Match: Event 200497032, Lines 2
[50%] 	 15,944/31,888 	 07:07:46
Match: Event 200499574, Lines 3
Match: Event 200499659, Lines 2
Match: Event 200500363, Lines 2
Match: Event 200500800, Lines 2
Match: Event 200500860, Lines 2
Match: Event 200500958, Lines 2
Match: Event 200500983, Lines 2
Match: Event 200502608, Lines 3
Match: Event 200503195, Lines 3
Match: Event 200503361, Lines 2
Match: Event 200504472, Lines 2
Match: Event 200504932, Lines 2
Match: Event 200504973, Lines 2
Match: Event 200507562, Lines 2
Match: Event 200507815, Lines 2
Match: Event 200507838, Lines 2
Match: Event 200508043, Lines 2
Match: Event 200508853, Lines 2
[51%] 	 16,263/31,888 	 07:15:31
Match: Event 200511032, Lines 2
Match: Event 200513885, Lines 2
Match: Event 200515311, Lines 2
Match: Event 200516038, Lines 2
Match: Event 200516300, Lines 2
Match: Event 200516642, Lines 2
Match: Event 200518320, Lines 2
Match: Event 200519122, Lines 2
Match: Event 200519605, Lines 2
[52%] 	 16,582/31,888 	 07:23:52
Match: Event 200520372, Lines 2
Match: Event 200520388, Lines 3
Match: Event 200520687, Lines 2
Match: Event 200521145, Lines 2
Match: Event 200521885, Lines 2
Match: Event 200523638, Lines 2
Match: Event 200524565, Lines 2
Match: Event 200526999, Lines 2
[53%] 	 16,901/31,888 	 07:35:08
Match: Event 200529155, Lines 3
Match: Event 200529526, Lines 2
Match: Event 200531028, Lines 2
Match: Event 200531330, Lines 2
Match: Event 200533628, Lines 2
Match: Event 200537823, Lines 2
Match: Event 200538801, Lines 2
[54%] 	 17,220/31,888 	 07:46:03
Match: Event 200539864, Lines 2
Match: Event 200539923, Lines 2
Match: Event 200539999, Lines 2
Match: Event 200541154, Lines 2
Match: Event 200541553, Lines 2
Match: Event 200541615, Lines 2
Match: Event 200541784, Lines 2
Match: Event 200543050, Lines 2
Match: Event 200544223, Lines 2
Match: Event 200544844, Lines 2
Match: Event 200545129, Lines 2
Match: Event 200546234, Lines 2
Match: Event 200546242, Lines 2
Match: Event 200546246, Lines 2
Match: Event 200546438, Lines 2
Match: Event 200547900, Lines 2
[55%] 	 17,539/31,888 	 07:55:52
Match: Event 200548338, Lines 2
Match: Event 200549376, Lines 2
Match: Event 200550420, Lines 2
Match: Event 200551702, Lines 2
Match: Event 200551932, Lines 2
Match: Event 200553444, Lines 2
Match: Event 200553673, Lines 2
Match: Event 200554201, Lines 2
Match: Event 200554543, Lines 2
Match: Event 200554625, Lines 2
Match: Event 200555124, Lines 2
Match: Event 200555243, Lines 2
Match: Event 200557133, Lines 2
Match: Event 200557324, Lines 3
Match: Event 200557608, Lines 2
[56%] 	 17,858/31,888 	 08:03:31
Match: Event 200559317, Lines 2
Match: Event 200559355, Lines 2
Match: Event 200560604, Lines 2
Match: Event 200560783, Lines 2
Match: Event 200564339, Lines 2
Match: Event 200564956, Lines 2
Match: Event 200565554, Lines 2
Match: Event 200568670, Lines 2
[57%] 	 18,177/31,888 	 08:11:59
Match: Event 200569066, Lines 2
Match: Event 200570861, Lines 2
Match: Event 200570985, Lines 2
Match: Event 200571844, Lines 2
Match: Event 200572043, Lines 2
Match: Event 200572131, Lines 2
Match: Event 200572259, Lines 2
Match: Event 200572576, Lines 2
Match: Event 200572764, Lines 2
Match: Event 200573041, Lines 3
Match: Event 200573897, Lines 2
Match: Event 200573915, Lines 2
Match: Event 200573937, Lines 2
Match: Event 200574695, Lines 2
Match: Event 200574744, Lines 2
Match: Event 200574863, Lines 2
Match: Event 200575728, Lines 2
Match: Event 200577240, Lines 3
Match: Event 200578065, Lines 3
[58%] 	 18,496/31,888 	 08:20:21
Match: Event 200578207, Lines 2
Match: Event 200578299, Lines 2
Match: Event 200578808, Lines 2
Match: Event 200579199, Lines 2
Match: Event 200579488, Lines 2
Match: Event 200579667, Lines 2
Match: Event 200580763, Lines 2
Match: Event 200580870, Lines 2
Match: Event 200582310, Lines 2
Match: Event 200582334, Lines 2
Match: Event 200582578, Lines 2
Match: Event 200584464, Lines 2
Match: Event 200584645, Lines 2
Match: Event 200586248, Lines 2
[59%] 	 18,814/31,888 	 08:28:51
Match: Event 200587066, Lines 2
Match: Event 200587221, Lines 2
Match: Event 200587558, Lines 2
Match: Event 200588117, Lines 3
Match: Event 200589181, Lines 2
Match: Event 200590021, Lines 2
Match: Event 200590410, Lines 3
Match: Event 200590616, Lines 3
Match: Event 200591366, Lines 2
Match: Event 200591954, Lines 2
Match: Event 200592803, Lines 2
Match: Event 200592898, Lines 2
Match: Event 200593149, Lines 2
Match: Event 200594050, Lines 3
Match: Event 200594335, Lines 2
Match: Event 200594639, Lines 2
Match: Event 200594718, Lines 2
Match: Event 200595074, Lines 2
Match: Event 200595821, Lines 2
Match: Event 200596056, Lines 2
Match: Event 200596133, Lines 2
Match: Event 200597280, Lines 2
[60%] 	 19,133/31,888 	 08:36:53
Match: Event 200597648, Lines 2
Match: Event 200597656, Lines 2
Match: Event 200598388, Lines 2
Match: Event 200599104, Lines 3
Match: Event 200601891, Lines 2
Match: Event 200602304, Lines 2
Match: Event 200603800, Lines 2
Match: Event 200604369, Lines 2
Match: Event 200604385, Lines 2
Match: Event 200604523, Lines 3
Match: Event 200605864, Lines 2
Match: Event 200607338, Lines 2
[61%] 	 19,452/31,888 	 08:44:41
Match: Event 200608108, Lines 2
Match: Event 200610072, Lines 2
Match: Event 200610394, Lines 2
Match: Event 200611128, Lines 2
Match: Event 200611954, Lines 2
Match: Event 200612808, Lines 2
Match: Event 200613164, Lines 2
Match: Event 200614170, Lines 2
Match: Event 200614331, Lines 2
Match: Event 200615884, Lines 2
[62%] 	 19,771/31,888 	 08:53:15
Match: Event 200618629, Lines 2
Match: Event 200618796, Lines 2
Match: Event 200619438, Lines 2
Match: Event 200619791, Lines 2
Match: Event 200620021, Lines 2
Match: Event 200623911, Lines 2
Match: Event 200624034, Lines 2
Match: Event 200624799, Lines 2
Match: Event 200626487, Lines 2
Match: Event 200626498, Lines 2
Match: Event 200626675, Lines 2
[63%] 	 20,090/31,888 	 09:01:00
Match: Event 200627801, Lines 2
Match: Event 200628220, Lines 3
Match: Event 200630509, Lines 3
Match: Event 200630923, Lines 2
Match: Event 200631096, Lines 2
Match: Event 200632902, Lines 2
Match: Event 200634182, Lines 2
Match: Event 200636757, Lines 2
Match: Event 200636826, Lines 2
Match: Event 200637049, Lines 2
Match: Event 200637808, Lines 2
[64%] 	 20,409/31,888 	 09:08:34
Match: Event 200638759, Lines 2
Match: Event 200641429, Lines 2
Match: Event 200641907, Lines 3
Match: Event 200642195, Lines 2
Match: Event 200646082, Lines 2
Match: Event 200646852, Lines 2
Match: Event 200647956, Lines 2
Match: Event 200648574, Lines 2
[65%] 	 20,728/31,888 	 09:16:53
Match: Event 200649270, Lines 2
Match: Event 200650918, Lines 2
Match: Event 200650991, Lines 2
Match: Event 200651469, Lines 2
Match: Event 200651898, Lines 2
Match: Event 200653625, Lines 2
Match: Event 200655677, Lines 2
Match: Event 200657756, Lines 2
Match: Event 200658160, Lines 2
[66%] 	 21,047/31,888 	 09:25:00
Match: Event 200660453, Lines 2
Match: Event 200660562, Lines 2
Match: Event 200661720, Lines 2
Match: Event 200661857, Lines 2
Match: Event 200663484, Lines 2
Match: Event 200663862, Lines 2
Match: Event 200664672, Lines 2
Match: Event 200664832, Lines 2
Match: Event 200665923, Lines 2
Match: Event 200665972, Lines 2
Match: Event 200667170, Lines 2
Match: Event 200667301, Lines 2
Match: Event 200668356, Lines 2
[67%] 	 21,365/31,888 	 09:32:31
Match: Event 200668849, Lines 2
Match: Event 200669935, Lines 2
Match: Event 200671934, Lines 2
Match: Event 200672345, Lines 2
Match: Event 200673204, Lines 2
Match: Event 200673524, Lines 2
Match: Event 200673960, Lines 3
Match: Event 200674080, Lines 3
Match: Event 200675430, Lines 3
Match: Event 200676406, Lines 3
Match: Event 200676586, Lines 2
Match: Event 200677041, Lines 2
Match: Event 200677060, Lines 2
Match: Event 200677162, Lines 2
Match: Event 200677591, Lines 2
Match: Event 200677613, Lines 2
Match: Event 200678099, Lines 2
[68%] 	 21,684/31,888 	 09:40:58
Match: Event 200679102, Lines 2
Match: Event 200679114, Lines 2
Match: Event 200679238, Lines 2
Match: Event 200680623, Lines 2
Match: Event 200681929, Lines 2
Match: Event 200682070, Lines 2
Match: Event 200682288, Lines 2
Match: Event 200683373, Lines 2
Match: Event 200685410, Lines 2
Match: Event 200685692, Lines 2
Match: Event 200685816, Lines 2
Match: Event 200687027, Lines 2
Match: Event 200688360, Lines 2
[69%] 	 22,003/31,888 	 09:49:31
Match: Event 200689072, Lines 2
Match: Event 200689578, Lines 3
Match: Event 200690188, Lines 2
Match: Event 200690411, Lines 2
Match: Event 200690704, Lines 2
Match: Event 200691464, Lines 2
Match: Event 200691517, Lines 2
Match: Event 200692874, Lines 2
Match: Event 200693843, Lines 2
Match: Event 200693844, Lines 2
Match: Event 200694315, Lines 2
Match: Event 200694583, Lines 2
Match: Event 200695181, Lines 2
Match: Event 200695353, Lines 2
Match: Event 200695456, Lines 2
Match: Event 200696086, Lines 2
Match: Event 200697592, Lines 2
Match: Event 200697876, Lines 2
Match: Event 200698805, Lines 2
Match: Event 200698872, Lines 2
[70%] 	 22,322/31,888 	 09:57:52
Match: Event 200699259, Lines 2
Match: Event 200700624, Lines 2
Match: Event 200701318, Lines 2
Match: Event 200701537, Lines 2
Match: Event 200702036, Lines 2
Match: Event 200702272, Lines 2
Match: Event 200702825, Lines 2
Match: Event 200703852, Lines 2
Match: Event 200704517, Lines 2
Match: Event 200704597, Lines 2
Match: Event 200704803, Lines 2
Match: Event 200707162, Lines 2
Match: Event 200707355, Lines 2
Match: Event 200707849, Lines 2
Match: Event 200708003, Lines 2
Match: Event 200708571, Lines 2
Match: Event 200708666, Lines 2
[71%] 	 22,641/31,888 	 10:05:59
Match: Event 200709755, Lines 2
Match: Event 200710023, Lines 2
Match: Event 200710873, Lines 2
Match: Event 200711147, Lines 2
Match: Event 200711163, Lines 2
Match: Event 200711220, Lines 2
Match: Event 200711386, Lines 2
Match: Event 200711720, Lines 2
Match: Event 200712613, Lines 2
Match: Event 200713179, Lines 2
Match: Event 200713714, Lines 2
Match: Event 200714046, Lines 2
Match: Event 200714454, Lines 2
Match: Event 200715205, Lines 2
Match: Event 200716147, Lines 2
Match: Event 200717518, Lines 3
Match: Event 200718355, Lines 2
[72%] 	 22,960/31,888 	 10:15:45
Match: Event 200719523, Lines 2
Match: Event 200719730, Lines 2
Match: Event 200720450, Lines 2
Match: Event 200721006, Lines 2
Match: Event 200721154, Lines 2
Match: Event 200721175, Lines 2
Match: Event 200724623, Lines 2
Match: Event 200724716, Lines 2
Match: Event 200724946, Lines 2
Match: Event 200725473, Lines 3
Match: Event 200726106, Lines 2
Match: Event 200726270, Lines 2
Match: Event 200727030, Lines 2
Match: Event 200728497, Lines 2
Match: Event 200728726, Lines 2
Match: Event 200729032, Lines 2
[73%] 	 23,279/31,888 	 10:23:39
Match: Event 200730606, Lines 2
Match: Event 200731246, Lines 2
Match: Event 200731619, Lines 2
Match: Event 200733009, Lines 2
Match: Event 200733075, Lines 2
Match: Event 200733386, Lines 2
Match: Event 200733746, Lines 3
Match: Event 200733818, Lines 2
Match: Event 200734560, Lines 2
Match: Event 200735226, Lines 3
Match: Event 200736162, Lines 3
Match: Event 200736167, Lines 2
Match: Event 200736765, Lines 2
Match: Event 200737593, Lines 2
Match: Event 200737710, Lines 2
Match: Event 200737941, Lines 2
Match: Event 200738305, Lines 2
Match: Event 200738343, Lines 2
Match: Event 200738615, Lines 2
[74%] 	 23,598/31,888 	 10:32:17
Match: Event 200739743, Lines 2
Match: Event 200740274, Lines 2
Match: Event 200740938, Lines 2
Match: Event 200741528, Lines 2
Match: Event 200742809, Lines 2
Match: Event 200745146, Lines 2
Match: Event 200745496, Lines 2
Match: Event 200746546, Lines 2
Match: Event 200746647, Lines 2
Match: Event 200746701, Lines 2
Match: Event 200747276, Lines 2
Match: Event 200747354, Lines 2
Match: Event 200747463, Lines 2
Match: Event 200748986, Lines 2
Match: Event 200749071, Lines 2
[75%] 	 23,916/31,888 	 10:41:50
Match: Event 200749279, Lines 2
Match: Event 200750434, Lines 2
Match: Event 200750769, Lines 2
Match: Event 200750797, Lines 2
Match: Event 200751191, Lines 2
Match: Event 200751487, Lines 2
Match: Event 200751668, Lines 2
Match: Event 200751686, Lines 3
Match: Event 200751752, Lines 2
Match: Event 200753383, Lines 2
Match: Event 200753388, Lines 2
Match: Event 200755972, Lines 2
Match: Event 200756617, Lines 2
Match: Event 200756851, Lines 2
Match: Event 200757178, Lines 3
Match: Event 200757710, Lines 2
[76%] 	 24,235/31,888 	 10:51:35
Match: Event 200758967, Lines 2
Match: Event 200759233, Lines 2
Match: Event 200762338, Lines 2
Match: Event 200762776, Lines 2
Match: Event 200763157, Lines 2
Match: Event 200764659, Lines 2
Match: Event 200764711, Lines 2
Match: Event 200765088, Lines 2
Match: Event 200765452, Lines 2
Match: Event 200766985, Lines 2
[77%] 	 24,554/31,888 	 10:59:54
Match: Event 200768844, Lines 2
Match: Event 200769805, Lines 2
Match: Event 200769957, Lines 2
Match: Event 200771584, Lines 2
Match: Event 200772276, Lines 2
Match: Event 200772959, Lines 2
Match: Event 200774427, Lines 2
Match: Event 200774996, Lines 2
Match: Event 200775421, Lines 2
Match: Event 200775676, Lines 2
Match: Event 200775718, Lines 2
Match: Event 200775921, Lines 2
Match: Event 200776527, Lines 3
[78%] 	 24,873/31,888 	 11:08:16
Match: Event 200778596, Lines 2
Match: Event 200779185, Lines 2
Match: Event 200779588, Lines 2
Match: Event 200780319, Lines 2
Match: Event 200780507, Lines 2
Match: Event 200782653, Lines 2
Match: Event 200783574, Lines 2
Match: Event 200783706, Lines 2
Match: Event 200783782, Lines 2
Match: Event 200784662, Lines 2
Match: Event 200784901, Lines 2
Match: Event 200785070, Lines 2
Match: Event 200785285, Lines 3
Match: Event 200787794, Lines 2
[79%] 	 25,192/31,888 	 11:15:40
Match: Event 200788910, Lines 2
Match: Event 200789205, Lines 2
Match: Event 200789791, Lines 2
Match: Event 200789817, Lines 2
Match: Event 200791290, Lines 2
Match: Event 200791432, Lines 3
Match: Event 200792000, Lines 2
Match: Event 200792015, Lines 2
Match: Event 200793095, Lines 2
Match: Event 200795684, Lines 2
Match: Event 200795927, Lines 2
Match: Event 200796243, Lines 2
Match: Event 200797048, Lines 2
Match: Event 200797091, Lines 2
Match: Event 200797646, Lines 2
Match: Event 200797692, Lines 2
[80%] 	 25,511/31,888 	 11:23:12
Match: Event 200798126, Lines 2
Match: Event 200799890, Lines 2
Match: Event 200800849, Lines 2
Match: Event 200804188, Lines 2
Match: Event 200806001, Lines 2
Match: Event 200806590, Lines 2
Match: Event 200807254, Lines 2
Match: Event 200807518, Lines 2
[81%] 	 25,830/31,888 	 11:30:55
Match: Event 200808438, Lines 2
Match: Event 200808602, Lines 2
Match: Event 200812203, Lines 2
Match: Event 200813735, Lines 2
Match: Event 200814364, Lines 2
Match: Event 200815438, Lines 2
Match: Event 200815445, Lines 2
Match: Event 200815667, Lines 2
Match: Event 200815693, Lines 2
Match: Event 200816857, Lines 2
Match: Event 200817038, Lines 2
Match: Event 200817638, Lines 2
[82%] 	 26,149/31,888 	 11:38:32
Match: Event 200819009, Lines 2
Match: Event 200820220, Lines 2
Match: Event 200821276, Lines 2
Match: Event 200821525, Lines 2
Match: Event 200822519, Lines 2
Match: Event 200822834, Lines 2
Match: Event 200827824, Lines 2
[83%] 	 26,468/31,888 	 11:46:31
Match: Event 200828306, Lines 2
Match: Event 200829081, Lines 2
Match: Event 200829728, Lines 2
Match: Event 200831331, Lines 2
Match: Event 200832053, Lines 2
Match: Event 200833858, Lines 2
Match: Event 200834070, Lines 2
Match: Event 200834746, Lines 3
Match: Event 200835589, Lines 2
Match: Event 200835888, Lines 2
Match: Event 200836487, Lines 2
[84%] 	 26,786/31,888 	 11:54:16
Match: Event 200838337, Lines 2
Match: Event 200838855, Lines 2
Match: Event 200841129, Lines 2
Match: Event 200841399, Lines 2
Match: Event 200841409, Lines 2
Match: Event 200841519, Lines 2
Match: Event 200841888, Lines 2
Match: Event 200842849, Lines 2
Match: Event 200843347, Lines 2
Match: Event 200843458, Lines 2
Match: Event 200843972, Lines 2
Match: Event 200844166, Lines 2
Match: Event 200845990, Lines 2
Match: Event 200848454, Lines 2
[85%] 	 27,105/31,888 	 12:02:19
Match: Event 200849168, Lines 2
Match: Event 200849242, Lines 2
Match: Event 200851079, Lines 2
Match: Event 200853770, Lines 2
Match: Event 200855250, Lines 2
Match: Event 200855470, Lines 2
Match: Event 200856614, Lines 2
[86%] 	 27,424/31,888 	 12:10:01
Match: Event 200858623, Lines 2
Match: Event 200861611, Lines 2
Match: Event 200861943, Lines 2
Match: Event 200862305, Lines 2
Match: Event 200863835, Lines 3
Match: Event 200864210, Lines 2
Match: Event 200864612, Lines 2
Match: Event 200864958, Lines 2
Match: Event 200865581, Lines 2
Match: Event 200865773, Lines 2
Match: Event 200866083, Lines 2
Match: Event 200866960, Lines 2
[87%] 	 27,743/31,888 	 12:20:30
Match: Event 200868024, Lines 2
Match: Event 200868878, Lines 2
Match: Event 200870344, Lines 2
Match: Event 200870818, Lines 2
Match: Event 200870899, Lines 2
Match: Event 200871292, Lines 2
Match: Event 200871472, Lines 2
Match: Event 200872336, Lines 2
Match: Event 200874807, Lines 2
Match: Event 200874974, Lines 2
Match: Event 200875191, Lines 2
Match: Event 200875628, Lines 2
Match: Event 200875878, Lines 2
Match: Event 200876460, Lines 2
Match: Event 200876938, Lines 2
Match: Event 200877650, Lines 3
Match: Event 200877732, Lines 3
[88%] 	 28,062/31,888 	 12:29:15
Match: Event 200878562, Lines 3
Match: Event 200879101, Lines 2
Match: Event 200882239, Lines 2
Match: Event 200883381, Lines 2
Match: Event 200884452, Lines 2
Match: Event 200884579, Lines 2
Match: Event 200884651, Lines 2
Match: Event 200885324, Lines 2
Match: Event 200885678, Lines 2
Match: Event 200885819, Lines 2
Match: Event 200885916, Lines 2
Match: Event 200886514, Lines 2
Match: Event 200887248, Lines 2
Match: Event 200887340, Lines 2
Match: Event 200887383, Lines 2
Match: Event 200888114, Lines 3
Match: Event 200888327, Lines 2
Match: Event 200889086, Lines 3
[89%] 	 28,381/31,888 	 12:38:59
Match: Event 200889167, Lines 2
Match: Event 200889455, Lines 2
Match: Event 200889970, Lines 2
Match: Event 200890197, Lines 2
Match: Event 200890282, Lines 2
Match: Event 200890710, Lines 2
Match: Event 200891551, Lines 2
Match: Event 200893070, Lines 2
Match: Event 200893352, Lines 3
Match: Event 200893633, Lines 2
Match: Event 200893641, Lines 2
Match: Event 200894743, Lines 2
Match: Event 200895084, Lines 2
Match: Event 200896323, Lines 2
Match: Event 200896935, Lines 2
Match: Event 200898374, Lines 2
[90%] 	 28,700/31,888 	 12:47:01
Match: Event 200898840, Lines 2
Match: Event 200899972, Lines 2
Match: Event 200900495, Lines 2
Match: Event 200900904, Lines 2
Match: Event 200900913, Lines 2
Match: Event 200900945, Lines 2
Match: Event 200901152, Lines 3
Match: Event 200901201, Lines 2
Match: Event 200901473, Lines 2
Match: Event 200902084, Lines 3
Match: Event 200904030, Lines 2
Match: Event 200904253, Lines 2
Match: Event 200905119, Lines 2
Match: Event 200905182, Lines 2
Match: Event 200906375, Lines 2
[91%] 	 29,019/31,888 	 12:59:39
Match: Event 200907653, Lines 2
Match: Event 200908125, Lines 2
Match: Event 200908170, Lines 2
Match: Event 200910204, Lines 2
Match: Event 200910595, Lines 2
Match: Event 200910968, Lines 2
Match: Event 200911028, Lines 2
Match: Event 200911850, Lines 2
Match: Event 200914007, Lines 2
Match: Event 200914949, Lines 2
Match: Event 200915791, Lines 2
Match: Event 200916008, Lines 2
Match: Event 200916404, Lines 2
Match: Event 200917573, Lines 2
[92%] 	 29,337/31,888 	 13:09:21
Match: Event 200917642, Lines 2
Match: Event 200918050, Lines 2
Match: Event 200918904, Lines 2
Match: Event 200919006, Lines 2
Match: Event 200919866, Lines 2
Match: Event 200920096, Lines 2
Match: Event 200920445, Lines 2
Match: Event 200920667, Lines 2
Match: Event 200920690, Lines 2
Match: Event 200920984, Lines 2
Match: Event 200921471, Lines 2
Match: Event 200921918, Lines 2
Match: Event 200922218, Lines 2
Match: Event 200922405, Lines 2
Match: Event 200925139, Lines 2
Match: Event 200925552, Lines 2
Match: Event 200925852, Lines 2
Match: Event 200925895, Lines 2
Match: Event 200926497, Lines 2
Match: Event 200926507, Lines 2
Match: Event 200926598, Lines 2
Match: Event 200926974, Lines 2
Match: Event 200927499, Lines 2
[93%] 	 29,656/31,888 	 13:19:59
Match: Event 200928192, Lines 2
Match: Event 200928539, Lines 2
Match: Event 200929008, Lines 2
Match: Event 200929404, Lines 2
Match: Event 200930238, Lines 2
Match: Event 200930311, Lines 2
Match: Event 200930984, Lines 3
Match: Event 200931381, Lines 2
Match: Event 200931596, Lines 2
Match: Event 200931972, Lines 2
Match: Event 200932811, Lines 2
Match: Event 200933205, Lines 2
Match: Event 200933487, Lines 2
Match: Event 200934001, Lines 2
Match: Event 200934142, Lines 2
Match: Event 200935132, Lines 3
[94%] 	 29,975/31,888 	 13:30:32
Match: Event 200938322, Lines 2
Match: Event 200938591, Lines 2
Match: Event 200938773, Lines 2
Match: Event 200940358, Lines 2
Match: Event 200940818, Lines 2
Match: Event 200941867, Lines 2
Match: Event 200942942, Lines 2
Match: Event 200943157, Lines 2
Match: Event 200943749, Lines 2
Match: Event 200943789, Lines 2
Match: Event 200943984, Lines 2
Match: Event 200944481, Lines 2
Match: Event 200946063, Lines 2
Match: Event 200947795, Lines 2
Match: Event 200948891, Lines 2
[95%] 	 30,294/31,888 	 13:39:29
Match: Event 200949377, Lines 2
Match: Event 200949475, Lines 2
Match: Event 200951252, Lines 2
Match: Event 200951813, Lines 2
Match: Event 200952246, Lines 2
Match: Event 200952408, Lines 2
Match: Event 200952977, Lines 2
Match: Event 200953153, Lines 2
Match: Event 200953494, Lines 2
Match: Event 200953599, Lines 2
Match: Event 200953681, Lines 2
Match: Event 200954056, Lines 2
Match: Event 200954414, Lines 2
Match: Event 200955004, Lines 2
Match: Event 200956679, Lines 2
Match: Event 200957545, Lines 2
Match: Event 200958047, Lines 2
Match: Event 200958314, Lines 2
Match: Event 200958400, Lines 2
Match: Event 200958955, Lines 2
[96%] 	 30,613/31,888 	 13:50:09
Match: Event 200959824, Lines 2
Match: Event 200960572, Lines 2
Match: Event 200961948, Lines 2
Match: Event 200962716, Lines 2
Match: Event 200963835, Lines 2
Match: Event 200964535, Lines 2
Match: Event 200964543, Lines 2
Match: Event 200964743, Lines 3
Match: Event 200964803, Lines 2
Match: Event 200964922, Lines 2
Match: Event 200965042, Lines 3
Match: Event 200965835, Lines 2
Match: Event 200966118, Lines 2
Match: Event 200966418, Lines 2
Match: Event 200967790, Lines 2
Match: Event 200968006, Lines 2
Match: Event 200969562, Lines 2
Match: Event 200969572, Lines 2
Match: Event 200969855, Lines 2
Match: Event 200970089, Lines 2
[97%] 	 30,932/31,888 	 14:00:59
Match: Event 200971520, Lines 2
Match: Event 200972378, Lines 2
Match: Event 200972467, Lines 2
Match: Event 200973318, Lines 2
Match: Event 200973802, Lines 2
Match: Event 200976007, Lines 2
Match: Event 200976496, Lines 2
Match: Event 200977252, Lines 2
Match: Event 200977474, Lines 2
Match: Event 200978103, Lines 2
Match: Event 200978178, Lines 2
Match: Event 200978627, Lines 3
Match: Event 200978925, Lines 2
[98%] 	 31,251/31,888 	 14:08:47
Match: Event 200979992, Lines 2
Match: Event 200980476, Lines 2
Match: Event 200981764, Lines 2
Match: Event 200981865, Lines 2
Match: Event 200981987, Lines 2
Match: Event 200982334, Lines 2
Match: Event 200982486, Lines 2
Match: Event 200982629, Lines 2
Match: Event 200984349, Lines 2
Match: Event 200985056, Lines 2
Match: Event 200985887, Lines 2
Match: Event 200986069, Lines 2
Match: Event 200989146, Lines 2
[99%] 	 31,570/31,888 	 14:17:12
Match: Event 200990186, Lines 2
Match: Event 200991413, Lines 2
Match: Event 200991982, Lines 2
Match: Event 200992579, Lines 2
Match: Event 200993863, Lines 2
Match: Event 200993897, Lines 2
Match: Event 200993988, Lines 2
Match: Event 200994536, Lines 2
Match: Event 200996437, Lines 2
Match: Event 200997355, Lines 2
Match: Event 200998223, Lines 2
Match: Event 200999127, Lines 2
Finished in 52085.14s.
 ~ 5) DONE !
