search libraries in slc9_x86-64
 ~ 1) Base stack loaded.
 ~ Sleeping for 58 seconds to avoid AFS DDOS...
 ~ 2) Loading sndsw environment...
 ~ 3) SNDSW_ROOT is set to: /afs/cern.ch/user/i/idioniso/snd_master/sw-root6.28/rhel9_x86-64/sndsw/master-local1
 ~ 4) Executing tracking script...
[INFO] The input consists out of the following trees and files: 
[INFO]  - rawConv
[INFO]     - root://eoshome-i.cern.ch//eos/user/i/idioniso/tridents/initial_cuts/tridents_sndsw_raw-0264.root
[INFO] FairRootFileSink initialized.
[INFO]  - cbmout
[INFO]     - dummy
[INFO] Parameter and input file are available, Assure that basic info is there for the run!
[INFO] ---FairRootManager::SpecifyRunId --- 
[INFO] --- Initialize with RunId  --- 0

************************************************************* 
     initialisation for run id 0
************************************************************* 
-I- FairRunTimeDB::InitContainer() FairBaseParSet
-I- FairRunTimeDB::InitContainer() FairGeoParSet

************************************************************* 
     initialisation for run id 0
************************************************************* 
-I- FairRunTimeDB::InitContainer() FairBaseParSet
-I- FairRunTimeDB::InitContainer() FairGeoParSet
[INFO]  Branch: Reco_MuonTracks not found in Tree.
using geofile: root://eospublic.cern.ch//eos/experiment/sndlhc/convertedData/physics/2023/geofile_sndlhc_TI18_V3_2023.root
[0%] 	 0/32,033 	 00:00:10
[1%] 	 321/32,033 	 00:05:04
[2%] 	 641/32,033 	 00:09:51
Match: Event 264027985, Lines 2
Match: Event 264028048, Lines 2
[3%] 	 961/32,033 	 00:14:34
[4%] 	 1,282/32,033 	 00:19:18
[5%] 	 1,602/32,033 	 00:24:02
Match: Event 264050980, Lines 2
[6%] 	 1,922/32,033 	 00:28:46
Match: Event 264059768, Lines 2
[7%] 	 2,243/32,033 	 00:33:59
[8%] 	 2,563/32,033 	 00:39:53
[9%] 	 2,883/32,033 	 00:45:39
[10%] 	 3,204/32,033 	 00:50:42
[11%] 	 3,524/32,033 	 00:55:31
[12%] 	 3,844/32,033 	 01:00:41
[13%] 	 4,165/32,033 	 01:05:56
[14%] 	 4,485/32,033 	 01:11:19
[15%] 	 4,805/32,033 	 01:16:06
[16%] 	 5,126/32,033 	 01:20:52
Match: Event 264161034, Lines 2
[17%] 	 5,446/32,033 	 01:25:43
[18%] 	 5,766/32,033 	 01:30:30
[19%] 	 6,087/32,033 	 01:35:22
[20%] 	 6,407/32,033 	 01:40:07
[21%] 	 6,727/32,033 	 01:44:51
[22%] 	 7,048/32,033 	 01:49:35
[23%] 	 7,368/32,033 	 01:54:23
Match: Event 264236079, Lines 2
[24%] 	 7,688/32,033 	 01:59:21
[25%] 	 8,009/32,033 	 02:04:24
[26%] 	 8,329/32,033 	 02:09:19
[27%] 	 8,649/32,033 	 02:14:15
Match: Event 264273970, Lines 2
[28%] 	 8,970/32,033 	 02:19:20
[29%] 	 9,290/32,033 	 02:24:20
[30%] 	 9,610/32,033 	 02:29:18
[31%] 	 9,931/32,033 	 02:34:22
[32%] 	 10,251/32,033 	 02:39:14
[33%] 	 10,571/32,033 	 02:45:00
[34%] 	 10,892/32,033 	 02:50:45
[35%] 	 11,212/32,033 	 02:56:22
[36%] 	 11,532/32,033 	 03:01:27
[37%] 	 11,853/32,033 	 03:06:30
Match: Event 264372341, Lines 2
[38%] 	 12,173/32,033 	 03:12:25
Match: Event 264382475, Lines 2
Match: Event 264384050, Lines 2
Match: Event 264386850, Lines 2
[39%] 	 12,493/32,033 	 03:20:15
[40%] 	 12,814/32,033 	 03:27:21
[41%] 	 13,134/32,033 	 03:33:23
[42%] 	 13,454/32,033 	 03:39:04
[43%] 	 13,775/32,033 	 03:44:52
[44%] 	 14,095/32,033 	 03:51:01
[45%] 	 14,415/32,033 	 03:57:01
[46%] 	 14,736/32,033 	 04:02:43
Match: Event 264466525, Lines 2
[47%] 	 15,056/32,033 	 04:08:32
Match: Event 264473893, Lines 2
[48%] 	 15,376/32,033 	 04:14:24
Match: Event 264483480, Lines 2
[49%] 	 15,697/32,033 	 04:20:25
Match: Event 264496610, Lines 2
[50%] 	 16,017/32,033 	 04:26:34
Match: Event 264506833, Lines 2
[51%] 	 16,337/32,033 	 04:32:25
Match: Event 264511373, Lines 2
[52%] 	 16,658/32,033 	 04:38:12
[53%] 	 16,978/32,033 	 04:43:54
[54%] 	 17,298/32,033 	 04:48:49
[55%] 	 17,619/32,033 	 04:54:13
[56%] 	 17,939/32,033 	 05:00:10
Match: Event 264567039, Lines 2
[57%] 	 18,259/32,033 	 05:05:30
[58%] 	 18,580/32,033 	 05:11:29
Match: Event 264579685, Lines 2
[59%] 	 18,900/32,033 	 05:18:00
Match: Event 264595812, Lines 2
[60%] 	 19,220/32,033 	 05:25:03
[61%] 	 19,541/32,033 	 05:31:23
Match: Event 264615232, Lines 2
[62%] 	 19,861/32,033 	 05:37:52
Match: Event 264623368, Lines 2
[63%] 	 20,181/32,033 	 05:44:25
[64%] 	 20,502/32,033 	 05:51:30
[65%] 	 20,822/32,033 	 05:58:01
[66%] 	 21,142/32,033 	 06:04:28
[67%] 	 21,463/32,033 	 06:10:58
Match: Event 264667964, Lines 2
[68%] 	 21,783/32,033 	 06:17:18
[69%] 	 22,103/32,033 	 06:23:38
[70%] 	 22,424/32,033 	 06:29:46
Match: Event 264699087, Lines 2
[71%] 	 22,744/32,033 	 06:36:29
[72%] 	 23,064/32,033 	 06:42:52
[73%] 	 23,385/32,033 	 06:49:06
Match: Event 264734566, Lines 2
[74%] 	 23,705/32,033 	 06:55:22
Match: Event 264743289, Lines 2
[75%] 	 24,025/32,033 	 07:02:26
Match: Event 264754576, Lines 2
Match: Event 264755602, Lines 2
[76%] 	 24,346/32,033 	 07:08:10
[77%] 	 24,666/32,033 	 07:13:47
[78%] 	 24,986/32,033 	 07:19:49
[79%] 	 25,307/32,033 	 07:25:03
[80%] 	 25,627/32,033 	 07:30:49
[81%] 	 25,947/32,033 	 07:35:57
[82%] 	 26,268/32,033 	 07:41:13
Match: Event 264826226, Lines 2
[83%] 	 26,588/32,033 	 07:47:09
[84%] 	 26,908/32,033 	 07:53:16
[85%] 	 27,229/32,033 	 07:59:30
[86%] 	 27,549/32,033 	 08:05:41
Match: Event 264867023, Lines 2
[87%] 	 27,869/32,033 	 08:11:13
[88%] 	 28,190/32,033 	 08:16:29
[89%] 	 28,510/32,033 	 08:21:40
[90%] 	 28,830/32,033 	 08:26:39
[91%] 	 29,151/32,033 	 08:31:30
Match: Event 264915991, Lines 2
[92%] 	 29,471/32,033 	 08:36:20
Match: Event 264925202, Lines 2
[93%] 	 29,791/32,033 	 08:41:20
[94%] 	 30,112/32,033 	 08:46:17
[95%] 	 30,432/32,033 	 08:51:02
Match: Event 264955757, Lines 2
[96%] 	 30,752/32,033 	 08:55:51
[97%] 	 31,073/32,033 	 09:01:06
[98%] 	 31,393/32,033 	 09:06:07
Match: Event 264988298, Lines 2
[99%] 	 31,713/32,033 	 09:11:06
Finished in 33412.22s.
 ~ 5) DONE !
