search libraries in slc9_x86-64
 ~ 1) Base stack loaded.
 ~ Sleeping for 2 seconds to avoid AFS DDOS...
 ~ 2) Loading sndsw environment...
 ~ 3) SNDSW_ROOT is set to: /afs/cern.ch/user/i/idioniso/snd_master/sw-root6.28/rhel9_x86-64/sndsw/master-local1
 ~ 4) Executing tracking script...
[INFO] The input consists out of the following trees and files: 
[INFO]  - rawConv
[INFO]     - root://eoshome-i.cern.ch//eos/user/i/idioniso/tridents/initial_cuts/tridents_sndsw_raw-0343.root
[INFO] FairRootFileSink initialized.
[INFO]  - cbmout
[INFO]     - dummy
[INFO] Parameter and input file are available, Assure that basic info is there for the run!
[INFO] ---FairRootManager::SpecifyRunId --- 
[INFO] --- Initialize with RunId  --- 0

************************************************************* 
     initialisation for run id 0
************************************************************* 
-I- FairRunTimeDB::InitContainer() FairBaseParSet
-I- FairRunTimeDB::InitContainer() FairGeoParSet

************************************************************* 
     initialisation for run id 0
************************************************************* 
-I- FairRunTimeDB::InitContainer() FairBaseParSet
-I- FairRunTimeDB::InitContainer() FairGeoParSet
[INFO]  Branch: Reco_MuonTracks not found in Tree.
using geofile: root://eospublic.cern.ch//eos/experiment/sndlhc/convertedData/physics/2023/geofile_sndlhc_TI18_V3_2023.root
[0%] 	 0/31,178 	 00:00:14
Match: Event 343001307, Lines 2
Match: Event 343002042, Lines 2
Match: Event 343003498, Lines 2
Match: Event 343004092, Lines 2
Match: Event 343004460, Lines 2
Match: Event 343004723, Lines 2
Match: Event 343004862, Lines 2
Match: Event 343005379, Lines 2
Match: Event 343006849, Lines 2
Match: Event 343009701, Lines 2
[1%] 	 312/31,178 	 00:05:12
Match: Event 343010439, Lines 2
Match: Event 343011653, Lines 2
Match: Event 343012225, Lines 2
Match: Event 343012560, Lines 2
Match: Event 343013803, Lines 2
Match: Event 343014085, Lines 2
Match: Event 343015427, Lines 2
Match: Event 343015793, Lines 2
Match: Event 343016011, Lines 2
Match: Event 343016262, Lines 2
Match: Event 343016295, Lines 2
Match: Event 343016992, Lines 2
Match: Event 343017072, Lines 2
Match: Event 343017073, Lines 2
Match: Event 343019157, Lines 2
Match: Event 343019430, Lines 2
Match: Event 343019483, Lines 2
[2%] 	 624/31,178 	 00:09:31
Match: Event 343019529, Lines 2
Match: Event 343020640, Lines 2
Match: Event 343020827, Lines 2
Match: Event 343020933, Lines 2
Match: Event 343021725, Lines 2
Match: Event 343022883, Lines 2
Match: Event 343023209, Lines 2
Match: Event 343023519, Lines 2
Match: Event 343025426, Lines 2
Match: Event 343026117, Lines 2
Match: Event 343028065, Lines 2
Match: Event 343028128, Lines 2
Match: Event 343028201, Lines 2
Match: Event 343028921, Lines 2
Match: Event 343029048, Lines 3
[3%] 	 936/31,178 	 00:13:50
Match: Event 343029424, Lines 2
Match: Event 343030364, Lines 2
Match: Event 343030749, Lines 2
Match: Event 343031319, Lines 2
Match: Event 343032114, Lines 2
Match: Event 343032943, Lines 2
Match: Event 343036074, Lines 2
Match: Event 343036431, Lines 2
Match: Event 343036530, Lines 2
Match: Event 343038451, Lines 2
[4%] 	 1,248/31,178 	 00:18:17
Match: Event 343039400, Lines 2
Match: Event 343039903, Lines 2
Match: Event 343040647, Lines 2
Match: Event 343040968, Lines 2
Match: Event 343041030, Lines 2
Match: Event 343042697, Lines 2
Match: Event 343043197, Lines 2
Match: Event 343043506, Lines 2
Match: Event 343044084, Lines 2
Match: Event 343044950, Lines 2
Match: Event 343045356, Lines 2
Match: Event 343046694, Lines 2
Match: Event 343046927, Lines 2
[5%] 	 1,559/31,178 	 00:23:06
Match: Event 343049908, Lines 2
Match: Event 343050793, Lines 2
Match: Event 343051253, Lines 2
Match: Event 343052643, Lines 2
Match: Event 343052864, Lines 2
Match: Event 343053335, Lines 2
Match: Event 343053647, Lines 2
Match: Event 343053798, Lines 2
Match: Event 343054611, Lines 2
Match: Event 343056045, Lines 2
Match: Event 343056297, Lines 2
Match: Event 343057902, Lines 2
[6%] 	 1,871/31,178 	 00:27:25
Match: Event 343059509, Lines 2
Match: Event 343060531, Lines 2
Match: Event 343061536, Lines 2
Match: Event 343061974, Lines 2
Match: Event 343062760, Lines 2
Match: Event 343063611, Lines 2
Match: Event 343064992, Lines 2
Match: Event 343065593, Lines 2
Match: Event 343065807, Lines 2
Match: Event 343066327, Lines 2
Match: Event 343067374, Lines 2
Match: Event 343067754, Lines 2
Match: Event 343067992, Lines 2
Match: Event 343068166, Lines 2
[7%] 	 2,183/31,178 	 00:31:33
Match: Event 343068938, Lines 2
Match: Event 343069190, Lines 2
Match: Event 343070258, Lines 2
Match: Event 343071505, Lines 2
Match: Event 343073410, Lines 3
Match: Event 343074103, Lines 2
Match: Event 343075362, Lines 2
Match: Event 343075385, Lines 2
Match: Event 343075857, Lines 2
Match: Event 343076503, Lines 2
Match: Event 343076638, Lines 3
Match: Event 343076655, Lines 2
Match: Event 343076811, Lines 2
Match: Event 343077095, Lines 2
Match: Event 343077300, Lines 3
[8%] 	 2,495/31,178 	 00:35:36
Match: Event 343080673, Lines 3
Match: Event 343082045, Lines 2
Match: Event 343083079, Lines 2
Match: Event 343084930, Lines 2
Match: Event 343085959, Lines 2
Match: Event 343086611, Lines 2
[9%] 	 2,807/31,178 	 00:39:44
Match: Event 343089462, Lines 2
Match: Event 343090549, Lines 2
Match: Event 343090764, Lines 2
Match: Event 343092133, Lines 2
Match: Event 343092181, Lines 2
Match: Event 343092365, Lines 2
Match: Event 343092579, Lines 3
Match: Event 343093889, Lines 2
Match: Event 343096915, Lines 2
Match: Event 343096935, Lines 2
Match: Event 343097347, Lines 2
Match: Event 343097587, Lines 3
[10%] 	 3,118/31,178 	 00:43:45
Match: Event 343099316, Lines 2
Match: Event 343099873, Lines 2
Match: Event 343102917, Lines 2
Match: Event 343102984, Lines 2
Match: Event 343103780, Lines 2
Match: Event 343106611, Lines 2
Match: Event 343106855, Lines 2
Match: Event 343106868, Lines 2
Match: Event 343107011, Lines 2
Match: Event 343107107, Lines 2
Match: Event 343107193, Lines 2
[11%] 	 3,430/31,178 	 00:47:47
Match: Event 343108621, Lines 2
Match: Event 343109339, Lines 2
Match: Event 343109380, Lines 2
Match: Event 343110743, Lines 2
Match: Event 343111239, Lines 2
Match: Event 343114149, Lines 2
Match: Event 343115738, Lines 2
Match: Event 343115790, Lines 3
Match: Event 343118335, Lines 2
[12%] 	 3,742/31,178 	 00:51:51
Match: Event 343119180, Lines 3
Match: Event 343119813, Lines 2
Match: Event 343121092, Lines 2
Match: Event 343123792, Lines 2
Match: Event 343124171, Lines 2
Match: Event 343124185, Lines 2
Match: Event 343124349, Lines 2
Match: Event 343126070, Lines 2
Match: Event 343127130, Lines 2
Match: Event 343127625, Lines 2
[13%] 	 4,054/31,178 	 00:55:55
Match: Event 343128186, Lines 2
Match: Event 343128978, Lines 2
Match: Event 343130921, Lines 2
Match: Event 343131118, Lines 2
Match: Event 343131694, Lines 2
Match: Event 343132676, Lines 2
Match: Event 343133001, Lines 3
Match: Event 343134056, Lines 2
Match: Event 343134531, Lines 2
Match: Event 343135448, Lines 2
Match: Event 343135990, Lines 2
Match: Event 343137428, Lines 2
Match: Event 343137646, Lines 2
Match: Event 343137821, Lines 2
[14%] 	 4,365/31,178 	 01:00:14
Match: Event 343138607, Lines 3
Match: Event 343139136, Lines 2
Match: Event 343139846, Lines 3
Match: Event 343141135, Lines 2
Match: Event 343143629, Lines 3
Match: Event 343144084, Lines 2
Match: Event 343144583, Lines 2
Match: Event 343144998, Lines 2
Match: Event 343147014, Lines 2
Match: Event 343147305, Lines 2
Match: Event 343147745, Lines 2
Match: Event 343147990, Lines 2
Match: Event 343148189, Lines 2
Match: Event 343148258, Lines 3
[15%] 	 4,677/31,178 	 01:05:07
Match: Event 343150367, Lines 2
Match: Event 343150610, Lines 2
Match: Event 343150710, Lines 2
Match: Event 343151161, Lines 2
Match: Event 343151536, Lines 2
Match: Event 343152291, Lines 2
Match: Event 343152306, Lines 2
Match: Event 343152329, Lines 2
Match: Event 343152425, Lines 2
Match: Event 343153270, Lines 2
Match: Event 343154199, Lines 2
Match: Event 343154373, Lines 2
Match: Event 343155391, Lines 2
Match: Event 343155752, Lines 2
Match: Event 343156365, Lines 2
Match: Event 343156573, Lines 2
Match: Event 343156976, Lines 2
Match: Event 343157122, Lines 2
Match: Event 343157728, Lines 2
Match: Event 343157883, Lines 2
Match: Event 343158160, Lines 2
Match: Event 343158391, Lines 2
[16%] 	 4,989/31,178 	 01:10:14
Match: Event 343161083, Lines 2
Match: Event 343161456, Lines 2
Match: Event 343163072, Lines 2
Match: Event 343164243, Lines 2
Match: Event 343164419, Lines 2
Match: Event 343165174, Lines 2
Match: Event 343165284, Lines 2
Match: Event 343166598, Lines 2
Match: Event 343167015, Lines 2
Match: Event 343168250, Lines 2
Match: Event 343169338, Lines 2
[17%] 	 5,301/31,178 	 01:15:15
Match: Event 343169981, Lines 2
Match: Event 343170510, Lines 3
Match: Event 343171409, Lines 2
Match: Event 343172147, Lines 2
Match: Event 343172829, Lines 2
Match: Event 343173214, Lines 3
Match: Event 343173310, Lines 2
Match: Event 343173876, Lines 2
Match: Event 343174117, Lines 2
Match: Event 343175413, Lines 2
Match: Event 343175612, Lines 2
Match: Event 343175890, Lines 2
Match: Event 343175970, Lines 2
Match: Event 343177601, Lines 3
Match: Event 343177732, Lines 2
Match: Event 343177764, Lines 2
Match: Event 343178309, Lines 2
Match: Event 343178879, Lines 2
[18%] 	 5,613/31,178 	 01:20:18
Match: Event 343182907, Lines 2
Match: Event 343183175, Lines 2
Match: Event 343184198, Lines 2
Match: Event 343185781, Lines 2
Match: Event 343185839, Lines 2
Match: Event 343186427, Lines 2
Match: Event 343186811, Lines 2
Match: Event 343187319, Lines 2
Match: Event 343188142, Lines 2
Match: Event 343188773, Lines 2
[19%] 	 5,924/31,178 	 01:25:26
Match: Event 343189200, Lines 2
Match: Event 343189655, Lines 2
Match: Event 343190381, Lines 2
Match: Event 343191146, Lines 3
Match: Event 343191518, Lines 2
Match: Event 343193623, Lines 2
Match: Event 343193968, Lines 2
Match: Event 343194867, Lines 2
Match: Event 343195037, Lines 3
Match: Event 343195205, Lines 2
Match: Event 343195303, Lines 2
Match: Event 343196811, Lines 2
Match: Event 343198622, Lines 2
Match: Event 343198939, Lines 2
[20%] 	 6,236/31,178 	 01:30:30
Match: Event 343200732, Lines 2
Match: Event 343201469, Lines 2
Match: Event 343201627, Lines 2
Match: Event 343202179, Lines 2
Match: Event 343202213, Lines 3
Match: Event 343202414, Lines 2
Match: Event 343202727, Lines 3
Match: Event 343203188, Lines 2
Match: Event 343204110, Lines 2
Match: Event 343204963, Lines 2
Match: Event 343205360, Lines 3
Match: Event 343207270, Lines 2
Match: Event 343207564, Lines 2
Match: Event 343207587, Lines 2
Match: Event 343207794, Lines 2
Match: Event 343208418, Lines 2
Match: Event 343208774, Lines 2
[21%] 	 6,548/31,178 	 01:35:23
Match: Event 343208936, Lines 2
Match: Event 343209759, Lines 2
Match: Event 343212963, Lines 2
Match: Event 343213193, Lines 2
Match: Event 343213386, Lines 2
Match: Event 343215518, Lines 2
Match: Event 343215629, Lines 2
Match: Event 343215744, Lines 2
Match: Event 343216782, Lines 2
Match: Event 343216861, Lines 2
Match: Event 343217433, Lines 2
[22%] 	 6,860/31,178 	 01:40:10
Match: Event 343218936, Lines 2
Match: Event 343219179, Lines 2
Match: Event 343219365, Lines 2
Match: Event 343221644, Lines 2
Match: Event 343222199, Lines 2
Match: Event 343223020, Lines 2
Match: Event 343223237, Lines 2
Match: Event 343223547, Lines 2
Match: Event 343223818, Lines 2
Match: Event 343224057, Lines 2
Match: Event 343224556, Lines 2
Match: Event 343225013, Lines 2
Match: Event 343225745, Lines 2
Match: Event 343226638, Lines 2
Match: Event 343227335, Lines 2
Match: Event 343227554, Lines 2
[23%] 	 7,171/31,178 	 01:44:53
Match: Event 343228102, Lines 2
Match: Event 343228377, Lines 2
Match: Event 343228991, Lines 2
Match: Event 343229591, Lines 2
Match: Event 343229910, Lines 2
Match: Event 343229975, Lines 2
Match: Event 343231271, Lines 2
Match: Event 343232681, Lines 3
Match: Event 343233008, Lines 2
Match: Event 343233070, Lines 2
Match: Event 343233630, Lines 2
Match: Event 343234072, Lines 2
Match: Event 343235436, Lines 2
Match: Event 343235498, Lines 2
Match: Event 343236928, Lines 2
Match: Event 343237159, Lines 2
Match: Event 343237633, Lines 2
[24%] 	 7,483/31,178 	 01:49:37
Match: Event 343239709, Lines 2
Match: Event 343240729, Lines 2
Match: Event 343240797, Lines 2
Match: Event 343240914, Lines 2
Match: Event 343241451, Lines 2
Match: Event 343241936, Lines 2
Match: Event 343241969, Lines 2
Match: Event 343243257, Lines 3
Match: Event 343243296, Lines 2
Match: Event 343243335, Lines 2
Match: Event 343243927, Lines 2
Match: Event 343244774, Lines 2
Match: Event 343244839, Lines 2
Match: Event 343245335, Lines 2
Match: Event 343246000, Lines 3
Match: Event 343246213, Lines 2
Match: Event 343246214, Lines 2
Match: Event 343246482, Lines 2
Match: Event 343246832, Lines 2
Match: Event 343246950, Lines 2
Match: Event 343247347, Lines 2
Match: Event 343247466, Lines 2
[25%] 	 7,795/31,178 	 01:55:01
Match: Event 343247978, Lines 2
Match: Event 343250301, Lines 2
Match: Event 343253361, Lines 2
Match: Event 343253470, Lines 2
Match: Event 343253483, Lines 2
Match: Event 343254190, Lines 2
Match: Event 343254523, Lines 2
Match: Event 343256344, Lines 2
Match: Event 343257780, Lines 2
[26%] 	 8,107/31,178 	 01:59:49
Match: Event 343261143, Lines 2
Match: Event 343262231, Lines 2
Match: Event 343262269, Lines 2
Match: Event 343262632, Lines 2
Match: Event 343262751, Lines 3
Match: Event 343262837, Lines 2
Match: Event 343266858, Lines 2
Match: Event 343267095, Lines 2
Match: Event 343267891, Lines 2
Match: Event 343268916, Lines 2
[27%] 	 8,419/31,178 	 02:04:51
Match: Event 343270279, Lines 2
Match: Event 343271935, Lines 2
Match: Event 343272431, Lines 2
Match: Event 343272791, Lines 2
Match: Event 343273064, Lines 2
Match: Event 343275291, Lines 2
Match: Event 343276924, Lines 2
Match: Event 343276996, Lines 2
Match: Event 343277171, Lines 3
Match: Event 343277544, Lines 2
Match: Event 343277876, Lines 2
Match: Event 343278523, Lines 2
Match: Event 343279322, Lines 2
Match: Event 343279409, Lines 2
[28%] 	 8,730/31,178 	 02:09:45
Match: Event 343279551, Lines 2
Match: Event 343279847, Lines 2
Match: Event 343280746, Lines 2
Match: Event 343280807, Lines 2
Match: Event 343281124, Lines 2
Match: Event 343282153, Lines 2
Match: Event 343283103, Lines 2
Match: Event 343283239, Lines 2
Match: Event 343284680, Lines 2
Match: Event 343286533, Lines 2
Match: Event 343287132, Lines 2
Match: Event 343287436, Lines 2
Match: Event 343287931, Lines 2
Match: Event 343288386, Lines 2
Match: Event 343289046, Lines 2
[29%] 	 9,042/31,178 	 02:14:52
Match: Event 343290612, Lines 2
Match: Event 343291646, Lines 2
Match: Event 343291873, Lines 2
Match: Event 343292125, Lines 2
Match: Event 343293891, Lines 2
Match: Event 343294813, Lines 2
Match: Event 343294957, Lines 2
Match: Event 343295085, Lines 2
Match: Event 343296147, Lines 2
Match: Event 343296181, Lines 2
Match: Event 343296667, Lines 2
Match: Event 343299189, Lines 2
Match: Event 343299594, Lines 2
[30%] 	 9,354/31,178 	 02:19:33
Match: Event 343300063, Lines 2
Match: Event 343300142, Lines 2
Match: Event 343300525, Lines 2
Match: Event 343301101, Lines 2
Match: Event 343301103, Lines 2
Match: Event 343301285, Lines 2
Match: Event 343302563, Lines 2
Match: Event 343302979, Lines 2
Match: Event 343303265, Lines 2
Match: Event 343303769, Lines 2
Match: Event 343303793, Lines 2
Match: Event 343304258, Lines 2
Match: Event 343304887, Lines 2
Match: Event 343305315, Lines 2
Match: Event 343305610, Lines 2
Match: Event 343306078, Lines 2
Match: Event 343306723, Lines 2
[31%] 	 9,666/31,178 	 02:24:34
Match: Event 343310705, Lines 2
Match: Event 343311315, Lines 2
Match: Event 343315227, Lines 2
Match: Event 343315462, Lines 2
Match: Event 343315636, Lines 2
Match: Event 343316878, Lines 2
Match: Event 343317045, Lines 2
Match: Event 343317542, Lines 2
[32%] 	 9,977/31,178 	 02:29:42
Match: Event 343319703, Lines 2
Match: Event 343320072, Lines 2
Match: Event 343320082, Lines 2
Match: Event 343322292, Lines 2
Match: Event 343323120, Lines 2
Match: Event 343323878, Lines 2
Match: Event 343325643, Lines 2
Match: Event 343326038, Lines 2
Match: Event 343326667, Lines 2
Match: Event 343326990, Lines 2
Match: Event 343327750, Lines 3
Match: Event 343328491, Lines 2
Match: Event 343328513, Lines 2
Match: Event 343328852, Lines 2
Match: Event 343329208, Lines 2
[33%] 	 10,289/31,178 	 02:34:44
Match: Event 343329931, Lines 2
Match: Event 343330525, Lines 2
Match: Event 343331626, Lines 2
Match: Event 343332973, Lines 2
Match: Event 343334347, Lines 3
Match: Event 343334427, Lines 2
Match: Event 343334792, Lines 2
Match: Event 343337713, Lines 2
Match: Event 343338559, Lines 2
Match: Event 343338599, Lines 2
Match: Event 343338787, Lines 2
[34%] 	 10,601/31,178 	 02:39:25
Match: Event 343341156, Lines 2
Match: Event 343342941, Lines 2
Match: Event 343343601, Lines 2
Match: Event 343346460, Lines 2
Match: Event 343346837, Lines 2
Match: Event 343347562, Lines 2
Match: Event 343348227, Lines 2
Match: Event 343348729, Lines 2
Match: Event 343349163, Lines 2
Match: Event 343349471, Lines 2
[35%] 	 10,913/31,178 	 02:44:36
Match: Event 343350198, Lines 2
Match: Event 343350248, Lines 2
Match: Event 343350302, Lines 2
Match: Event 343350566, Lines 2
Match: Event 343350733, Lines 2
Match: Event 343350867, Lines 2
Match: Event 343352283, Lines 2
Match: Event 343352533, Lines 2
Match: Event 343353368, Lines 2
Match: Event 343353836, Lines 2
Match: Event 343354564, Lines 2
Match: Event 343354816, Lines 2
Match: Event 343355376, Lines 2
Match: Event 343356848, Lines 2
Match: Event 343357534, Lines 2
Match: Event 343358179, Lines 2
Match: Event 343358454, Lines 2
Match: Event 343358779, Lines 2
[36%] 	 11,225/31,178 	 02:49:35
Match: Event 343359291, Lines 2
Match: Event 343359811, Lines 2
Match: Event 343363244, Lines 2
Match: Event 343363304, Lines 2
Match: Event 343363626, Lines 2
Match: Event 343366127, Lines 3
Match: Event 343366294, Lines 2
Match: Event 343366556, Lines 2
Match: Event 343367469, Lines 2
Match: Event 343367492, Lines 2
Match: Event 343367903, Lines 2
Match: Event 343368262, Lines 2
Match: Event 343368376, Lines 3
Match: Event 343368915, Lines 2
[37%] 	 11,536/31,178 	 02:54:25
Match: Event 343369946, Lines 2
Match: Event 343371038, Lines 2
Match: Event 343372581, Lines 3
Match: Event 343375111, Lines 2
Match: Event 343376936, Lines 2
Match: Event 343378263, Lines 2
Match: Event 343378845, Lines 2
[38%] 	 11,848/31,178 	 02:59:04
Match: Event 343379371, Lines 2
Match: Event 343379880, Lines 2
Match: Event 343380767, Lines 2
Match: Event 343381366, Lines 2
Match: Event 343381447, Lines 2
Match: Event 343381856, Lines 2
Match: Event 343382819, Lines 3
Match: Event 343383172, Lines 2
Match: Event 343383232, Lines 2
Match: Event 343385471, Lines 2
Match: Event 343388233, Lines 2
Match: Event 343388287, Lines 2
[39%] 	 12,160/31,178 	 03:04:01
Match: Event 343389330, Lines 2
Match: Event 343389394, Lines 2
Match: Event 343389561, Lines 2
Match: Event 343392064, Lines 2
Match: Event 343396245, Lines 2
Match: Event 343396587, Lines 2
Match: Event 343397746, Lines 2
[40%] 	 12,472/31,178 	 03:08:50
Match: Event 343399648, Lines 2
Match: Event 343399695, Lines 2
Match: Event 343400764, Lines 2
Match: Event 343401062, Lines 2
Match: Event 343401993, Lines 3
Match: Event 343402452, Lines 2
Match: Event 343403748, Lines 2
Match: Event 343403974, Lines 2
Match: Event 343404636, Lines 2
Match: Event 343405631, Lines 2
Match: Event 343406955, Lines 2
Match: Event 343407055, Lines 2
Match: Event 343408317, Lines 2
Match: Event 343408353, Lines 2
Match: Event 343408523, Lines 2
[41%] 	 12,783/31,178 	 03:13:40
Match: Event 343408548, Lines 2
Match: Event 343408650, Lines 2
Match: Event 343408842, Lines 2
Match: Event 343410766, Lines 3
Match: Event 343411492, Lines 2
Match: Event 343413941, Lines 2
Match: Event 343415764, Lines 2
Match: Event 343416542, Lines 2
Match: Event 343416980, Lines 2
Match: Event 343417968, Lines 3
Match: Event 343418512, Lines 2
[42%] 	 13,095/31,178 	 03:18:35
Match: Event 343420075, Lines 2
Match: Event 343420557, Lines 2
Match: Event 343420687, Lines 2
Match: Event 343421089, Lines 2
Match: Event 343422860, Lines 2
Match: Event 343423045, Lines 2
Match: Event 343423292, Lines 2
Match: Event 343423539, Lines 2
Match: Event 343423661, Lines 2
Match: Event 343423841, Lines 2
Match: Event 343424825, Lines 2
Match: Event 343425178, Lines 2
Match: Event 343427147, Lines 2
Match: Event 343428082, Lines 2
[43%] 	 13,407/31,178 	 03:23:04
Match: Event 343428961, Lines 2
Match: Event 343430318, Lines 2
Match: Event 343430911, Lines 2
Match: Event 343431759, Lines 2
Match: Event 343432019, Lines 2
Match: Event 343432666, Lines 2
Match: Event 343433211, Lines 2
Match: Event 343433423, Lines 2
Match: Event 343433726, Lines 2
Match: Event 343433797, Lines 2
Match: Event 343434053, Lines 2
Match: Event 343435674, Lines 2
Match: Event 343437002, Lines 2
Match: Event 343437773, Lines 2
Match: Event 343438377, Lines 2
[44%] 	 13,719/31,178 	 03:27:38
Match: Event 343439332, Lines 2
Match: Event 343439758, Lines 2
Match: Event 343439874, Lines 2
Match: Event 343441015, Lines 2
Match: Event 343444928, Lines 2
Match: Event 343445574, Lines 2
Match: Event 343446122, Lines 2
Match: Event 343446323, Lines 2
Match: Event 343446500, Lines 2
Match: Event 343446934, Lines 2
Match: Event 343447015, Lines 2
Match: Event 343447235, Lines 3
Match: Event 343447953, Lines 2
Match: Event 343448081, Lines 2
[45%] 	 14,031/31,178 	 03:31:55
Match: Event 343450028, Lines 2
Match: Event 343451085, Lines 2
Match: Event 343452991, Lines 2
Match: Event 343453405, Lines 2
Match: Event 343454406, Lines 2
Match: Event 343454865, Lines 2
Match: Event 343455995, Lines 2
Match: Event 343457278, Lines 2
Match: Event 343457942, Lines 2
Match: Event 343458172, Lines 2
[46%] 	 14,342/31,178 	 03:35:53
Match: Event 343459753, Lines 2
Match: Event 343460249, Lines 2
Match: Event 343460261, Lines 2
Match: Event 343460590, Lines 2
Match: Event 343460886, Lines 2
Match: Event 343461033, Lines 2
Match: Event 343461802, Lines 2
Match: Event 343462157, Lines 2
Match: Event 343463302, Lines 2
Match: Event 343463665, Lines 2
Match: Event 343463866, Lines 2
Match: Event 343463907, Lines 2
Match: Event 343464051, Lines 2
Match: Event 343465495, Lines 2
Match: Event 343467147, Lines 2
Match: Event 343467796, Lines 2
Match: Event 343468564, Lines 3
[47%] 	 14,654/31,178 	 03:40:20
Match: Event 343471405, Lines 2
Match: Event 343471837, Lines 2
Match: Event 343473017, Lines 2
Match: Event 343474765, Lines 2
Match: Event 343474924, Lines 2
Match: Event 343475099, Lines 2
Match: Event 343475125, Lines 2
Match: Event 343475307, Lines 2
Match: Event 343475681, Lines 2
Match: Event 343476481, Lines 2
Match: Event 343476998, Lines 2
Match: Event 343477968, Lines 2
Match: Event 343478768, Lines 2
Match: Event 343479171, Lines 2
Match: Event 343479432, Lines 2
[48%] 	 14,966/31,178 	 03:44:58
Match: Event 343480733, Lines 2
Match: Event 343481044, Lines 2
Match: Event 343481914, Lines 2
Match: Event 343482423, Lines 2
Match: Event 343482747, Lines 2
Match: Event 343483182, Lines 2
Match: Event 343483798, Lines 2
Match: Event 343485018, Lines 2
Match: Event 343485669, Lines 2
Match: Event 343485916, Lines 2
Match: Event 343486065, Lines 2
Match: Event 343486190, Lines 2
Match: Event 343486429, Lines 3
Match: Event 343487762, Lines 2
Match: Event 343488262, Lines 2
Match: Event 343488357, Lines 2
Match: Event 343488504, Lines 2
[49%] 	 15,278/31,178 	 03:49:52
Match: Event 343489735, Lines 2
Match: Event 343490447, Lines 2
Match: Event 343493286, Lines 2
Match: Event 343494032, Lines 2
Match: Event 343495636, Lines 3
Match: Event 343496384, Lines 2
Match: Event 343496510, Lines 2
Match: Event 343496613, Lines 2
Match: Event 343496722, Lines 2
Match: Event 343496807, Lines 2
Match: Event 343496921, Lines 2
Match: Event 343497779, Lines 2
Match: Event 343498341, Lines 2
[50%] 	 15,589/31,178 	 03:54:44
Match: Event 343499098, Lines 3
Match: Event 343500307, Lines 2
Match: Event 343502569, Lines 2
Match: Event 343502955, Lines 3
Match: Event 343503282, Lines 2
Match: Event 343504798, Lines 2
Match: Event 343504834, Lines 2
Match: Event 343504848, Lines 2
Match: Event 343504998, Lines 2
Match: Event 343508909, Lines 2
[51%] 	 15,901/31,178 	 03:59:43
Match: Event 343510232, Lines 2
Match: Event 343510682, Lines 2
Match: Event 343511250, Lines 2
Match: Event 343511433, Lines 2
Match: Event 343511501, Lines 2
Match: Event 343511959, Lines 2
Match: Event 343513150, Lines 2
Match: Event 343513217, Lines 2
Match: Event 343513779, Lines 2
Match: Event 343513906, Lines 2
Match: Event 343513984, Lines 2
Match: Event 343517206, Lines 2
Match: Event 343517409, Lines 2
Match: Event 343517488, Lines 3
Match: Event 343518082, Lines 2
[52%] 	 16,213/31,178 	 04:04:51
Match: Event 343518753, Lines 2
Match: Event 343519375, Lines 2
Match: Event 343519409, Lines 2
Match: Event 343521689, Lines 2
Match: Event 343523785, Lines 3
Match: Event 343526148, Lines 2
Match: Event 343526296, Lines 2
Match: Event 343527207, Lines 2
Match: Event 343527320, Lines 2
Match: Event 343527616, Lines 2
Match: Event 343527739, Lines 2
[53%] 	 16,525/31,178 	 04:10:27
Match: Event 343529147, Lines 2
Match: Event 343529225, Lines 2
Match: Event 343529280, Lines 2
Match: Event 343529556, Lines 2
Match: Event 343531741, Lines 2
Match: Event 343532055, Lines 3
Match: Event 343532331, Lines 2
Match: Event 343532451, Lines 2
Match: Event 343533898, Lines 2
Match: Event 343534761, Lines 2
Match: Event 343535526, Lines 2
Match: Event 343536559, Lines 2
Match: Event 343538624, Lines 2
[54%] 	 16,837/31,178 	 04:16:11
Match: Event 343540273, Lines 2
Match: Event 343540431, Lines 2
Match: Event 343540654, Lines 2
Match: Event 343541286, Lines 2
Match: Event 343541624, Lines 2
Match: Event 343542151, Lines 2
Match: Event 343542481, Lines 2
Match: Event 343542692, Lines 2
Match: Event 343545322, Lines 2
Match: Event 343545516, Lines 2
Match: Event 343545916, Lines 2
Match: Event 343546098, Lines 2
Match: Event 343546179, Lines 2
Match: Event 343546258, Lines 2
Match: Event 343546793, Lines 2
Match: Event 343547931, Lines 2
Match: Event 343548314, Lines 2
[55%] 	 17,148/31,178 	 04:21:37
Match: Event 343549309, Lines 3
Match: Event 343550090, Lines 2
Match: Event 343550241, Lines 2
Match: Event 343550555, Lines 3
Match: Event 343550727, Lines 2
Match: Event 343552475, Lines 2
Match: Event 343552865, Lines 2
Match: Event 343553886, Lines 2
Match: Event 343553922, Lines 2
Match: Event 343554275, Lines 2
Match: Event 343555003, Lines 2
Match: Event 343555086, Lines 2
Match: Event 343555663, Lines 2
Match: Event 343556036, Lines 2
Match: Event 343557711, Lines 2
[56%] 	 17,460/31,178 	 04:27:13
Match: Event 343559316, Lines 2
Match: Event 343559494, Lines 2
Match: Event 343560133, Lines 2
Match: Event 343561097, Lines 2
Match: Event 343561115, Lines 2
Match: Event 343561153, Lines 3
Match: Event 343561830, Lines 2
Match: Event 343563291, Lines 2
Match: Event 343563420, Lines 2
Match: Event 343564038, Lines 2
Match: Event 343565881, Lines 2
Match: Event 343566170, Lines 2
Match: Event 343566349, Lines 2
Match: Event 343566706, Lines 2
Match: Event 343566772, Lines 2
Match: Event 343569238, Lines 2
[57%] 	 17,772/31,178 	 04:31:36
Match: Event 343570546, Lines 2
Match: Event 343570938, Lines 2
Match: Event 343571418, Lines 2
Match: Event 343572381, Lines 2
Match: Event 343572994, Lines 2
Match: Event 343573272, Lines 2
Match: Event 343574059, Lines 2
Match: Event 343574293, Lines 2
Match: Event 343575112, Lines 2
Match: Event 343575367, Lines 2
Match: Event 343575704, Lines 2
Match: Event 343577690, Lines 2
Match: Event 343577920, Lines 2
Match: Event 343578191, Lines 2
[58%] 	 18,084/31,178 	 04:36:08
Match: Event 343578378, Lines 2
Match: Event 343579316, Lines 2
Match: Event 343580895, Lines 2
Match: Event 343582218, Lines 2
Match: Event 343582302, Lines 2
Match: Event 343582336, Lines 2
Match: Event 343583162, Lines 2
Match: Event 343584954, Lines 2
Match: Event 343585241, Lines 2
Match: Event 343585338, Lines 2
Match: Event 343585625, Lines 2
Match: Event 343586032, Lines 2
Match: Event 343586060, Lines 3
Match: Event 343586387, Lines 3
Match: Event 343587439, Lines 2
[59%] 	 18,396/31,178 	 04:40:49
Match: Event 343589140, Lines 2
Match: Event 343589210, Lines 2
Match: Event 343589279, Lines 2
Match: Event 343589895, Lines 2
Match: Event 343590040, Lines 2
Match: Event 343590624, Lines 2
Match: Event 343591629, Lines 2
Match: Event 343591895, Lines 2
Match: Event 343592475, Lines 2
Match: Event 343592874, Lines 2
Match: Event 343592997, Lines 2
Match: Event 343594723, Lines 2
Match: Event 343595341, Lines 2
Match: Event 343596516, Lines 3
Match: Event 343597342, Lines 2
Match: Event 343597541, Lines 2
[60%] 	 18,707/31,178 	 04:45:20
Match: Event 343599429, Lines 2
Match: Event 343599788, Lines 2
Match: Event 343600336, Lines 2
Match: Event 343601337, Lines 2
Match: Event 343601376, Lines 3
Match: Event 343601802, Lines 2
Match: Event 343604152, Lines 2
Match: Event 343604169, Lines 2
Match: Event 343604963, Lines 2
Match: Event 343605490, Lines 2
Match: Event 343605945, Lines 2
Match: Event 343606532, Lines 2
Match: Event 343607677, Lines 2
[61%] 	 19,019/31,178 	 04:50:04
Match: Event 343609243, Lines 2
Match: Event 343609340, Lines 2
Match: Event 343610707, Lines 2
Match: Event 343610854, Lines 2
Match: Event 343614758, Lines 2
Match: Event 343616081, Lines 2
Match: Event 343617062, Lines 2
Match: Event 343617088, Lines 2
Match: Event 343617921, Lines 2
Match: Event 343617947, Lines 2
Match: Event 343618468, Lines 3
[62%] 	 19,331/31,178 	 04:55:03
Match: Event 343618696, Lines 2
Match: Event 343618770, Lines 2
Match: Event 343618862, Lines 2
Match: Event 343619529, Lines 2
Match: Event 343622688, Lines 2
Match: Event 343623093, Lines 2
Match: Event 343623838, Lines 2
Match: Event 343624369, Lines 2
Match: Event 343625529, Lines 3
Match: Event 343626050, Lines 2
Match: Event 343626325, Lines 2
Match: Event 343626477, Lines 2
Match: Event 343626776, Lines 2
Match: Event 343627506, Lines 2
Match: Event 343627662, Lines 2
[63%] 	 19,643/31,178 	 04:59:46
Match: Event 343628155, Lines 3
Match: Event 343628989, Lines 2
Match: Event 343629483, Lines 2
Match: Event 343629541, Lines 2
Match: Event 343630177, Lines 2
Match: Event 343631050, Lines 3
Match: Event 343632475, Lines 2
Match: Event 343632526, Lines 2
Match: Event 343633196, Lines 2
Match: Event 343633885, Lines 2
Match: Event 343635261, Lines 2
Match: Event 343635332, Lines 2
Match: Event 343635371, Lines 2
Match: Event 343636442, Lines 2
Match: Event 343636639, Lines 2
[64%] 	 19,954/31,178 	 05:04:24
Match: Event 343639072, Lines 2
Match: Event 343639195, Lines 2
Match: Event 343640054, Lines 2
Match: Event 343640084, Lines 2
Match: Event 343641054, Lines 2
Match: Event 343642838, Lines 2
Match: Event 343643013, Lines 2
Match: Event 343643751, Lines 2
Match: Event 343643765, Lines 2
Match: Event 343644432, Lines 2
Match: Event 343644726, Lines 2
Match: Event 343644876, Lines 2
Match: Event 343645114, Lines 2
Match: Event 343645204, Lines 3
Match: Event 343645291, Lines 2
Match: Event 343645607, Lines 2
Match: Event 343646251, Lines 2
[65%] 	 20,266/31,178 	 05:09:00
Match: Event 343648404, Lines 2
Match: Event 343650445, Lines 2
Match: Event 343650659, Lines 2
Match: Event 343650672, Lines 2
Match: Event 343650789, Lines 2
Match: Event 343652924, Lines 2
Match: Event 343653454, Lines 2
Match: Event 343654024, Lines 2
Match: Event 343654929, Lines 2
Match: Event 343655056, Lines 2
Match: Event 343655358, Lines 2
Match: Event 343655683, Lines 2
Match: Event 343656360, Lines 2
[66%] 	 20,578/31,178 	 05:13:28
Match: Event 343657696, Lines 2
Match: Event 343658273, Lines 2
Match: Event 343658866, Lines 2
Match: Event 343659794, Lines 2
Match: Event 343659806, Lines 2
Match: Event 343660352, Lines 2
Match: Event 343662587, Lines 2
Match: Event 343662657, Lines 3
Match: Event 343662962, Lines 2
Match: Event 343663680, Lines 2
Match: Event 343663838, Lines 2
Match: Event 343663905, Lines 2
Match: Event 343665010, Lines 2
Match: Event 343665924, Lines 2
Match: Event 343668129, Lines 2
Match: Event 343668251, Lines 2
Match: Event 343668780, Lines 2
[67%] 	 20,890/31,178 	 05:18:06
Match: Event 343669392, Lines 2
Match: Event 343671043, Lines 2
Match: Event 343672887, Lines 2
Match: Event 343673431, Lines 2
Match: Event 343673452, Lines 2
Match: Event 343676365, Lines 2
Match: Event 343677170, Lines 3
Match: Event 343678828, Lines 2
[68%] 	 21,202/31,178 	 05:22:36
Match: Event 343680070, Lines 2
Match: Event 343680225, Lines 2
Match: Event 343681255, Lines 2
Match: Event 343682593, Lines 2
Match: Event 343682978, Lines 2
Match: Event 343683454, Lines 2
Match: Event 343683512, Lines 2
Match: Event 343684839, Lines 2
Match: Event 343685178, Lines 2
Match: Event 343685204, Lines 2
Match: Event 343685525, Lines 3
Match: Event 343687228, Lines 2
Match: Event 343688233, Lines 3
Match: Event 343689179, Lines 2
Match: Event 343689467, Lines 2
[69%] 	 21,513/31,178 	 05:27:09
Match: Event 343689830, Lines 3
Match: Event 343689859, Lines 2
Match: Event 343689999, Lines 2
Match: Event 343691124, Lines 2
Match: Event 343691218, Lines 2
Match: Event 343691966, Lines 2
Match: Event 343693361, Lines 2
Match: Event 343693786, Lines 2
Match: Event 343693852, Lines 2
Match: Event 343695716, Lines 3
Match: Event 343695870, Lines 2
Match: Event 343696459, Lines 2
Match: Event 343698411, Lines 2
Match: Event 343698570, Lines 2
Match: Event 343698725, Lines 2
Match: Event 343698742, Lines 2
Match: Event 343698757, Lines 2
[70%] 	 21,825/31,178 	 05:31:28
Match: Event 343699951, Lines 2
Match: Event 343700739, Lines 2
Match: Event 343700974, Lines 2
Match: Event 343702235, Lines 2
Match: Event 343704001, Lines 2
Match: Event 343704092, Lines 2
Match: Event 343705596, Lines 2
Match: Event 343706253, Lines 2
Match: Event 343708499, Lines 2
[71%] 	 22,137/31,178 	 05:36:05
Match: Event 343710213, Lines 2
Match: Event 343710702, Lines 2
Match: Event 343711034, Lines 2
Match: Event 343713503, Lines 2
Match: Event 343713909, Lines 2
Match: Event 343714069, Lines 2
Match: Event 343714502, Lines 2
Match: Event 343714898, Lines 2
Match: Event 343715497, Lines 2
Match: Event 343715900, Lines 2
Match: Event 343716737, Lines 2
Match: Event 343716775, Lines 2
Match: Event 343717012, Lines 2
[72%] 	 22,449/31,178 	 05:40:32
Match: Event 343719846, Lines 2
Match: Event 343720713, Lines 3
Match: Event 343720838, Lines 2
Match: Event 343721899, Lines 2
Match: Event 343722797, Lines 2
Match: Event 343723390, Lines 2
Match: Event 343723468, Lines 2
Match: Event 343723640, Lines 2
Match: Event 343724528, Lines 2
Match: Event 343725314, Lines 2
Match: Event 343725560, Lines 2
Match: Event 343726020, Lines 2
Match: Event 343726650, Lines 2
Match: Event 343728032, Lines 2
Match: Event 343728476, Lines 2
Match: Event 343728732, Lines 2
Match: Event 343728856, Lines 2
[73%] 	 22,760/31,178 	 05:45:00
Match: Event 343729538, Lines 2
Match: Event 343730687, Lines 2
Match: Event 343730728, Lines 2
Match: Event 343731695, Lines 2
Match: Event 343732659, Lines 2
Match: Event 343732990, Lines 2
Match: Event 343733294, Lines 2
Match: Event 343733305, Lines 2
Match: Event 343735421, Lines 2
Match: Event 343736285, Lines 2
Match: Event 343736827, Lines 2
[74%] 	 23,072/31,178 	 05:49:23
Match: Event 343740045, Lines 2
Match: Event 343740909, Lines 2
Match: Event 343742577, Lines 2
Match: Event 343744147, Lines 2
Match: Event 343744438, Lines 2
Match: Event 343744479, Lines 2
Match: Event 343745228, Lines 2
Match: Event 343746297, Lines 2
Match: Event 343747372, Lines 2
Match: Event 343748933, Lines 2
Match: Event 343750027, Lines 2
[75%] 	 23,384/31,178 	 05:53:49
Match: Event 343750987, Lines 2
Match: Event 343751578, Lines 2
Match: Event 343753387, Lines 2
Match: Event 343753756, Lines 2
Match: Event 343754514, Lines 2
Match: Event 343754609, Lines 2
Match: Event 343754954, Lines 2
Match: Event 343756895, Lines 2
Match: Event 343758020, Lines 2
Match: Event 343759016, Lines 2
Match: Event 343759081, Lines 2
Match: Event 343759139, Lines 3
Match: Event 343759453, Lines 2
[76%] 	 23,696/31,178 	 05:58:14
Match: Event 343759952, Lines 2
Match: Event 343761420, Lines 2
Match: Event 343762958, Lines 2
Match: Event 343763100, Lines 2
Match: Event 343764591, Lines 2
Match: Event 343764595, Lines 2
Match: Event 343764640, Lines 2
Match: Event 343765484, Lines 2
Match: Event 343766389, Lines 2
Match: Event 343766823, Lines 2
Match: Event 343767387, Lines 3
Match: Event 343768824, Lines 2
Match: Event 343768988, Lines 2
Match: Event 343769088, Lines 2
[77%] 	 24,008/31,178 	 06:02:41
Match: Event 343769790, Lines 2
Match: Event 343770914, Lines 2
Match: Event 343771327, Lines 2
Match: Event 343771718, Lines 2
Match: Event 343772321, Lines 2
Match: Event 343773736, Lines 2
Match: Event 343773892, Lines 2
Match: Event 343773950, Lines 2
Match: Event 343774775, Lines 2
Match: Event 343775886, Lines 2
Match: Event 343777024, Lines 2
Match: Event 343777143, Lines 2
Match: Event 343777179, Lines 2
[78%] 	 24,319/31,178 	 06:07:10
Match: Event 343779149, Lines 2
Match: Event 343779815, Lines 3
Match: Event 343780119, Lines 2
Match: Event 343781914, Lines 2
Match: Event 343783404, Lines 2
Match: Event 343783803, Lines 2
Match: Event 343784288, Lines 2
Match: Event 343786282, Lines 2
Match: Event 343786296, Lines 2
Match: Event 343786472, Lines 2
Match: Event 343787046, Lines 2
Match: Event 343787576, Lines 2
Match: Event 343787729, Lines 2
Match: Event 343788158, Lines 2
Match: Event 343789178, Lines 2
[79%] 	 24,631/31,178 	 06:11:29
Match: Event 343789355, Lines 2
Match: Event 343789529, Lines 2
Match: Event 343791130, Lines 2
Match: Event 343791161, Lines 3
Match: Event 343791185, Lines 2
Match: Event 343791504, Lines 2
Match: Event 343793030, Lines 2
Match: Event 343794949, Lines 2
Match: Event 343795274, Lines 2
Match: Event 343795900, Lines 2
Match: Event 343796432, Lines 2
Match: Event 343796703, Lines 2
Match: Event 343797288, Lines 2
Match: Event 343797834, Lines 2
Match: Event 343798699, Lines 2
[80%] 	 24,943/31,178 	 06:15:43
Match: Event 343799538, Lines 2
Match: Event 343800747, Lines 2
Match: Event 343801517, Lines 2
Match: Event 343801655, Lines 3
Match: Event 343802517, Lines 2
Match: Event 343803626, Lines 3
Match: Event 343805035, Lines 2
Match: Event 343805588, Lines 2
Match: Event 343808568, Lines 3
Match: Event 343809504, Lines 2
[81%] 	 25,255/31,178 	 06:20:04
Match: Event 343810083, Lines 2
Match: Event 343811853, Lines 2
Match: Event 343812316, Lines 2
Match: Event 343813569, Lines 2
Match: Event 343816279, Lines 2
Match: Event 343816391, Lines 2
Match: Event 343817026, Lines 2
Match: Event 343817873, Lines 2
Match: Event 343818702, Lines 2
Match: Event 343819277, Lines 2
[82%] 	 25,566/31,178 	 06:24:30
Match: Event 343819363, Lines 2
Match: Event 343820097, Lines 2
Match: Event 343821104, Lines 2
Match: Event 343821600, Lines 2
Match: Event 343822033, Lines 2
Match: Event 343823172, Lines 2
Match: Event 343823281, Lines 2
Match: Event 343823468, Lines 2
Match: Event 343825275, Lines 3
Match: Event 343826386, Lines 2
Match: Event 343827028, Lines 2
Match: Event 343827056, Lines 2
Match: Event 343827510, Lines 3
Match: Event 343827798, Lines 2
Match: Event 343828492, Lines 2
[83%] 	 25,878/31,178 	 06:28:51
Match: Event 343828994, Lines 2
Match: Event 343830584, Lines 2
Match: Event 343832448, Lines 2
Match: Event 343834365, Lines 2
Match: Event 343835477, Lines 2
Match: Event 343835636, Lines 2
Match: Event 343835664, Lines 2
Match: Event 343836159, Lines 2
Match: Event 343837720, Lines 2
Match: Event 343837816, Lines 2
Match: Event 343838595, Lines 2
[84%] 	 26,190/31,178 	 06:33:19
Match: Event 343839442, Lines 2
Match: Event 343839725, Lines 2
Match: Event 343840310, Lines 2
Match: Event 343840714, Lines 2
Match: Event 343840752, Lines 2
Match: Event 343841393, Lines 2
Match: Event 343842111, Lines 2
Match: Event 343842826, Lines 2
Match: Event 343843960, Lines 2
Match: Event 343844209, Lines 2
Match: Event 343844460, Lines 2
Match: Event 343844522, Lines 2
Match: Event 343844606, Lines 2
Match: Event 343845027, Lines 2
Match: Event 343845509, Lines 2
Match: Event 343845518, Lines 2
Match: Event 343845658, Lines 2
Match: Event 343845716, Lines 2
Match: Event 343845973, Lines 2
Match: Event 343846152, Lines 3
Match: Event 343846304, Lines 2
[85%] 	 26,502/31,178 	 06:37:41
Match: Event 343847925, Lines 2
Match: Event 343848495, Lines 2
Match: Event 343850752, Lines 2
Match: Event 343851412, Lines 2
Match: Event 343851453, Lines 2
Match: Event 343851662, Lines 3
Match: Event 343852159, Lines 2
Match: Event 343852752, Lines 2
Match: Event 343852923, Lines 2
Match: Event 343852972, Lines 2
Match: Event 343853344, Lines 2
Match: Event 343853971, Lines 2
Match: Event 343854758, Lines 2
Match: Event 343855069, Lines 2
Match: Event 343855548, Lines 2
[86%] 	 26,814/31,178 	 06:41:40
Match: Event 343858179, Lines 2
Match: Event 343858889, Lines 2
Match: Event 343859300, Lines 2
Match: Event 343859727, Lines 2
Match: Event 343859808, Lines 2
Match: Event 343859924, Lines 2
Match: Event 343860692, Lines 2
Match: Event 343861951, Lines 2
Match: Event 343863135, Lines 2
Match: Event 343863351, Lines 2
Match: Event 343864377, Lines 2
Match: Event 343864383, Lines 2
Match: Event 343864677, Lines 2
Match: Event 343865121, Lines 2
Match: Event 343865351, Lines 2
Match: Event 343867420, Lines 2
[87%] 	 27,125/31,178 	 06:45:37
Match: Event 343869103, Lines 2
Match: Event 343869135, Lines 2
Match: Event 343870367, Lines 2
Match: Event 343870477, Lines 2
Match: Event 343870554, Lines 2
Match: Event 343870620, Lines 2
Match: Event 343872490, Lines 2
Match: Event 343875224, Lines 2
Match: Event 343875229, Lines 2
Match: Event 343875900, Lines 2
Match: Event 343876463, Lines 2
Match: Event 343876696, Lines 2
Match: Event 343876892, Lines 3
Match: Event 343876941, Lines 2
Match: Event 343877120, Lines 2
Match: Event 343877654, Lines 2
Match: Event 343878182, Lines 2
[88%] 	 27,437/31,178 	 06:50:03
Match: Event 343879486, Lines 2
Match: Event 343880595, Lines 2
Match: Event 343880886, Lines 2
Match: Event 343880930, Lines 2
Match: Event 343880994, Lines 2
Match: Event 343882335, Lines 2
Match: Event 343882589, Lines 2
Match: Event 343883843, Lines 2
Match: Event 343886029, Lines 2
Match: Event 343886642, Lines 2
Match: Event 343886764, Lines 2
[89%] 	 27,749/31,178 	 06:54:28
Match: Event 343889630, Lines 2
Match: Event 343889649, Lines 2
Match: Event 343889698, Lines 2
Match: Event 343890192, Lines 2
Match: Event 343891314, Lines 2
Match: Event 343891412, Lines 2
Match: Event 343891801, Lines 2
Match: Event 343891893, Lines 2
Match: Event 343892135, Lines 2
Match: Event 343892524, Lines 2
Match: Event 343893179, Lines 3
Match: Event 343893376, Lines 2
Match: Event 343893706, Lines 2
Match: Event 343894542, Lines 2
Match: Event 343895511, Lines 2
Match: Event 343896071, Lines 2
Match: Event 343896533, Lines 2
Match: Event 343896624, Lines 2
Match: Event 343897337, Lines 2
Match: Event 343897429, Lines 2
[90%] 	 28,061/31,178 	 06:58:57
Match: Event 343900437, Lines 2
Match: Event 343900670, Lines 2
Match: Event 343903013, Lines 2
Match: Event 343903110, Lines 2
Match: Event 343904092, Lines 2
Match: Event 343904386, Lines 2
Match: Event 343904659, Lines 2
Match: Event 343904800, Lines 2
Match: Event 343905778, Lines 2
Match: Event 343906336, Lines 2
Match: Event 343907362, Lines 2
Match: Event 343907491, Lines 2
Match: Event 343907636, Lines 2
Match: Event 343908597, Lines 2
Match: Event 343908699, Lines 2
[91%] 	 28,372/31,178 	 07:04:04
Match: Event 343911522, Lines 3
Match: Event 343911807, Lines 2
Match: Event 343912034, Lines 2
Match: Event 343912396, Lines 2
Match: Event 343912579, Lines 2
Match: Event 343914030, Lines 2
Match: Event 343914827, Lines 2
Match: Event 343917296, Lines 2
Match: Event 343918201, Lines 2
[92%] 	 28,684/31,178 	 07:08:57
Match: Event 343919393, Lines 3
Match: Event 343920669, Lines 2
Match: Event 343921134, Lines 2
Match: Event 343922252, Lines 2
Match: Event 343922974, Lines 2
Match: Event 343923162, Lines 2
Match: Event 343923501, Lines 2
Match: Event 343925173, Lines 3
Match: Event 343925323, Lines 2
Match: Event 343925836, Lines 2
Match: Event 343926725, Lines 2
Match: Event 343926756, Lines 2
Match: Event 343928441, Lines 3
Match: Event 343929132, Lines 2
[93%] 	 28,996/31,178 	 07:13:52
Match: Event 343931383, Lines 2
Match: Event 343931550, Lines 2
Match: Event 343932340, Lines 2
Match: Event 343932851, Lines 2
Match: Event 343932988, Lines 2
Match: Event 343933201, Lines 2
Match: Event 343934066, Lines 2
Match: Event 343934307, Lines 2
Match: Event 343935083, Lines 2
Match: Event 343936159, Lines 2
Match: Event 343936161, Lines 2
Match: Event 343936699, Lines 2
Match: Event 343936726, Lines 2
Match: Event 343939003, Lines 2
Match: Event 343939581, Lines 2
Match: Event 343939633, Lines 2
[94%] 	 29,308/31,178 	 07:18:57
Match: Event 343940120, Lines 2
Match: Event 343940405, Lines 2
Match: Event 343940838, Lines 2
Match: Event 343941450, Lines 2
Match: Event 343941991, Lines 2
Match: Event 343942016, Lines 2
Match: Event 343942873, Lines 2
Match: Event 343943270, Lines 2
Match: Event 343944225, Lines 2
Match: Event 343944320, Lines 2
Match: Event 343946166, Lines 2
Match: Event 343947342, Lines 2
Match: Event 343948588, Lines 2
Match: Event 343948861, Lines 2
Match: Event 343950082, Lines 2
[95%] 	 29,620/31,178 	 07:24:14
Match: Event 343951482, Lines 2
Match: Event 343952617, Lines 2
Match: Event 343952703, Lines 2
Match: Event 343952910, Lines 2
Match: Event 343952958, Lines 2
Match: Event 343953661, Lines 2
Match: Event 343954646, Lines 2
Match: Event 343956614, Lines 2
Match: Event 343956776, Lines 2
Match: Event 343958968, Lines 2
Match: Event 343959018, Lines 3
Match: Event 343959334, Lines 2
Match: Event 343959607, Lines 2
Match: Event 343959611, Lines 2
Match: Event 343960809, Lines 2
[96%] 	 29,931/31,178 	 07:29:30
Match: Event 343962156, Lines 2
Match: Event 343965555, Lines 2
Match: Event 343966459, Lines 2
Match: Event 343966807, Lines 2
Match: Event 343968307, Lines 2
Match: Event 343969022, Lines 2
Match: Event 343969080, Lines 2
[97%] 	 30,243/31,178 	 07:34:36
Match: Event 343971109, Lines 2
Match: Event 343972212, Lines 2
Match: Event 343972975, Lines 2
Match: Event 343973201, Lines 2
Match: Event 343973209, Lines 2
Match: Event 343973216, Lines 2
Match: Event 343973301, Lines 2
Match: Event 343973412, Lines 2
Match: Event 343973850, Lines 2
Match: Event 343974923, Lines 2
Match: Event 343975112, Lines 3
Match: Event 343975118, Lines 2
Match: Event 343975349, Lines 2
Match: Event 343975421, Lines 2
Match: Event 343977137, Lines 2
Match: Event 343977862, Lines 2
Match: Event 343978117, Lines 2
Match: Event 343979247, Lines 2
Match: Event 343980022, Lines 2
Match: Event 343980489, Lines 2
Match: Event 343980594, Lines 2
[98%] 	 30,555/31,178 	 07:39:45
Match: Event 343981271, Lines 2
Match: Event 343982138, Lines 2
Match: Event 343982289, Lines 2
Match: Event 343983758, Lines 2
Match: Event 343984006, Lines 2
Match: Event 343984197, Lines 2
Match: Event 343985920, Lines 2
Match: Event 343986043, Lines 2
Match: Event 343986432, Lines 2
Match: Event 343987223, Lines 2
Match: Event 343987850, Lines 2
Match: Event 343988357, Lines 2
Match: Event 343989362, Lines 2
Match: Event 343989928, Lines 2
Match: Event 343990227, Lines 2
[99%] 	 30,867/31,178 	 07:44:12
Match: Event 343991986, Lines 2
Match: Event 343992232, Lines 2
Match: Event 343993587, Lines 2
Match: Event 343993861, Lines 2
Match: Event 343993996, Lines 2
Match: Event 343994135, Lines 2
Match: Event 343994284, Lines 2
Match: Event 343996619, Lines 2
Match: Event 343996799, Lines 2
Match: Event 343998308, Lines 3
Match: Event 343998928, Lines 2
Match: Event 343999273, Lines 2
Match: Event 343999565, Lines 2
Match: Event 343999830, Lines 2
Match: Event 343999867, Lines 2
Finished in 28116.03s.
 ~ 5) DONE !
