search libraries in slc9_x86-64
 ~ 1) Base stack loaded.
 ~ Sleeping for 1 seconds to avoid AFS DDOS...
 ~ 2) Loading sndsw environment...
 ~ 3) SNDSW_ROOT is set to: /afs/cern.ch/user/i/idioniso/snd_master/sw-root6.28/rhel9_x86-64/sndsw/master-local1
 ~ 4) Executing tracking script...
[INFO] The input consists out of the following trees and files: 
[INFO]  - rawConv
[INFO]     - root://eoshome-i.cern.ch//eos/user/i/idioniso/tridents/initial_cuts/tridents_sndsw_raw-0196.root
[INFO] FairRootFileSink initialized.
[INFO]  - cbmout
[INFO]     - dummy
[INFO] Parameter and input file are available, Assure that basic info is there for the run!
[INFO] ---FairRootManager::SpecifyRunId --- 
[INFO] --- Initialize with RunId  --- 0

************************************************************* 
     initialisation for run id 0
************************************************************* 
-I- FairRunTimeDB::InitContainer() FairBaseParSet
-I- FairRunTimeDB::InitContainer() FairGeoParSet

************************************************************* 
     initialisation for run id 0
************************************************************* 
-I- FairRunTimeDB::InitContainer() FairBaseParSet
-I- FairRunTimeDB::InitContainer() FairGeoParSet
[INFO]  Branch: Reco_MuonTracks not found in Tree.
using geofile: root://eospublic.cern.ch//eos/experiment/sndlhc/convertedData/physics/2023/geofile_sndlhc_TI18_V3_2023.root
[0%] 	 0/31,892 	 00:00:31
[1%] 	 319/31,892 	 00:08:37
[2%] 	 638/31,892 	 00:16:37
[3%] 	 957/31,892 	 00:24:48
[4%] 	 1,276/31,892 	 00:33:01
[5%] 	 1,595/31,892 	 00:40:58
Match: Event 196051774, Lines 2
Match: Event 196057798, Lines 2
[6%] 	 1,914/31,892 	 00:49:13
[7%] 	 2,233/31,892 	 00:57:42
[8%] 	 2,552/31,892 	 01:05:26
[9%] 	 2,871/31,892 	 01:14:18
[10%] 	 3,190/31,892 	 01:23:57
[11%] 	 3,509/31,892 	 01:33:59
[12%] 	 3,828/31,892 	 01:42:29
Match: Event 196123585, Lines 2
[13%] 	 4,146/31,892 	 01:50:28
Match: Event 196129134, Lines 2
[14%] 	 4,465/31,892 	 02:00:12
[15%] 	 4,784/31,892 	 02:09:15
Match: Event 196148030, Lines 2
[16%] 	 5,103/31,892 	 02:18:04
[17%] 	 5,422/31,892 	 02:27:34
[18%] 	 5,741/31,892 	 02:35:45
Match: Event 196185910, Lines 2
[19%] 	 6,060/31,892 	 02:44:47
[20%] 	 6,379/31,892 	 02:53:03
Match: Event 196207129, Lines 2
Match: Event 196208377, Lines 2
[21%] 	 6,698/31,892 	 03:01:55
Match: Event 196212981, Lines 2
[22%] 	 7,017/31,892 	 03:10:11
Match: Event 196224071, Lines 2
[23%] 	 7,336/31,892 	 03:17:56
[24%] 	 7,655/31,892 	 03:25:41
[25%] 	 7,973/31,892 	 03:34:01
[26%] 	 8,292/31,892 	 03:43:11
[27%] 	 8,611/31,892 	 03:52:07
[28%] 	 8,930/31,892 	 04:01:06
[29%] 	 9,249/31,892 	 04:10:09
[30%] 	 9,568/31,892 	 04:19:15
Match: Event 196305636, Lines 2
[31%] 	 9,887/31,892 	 04:28:02
[32%] 	 10,206/31,892 	 04:37:22
[33%] 	 10,525/31,892 	 04:45:23
Match: Event 196336845, Lines 2
[34%] 	 10,844/31,892 	 04:54:36
[35%] 	 11,163/31,892 	 05:03:13
[36%] 	 11,482/31,892 	 05:11:38
[37%] 	 11,801/31,892 	 05:19:11
[38%] 	 12,119/31,892 	 05:26:38
[39%] 	 12,438/31,892 	 05:34:43
Match: Event 196399470, Lines 2
[40%] 	 12,757/31,892 	 05:42:43
Match: Event 196407417, Lines 2
[41%] 	 13,076/31,892 	 05:51:00
Match: Event 196417997, Lines 2
[42%] 	 13,395/31,892 	 05:59:40
Match: Event 196420171, Lines 2
[43%] 	 13,714/31,892 	 06:07:34
[44%] 	 14,033/31,892 	 06:16:05
[45%] 	 14,352/31,892 	 06:26:26
[46%] 	 14,671/31,892 	 06:39:12
[47%] 	 14,990/31,892 	 06:47:44
[48%] 	 15,309/31,892 	 06:53:47
[49%] 	 15,628/31,892 	 07:00:47
[50%] 	 15,946/31,892 	 07:08:55
Match: Event 196501831, Lines 2
Match: Event 196506802, Lines 2
[51%] 	 16,265/31,892 	 07:15:28
Match: Event 196511332, Lines 2
Match: Event 196515511, Lines 2
[52%] 	 16,584/31,892 	 07:22:02
Match: Event 196529939, Lines 2
[53%] 	 16,903/31,892 	 07:28:38
Match: Event 196537674, Lines 2
[54%] 	 17,222/31,892 	 07:35:06
[55%] 	 17,541/31,892 	 07:41:47
[56%] 	 17,860/31,892 	 07:48:15
Match: Event 196559989, Lines 2
Match: Event 196562595, Lines 2
[57%] 	 18,179/31,892 	 07:54:45
[58%] 	 18,498/31,892 	 08:01:11
[59%] 	 18,817/31,892 	 08:07:35
Match: Event 196589896, Lines 2
Match: Event 196596827, Lines 2
[60%] 	 19,136/31,892 	 08:14:01
[61%] 	 19,455/31,892 	 08:20:09
Match: Event 196613041, Lines 2
Match: Event 196613898, Lines 2
Match: Event 196613907, Lines 2
[62%] 	 19,774/31,892 	 08:26:21
[63%] 	 20,092/31,892 	 08:32:30
Match: Event 196636441, Lines 2
[64%] 	 20,411/31,892 	 08:38:45
[65%] 	 20,730/31,892 	 08:44:59
[66%] 	 21,049/31,892 	 08:51:17
[67%] 	 21,368/31,892 	 08:57:34
[68%] 	 21,687/31,892 	 09:03:59
[69%] 	 22,006/31,892 	 09:10:45
[70%] 	 22,325/31,892 	 09:17:41
[71%] 	 22,644/31,892 	 09:25:30
[72%] 	 22,963/31,892 	 09:32:11
[73%] 	 23,282/31,892 	 09:38:57
[74%] 	 23,601/31,892 	 09:46:14
[75%] 	 23,919/31,892 	 09:53:04
[76%] 	 24,238/31,892 	 10:00:12
[77%] 	 24,557/31,892 	 10:07:21
[78%] 	 24,876/31,892 	 10:13:44
[79%] 	 25,195/31,892 	 10:20:19
[80%] 	 25,514/31,892 	 10:26:29
[81%] 	 25,833/31,892 	 10:32:43
Match: Event 196819134, Lines 2
[82%] 	 26,152/31,892 	 10:39:12
[83%] 	 26,471/31,892 	 10:44:54
[84%] 	 26,790/31,892 	 10:51:06
[85%] 	 27,109/31,892 	 10:57:01
[86%] 	 27,428/31,892 	 11:04:50
[87%] 	 27,747/31,892 	 11:10:55
[88%] 	 28,065/31,892 	 11:17:00
[89%] 	 28,384/31,892 	 11:23:18
[90%] 	 28,703/31,892 	 11:29:28
[91%] 	 29,022/31,892 	 11:35:41
[92%] 	 29,341/31,892 	 11:42:00
Match: Event 196927535, Lines 2
[93%] 	 29,660/31,892 	 11:48:24
[94%] 	 29,979/31,892 	 11:54:47
[95%] 	 30,298/31,892 	 12:00:51
[96%] 	 30,617/31,892 	 12:07:23
Match: Event 196967288, Lines 2
Match: Event 196968617, Lines 2
[97%] 	 30,936/31,892 	 12:13:41
Match: Event 196975822, Lines 2
[98%] 	 31,255/31,892 	 12:19:48
[99%] 	 31,574/31,892 	 12:25:59
Finished in 45112.09s.
 ~ 5) DONE !
