search libraries in slc9_x86-64
 ~ 1) Base stack loaded.
 ~ Sleeping for 3 seconds to avoid AFS DDOS...
 ~ 2) Loading sndsw environment...
 ~ 3) SNDSW_ROOT is set to: /afs/cern.ch/user/i/idioniso/snd_master/sw-root6.28/rhel9_x86-64/sndsw/master-local1
 ~ 4) Executing tracking script...
[INFO] The input consists out of the following trees and files: 
[INFO]  - rawConv
[INFO]     - root://eoshome-i.cern.ch//eos/user/i/idioniso/tridents/initial_cuts/tridents_sndsw_raw-0096.root
[INFO] FairRootFileSink initialized.
[INFO]  - cbmout
[INFO]     - dummy
[INFO] Parameter and input file are available, Assure that basic info is there for the run!
[INFO] ---FairRootManager::SpecifyRunId --- 
[INFO] --- Initialize with RunId  --- 0

************************************************************* 
     initialisation for run id 0
************************************************************* 
-I- FairRunTimeDB::InitContainer() FairBaseParSet
-I- FairRunTimeDB::InitContainer() FairGeoParSet

************************************************************* 
     initialisation for run id 0
************************************************************* 
-I- FairRunTimeDB::InitContainer() FairBaseParSet
-I- FairRunTimeDB::InitContainer() FairGeoParSet
[INFO]  Branch: Reco_MuonTracks not found in Tree.
using geofile: root://eospublic.cern.ch//eos/experiment/sndlhc/convertedData/physics/2023/geofile_sndlhc_TI18_V3_2023.root
[0%] 	 0/32,102 	 00:01:33
[1%] 	 322/32,102 	 00:06:54
[2%] 	 643/32,102 	 00:11:51
[3%] 	 964/32,102 	 00:17:07
[4%] 	 1,285/32,102 	 00:22:19
Match: Event 96048071, Lines 2
[5%] 	 1,606/32,102 	 00:27:33
[6%] 	 1,927/32,102 	 00:32:42
Match: Event 96063929, Lines 2
[7%] 	 2,248/32,102 	 00:38:09
Match: Event 96070642, Lines 2
[8%] 	 2,569/32,102 	 00:42:51
Match: Event 96084799, Lines 2
[9%] 	 2,890/32,102 	 00:47:36
Match: Event 96093663, Lines 2
[10%] 	 3,211/32,102 	 00:52:27
[11%] 	 3,532/32,102 	 00:57:16
Match: Event 96109003, Lines 2
Match: Event 96109973, Lines 2
[12%] 	 3,853/32,102 	 01:01:57
Match: Event 96119378, Lines 2
[13%] 	 4,174/32,102 	 01:06:46
[14%] 	 4,495/32,102 	 01:11:51
[15%] 	 4,816/32,102 	 01:16:40
Match: Event 96154924, Lines 2
[16%] 	 5,137/32,102 	 01:21:27
[17%] 	 5,458/32,102 	 01:26:06
Match: Event 96171326, Lines 2
Match: Event 96172629, Lines 2
[18%] 	 5,779/32,102 	 01:30:47
[19%] 	 6,100/32,102 	 01:35:32
[20%] 	 6,421/32,102 	 01:40:26
[21%] 	 6,742/32,102 	 01:45:17
[22%] 	 7,063/32,102 	 01:50:07
[23%] 	 7,384/32,102 	 01:54:50
[24%] 	 7,705/32,102 	 01:59:31
Match: Event 96245085, Lines 2
[25%] 	 8,026/32,102 	 02:04:27
[26%] 	 8,347/32,102 	 02:09:06
[27%] 	 8,668/32,102 	 02:13:53
[28%] 	 8,989/32,102 	 02:18:40
[29%] 	 9,310/32,102 	 02:23:21
Match: Event 96295218, Lines 2
Match: Event 96299405, Lines 2
[30%] 	 9,631/32,102 	 02:28:08
[31%] 	 9,952/32,102 	 02:33:05
[32%] 	 10,273/32,102 	 02:37:59
[33%] 	 10,594/32,102 	 02:42:49
Match: Event 96333179, Lines 2
[34%] 	 10,915/32,102 	 02:48:00
Match: Event 96340058, Lines 2
Match: Event 96348591, Lines 2
[35%] 	 11,236/32,102 	 02:53:16
[36%] 	 11,557/32,102 	 02:58:10
[37%] 	 11,878/32,102 	 03:02:56
Match: Event 96374510, Lines 2
Match: Event 96378498, Lines 2
[38%] 	 12,199/32,102 	 03:07:49
[39%] 	 12,520/32,102 	 03:12:52
Match: Event 96390524, Lines 2
[40%] 	 12,841/32,102 	 03:18:21
Match: Event 96401511, Lines 2
[41%] 	 13,162/32,102 	 03:24:23
[42%] 	 13,483/32,102 	 03:30:14
[43%] 	 13,804/32,102 	 03:35:32
Match: Event 96437206, Lines 2
[44%] 	 14,125/32,102 	 03:40:39
Match: Event 96439478, Lines 2
[45%] 	 14,446/32,102 	 03:47:17
Match: Event 96456694, Lines 2
[46%] 	 14,767/32,102 	 03:54:00
Match: Event 96466493, Lines 2
[47%] 	 15,088/32,102 	 03:59:15
Match: Event 96469384, Lines 2
Match: Event 96473673, Lines 2
[48%] 	 15,409/32,102 	 04:04:05
[49%] 	 15,730/32,102 	 04:09:08
Match: Event 96494760, Lines 2
[50%] 	 16,051/32,102 	 04:14:01
[51%] 	 16,373/32,102 	 04:19:25
Match: Event 96518957, Lines 2
[52%] 	 16,694/32,102 	 04:24:19
Match: Event 96522129, Lines 2
[53%] 	 17,015/32,102 	 04:30:01
[54%] 	 17,336/32,102 	 04:36:27
[55%] 	 17,657/32,102 	 04:43:40
[56%] 	 17,978/32,102 	 04:50:23
[57%] 	 18,299/32,102 	 04:56:54
[58%] 	 18,620/32,102 	 05:02:41
[59%] 	 18,941/32,102 	 05:08:51
[60%] 	 19,262/32,102 	 05:15:15
[61%] 	 19,583/32,102 	 05:23:02
Match: Event 96620146, Lines 2
[62%] 	 19,904/32,102 	 05:29:01
[63%] 	 20,225/32,102 	 05:35:30
[64%] 	 20,546/32,102 	 05:42:05
[65%] 	 20,867/32,102 	 05:48:03
Match: Event 96652569, Lines 2
Match: Event 96655568, Lines 2
Match: Event 96655942, Lines 2
[66%] 	 21,188/32,102 	 05:53:51
[67%] 	 21,509/32,102 	 05:59:10
[68%] 	 21,830/32,102 	 06:04:34
[69%] 	 22,151/32,102 	 06:11:24
[70%] 	 22,472/32,102 	 06:17:05
Match: Event 96703722, Lines 2
Match: Event 96706325, Lines 2
[71%] 	 22,793/32,102 	 06:22:12
[72%] 	 23,114/32,102 	 06:27:15
[73%] 	 23,435/32,102 	 06:32:12
Match: Event 96738792, Lines 2
[74%] 	 23,756/32,102 	 06:37:24
[75%] 	 24,077/32,102 	 06:42:39
Match: Event 96756279, Lines 2
[76%] 	 24,398/32,102 	 06:47:17
[77%] 	 24,719/32,102 	 06:51:21
[78%] 	 25,040/32,102 	 06:55:40
[79%] 	 25,361/32,102 	 06:59:56
[80%] 	 25,682/32,102 	 07:04:40
Match: Event 96804035, Lines 2
Match: Event 96805214, Lines 2
[81%] 	 26,003/32,102 	 07:09:33
Match: Event 96819684, Lines 2
[82%] 	 26,324/32,102 	 07:13:57
Match: Event 96823220, Lines 2
[83%] 	 26,645/32,102 	 07:18:35
[84%] 	 26,966/32,102 	 07:23:00
[85%] 	 27,287/32,102 	 07:27:17
[86%] 	 27,608/32,102 	 07:31:45
[87%] 	 27,929/32,102 	 07:36:15
Match: Event 96877749, Lines 2
[88%] 	 28,250/32,102 	 07:40:28
[89%] 	 28,571/32,102 	 07:44:41
[90%] 	 28,892/32,102 	 07:49:06
[91%] 	 29,213/32,102 	 07:52:52
Match: Event 96919720, Lines 2
[92%] 	 29,534/32,102 	 07:56:51
[93%] 	 29,855/32,102 	 08:00:53
Match: Event 96933335, Lines 2
[94%] 	 30,176/32,102 	 08:04:54
Match: Event 96946130, Lines 2
[95%] 	 30,497/32,102 	 08:09:05
[96%] 	 30,818/32,102 	 08:13:04
[97%] 	 31,139/32,102 	 08:16:55
[98%] 	 31,460/32,102 	 08:20:54
[99%] 	 31,781/32,102 	 08:24:25
Finished in 30471.96s.
 ~ 5) DONE !
