search libraries in slc9_x86-64
 ~ 1) Base stack loaded.
 ~ Sleeping for 38 seconds to avoid AFS DDOS...
 ~ 2) Loading sndsw environment...
 ~ 3) SNDSW_ROOT is set to: /afs/cern.ch/user/i/idioniso/snd_master/sw-root6.28/rhel9_x86-64/sndsw/master-local1
 ~ 4) Executing tracking script...
[INFO] The input consists out of the following trees and files: 
[INFO]  - rawConv
[INFO]     - root://eoshome-i.cern.ch//eos/user/i/idioniso/tridents/initial_cuts/tridents_sndsw_raw-0136.root
[INFO] FairRootFileSink initialized.
[INFO]  - cbmout
[INFO]     - dummy
[INFO] Parameter and input file are available, Assure that basic info is there for the run!
[INFO] ---FairRootManager::SpecifyRunId --- 
[INFO] --- Initialize with RunId  --- 0

************************************************************* 
     initialisation for run id 0
************************************************************* 
-I- FairRunTimeDB::InitContainer() FairBaseParSet
-I- FairRunTimeDB::InitContainer() FairGeoParSet

************************************************************* 
     initialisation for run id 0
************************************************************* 
-I- FairRunTimeDB::InitContainer() FairBaseParSet
-I- FairRunTimeDB::InitContainer() FairGeoParSet
[INFO]  Branch: Reco_MuonTracks not found in Tree.
using geofile: root://eospublic.cern.ch//eos/experiment/sndlhc/convertedData/physics/2023/geofile_sndlhc_TI18_V3_2023.root
[0%] 	 0/31,685 	 00:00:12
Match: Event 136000377, Lines 2
Match: Event 136000553, Lines 2
Match: Event 136000760, Lines 2
Match: Event 136000958, Lines 2
Match: Event 136001488, Lines 2
Match: Event 136001741, Lines 2
Match: Event 136002774, Lines 2
Match: Event 136003130, Lines 2
Match: Event 136003147, Lines 2
Match: Event 136003219, Lines 2
Match: Event 136003621, Lines 3
Match: Event 136003806, Lines 2
Match: Event 136004689, Lines 2
Match: Event 136005168, Lines 2
Match: Event 136005216, Lines 2
Match: Event 136007682, Lines 2
Match: Event 136008053, Lines 2
Match: Event 136008400, Lines 2
Match: Event 136009201, Lines 2
Match: Event 136009283, Lines 2
[1%] 	 317/31,685 	 00:08:46
Match: Event 136011335, Lines 2
Match: Event 136011642, Lines 2
Match: Event 136012442, Lines 2
Match: Event 136013873, Lines 2
Match: Event 136014399, Lines 2
Match: Event 136015219, Lines 2
Match: Event 136015856, Lines 2
Match: Event 136015865, Lines 2
Match: Event 136015985, Lines 2
Match: Event 136016094, Lines 2
Match: Event 136016583, Lines 2
Match: Event 136017785, Lines 2
Match: Event 136017849, Lines 2
Match: Event 136018094, Lines 2
[2%] 	 634/31,685 	 00:17:38
Match: Event 136020436, Lines 2
Match: Event 136020702, Lines 2
Match: Event 136026608, Lines 2
Match: Event 136027337, Lines 2
Match: Event 136028482, Lines 2
Match: Event 136029218, Lines 2
[3%] 	 951/31,685 	 00:25:50
Match: Event 136030609, Lines 2
Match: Event 136030749, Lines 2
Match: Event 136030897, Lines 3
Match: Event 136031498, Lines 2
Match: Event 136032339, Lines 2
Match: Event 136032952, Lines 2
Match: Event 136035641, Lines 2
Match: Event 136037126, Lines 2
Match: Event 136037823, Lines 2
[4%] 	 1,268/31,685 	 00:34:20
Match: Event 136039324, Lines 2
Match: Event 136039437, Lines 2
Match: Event 136041669, Lines 2
Match: Event 136041800, Lines 2
Match: Event 136042070, Lines 2
Match: Event 136043488, Lines 2
Match: Event 136043567, Lines 2
Match: Event 136043758, Lines 2
Match: Event 136044338, Lines 2
Match: Event 136045551, Lines 2
Match: Event 136045909, Lines 2
Match: Event 136047117, Lines 2
Match: Event 136048481, Lines 2
Match: Event 136048913, Lines 2
[5%] 	 1,585/31,685 	 00:42:18
Match: Event 136052378, Lines 2
Match: Event 136053446, Lines 2
Match: Event 136053786, Lines 2
Match: Event 136053932, Lines 2
Match: Event 136054421, Lines 2
Match: Event 136054434, Lines 2
Match: Event 136054467, Lines 2
Match: Event 136054674, Lines 2
Match: Event 136054729, Lines 2
Match: Event 136055275, Lines 2
Match: Event 136056623, Lines 2
Match: Event 136058063, Lines 2
Match: Event 136058264, Lines 2
[6%] 	 1,902/31,685 	 00:50:58
Match: Event 136060352, Lines 2
Match: Event 136063518, Lines 2
Match: Event 136064285, Lines 2
Match: Event 136064634, Lines 2
Match: Event 136064937, Lines 2
Match: Event 136065586, Lines 2
Match: Event 136065983, Lines 2
Match: Event 136066565, Lines 2
Match: Event 136066579, Lines 2
Match: Event 136067242, Lines 2
Match: Event 136068357, Lines 2
[7%] 	 2,218/31,685 	 00:59:23
Match: Event 136069180, Lines 2
Match: Event 136070145, Lines 2
Match: Event 136070821, Lines 2
Match: Event 136071046, Lines 2
Match: Event 136071920, Lines 2
Match: Event 136072342, Lines 2
Match: Event 136075907, Lines 2
Match: Event 136076683, Lines 2
Match: Event 136076824, Lines 2
Match: Event 136077546, Lines 2
Match: Event 136078249, Lines 2
Match: Event 136078611, Lines 2
[8%] 	 2,535/31,685 	 01:08:06
Match: Event 136079172, Lines 2
Match: Event 136079828, Lines 2
Match: Event 136080893, Lines 2
Match: Event 136081598, Lines 2
Match: Event 136082450, Lines 2
Match: Event 136082837, Lines 3
Match: Event 136083159, Lines 2
Match: Event 136083631, Lines 2
Match: Event 136084521, Lines 2
Match: Event 136086105, Lines 2
Match: Event 136086941, Lines 3
Match: Event 136087877, Lines 2
[9%] 	 2,852/31,685 	 01:17:03
Match: Event 136091313, Lines 2
Match: Event 136091488, Lines 2
Match: Event 136091635, Lines 2
Match: Event 136092069, Lines 2
Match: Event 136092381, Lines 2
Match: Event 136092842, Lines 2
Match: Event 136093890, Lines 2
Match: Event 136095843, Lines 2
Match: Event 136098602, Lines 2
Match: Event 136098611, Lines 2
Match: Event 136098658, Lines 2
Match: Event 136098780, Lines 2
[10%] 	 3,169/31,685 	 01:25:38
Match: Event 136100077, Lines 2
Match: Event 136100303, Lines 2
Match: Event 136100518, Lines 2
Match: Event 136102280, Lines 2
Match: Event 136102748, Lines 2
Match: Event 136104333, Lines 2
Match: Event 136105446, Lines 2
Match: Event 136105523, Lines 2
Match: Event 136105959, Lines 2
Match: Event 136106330, Lines 2
Match: Event 136106362, Lines 2
Match: Event 136106791, Lines 2
Match: Event 136107018, Lines 2
Match: Event 136108394, Lines 2
Match: Event 136108902, Lines 2
Match: Event 136109554, Lines 2
[11%] 	 3,486/31,685 	 01:34:28
Match: Event 136110160, Lines 2
Match: Event 136110270, Lines 2
Match: Event 136110367, Lines 2
Match: Event 136111921, Lines 3
Match: Event 136112183, Lines 2
Match: Event 136112450, Lines 2
Match: Event 136113565, Lines 2
Match: Event 136114551, Lines 2
Match: Event 136114924, Lines 2
Match: Event 136115093, Lines 2
Match: Event 136116348, Lines 2
Match: Event 136116837, Lines 2
Match: Event 136117279, Lines 2
Match: Event 136117384, Lines 2
Match: Event 136118393, Lines 3
Match: Event 136118602, Lines 2
Match: Event 136119526, Lines 2
[12%] 	 3,803/31,685 	 01:43:02
Match: Event 136120437, Lines 2
Match: Event 136120600, Lines 2
Match: Event 136121196, Lines 2
Match: Event 136121286, Lines 2
Match: Event 136122032, Lines 2
Match: Event 136122055, Lines 2
Match: Event 136122648, Lines 2
Match: Event 136124294, Lines 2
Match: Event 136125372, Lines 2
Match: Event 136126467, Lines 2
Match: Event 136126511, Lines 2
Match: Event 136127704, Lines 2
Match: Event 136128343, Lines 2
Match: Event 136129130, Lines 2
[13%] 	 4,120/31,685 	 01:52:12
Match: Event 136130217, Lines 2
Match: Event 136130485, Lines 2
Match: Event 136131152, Lines 2
Match: Event 136132124, Lines 2
Match: Event 136132772, Lines 2
Match: Event 136133787, Lines 2
Match: Event 136134224, Lines 2
Match: Event 136134540, Lines 2
Match: Event 136134788, Lines 2
Match: Event 136136818, Lines 2
Match: Event 136137381, Lines 2
Match: Event 136137776, Lines 2
Match: Event 136138124, Lines 2
Match: Event 136138200, Lines 2
Match: Event 136139311, Lines 2
[14%] 	 4,436/31,685 	 02:00:56
Match: Event 136140616, Lines 2
Match: Event 136140852, Lines 2
Match: Event 136141535, Lines 2
Match: Event 136141636, Lines 2
Match: Event 136141676, Lines 2
Match: Event 136141896, Lines 2
Match: Event 136142535, Lines 2
Match: Event 136143537, Lines 2
Match: Event 136143616, Lines 2
Match: Event 136144204, Lines 2
Match: Event 136145039, Lines 2
Match: Event 136145844, Lines 2
Match: Event 136147023, Lines 2
Match: Event 136147630, Lines 2
Match: Event 136148093, Lines 2
Match: Event 136149234, Lines 2
Match: Event 136149416, Lines 2
[15%] 	 4,753/31,685 	 02:09:54
Match: Event 136150561, Lines 2
Match: Event 136151831, Lines 2
Match: Event 136153800, Lines 2
Match: Event 136154006, Lines 2
Match: Event 136154354, Lines 2
Match: Event 136154498, Lines 2
Match: Event 136155163, Lines 2
Match: Event 136155331, Lines 2
Match: Event 136155466, Lines 3
Match: Event 136155703, Lines 2
Match: Event 136157215, Lines 2
Match: Event 136157374, Lines 2
Match: Event 136158259, Lines 2
Match: Event 136158729, Lines 2
Match: Event 136158732, Lines 2
Match: Event 136158911, Lines 2
Match: Event 136158913, Lines 2
[16%] 	 5,070/31,685 	 02:21:44
Match: Event 136159561, Lines 2
Match: Event 136160676, Lines 2
Match: Event 136161527, Lines 2
Match: Event 136161863, Lines 2
Match: Event 136161928, Lines 3
Match: Event 136162183, Lines 2
Match: Event 136162221, Lines 2
Match: Event 136162973, Lines 2
Match: Event 136165137, Lines 2
Match: Event 136165979, Lines 2
Match: Event 136166677, Lines 2
Match: Event 136167961, Lines 2
Match: Event 136168254, Lines 3
Match: Event 136168539, Lines 2
Match: Event 136168576, Lines 2
Match: Event 136168700, Lines 2
Match: Event 136168896, Lines 2
[17%] 	 5,387/31,685 	 02:33:18
Match: Event 136169058, Lines 2
Match: Event 136170030, Lines 2
Match: Event 136170079, Lines 2
Match: Event 136170430, Lines 2
Match: Event 136170437, Lines 2
Match: Event 136171956, Lines 2
Match: Event 136174230, Lines 2
Match: Event 136175457, Lines 2
Match: Event 136175514, Lines 2
Match: Event 136176352, Lines 2
Match: Event 136176377, Lines 2
Match: Event 136178299, Lines 2
Match: Event 136178473, Lines 2
Match: Event 136178925, Lines 2
Match: Event 136179160, Lines 2
[18%] 	 5,704/31,685 	 02:41:45
Match: Event 136179894, Lines 2
Match: Event 136179941, Lines 2
Match: Event 136179998, Lines 2
Match: Event 136180369, Lines 2
Match: Event 136180950, Lines 2
Match: Event 136181281, Lines 2
Match: Event 136184567, Lines 2
Match: Event 136184892, Lines 2
Match: Event 136185050, Lines 2
Match: Event 136186616, Lines 2
Match: Event 136186716, Lines 2
Match: Event 136186770, Lines 2
Match: Event 136187533, Lines 2
Match: Event 136187822, Lines 2
Match: Event 136187869, Lines 2
Match: Event 136188527, Lines 2
Match: Event 136188647, Lines 2
Match: Event 136188977, Lines 2
Match: Event 136189189, Lines 2
[19%] 	 6,021/31,685 	 02:51:52
Match: Event 136189995, Lines 2
Match: Event 136190117, Lines 2
Match: Event 136191504, Lines 2
Match: Event 136192267, Lines 2
Match: Event 136192379, Lines 2
Match: Event 136192527, Lines 2
Match: Event 136193551, Lines 2
Match: Event 136193600, Lines 2
Match: Event 136194727, Lines 2
Match: Event 136195306, Lines 2
Match: Event 136196810, Lines 2
Match: Event 136196978, Lines 2
Match: Event 136199437, Lines 2
Match: Event 136199532, Lines 2
Match: Event 136199540, Lines 2
Match: Event 136199591, Lines 2
[20%] 	 6,337/31,685 	 03:02:30
Match: Event 136200468, Lines 2
Match: Event 136200931, Lines 2
Match: Event 136201477, Lines 2
Match: Event 136203376, Lines 2
Match: Event 136203381, Lines 2
Match: Event 136203877, Lines 2
Match: Event 136203948, Lines 2
Match: Event 136204934, Lines 2
Match: Event 136205371, Lines 2
Match: Event 136207787, Lines 2
Match: Event 136208017, Lines 2
Match: Event 136208716, Lines 2
Match: Event 136208801, Lines 2
[21%] 	 6,654/31,685 	 03:17:57
Match: Event 136209539, Lines 2
Match: Event 136209567, Lines 2
Match: Event 136210237, Lines 2
Match: Event 136213481, Lines 2
Match: Event 136213777, Lines 2
Match: Event 136214655, Lines 2
Match: Event 136215668, Lines 2
Match: Event 136216217, Lines 2
Match: Event 136216501, Lines 2
Match: Event 136216537, Lines 2
Match: Event 136216948, Lines 2
Match: Event 136219372, Lines 2
Match: Event 136219884, Lines 2
[22%] 	 6,971/31,685 	 03:30:30
Match: Event 136220161, Lines 2
Match: Event 136220305, Lines 2
Match: Event 136220349, Lines 2
Match: Event 136222271, Lines 2
Match: Event 136222348, Lines 2
Match: Event 136222532, Lines 2
Match: Event 136222890, Lines 2
Match: Event 136223757, Lines 2
Match: Event 136224059, Lines 2
Match: Event 136225040, Lines 2
Match: Event 136225876, Lines 2
Match: Event 136225972, Lines 2
Match: Event 136225994, Lines 2
Match: Event 136226623, Lines 2
Match: Event 136226692, Lines 2
Match: Event 136227356, Lines 2
Match: Event 136228122, Lines 2
Match: Event 136228405, Lines 2
Match: Event 136228528, Lines 2
Match: Event 136229247, Lines 2
[23%] 	 7,288/31,685 	 03:38:35
Match: Event 136230278, Lines 2
Match: Event 136230604, Lines 2
Match: Event 136231599, Lines 2
Match: Event 136231990, Lines 2
Match: Event 136232019, Lines 2
Match: Event 136232033, Lines 2
Match: Event 136236416, Lines 2
Match: Event 136236758, Lines 2
Match: Event 136238562, Lines 2
Match: Event 136239371, Lines 2
[24%] 	 7,605/31,685 	 03:46:49
Match: Event 136239594, Lines 3
Match: Event 136239880, Lines 2
Match: Event 136240113, Lines 2
Match: Event 136241276, Lines 3
Match: Event 136243094, Lines 2
Match: Event 136243647, Lines 2
Match: Event 136244597, Lines 2
Match: Event 136244702, Lines 2
Match: Event 136245250, Lines 2
Match: Event 136246107, Lines 2
Match: Event 136246415, Lines 2
Match: Event 136246597, Lines 2
Match: Event 136246998, Lines 2
Match: Event 136247253, Lines 2
Match: Event 136248890, Lines 2
[25%] 	 7,922/31,685 	 03:54:48
Match: Event 136250540, Lines 2
Match: Event 136250869, Lines 2
Match: Event 136252422, Lines 2
Match: Event 136253395, Lines 3
Match: Event 136254790, Lines 2
Match: Event 136257665, Lines 2
Match: Event 136257775, Lines 2
Match: Event 136257910, Lines 2
Match: Event 136258096, Lines 2
Match: Event 136258378, Lines 2
Match: Event 136258444, Lines 2
Match: Event 136258498, Lines 2
[26%] 	 8,239/31,685 	 04:03:04
Match: Event 136259844, Lines 2
Match: Event 136260536, Lines 2
Match: Event 136260969, Lines 2
Match: Event 136261519, Lines 2
Match: Event 136262257, Lines 2
Match: Event 136262737, Lines 2
Match: Event 136262937, Lines 2
Match: Event 136263770, Lines 2
Match: Event 136263975, Lines 2
Match: Event 136264527, Lines 2
Match: Event 136266354, Lines 2
Match: Event 136266738, Lines 2
Match: Event 136266781, Lines 2
[27%] 	 8,555/31,685 	 04:10:50
Match: Event 136267524, Lines 2
Match: Event 136267570, Lines 2
Match: Event 136267719, Lines 2
Match: Event 136268700, Lines 3
Match: Event 136269204, Lines 2
Match: Event 136270531, Lines 2
Match: Event 136271612, Lines 2
Match: Event 136274571, Lines 3
Match: Event 136275193, Lines 2
Match: Event 136276520, Lines 2
Match: Event 136276647, Lines 2
[28%] 	 8,872/31,685 	 04:18:38
Match: Event 136277571, Lines 2
Match: Event 136279037, Lines 2
Match: Event 136279891, Lines 2
Match: Event 136280382, Lines 2
Match: Event 136280701, Lines 2
Match: Event 136281956, Lines 2
Match: Event 136282074, Lines 2
Match: Event 136282996, Lines 2
Match: Event 136284320, Lines 2
Match: Event 136284846, Lines 2
Match: Event 136285185, Lines 2
Match: Event 136286738, Lines 2
Match: Event 136286860, Lines 2
Match: Event 136286868, Lines 2
Match: Event 136287109, Lines 2
[29%] 	 9,189/31,685 	 04:26:35
Match: Event 136287769, Lines 2
Match: Event 136287797, Lines 2
Match: Event 136289844, Lines 2
Match: Event 136289988, Lines 2
Match: Event 136289996, Lines 2
Match: Event 136290902, Lines 2
Match: Event 136291347, Lines 2
Match: Event 136292258, Lines 2
Match: Event 136292647, Lines 2
Match: Event 136293047, Lines 2
Match: Event 136294523, Lines 2
Match: Event 136294665, Lines 2
Match: Event 136295277, Lines 2
Match: Event 136296511, Lines 3
[30%] 	 9,506/31,685 	 04:34:27
Match: Event 136298030, Lines 2
Match: Event 136298257, Lines 2
Match: Event 136301126, Lines 2
Match: Event 136301269, Lines 2
Match: Event 136304161, Lines 2
Match: Event 136304268, Lines 2
Match: Event 136305412, Lines 2
Match: Event 136306337, Lines 2
Match: Event 136306534, Lines 2
Match: Event 136306546, Lines 2
Match: Event 136306667, Lines 2
Match: Event 136306724, Lines 2
[31%] 	 9,823/31,685 	 04:43:03
Match: Event 136307652, Lines 2
Match: Event 136307672, Lines 2
Match: Event 136308008, Lines 2
Match: Event 136308893, Lines 2
Match: Event 136308897, Lines 2
Match: Event 136309114, Lines 2
Match: Event 136311705, Lines 2
Match: Event 136312278, Lines 2
Match: Event 136312400, Lines 2
Match: Event 136312487, Lines 2
Match: Event 136312818, Lines 2
Match: Event 136313228, Lines 2
Match: Event 136313434, Lines 2
Match: Event 136313654, Lines 2
Match: Event 136313957, Lines 2
Match: Event 136314155, Lines 2
Match: Event 136314701, Lines 3
Match: Event 136315912, Lines 2
Match: Event 136316033, Lines 2
Match: Event 136316384, Lines 2
Match: Event 136316912, Lines 2
Match: Event 136317253, Lines 2
[32%] 	 10,140/31,685 	 04:51:25
Match: Event 136317636, Lines 2
Match: Event 136318929, Lines 2
Match: Event 136319418, Lines 2
Match: Event 136319704, Lines 3
Match: Event 136319938, Lines 2
Match: Event 136320011, Lines 2
Match: Event 136320166, Lines 2
Match: Event 136321073, Lines 2
Match: Event 136321125, Lines 2
Match: Event 136322553, Lines 2
Match: Event 136323221, Lines 2
Match: Event 136323618, Lines 2
Match: Event 136325155, Lines 2
Match: Event 136325271, Lines 2
Match: Event 136326086, Lines 2
Match: Event 136326419, Lines 2
[33%] 	 10,457/31,685 	 04:59:24
Match: Event 136327494, Lines 2
Match: Event 136328253, Lines 2
Match: Event 136329075, Lines 3
Match: Event 136329312, Lines 2
Match: Event 136329974, Lines 2
Match: Event 136330780, Lines 2
Match: Event 136331204, Lines 2
Match: Event 136332449, Lines 2
Match: Event 136333261, Lines 2
Match: Event 136333772, Lines 2
Match: Event 136333978, Lines 2
Match: Event 136334124, Lines 2
Match: Event 136334866, Lines 2
Match: Event 136335794, Lines 2
Match: Event 136335926, Lines 2
Match: Event 136336256, Lines 2
Match: Event 136336948, Lines 2
Match: Event 136337092, Lines 2
[34%] 	 10,773/31,685 	 05:07:33
Match: Event 136337412, Lines 2
Match: Event 136339403, Lines 2
Match: Event 136340812, Lines 2
Match: Event 136341572, Lines 2
Match: Event 136343952, Lines 2
Match: Event 136344552, Lines 2
Match: Event 136345043, Lines 2
Match: Event 136345706, Lines 3
Match: Event 136347007, Lines 2
[35%] 	 11,090/31,685 	 05:16:00
Match: Event 136348012, Lines 2
Match: Event 136348259, Lines 2
Match: Event 136348576, Lines 2
Match: Event 136349192, Lines 2
Match: Event 136350314, Lines 2
Match: Event 136351550, Lines 2
Match: Event 136351660, Lines 2
Match: Event 136351695, Lines 2
Match: Event 136352248, Lines 2
Match: Event 136352970, Lines 2
Match: Event 136353882, Lines 2
Match: Event 136354693, Lines 2
Match: Event 136355186, Lines 2
Match: Event 136355411, Lines 2
Match: Event 136356186, Lines 2
Match: Event 136356235, Lines 2
Match: Event 136356531, Lines 2
[36%] 	 11,407/31,685 	 05:24:54
Match: Event 136357734, Lines 2
Match: Event 136358878, Lines 2
Match: Event 136360693, Lines 2
Match: Event 136360941, Lines 2
Match: Event 136361034, Lines 2
Match: Event 136362180, Lines 2
Match: Event 136363869, Lines 3
Match: Event 136364454, Lines 2
Match: Event 136365551, Lines 2
Match: Event 136367320, Lines 2
Match: Event 136367465, Lines 2
[37%] 	 11,724/31,685 	 05:34:25
Match: Event 136368041, Lines 2
Match: Event 136368609, Lines 2
Match: Event 136368847, Lines 2
Match: Event 136369459, Lines 2
Match: Event 136370036, Lines 2
Match: Event 136370531, Lines 2
Match: Event 136370860, Lines 2
Match: Event 136371242, Lines 2
Match: Event 136372588, Lines 2
Match: Event 136373452, Lines 2
Match: Event 136373454, Lines 2
Match: Event 136373987, Lines 2
Match: Event 136374022, Lines 2
Match: Event 136374427, Lines 2
Match: Event 136375331, Lines 2
Match: Event 136376204, Lines 2
Match: Event 136376610, Lines 2
Match: Event 136376641, Lines 2
Match: Event 136377045, Lines 2
[38%] 	 12,041/31,685 	 05:43:46
Match: Event 136378825, Lines 2
Match: Event 136379862, Lines 2
Match: Event 136380153, Lines 2
Match: Event 136381400, Lines 2
Match: Event 136381734, Lines 2
Match: Event 136381826, Lines 2
Match: Event 136381941, Lines 2
Match: Event 136384739, Lines 2
Match: Event 136384800, Lines 2
Match: Event 136385483, Lines 2
Match: Event 136385588, Lines 2
[39%] 	 12,358/31,685 	 05:51:45
Match: Event 136387477, Lines 2
Match: Event 136388200, Lines 2
Match: Event 136388737, Lines 2
Match: Event 136388748, Lines 2
Match: Event 136389888, Lines 2
Match: Event 136390018, Lines 2
Match: Event 136390175, Lines 2
Match: Event 136390365, Lines 2
Match: Event 136390782, Lines 2
Match: Event 136392236, Lines 2
Match: Event 136392874, Lines 2
Match: Event 136393255, Lines 2
Match: Event 136393965, Lines 2
Match: Event 136394098, Lines 2
Match: Event 136394605, Lines 2
Match: Event 136395647, Lines 3
Match: Event 136395782, Lines 2
Match: Event 136395807, Lines 2
Match: Event 136395858, Lines 2
Match: Event 136396721, Lines 3
[40%] 	 12,674/31,685 	 05:59:43
Match: Event 136397273, Lines 2
Match: Event 136397808, Lines 2
Match: Event 136398421, Lines 2
Match: Event 136398444, Lines 2
Match: Event 136398647, Lines 2
Match: Event 136398788, Lines 2
Match: Event 136400621, Lines 2
Match: Event 136402667, Lines 2
Match: Event 136403754, Lines 2
[41%] 	 12,991/31,685 	 06:07:24
Match: Event 136409276, Lines 2
Match: Event 136410794, Lines 2
Match: Event 136411240, Lines 3
Match: Event 136413646, Lines 2
Match: Event 136415396, Lines 2
Match: Event 136415641, Lines 2
Match: Event 136415770, Lines 2
Match: Event 136415886, Lines 2
Match: Event 136416984, Lines 2
[42%] 	 13,308/31,685 	 06:15:15
Match: Event 136418597, Lines 2
Match: Event 136419102, Lines 2
Match: Event 136420836, Lines 2
Match: Event 136422176, Lines 2
Match: Event 136422233, Lines 3
Match: Event 136424176, Lines 2
Match: Event 136424620, Lines 2
Match: Event 136425854, Lines 2
Match: Event 136425860, Lines 2
Match: Event 136427763, Lines 2
Match: Event 136428439, Lines 2
Match: Event 136428590, Lines 2
[43%] 	 13,625/31,685 	 06:23:07
Match: Event 136430019, Lines 2
Match: Event 136430934, Lines 2
Match: Event 136431372, Lines 2
Match: Event 136431864, Lines 2
Match: Event 136433253, Lines 2
Match: Event 136434257, Lines 2
Match: Event 136434691, Lines 2
Match: Event 136436343, Lines 2
Match: Event 136437252, Lines 2
Match: Event 136439157, Lines 2
Match: Event 136439203, Lines 2
Match: Event 136439327, Lines 2
Match: Event 136439528, Lines 2
Match: Event 136439553, Lines 2
[44%] 	 13,942/31,685 	 06:30:59
Match: Event 136441601, Lines 2
Match: Event 136442133, Lines 2
Match: Event 136442215, Lines 2
Match: Event 136444289, Lines 2
Match: Event 136447121, Lines 2
Match: Event 136447239, Lines 2
Match: Event 136447375, Lines 2
Match: Event 136448870, Lines 2
Match: Event 136449661, Lines 2
Match: Event 136450240, Lines 2
[45%] 	 14,259/31,685 	 06:39:07
Match: Event 136451686, Lines 2
Match: Event 136451931, Lines 3
Match: Event 136453000, Lines 2
Match: Event 136453131, Lines 2
Match: Event 136455325, Lines 2
Match: Event 136455722, Lines 2
Match: Event 136456469, Lines 2
Match: Event 136458104, Lines 2
Match: Event 136459191, Lines 2
Match: Event 136459403, Lines 2
Match: Event 136459968, Lines 2
[46%] 	 14,576/31,685 	 06:47:13
Match: Event 136462819, Lines 2
Match: Event 136462832, Lines 2
Match: Event 136463122, Lines 2
Match: Event 136463149, Lines 2
Match: Event 136463382, Lines 2
Match: Event 136463909, Lines 2
Match: Event 136464686, Lines 2
Match: Event 136464963, Lines 2
Match: Event 136465181, Lines 3
Match: Event 136465626, Lines 2
Match: Event 136465788, Lines 2
Match: Event 136466843, Lines 2
Match: Event 136466962, Lines 2
Match: Event 136467637, Lines 2
Match: Event 136467982, Lines 2
Match: Event 136468843, Lines 3
Match: Event 136469430, Lines 2
Match: Event 136469884, Lines 2
Match: Event 136469885, Lines 2
Match: Event 136469957, Lines 3
Match: Event 136470259, Lines 2
Match: Event 136471036, Lines 2
[47%] 	 14,892/31,685 	 06:55:38
Match: Event 136472253, Lines 2
Match: Event 136472388, Lines 2
Match: Event 136473892, Lines 2
Match: Event 136475088, Lines 2
Match: Event 136475620, Lines 2
Match: Event 136476186, Lines 2
Match: Event 136476287, Lines 2
Match: Event 136477902, Lines 2
Match: Event 136478502, Lines 2
Match: Event 136478865, Lines 2
Match: Event 136479022, Lines 2
Match: Event 136479985, Lines 2
Match: Event 136479999, Lines 2
Match: Event 136480252, Lines 2
Match: Event 136480572, Lines 2
Match: Event 136480629, Lines 2
Match: Event 136481687, Lines 2
[48%] 	 15,209/31,685 	 07:03:29
Match: Event 136483381, Lines 2
Match: Event 136483680, Lines 2
Match: Event 136483700, Lines 2
Match: Event 136483847, Lines 2
Match: Event 136484881, Lines 2
Match: Event 136485223, Lines 3
Match: Event 136486624, Lines 2
Match: Event 136486921, Lines 2
Match: Event 136487252, Lines 3
Match: Event 136488050, Lines 2
Match: Event 136489263, Lines 2
Match: Event 136490449, Lines 2
Match: Event 136490529, Lines 2
Match: Event 136491235, Lines 3
[49%] 	 15,526/31,685 	 07:11:38
Match: Event 136492213, Lines 2
Match: Event 136492743, Lines 2
Match: Event 136493172, Lines 2
Match: Event 136493304, Lines 2
Match: Event 136493425, Lines 2
Match: Event 136493849, Lines 3
Match: Event 136495755, Lines 2
Match: Event 136495963, Lines 2
Match: Event 136497179, Lines 2
Match: Event 136497207, Lines 2
Match: Event 136498981, Lines 2
Match: Event 136499259, Lines 2
Match: Event 136500406, Lines 2
Match: Event 136500683, Lines 3
Match: Event 136501295, Lines 2
Match: Event 136501974, Lines 2
[50%] 	 15,843/31,685 	 07:20:12
Match: Event 136502694, Lines 2
Match: Event 136503139, Lines 3
Match: Event 136505470, Lines 2
Match: Event 136506194, Lines 2
Match: Event 136506703, Lines 2
Match: Event 136507036, Lines 2
Match: Event 136508100, Lines 2
Match: Event 136508434, Lines 2
Match: Event 136508714, Lines 2
Match: Event 136509129, Lines 2
Match: Event 136510252, Lines 2
Match: Event 136510350, Lines 2
[51%] 	 16,160/31,685 	 07:28:24
Match: Event 136511152, Lines 2
Match: Event 136511154, Lines 2
Match: Event 136511868, Lines 2
Match: Event 136512328, Lines 2
Match: Event 136512586, Lines 2
Match: Event 136512797, Lines 2
Match: Event 136513876, Lines 2
Match: Event 136514697, Lines 2
Match: Event 136514816, Lines 2
Match: Event 136515352, Lines 2
Match: Event 136515358, Lines 2
Match: Event 136515926, Lines 2
Match: Event 136516703, Lines 2
Match: Event 136517928, Lines 2
Match: Event 136518044, Lines 2
Match: Event 136518050, Lines 2
Match: Event 136518295, Lines 2
Match: Event 136519264, Lines 2
Match: Event 136520158, Lines 2
[52%] 	 16,477/31,685 	 07:36:30
Match: Event 136521398, Lines 2
Match: Event 136521993, Lines 2
Match: Event 136523374, Lines 2
Match: Event 136523447, Lines 2
Match: Event 136524838, Lines 3
Match: Event 136524871, Lines 2
Match: Event 136526115, Lines 2
Match: Event 136526125, Lines 2
Match: Event 136526887, Lines 2
Match: Event 136527230, Lines 2
Match: Event 136527304, Lines 2
Match: Event 136529155, Lines 2
Match: Event 136529344, Lines 2
Match: Event 136529915, Lines 2
Match: Event 136530735, Lines 2
Match: Event 136531117, Lines 2
[53%] 	 16,794/31,685 	 07:44:33
Match: Event 136531796, Lines 2
Match: Event 136532900, Lines 3
Match: Event 136533241, Lines 3
Match: Event 136533744, Lines 2
Match: Event 136533939, Lines 2
Match: Event 136534149, Lines 2
Match: Event 136534558, Lines 2
Match: Event 136535191, Lines 2
Match: Event 136535895, Lines 2
Match: Event 136536096, Lines 2
Match: Event 136536112, Lines 3
Match: Event 136536435, Lines 2
Match: Event 136536777, Lines 2
Match: Event 136537743, Lines 2
Match: Event 136539405, Lines 2
Match: Event 136539618, Lines 3
Match: Event 136539929, Lines 3
Match: Event 136540450, Lines 2
[54%] 	 17,110/31,685 	 07:52:27
Match: Event 136541081, Lines 2
Match: Event 136541670, Lines 2
Match: Event 136541898, Lines 2
Match: Event 136542559, Lines 2
Match: Event 136544026, Lines 2
Match: Event 136544737, Lines 2
Match: Event 136544856, Lines 2
Match: Event 136545390, Lines 2
Match: Event 136545674, Lines 2
Match: Event 136545743, Lines 2
Match: Event 136546171, Lines 2
Match: Event 136546911, Lines 2
Match: Event 136547000, Lines 2
Match: Event 136547034, Lines 2
Match: Event 136547749, Lines 2
Match: Event 136547785, Lines 2
Match: Event 136547818, Lines 2
Match: Event 136547962, Lines 2
[55%] 	 17,427/31,685 	 08:00:17
Match: Event 136551851, Lines 2
Match: Event 136552110, Lines 2
Match: Event 136553138, Lines 3
Match: Event 136554137, Lines 2
Match: Event 136554552, Lines 2
Match: Event 136554935, Lines 2
Match: Event 136555370, Lines 2
Match: Event 136555988, Lines 2
Match: Event 136557059, Lines 2
Match: Event 136557735, Lines 3
Match: Event 136558275, Lines 2
Match: Event 136559240, Lines 2
[56%] 	 17,744/31,685 	 08:08:15
Match: Event 136559776, Lines 2
Match: Event 136559809, Lines 2
Match: Event 136560787, Lines 2
Match: Event 136561242, Lines 2
Match: Event 136562175, Lines 2
Match: Event 136563333, Lines 2
Match: Event 136563351, Lines 2
Match: Event 136563369, Lines 2
Match: Event 136564245, Lines 2
Match: Event 136564490, Lines 2
Match: Event 136565505, Lines 3
Match: Event 136565552, Lines 2
Match: Event 136565723, Lines 2
Match: Event 136567555, Lines 2
Match: Event 136567858, Lines 2
Match: Event 136568658, Lines 2
Match: Event 136568733, Lines 2
[57%] 	 18,061/31,685 	 08:16:13
Match: Event 136570008, Lines 2
Match: Event 136570134, Lines 2
Match: Event 136570990, Lines 2
Match: Event 136572662, Lines 2
Match: Event 136574835, Lines 2
Match: Event 136574950, Lines 2
Match: Event 136575317, Lines 2
Match: Event 136575692, Lines 2
Match: Event 136576250, Lines 2
Match: Event 136576694, Lines 2
Match: Event 136576791, Lines 2
[58%] 	 18,378/31,685 	 08:25:03
Match: Event 136579433, Lines 2
Match: Event 136579723, Lines 2
Match: Event 136580350, Lines 2
Match: Event 136580369, Lines 2
Match: Event 136580671, Lines 2
Match: Event 136581129, Lines 2
Match: Event 136582316, Lines 2
Match: Event 136582963, Lines 2
Match: Event 136583106, Lines 2
Match: Event 136583259, Lines 2
Match: Event 136583970, Lines 2
Match: Event 136585419, Lines 2
Match: Event 136585470, Lines 2
Match: Event 136585623, Lines 2
Match: Event 136585785, Lines 2
Match: Event 136586476, Lines 2
Match: Event 136587443, Lines 2
Match: Event 136587529, Lines 2
Match: Event 136587540, Lines 2
Match: Event 136588664, Lines 2
Match: Event 136589517, Lines 2
Match: Event 136590277, Lines 2
Match: Event 136590423, Lines 2
[59%] 	 18,695/31,685 	 08:33:38
Match: Event 136591826, Lines 2
Match: Event 136592190, Lines 2
Match: Event 136592305, Lines 2
Match: Event 136592530, Lines 3
Match: Event 136592572, Lines 2
Match: Event 136592915, Lines 2
Match: Event 136592960, Lines 2
Match: Event 136593033, Lines 2
Match: Event 136593625, Lines 2
Match: Event 136593989, Lines 2
Match: Event 136594828, Lines 2
Match: Event 136594968, Lines 2
Match: Event 136594995, Lines 2
Match: Event 136596176, Lines 2
Match: Event 136596455, Lines 2
Match: Event 136596648, Lines 3
Match: Event 136597092, Lines 2
Match: Event 136597325, Lines 2
Match: Event 136597630, Lines 2
Match: Event 136597655, Lines 2
Match: Event 136597730, Lines 2
Match: Event 136597892, Lines 2
Match: Event 136598445, Lines 2
Match: Event 136598740, Lines 2
Match: Event 136598926, Lines 2
Match: Event 136599596, Lines 2
[60%] 	 19,011/31,685 	 08:42:00
Match: Event 136602170, Lines 2
Match: Event 136602411, Lines 2
Match: Event 136602792, Lines 2
Match: Event 136602916, Lines 2
Match: Event 136605234, Lines 2
Match: Event 136605691, Lines 2
Match: Event 136605805, Lines 2
Match: Event 136605898, Lines 2
Match: Event 136607077, Lines 2
Match: Event 136608002, Lines 2
Match: Event 136609072, Lines 2
Match: Event 136609246, Lines 2
Match: Event 136609420, Lines 2
[61%] 	 19,328/31,685 	 08:50:31
Match: Event 136610207, Lines 2
Match: Event 136610327, Lines 2
Match: Event 136612954, Lines 3
Match: Event 136613472, Lines 2
Match: Event 136614150, Lines 2
Match: Event 136615451, Lines 2
Match: Event 136617016, Lines 2
Match: Event 136618409, Lines 2
Match: Event 136618489, Lines 2
Match: Event 136618746, Lines 2
Match: Event 136618832, Lines 2
Match: Event 136619586, Lines 2
[62%] 	 19,645/31,685 	 08:58:48
Match: Event 136619750, Lines 2
Match: Event 136621455, Lines 2
Match: Event 136621929, Lines 2
Match: Event 136621968, Lines 2
Match: Event 136621980, Lines 2
Match: Event 136622137, Lines 2
Match: Event 136622977, Lines 2
Match: Event 136626525, Lines 2
Match: Event 136627227, Lines 2
Match: Event 136627676, Lines 2
Match: Event 136627907, Lines 2
Match: Event 136628123, Lines 3
Match: Event 136628519, Lines 2
[63%] 	 19,962/31,685 	 09:07:03
Match: Event 136630861, Lines 2
Match: Event 136631638, Lines 2
Match: Event 136631788, Lines 2
Match: Event 136632383, Lines 2
Match: Event 136633208, Lines 2
Match: Event 136634380, Lines 2
Match: Event 136635091, Lines 2
Match: Event 136635438, Lines 2
Match: Event 136636555, Lines 2
Match: Event 136637488, Lines 2
Match: Event 136638751, Lines 2
Match: Event 136639042, Lines 2
Match: Event 136639505, Lines 2
Match: Event 136639598, Lines 2
Match: Event 136640221, Lines 2
[64%] 	 20,279/31,685 	 09:15:07
Match: Event 136640365, Lines 2
Match: Event 136640594, Lines 2
Match: Event 136640760, Lines 2
Match: Event 136641081, Lines 2
Match: Event 136642053, Lines 2
Match: Event 136642103, Lines 2
Match: Event 136643063, Lines 2
Match: Event 136644099, Lines 2
Match: Event 136645362, Lines 2
Match: Event 136645927, Lines 2
Match: Event 136647290, Lines 2
Match: Event 136647346, Lines 2
Match: Event 136647906, Lines 2
Match: Event 136648606, Lines 2
Match: Event 136648771, Lines 2
Match: Event 136650261, Lines 2
[65%] 	 20,596/31,685 	 09:23:08
Match: Event 136651058, Lines 2
Match: Event 136651546, Lines 2
Match: Event 136651735, Lines 2
Match: Event 136652858, Lines 2
Match: Event 136653449, Lines 2
Match: Event 136654514, Lines 2
Match: Event 136654987, Lines 2
Match: Event 136656001, Lines 2
Match: Event 136656023, Lines 2
Match: Event 136656471, Lines 2
Match: Event 136657712, Lines 2
Match: Event 136658406, Lines 2
Match: Event 136658679, Lines 2
Match: Event 136658980, Lines 2
Match: Event 136660302, Lines 2
Match: Event 136660309, Lines 2
[66%] 	 20,913/31,685 	 09:31:09
Match: Event 136661821, Lines 2
Match: Event 136662217, Lines 2
Match: Event 136662523, Lines 2
Match: Event 136663554, Lines 2
Match: Event 136664233, Lines 2
Match: Event 136664549, Lines 2
Match: Event 136665912, Lines 2
Match: Event 136667418, Lines 2
Match: Event 136667591, Lines 2
Match: Event 136669116, Lines 2
Match: Event 136669798, Lines 2
Match: Event 136670253, Lines 3
Match: Event 136670277, Lines 2
Match: Event 136670871, Lines 2
[67%] 	 21,229/31,685 	 09:38:58
Match: Event 136671549, Lines 2
Match: Event 136672541, Lines 2
Match: Event 136672692, Lines 2
Match: Event 136674100, Lines 2
Match: Event 136675947, Lines 2
Match: Event 136676541, Lines 2
Match: Event 136677802, Lines 2
Match: Event 136677872, Lines 2
[68%] 	 21,546/31,685 	 09:46:42
Match: Event 136680784, Lines 2
Match: Event 136681291, Lines 2
Match: Event 136681692, Lines 2
Match: Event 136681981, Lines 2
Match: Event 136682748, Lines 2
Match: Event 136683626, Lines 2
Match: Event 136684068, Lines 2
Match: Event 136686453, Lines 2
Match: Event 136687062, Lines 2
Match: Event 136688332, Lines 3
[69%] 	 21,863/31,685 	 09:54:53
Match: Event 136690305, Lines 2
Match: Event 136690351, Lines 2
Match: Event 136690466, Lines 2
Match: Event 136690820, Lines 2
Match: Event 136694132, Lines 2
Match: Event 136696017, Lines 2
Match: Event 136697175, Lines 2
Match: Event 136697508, Lines 2
Match: Event 136697656, Lines 2
Match: Event 136697819, Lines 2
[70%] 	 22,180/31,685 	 10:02:37
Match: Event 136699508, Lines 2
Match: Event 136702008, Lines 2
Match: Event 136702521, Lines 3
Match: Event 136702977, Lines 2
Match: Event 136703151, Lines 2
Match: Event 136703361, Lines 2
Match: Event 136704469, Lines 2
Match: Event 136704600, Lines 2
Match: Event 136705700, Lines 2
Match: Event 136706027, Lines 2
Match: Event 136706505, Lines 2
Match: Event 136706520, Lines 2
Match: Event 136707468, Lines 2
Match: Event 136707707, Lines 2
Match: Event 136708903, Lines 2
[71%] 	 22,497/31,685 	 10:10:25
Match: Event 136710187, Lines 2
Match: Event 136710270, Lines 2
Match: Event 136710966, Lines 2
Match: Event 136711988, Lines 2
Match: Event 136712445, Lines 3
Match: Event 136713097, Lines 2
Match: Event 136714132, Lines 2
Match: Event 136715816, Lines 2
Match: Event 136716252, Lines 2
Match: Event 136718959, Lines 3
Match: Event 136718962, Lines 2
Match: Event 136719166, Lines 2
Match: Event 136719524, Lines 2
Match: Event 136719798, Lines 2
[72%] 	 22,814/31,685 	 10:18:20
Match: Event 136721157, Lines 2
Match: Event 136721387, Lines 2
Match: Event 136721751, Lines 3
Match: Event 136721772, Lines 2
Match: Event 136722175, Lines 3
Match: Event 136723444, Lines 2
Match: Event 136724618, Lines 2
Match: Event 136725179, Lines 2
Match: Event 136726187, Lines 2
Match: Event 136726284, Lines 2
Match: Event 136726299, Lines 2
Match: Event 136726768, Lines 2
Match: Event 136726879, Lines 2
Match: Event 136727167, Lines 3
Match: Event 136727569, Lines 3
Match: Event 136727957, Lines 2
Match: Event 136728172, Lines 2
Match: Event 136728318, Lines 2
Match: Event 136728694, Lines 2
Match: Event 136729100, Lines 2
Match: Event 136729357, Lines 2
Match: Event 136729531, Lines 2
Match: Event 136729618, Lines 2
[73%] 	 23,131/31,685 	 10:26:37
Match: Event 136729650, Lines 2
Match: Event 136730582, Lines 2
Match: Event 136731234, Lines 2
Match: Event 136731984, Lines 3
Match: Event 136734615, Lines 2
Match: Event 136735073, Lines 2
Match: Event 136735263, Lines 2
Match: Event 136735956, Lines 2
Match: Event 136736706, Lines 2
Match: Event 136738420, Lines 2
Match: Event 136739075, Lines 2
[74%] 	 23,447/31,685 	 10:34:52
Match: Event 136740361, Lines 2
Match: Event 136741018, Lines 2
Match: Event 136741767, Lines 2
Match: Event 136742261, Lines 2
Match: Event 136742468, Lines 2
Match: Event 136743418, Lines 2
Match: Event 136744190, Lines 2
Match: Event 136744916, Lines 2
Match: Event 136745363, Lines 2
Match: Event 136746161, Lines 2
Match: Event 136747316, Lines 2
Match: Event 136748041, Lines 2
Match: Event 136748654, Lines 3
[75%] 	 23,764/31,685 	 10:43:07
Match: Event 136749475, Lines 2
Match: Event 136750067, Lines 2
Match: Event 136751246, Lines 2
Match: Event 136751380, Lines 2
Match: Event 136751520, Lines 2
Match: Event 136752327, Lines 2
Match: Event 136752527, Lines 2
Match: Event 136754258, Lines 2
Match: Event 136754905, Lines 2
Match: Event 136755485, Lines 2
Match: Event 136755534, Lines 2
Match: Event 136755959, Lines 2
Match: Event 136757284, Lines 2
Match: Event 136757305, Lines 2
Match: Event 136757674, Lines 2
Match: Event 136757727, Lines 2
[76%] 	 24,081/31,685 	 10:51:06
Match: Event 136758575, Lines 2
Match: Event 136758890, Lines 2
Match: Event 136759630, Lines 2
Match: Event 136759692, Lines 2
Match: Event 136759950, Lines 2
Match: Event 136760316, Lines 2
Match: Event 136762627, Lines 2
Match: Event 136763175, Lines 2
Match: Event 136763944, Lines 2
Match: Event 136764445, Lines 2
Match: Event 136764518, Lines 2
Match: Event 136764639, Lines 2
Match: Event 136764753, Lines 2
Match: Event 136764859, Lines 2
Match: Event 136765077, Lines 2
Match: Event 136765352, Lines 2
Match: Event 136765749, Lines 2
Match: Event 136766179, Lines 2
Match: Event 136766692, Lines 2
Match: Event 136766980, Lines 2
[77%] 	 24,398/31,685 	 10:59:15
Match: Event 136768517, Lines 2
Match: Event 136770047, Lines 2
Match: Event 136771002, Lines 2
Match: Event 136772760, Lines 2
Match: Event 136773035, Lines 2
Match: Event 136773954, Lines 2
Match: Event 136775242, Lines 2
Match: Event 136777912, Lines 2
[78%] 	 24,715/31,685 	 11:07:20
Match: Event 136779654, Lines 2
Match: Event 136780456, Lines 2
Match: Event 136781027, Lines 2
Match: Event 136781650, Lines 2
Match: Event 136782300, Lines 2
Match: Event 136784776, Lines 2
Match: Event 136784890, Lines 2
Match: Event 136785565, Lines 2
Match: Event 136785993, Lines 2
Match: Event 136787742, Lines 2
Match: Event 136787794, Lines 2
[79%] 	 25,032/31,685 	 11:15:28
Match: Event 136788423, Lines 2
Match: Event 136788442, Lines 2
Match: Event 136788821, Lines 2
Match: Event 136789004, Lines 2
Match: Event 136790572, Lines 2
Match: Event 136791446, Lines 2
Match: Event 136791592, Lines 3
Match: Event 136791621, Lines 2
Match: Event 136792407, Lines 2
Match: Event 136792955, Lines 2
Match: Event 136794711, Lines 2
Match: Event 136794895, Lines 2
Match: Event 136795368, Lines 2
Match: Event 136796380, Lines 2
Match: Event 136797311, Lines 2
Match: Event 136797396, Lines 2
[80%] 	 25,348/31,685 	 11:23:45
Match: Event 136798887, Lines 2
Match: Event 136798990, Lines 2
Match: Event 136799272, Lines 2
Match: Event 136799618, Lines 2
Match: Event 136800600, Lines 2
Match: Event 136800648, Lines 3
Match: Event 136801255, Lines 2
Match: Event 136802242, Lines 2
Match: Event 136802602, Lines 2
Match: Event 136802641, Lines 2
Match: Event 136802828, Lines 2
Match: Event 136802988, Lines 2
Match: Event 136803963, Lines 2
Match: Event 136805213, Lines 2
Match: Event 136805726, Lines 2
Match: Event 136807076, Lines 2
Match: Event 136807132, Lines 2
Match: Event 136807274, Lines 2
Match: Event 136807506, Lines 2
Match: Event 136807723, Lines 2
[81%] 	 25,665/31,685 	 11:32:02
Match: Event 136809172, Lines 2
Match: Event 136809786, Lines 3
Match: Event 136810580, Lines 3
Match: Event 136811805, Lines 2
Match: Event 136813036, Lines 2
Match: Event 136814346, Lines 2
Match: Event 136814526, Lines 2
Match: Event 136815407, Lines 2
Match: Event 136815416, Lines 2
Match: Event 136816138, Lines 2
Match: Event 136816379, Lines 2
Match: Event 136816745, Lines 2
Match: Event 136817371, Lines 2
[82%] 	 25,982/31,685 	 11:40:22
Match: Event 136818940, Lines 2
Match: Event 136819359, Lines 2
Match: Event 136819678, Lines 2
Match: Event 136820264, Lines 2
Match: Event 136820530, Lines 2
Match: Event 136821213, Lines 3
Match: Event 136821403, Lines 2
Match: Event 136821482, Lines 2
Match: Event 136822034, Lines 2
Match: Event 136822124, Lines 2
Match: Event 136822335, Lines 2
Match: Event 136822713, Lines 2
Match: Event 136822844, Lines 2
Match: Event 136823995, Lines 2
Match: Event 136824830, Lines 3
Match: Event 136825750, Lines 2
Match: Event 136826226, Lines 2
Match: Event 136827241, Lines 2
Match: Event 136827373, Lines 2
[83%] 	 26,299/31,685 	 11:48:28
Match: Event 136828375, Lines 2
Match: Event 136829124, Lines 2
Match: Event 136830396, Lines 3
Match: Event 136830997, Lines 2
Match: Event 136832911, Lines 3
Match: Event 136833085, Lines 2
Match: Event 136833757, Lines 2
Match: Event 136834163, Lines 2
Match: Event 136836144, Lines 2
Match: Event 136836808, Lines 2
[84%] 	 26,616/31,685 	 11:56:15
Match: Event 136838040, Lines 2
Match: Event 136838050, Lines 2
Match: Event 136838253, Lines 2
Match: Event 136838568, Lines 2
Match: Event 136838948, Lines 2
Match: Event 136839128, Lines 2
Match: Event 136839433, Lines 2
Match: Event 136840240, Lines 2
Match: Event 136841880, Lines 2
Match: Event 136842738, Lines 2
Match: Event 136842792, Lines 2
Match: Event 136843436, Lines 2
Match: Event 136844393, Lines 2
Match: Event 136845450, Lines 2
Match: Event 136847180, Lines 2
Match: Event 136847783, Lines 2
[85%] 	 26,933/31,685 	 12:04:35
Match: Event 136847928, Lines 2
Match: Event 136849334, Lines 2
Match: Event 136855033, Lines 2
Match: Event 136855879, Lines 2
Match: Event 136856208, Lines 2
Match: Event 136856588, Lines 2
[86%] 	 27,250/31,685 	 12:12:28
Match: Event 136859114, Lines 2
Match: Event 136860332, Lines 2
Match: Event 136860864, Lines 2
Match: Event 136861013, Lines 2
Match: Event 136861239, Lines 2
Match: Event 136863048, Lines 2
Match: Event 136863611, Lines 2
Match: Event 136863793, Lines 2
Match: Event 136864134, Lines 2
Match: Event 136864636, Lines 2
Match: Event 136865029, Lines 2
Match: Event 136866444, Lines 2
Match: Event 136866690, Lines 3
Match: Event 136866788, Lines 2
Match: Event 136867268, Lines 2
Match: Event 136868192, Lines 2
Match: Event 136869527, Lines 2
Match: Event 136869685, Lines 2
Match: Event 136870032, Lines 2
[87%] 	 27,566/31,685 	 12:20:20
Match: Event 136870294, Lines 2
Match: Event 136870505, Lines 2
Match: Event 136870557, Lines 2
Match: Event 136871756, Lines 2
Match: Event 136872706, Lines 2
Match: Event 136872900, Lines 3
Match: Event 136874386, Lines 2
Match: Event 136875727, Lines 2
Match: Event 136876208, Lines 2
Match: Event 136877311, Lines 2
Match: Event 136877930, Lines 2
Match: Event 136879088, Lines 2
Match: Event 136879104, Lines 2
Match: Event 136879569, Lines 2
[88%] 	 27,883/31,685 	 12:28:37
Match: Event 136881366, Lines 2
Match: Event 136881518, Lines 2
Match: Event 136883862, Lines 2
Match: Event 136883996, Lines 2
Match: Event 136884273, Lines 2
Match: Event 136884703, Lines 2
Match: Event 136884774, Lines 2
Match: Event 136887437, Lines 2
Match: Event 136888832, Lines 2
Match: Event 136888955, Lines 3
Match: Event 136888963, Lines 2
Match: Event 136889447, Lines 2
Match: Event 136890551, Lines 2
Match: Event 136891009, Lines 2
[89%] 	 28,200/31,685 	 12:36:45
Match: Event 136891849, Lines 2
Match: Event 136892920, Lines 2
Match: Event 136893018, Lines 2
Match: Event 136893171, Lines 2
Match: Event 136893561, Lines 2
Match: Event 136893852, Lines 3
Match: Event 136894688, Lines 2
Match: Event 136894835, Lines 2
Match: Event 136894921, Lines 2
Match: Event 136895007, Lines 2
Match: Event 136896002, Lines 2
Match: Event 136896218, Lines 2
Match: Event 136897509, Lines 2
Match: Event 136898233, Lines 2
Match: Event 136898748, Lines 2
Match: Event 136899111, Lines 2
Match: Event 136899193, Lines 2
Match: Event 136900534, Lines 2
Match: Event 136901047, Lines 2
[90%] 	 28,517/31,685 	 12:44:40
Match: Event 136901723, Lines 2
Match: Event 136902010, Lines 2
Match: Event 136902184, Lines 2
Match: Event 136902228, Lines 2
Match: Event 136902881, Lines 3
Match: Event 136902970, Lines 2
Match: Event 136903549, Lines 2
Match: Event 136904971, Lines 2
Match: Event 136905193, Lines 2
Match: Event 136906140, Lines 2
Match: Event 136906449, Lines 2
Match: Event 136907021, Lines 3
Match: Event 136908237, Lines 2
Match: Event 136909113, Lines 2
Match: Event 136910405, Lines 2
Match: Event 136910790, Lines 2
Match: Event 136911201, Lines 2
Match: Event 136911268, Lines 2
Match: Event 136911399, Lines 2
[91%] 	 28,834/31,685 	 12:52:57
Match: Event 136911766, Lines 2
Match: Event 136912540, Lines 2
Match: Event 136913218, Lines 2
Match: Event 136914477, Lines 2
Match: Event 136914484, Lines 2
Match: Event 136915484, Lines 2
Match: Event 136916394, Lines 2
Match: Event 136916604, Lines 2
Match: Event 136917388, Lines 2
Match: Event 136918018, Lines 2
Match: Event 136918103, Lines 2
Match: Event 136919282, Lines 2
Match: Event 136919320, Lines 2
Match: Event 136919749, Lines 2
Match: Event 136919853, Lines 2
[92%] 	 29,151/31,685 	 13:00:58
Match: Event 136922930, Lines 2
Match: Event 136923703, Lines 3
Match: Event 136923870, Lines 2
Match: Event 136925746, Lines 3
Match: Event 136926993, Lines 2
Match: Event 136927804, Lines 2
Match: Event 136927860, Lines 2
Match: Event 136927975, Lines 2
Match: Event 136928245, Lines 2
Match: Event 136928610, Lines 2
Match: Event 136929001, Lines 2
Match: Event 136929006, Lines 2
Match: Event 136929230, Lines 2
[93%] 	 29,468/31,685 	 13:09:01
Match: Event 136932412, Lines 2
Match: Event 136933435, Lines 2
Match: Event 136933847, Lines 2
Match: Event 136935740, Lines 3
Match: Event 136936004, Lines 2
Match: Event 136936395, Lines 2
Match: Event 136936878, Lines 2
Match: Event 136937189, Lines 2
Match: Event 136938444, Lines 2
Match: Event 136938452, Lines 2
Match: Event 136938778, Lines 2
Match: Event 136939586, Lines 2
Match: Event 136940961, Lines 2
[94%] 	 29,784/31,685 	 13:17:02
Match: Event 136942859, Lines 2
Match: Event 136944859, Lines 2
Match: Event 136945443, Lines 2
Match: Event 136945905, Lines 2
Match: Event 136946373, Lines 2
Match: Event 136946830, Lines 2
Match: Event 136947490, Lines 2
Match: Event 136947541, Lines 2
Match: Event 136947787, Lines 2
Match: Event 136948454, Lines 2
Match: Event 136948757, Lines 3
Match: Event 136949050, Lines 2
Match: Event 136951365, Lines 2
Match: Event 136951643, Lines 2
[95%] 	 30,101/31,685 	 13:24:59
Match: Event 136952055, Lines 2
Match: Event 136952731, Lines 2
Match: Event 136953428, Lines 2
Match: Event 136954063, Lines 2
Match: Event 136955214, Lines 2
Match: Event 136955816, Lines 2
Match: Event 136956057, Lines 2
Match: Event 136956499, Lines 2
Match: Event 136956737, Lines 2
Match: Event 136957424, Lines 2
Match: Event 136957893, Lines 2
Match: Event 136958429, Lines 2
Match: Event 136959157, Lines 2
Match: Event 136959344, Lines 2
Match: Event 136961087, Lines 3
Match: Event 136961095, Lines 2
Match: Event 136961393, Lines 2
[96%] 	 30,418/31,685 	 13:33:04
Match: Event 136962080, Lines 2
Match: Event 136962277, Lines 2
Match: Event 136962685, Lines 2
Match: Event 136962715, Lines 2
Match: Event 136963603, Lines 2
Match: Event 136965343, Lines 2
Match: Event 136965696, Lines 2
Match: Event 136966805, Lines 2
Match: Event 136967203, Lines 2
Match: Event 136967485, Lines 2
Match: Event 136967942, Lines 2
Match: Event 136969162, Lines 2
Match: Event 136969456, Lines 2
Match: Event 136970782, Lines 2
[97%] 	 30,735/31,685 	 13:41:40
Match: Event 136972016, Lines 2
Match: Event 136973523, Lines 2
Match: Event 136975008, Lines 2
Match: Event 136975215, Lines 2
Match: Event 136976155, Lines 2
Match: Event 136976919, Lines 2
Match: Event 136977690, Lines 2
Match: Event 136978258, Lines 3
Match: Event 136978327, Lines 2
Match: Event 136979138, Lines 2
Match: Event 136979391, Lines 2
[98%] 	 31,052/31,685 	 13:49:21
Match: Event 136981983, Lines 3
Match: Event 136982081, Lines 2
Match: Event 136983334, Lines 2
Match: Event 136983583, Lines 2
Match: Event 136983590, Lines 2
Match: Event 136983968, Lines 2
Match: Event 136984426, Lines 2
Match: Event 136984950, Lines 2
Match: Event 136985225, Lines 2
Match: Event 136986345, Lines 3
Match: Event 136988007, Lines 2
Match: Event 136989050, Lines 2
Match: Event 136990143, Lines 2
[99%] 	 31,369/31,685 	 13:57:08
Match: Event 136992026, Lines 2
Match: Event 136992062, Lines 2
Match: Event 136992507, Lines 2
Match: Event 136993287, Lines 2
Match: Event 136993777, Lines 2
Match: Event 136996118, Lines 2
Match: Event 136997358, Lines 2
Match: Event 136997852, Lines 2
Match: Event 136998135, Lines 2
Match: Event 136998476, Lines 2
Match: Event 136999277, Lines 2
Match: Event 136999676, Lines 2
Match: Event 136999724, Lines 3
Match: Event 136999850, Lines 2
Finished in 50711.65s.
 ~ 5) DONE !
