search libraries in slc9_x86-64
 ~ 1) Base stack loaded.
 ~ Sleeping for 5 seconds to avoid AFS DDOS...
 ~ 2) Loading sndsw environment...
 ~ 3) SNDSW_ROOT is set to: /afs/cern.ch/user/i/idioniso/snd_master/sw-root6.28/rhel9_x86-64/sndsw/master-local1
 ~ 4) Executing tracking script...
[INFO] The input consists out of the following trees and files: 
[INFO]  - rawConv
[INFO]     - root://eoshome-i.cern.ch//eos/user/i/idioniso/tridents/initial_cuts/tridents_sndsw_raw-0212.root
[INFO] FairRootFileSink initialized.
[INFO]  - cbmout
[INFO]     - dummy
[INFO] Parameter and input file are available, Assure that basic info is there for the run!
[INFO] ---FairRootManager::SpecifyRunId --- 
[INFO] --- Initialize with RunId  --- 0

************************************************************* 
     initialisation for run id 0
************************************************************* 
-I- FairRunTimeDB::InitContainer() FairBaseParSet
-I- FairRunTimeDB::InitContainer() FairGeoParSet

************************************************************* 
     initialisation for run id 0
************************************************************* 
-I- FairRunTimeDB::InitContainer() FairBaseParSet
-I- FairRunTimeDB::InitContainer() FairGeoParSet
[INFO]  Branch: Reco_MuonTracks not found in Tree.
using geofile: root://eospublic.cern.ch//eos/experiment/sndlhc/convertedData/physics/2023/geofile_sndlhc_TI18_V3_2023.root
[0%] 	 0/31,955 	 00:00:11
[1%] 	 320/31,955 	 00:06:33
[2%] 	 640/31,955 	 00:12:46
[3%] 	 959/31,955 	 00:18:50
[4%] 	 1,279/31,955 	 00:24:16
[5%] 	 1,598/31,955 	 00:30:27
[6%] 	 1,918/31,955 	 00:35:44
[7%] 	 2,237/31,955 	 00:41:01
[8%] 	 2,557/31,955 	 00:46:40
[9%] 	 2,876/31,955 	 00:51:57
[10%] 	 3,196/31,955 	 00:57:21
[11%] 	 3,516/31,955 	 01:04:17
[12%] 	 3,835/31,955 	 01:10:40
[13%] 	 4,155/31,955 	 01:17:24
[14%] 	 4,474/31,955 	 01:23:25
[15%] 	 4,794/31,955 	 01:30:11
Match: Event 212147679, Lines 2
Match: Event 212151953, Lines 2
Match: Event 212152905, Lines 2
[16%] 	 5,113/31,955 	 01:36:52
[17%] 	 5,433/31,955 	 01:42:58
Match: Event 212173294, Lines 2
[18%] 	 5,752/31,955 	 01:48:09
[19%] 	 6,072/31,955 	 01:54:21
[20%] 	 6,391/31,955 	 01:59:57
Match: Event 212199352, Lines 2
[21%] 	 6,711/31,955 	 02:04:53
[22%] 	 7,031/31,955 	 02:10:23
[23%] 	 7,350/31,955 	 02:16:51
Match: Event 212237393, Lines 2
[24%] 	 7,670/31,955 	 02:22:28
[25%] 	 7,989/31,955 	 02:28:05
[26%] 	 8,309/31,955 	 02:33:21
[27%] 	 8,628/31,955 	 02:38:39
[28%] 	 8,948/31,955 	 02:44:41
[29%] 	 9,267/31,955 	 02:51:49
[30%] 	 9,587/31,955 	 02:58:38
Match: Event 212303437, Lines 2
Match: Event 212303522, Lines 2
[31%] 	 9,907/31,955 	 03:05:22
[32%] 	 10,226/31,955 	 03:11:03
[33%] 	 10,546/31,955 	 03:17:52
[34%] 	 10,865/31,955 	 03:25:17
[35%] 	 11,185/31,955 	 03:32:09
[36%] 	 11,504/31,955 	 03:38:21
[37%] 	 11,824/31,955 	 03:44:07
[38%] 	 12,143/31,955 	 03:50:42
Match: Event 212380245, Lines 2
Match: Event 212380352, Lines 2
[39%] 	 12,463/31,955 	 03:57:38
[40%] 	 12,782/31,955 	 04:06:08
Match: Event 212405498, Lines 2
[41%] 	 13,102/31,955 	 04:12:45
[42%] 	 13,422/31,955 	 04:19:08
[43%] 	 13,741/31,955 	 04:24:39
Match: Event 212430549, Lines 2
[44%] 	 14,061/31,955 	 04:30:55
Match: Event 212444009, Lines 2
[45%] 	 14,380/31,955 	 04:36:32
[46%] 	 14,700/31,955 	 04:41:24
[47%] 	 15,019/31,955 	 04:46:10
[48%] 	 15,339/31,955 	 04:51:39
[49%] 	 15,658/31,955 	 04:58:17
Match: Event 212493327, Lines 2
Match: Event 212494887, Lines 2
[50%] 	 15,978/31,955 	 05:05:37
[51%] 	 16,298/31,955 	 05:11:37
Match: Event 212510785, Lines 2
Match: Event 212515031, Lines 2
[52%] 	 16,617/31,955 	 05:17:26
Match: Event 212521460, Lines 2
Match: Event 212528138, Lines 2
[53%] 	 16,937/31,955 	 05:23:29
[54%] 	 17,256/31,955 	 05:29:23
[55%] 	 17,576/31,955 	 05:35:03
[56%] 	 17,895/31,955 	 05:40:15
[57%] 	 18,215/31,955 	 05:45:37
[58%] 	 18,534/31,955 	 05:50:56
Match: Event 212586399, Lines 2
[59%] 	 18,854/31,955 	 05:56:02
[60%] 	 19,173/31,955 	 06:01:37
Match: Event 212610838, Lines 2
[61%] 	 19,493/31,955 	 06:06:48
[62%] 	 19,813/31,955 	 06:12:05
Match: Event 212630043, Lines 2
[63%] 	 20,132/31,955 	 06:17:29
[64%] 	 20,452/31,955 	 06:22:41
Match: Event 212648609, Lines 2
[65%] 	 20,771/31,955 	 06:28:18
[66%] 	 21,091/31,955 	 06:33:18
Match: Event 212668310, Lines 2
[67%] 	 21,410/31,955 	 06:39:02
[68%] 	 21,730/31,955 	 06:44:34
[69%] 	 22,049/31,955 	 06:49:41
[70%] 	 22,369/31,955 	 06:55:08
[71%] 	 22,689/31,955 	 07:00:25
[72%] 	 23,008/31,955 	 07:05:27
Match: Event 212725827, Lines 2
[73%] 	 23,328/31,955 	 07:11:26
Match: Event 212733806, Lines 2
Match: Event 212734181, Lines 2
[74%] 	 23,647/31,955 	 07:17:54
[75%] 	 23,967/31,955 	 07:23:34
Match: Event 212756441, Lines 2
Match: Event 212758559, Lines 2
[76%] 	 24,286/31,955 	 07:28:39
Match: Event 212765444, Lines 2
[77%] 	 24,606/31,955 	 07:34:16
[78%] 	 24,925/31,955 	 07:39:39
[79%] 	 25,245/31,955 	 07:45:39
[80%] 	 25,564/31,955 	 07:51:16
[81%] 	 25,884/31,955 	 07:57:14
[82%] 	 26,204/31,955 	 08:03:42
[83%] 	 26,523/31,955 	 08:10:10
[84%] 	 26,843/31,955 	 08:16:59
[85%] 	 27,162/31,955 	 08:23:14
[86%] 	 27,482/31,955 	 08:28:55
[87%] 	 27,801/31,955 	 08:33:49
Match: Event 212879714, Lines 2
[88%] 	 28,121/31,955 	 08:39:02
[89%] 	 28,440/31,955 	 08:44:20
[90%] 	 28,760/31,955 	 08:49:09
[91%] 	 29,080/31,955 	 08:54:13
[92%] 	 29,399/31,955 	 08:59:50
[93%] 	 29,719/31,955 	 09:06:12
Match: Event 212935011, Lines 2
[94%] 	 30,038/31,955 	 09:12:18
[95%] 	 30,358/31,955 	 09:17:41
[96%] 	 30,677/31,955 	 09:23:27
[97%] 	 30,997/31,955 	 09:28:18
[98%] 	 31,316/31,955 	 09:33:43
[99%] 	 31,636/31,955 	 09:39:40
Finished in 35120.25s.
 ~ 5) DONE !
