search libraries in slc9_x86-64
 ~ 1) Base stack loaded.
 ~ Sleeping for 25 seconds to avoid AFS DDOS...
 ~ 2) Loading sndsw environment...
 ~ 3) SNDSW_ROOT is set to: /afs/cern.ch/user/i/idioniso/snd_master/sw-root6.28/rhel9_x86-64/sndsw/master-local1
 ~ 4) Executing tracking script...
[INFO] The input consists out of the following trees and files: 
[INFO]  - rawConv
[INFO]     - root://eoshome-i.cern.ch//eos/user/i/idioniso/tridents/initial_cuts/tridents_sndsw_raw-0046.root
[INFO] FairRootFileSink initialized.
[INFO]  - cbmout
[INFO]     - dummy
[INFO] Parameter and input file are available, Assure that basic info is there for the run!
[INFO] ---FairRootManager::SpecifyRunId --- 
[INFO] --- Initialize with RunId  --- 0

************************************************************* 
     initialisation for run id 0
************************************************************* 
-I- FairRunTimeDB::InitContainer() FairBaseParSet
-I- FairRunTimeDB::InitContainer() FairGeoParSet

************************************************************* 
     initialisation for run id 0
************************************************************* 
-I- FairRunTimeDB::InitContainer() FairBaseParSet
-I- FairRunTimeDB::InitContainer() FairGeoParSet
[INFO]  Branch: Reco_MuonTracks not found in Tree.
using geofile: root://eospublic.cern.ch//eos/experiment/sndlhc/convertedData/physics/2023/geofile_sndlhc_TI18_V3_2023.root
[0%] 	 0/31,458 	 00:00:08
Match: Event 46000228, Lines 2
Match: Event 46000255, Lines 2
Match: Event 46000508, Lines 2
Match: Event 46000682, Lines 2
Match: Event 46001518, Lines 2
Match: Event 46001847, Lines 2
Match: Event 46002154, Lines 2
Match: Event 46002780, Lines 2
Match: Event 46003301, Lines 2
Match: Event 46003395, Lines 2
Match: Event 46004355, Lines 2
Match: Event 46004402, Lines 2
Match: Event 46005493, Lines 2
Match: Event 46005847, Lines 2
Match: Event 46006156, Lines 2
Match: Event 46006360, Lines 2
Match: Event 46006697, Lines 2
Match: Event 46010113, Lines 2
[1%] 	 315/31,458 	 00:07:49
Match: Event 46011996, Lines 2
Match: Event 46013917, Lines 2
Match: Event 46014219, Lines 2
Match: Event 46014357, Lines 2
Match: Event 46015168, Lines 2
Match: Event 46015497, Lines 2
Match: Event 46015586, Lines 2
Match: Event 46016231, Lines 2
Match: Event 46017985, Lines 2
Match: Event 46018158, Lines 2
Match: Event 46018545, Lines 2
Match: Event 46019636, Lines 2
Match: Event 46019913, Lines 2
[2%] 	 630/31,458 	 00:15:31
Match: Event 46021403, Lines 2
Match: Event 46022121, Lines 2
Match: Event 46022237, Lines 2
Match: Event 46023329, Lines 2
Match: Event 46023690, Lines 3
Match: Event 46025136, Lines 2
Match: Event 46025152, Lines 2
Match: Event 46025879, Lines 2
Match: Event 46025886, Lines 3
Match: Event 46028302, Lines 2
Match: Event 46028619, Lines 2
Match: Event 46030223, Lines 2
Match: Event 46030372, Lines 2
Match: Event 46031143, Lines 2
Match: Event 46031530, Lines 2
Match: Event 46031576, Lines 2
[3%] 	 944/31,458 	 00:23:14
Match: Event 46031891, Lines 2
Match: Event 46032696, Lines 2
Match: Event 46033491, Lines 2
Match: Event 46033543, Lines 2
Match: Event 46035022, Lines 2
Match: Event 46036240, Lines 3
Match: Event 46038699, Lines 2
Match: Event 46041110, Lines 2
Match: Event 46041159, Lines 2
[4%] 	 1,259/31,458 	 00:31:33
Match: Event 46042749, Lines 2
Match: Event 46043111, Lines 2
Match: Event 46046661, Lines 2
Match: Event 46048913, Lines 2
Match: Event 46048946, Lines 2
Match: Event 46049136, Lines 2
Match: Event 46049932, Lines 2
Match: Event 46050293, Lines 2
Match: Event 46050952, Lines 2
Match: Event 46051265, Lines 2
[5%] 	 1,573/31,458 	 00:39:44
Match: Event 46052787, Lines 3
Match: Event 46053839, Lines 2
Match: Event 46057892, Lines 2
Match: Event 46059108, Lines 2
Match: Event 46059215, Lines 2
Match: Event 46059805, Lines 2
Match: Event 46060246, Lines 2
Match: Event 46060853, Lines 2
Match: Event 46061290, Lines 2
Match: Event 46061486, Lines 2
[6%] 	 1,888/31,458 	 00:47:46
Match: Event 46062200, Lines 2
Match: Event 46062203, Lines 2
Match: Event 46062474, Lines 2
Match: Event 46064145, Lines 2
Match: Event 46067934, Lines 2
Match: Event 46069011, Lines 2
Match: Event 46069407, Lines 2
Match: Event 46069731, Lines 3
Match: Event 46070247, Lines 2
Match: Event 46070420, Lines 2
Match: Event 46071303, Lines 2
[7%] 	 2,203/31,458 	 00:55:54
Match: Event 46072070, Lines 2
Match: Event 46072129, Lines 2
Match: Event 46072473, Lines 2
Match: Event 46074542, Lines 2
Match: Event 46076198, Lines 2
Match: Event 46076372, Lines 2
Match: Event 46078008, Lines 2
Match: Event 46078018, Lines 2
Match: Event 46078716, Lines 2
Match: Event 46080725, Lines 2
[8%] 	 2,517/31,458 	 01:04:02
Match: Event 46080993, Lines 2
Match: Event 46082335, Lines 2
Match: Event 46082917, Lines 2
Match: Event 46083091, Lines 2
Match: Event 46083333, Lines 3
Match: Event 46083629, Lines 2
Match: Event 46086107, Lines 2
Match: Event 46086712, Lines 2
Match: Event 46087322, Lines 2
Match: Event 46087377, Lines 2
Match: Event 46088637, Lines 2
[9%] 	 2,832/31,458 	 01:12:01
Match: Event 46091691, Lines 2
Match: Event 46092536, Lines 2
Match: Event 46092689, Lines 2
Match: Event 46092898, Lines 2
Match: Event 46096036, Lines 2
Match: Event 46097658, Lines 2
Match: Event 46097942, Lines 2
Match: Event 46101373, Lines 2
Match: Event 46101863, Lines 2
Match: Event 46101962, Lines 2
[10%] 	 3,146/31,458 	 01:19:36
Match: Event 46102943, Lines 2
Match: Event 46104055, Lines 2
Match: Event 46104406, Lines 3
Match: Event 46104442, Lines 2
Match: Event 46105195, Lines 2
Match: Event 46105974, Lines 2
Match: Event 46106023, Lines 2
Match: Event 46106940, Lines 2
Match: Event 46107700, Lines 2
Match: Event 46111587, Lines 2
Match: Event 46111803, Lines 2
Match: Event 46111972, Lines 2
Match: Event 46112601, Lines 2
[11%] 	 3,461/31,458 	 01:27:50
Match: Event 46116735, Lines 2
Match: Event 46117909, Lines 2
Match: Event 46118543, Lines 2
Match: Event 46118656, Lines 2
Match: Event 46119424, Lines 2
Match: Event 46119477, Lines 2
Match: Event 46122292, Lines 2
Match: Event 46122814, Lines 2
Match: Event 46122930, Lines 2
[12%] 	 3,775/31,458 	 01:35:44
Match: Event 46124241, Lines 2
Match: Event 46125674, Lines 2
Match: Event 46127423, Lines 2
Match: Event 46128584, Lines 2
Match: Event 46129007, Lines 2
Match: Event 46129571, Lines 3
Match: Event 46129631, Lines 2
Match: Event 46129876, Lines 2
Match: Event 46132455, Lines 2
Match: Event 46133399, Lines 2
[13%] 	 4,090/31,458 	 01:44:07
Match: Event 46133462, Lines 2
Match: Event 46133937, Lines 2
Match: Event 46134322, Lines 2
Match: Event 46134502, Lines 2
Match: Event 46134645, Lines 2
Match: Event 46136631, Lines 2
Match: Event 46137964, Lines 2
Match: Event 46138396, Lines 2
Match: Event 46139178, Lines 2
Match: Event 46139211, Lines 2
Match: Event 46140018, Lines 2
Match: Event 46140347, Lines 2
Match: Event 46140378, Lines 2
Match: Event 46140488, Lines 2
Match: Event 46140692, Lines 2
Match: Event 46140817, Lines 2
Match: Event 46141794, Lines 2
Match: Event 46142279, Lines 2
Match: Event 46142458, Lines 2
Match: Event 46142673, Lines 2
Match: Event 46142678, Lines 2
[14%] 	 4,405/31,458 	 01:52:33
Match: Event 46144331, Lines 2
Match: Event 46145700, Lines 2
Match: Event 46146492, Lines 2
Match: Event 46147375, Lines 2
Match: Event 46148106, Lines 2
Match: Event 46148466, Lines 2
Match: Event 46149150, Lines 2
Match: Event 46149408, Lines 2
Match: Event 46149491, Lines 2
Match: Event 46149720, Lines 2
Match: Event 46150493, Lines 2
Match: Event 46150697, Lines 2
Match: Event 46150755, Lines 2
Match: Event 46153480, Lines 2
Match: Event 46153694, Lines 2
[15%] 	 4,719/31,458 	 02:00:28
Match: Event 46153997, Lines 2
Match: Event 46155481, Lines 2
Match: Event 46155583, Lines 2
Match: Event 46156322, Lines 2
Match: Event 46156582, Lines 2
Match: Event 46156645, Lines 2
Match: Event 46157549, Lines 2
Match: Event 46157592, Lines 2
Match: Event 46157655, Lines 2
Match: Event 46157920, Lines 2
Match: Event 46158026, Lines 2
Match: Event 46159459, Lines 2
Match: Event 46160680, Lines 2
Match: Event 46163570, Lines 2
Match: Event 46163693, Lines 2
[16%] 	 5,034/31,458 	 02:08:28
Match: Event 46165125, Lines 2
Match: Event 46165477, Lines 2
Match: Event 46166689, Lines 2
Match: Event 46166713, Lines 2
Match: Event 46170056, Lines 3
Match: Event 46171956, Lines 2
Match: Event 46172635, Lines 2
Match: Event 46172814, Lines 2
Match: Event 46172836, Lines 2
Match: Event 46172848, Lines 3
Match: Event 46173081, Lines 2
Match: Event 46173345, Lines 2
[17%] 	 5,348/31,458 	 02:15:43
Match: Event 46174341, Lines 2
Match: Event 46174891, Lines 2
Match: Event 46175653, Lines 2
Match: Event 46176001, Lines 2
Match: Event 46177210, Lines 2
Match: Event 46178554, Lines 2
Match: Event 46179224, Lines 2
Match: Event 46179404, Lines 2
Match: Event 46180834, Lines 3
Match: Event 46181102, Lines 2
Match: Event 46182152, Lines 2
Match: Event 46182280, Lines 2
Match: Event 46183413, Lines 2
Match: Event 46184148, Lines 2
Match: Event 46184548, Lines 2
[18%] 	 5,663/31,458 	 02:23:12
Match: Event 46185073, Lines 2
Match: Event 46185333, Lines 2
Match: Event 46185802, Lines 2
Match: Event 46186239, Lines 2
Match: Event 46186323, Lines 2
Match: Event 46186735, Lines 2
Match: Event 46186754, Lines 2
Match: Event 46187705, Lines 2
Match: Event 46188382, Lines 2
Match: Event 46188415, Lines 2
Match: Event 46188705, Lines 2
Match: Event 46189284, Lines 2
Match: Event 46189798, Lines 2
Match: Event 46193041, Lines 2
Match: Event 46193267, Lines 2
Match: Event 46193477, Lines 2
Match: Event 46193621, Lines 2
Match: Event 46194604, Lines 2
[19%] 	 5,978/31,458 	 02:31:16
Match: Event 46195445, Lines 3
Match: Event 46196378, Lines 2
Match: Event 46196619, Lines 2
Match: Event 46196865, Lines 2
Match: Event 46197974, Lines 2
Match: Event 46198235, Lines 2
Match: Event 46200220, Lines 2
Match: Event 46201238, Lines 2
Match: Event 46201555, Lines 3
Match: Event 46202958, Lines 3
Match: Event 46203752, Lines 2
Match: Event 46203766, Lines 2
[20%] 	 6,292/31,458 	 02:40:13
Match: Event 46205150, Lines 2
Match: Event 46205433, Lines 2
Match: Event 46206071, Lines 2
Match: Event 46207034, Lines 2
Match: Event 46208728, Lines 2
Match: Event 46208980, Lines 2
Match: Event 46209007, Lines 2
Match: Event 46209522, Lines 2
Match: Event 46209810, Lines 2
Match: Event 46209953, Lines 2
Match: Event 46210411, Lines 2
Match: Event 46212580, Lines 2
Match: Event 46212641, Lines 2
Match: Event 46212777, Lines 2
Match: Event 46213428, Lines 2
[21%] 	 6,607/31,458 	 02:48:14
Match: Event 46215510, Lines 2
Match: Event 46215665, Lines 2
Match: Event 46215957, Lines 2
Match: Event 46216559, Lines 2
Match: Event 46216767, Lines 2
Match: Event 46217473, Lines 2
Match: Event 46219967, Lines 2
Match: Event 46221723, Lines 2
Match: Event 46221807, Lines 2
Match: Event 46221909, Lines 2
Match: Event 46222086, Lines 2
Match: Event 46222221, Lines 2
[22%] 	 6,921/31,458 	 02:56:15
Match: Event 46226305, Lines 2
Match: Event 46226597, Lines 2
Match: Event 46227492, Lines 3
Match: Event 46229250, Lines 2
Match: Event 46230337, Lines 2
Match: Event 46231601, Lines 2
Match: Event 46232873, Lines 2
[23%] 	 7,236/31,458 	 03:04:12
Match: Event 46235209, Lines 2
Match: Event 46235218, Lines 2
Match: Event 46235708, Lines 2
Match: Event 46236070, Lines 2
Match: Event 46237596, Lines 2
Match: Event 46239070, Lines 3
Match: Event 46241280, Lines 2
Match: Event 46242397, Lines 2
Match: Event 46243169, Lines 2
[24%] 	 7,550/31,458 	 03:11:57
Match: Event 46244399, Lines 2
Match: Event 46244933, Lines 3
Match: Event 46245103, Lines 2
Match: Event 46248913, Lines 2
Match: Event 46249435, Lines 2
Match: Event 46249612, Lines 2
Match: Event 46250005, Lines 2
Match: Event 46253278, Lines 2
Match: Event 46253742, Lines 2
[25%] 	 7,865/31,458 	 03:19:33
Match: Event 46255520, Lines 2
Match: Event 46257217, Lines 2
Match: Event 46258063, Lines 2
Match: Event 46258243, Lines 3
Match: Event 46258477, Lines 2
Match: Event 46258778, Lines 2
Match: Event 46258890, Lines 2
Match: Event 46260402, Lines 2
Match: Event 46260585, Lines 2
Match: Event 46260871, Lines 2
Match: Event 46261522, Lines 2
Match: Event 46263135, Lines 2
Match: Event 46263292, Lines 3
Match: Event 46263333, Lines 2
Match: Event 46264081, Lines 2
[26%] 	 8,180/31,458 	 03:28:30
Match: Event 46265330, Lines 2
Match: Event 46266308, Lines 2
Match: Event 46267228, Lines 2
Match: Event 46268176, Lines 2
Match: Event 46268416, Lines 2
Match: Event 46269003, Lines 2
Match: Event 46269583, Lines 2
Match: Event 46270105, Lines 2
Match: Event 46270143, Lines 3
Match: Event 46270377, Lines 2
Match: Event 46272570, Lines 2
Match: Event 46272882, Lines 2
Match: Event 46273203, Lines 2
Match: Event 46273222, Lines 2
[27%] 	 8,494/31,458 	 03:36:14
Match: Event 46273680, Lines 2
Match: Event 46274315, Lines 2
Match: Event 46274433, Lines 2
Match: Event 46274721, Lines 2
Match: Event 46274995, Lines 2
Match: Event 46275568, Lines 3
Match: Event 46275685, Lines 2
Match: Event 46277326, Lines 2
Match: Event 46277805, Lines 3
Match: Event 46277887, Lines 2
Match: Event 46278464, Lines 2
Match: Event 46279598, Lines 2
Match: Event 46281222, Lines 2
Match: Event 46281391, Lines 2
Match: Event 46282290, Lines 2
Match: Event 46283889, Lines 2
[28%] 	 8,809/31,458 	 03:44:13
Match: Event 46285554, Lines 2
Match: Event 46286331, Lines 2
Match: Event 46286580, Lines 2
Match: Event 46289942, Lines 2
Match: Event 46290028, Lines 2
Match: Event 46290657, Lines 2
Match: Event 46291867, Lines 2
Match: Event 46293292, Lines 2
Match: Event 46294248, Lines 3
Match: Event 46294422, Lines 2
[29%] 	 9,123/31,458 	 03:51:40
Match: Event 46295125, Lines 2
Match: Event 46295582, Lines 2
Match: Event 46295851, Lines 2
Match: Event 46296694, Lines 2
Match: Event 46297517, Lines 2
Match: Event 46297786, Lines 2
Match: Event 46298035, Lines 2
Match: Event 46298611, Lines 2
Match: Event 46298679, Lines 3
Match: Event 46299629, Lines 2
Match: Event 46299676, Lines 2
Match: Event 46299907, Lines 2
Match: Event 46300144, Lines 2
Match: Event 46300920, Lines 2
Match: Event 46301883, Lines 2
Match: Event 46302128, Lines 2
Match: Event 46302312, Lines 2
Match: Event 46302388, Lines 3
Match: Event 46302414, Lines 2
Match: Event 46303816, Lines 2
[30%] 	 9,438/31,458 	 03:59:00
Match: Event 46305768, Lines 2
Match: Event 46306214, Lines 2
Match: Event 46307074, Lines 2
Match: Event 46308837, Lines 2
Match: Event 46309421, Lines 2
Match: Event 46310559, Lines 3
Match: Event 46310642, Lines 2
Match: Event 46310731, Lines 2
Match: Event 46311994, Lines 2
Match: Event 46312220, Lines 3
Match: Event 46313516, Lines 2
[31%] 	 9,752/31,458 	 04:06:14
Match: Event 46315188, Lines 2
Match: Event 46316518, Lines 2
Match: Event 46316909, Lines 2
Match: Event 46318139, Lines 2
Match: Event 46319274, Lines 2
Match: Event 46319450, Lines 2
Match: Event 46319479, Lines 3
Match: Event 46320145, Lines 2
Match: Event 46320845, Lines 2
Match: Event 46321189, Lines 2
Match: Event 46321455, Lines 2
Match: Event 46321474, Lines 2
Match: Event 46322294, Lines 2
Match: Event 46323923, Lines 2
[32%] 	 10,067/31,458 	 04:13:37
Match: Event 46325261, Lines 2
Match: Event 46325627, Lines 2
Match: Event 46326082, Lines 2
Match: Event 46326488, Lines 2
Match: Event 46327010, Lines 2
Match: Event 46327185, Lines 2
Match: Event 46327571, Lines 2
Match: Event 46328043, Lines 2
Match: Event 46328799, Lines 2
Match: Event 46328847, Lines 2
Match: Event 46329153, Lines 2
Match: Event 46330749, Lines 2
Match: Event 46331216, Lines 2
[33%] 	 10,382/31,458 	 04:21:30
Match: Event 46334172, Lines 2
Match: Event 46334330, Lines 2
Match: Event 46336485, Lines 2
Match: Event 46337070, Lines 2
Match: Event 46337524, Lines 2
Match: Event 46339247, Lines 3
Match: Event 46339683, Lines 2
Match: Event 46339790, Lines 2
Match: Event 46340365, Lines 2
Match: Event 46342010, Lines 3
Match: Event 46342168, Lines 2
Match: Event 46342634, Lines 2
Match: Event 46343276, Lines 2
[34%] 	 10,696/31,458 	 04:28:48
Match: Event 46344114, Lines 2
Match: Event 46345692, Lines 2
Match: Event 46347262, Lines 2
Match: Event 46350763, Lines 2
Match: Event 46351503, Lines 2
Match: Event 46351747, Lines 2
Match: Event 46352784, Lines 2
Match: Event 46353058, Lines 2
Match: Event 46353467, Lines 2
Match: Event 46353583, Lines 2
[35%] 	 11,011/31,458 	 04:36:03
Match: Event 46353862, Lines 2
Match: Event 46353876, Lines 2
Match: Event 46354202, Lines 2
Match: Event 46354246, Lines 2
Match: Event 46355200, Lines 2
Match: Event 46355237, Lines 2
Match: Event 46355368, Lines 2
Match: Event 46356448, Lines 2
Match: Event 46356520, Lines 2
Match: Event 46358340, Lines 2
Match: Event 46358874, Lines 2
Match: Event 46360013, Lines 2
Match: Event 46360070, Lines 2
Match: Event 46360505, Lines 2
Match: Event 46360583, Lines 2
Match: Event 46361014, Lines 2
Match: Event 46361134, Lines 2
Match: Event 46361556, Lines 2
Match: Event 46361697, Lines 2
Match: Event 46362335, Lines 2
[36%] 	 11,325/31,458 	 04:43:23
Match: Event 46363358, Lines 2
Match: Event 46364121, Lines 2
Match: Event 46364252, Lines 2
Match: Event 46364292, Lines 2
Match: Event 46364654, Lines 2
Match: Event 46364808, Lines 2
Match: Event 46364889, Lines 2
Match: Event 46365064, Lines 2
Match: Event 46366810, Lines 2
Match: Event 46366883, Lines 2
Match: Event 46367727, Lines 2
Match: Event 46367857, Lines 2
Match: Event 46368310, Lines 2
Match: Event 46369269, Lines 2
Match: Event 46370009, Lines 2
Match: Event 46372251, Lines 2
Match: Event 46372297, Lines 2
Match: Event 46372349, Lines 2
Match: Event 46372773, Lines 2
Match: Event 46372959, Lines 2
Match: Event 46373619, Lines 2
[37%] 	 11,640/31,458 	 04:50:52
Match: Event 46373800, Lines 2
Match: Event 46375128, Lines 2
Match: Event 46375390, Lines 2
Match: Event 46375601, Lines 2
Match: Event 46376336, Lines 3
Match: Event 46377102, Lines 2
Match: Event 46377218, Lines 2
Match: Event 46377275, Lines 2
Match: Event 46377286, Lines 2
Match: Event 46377583, Lines 2
Match: Event 46377717, Lines 2
Match: Event 46377804, Lines 2
Match: Event 46378663, Lines 2
Match: Event 46379032, Lines 2
Match: Event 46380477, Lines 2
Match: Event 46382137, Lines 2
[38%] 	 11,955/31,458 	 04:58:39
Match: Event 46384195, Lines 2
Match: Event 46384204, Lines 2
Match: Event 46384674, Lines 2
Match: Event 46384699, Lines 2
Match: Event 46384790, Lines 2
Match: Event 46388575, Lines 2
Match: Event 46389153, Lines 2
Match: Event 46389232, Lines 2
Match: Event 46389408, Lines 2
Match: Event 46389454, Lines 2
Match: Event 46389526, Lines 2
Match: Event 46392257, Lines 2
Match: Event 46392260, Lines 2
Match: Event 46393045, Lines 2
[39%] 	 12,269/31,458 	 05:05:43
Match: Event 46393405, Lines 2
Match: Event 46393616, Lines 2
Match: Event 46394196, Lines 2
Match: Event 46394717, Lines 2
Match: Event 46396091, Lines 2
Match: Event 46396181, Lines 2
Match: Event 46396541, Lines 2
Match: Event 46396794, Lines 2
Match: Event 46396815, Lines 2
Match: Event 46397193, Lines 3
Match: Event 46397841, Lines 2
Match: Event 46400038, Lines 2
Match: Event 46400858, Lines 2
Match: Event 46401547, Lines 2
Match: Event 46401767, Lines 2
Match: Event 46402072, Lines 2
Match: Event 46402171, Lines 2
Match: Event 46402270, Lines 3
[40%] 	 12,584/31,458 	 05:12:40
Match: Event 46403516, Lines 2
Match: Event 46404506, Lines 2
Match: Event 46404849, Lines 2
Match: Event 46405359, Lines 2
Match: Event 46406801, Lines 2
Match: Event 46407575, Lines 2
Match: Event 46408942, Lines 2
Match: Event 46410105, Lines 2
Match: Event 46411269, Lines 2
Match: Event 46411496, Lines 2
Match: Event 46411707, Lines 2
[41%] 	 12,898/31,458 	 05:19:45
Match: Event 46413640, Lines 2
Match: Event 46413734, Lines 2
Match: Event 46413775, Lines 2
Match: Event 46415602, Lines 2
Match: Event 46415691, Lines 2
Match: Event 46417096, Lines 2
Match: Event 46418675, Lines 2
Match: Event 46418970, Lines 2
Match: Event 46419321, Lines 2
Match: Event 46420298, Lines 2
Match: Event 46420966, Lines 2
Match: Event 46421719, Lines 2
Match: Event 46421827, Lines 2
Match: Event 46422437, Lines 2
Match: Event 46422998, Lines 2
Match: Event 46423258, Lines 2
[42%] 	 13,213/31,458 	 05:26:37
Match: Event 46424566, Lines 2
Match: Event 46424900, Lines 2
Match: Event 46424958, Lines 2
Match: Event 46425065, Lines 2
Match: Event 46426637, Lines 2
Match: Event 46427399, Lines 2
Match: Event 46427536, Lines 2
Match: Event 46427935, Lines 3
Match: Event 46427944, Lines 3
Match: Event 46428206, Lines 2
Match: Event 46428533, Lines 2
Match: Event 46428834, Lines 2
Match: Event 46429321, Lines 2
Match: Event 46430745, Lines 2
Match: Event 46431219, Lines 2
Match: Event 46431720, Lines 2
Match: Event 46431722, Lines 2
Match: Event 46432000, Lines 2
[43%] 	 13,527/31,458 	 05:33:43
Match: Event 46433239, Lines 2
Match: Event 46433940, Lines 2
Match: Event 46435600, Lines 2
Match: Event 46435766, Lines 2
Match: Event 46436495, Lines 2
Match: Event 46436838, Lines 2
Match: Event 46437601, Lines 2
Match: Event 46437681, Lines 3
Match: Event 46438303, Lines 2
Match: Event 46438408, Lines 2
Match: Event 46438692, Lines 2
Match: Event 46439400, Lines 3
Match: Event 46440684, Lines 2
Match: Event 46441220, Lines 2
Match: Event 46441429, Lines 2
Match: Event 46442097, Lines 2
[44%] 	 13,842/31,458 	 05:40:42
Match: Event 46444680, Lines 2
Match: Event 46444761, Lines 2
Match: Event 46445596, Lines 2
Match: Event 46446111, Lines 2
Match: Event 46448036, Lines 2
Match: Event 46448089, Lines 2
Match: Event 46448584, Lines 2
Match: Event 46448686, Lines 2
Match: Event 46448695, Lines 2
Match: Event 46448876, Lines 2
Match: Event 46449617, Lines 2
Match: Event 46451746, Lines 2
[45%] 	 14,157/31,458 	 05:47:43
Match: Event 46454804, Lines 2
Match: Event 46455227, Lines 2
Match: Event 46455388, Lines 2
Match: Event 46455668, Lines 2
Match: Event 46456349, Lines 2
Match: Event 46456698, Lines 2
Match: Event 46457766, Lines 2
Match: Event 46459750, Lines 2
Match: Event 46459778, Lines 2
Match: Event 46459866, Lines 2
Match: Event 46461081, Lines 2
[46%] 	 14,471/31,458 	 05:54:31
Match: Event 46462320, Lines 2
Match: Event 46462821, Lines 2
Match: Event 46463682, Lines 2
Match: Event 46464311, Lines 2
Match: Event 46464387, Lines 2
Match: Event 46465307, Lines 3
Match: Event 46466090, Lines 2
Match: Event 46468459, Lines 2
Match: Event 46468866, Lines 2
[47%] 	 14,786/31,458 	 06:01:38
Match: Event 46471596, Lines 2
Match: Event 46471882, Lines 2
Match: Event 46472282, Lines 2
Match: Event 46472316, Lines 2
Match: Event 46473909, Lines 2
Match: Event 46474012, Lines 2
Match: Event 46474858, Lines 2
Match: Event 46475149, Lines 2
Match: Event 46475431, Lines 2
Match: Event 46475894, Lines 2
Match: Event 46476192, Lines 2
Match: Event 46476712, Lines 2
Match: Event 46477542, Lines 2
Match: Event 46477841, Lines 2
Match: Event 46478059, Lines 2
Match: Event 46478766, Lines 2
Match: Event 46479142, Lines 2
Match: Event 46479498, Lines 2
[48%] 	 15,100/31,458 	 06:08:41
Match: Event 46480445, Lines 2
Match: Event 46480621, Lines 2
Match: Event 46482669, Lines 2
Match: Event 46483699, Lines 2
Match: Event 46484359, Lines 2
Match: Event 46485284, Lines 2
Match: Event 46487243, Lines 2
Match: Event 46487806, Lines 2
Match: Event 46488211, Lines 2
Match: Event 46489311, Lines 2
Match: Event 46489936, Lines 2
Match: Event 46490431, Lines 2
[49%] 	 15,415/31,458 	 06:16:10
Match: Event 46491894, Lines 2
Match: Event 46492020, Lines 2
Match: Event 46492191, Lines 2
Match: Event 46492598, Lines 2
Match: Event 46492725, Lines 2
Match: Event 46492885, Lines 2
Match: Event 46494504, Lines 2
Match: Event 46495210, Lines 2
Match: Event 46495672, Lines 2
Match: Event 46497442, Lines 2
Match: Event 46497951, Lines 2
Match: Event 46498208, Lines 2
Match: Event 46498992, Lines 2
Match: Event 46499029, Lines 2
Match: Event 46499678, Lines 2
[50%] 	 15,729/31,458 	 06:23:21
Match: Event 46500887, Lines 2
Match: Event 46501985, Lines 2
Match: Event 46502439, Lines 2
Match: Event 46503222, Lines 2
Match: Event 46504678, Lines 2
Match: Event 46505432, Lines 2
Match: Event 46505938, Lines 2
Match: Event 46506536, Lines 2
Match: Event 46507738, Lines 2
Match: Event 46507883, Lines 2
Match: Event 46508066, Lines 2
Match: Event 46510267, Lines 2
Match: Event 46510646, Lines 2
[51%] 	 16,044/31,458 	 06:30:39
Match: Event 46512234, Lines 2
Match: Event 46512337, Lines 2
Match: Event 46512525, Lines 2
Match: Event 46512910, Lines 2
Match: Event 46514546, Lines 2
Match: Event 46514675, Lines 2
Match: Event 46514835, Lines 2
Match: Event 46515383, Lines 2
Match: Event 46515759, Lines 2
Match: Event 46516457, Lines 2
Match: Event 46516553, Lines 2
Match: Event 46517403, Lines 2
Match: Event 46517809, Lines 2
Match: Event 46518101, Lines 2
Match: Event 46518203, Lines 2
Match: Event 46519657, Lines 2
Match: Event 46520095, Lines 2
[52%] 	 16,359/31,458 	 06:38:16
Match: Event 46520634, Lines 2
Match: Event 46521301, Lines 2
Match: Event 46521571, Lines 2
Match: Event 46521803, Lines 2
Match: Event 46522638, Lines 2
Match: Event 46524478, Lines 2
Match: Event 46524755, Lines 2
Match: Event 46525084, Lines 2
Match: Event 46527937, Lines 3
Match: Event 46528183, Lines 2
Match: Event 46528744, Lines 2
Match: Event 46530181, Lines 2
[53%] 	 16,673/31,458 	 06:45:41
Match: Event 46530278, Lines 2
Match: Event 46530588, Lines 2
Match: Event 46530677, Lines 2
Match: Event 46531388, Lines 2
Match: Event 46531664, Lines 2
Match: Event 46531763, Lines 3
Match: Event 46532186, Lines 3
Match: Event 46532509, Lines 2
Match: Event 46533245, Lines 2
Match: Event 46533321, Lines 2
Match: Event 46535685, Lines 2
Match: Event 46536296, Lines 2
Match: Event 46536490, Lines 2
Match: Event 46536656, Lines 2
Match: Event 46538304, Lines 3
Match: Event 46539525, Lines 2
Match: Event 46539831, Lines 2
[54%] 	 16,988/31,458 	 06:53:07
Match: Event 46540742, Lines 2
Match: Event 46541697, Lines 2
Match: Event 46542228, Lines 2
Match: Event 46542299, Lines 2
Match: Event 46543485, Lines 2
Match: Event 46543572, Lines 2
Match: Event 46545502, Lines 2
Match: Event 46545662, Lines 2
Match: Event 46545804, Lines 2
Match: Event 46546275, Lines 2
Match: Event 46546440, Lines 2
Match: Event 46546902, Lines 2
Match: Event 46547209, Lines 2
Match: Event 46548260, Lines 3
[55%] 	 17,302/31,458 	 07:00:29
Match: Event 46549643, Lines 2
Match: Event 46549965, Lines 2
Match: Event 46550478, Lines 2
Match: Event 46550771, Lines 2
Match: Event 46551767, Lines 2
Match: Event 46551783, Lines 3
Match: Event 46552878, Lines 2
Match: Event 46553210, Lines 2
Match: Event 46553585, Lines 2
Match: Event 46554777, Lines 2
Match: Event 46555911, Lines 2
Match: Event 46555965, Lines 2
Match: Event 46556528, Lines 3
Match: Event 46556626, Lines 2
Match: Event 46556876, Lines 2
Match: Event 46557221, Lines 2
[56%] 	 17,617/31,458 	 07:07:37
Match: Event 46559013, Lines 3
Match: Event 46560464, Lines 2
Match: Event 46560657, Lines 2
Match: Event 46560707, Lines 2
Match: Event 46560954, Lines 3
Match: Event 46561329, Lines 2
Match: Event 46561877, Lines 2
Match: Event 46562947, Lines 2
Match: Event 46565472, Lines 2
Match: Event 46565595, Lines 2
Match: Event 46569074, Lines 2
[57%] 	 17,932/31,458 	 07:14:55
Match: Event 46569531, Lines 2
Match: Event 46569591, Lines 2
Match: Event 46570949, Lines 2
Match: Event 46570952, Lines 2
Match: Event 46571174, Lines 2
Match: Event 46572227, Lines 2
Match: Event 46573018, Lines 2
Match: Event 46573292, Lines 2
Match: Event 46573326, Lines 2
Match: Event 46573885, Lines 2
Match: Event 46574697, Lines 2
Match: Event 46576542, Lines 2
Match: Event 46576906, Lines 2
Match: Event 46577828, Lines 2
Match: Event 46577858, Lines 2
Match: Event 46578326, Lines 2
Match: Event 46578601, Lines 2
Match: Event 46579380, Lines 2
[58%] 	 18,246/31,458 	 07:22:24
Match: Event 46579845, Lines 2
Match: Event 46580217, Lines 2
Match: Event 46581066, Lines 2
Match: Event 46581073, Lines 3
Match: Event 46581399, Lines 2
Match: Event 46581621, Lines 2
Match: Event 46581680, Lines 2
Match: Event 46582147, Lines 2
Match: Event 46582181, Lines 2
Match: Event 46582780, Lines 2
Match: Event 46582898, Lines 3
Match: Event 46583530, Lines 2
Match: Event 46584083, Lines 2
Match: Event 46585938, Lines 2
Match: Event 46587488, Lines 2
Match: Event 46589181, Lines 2
[59%] 	 18,561/31,458 	 07:29:38
Match: Event 46590592, Lines 2
Match: Event 46590841, Lines 2
Match: Event 46591570, Lines 2
Match: Event 46591842, Lines 2
Match: Event 46592757, Lines 2
Match: Event 46592919, Lines 2
Match: Event 46594474, Lines 2
Match: Event 46594993, Lines 2
Match: Event 46595129, Lines 2
Match: Event 46595521, Lines 2
Match: Event 46597502, Lines 2
Match: Event 46598007, Lines 3
Match: Event 46598909, Lines 2
Match: Event 46599018, Lines 2
Match: Event 46599297, Lines 2
[60%] 	 18,875/31,458 	 07:36:42
Match: Event 46600267, Lines 2
Match: Event 46600707, Lines 2
Match: Event 46605055, Lines 2
Match: Event 46605312, Lines 2
Match: Event 46605651, Lines 2
Match: Event 46606867, Lines 2
Match: Event 46607812, Lines 2
Match: Event 46609665, Lines 2
[61%] 	 19,190/31,458 	 07:44:12
Match: Event 46610623, Lines 2
Match: Event 46610916, Lines 2
Match: Event 46612749, Lines 3
Match: Event 46612821, Lines 2
Match: Event 46613066, Lines 2
Match: Event 46613772, Lines 2
Match: Event 46614177, Lines 2
Match: Event 46614196, Lines 2
Match: Event 46614481, Lines 2
Match: Event 46614558, Lines 2
Match: Event 46615634, Lines 2
Match: Event 46616012, Lines 2
Match: Event 46616291, Lines 2
Match: Event 46616674, Lines 2
Match: Event 46618326, Lines 2
[62%] 	 19,504/31,458 	 07:51:19
Match: Event 46621207, Lines 2
Match: Event 46622457, Lines 2
Match: Event 46623642, Lines 2
Match: Event 46624345, Lines 2
Match: Event 46625521, Lines 2
Match: Event 46625635, Lines 2
Match: Event 46625879, Lines 2
Match: Event 46626369, Lines 2
Match: Event 46626427, Lines 2
Match: Event 46627000, Lines 2
Match: Event 46627427, Lines 2
Match: Event 46628541, Lines 2
Match: Event 46629711, Lines 2
[63%] 	 19,819/31,458 	 07:58:33
Match: Event 46630280, Lines 2
Match: Event 46630947, Lines 2
Match: Event 46631195, Lines 2
Match: Event 46631563, Lines 2
Match: Event 46632183, Lines 2
Match: Event 46632593, Lines 2
Match: Event 46633019, Lines 2
Match: Event 46634083, Lines 2
Match: Event 46635712, Lines 2
Match: Event 46636074, Lines 2
Match: Event 46636657, Lines 2
Match: Event 46636838, Lines 2
Match: Event 46636873, Lines 2
Match: Event 46637572, Lines 2
Match: Event 46637900, Lines 3
Match: Event 46637979, Lines 2
Match: Event 46638219, Lines 2
Match: Event 46638242, Lines 2
Match: Event 46638511, Lines 2
Match: Event 46638830, Lines 2
Match: Event 46639080, Lines 2
Match: Event 46639113, Lines 2
[64%] 	 20,134/31,458 	 08:05:55
Match: Event 46641628, Lines 2
Match: Event 46643126, Lines 3
Match: Event 46643524, Lines 2
Match: Event 46643961, Lines 2
Match: Event 46644740, Lines 2
Match: Event 46645609, Lines 2
Match: Event 46645663, Lines 2
Match: Event 46645703, Lines 2
Match: Event 46646097, Lines 2
Match: Event 46647399, Lines 2
Match: Event 46647651, Lines 2
Match: Event 46648131, Lines 2
Match: Event 46649265, Lines 3
Match: Event 46649543, Lines 2
[65%] 	 20,448/31,458 	 08:12:52
Match: Event 46650408, Lines 2
Match: Event 46651315, Lines 2
Match: Event 46652086, Lines 2
Match: Event 46652926, Lines 2
Match: Event 46653928, Lines 2
Match: Event 46655319, Lines 2
Match: Event 46655511, Lines 2
Match: Event 46655638, Lines 2
Match: Event 46656579, Lines 2
Match: Event 46656738, Lines 2
Match: Event 46657245, Lines 2
Match: Event 46659285, Lines 2
Match: Event 46659323, Lines 2
[66%] 	 20,763/31,458 	 08:20:04
Match: Event 46660668, Lines 2
Match: Event 46661034, Lines 2
Match: Event 46661696, Lines 3
Match: Event 46662236, Lines 2
Match: Event 46662437, Lines 2
Match: Event 46663571, Lines 3
Match: Event 46663630, Lines 2
Match: Event 46664245, Lines 2
Match: Event 46664252, Lines 2
Match: Event 46664614, Lines 2
Match: Event 46664908, Lines 2
Match: Event 46666131, Lines 2
Match: Event 46667066, Lines 2
Match: Event 46667302, Lines 2
Match: Event 46667468, Lines 2
Match: Event 46668228, Lines 2
Match: Event 46669087, Lines 2
Match: Event 46669110, Lines 2
Match: Event 46670278, Lines 2
[67%] 	 21,077/31,458 	 08:27:07
Match: Event 46670864, Lines 2
Match: Event 46670891, Lines 2
Match: Event 46670961, Lines 2
Match: Event 46672076, Lines 2
Match: Event 46672357, Lines 2
Match: Event 46673198, Lines 2
Match: Event 46674171, Lines 2
Match: Event 46674251, Lines 2
Match: Event 46676244, Lines 2
Match: Event 46676748, Lines 2
Match: Event 46676949, Lines 2
Match: Event 46676984, Lines 2
Match: Event 46677521, Lines 2
Match: Event 46678024, Lines 2
[68%] 	 21,392/31,458 	 08:34:08
Match: Event 46681572, Lines 2
Match: Event 46682610, Lines 2
Match: Event 46687062, Lines 2
Match: Event 46688444, Lines 2
Match: Event 46688744, Lines 2
Match: Event 46689700, Lines 2
[69%] 	 21,707/31,458 	 08:41:18
Match: Event 46690032, Lines 2
Match: Event 46690167, Lines 2
Match: Event 46691039, Lines 2
Match: Event 46691204, Lines 2
Match: Event 46692029, Lines 2
Match: Event 46692732, Lines 2
Match: Event 46693198, Lines 2
Match: Event 46693869, Lines 2
Match: Event 46694277, Lines 2
Match: Event 46696724, Lines 2
Match: Event 46698196, Lines 2
Match: Event 46698850, Lines 2
Match: Event 46699723, Lines 2
Match: Event 46699901, Lines 2
[70%] 	 22,021/31,458 	 08:48:28
Match: Event 46700982, Lines 2
Match: Event 46701037, Lines 2
Match: Event 46701888, Lines 2
Match: Event 46702052, Lines 2
Match: Event 46702096, Lines 2
Match: Event 46702453, Lines 2
Match: Event 46702943, Lines 2
Match: Event 46703665, Lines 2
Match: Event 46704085, Lines 2
Match: Event 46704100, Lines 3
Match: Event 46706102, Lines 2
Match: Event 46707682, Lines 2
Match: Event 46708420, Lines 2
Match: Event 46708776, Lines 2
[71%] 	 22,336/31,458 	 08:56:04
Match: Event 46710685, Lines 2
Match: Event 46710842, Lines 2
Match: Event 46711705, Lines 2
Match: Event 46712567, Lines 2
Match: Event 46713495, Lines 2
Match: Event 46713857, Lines 2
Match: Event 46713985, Lines 2
Match: Event 46714218, Lines 2
Match: Event 46714495, Lines 2
Match: Event 46714884, Lines 2
Match: Event 46714942, Lines 2
Match: Event 46715076, Lines 2
Match: Event 46715653, Lines 2
Match: Event 46716454, Lines 2
Match: Event 46717122, Lines 2
Match: Event 46717317, Lines 3
Match: Event 46718410, Lines 2
Match: Event 46718556, Lines 2
[72%] 	 22,650/31,458 	 09:03:19
Match: Event 46720184, Lines 3
Match: Event 46721704, Lines 2
Match: Event 46722295, Lines 3
Match: Event 46724394, Lines 2
Match: Event 46724604, Lines 2
Match: Event 46725209, Lines 2
Match: Event 46725249, Lines 2
Match: Event 46725573, Lines 2
Match: Event 46725951, Lines 2
Match: Event 46726396, Lines 3
Match: Event 46729243, Lines 2
Match: Event 46729807, Lines 2
[73%] 	 22,965/31,458 	 09:10:22
Match: Event 46730925, Lines 2
Match: Event 46731039, Lines 3
Match: Event 46735464, Lines 2
Match: Event 46736569, Lines 2
Match: Event 46737662, Lines 2
Match: Event 46739250, Lines 2
[74%] 	 23,279/31,458 	 09:17:19
Match: Event 46741658, Lines 2
Match: Event 46741930, Lines 2
Match: Event 46743371, Lines 2
Match: Event 46744230, Lines 2
Match: Event 46744865, Lines 2
Match: Event 46745202, Lines 2
Match: Event 46745374, Lines 2
Match: Event 46745409, Lines 2
Match: Event 46746360, Lines 2
Match: Event 46747176, Lines 2
Match: Event 46748268, Lines 2
Match: Event 46749721, Lines 2
Match: Event 46749831, Lines 2
Match: Event 46751019, Lines 2
[75%] 	 23,594/31,458 	 09:24:40
Match: Event 46751758, Lines 2
Match: Event 46754831, Lines 2
Match: Event 46754943, Lines 2
Match: Event 46756878, Lines 2
Match: Event 46757093, Lines 2
Match: Event 46757746, Lines 2
Match: Event 46757786, Lines 3
Match: Event 46758221, Lines 2
Match: Event 46759109, Lines 2
Match: Event 46759159, Lines 2
Match: Event 46759221, Lines 2
Match: Event 46759460, Lines 2
Match: Event 46760417, Lines 2
Match: Event 46760523, Lines 2
Match: Event 46761389, Lines 2
[76%] 	 23,909/31,458 	 09:32:01
Match: Event 46761867, Lines 2
Match: Event 46762618, Lines 2
Match: Event 46763079, Lines 2
Match: Event 46763392, Lines 2
Match: Event 46763543, Lines 2
Match: Event 46764282, Lines 2
Match: Event 46765597, Lines 2
Match: Event 46766307, Lines 2
Match: Event 46766342, Lines 2
Match: Event 46767153, Lines 2
Match: Event 46767893, Lines 2
Match: Event 46769580, Lines 2
Match: Event 46769772, Lines 2
Match: Event 46769967, Lines 2
Match: Event 46770847, Lines 2
[77%] 	 24,223/31,458 	 09:39:36
Match: Event 46771491, Lines 2
Match: Event 46772084, Lines 2
Match: Event 46772327, Lines 2
Match: Event 46772486, Lines 2
Match: Event 46773116, Lines 2
Match: Event 46773261, Lines 2
Match: Event 46773299, Lines 2
Match: Event 46773516, Lines 2
Match: Event 46773530, Lines 2
Match: Event 46773899, Lines 2
Match: Event 46774061, Lines 2
Match: Event 46774475, Lines 2
Match: Event 46775932, Lines 2
Match: Event 46776091, Lines 2
Match: Event 46777197, Lines 2
Match: Event 46777635, Lines 2
Match: Event 46778638, Lines 2
Match: Event 46778645, Lines 2
Match: Event 46778726, Lines 2
Match: Event 46778940, Lines 3
Match: Event 46779874, Lines 2
[78%] 	 24,538/31,458 	 09:47:06
Match: Event 46782335, Lines 2
Match: Event 46782899, Lines 2
Match: Event 46783013, Lines 2
Match: Event 46783765, Lines 2
Match: Event 46784460, Lines 2
Match: Event 46784820, Lines 2
Match: Event 46785014, Lines 2
Match: Event 46786322, Lines 2
Match: Event 46787904, Lines 2
Match: Event 46788629, Lines 2
Match: Event 46788809, Lines 2
Match: Event 46789208, Lines 2
Match: Event 46790102, Lines 2
Match: Event 46790913, Lines 2
Match: Event 46790929, Lines 2
[79%] 	 24,852/31,458 	 09:54:27
Match: Event 46791391, Lines 3
Match: Event 46791540, Lines 2
Match: Event 46792074, Lines 2
Match: Event 46792410, Lines 2
Match: Event 46793398, Lines 2
Match: Event 46793464, Lines 2
Match: Event 46794221, Lines 2
Match: Event 46794567, Lines 2
Match: Event 46794704, Lines 3
Match: Event 46795015, Lines 2
Match: Event 46795464, Lines 2
Match: Event 46795921, Lines 2
Match: Event 46796010, Lines 2
Match: Event 46800689, Lines 2
[80%] 	 25,167/31,458 	 10:01:40
Match: Event 46801535, Lines 2
Match: Event 46802121, Lines 2
Match: Event 46802238, Lines 2
Match: Event 46802345, Lines 2
Match: Event 46803324, Lines 2
Match: Event 46804380, Lines 2
Match: Event 46808392, Lines 3
Match: Event 46809235, Lines 2
Match: Event 46809317, Lines 2
[81%] 	 25,481/31,458 	 10:08:41
Match: Event 46811419, Lines 2
Match: Event 46811744, Lines 2
Match: Event 46811952, Lines 2
Match: Event 46811996, Lines 2
Match: Event 46812382, Lines 2
Match: Event 46812662, Lines 2
Match: Event 46812999, Lines 2
Match: Event 46813412, Lines 2
Match: Event 46814014, Lines 2
Match: Event 46814936, Lines 2
Match: Event 46816281, Lines 2
Match: Event 46817513, Lines 3
Match: Event 46817918, Lines 2
Match: Event 46818005, Lines 2
Match: Event 46818130, Lines 2
Match: Event 46818491, Lines 2
Match: Event 46819007, Lines 2
Match: Event 46819158, Lines 2
[82%] 	 25,796/31,458 	 10:15:44
Match: Event 46820470, Lines 2
Match: Event 46820911, Lines 2
Match: Event 46821289, Lines 2
Match: Event 46823164, Lines 2
Match: Event 46823532, Lines 2
Match: Event 46823602, Lines 2
Match: Event 46823841, Lines 2
Match: Event 46824276, Lines 2
Match: Event 46824672, Lines 2
Match: Event 46826045, Lines 2
Match: Event 46826405, Lines 2
Match: Event 46826541, Lines 2
Match: Event 46826771, Lines 2
Match: Event 46826849, Lines 2
Match: Event 46827070, Lines 2
Match: Event 46827553, Lines 2
Match: Event 46827774, Lines 2
Match: Event 46828730, Lines 2
[83%] 	 26,111/31,458 	 10:23:01
Match: Event 46830435, Lines 2
Match: Event 46830464, Lines 2
Match: Event 46831104, Lines 2
Match: Event 46831334, Lines 2
Match: Event 46831973, Lines 2
Match: Event 46834068, Lines 3
[84%] 	 26,425/31,458 	 10:30:15
Match: Event 46839468, Lines 2
Match: Event 46841375, Lines 2
Match: Event 46842467, Lines 2
Match: Event 46844191, Lines 2
Match: Event 46844490, Lines 2
Match: Event 46845345, Lines 2
Match: Event 46845497, Lines 2
Match: Event 46846910, Lines 2
Match: Event 46847065, Lines 2
Match: Event 46848630, Lines 2
Match: Event 46848726, Lines 2
[85%] 	 26,740/31,458 	 10:37:58
Match: Event 46851670, Lines 2
Match: Event 46852129, Lines 2
Match: Event 46856186, Lines 2
Match: Event 46857401, Lines 2
Match: Event 46858309, Lines 2
Match: Event 46858734, Lines 2
Match: Event 46858755, Lines 2
[86%] 	 27,054/31,458 	 10:45:58
Match: Event 46859846, Lines 2
Match: Event 46861176, Lines 2
Match: Event 46863994, Lines 2
Match: Event 46865102, Lines 2
Match: Event 46865171, Lines 2
Match: Event 46866466, Lines 2
Match: Event 46867272, Lines 2
Match: Event 46867612, Lines 2
Match: Event 46867878, Lines 2
Match: Event 46867962, Lines 2
Match: Event 46869284, Lines 2
Match: Event 46869409, Lines 2
Match: Event 46869787, Lines 2
Match: Event 46869872, Lines 2
Match: Event 46870017, Lines 2
Match: Event 46870046, Lines 2
Match: Event 46870288, Lines 2
[87%] 	 27,369/31,458 	 10:53:23
Match: Event 46870564, Lines 2
Match: Event 46870655, Lines 2
Match: Event 46870683, Lines 2
Match: Event 46870994, Lines 2
Match: Event 46873753, Lines 2
Match: Event 46874755, Lines 2
Match: Event 46874851, Lines 2
Match: Event 46875853, Lines 2
Match: Event 46877236, Lines 2
Match: Event 46878481, Lines 2
Match: Event 46878751, Lines 2
Match: Event 46879448, Lines 2
Match: Event 46879682, Lines 3
Match: Event 46879717, Lines 2
Match: Event 46879746, Lines 2
Match: Event 46880094, Lines 2
[88%] 	 27,684/31,458 	 11:00:37
Match: Event 46881290, Lines 2
Match: Event 46882622, Lines 2
Match: Event 46883805, Lines 2
Match: Event 46883913, Lines 2
Match: Event 46884872, Lines 2
Match: Event 46885197, Lines 2
Match: Event 46885483, Lines 2
Match: Event 46886727, Lines 2
Match: Event 46887084, Lines 2
Match: Event 46887257, Lines 2
Match: Event 46887899, Lines 2
Match: Event 46888454, Lines 2
Match: Event 46889655, Lines 2
[89%] 	 27,998/31,458 	 11:07:47
Match: Event 46890100, Lines 2
Match: Event 46891820, Lines 2
Match: Event 46892765, Lines 2
Match: Event 46893179, Lines 2
Match: Event 46893302, Lines 2
Match: Event 46894117, Lines 2
Match: Event 46894464, Lines 2
Match: Event 46894965, Lines 2
Match: Event 46895640, Lines 2
Match: Event 46895744, Lines 2
Match: Event 46896802, Lines 2
Match: Event 46897843, Lines 2
Match: Event 46898347, Lines 2
[90%] 	 28,313/31,458 	 11:14:53
Match: Event 46899728, Lines 2
Match: Event 46899950, Lines 2
Match: Event 46900074, Lines 2
Match: Event 46900214, Lines 2
Match: Event 46901213, Lines 2
Match: Event 46901509, Lines 2
Match: Event 46901817, Lines 3
Match: Event 46902344, Lines 2
Match: Event 46902490, Lines 2
Match: Event 46903196, Lines 2
Match: Event 46903254, Lines 2
Match: Event 46903457, Lines 2
Match: Event 46903787, Lines 2
Match: Event 46904890, Lines 2
Match: Event 46904961, Lines 2
Match: Event 46905268, Lines 2
Match: Event 46905295, Lines 2
Match: Event 46905416, Lines 2
Match: Event 46906450, Lines 2
Match: Event 46907553, Lines 2
Match: Event 46908351, Lines 2
Match: Event 46908731, Lines 2
Match: Event 46908807, Lines 2
Match: Event 46908982, Lines 2
Match: Event 46909649, Lines 3
[91%] 	 28,627/31,458 	 11:22:06
Match: Event 46910358, Lines 2
Match: Event 46910371, Lines 2
Match: Event 46911860, Lines 2
Match: Event 46912242, Lines 2
Match: Event 46912725, Lines 2
Match: Event 46914433, Lines 2
Match: Event 46914630, Lines 2
Match: Event 46915515, Lines 2
Match: Event 46915548, Lines 2
Match: Event 46916613, Lines 2
Match: Event 46916797, Lines 2
Match: Event 46917421, Lines 2
Match: Event 46917711, Lines 2
Match: Event 46918634, Lines 2
Match: Event 46918951, Lines 2
Match: Event 46919217, Lines 2
[92%] 	 28,942/31,458 	 11:29:17
Match: Event 46920194, Lines 2
Match: Event 46921314, Lines 2
Match: Event 46921852, Lines 2
Match: Event 46923004, Lines 2
Match: Event 46923385, Lines 2
Match: Event 46923661, Lines 2
Match: Event 46924688, Lines 3
Match: Event 46927655, Lines 2
Match: Event 46928583, Lines 2
[93%] 	 29,256/31,458 	 11:36:38
Match: Event 46930022, Lines 2
Match: Event 46930410, Lines 2
Match: Event 46932550, Lines 2
Match: Event 46932936, Lines 2
Match: Event 46933177, Lines 2
Match: Event 46933408, Lines 2
Match: Event 46935254, Lines 2
Match: Event 46936406, Lines 2
Match: Event 46936849, Lines 2
Match: Event 46938001, Lines 2
[94%] 	 29,571/31,458 	 11:43:49
Match: Event 46939513, Lines 2
Match: Event 46939796, Lines 2
Match: Event 46939980, Lines 2
Match: Event 46941234, Lines 2
Match: Event 46941881, Lines 2
Match: Event 46942424, Lines 2
Match: Event 46943866, Lines 2
Match: Event 46945114, Lines 2
Match: Event 46946471, Lines 2
Match: Event 46946878, Lines 2
[95%] 	 29,886/31,458 	 11:51:05
Match: Event 46950502, Lines 2
Match: Event 46950658, Lines 2
Match: Event 46950726, Lines 3
Match: Event 46953352, Lines 2
Match: Event 46953860, Lines 2
Match: Event 46954767, Lines 2
Match: Event 46954919, Lines 2
Match: Event 46955730, Lines 2
Match: Event 46957162, Lines 2
Match: Event 46957613, Lines 3
Match: Event 46957836, Lines 2
Match: Event 46958181, Lines 2
Match: Event 46958682, Lines 2
Match: Event 46958800, Lines 2
[96%] 	 30,200/31,458 	 11:58:19
Match: Event 46960727, Lines 2
Match: Event 46961425, Lines 2
Match: Event 46961893, Lines 2
Match: Event 46962485, Lines 2
Match: Event 46963364, Lines 2
Match: Event 46963562, Lines 2
Match: Event 46963652, Lines 3
Match: Event 46963958, Lines 2
Match: Event 46964645, Lines 2
Match: Event 46964837, Lines 3
Match: Event 46965522, Lines 3
Match: Event 46965557, Lines 2
Match: Event 46966530, Lines 2
Match: Event 46968789, Lines 3
Match: Event 46969100, Lines 2
Match: Event 46969226, Lines 2
[97%] 	 30,515/31,458 	 12:05:38
Match: Event 46970407, Lines 2
Match: Event 46971505, Lines 2
Match: Event 46971542, Lines 2
Match: Event 46972224, Lines 2
Match: Event 46973227, Lines 2
Match: Event 46973362, Lines 2
Match: Event 46973531, Lines 2
Match: Event 46975309, Lines 2
Match: Event 46977046, Lines 2
Match: Event 46977646, Lines 2
Match: Event 46978402, Lines 2
Match: Event 46978859, Lines 3
Match: Event 46978924, Lines 2
Match: Event 46978996, Lines 2
Match: Event 46979909, Lines 2
[98%] 	 30,829/31,458 	 12:12:38
Match: Event 46980508, Lines 2
Match: Event 46980875, Lines 2
Match: Event 46981636, Lines 2
Match: Event 46983376, Lines 2
Match: Event 46984177, Lines 2
Match: Event 46986983, Lines 3
Match: Event 46987848, Lines 2
Match: Event 46988101, Lines 3
Match: Event 46988640, Lines 2
Match: Event 46989165, Lines 2
Match: Event 46989369, Lines 2
[99%] 	 31,144/31,458 	 12:20:02
Match: Event 46989715, Lines 2
Match: Event 46990128, Lines 2
Match: Event 46990651, Lines 2
Match: Event 46991478, Lines 2
Match: Event 46993135, Lines 2
Match: Event 46994201, Lines 2
Match: Event 46994491, Lines 2
Match: Event 46995887, Lines 2
Match: Event 46996163, Lines 2
Match: Event 46996497, Lines 2
Match: Event 46997655, Lines 2
Match: Event 46999154, Lines 2
Finished in 44828.57s.
 ~ 5) DONE !
