search libraries in slc9_x86-64
 ~ 1) Base stack loaded.
 ~ Sleeping for 35 seconds to avoid AFS DDOS...
 ~ 2) Loading sndsw environment...
 ~ 3) SNDSW_ROOT is set to: /afs/cern.ch/user/i/idioniso/snd_master/sw-root6.28/rhel9_x86-64/sndsw/master-local1
 ~ 4) Executing tracking script...
[INFO] The input consists out of the following trees and files: 
[INFO]  - rawConv
[INFO]     - root://eoshome-i.cern.ch//eos/user/i/idioniso/tridents/initial_cuts/tridents_sndsw_raw-0173.root
[INFO] FairRootFileSink initialized.
[INFO]  - cbmout
[INFO]     - dummy
[INFO] Parameter and input file are available, Assure that basic info is there for the run!
[INFO] ---FairRootManager::SpecifyRunId --- 
[INFO] --- Initialize with RunId  --- 0

************************************************************* 
     initialisation for run id 0
************************************************************* 
-I- FairRunTimeDB::InitContainer() FairBaseParSet
-I- FairRunTimeDB::InitContainer() FairGeoParSet

************************************************************* 
     initialisation for run id 0
************************************************************* 
-I- FairRunTimeDB::InitContainer() FairBaseParSet
-I- FairRunTimeDB::InitContainer() FairGeoParSet
[INFO]  Branch: Reco_MuonTracks not found in Tree.
using geofile: root://eospublic.cern.ch//eos/experiment/sndlhc/convertedData/physics/2023/geofile_sndlhc_TI18_V3_2023.root
[0%] 	 0/31,943 	 00:00:24
[1%] 	 320/31,943 	 00:04:29
[2%] 	 639/31,943 	 00:08:31
Match: Event 173025300, Lines 2
[3%] 	 959/31,943 	 00:12:06
[4%] 	 1,278/31,943 	 00:15:34
Match: Event 173044762, Lines 2
[5%] 	 1,598/31,943 	 00:19:37
[6%] 	 1,917/31,943 	 00:23:40
[7%] 	 2,237/31,943 	 00:27:26
Match: Event 173072707, Lines 2
Match: Event 173077062, Lines 2
[8%] 	 2,556/31,943 	 00:31:32
Match: Event 173087026, Lines 2
[9%] 	 2,875/31,943 	 00:35:43
[10%] 	 3,195/31,943 	 00:39:25
Match: Event 173102862, Lines 2
Match: Event 173105282, Lines 2
[11%] 	 3,514/31,943 	 00:43:02
[12%] 	 3,834/31,943 	 00:47:20
Match: Event 173124222, Lines 2
[13%] 	 4,153/31,943 	 00:51:14
[14%] 	 4,473/31,943 	 00:54:38
[15%] 	 4,792/31,943 	 00:57:58
[16%] 	 5,111/31,943 	 01:01:08
[17%] 	 5,431/31,943 	 01:04:31
[18%] 	 5,750/31,943 	 01:07:53
Match: Event 173185837, Lines 2
[19%] 	 6,070/31,943 	 01:11:11
Match: Event 173193950, Lines 2
Match: Event 173194545, Lines 2
[20%] 	 6,389/31,943 	 01:14:40
[21%] 	 6,709/31,943 	 01:18:14
Match: Event 173216912, Lines 2
Match: Event 173217527, Lines 2
[22%] 	 7,028/31,943 	 01:21:46
[23%] 	 7,347/31,943 	 01:25:22
Match: Event 173239433, Lines 2
[24%] 	 7,667/31,943 	 01:28:54
[25%] 	 7,986/31,943 	 01:32:32
Match: Event 173250250, Lines 2
Match: Event 173251812, Lines 2
Match: Event 173258003, Lines 2
[26%] 	 8,306/31,943 	 01:36:09
[27%] 	 8,625/31,943 	 01:39:40
[28%] 	 8,945/31,943 	 01:43:14
[29%] 	 9,264/31,943 	 01:46:50
[30%] 	 9,583/31,943 	 01:50:26
Match: Event 173306554, Lines 2
[31%] 	 9,903/31,943 	 01:53:55
[32%] 	 10,222/31,943 	 01:57:23
[33%] 	 10,542/31,943 	 02:00:44
Match: Event 173336152, Lines 2
[34%] 	 10,861/31,943 	 02:03:50
[35%] 	 11,181/31,943 	 02:08:02
[36%] 	 11,500/31,943 	 02:12:59
[37%] 	 11,819/31,943 	 02:16:51
Match: Event 173374080, Lines 2
[38%] 	 12,139/31,943 	 02:20:18
Match: Event 173380474, Lines 2
Match: Event 173389740, Lines 2
[39%] 	 12,458/31,943 	 02:24:43
[40%] 	 12,778/31,943 	 02:29:14
[41%] 	 13,097/31,943 	 02:33:09
Match: Event 173409692, Lines 2
[42%] 	 13,417/31,943 	 02:37:03
[43%] 	 13,736/31,943 	 02:40:27
Match: Event 173436240, Lines 2
[44%] 	 14,055/31,943 	 02:43:55
Match: Event 173444929, Lines 2
[45%] 	 14,375/31,943 	 02:48:22
[46%] 	 14,694/31,943 	 02:52:19
[47%] 	 15,014/31,943 	 02:55:45
[48%] 	 15,333/31,943 	 02:58:59
[49%] 	 15,653/31,943 	 03:02:12
Match: Event 173496632, Lines 2
[50%] 	 15,972/31,943 	 03:05:49
[51%] 	 16,291/31,943 	 03:09:20
[52%] 	 16,611/31,943 	 03:13:08
Match: Event 173521661, Lines 2
[53%] 	 16,930/31,943 	 03:17:02
[54%] 	 17,250/31,943 	 03:21:21
Match: Event 173541300, Lines 2
[55%] 	 17,569/31,943 	 03:25:32
[56%] 	 17,889/31,943 	 03:29:01
Match: Event 173558240, Lines 2
[57%] 	 18,208/31,943 	 03:32:17
[58%] 	 18,527/31,943 	 03:36:23
[59%] 	 18,847/31,943 	 03:40:31
[60%] 	 19,166/31,943 	 03:44:36
[61%] 	 19,486/31,943 	 03:48:07
[62%] 	 19,805/31,943 	 03:51:41
[63%] 	 20,125/31,943 	 03:55:14
[64%] 	 20,444/31,943 	 03:58:45
[65%] 	 20,763/31,943 	 04:02:19
[66%] 	 21,083/31,943 	 04:05:48
Match: Event 173665107, Lines 2
[67%] 	 21,402/31,943 	 04:09:14
Match: Event 173675792, Lines 2
[68%] 	 21,722/31,943 	 04:12:52
[69%] 	 22,041/31,943 	 04:16:10
Match: Event 173688443, Lines 2
[70%] 	 22,361/31,943 	 04:19:17
Match: Event 173702249, Lines 2
[71%] 	 22,680/31,943 	 04:22:27
Match: Event 173710480, Lines 2
[72%] 	 22,999/31,943 	 04:25:32
[73%] 	 23,319/31,943 	 04:28:33
[74%] 	 23,638/31,943 	 04:31:44
[75%] 	 23,958/31,943 	 04:35:05
Match: Event 173754438, Lines 2
[76%] 	 24,277/31,943 	 04:38:34
[77%] 	 24,597/31,943 	 04:42:00
Match: Event 173771918, Lines 2
[78%] 	 24,916/31,943 	 04:45:38
Match: Event 173778270, Lines 2
[79%] 	 25,235/31,943 	 04:49:16
[80%] 	 25,555/31,943 	 04:52:44
[81%] 	 25,874/31,943 	 04:56:13
[82%] 	 26,194/31,943 	 04:59:42
[83%] 	 26,513/31,943 	 05:03:20
Match: Event 173835068, Lines 2
[84%] 	 26,833/31,943 	 05:06:59
Match: Event 173844611, Lines 2
[85%] 	 27,152/31,943 	 05:10:49
[86%] 	 27,471/31,943 	 05:14:29
[87%] 	 27,791/31,943 	 05:18:00
[88%] 	 28,110/31,943 	 05:21:38
Match: Event 173881041, Lines 2
[89%] 	 28,430/31,943 	 05:25:09
[90%] 	 28,749/31,943 	 05:28:23
[91%] 	 29,069/31,943 	 05:31:41
[92%] 	 29,388/31,943 	 05:34:51
[93%] 	 29,707/31,943 	 05:37:55
[94%] 	 30,027/31,943 	 05:41:11
[95%] 	 30,346/31,943 	 05:44:20
Match: Event 173954399, Lines 2
[96%] 	 30,666/31,943 	 05:47:21
Match: Event 173960511, Lines 2
Match: Event 173963107, Lines 2
[97%] 	 30,985/31,943 	 05:50:26
[98%] 	 31,305/31,943 	 05:53:39
Match: Event 173988740, Lines 2
Match: Event 173989577, Lines 2
[99%] 	 31,624/31,943 	 05:56:49
Match: Event 173999867, Lines 2
Finished in 21601.72s.
 ~ 5) DONE !
