search libraries in slc9_x86-64
 ~ 1) Base stack loaded.
 ~ Sleeping for 12 seconds to avoid AFS DDOS...
 ~ 2) Loading sndsw environment...
 ~ 3) SNDSW_ROOT is set to: /afs/cern.ch/user/i/idioniso/snd_master/sw-root6.28/rhel9_x86-64/sndsw/master-local1
 ~ 4) Executing tracking script...
[INFO] The input consists out of the following trees and files: 
[INFO]  - rawConv
[INFO]     - root://eoshome-i.cern.ch//eos/user/i/idioniso/tridents/initial_cuts/tridents_sndsw_raw-0193.root
[INFO] FairRootFileSink initialized.
[INFO]  - cbmout
[INFO]     - dummy
[INFO] Parameter and input file are available, Assure that basic info is there for the run!
[INFO] ---FairRootManager::SpecifyRunId --- 
[INFO] --- Initialize with RunId  --- 0

************************************************************* 
     initialisation for run id 0
************************************************************* 
-I- FairRunTimeDB::InitContainer() FairBaseParSet
-I- FairRunTimeDB::InitContainer() FairGeoParSet

************************************************************* 
     initialisation for run id 0
************************************************************* 
-I- FairRunTimeDB::InitContainer() FairBaseParSet
-I- FairRunTimeDB::InitContainer() FairGeoParSet
[INFO]  Branch: Reco_MuonTracks not found in Tree.
using geofile: root://eospublic.cern.ch//eos/experiment/sndlhc/convertedData/physics/2023/geofile_sndlhc_TI18_V3_2023.root
[0%] 	 0/32,167 	 00:00:07
Match: Event 193000760, Lines 2
Match: Event 193001762, Lines 2
Match: Event 193002631, Lines 2
Match: Event 193003932, Lines 2
Match: Event 193005114, Lines 2
Match: Event 193005321, Lines 2
Match: Event 193005398, Lines 2
Match: Event 193005869, Lines 2
Match: Event 193006725, Lines 2
Match: Event 193007226, Lines 2
Match: Event 193008189, Lines 2
Match: Event 193009197, Lines 2
Match: Event 193010333, Lines 2
[1%] 	 322/32,167 	 00:07:30
Match: Event 193010905, Lines 2
Match: Event 193011796, Lines 2
Match: Event 193014731, Lines 2
Match: Event 193015408, Lines 2
Match: Event 193015619, Lines 2
Match: Event 193015807, Lines 2
Match: Event 193016866, Lines 2
Match: Event 193018131, Lines 2
Match: Event 193018560, Lines 2
Match: Event 193019513, Lines 2
Match: Event 193020090, Lines 2
Match: Event 193020720, Lines 2
Match: Event 193020736, Lines 2
[2%] 	 644/32,167 	 00:14:56
Match: Event 193021787, Lines 2
Match: Event 193021855, Lines 2
Match: Event 193022829, Lines 2
Match: Event 193024487, Lines 2
Match: Event 193024658, Lines 2
Match: Event 193025254, Lines 3
Match: Event 193025365, Lines 2
Match: Event 193025367, Lines 2
Match: Event 193025680, Lines 2
Match: Event 193027082, Lines 2
Match: Event 193028875, Lines 2
Match: Event 193030119, Lines 2
Match: Event 193030376, Lines 2
Match: Event 193030941, Lines 2
[3%] 	 966/32,167 	 00:22:54
Match: Event 193031458, Lines 2
Match: Event 193032160, Lines 2
Match: Event 193032432, Lines 2
Match: Event 193032746, Lines 2
Match: Event 193033873, Lines 2
Match: Event 193034259, Lines 2
Match: Event 193034999, Lines 2
Match: Event 193035198, Lines 2
Match: Event 193035719, Lines 2
Match: Event 193036073, Lines 2
Match: Event 193037097, Lines 2
Match: Event 193037259, Lines 2
Match: Event 193037579, Lines 2
Match: Event 193037624, Lines 2
Match: Event 193037790, Lines 2
Match: Event 193039037, Lines 3
Match: Event 193039516, Lines 2
Match: Event 193040500, Lines 2
Match: Event 193040973, Lines 2
[4%] 	 1,287/32,167 	 00:30:36
Match: Event 193041098, Lines 2
Match: Event 193041842, Lines 2
Match: Event 193042807, Lines 2
Match: Event 193043574, Lines 2
Match: Event 193043853, Lines 2
Match: Event 193044951, Lines 2
Match: Event 193046347, Lines 2
Match: Event 193047175, Lines 2
Match: Event 193048675, Lines 2
Match: Event 193048744, Lines 3
Match: Event 193049157, Lines 2
Match: Event 193049523, Lines 2
Match: Event 193050353, Lines 2
Match: Event 193050575, Lines 2
Match: Event 193050644, Lines 2
Match: Event 193050959, Lines 2
[5%] 	 1,609/32,167 	 00:38:03
Match: Event 193052238, Lines 2
Match: Event 193053606, Lines 2
Match: Event 193054762, Lines 3
Match: Event 193055005, Lines 2
Match: Event 193055194, Lines 2
Match: Event 193055846, Lines 3
Match: Event 193056320, Lines 2
Match: Event 193056624, Lines 2
Match: Event 193056848, Lines 2
Match: Event 193057622, Lines 2
Match: Event 193057902, Lines 2
Match: Event 193060165, Lines 2
Match: Event 193060188, Lines 2
Match: Event 193060456, Lines 2
[6%] 	 1,931/32,167 	 00:45:08
Match: Event 193061282, Lines 2
Match: Event 193061372, Lines 2
Match: Event 193061579, Lines 2
Match: Event 193063724, Lines 2
Match: Event 193064983, Lines 3
Match: Event 193065286, Lines 2
Match: Event 193066047, Lines 2
Match: Event 193066085, Lines 2
Match: Event 193066547, Lines 2
Match: Event 193066877, Lines 2
Match: Event 193067393, Lines 2
Match: Event 193067681, Lines 2
Match: Event 193067763, Lines 2
Match: Event 193068451, Lines 2
Match: Event 193068600, Lines 2
Match: Event 193069242, Lines 2
[7%] 	 2,252/32,167 	 00:52:16
Match: Event 193072104, Lines 2
Match: Event 193072592, Lines 2
Match: Event 193073026, Lines 2
Match: Event 193074514, Lines 2
Match: Event 193075419, Lines 2
Match: Event 193075715, Lines 2
Match: Event 193077137, Lines 2
Match: Event 193078479, Lines 2
Match: Event 193078635, Lines 2
Match: Event 193078836, Lines 3
Match: Event 193079871, Lines 2
Match: Event 193079906, Lines 2
[8%] 	 2,574/32,167 	 00:59:19
Match: Event 193080504, Lines 2
Match: Event 193081147, Lines 2
Match: Event 193083971, Lines 3
Match: Event 193085234, Lines 2
Match: Event 193085428, Lines 2
Match: Event 193085683, Lines 2
Match: Event 193087676, Lines 2
Match: Event 193089256, Lines 2
[9%] 	 2,896/32,167 	 01:06:22
Match: Event 193090681, Lines 2
Match: Event 193091039, Lines 2
Match: Event 193091230, Lines 2
Match: Event 193092492, Lines 3
Match: Event 193095312, Lines 2
Match: Event 193095714, Lines 2
Match: Event 193096888, Lines 2
Match: Event 193097102, Lines 2
Match: Event 193097346, Lines 2
Match: Event 193098456, Lines 2
Match: Event 193098657, Lines 2
Match: Event 193098774, Lines 2
[10%] 	 3,217/32,167 	 01:13:40
Match: Event 193100593, Lines 2
Match: Event 193100640, Lines 2
Match: Event 193100660, Lines 2
Match: Event 193101302, Lines 2
Match: Event 193102539, Lines 2
Match: Event 193102738, Lines 2
Match: Event 193102748, Lines 2
Match: Event 193103655, Lines 2
Match: Event 193104595, Lines 2
Match: Event 193104789, Lines 2
Match: Event 193104886, Lines 2
Match: Event 193104978, Lines 2
Match: Event 193105541, Lines 2
Match: Event 193106560, Lines 2
Match: Event 193106758, Lines 3
Match: Event 193109003, Lines 2
Match: Event 193109046, Lines 2
[11%] 	 3,539/32,167 	 01:21:05
Match: Event 193111051, Lines 2
Match: Event 193112942, Lines 2
Match: Event 193113297, Lines 2
Match: Event 193113708, Lines 2
Match: Event 193116907, Lines 2
Match: Event 193117286, Lines 2
Match: Event 193117297, Lines 2
Match: Event 193117493, Lines 2
Match: Event 193117846, Lines 2
Match: Event 193119421, Lines 2
Match: Event 193120298, Lines 2
[12%] 	 3,861/32,167 	 01:28:43
Match: Event 193120352, Lines 2
Match: Event 193120735, Lines 2
Match: Event 193121339, Lines 2
Match: Event 193122056, Lines 2
Match: Event 193122571, Lines 2
Match: Event 193123267, Lines 3
Match: Event 193123426, Lines 3
Match: Event 193125986, Lines 2
Match: Event 193126398, Lines 2
Match: Event 193126678, Lines 2
Match: Event 193126946, Lines 2
Match: Event 193127065, Lines 2
Match: Event 193127427, Lines 2
Match: Event 193127795, Lines 3
Match: Event 193128228, Lines 2
Match: Event 193128540, Lines 2
Match: Event 193129955, Lines 2
[13%] 	 4,182/32,167 	 01:36:15
Match: Event 193131372, Lines 2
Match: Event 193133310, Lines 2
Match: Event 193133784, Lines 2
Match: Event 193134175, Lines 2
Match: Event 193134189, Lines 2
Match: Event 193134492, Lines 2
Match: Event 193136130, Lines 2
Match: Event 193137387, Lines 2
Match: Event 193138155, Lines 2
Match: Event 193138369, Lines 2
Match: Event 193139022, Lines 2
Match: Event 193140462, Lines 2
[14%] 	 4,504/32,167 	 01:43:38
Match: Event 193142691, Lines 2
Match: Event 193143244, Lines 2
Match: Event 193143558, Lines 2
Match: Event 193144384, Lines 2
Match: Event 193144534, Lines 2
Match: Event 193147585, Lines 2
Match: Event 193148022, Lines 2
Match: Event 193149110, Lines 2
Match: Event 193149201, Lines 2
Match: Event 193149474, Lines 2
Match: Event 193150091, Lines 2
[15%] 	 4,826/32,167 	 01:51:15
Match: Event 193151001, Lines 2
Match: Event 193151439, Lines 2
Match: Event 193152038, Lines 2
Match: Event 193153307, Lines 2
Match: Event 193153446, Lines 3
Match: Event 193154477, Lines 2
Match: Event 193154487, Lines 2
Match: Event 193155240, Lines 2
Match: Event 193156894, Lines 2
Match: Event 193157022, Lines 2
Match: Event 193157025, Lines 2
Match: Event 193157186, Lines 2
Match: Event 193157636, Lines 2
Match: Event 193157701, Lines 2
Match: Event 193159098, Lines 2
[16%] 	 5,147/32,167 	 01:59:21
Match: Event 193160056, Lines 2
Match: Event 193160735, Lines 2
Match: Event 193161422, Lines 2
Match: Event 193163838, Lines 2
Match: Event 193164466, Lines 3
Match: Event 193164882, Lines 2
Match: Event 193165353, Lines 2
Match: Event 193167116, Lines 2
Match: Event 193168340, Lines 2
Match: Event 193168437, Lines 2
Match: Event 193169732, Lines 2
Match: Event 193170318, Lines 2
[17%] 	 5,469/32,167 	 02:07:28
Match: Event 193172087, Lines 2
Match: Event 193172400, Lines 2
Match: Event 193172952, Lines 2
Match: Event 193173838, Lines 2
Match: Event 193174139, Lines 2
Match: Event 193174445, Lines 2
Match: Event 193174796, Lines 2
Match: Event 193175125, Lines 2
Match: Event 193176007, Lines 2
Match: Event 193176408, Lines 2
Match: Event 193177117, Lines 2
Match: Event 193177212, Lines 2
Match: Event 193178214, Lines 2
Match: Event 193179340, Lines 2
[18%] 	 5,791/32,167 	 02:15:39
Match: Event 193183575, Lines 2
Match: Event 193184678, Lines 2
Match: Event 193185477, Lines 2
Match: Event 193186138, Lines 2
Match: Event 193186762, Lines 2
Match: Event 193186768, Lines 2
Match: Event 193188697, Lines 2
Match: Event 193189416, Lines 2
Match: Event 193189621, Lines 3
Match: Event 193189731, Lines 2
Match: Event 193190102, Lines 2
Match: Event 193190793, Lines 2
Match: Event 193191593, Lines 2
[19%] 	 6,112/32,167 	 02:23:13
Match: Event 193193853, Lines 2
Match: Event 193194503, Lines 2
Match: Event 193194520, Lines 2
Match: Event 193194642, Lines 2
Match: Event 193196319, Lines 2
Match: Event 193196406, Lines 2
Match: Event 193196719, Lines 3
Match: Event 193197540, Lines 2
Match: Event 193198406, Lines 2
Match: Event 193198544, Lines 2
Match: Event 193199599, Lines 2
Match: Event 193200368, Lines 2
Match: Event 193200966, Lines 2
Match: Event 193201506, Lines 2
Match: Event 193202077, Lines 2
[20%] 	 6,434/32,167 	 02:30:38
Match: Event 193202947, Lines 2
Match: Event 193204083, Lines 2
Match: Event 193205035, Lines 2
Match: Event 193206079, Lines 2
Match: Event 193206479, Lines 2
Match: Event 193206529, Lines 2
Match: Event 193206781, Lines 2
Match: Event 193206808, Lines 2
Match: Event 193206921, Lines 2
Match: Event 193207309, Lines 2
Match: Event 193207354, Lines 2
Match: Event 193207969, Lines 2
Match: Event 193210032, Lines 2
Match: Event 193210066, Lines 2
Match: Event 193210361, Lines 2
Match: Event 193210666, Lines 2
Match: Event 193210759, Lines 2
Match: Event 193211111, Lines 2
Match: Event 193211328, Lines 2
Match: Event 193211424, Lines 2
Match: Event 193211531, Lines 3
Match: Event 193212330, Lines 2
[21%] 	 6,756/32,167 	 02:38:16
Match: Event 193212461, Lines 2
Match: Event 193212493, Lines 2
Match: Event 193212942, Lines 2
Match: Event 193214311, Lines 2
Match: Event 193214817, Lines 2
Match: Event 193214975, Lines 2
Match: Event 193215046, Lines 3
Match: Event 193215168, Lines 2
Match: Event 193216928, Lines 2
Match: Event 193217204, Lines 2
Match: Event 193217294, Lines 2
Match: Event 193219667, Lines 2
Match: Event 193221898, Lines 2
[22%] 	 7,077/32,167 	 02:46:07
Match: Event 193223904, Lines 2
Match: Event 193225466, Lines 2
Match: Event 193225952, Lines 2
Match: Event 193226311, Lines 2
Match: Event 193226529, Lines 2
Match: Event 193226977, Lines 2
Match: Event 193227620, Lines 2
Match: Event 193228524, Lines 3
Match: Event 193230108, Lines 2
Match: Event 193230417, Lines 2
[23%] 	 7,399/32,167 	 02:54:07
Match: Event 193233607, Lines 2
Match: Event 193234162, Lines 2
Match: Event 193234235, Lines 2
Match: Event 193234443, Lines 3
Match: Event 193236922, Lines 2
Match: Event 193237445, Lines 2
Match: Event 193238106, Lines 2
Match: Event 193238334, Lines 2
Match: Event 193240759, Lines 2
[24%] 	 7,721/32,167 	 03:02:01
Match: Event 193242093, Lines 2
Match: Event 193242156, Lines 2
Match: Event 193243775, Lines 2
Match: Event 193244094, Lines 2
Match: Event 193244246, Lines 2
Match: Event 193245246, Lines 2
Match: Event 193247163, Lines 2
Match: Event 193248009, Lines 2
Match: Event 193248700, Lines 2
Match: Event 193251972, Lines 2
[25%] 	 8,042/32,167 	 03:10:28
Match: Event 193253018, Lines 2
Match: Event 193253108, Lines 2
Match: Event 193253241, Lines 3
Match: Event 193254525, Lines 2
Match: Event 193254723, Lines 2
Match: Event 193254758, Lines 2
Match: Event 193255746, Lines 2
Match: Event 193256640, Lines 2
Match: Event 193258038, Lines 2
Match: Event 193258245, Lines 2
Match: Event 193258458, Lines 3
Match: Event 193258510, Lines 2
Match: Event 193258673, Lines 2
Match: Event 193259082, Lines 2
Match: Event 193259932, Lines 2
Match: Event 193261514, Lines 2
[26%] 	 8,364/32,167 	 03:18:22
Match: Event 193264344, Lines 2
Match: Event 193264469, Lines 2
Match: Event 193264514, Lines 2
Match: Event 193265679, Lines 2
Match: Event 193267585, Lines 2
Match: Event 193268223, Lines 2
Match: Event 193268946, Lines 2
Match: Event 193269012, Lines 2
Match: Event 193269080, Lines 2
Match: Event 193270646, Lines 2
Match: Event 193270736, Lines 2
Match: Event 193271109, Lines 2
Match: Event 193271928, Lines 2
Match: Event 193272199, Lines 2
Match: Event 193272568, Lines 2
[27%] 	 8,686/32,167 	 03:26:11
Match: Event 193274017, Lines 2
Match: Event 193274565, Lines 2
Match: Event 193275551, Lines 2
Match: Event 193276325, Lines 2
Match: Event 193276653, Lines 2
Match: Event 193276730, Lines 2
Match: Event 193277523, Lines 3
Match: Event 193277950, Lines 2
Match: Event 193279175, Lines 2
Match: Event 193279197, Lines 2
Match: Event 193279302, Lines 2
Match: Event 193280178, Lines 2
Match: Event 193280196, Lines 2
Match: Event 193280588, Lines 3
Match: Event 193280616, Lines 2
Match: Event 193280726, Lines 2
Match: Event 193280869, Lines 2
[28%] 	 9,007/32,167 	 03:34:13
Match: Event 193282744, Lines 2
Match: Event 193283003, Lines 3
Match: Event 193283012, Lines 2
Match: Event 193283070, Lines 2
Match: Event 193283381, Lines 2
Match: Event 193284259, Lines 2
Match: Event 193284442, Lines 2
Match: Event 193284677, Lines 2
Match: Event 193284744, Lines 2
Match: Event 193285536, Lines 2
Match: Event 193286942, Lines 2
Match: Event 193287806, Lines 2
Match: Event 193287904, Lines 2
Match: Event 193288412, Lines 2
Match: Event 193289712, Lines 3
Match: Event 193289748, Lines 2
Match: Event 193290835, Lines 2
Match: Event 193290974, Lines 2
[29%] 	 9,329/32,167 	 03:42:15
Match: Event 193291489, Lines 2
Match: Event 193292316, Lines 3
Match: Event 193292919, Lines 2
Match: Event 193292978, Lines 2
Match: Event 193293315, Lines 2
Match: Event 193293466, Lines 2
Match: Event 193293681, Lines 2
Match: Event 193294133, Lines 2
Match: Event 193299148, Lines 2
Match: Event 193299544, Lines 2
Match: Event 193300840, Lines 2
Match: Event 193301921, Lines 2
Match: Event 193302202, Lines 2
[30%] 	 9,651/32,167 	 03:50:36
Match: Event 193302954, Lines 2
Match: Event 193303618, Lines 2
Match: Event 193304311, Lines 2
Match: Event 193304993, Lines 2
Match: Event 193305377, Lines 3
Match: Event 193305872, Lines 2
Match: Event 193306384, Lines 2
Match: Event 193308346, Lines 2
Match: Event 193309081, Lines 2
Match: Event 193309139, Lines 2
Match: Event 193310257, Lines 2
Match: Event 193310398, Lines 2
Match: Event 193310876, Lines 3
Match: Event 193310944, Lines 2
Match: Event 193311268, Lines 2
[31%] 	 9,972/32,167 	 03:58:37
Match: Event 193313508, Lines 2
Match: Event 193314092, Lines 2
Match: Event 193316103, Lines 2
Match: Event 193319782, Lines 2
Match: Event 193319953, Lines 2
Match: Event 193320965, Lines 2
Match: Event 193322367, Lines 2
Match: Event 193323045, Lines 2
Match: Event 193323157, Lines 3
[32%] 	 10,294/32,167 	 04:06:10
Match: Event 193324633, Lines 2
Match: Event 193325113, Lines 3
Match: Event 193325353, Lines 2
Match: Event 193325863, Lines 2
Match: Event 193327020, Lines 2
Match: Event 193327039, Lines 3
Match: Event 193327098, Lines 3
Match: Event 193327784, Lines 2
Match: Event 193329151, Lines 2
Match: Event 193329309, Lines 2
Match: Event 193329581, Lines 2
Match: Event 193330284, Lines 2
Match: Event 193330819, Lines 2
Match: Event 193331174, Lines 2
Match: Event 193332304, Lines 2
Match: Event 193333476, Lines 2
[33%] 	 10,616/32,167 	 04:14:24
Match: Event 193334407, Lines 3
Match: Event 193335412, Lines 2
Match: Event 193336630, Lines 2
Match: Event 193337328, Lines 2
Match: Event 193337438, Lines 2
Match: Event 193338039, Lines 2
Match: Event 193338663, Lines 2
Match: Event 193339070, Lines 2
Match: Event 193339351, Lines 2
Match: Event 193339534, Lines 2
Match: Event 193340974, Lines 3
Match: Event 193341277, Lines 3
Match: Event 193341712, Lines 2
Match: Event 193341970, Lines 2
Match: Event 193342039, Lines 2
Match: Event 193342861, Lines 2
Match: Event 193343043, Lines 2
[34%] 	 10,937/32,167 	 04:22:47
Match: Event 193343560, Lines 2
Match: Event 193343944, Lines 2
Match: Event 193344503, Lines 2
Match: Event 193345443, Lines 2
Match: Event 193347147, Lines 2
Match: Event 193348277, Lines 2
Match: Event 193348893, Lines 2
Match: Event 193349559, Lines 2
Match: Event 193350730, Lines 2
Match: Event 193351887, Lines 2
Match: Event 193352208, Lines 2
Match: Event 193352363, Lines 2
[35%] 	 11,259/32,167 	 04:32:16
Match: Event 193356403, Lines 2
Match: Event 193356564, Lines 2
Match: Event 193356818, Lines 2
Match: Event 193356887, Lines 2
Match: Event 193357069, Lines 2
Match: Event 193357352, Lines 2
Match: Event 193357529, Lines 2
Match: Event 193358346, Lines 2
Match: Event 193358962, Lines 2
Match: Event 193361269, Lines 2
Match: Event 193361290, Lines 2
Match: Event 193361578, Lines 2
Match: Event 193361939, Lines 2
[36%] 	 11,581/32,167 	 04:40:19
Match: Event 193366069, Lines 2
Match: Event 193366084, Lines 2
Match: Event 193366201, Lines 2
Match: Event 193366359, Lines 2
Match: Event 193366375, Lines 3
Match: Event 193366573, Lines 2
Match: Event 193368028, Lines 2
Match: Event 193368436, Lines 2
Match: Event 193368748, Lines 2
Match: Event 193369028, Lines 2
Match: Event 193369328, Lines 2
Match: Event 193369400, Lines 3
Match: Event 193370586, Lines 2
Match: Event 193372311, Lines 2
Match: Event 193372410, Lines 3
Match: Event 193372451, Lines 2
Match: Event 193373290, Lines 2
[37%] 	 11,902/32,167 	 04:47:54
Match: Event 193374128, Lines 2
Match: Event 193374671, Lines 2
Match: Event 193376084, Lines 2
Match: Event 193376808, Lines 2
Match: Event 193376884, Lines 2
Match: Event 193378005, Lines 2
Match: Event 193378676, Lines 2
Match: Event 193379900, Lines 2
Match: Event 193380818, Lines 2
Match: Event 193380985, Lines 2
Match: Event 193382263, Lines 2
Match: Event 193382296, Lines 2
[38%] 	 12,224/32,167 	 04:55:31
Match: Event 193384771, Lines 2
Match: Event 193385581, Lines 2
Match: Event 193386635, Lines 2
Match: Event 193388425, Lines 2
Match: Event 193388458, Lines 2
Match: Event 193388562, Lines 2
Match: Event 193390490, Lines 2
Match: Event 193390692, Lines 2
Match: Event 193391001, Lines 2
Match: Event 193391435, Lines 2
Match: Event 193392365, Lines 2
[39%] 	 12,546/32,167 	 05:03:14
Match: Event 193393211, Lines 2
Match: Event 193395576, Lines 3
Match: Event 193396092, Lines 2
Match: Event 193396152, Lines 2
Match: Event 193396312, Lines 2
Match: Event 193396470, Lines 2
Match: Event 193397488, Lines 2
Match: Event 193398081, Lines 2
Match: Event 193399114, Lines 2
Match: Event 193399738, Lines 2
Match: Event 193399782, Lines 2
Match: Event 193400000, Lines 2
Match: Event 193400362, Lines 2
Match: Event 193400648, Lines 2
Match: Event 193402296, Lines 2
[40%] 	 12,867/32,167 	 05:10:29
Match: Event 193404325, Lines 2
Match: Event 193405452, Lines 2
Match: Event 193406023, Lines 2
Match: Event 193406652, Lines 2
Match: Event 193406724, Lines 2
Match: Event 193408305, Lines 2
Match: Event 193408432, Lines 2
Match: Event 193408478, Lines 2
Match: Event 193409305, Lines 2
Match: Event 193410038, Lines 3
Match: Event 193411016, Lines 2
Match: Event 193412065, Lines 2
Match: Event 193412221, Lines 2
Match: Event 193412329, Lines 2
Match: Event 193412442, Lines 2
Match: Event 193412764, Lines 2
Match: Event 193413110, Lines 2
[41%] 	 13,189/32,167 	 05:18:21
Match: Event 193413571, Lines 2
Match: Event 193413998, Lines 2
Match: Event 193414159, Lines 2
Match: Event 193414934, Lines 2
Match: Event 193415327, Lines 2
Match: Event 193417203, Lines 3
Match: Event 193418179, Lines 2
Match: Event 193419883, Lines 2
Match: Event 193421751, Lines 2
Match: Event 193421941, Lines 2
Match: Event 193422684, Lines 2
Match: Event 193423218, Lines 2
Match: Event 193423606, Lines 2
[42%] 	 13,511/32,167 	 05:26:20
Match: Event 193425003, Lines 2
Match: Event 193425042, Lines 2
Match: Event 193425629, Lines 2
Match: Event 193425669, Lines 2
Match: Event 193426296, Lines 2
Match: Event 193426428, Lines 2
Match: Event 193427485, Lines 2
Match: Event 193427737, Lines 2
Match: Event 193428142, Lines 3
Match: Event 193428348, Lines 2
Match: Event 193428437, Lines 2
Match: Event 193430538, Lines 2
Match: Event 193431621, Lines 2
Match: Event 193433324, Lines 2
Match: Event 193433661, Lines 2
Match: Event 193433869, Lines 2
[43%] 	 13,832/32,167 	 05:34:38
Match: Event 193434319, Lines 2
Match: Event 193434624, Lines 2
Match: Event 193434675, Lines 2
Match: Event 193435495, Lines 2
Match: Event 193435566, Lines 2
Match: Event 193436372, Lines 2
Match: Event 193436430, Lines 2
Match: Event 193436591, Lines 2
Match: Event 193436909, Lines 2
Match: Event 193437524, Lines 2
Match: Event 193437703, Lines 2
Match: Event 193438072, Lines 2
Match: Event 193438882, Lines 2
Match: Event 193439647, Lines 2
Match: Event 193439959, Lines 2
Match: Event 193439962, Lines 2
Match: Event 193441146, Lines 2
Match: Event 193441475, Lines 2
Match: Event 193441891, Lines 2
Match: Event 193442257, Lines 2
Match: Event 193442354, Lines 2
[44%] 	 14,154/32,167 	 05:42:37
Match: Event 193444337, Lines 2
Match: Event 193445754, Lines 2
Match: Event 193447087, Lines 2
Match: Event 193448421, Lines 2
Match: Event 193449237, Lines 2
Match: Event 193449368, Lines 2
Match: Event 193449717, Lines 2
Match: Event 193450382, Lines 2
Match: Event 193450879, Lines 3
Match: Event 193451544, Lines 2
Match: Event 193451704, Lines 2
Match: Event 193451752, Lines 2
[45%] 	 14,476/32,167 	 05:50:19
Match: Event 193452555, Lines 2
Match: Event 193453309, Lines 2
Match: Event 193454235, Lines 2
Match: Event 193454493, Lines 2
Match: Event 193454542, Lines 2
Match: Event 193454607, Lines 2
Match: Event 193455507, Lines 2
Match: Event 193458618, Lines 2
Match: Event 193459105, Lines 2
Match: Event 193459132, Lines 2
Match: Event 193459284, Lines 2
Match: Event 193459464, Lines 2
Match: Event 193461503, Lines 2
Match: Event 193461593, Lines 3
[46%] 	 14,797/32,167 	 05:57:56
Match: Event 193462687, Lines 2
Match: Event 193462807, Lines 2
Match: Event 193463871, Lines 2
Match: Event 193465038, Lines 2
Match: Event 193466588, Lines 3
Match: Event 193471064, Lines 2
Match: Event 193471557, Lines 2
Match: Event 193471727, Lines 2
Match: Event 193472887, Lines 2
[47%] 	 15,119/32,167 	 06:05:22
Match: Event 193473109, Lines 2
Match: Event 193473270, Lines 2
Match: Event 193475069, Lines 2
Match: Event 193476640, Lines 2
Match: Event 193476697, Lines 2
Match: Event 193481123, Lines 2
Match: Event 193482712, Lines 2
Match: Event 193484135, Lines 2
[48%] 	 15,441/32,167 	 06:12:47
Match: Event 193486009, Lines 2
Match: Event 193486774, Lines 2
Match: Event 193486946, Lines 2
Match: Event 193487951, Lines 2
Match: Event 193487955, Lines 2
Match: Event 193488251, Lines 2
Match: Event 193488565, Lines 2
Match: Event 193488831, Lines 2
Match: Event 193489616, Lines 2
Match: Event 193490503, Lines 2
Match: Event 193490683, Lines 2
Match: Event 193491158, Lines 2
Match: Event 193491637, Lines 3
Match: Event 193493615, Lines 2
Match: Event 193493748, Lines 2
Match: Event 193493976, Lines 2
[49%] 	 15,762/32,167 	 06:20:26
Match: Event 193494328, Lines 2
Match: Event 193495189, Lines 2
Match: Event 193495277, Lines 2
Match: Event 193495553, Lines 2
Match: Event 193496038, Lines 2
Match: Event 193496452, Lines 2
Match: Event 193497143, Lines 2
Match: Event 193497853, Lines 2
Match: Event 193498306, Lines 2
Match: Event 193498617, Lines 2
Match: Event 193499937, Lines 2
Match: Event 193500150, Lines 2
Match: Event 193501353, Lines 2
Match: Event 193502300, Lines 2
Match: Event 193502386, Lines 2
Match: Event 193502644, Lines 2
[50%] 	 16,084/32,167 	 06:27:52
Match: Event 193503910, Lines 2
Match: Event 193504058, Lines 2
Match: Event 193504451, Lines 2
Match: Event 193505334, Lines 2
Match: Event 193505533, Lines 3
Match: Event 193506211, Lines 3
Match: Event 193506780, Lines 2
Match: Event 193507414, Lines 2
Match: Event 193508897, Lines 2
Match: Event 193509137, Lines 2
Match: Event 193510716, Lines 2
Match: Event 193512568, Lines 2
Match: Event 193512844, Lines 2
[51%] 	 16,406/32,167 	 06:35:03
Match: Event 193513319, Lines 2
Match: Event 193514149, Lines 2
Match: Event 193514478, Lines 2
Match: Event 193515581, Lines 2
Match: Event 193515850, Lines 2
Match: Event 193516675, Lines 2
Match: Event 193516890, Lines 2
Match: Event 193517260, Lines 2
Match: Event 193517306, Lines 2
Match: Event 193518185, Lines 2
Match: Event 193518516, Lines 2
Match: Event 193518987, Lines 2
Match: Event 193519177, Lines 2
Match: Event 193519614, Lines 2
Match: Event 193520423, Lines 2
Match: Event 193523087, Lines 2
[52%] 	 16,727/32,167 	 06:42:24
Match: Event 193523885, Lines 3
Match: Event 193524055, Lines 2
Match: Event 193524533, Lines 2
Match: Event 193524995, Lines 2
Match: Event 193525694, Lines 2
Match: Event 193526460, Lines 2
Match: Event 193527225, Lines 2
Match: Event 193528352, Lines 2
Match: Event 193528466, Lines 2
Match: Event 193528772, Lines 2
Match: Event 193530740, Lines 2
Match: Event 193530960, Lines 2
Match: Event 193531155, Lines 2
Match: Event 193531663, Lines 2
Match: Event 193532570, Lines 2
Match: Event 193532709, Lines 2
Match: Event 193532742, Lines 2
[53%] 	 17,049/32,167 	 06:49:34
Match: Event 193534484, Lines 2
Match: Event 193536924, Lines 2
Match: Event 193537564, Lines 2
Match: Event 193537669, Lines 2
Match: Event 193537718, Lines 2
Match: Event 193540990, Lines 2
Match: Event 193541031, Lines 2
Match: Event 193541155, Lines 2
Match: Event 193541951, Lines 2
Match: Event 193542180, Lines 2
Match: Event 193542709, Lines 2
Match: Event 193543439, Lines 2
[54%] 	 17,371/32,167 	 06:56:49
Match: Event 193543600, Lines 2
Match: Event 193543937, Lines 2
Match: Event 193544582, Lines 3
Match: Event 193546084, Lines 2
Match: Event 193546581, Lines 2
Match: Event 193547046, Lines 2
Match: Event 193547388, Lines 2
Match: Event 193547703, Lines 3
Match: Event 193547768, Lines 2
Match: Event 193547785, Lines 2
Match: Event 193548019, Lines 2
Match: Event 193548414, Lines 2
Match: Event 193548569, Lines 2
Match: Event 193548670, Lines 2
Match: Event 193552310, Lines 2
Match: Event 193552771, Lines 2
Match: Event 193552772, Lines 2
Match: Event 193553259, Lines 3
[55%] 	 17,692/32,167 	 07:04:03
Match: Event 193553567, Lines 2
Match: Event 193553692, Lines 2
Match: Event 193553736, Lines 2
Match: Event 193553906, Lines 2
Match: Event 193555024, Lines 2
Match: Event 193555451, Lines 3
Match: Event 193557433, Lines 2
Match: Event 193557790, Lines 2
Match: Event 193557816, Lines 2
Match: Event 193558283, Lines 2
Match: Event 193559245, Lines 2
Match: Event 193562336, Lines 2
[56%] 	 18,014/32,167 	 07:11:03
Match: Event 193563245, Lines 2
Match: Event 193563605, Lines 3
Match: Event 193564724, Lines 2
Match: Event 193565668, Lines 2
Match: Event 193566535, Lines 2
Match: Event 193567447, Lines 2
Match: Event 193567861, Lines 2
Match: Event 193569437, Lines 2
Match: Event 193569708, Lines 3
Match: Event 193569766, Lines 2
Match: Event 193569824, Lines 2
Match: Event 193569843, Lines 2
Match: Event 193570727, Lines 2
Match: Event 193571225, Lines 2
Match: Event 193571504, Lines 2
Match: Event 193571799, Lines 2
Match: Event 193572105, Lines 2
Match: Event 193572935, Lines 2
[57%] 	 18,336/32,167 	 07:18:24
Match: Event 193573958, Lines 2
Match: Event 193574303, Lines 2
Match: Event 193574718, Lines 2
Match: Event 193575149, Lines 2
Match: Event 193575245, Lines 2
Match: Event 193575520, Lines 2
Match: Event 193576040, Lines 2
Match: Event 193576097, Lines 2
Match: Event 193577188, Lines 2
Match: Event 193577512, Lines 2
Match: Event 193577908, Lines 2
Match: Event 193578292, Lines 2
Match: Event 193578406, Lines 2
Match: Event 193578709, Lines 2
Match: Event 193578753, Lines 2
Match: Event 193579216, Lines 2
Match: Event 193579405, Lines 2
Match: Event 193579413, Lines 2
Match: Event 193579642, Lines 2
Match: Event 193579887, Lines 2
Match: Event 193580053, Lines 2
Match: Event 193581287, Lines 2
Match: Event 193581348, Lines 2
Match: Event 193581484, Lines 2
Match: Event 193581571, Lines 2
[58%] 	 18,657/32,167 	 07:26:07
Match: Event 193582791, Lines 2
Match: Event 193584377, Lines 2
Match: Event 193584449, Lines 2
Match: Event 193585331, Lines 2
Match: Event 193587876, Lines 2
Match: Event 193588309, Lines 2
Match: Event 193588350, Lines 2
Match: Event 193588689, Lines 2
Match: Event 193589017, Lines 2
Match: Event 193589415, Lines 2
Match: Event 193590031, Lines 2
Match: Event 193590755, Lines 2
Match: Event 193592052, Lines 2
[59%] 	 18,979/32,167 	 07:34:57
Match: Event 193593510, Lines 2
Match: Event 193594307, Lines 2
Match: Event 193594843, Lines 2
Match: Event 193595896, Lines 2
Match: Event 193596116, Lines 2
Match: Event 193596995, Lines 2
Match: Event 193597273, Lines 2
Match: Event 193598098, Lines 2
Match: Event 193599230, Lines 2
Match: Event 193601164, Lines 2
Match: Event 193601743, Lines 2
Match: Event 193601948, Lines 2
Match: Event 193602075, Lines 2
Match: Event 193602241, Lines 2
[60%] 	 19,301/32,167 	 07:42:25
Match: Event 193603950, Lines 2
Match: Event 193603958, Lines 2
Match: Event 193604325, Lines 2
Match: Event 193605319, Lines 2
Match: Event 193607764, Lines 2
Match: Event 193608077, Lines 3
Match: Event 193608388, Lines 2
Match: Event 193610294, Lines 2
[61%] 	 19,622/32,167 	 07:50:08
Match: Event 193612550, Lines 2
Match: Event 193612569, Lines 2
Match: Event 193613529, Lines 3
Match: Event 193613739, Lines 2
Match: Event 193613889, Lines 2
Match: Event 193614268, Lines 2
Match: Event 193615466, Lines 2
Match: Event 193618186, Lines 2
Match: Event 193619432, Lines 2
Match: Event 193619775, Lines 2
Match: Event 193620031, Lines 2
Match: Event 193620992, Lines 2
Match: Event 193621260, Lines 2
[62%] 	 19,944/32,167 	 07:57:12
Match: Event 193622002, Lines 2
Match: Event 193622221, Lines 2
Match: Event 193624984, Lines 2
Match: Event 193625343, Lines 2
Match: Event 193625501, Lines 2
Match: Event 193625665, Lines 2
Match: Event 193625961, Lines 2
Match: Event 193628320, Lines 2
Match: Event 193628663, Lines 2
Match: Event 193629310, Lines 2
Match: Event 193630712, Lines 2
[63%] 	 20,266/32,167 	 08:04:11
Match: Event 193632288, Lines 2
Match: Event 193632641, Lines 2
Match: Event 193633299, Lines 2
Match: Event 193634109, Lines 2
Match: Event 193634551, Lines 2
Match: Event 193635042, Lines 2
Match: Event 193635057, Lines 2
Match: Event 193635658, Lines 2
Match: Event 193636342, Lines 2
Match: Event 193636376, Lines 2
Match: Event 193637324, Lines 2
Match: Event 193637625, Lines 3
Match: Event 193638334, Lines 2
Match: Event 193638825, Lines 3
Match: Event 193639400, Lines 2
Match: Event 193639881, Lines 2
Match: Event 193640199, Lines 2
Match: Event 193640334, Lines 2
Match: Event 193640353, Lines 2
Match: Event 193640882, Lines 2
Match: Event 193640962, Lines 2
[64%] 	 20,587/32,167 	 08:11:54
Match: Event 193641630, Lines 2
Match: Event 193642622, Lines 2
Match: Event 193643348, Lines 2
Match: Event 193644169, Lines 2
Match: Event 193644584, Lines 2
Match: Event 193645080, Lines 2
Match: Event 193645331, Lines 2
Match: Event 193645595, Lines 2
Match: Event 193645853, Lines 2
Match: Event 193646598, Lines 2
Match: Event 193647020, Lines 2
Match: Event 193649015, Lines 2
Match: Event 193649443, Lines 2
Match: Event 193650056, Lines 2
Match: Event 193652281, Lines 2
Match: Event 193652337, Lines 2
Match: Event 193652689, Lines 2
[65%] 	 20,909/32,167 	 08:19:19
Match: Event 193652998, Lines 2
Match: Event 193653158, Lines 2
Match: Event 193653250, Lines 2
Match: Event 193654020, Lines 2
Match: Event 193654782, Lines 2
Match: Event 193655767, Lines 2
Match: Event 193656290, Lines 2
Match: Event 193656906, Lines 2
Match: Event 193657960, Lines 2
Match: Event 193658005, Lines 2
Match: Event 193659432, Lines 2
Match: Event 193661479, Lines 2
Match: Event 193661680, Lines 2
[66%] 	 21,231/32,167 	 08:26:20
Match: Event 193661746, Lines 2
Match: Event 193661823, Lines 2
Match: Event 193662528, Lines 2
Match: Event 193663837, Lines 2
Match: Event 193663974, Lines 2
Match: Event 193666656, Lines 2
Match: Event 193666807, Lines 2
Match: Event 193666839, Lines 2
Match: Event 193667078, Lines 2
Match: Event 193667682, Lines 2
Match: Event 193667891, Lines 2
Match: Event 193668318, Lines 2
Match: Event 193668353, Lines 2
Match: Event 193668466, Lines 2
Match: Event 193669184, Lines 2
Match: Event 193669530, Lines 2
Match: Event 193669771, Lines 2
Match: Event 193670607, Lines 2
Match: Event 193670996, Lines 2
[67%] 	 21,552/32,167 	 08:33:16
Match: Event 193671487, Lines 2
Match: Event 193671657, Lines 2
Match: Event 193671658, Lines 2
Match: Event 193671836, Lines 2
Match: Event 193673936, Lines 2
Match: Event 193674795, Lines 2
Match: Event 193675766, Lines 2
Match: Event 193676024, Lines 2
Match: Event 193677307, Lines 2
Match: Event 193677878, Lines 2
Match: Event 193678047, Lines 2
Match: Event 193678067, Lines 2
Match: Event 193678678, Lines 2
Match: Event 193679014, Lines 2
Match: Event 193679356, Lines 2
Match: Event 193681089, Lines 2
[68%] 	 21,874/32,167 	 08:40:11
Match: Event 193682837, Lines 2
Match: Event 193682941, Lines 2
Match: Event 193684010, Lines 2
Match: Event 193684405, Lines 2
Match: Event 193686283, Lines 2
Match: Event 193686349, Lines 2
Match: Event 193686879, Lines 2
Match: Event 193688318, Lines 2
Match: Event 193688826, Lines 2
Match: Event 193689554, Lines 2
Match: Event 193691033, Lines 2
[69%] 	 22,196/32,167 	 08:47:05
Match: Event 193691849, Lines 2
Match: Event 193692963, Lines 2
Match: Event 193693981, Lines 2
Match: Event 193694330, Lines 2
Match: Event 193694962, Lines 2
Match: Event 193695393, Lines 2
Match: Event 193697035, Lines 2
Match: Event 193699184, Lines 2
Match: Event 193699459, Lines 2
Match: Event 193699530, Lines 2
[70%] 	 22,517/32,167 	 08:53:57
Match: Event 193700524, Lines 2
Match: Event 193701012, Lines 2
Match: Event 193701212, Lines 2
Match: Event 193702376, Lines 2
Match: Event 193703068, Lines 2
Match: Event 193704255, Lines 2
Match: Event 193705677, Lines 2
Match: Event 193705834, Lines 2
Match: Event 193705872, Lines 2
Match: Event 193706623, Lines 2
Match: Event 193706893, Lines 2
Match: Event 193707350, Lines 2
Match: Event 193708342, Lines 3
Match: Event 193708779, Lines 2
Match: Event 193709137, Lines 2
Match: Event 193709537, Lines 2
[71%] 	 22,839/32,167 	 09:01:04
Match: Event 193711183, Lines 2
Match: Event 193711515, Lines 2
Match: Event 193713240, Lines 2
Match: Event 193713966, Lines 2
Match: Event 193713978, Lines 3
Match: Event 193715596, Lines 2
Match: Event 193716167, Lines 2
Match: Event 193716903, Lines 2
Match: Event 193717039, Lines 2
Match: Event 193717728, Lines 2
Match: Event 193718806, Lines 2
Match: Event 193719269, Lines 2
Match: Event 193719487, Lines 2
[72%] 	 23,161/32,167 	 09:08:08
Match: Event 193720579, Lines 2
Match: Event 193723928, Lines 2
Match: Event 193724413, Lines 2
Match: Event 193725411, Lines 2
Match: Event 193725786, Lines 2
Match: Event 193726104, Lines 2
Match: Event 193726312, Lines 2
Match: Event 193727205, Lines 2
Match: Event 193727246, Lines 2
Match: Event 193729312, Lines 2
[73%] 	 23,482/32,167 	 09:15:26
Match: Event 193729957, Lines 2
Match: Event 193730921, Lines 2
Match: Event 193731170, Lines 2
Match: Event 193732382, Lines 2
Match: Event 193732413, Lines 2
Match: Event 193733733, Lines 2
Match: Event 193733736, Lines 2
Match: Event 193733966, Lines 2
Match: Event 193734026, Lines 2
Match: Event 193734197, Lines 2
Match: Event 193734269, Lines 2
Match: Event 193735042, Lines 2
Match: Event 193735107, Lines 2
Match: Event 193735616, Lines 2
Match: Event 193735742, Lines 3
Match: Event 193736717, Lines 2
Match: Event 193737671, Lines 2
Match: Event 193737899, Lines 2
Match: Event 193738311, Lines 2
Match: Event 193740181, Lines 2
[74%] 	 23,804/32,167 	 09:22:28
Match: Event 193740382, Lines 2
Match: Event 193741593, Lines 2
Match: Event 193741859, Lines 2
Match: Event 193742525, Lines 2
Match: Event 193742638, Lines 2
Match: Event 193742704, Lines 2
Match: Event 193742819, Lines 2
Match: Event 193743697, Lines 2
Match: Event 193745730, Lines 2
Match: Event 193745838, Lines 2
Match: Event 193746114, Lines 2
Match: Event 193746217, Lines 2
Match: Event 193746842, Lines 2
Match: Event 193747357, Lines 2
Match: Event 193748762, Lines 2
Match: Event 193749741, Lines 2
[75%] 	 24,126/32,167 	 09:29:42
Match: Event 193750607, Lines 2
Match: Event 193751253, Lines 2
Match: Event 193751591, Lines 2
Match: Event 193751703, Lines 2
Match: Event 193752198, Lines 2
Match: Event 193752822, Lines 2
Match: Event 193753101, Lines 2
Match: Event 193753112, Lines 2
Match: Event 193753458, Lines 2
Match: Event 193753863, Lines 2
Match: Event 193755091, Lines 2
Match: Event 193755390, Lines 2
Match: Event 193755474, Lines 2
Match: Event 193755671, Lines 2
Match: Event 193755810, Lines 2
Match: Event 193756668, Lines 2
Match: Event 193757571, Lines 2
Match: Event 193758140, Lines 2
Match: Event 193758818, Lines 2
Match: Event 193758966, Lines 2
Match: Event 193759606, Lines 2
Match: Event 193760119, Lines 2
[76%] 	 24,447/32,167 	 09:37:19
Match: Event 193760751, Lines 2
Match: Event 193761530, Lines 2
Match: Event 193762835, Lines 2
Match: Event 193763297, Lines 2
Match: Event 193763743, Lines 2
Match: Event 193765058, Lines 2
Match: Event 193765092, Lines 2
Match: Event 193766677, Lines 2
Match: Event 193767081, Lines 2
Match: Event 193767229, Lines 2
Match: Event 193768057, Lines 3
Match: Event 193768469, Lines 2
Match: Event 193768517, Lines 2
Match: Event 193768999, Lines 2
Match: Event 193769070, Lines 2
[77%] 	 24,769/32,167 	 09:45:03
Match: Event 193770984, Lines 2
Match: Event 193771042, Lines 2
Match: Event 193771100, Lines 2
Match: Event 193771216, Lines 2
Match: Event 193771516, Lines 2
Match: Event 193772382, Lines 2
Match: Event 193772397, Lines 2
Match: Event 193772636, Lines 2
Match: Event 193773081, Lines 2
Match: Event 193773378, Lines 2
Match: Event 193775337, Lines 2
Match: Event 193775685, Lines 2
Match: Event 193775778, Lines 2
Match: Event 193776013, Lines 2
Match: Event 193776054, Lines 2
Match: Event 193776268, Lines 2
Match: Event 193776638, Lines 2
Match: Event 193776733, Lines 2
Match: Event 193777361, Lines 2
Match: Event 193777590, Lines 2
Match: Event 193777684, Lines 2
Match: Event 193778570, Lines 2
[78%] 	 25,091/32,167 	 09:53:02
Match: Event 193781374, Lines 2
Match: Event 193781395, Lines 2
Match: Event 193782009, Lines 2
Match: Event 193782426, Lines 3
Match: Event 193782675, Lines 2
Match: Event 193783252, Lines 2
Match: Event 193784790, Lines 2
Match: Event 193784846, Lines 2
Match: Event 193785483, Lines 2
Match: Event 193787755, Lines 2
[79%] 	 25,412/32,167 	 10:00:37
Match: Event 193788585, Lines 2
Match: Event 193789938, Lines 2
Match: Event 193790301, Lines 2
Match: Event 193792313, Lines 2
Match: Event 193793718, Lines 2
Match: Event 193793900, Lines 2
Match: Event 193795214, Lines 2
Match: Event 193796786, Lines 2
Match: Event 193797180, Lines 2
Match: Event 193797398, Lines 2
[80%] 	 25,734/32,167 	 10:08:23
Match: Event 193799378, Lines 2
Match: Event 193799945, Lines 2
Match: Event 193800143, Lines 2
Match: Event 193800193, Lines 2
Match: Event 193801412, Lines 2
Match: Event 193801465, Lines 2
Match: Event 193801764, Lines 2
Match: Event 193802147, Lines 2
Match: Event 193802739, Lines 2
Match: Event 193803227, Lines 2
Match: Event 193803302, Lines 2
Match: Event 193804253, Lines 2
Match: Event 193804438, Lines 2
Match: Event 193804817, Lines 2
[81%] 	 26,056/32,167 	 10:15:58
Match: Event 193807866, Lines 2
Match: Event 193807916, Lines 2
Match: Event 193808367, Lines 2
Match: Event 193809529, Lines 2
Match: Event 193810805, Lines 2
Match: Event 193810811, Lines 2
Match: Event 193812017, Lines 2
Match: Event 193812405, Lines 2
Match: Event 193812817, Lines 2
Match: Event 193813227, Lines 2
Match: Event 193813346, Lines 2
Match: Event 193814036, Lines 2
Match: Event 193816432, Lines 2
Match: Event 193816912, Lines 2
[82%] 	 26,377/32,167 	 10:23:20
Match: Event 193819210, Lines 2
Match: Event 193819591, Lines 2
Match: Event 193819616, Lines 2
Match: Event 193819709, Lines 2
Match: Event 193820770, Lines 2
Match: Event 193821831, Lines 2
Match: Event 193821946, Lines 2
Match: Event 193822590, Lines 2
Match: Event 193823526, Lines 2
Match: Event 193823762, Lines 2
Match: Event 193823768, Lines 3
Match: Event 193824004, Lines 2
Match: Event 193824064, Lines 2
Match: Event 193825363, Lines 2
Match: Event 193825456, Lines 2
Match: Event 193827057, Lines 2
[83%] 	 26,699/32,167 	 10:31:02
Match: Event 193827837, Lines 2
Match: Event 193829090, Lines 2
Match: Event 193831917, Lines 2
Match: Event 193833006, Lines 2
Match: Event 193834579, Lines 2
Match: Event 193834976, Lines 2
Match: Event 193836872, Lines 2
[84%] 	 27,021/32,167 	 10:39:09
Match: Event 193839105, Lines 2
Match: Event 193839637, Lines 2
Match: Event 193839993, Lines 2
Match: Event 193840202, Lines 2
Match: Event 193841036, Lines 2
Match: Event 193841134, Lines 2
Match: Event 193841746, Lines 3
Match: Event 193841755, Lines 2
Match: Event 193841863, Lines 2
Match: Event 193842332, Lines 2
Match: Event 193842439, Lines 2
Match: Event 193842765, Lines 2
Match: Event 193842944, Lines 2
Match: Event 193843143, Lines 2
Match: Event 193844396, Lines 2
Match: Event 193845659, Lines 2
Match: Event 193846235, Lines 2
Match: Event 193846717, Lines 2
Match: Event 193847279, Lines 2
Match: Event 193847643, Lines 2
[85%] 	 27,342/32,167 	 10:46:54
Match: Event 193848048, Lines 2
Match: Event 193848284, Lines 2
Match: Event 193848619, Lines 2
Match: Event 193848771, Lines 2
Match: Event 193848900, Lines 2
Match: Event 193849204, Lines 2
Match: Event 193849697, Lines 2
Match: Event 193850877, Lines 3
Match: Event 193850910, Lines 2
Match: Event 193851577, Lines 2
Match: Event 193852755, Lines 2
Match: Event 193853057, Lines 2
Match: Event 193853097, Lines 2
Match: Event 193854796, Lines 2
Match: Event 193855326, Lines 2
Match: Event 193855353, Lines 2
[86%] 	 27,664/32,167 	 10:54:50
Match: Event 193858927, Lines 2
Match: Event 193859296, Lines 2
Match: Event 193859652, Lines 2
Match: Event 193861534, Lines 2
Match: Event 193861656, Lines 2
Match: Event 193863079, Lines 2
Match: Event 193865294, Lines 2
Match: Event 193865669, Lines 2
Match: Event 193866247, Lines 2
Match: Event 193867138, Lines 2
Match: Event 193867396, Lines 2
Match: Event 193867447, Lines 2
Match: Event 193867677, Lines 2
[87%] 	 27,986/32,167 	 11:02:35
Match: Event 193868223, Lines 2
Match: Event 193868490, Lines 2
Match: Event 193868527, Lines 2
Match: Event 193869593, Lines 2
Match: Event 193873566, Lines 3
Match: Event 193874896, Lines 2
Match: Event 193875737, Lines 3
Match: Event 193875916, Lines 2
Match: Event 193876758, Lines 2
Match: Event 193877207, Lines 2
Match: Event 193877295, Lines 2
Match: Event 193877846, Lines 2
[88%] 	 28,307/32,167 	 11:10:28
Match: Event 193878528, Lines 2
Match: Event 193879178, Lines 2
Match: Event 193879834, Lines 2
Match: Event 193880327, Lines 2
Match: Event 193881112, Lines 2
Match: Event 193882761, Lines 2
Match: Event 193884483, Lines 2
Match: Event 193886379, Lines 2
Match: Event 193886587, Lines 2
Match: Event 193886761, Lines 2
Match: Event 193887002, Lines 2
Match: Event 193887092, Lines 2
Match: Event 193887264, Lines 2
[89%] 	 28,629/32,167 	 11:18:20
Match: Event 193889156, Lines 2
Match: Event 193889522, Lines 2
Match: Event 193889540, Lines 2
Match: Event 193889614, Lines 2
Match: Event 193889901, Lines 2
Match: Event 193890546, Lines 2
Match: Event 193891803, Lines 2
Match: Event 193892586, Lines 2
Match: Event 193893241, Lines 2
Match: Event 193893270, Lines 2
Match: Event 193893898, Lines 2
Match: Event 193894876, Lines 2
Match: Event 193895304, Lines 2
Match: Event 193895402, Lines 2
Match: Event 193895522, Lines 2
Match: Event 193896119, Lines 2
Match: Event 193896737, Lines 2
Match: Event 193897045, Lines 2
[90%] 	 28,951/32,167 	 11:26:09
Match: Event 193901173, Lines 2
Match: Event 193901644, Lines 2
Match: Event 193902444, Lines 2
Match: Event 193903371, Lines 2
Match: Event 193903869, Lines 2
Match: Event 193906816, Lines 2
Match: Event 193907806, Lines 2
Match: Event 193908005, Lines 2
[91%] 	 29,272/32,167 	 11:34:17
Match: Event 193911215, Lines 2
Match: Event 193911769, Lines 2
Match: Event 193912514, Lines 2
Match: Event 193913075, Lines 2
Match: Event 193914250, Lines 2
Match: Event 193916184, Lines 2
Match: Event 193916487, Lines 2
Match: Event 193916551, Lines 2
Match: Event 193916610, Lines 2
Match: Event 193917179, Lines 2
Match: Event 193917867, Lines 2
Match: Event 193918807, Lines 2
[92%] 	 29,594/32,167 	 11:42:05
Match: Event 193919327, Lines 2
Match: Event 193920330, Lines 2
Match: Event 193921390, Lines 2
Match: Event 193923156, Lines 2
Match: Event 193923172, Lines 2
Match: Event 193924106, Lines 2
Match: Event 193924130, Lines 2
Match: Event 193926361, Lines 2
Match: Event 193926467, Lines 2
Match: Event 193928423, Lines 3
Match: Event 193929626, Lines 2
[93%] 	 29,916/32,167 	 11:49:43
Match: Event 193931235, Lines 2
Match: Event 193932111, Lines 2
Match: Event 193932843, Lines 2
Match: Event 193933232, Lines 2
Match: Event 193933529, Lines 2
Match: Event 193934356, Lines 2
Match: Event 193934838, Lines 2
Match: Event 193936831, Lines 2
Match: Event 193936982, Lines 2
[94%] 	 30,237/32,167 	 11:57:04
Match: Event 193939002, Lines 2
Match: Event 193939147, Lines 3
Match: Event 193939164, Lines 2
Match: Event 193939865, Lines 2
Match: Event 193940093, Lines 2
Match: Event 193941849, Lines 2
Match: Event 193942150, Lines 2
Match: Event 193943223, Lines 2
Match: Event 193943572, Lines 2
Match: Event 193943851, Lines 2
Match: Event 193944124, Lines 2
Match: Event 193945061, Lines 2
Match: Event 193945245, Lines 2
Match: Event 193945568, Lines 2
Match: Event 193946194, Lines 3
Match: Event 193946379, Lines 2
Match: Event 193948039, Lines 2
Match: Event 193948444, Lines 2
Match: Event 193948992, Lines 2
[95%] 	 30,559/32,167 	 12:04:30
Match: Event 193949657, Lines 3
Match: Event 193950008, Lines 2
Match: Event 193951551, Lines 2
Match: Event 193954545, Lines 2
Match: Event 193955747, Lines 2
Match: Event 193956193, Lines 2
Match: Event 193956447, Lines 2
Match: Event 193957016, Lines 2
Match: Event 193958490, Lines 2
Match: Event 193958757, Lines 2
Match: Event 193959573, Lines 2
[96%] 	 30,881/32,167 	 12:11:45
Match: Event 193960414, Lines 2
Match: Event 193960734, Lines 2
Match: Event 193961525, Lines 2
Match: Event 193963465, Lines 2
Match: Event 193963485, Lines 2
Match: Event 193964715, Lines 2
Match: Event 193967327, Lines 2
Match: Event 193967389, Lines 2
Match: Event 193968079, Lines 2
Match: Event 193968095, Lines 2
Match: Event 193968970, Lines 2
Match: Event 193969196, Lines 2
Match: Event 193969614, Lines 3
[97%] 	 31,202/32,167 	 12:19:15
Match: Event 193969940, Lines 2
Match: Event 193972295, Lines 2
Match: Event 193973753, Lines 2
Match: Event 193974295, Lines 2
Match: Event 193974876, Lines 2
Match: Event 193976422, Lines 2
Match: Event 193976594, Lines 2
Match: Event 193976619, Lines 2
Match: Event 193976825, Lines 2
Match: Event 193977449, Lines 3
Match: Event 193978918, Lines 2
Match: Event 193979087, Lines 2
[98%] 	 31,524/32,167 	 12:26:47
Match: Event 193980443, Lines 2
Match: Event 193981926, Lines 3
Match: Event 193982238, Lines 2
Match: Event 193983631, Lines 2
Match: Event 193983898, Lines 2
Match: Event 193984310, Lines 2
Match: Event 193984638, Lines 2
Match: Event 193984827, Lines 2
Match: Event 193984906, Lines 2
Match: Event 193984931, Lines 2
Match: Event 193985459, Lines 2
Match: Event 193986035, Lines 2
Match: Event 193986513, Lines 2
Match: Event 193988033, Lines 2
Match: Event 193988351, Lines 2
Match: Event 193988530, Lines 2
[99%] 	 31,846/32,167 	 12:33:57
Match: Event 193990234, Lines 2
Match: Event 193990776, Lines 2
Match: Event 193991693, Lines 2
Match: Event 193991847, Lines 2
Match: Event 193992213, Lines 2
Match: Event 193992372, Lines 2
Match: Event 193993644, Lines 2
Match: Event 193994641, Lines 2
Match: Event 193999299, Lines 2
Match: Event 193999687, Lines 2
Match: Event 193999840, Lines 2
Match: Event 193999932, Lines 2
Finished in 45673.75s.
 ~ 5) DONE !
