search libraries in slc9_x86-64
 ~ 1) Base stack loaded.
 ~ Sleeping for 7 seconds to avoid AFS DDOS...
 ~ 2) Loading sndsw environment...
 ~ 3) SNDSW_ROOT is set to: /afs/cern.ch/user/i/idioniso/snd_master/sw-root6.28/rhel9_x86-64/sndsw/master-local1
 ~ 4) Executing tracking script...
[INFO] The input consists out of the following trees and files: 
[INFO]  - rawConv
[INFO]     - root://eoshome-i.cern.ch//eos/user/i/idioniso/tridents/initial_cuts/tridents_sndsw_raw-0270.root
[INFO] FairRootFileSink initialized.
[INFO]  - cbmout
[INFO]     - dummy
[INFO] Parameter and input file are available, Assure that basic info is there for the run!
[INFO] ---FairRootManager::SpecifyRunId --- 
[INFO] --- Initialize with RunId  --- 0

************************************************************* 
     initialisation for run id 0
************************************************************* 
-I- FairRunTimeDB::InitContainer() FairBaseParSet
-I- FairRunTimeDB::InitContainer() FairGeoParSet

************************************************************* 
     initialisation for run id 0
************************************************************* 
-I- FairRunTimeDB::InitContainer() FairBaseParSet
-I- FairRunTimeDB::InitContainer() FairGeoParSet
[INFO]  Branch: Reco_MuonTracks not found in Tree.
using geofile: root://eospublic.cern.ch//eos/experiment/sndlhc/convertedData/physics/2023/geofile_sndlhc_TI18_V3_2023.root
[0%] 	 0/31,426 	 00:00:08
Match: Event 270000176, Lines 2
Match: Event 270002677, Lines 2
Match: Event 270003684, Lines 2
Match: Event 270004102, Lines 2
Match: Event 270004137, Lines 2
Match: Event 270004146, Lines 2
Match: Event 270005399, Lines 2
Match: Event 270007496, Lines 2
Match: Event 270008662, Lines 2
Match: Event 270009524, Lines 2
Match: Event 270010031, Lines 2
[1%] 	 315/31,426 	 00:08:22
Match: Event 270010455, Lines 2
Match: Event 270012533, Lines 2
Match: Event 270012732, Lines 2
Match: Event 270013222, Lines 2
Match: Event 270014124, Lines 2
Match: Event 270014239, Lines 2
Match: Event 270015235, Lines 2
Match: Event 270017015, Lines 2
Match: Event 270017797, Lines 2
Match: Event 270018388, Lines 2
Match: Event 270019071, Lines 2
Match: Event 270019648, Lines 2
Match: Event 270019843, Lines 2
[2%] 	 629/31,426 	 00:15:56
Match: Event 270020785, Lines 2
Match: Event 270021067, Lines 2
Match: Event 270021682, Lines 2
Match: Event 270022137, Lines 2
Match: Event 270023158, Lines 2
Match: Event 270023492, Lines 3
Match: Event 270023617, Lines 2
Match: Event 270024606, Lines 3
Match: Event 270027771, Lines 2
Match: Event 270027979, Lines 2
Match: Event 270030015, Lines 2
[3%] 	 943/31,426 	 00:23:35
Match: Event 270032401, Lines 2
Match: Event 270033038, Lines 2
Match: Event 270033340, Lines 2
Match: Event 270033938, Lines 2
Match: Event 270034356, Lines 2
Match: Event 270035050, Lines 2
Match: Event 270035766, Lines 2
Match: Event 270035954, Lines 2
Match: Event 270036093, Lines 2
Match: Event 270036160, Lines 2
Match: Event 270036697, Lines 2
Match: Event 270037019, Lines 2
Match: Event 270037048, Lines 2
Match: Event 270037300, Lines 2
Match: Event 270038667, Lines 2
Match: Event 270039286, Lines 2
Match: Event 270040485, Lines 2
Match: Event 270040950, Lines 2
[4%] 	 1,258/31,426 	 00:31:17
Match: Event 270041696, Lines 2
Match: Event 270042632, Lines 2
Match: Event 270042769, Lines 2
Match: Event 270044217, Lines 2
Match: Event 270045841, Lines 2
Match: Event 270046164, Lines 2
Match: Event 270046214, Lines 2
Match: Event 270048725, Lines 2
Match: Event 270048766, Lines 2
Match: Event 270049754, Lines 2
Match: Event 270050243, Lines 3
[5%] 	 1,572/31,426 	 00:38:57
Match: Event 270054532, Lines 2
Match: Event 270055330, Lines 2
Match: Event 270055334, Lines 2
Match: Event 270057445, Lines 2
Match: Event 270057480, Lines 2
Match: Event 270057782, Lines 2
Match: Event 270057903, Lines 2
Match: Event 270058274, Lines 2
Match: Event 270058976, Lines 2
Match: Event 270059250, Lines 2
Match: Event 270059433, Lines 2
Match: Event 270059876, Lines 2
Match: Event 270060418, Lines 2
[6%] 	 1,886/31,426 	 00:46:51
Match: Event 270061377, Lines 2
Match: Event 270061387, Lines 2
Match: Event 270061457, Lines 2
Match: Event 270062799, Lines 2
Match: Event 270062993, Lines 2
Match: Event 270063683, Lines 2
Match: Event 270064939, Lines 2
Match: Event 270065195, Lines 2
Match: Event 270066075, Lines 2
Match: Event 270066719, Lines 2
Match: Event 270066815, Lines 2
Match: Event 270066869, Lines 2
Match: Event 270067417, Lines 2
Match: Event 270069930, Lines 2
[7%] 	 2,200/31,426 	 00:54:21
Match: Event 270072101, Lines 2
Match: Event 270072677, Lines 2
Match: Event 270073076, Lines 2
Match: Event 270074300, Lines 2
Match: Event 270075433, Lines 2
Match: Event 270075452, Lines 2
Match: Event 270076497, Lines 2
Match: Event 270078111, Lines 2
Match: Event 270078513, Lines 2
Match: Event 270079101, Lines 2
Match: Event 270079809, Lines 2
Match: Event 270081100, Lines 2
Match: Event 270081270, Lines 2
Match: Event 270081455, Lines 2
Match: Event 270081717, Lines 2
[8%] 	 2,515/31,426 	 01:01:52
Match: Event 270083110, Lines 2
Match: Event 270084188, Lines 2
Match: Event 270084792, Lines 2
Match: Event 270084852, Lines 2
Match: Event 270085804, Lines 2
Match: Event 270087035, Lines 2
Match: Event 270087405, Lines 3
Match: Event 270087676, Lines 2
Match: Event 270088731, Lines 3
Match: Event 270089359, Lines 2
Match: Event 270090520, Lines 2
Match: Event 270091095, Lines 2
[9%] 	 2,829/31,426 	 01:10:35
Match: Event 270092049, Lines 2
Match: Event 270092161, Lines 2
Match: Event 270093189, Lines 2
Match: Event 270093236, Lines 2
Match: Event 270093343, Lines 2
Match: Event 270093557, Lines 2
Match: Event 270093753, Lines 2
Match: Event 270093949, Lines 3
Match: Event 270094403, Lines 2
Match: Event 270094988, Lines 2
Match: Event 270096783, Lines 2
Match: Event 270097256, Lines 2
Match: Event 270097384, Lines 2
Match: Event 270097619, Lines 2
Match: Event 270097716, Lines 2
Match: Event 270097781, Lines 2
Match: Event 270097802, Lines 3
Match: Event 270098056, Lines 2
Match: Event 270098325, Lines 2
Match: Event 270098462, Lines 2
Match: Event 270099122, Lines 2
Match: Event 270099389, Lines 2
Match: Event 270099821, Lines 2
Match: Event 270101574, Lines 2
[10%] 	 3,143/31,426 	 01:19:11
Match: Event 270102368, Lines 2
Match: Event 270102979, Lines 2
Match: Event 270103643, Lines 2
Match: Event 270104923, Lines 2
Match: Event 270105149, Lines 2
Match: Event 270105807, Lines 2
Match: Event 270105850, Lines 2
Match: Event 270106089, Lines 2
Match: Event 270106398, Lines 2
Match: Event 270106783, Lines 2
Match: Event 270107636, Lines 3
Match: Event 270108120, Lines 2
Match: Event 270108367, Lines 2
Match: Event 270108519, Lines 2
Match: Event 270110308, Lines 2
Match: Event 270110856, Lines 2
Match: Event 270110861, Lines 2
[11%] 	 3,457/31,426 	 01:27:06
Match: Event 270111693, Lines 2
Match: Event 270112370, Lines 2
Match: Event 270113124, Lines 2
Match: Event 270113571, Lines 2
Match: Event 270113645, Lines 2
Match: Event 270113746, Lines 2
Match: Event 270114528, Lines 2
Match: Event 270115762, Lines 2
Match: Event 270115856, Lines 2
Match: Event 270118747, Lines 2
Match: Event 270120037, Lines 2
Match: Event 270122332, Lines 2
[12%] 	 3,772/31,426 	 01:34:54
Match: Event 270124118, Lines 2
Match: Event 270126661, Lines 2
Match: Event 270126976, Lines 2
Match: Event 270127206, Lines 2
Match: Event 270127219, Lines 2
Match: Event 270127434, Lines 2
Match: Event 270128446, Lines 2
Match: Event 270130183, Lines 2
Match: Event 270131864, Lines 2
Match: Event 270132128, Lines 2
Match: Event 270132284, Lines 2
[13%] 	 4,086/31,426 	 01:44:00
Match: Event 270132720, Lines 2
Match: Event 270132723, Lines 2
Match: Event 270132913, Lines 2
Match: Event 270133864, Lines 2
Match: Event 270134099, Lines 2
Match: Event 270134846, Lines 3
Match: Event 270135087, Lines 2
Match: Event 270135183, Lines 2
Match: Event 270135484, Lines 2
Match: Event 270135826, Lines 2
Match: Event 270136589, Lines 2
Match: Event 270136665, Lines 2
Match: Event 270136761, Lines 2
Match: Event 270137162, Lines 2
Match: Event 270137687, Lines 2
Match: Event 270138305, Lines 2
Match: Event 270138431, Lines 2
Match: Event 270139011, Lines 2
Match: Event 270140229, Lines 2
Match: Event 270140426, Lines 2
Match: Event 270140487, Lines 2
[14%] 	 4,400/31,426 	 01:52:40
Match: Event 270143828, Lines 2
Match: Event 270144028, Lines 2
Match: Event 270145178, Lines 2
Match: Event 270146401, Lines 2
Match: Event 270146779, Lines 2
Match: Event 270147218, Lines 2
Match: Event 270148280, Lines 2
Match: Event 270149319, Lines 2
Match: Event 270149640, Lines 2
Match: Event 270150472, Lines 2
Match: Event 270150775, Lines 2
Match: Event 270151419, Lines 2
Match: Event 270151731, Lines 2
[15%] 	 4,714/31,426 	 02:00:52
Match: Event 270154371, Lines 2
Match: Event 270155591, Lines 2
Match: Event 270156697, Lines 2
Match: Event 270157179, Lines 2
Match: Event 270157337, Lines 2
Match: Event 270157678, Lines 2
Match: Event 270157918, Lines 2
Match: Event 270158111, Lines 2
Match: Event 270158538, Lines 2
Match: Event 270158699, Lines 2
Match: Event 270160416, Lines 2
[16%] 	 5,029/31,426 	 02:09:09
Match: Event 270161159, Lines 2
Match: Event 270161468, Lines 2
Match: Event 270162065, Lines 2
Match: Event 270162467, Lines 2
Match: Event 270162674, Lines 2
Match: Event 270163687, Lines 2
Match: Event 270164813, Lines 2
Match: Event 270165056, Lines 2
Match: Event 270165525, Lines 2
Match: Event 270165527, Lines 2
Match: Event 270165709, Lines 2
Match: Event 270166286, Lines 3
Match: Event 270166718, Lines 2
Match: Event 270167204, Lines 2
Match: Event 270167657, Lines 2
Match: Event 270168219, Lines 2
Match: Event 270169386, Lines 2
[17%] 	 5,343/31,426 	 02:17:47
Match: Event 270170292, Lines 2
Match: Event 270170367, Lines 2
Match: Event 270170495, Lines 2
Match: Event 270170927, Lines 2
Match: Event 270171684, Lines 2
Match: Event 270172392, Lines 2
Match: Event 270172892, Lines 2
Match: Event 270173906, Lines 2
Match: Event 270174718, Lines 2
Match: Event 270175670, Lines 2
Match: Event 270175957, Lines 2
Match: Event 270176121, Lines 2
Match: Event 270179098, Lines 2
[18%] 	 5,657/31,426 	 02:26:25
Match: Event 270179804, Lines 2
Match: Event 270179979, Lines 2
Match: Event 270180149, Lines 2
Match: Event 270180233, Lines 2
Match: Event 270180276, Lines 2
Match: Event 270181413, Lines 2
Match: Event 270181523, Lines 2
Match: Event 270181536, Lines 2
Match: Event 270181739, Lines 2
Match: Event 270182332, Lines 2
Match: Event 270185093, Lines 2
Match: Event 270185186, Lines 2
Match: Event 270186397, Lines 2
Match: Event 270187737, Lines 2
Match: Event 270189803, Lines 2
Match: Event 270190046, Lines 2
Match: Event 270190087, Lines 2
[19%] 	 5,971/31,426 	 02:34:35
Match: Event 270190519, Lines 2
Match: Event 270191161, Lines 3
Match: Event 270191829, Lines 2
Match: Event 270192378, Lines 2
Match: Event 270192510, Lines 2
Match: Event 270192688, Lines 2
Match: Event 270194322, Lines 2
Match: Event 270194374, Lines 2
Match: Event 270194461, Lines 2
Match: Event 270194974, Lines 2
Match: Event 270195218, Lines 2
Match: Event 270195278, Lines 2
Match: Event 270197541, Lines 2
Match: Event 270197777, Lines 2
Match: Event 270197873, Lines 2
Match: Event 270197911, Lines 2
Match: Event 270198566, Lines 2
Match: Event 270198652, Lines 2
[20%] 	 6,286/31,426 	 02:42:20
Match: Event 270200085, Lines 2
Match: Event 270200860, Lines 2
Match: Event 270201481, Lines 2
Match: Event 270201852, Lines 3
Match: Event 270202237, Lines 2
Match: Event 270202343, Lines 2
Match: Event 270206003, Lines 2
Match: Event 270206512, Lines 2
Match: Event 270207029, Lines 2
Match: Event 270207287, Lines 2
Match: Event 270207561, Lines 2
Match: Event 270207595, Lines 2
Match: Event 270208804, Lines 2
Match: Event 270209183, Lines 2
Match: Event 270209529, Lines 2
[21%] 	 6,600/31,426 	 02:50:06
Match: Event 270210719, Lines 2
Match: Event 270211298, Lines 2
Match: Event 270211572, Lines 2
Match: Event 270211965, Lines 2
Match: Event 270214242, Lines 2
Match: Event 270214493, Lines 2
Match: Event 270215148, Lines 2
Match: Event 270215746, Lines 2
Match: Event 270216205, Lines 2
Match: Event 270216831, Lines 2
Match: Event 270218248, Lines 2
Match: Event 270218472, Lines 2
Match: Event 270218995, Lines 2
Match: Event 270219030, Lines 2
[22%] 	 6,914/31,426 	 02:58:20
Match: Event 270219761, Lines 2
Match: Event 270220716, Lines 2
Match: Event 270221479, Lines 2
Match: Event 270222934, Lines 2
Match: Event 270223506, Lines 2
Match: Event 270223523, Lines 2
Match: Event 270223844, Lines 2
Match: Event 270224106, Lines 2
Match: Event 270224946, Lines 2
Match: Event 270226085, Lines 2
Match: Event 270226250, Lines 2
Match: Event 270226297, Lines 2
Match: Event 270226587, Lines 2
Match: Event 270226852, Lines 2
Match: Event 270227970, Lines 2
Match: Event 270228693, Lines 2
Match: Event 270228711, Lines 2
[23%] 	 7,228/31,426 	 03:06:05
Match: Event 270230311, Lines 2
Match: Event 270230338, Lines 2
Match: Event 270230391, Lines 2
Match: Event 270230963, Lines 2
Match: Event 270231193, Lines 2
Match: Event 270231214, Lines 2
Match: Event 270231246, Lines 2
Match: Event 270231747, Lines 2
Match: Event 270233593, Lines 2
Match: Event 270234022, Lines 2
Match: Event 270234175, Lines 2
Match: Event 270234226, Lines 2
Match: Event 270235464, Lines 2
Match: Event 270235711, Lines 2
[24%] 	 7,543/31,426 	 03:13:43
Match: Event 270239480, Lines 2
Match: Event 270239921, Lines 2
Match: Event 270240072, Lines 2
Match: Event 270241425, Lines 2
Match: Event 270241880, Lines 2
Match: Event 270242934, Lines 2
Match: Event 270243259, Lines 2
Match: Event 270244107, Lines 2
Match: Event 270244710, Lines 2
Match: Event 270244856, Lines 2
Match: Event 270245211, Lines 2
Match: Event 270245661, Lines 2
Match: Event 270245743, Lines 2
Match: Event 270246123, Lines 2
Match: Event 270246627, Lines 2
Match: Event 270247160, Lines 2
Match: Event 270247329, Lines 3
Match: Event 270248189, Lines 2
[25%] 	 7,857/31,426 	 03:21:15
Match: Event 270249589, Lines 2
Match: Event 270249641, Lines 2
Match: Event 270250079, Lines 2
Match: Event 270250961, Lines 2
Match: Event 270250987, Lines 2
Match: Event 270251914, Lines 2
Match: Event 270252614, Lines 2
Match: Event 270252710, Lines 2
Match: Event 270253214, Lines 2
Match: Event 270253960, Lines 2
Match: Event 270254059, Lines 2
Match: Event 270254920, Lines 2
Match: Event 270255379, Lines 2
Match: Event 270255445, Lines 2
Match: Event 270255681, Lines 3
Match: Event 270256442, Lines 2
Match: Event 270256923, Lines 2
Match: Event 270256972, Lines 2
Match: Event 270257028, Lines 2
Match: Event 270257798, Lines 2
Match: Event 270258263, Lines 2
Match: Event 270258312, Lines 2
[26%] 	 8,171/31,426 	 03:29:25
Match: Event 270258482, Lines 2
Match: Event 270259184, Lines 2
Match: Event 270260624, Lines 2
Match: Event 270261050, Lines 2
Match: Event 270261511, Lines 2
Match: Event 270264348, Lines 3
Match: Event 270264593, Lines 2
Match: Event 270264660, Lines 2
Match: Event 270264948, Lines 2
Match: Event 270265224, Lines 2
Match: Event 270265746, Lines 2
Match: Event 270266590, Lines 2
Match: Event 270267022, Lines 2
Match: Event 270267076, Lines 2
Match: Event 270267658, Lines 2
Match: Event 270267756, Lines 2
[27%] 	 8,486/31,426 	 03:37:16
Match: Event 270268270, Lines 2
Match: Event 270268501, Lines 2
Match: Event 270268590, Lines 2
Match: Event 270269121, Lines 2
Match: Event 270269557, Lines 2
Match: Event 270269724, Lines 2
Match: Event 270271158, Lines 2
Match: Event 270271506, Lines 2
Match: Event 270271656, Lines 2
Match: Event 270273775, Lines 2
Match: Event 270275015, Lines 2
Match: Event 270276018, Lines 2
Match: Event 270277344, Lines 2
[28%] 	 8,800/31,426 	 03:45:05
Match: Event 270279797, Lines 2
Match: Event 270279979, Lines 3
Match: Event 270280251, Lines 2
Match: Event 270280402, Lines 2
Match: Event 270280659, Lines 2
Match: Event 270280759, Lines 2
Match: Event 270280993, Lines 2
Match: Event 270283060, Lines 2
Match: Event 270284345, Lines 2
Match: Event 270285132, Lines 2
Match: Event 270286053, Lines 2
Match: Event 270286485, Lines 2
Match: Event 270286600, Lines 2
Match: Event 270287019, Lines 2
Match: Event 270287188, Lines 2
Match: Event 270287856, Lines 2
Match: Event 270287950, Lines 2
Match: Event 270288104, Lines 2
[29%] 	 9,114/31,426 	 03:53:02
Match: Event 270288756, Lines 2
Match: Event 270290330, Lines 2
Match: Event 270290811, Lines 2
Match: Event 270291705, Lines 2
Match: Event 270294243, Lines 2
Match: Event 270295722, Lines 2
Match: Event 270295962, Lines 2
Match: Event 270296164, Lines 2
Match: Event 270296449, Lines 2
Match: Event 270297211, Lines 3
Match: Event 270297318, Lines 2
Match: Event 270297347, Lines 2
Match: Event 270299286, Lines 3
Match: Event 270299292, Lines 2
[30%] 	 9,428/31,426 	 04:01:04
Match: Event 270299843, Lines 2
Match: Event 270300153, Lines 2
Match: Event 270300481, Lines 2
Match: Event 270302093, Lines 2
Match: Event 270302975, Lines 2
Match: Event 270303207, Lines 2
Match: Event 270304326, Lines 2
Match: Event 270304902, Lines 2
Match: Event 270305331, Lines 2
Match: Event 270305539, Lines 2
Match: Event 270307460, Lines 3
Match: Event 270308379, Lines 2
Match: Event 270308441, Lines 2
[31%] 	 9,743/31,426 	 04:09:07
Match: Event 270309989, Lines 2
Match: Event 270310160, Lines 2
Match: Event 270311437, Lines 2
Match: Event 270313001, Lines 2
Match: Event 270313214, Lines 2
Match: Event 270314698, Lines 3
Match: Event 270315621, Lines 2
Match: Event 270315664, Lines 2
Match: Event 270316529, Lines 2
Match: Event 270317787, Lines 2
[32%] 	 10,057/31,426 	 04:17:01
Match: Event 270322350, Lines 2
Match: Event 270322955, Lines 2
Match: Event 270325453, Lines 2
Match: Event 270325837, Lines 2
Match: Event 270326386, Lines 2
Match: Event 270327071, Lines 2
Match: Event 270327621, Lines 2
Match: Event 270328055, Lines 2
Match: Event 270328962, Lines 2
Match: Event 270329023, Lines 2
Match: Event 270329197, Lines 2
[33%] 	 10,371/31,426 	 04:25:26
Match: Event 270330800, Lines 2
Match: Event 270332442, Lines 2
Match: Event 270332905, Lines 2
Match: Event 270332906, Lines 2
Match: Event 270333330, Lines 3
Match: Event 270334477, Lines 3
Match: Event 270335087, Lines 2
Match: Event 270335149, Lines 2
Match: Event 270335253, Lines 2
Match: Event 270335462, Lines 2
Match: Event 270335480, Lines 2
Match: Event 270335829, Lines 2
Match: Event 270337581, Lines 2
Match: Event 270337768, Lines 2
Match: Event 270338630, Lines 2
Match: Event 270339155, Lines 2
Match: Event 270339549, Lines 2
Match: Event 270340182, Lines 2
[34%] 	 10,685/31,426 	 04:34:43
Match: Event 270343277, Lines 2
Match: Event 270343561, Lines 2
Match: Event 270343647, Lines 2
Match: Event 270344310, Lines 2
Match: Event 270344597, Lines 2
Match: Event 270345030, Lines 2
Match: Event 270345985, Lines 2
Match: Event 270347158, Lines 2
Match: Event 270347308, Lines 2
Match: Event 270347787, Lines 2
Match: Event 270348774, Lines 2
[35%] 	 11,000/31,426 	 04:43:23
Match: Event 270350209, Lines 2
Match: Event 270350647, Lines 3
Match: Event 270351343, Lines 2
Match: Event 270351627, Lines 2
Match: Event 270352171, Lines 2
Match: Event 270354211, Lines 2
Match: Event 270354311, Lines 2
Match: Event 270354843, Lines 2
Match: Event 270355004, Lines 2
[36%] 	 11,314/31,426 	 04:51:50
Match: Event 270361649, Lines 3
Match: Event 270362413, Lines 2
Match: Event 270362414, Lines 2
Match: Event 270363129, Lines 2
Match: Event 270363196, Lines 2
Match: Event 270363818, Lines 3
Match: Event 270363916, Lines 2
Match: Event 270365187, Lines 3
Match: Event 270365758, Lines 2
Match: Event 270366080, Lines 3
Match: Event 270366170, Lines 3
Match: Event 270366310, Lines 2
Match: Event 270366907, Lines 2
Match: Event 270367029, Lines 2
Match: Event 270367121, Lines 2
Match: Event 270367209, Lines 2
Match: Event 270369026, Lines 2
Match: Event 270369323, Lines 2
Match: Event 270370452, Lines 2
[37%] 	 11,628/31,426 	 05:00:57
Match: Event 270370483, Lines 2
Match: Event 270371442, Lines 2
Match: Event 270371911, Lines 2
Match: Event 270372694, Lines 2
Match: Event 270373237, Lines 2
Match: Event 270373567, Lines 2
Match: Event 270374136, Lines 2
Match: Event 270374420, Lines 2
Match: Event 270374974, Lines 2
Match: Event 270376422, Lines 2
Match: Event 270376557, Lines 2
Match: Event 270376569, Lines 2
Match: Event 270377412, Lines 2
Match: Event 270378067, Lines 2
Match: Event 270378872, Lines 2
Match: Event 270379019, Lines 2
Match: Event 270380091, Lines 3
Match: Event 270380103, Lines 2
[38%] 	 11,942/31,426 	 05:08:50
Match: Event 270381127, Lines 2
Match: Event 270381245, Lines 2
Match: Event 270382469, Lines 2
Match: Event 270385176, Lines 2
Match: Event 270385964, Lines 2
Match: Event 270386326, Lines 2
Match: Event 270387859, Lines 2
Match: Event 270388338, Lines 2
Match: Event 270388937, Lines 2
Match: Event 270389693, Lines 2
[39%] 	 12,257/31,426 	 05:16:46
Match: Event 270390457, Lines 2
Match: Event 270390612, Lines 2
Match: Event 270390871, Lines 2
Match: Event 270392845, Lines 2
Match: Event 270393497, Lines 3
Match: Event 270393870, Lines 2
Match: Event 270394645, Lines 2
Match: Event 270394784, Lines 2
Match: Event 270395798, Lines 2
Match: Event 270397439, Lines 2
Match: Event 270397655, Lines 2
Match: Event 270397795, Lines 2
[40%] 	 12,571/31,426 	 05:24:25
Match: Event 270402327, Lines 2
Match: Event 270404287, Lines 2
Match: Event 270404376, Lines 2
Match: Event 270404429, Lines 2
Match: Event 270405810, Lines 2
Match: Event 270407851, Lines 2
Match: Event 270408210, Lines 2
Match: Event 270408632, Lines 2
[41%] 	 12,885/31,426 	 05:32:03
Match: Event 270409220, Lines 2
Match: Event 270411016, Lines 2
Match: Event 270411943, Lines 2
Match: Event 270412090, Lines 2
Match: Event 270412394, Lines 2
Match: Event 270413058, Lines 2
Match: Event 270413270, Lines 2
Match: Event 270413552, Lines 2
Match: Event 270413979, Lines 2
Match: Event 270414368, Lines 2
Match: Event 270414677, Lines 2
Match: Event 270415492, Lines 2
Match: Event 270416449, Lines 2
Match: Event 270416966, Lines 2
Match: Event 270417116, Lines 2
[42%] 	 13,199/31,426 	 05:40:01
Match: Event 270420687, Lines 2
Match: Event 270420805, Lines 2
Match: Event 270421035, Lines 2
Match: Event 270421910, Lines 2
Match: Event 270422232, Lines 2
Match: Event 270422309, Lines 2
Match: Event 270424046, Lines 2
Match: Event 270424706, Lines 2
Match: Event 270426650, Lines 2
Match: Event 270426745, Lines 2
Match: Event 270426860, Lines 2
Match: Event 270427802, Lines 2
Match: Event 270428230, Lines 2
Match: Event 270428721, Lines 2
Match: Event 270428823, Lines 3
[43%] 	 13,514/31,426 	 05:47:58
Match: Event 270429199, Lines 2
Match: Event 270431306, Lines 2
Match: Event 270433578, Lines 3
Match: Event 270433747, Lines 2
Match: Event 270434700, Lines 2
Match: Event 270435347, Lines 2
Match: Event 270436027, Lines 2
Match: Event 270436069, Lines 2
Match: Event 270436074, Lines 3
Match: Event 270436172, Lines 2
Match: Event 270437545, Lines 2
[44%] 	 13,828/31,426 	 05:55:27
Match: Event 270439490, Lines 2
Match: Event 270439970, Lines 2
Match: Event 270440827, Lines 2
Match: Event 270441623, Lines 2
Match: Event 270441687, Lines 2
Match: Event 270442138, Lines 2
Match: Event 270442630, Lines 2
Match: Event 270442794, Lines 3
Match: Event 270443101, Lines 2
Match: Event 270443106, Lines 2
Match: Event 270443208, Lines 2
Match: Event 270444329, Lines 2
Match: Event 270444407, Lines 2
Match: Event 270445286, Lines 2
Match: Event 270445718, Lines 2
Match: Event 270445780, Lines 2
Match: Event 270447562, Lines 2
Match: Event 270447835, Lines 2
Match: Event 270447943, Lines 2
[45%] 	 14,142/31,426 	 06:03:05
Match: Event 270448543, Lines 2
Match: Event 270448555, Lines 2
Match: Event 270449238, Lines 2
Match: Event 270449773, Lines 2
Match: Event 270450696, Lines 2
Match: Event 270451966, Lines 3
Match: Event 270452273, Lines 2
Match: Event 270453187, Lines 2
Match: Event 270453822, Lines 2
Match: Event 270455261, Lines 2
Match: Event 270456207, Lines 2
Match: Event 270457628, Lines 2
[46%] 	 14,456/31,426 	 06:10:51
Match: Event 270461651, Lines 2
Match: Event 270462794, Lines 2
Match: Event 270462912, Lines 2
Match: Event 270463253, Lines 2
Match: Event 270463771, Lines 2
Match: Event 270464242, Lines 2
Match: Event 270466007, Lines 2
Match: Event 270466416, Lines 2
[47%] 	 14,771/31,426 	 06:18:35
Match: Event 270469095, Lines 2
Match: Event 270469274, Lines 2
Match: Event 270470388, Lines 2
Match: Event 270470956, Lines 2
Match: Event 270472028, Lines 2
Match: Event 270474149, Lines 2
Match: Event 270475005, Lines 2
Match: Event 270476760, Lines 2
Match: Event 270477111, Lines 2
Match: Event 270477498, Lines 2
[48%] 	 15,085/31,426 	 06:26:14
Match: Event 270478011, Lines 2
Match: Event 270478885, Lines 2
Match: Event 270480433, Lines 2
Match: Event 270480460, Lines 2
Match: Event 270481175, Lines 2
Match: Event 270481954, Lines 2
Match: Event 270482171, Lines 2
Match: Event 270482908, Lines 2
Match: Event 270482933, Lines 3
Match: Event 270483725, Lines 2
Match: Event 270485205, Lines 2
Match: Event 270485427, Lines 2
Match: Event 270485504, Lines 2
Match: Event 270486515, Lines 2
Match: Event 270486938, Lines 2
[49%] 	 15,399/31,426 	 06:33:51
Match: Event 270491655, Lines 2
Match: Event 270493602, Lines 2
Match: Event 270494186, Lines 2
Match: Event 270494219, Lines 2
Match: Event 270494385, Lines 2
Match: Event 270494444, Lines 2
Match: Event 270495317, Lines 2
Match: Event 270496338, Lines 2
Match: Event 270496696, Lines 2
[50%] 	 15,713/31,426 	 06:41:33
Match: Event 270499194, Lines 2
Match: Event 270499358, Lines 2
Match: Event 270500330, Lines 2
Match: Event 270500649, Lines 2
Match: Event 270501195, Lines 2
Match: Event 270501358, Lines 2
Match: Event 270502117, Lines 2
Match: Event 270502168, Lines 2
Match: Event 270503230, Lines 2
Match: Event 270503294, Lines 2
Match: Event 270503618, Lines 2
Match: Event 270504206, Lines 2
Match: Event 270504657, Lines 2
[51%] 	 16,028/31,426 	 06:49:36
Match: Event 270506998, Lines 2
Match: Event 270507260, Lines 2
Match: Event 270507726, Lines 2
Match: Event 270509374, Lines 2
Match: Event 270510204, Lines 2
Match: Event 270510664, Lines 3
Match: Event 270511079, Lines 2
Match: Event 270511408, Lines 2
Match: Event 270511605, Lines 2
Match: Event 270512231, Lines 2
Match: Event 270513587, Lines 2
Match: Event 270513624, Lines 2
Match: Event 270513745, Lines 2
Match: Event 270514115, Lines 2
Match: Event 270514666, Lines 2
Match: Event 270515088, Lines 2
Match: Event 270515386, Lines 2
Match: Event 270516019, Lines 2
[52%] 	 16,342/31,426 	 06:57:10
Match: Event 270516151, Lines 2
Match: Event 270517123, Lines 2
Match: Event 270517186, Lines 2
Match: Event 270517315, Lines 2
Match: Event 270517927, Lines 2
Match: Event 270518816, Lines 2
Match: Event 270518914, Lines 2
Match: Event 270519036, Lines 2
Match: Event 270519637, Lines 2
Match: Event 270520277, Lines 2
Match: Event 270520519, Lines 2
Match: Event 270520796, Lines 2
Match: Event 270521502, Lines 2
Match: Event 270523327, Lines 2
Match: Event 270523504, Lines 2
Match: Event 270523991, Lines 2
Match: Event 270524444, Lines 2
Match: Event 270525211, Lines 3
Match: Event 270525823, Lines 2
[53%] 	 16,656/31,426 	 07:04:50
Match: Event 270526698, Lines 2
Match: Event 270526754, Lines 2
Match: Event 270526792, Lines 2
Match: Event 270527209, Lines 2
Match: Event 270527774, Lines 2
Match: Event 270527874, Lines 2
Match: Event 270527957, Lines 2
Match: Event 270528204, Lines 2
Match: Event 270528429, Lines 3
Match: Event 270528497, Lines 2
Match: Event 270529571, Lines 2
Match: Event 270531222, Lines 2
Match: Event 270531239, Lines 2
Match: Event 270533966, Lines 2
Match: Event 270534120, Lines 2
Match: Event 270535061, Lines 2
Match: Event 270535444, Lines 2
Match: Event 270535445, Lines 2
Match: Event 270535669, Lines 2
Match: Event 270535790, Lines 2
[54%] 	 16,971/31,426 	 07:12:56
Match: Event 270536187, Lines 2
Match: Event 270538222, Lines 3
Match: Event 270538302, Lines 2
Match: Event 270538372, Lines 2
Match: Event 270538400, Lines 2
Match: Event 270538539, Lines 2
Match: Event 270539746, Lines 2
Match: Event 270541930, Lines 2
Match: Event 270542257, Lines 2
Match: Event 270543394, Lines 2
Match: Event 270543758, Lines 2
Match: Event 270547369, Lines 2
[55%] 	 17,285/31,426 	 07:20:25
Match: Event 270547501, Lines 2
Match: Event 270547767, Lines 2
Match: Event 270547988, Lines 2
Match: Event 270548787, Lines 2
Match: Event 270549099, Lines 2
Match: Event 270549336, Lines 2
Match: Event 270549429, Lines 2
Match: Event 270550658, Lines 2
Match: Event 270551187, Lines 2
Match: Event 270551746, Lines 2
Match: Event 270552727, Lines 2
Match: Event 270553171, Lines 2
Match: Event 270553247, Lines 2
Match: Event 270553291, Lines 2
Match: Event 270553886, Lines 3
Match: Event 270555315, Lines 2
Match: Event 270556086, Lines 3
Match: Event 270556600, Lines 2
Match: Event 270557310, Lines 3
Match: Event 270558099, Lines 2
[56%] 	 17,599/31,426 	 07:28:06
Match: Event 270558279, Lines 2
Match: Event 270558628, Lines 2
Match: Event 270558691, Lines 2
Match: Event 270559278, Lines 2
Match: Event 270561450, Lines 2
Match: Event 270561680, Lines 2
Match: Event 270562616, Lines 2
Match: Event 270563487, Lines 2
Match: Event 270563665, Lines 2
Match: Event 270564583, Lines 2
Match: Event 270564741, Lines 2
Match: Event 270564931, Lines 2
Match: Event 270565197, Lines 2
Match: Event 270565404, Lines 2
Match: Event 270565973, Lines 2
[57%] 	 17,913/31,426 	 07:35:51
Match: Event 270567666, Lines 2
Match: Event 270568123, Lines 2
Match: Event 270569776, Lines 2
Match: Event 270569814, Lines 2
Match: Event 270572102, Lines 2
Match: Event 270572506, Lines 2
Match: Event 270573352, Lines 3
Match: Event 270573535, Lines 2
Match: Event 270573852, Lines 2
Match: Event 270574017, Lines 2
Match: Event 270574248, Lines 2
Match: Event 270574846, Lines 2
Match: Event 270575144, Lines 2
Match: Event 270576113, Lines 2
[58%] 	 18,228/31,426 	 07:43:43
Match: Event 270577982, Lines 2
Match: Event 270578317, Lines 2
Match: Event 270578388, Lines 2
Match: Event 270578896, Lines 2
Match: Event 270579333, Lines 2
Match: Event 270579807, Lines 3
Match: Event 270582267, Lines 2
Match: Event 270586131, Lines 2
Match: Event 270586637, Lines 2
Match: Event 270586720, Lines 2
Match: Event 270587461, Lines 2
Match: Event 270587476, Lines 2
[59%] 	 18,542/31,426 	 07:51:46
Match: Event 270588678, Lines 2
Match: Event 270589622, Lines 2
Match: Event 270590045, Lines 2
Match: Event 270590538, Lines 2
Match: Event 270591009, Lines 2
Match: Event 270591654, Lines 2
Match: Event 270592842, Lines 2
Match: Event 270593051, Lines 2
Match: Event 270594902, Lines 2
Match: Event 270595169, Lines 2
Match: Event 270596056, Lines 2
Match: Event 270596709, Lines 2
Match: Event 270597172, Lines 2
[60%] 	 18,856/31,426 	 07:59:46
Match: Event 270601317, Lines 2
Match: Event 270601374, Lines 2
Match: Event 270601900, Lines 2
Match: Event 270601984, Lines 2
Match: Event 270603878, Lines 2
Match: Event 270604962, Lines 2
Match: Event 270606069, Lines 2
Match: Event 270606158, Lines 2
Match: Event 270606235, Lines 2
Match: Event 270607137, Lines 2
[61%] 	 19,170/31,426 	 08:09:27
Match: Event 270607761, Lines 2
Match: Event 270608342, Lines 2
Match: Event 270608771, Lines 2
Match: Event 270609123, Lines 2
Match: Event 270609332, Lines 2
Match: Event 270609729, Lines 2
Match: Event 270610829, Lines 2
Match: Event 270611527, Lines 2
Match: Event 270611764, Lines 2
Match: Event 270612355, Lines 2
Match: Event 270613190, Lines 2
Match: Event 270613696, Lines 2
Match: Event 270613874, Lines 2
Match: Event 270614308, Lines 2
Match: Event 270614646, Lines 3
Match: Event 270614777, Lines 2
Match: Event 270615103, Lines 2
Match: Event 270615358, Lines 3
Match: Event 270615777, Lines 2
Match: Event 270616316, Lines 2
Match: Event 270616699, Lines 2
[62%] 	 19,485/31,426 	 08:17:02
Match: Event 270617630, Lines 2
Match: Event 270619606, Lines 3
Match: Event 270621692, Lines 2
Match: Event 270623072, Lines 2
Match: Event 270623304, Lines 2
Match: Event 270623534, Lines 2
Match: Event 270623849, Lines 2
Match: Event 270624068, Lines 2
Match: Event 270624235, Lines 2
Match: Event 270624347, Lines 2
Match: Event 270624842, Lines 2
Match: Event 270625594, Lines 2
[63%] 	 19,799/31,426 	 08:24:54
Match: Event 270627956, Lines 2
Match: Event 270628687, Lines 2
Match: Event 270629062, Lines 2
Match: Event 270629824, Lines 2
Match: Event 270630158, Lines 3
Match: Event 270630289, Lines 3
Match: Event 270633042, Lines 2
Match: Event 270635210, Lines 2
Match: Event 270635426, Lines 2
Match: Event 270636125, Lines 2
Match: Event 270636169, Lines 2
Match: Event 270636731, Lines 2
Match: Event 270636847, Lines 2
[64%] 	 20,113/31,426 	 08:32:54
Match: Event 270637989, Lines 2
Match: Event 270639726, Lines 2
Match: Event 270640773, Lines 2
Match: Event 270641256, Lines 2
Match: Event 270641362, Lines 2
Match: Event 270642218, Lines 2
Match: Event 270643313, Lines 2
Match: Event 270643977, Lines 2
Match: Event 270644005, Lines 3
Match: Event 270644234, Lines 2
Match: Event 270644463, Lines 2
Match: Event 270644915, Lines 2
Match: Event 270645036, Lines 3
[65%] 	 20,427/31,426 	 08:41:36
Match: Event 270647749, Lines 2
Match: Event 270648035, Lines 2
Match: Event 270648136, Lines 2
Match: Event 270648151, Lines 2
Match: Event 270648486, Lines 2
Match: Event 270648495, Lines 2
Match: Event 270648837, Lines 2
Match: Event 270649000, Lines 2
Match: Event 270651170, Lines 2
Match: Event 270652812, Lines 2
Match: Event 270652993, Lines 2
Match: Event 270653223, Lines 3
Match: Event 270654078, Lines 2
Match: Event 270654093, Lines 2
Match: Event 270654304, Lines 2
Match: Event 270654418, Lines 2
Match: Event 270654436, Lines 2
Match: Event 270655096, Lines 2
Match: Event 270656113, Lines 2
Match: Event 270656509, Lines 2
[66%] 	 20,742/31,426 	 08:51:02
Match: Event 270658789, Lines 2
Match: Event 270659730, Lines 2
Match: Event 270659998, Lines 2
Match: Event 270661247, Lines 2
Match: Event 270663154, Lines 2
Match: Event 270663415, Lines 2
Match: Event 270664562, Lines 2
Match: Event 270665845, Lines 3
Match: Event 270665883, Lines 2
Match: Event 270666332, Lines 2
Match: Event 270666465, Lines 2
Match: Event 270667230, Lines 2
[67%] 	 21,056/31,426 	 08:59:55
Match: Event 270668421, Lines 2
Match: Event 270668542, Lines 2
Match: Event 270668705, Lines 2
Match: Event 270668724, Lines 2
Match: Event 270668771, Lines 2
Match: Event 270669756, Lines 2
Match: Event 270670364, Lines 3
Match: Event 270672074, Lines 2
Match: Event 270672402, Lines 2
Match: Event 270673159, Lines 2
Match: Event 270673888, Lines 2
Match: Event 270674061, Lines 2
Match: Event 270674309, Lines 2
Match: Event 270674423, Lines 2
Match: Event 270674767, Lines 2
Match: Event 270676286, Lines 2
Match: Event 270677410, Lines 2
[68%] 	 21,370/31,426 	 09:07:36
Match: Event 270677910, Lines 2
Match: Event 270677977, Lines 2
Match: Event 270678011, Lines 2
Match: Event 270678521, Lines 2
Match: Event 270678891, Lines 2
Match: Event 270679315, Lines 2
Match: Event 270682709, Lines 2
Match: Event 270683409, Lines 3
Match: Event 270683565, Lines 2
Match: Event 270685812, Lines 2
Match: Event 270687594, Lines 2
Match: Event 270687982, Lines 2
[69%] 	 21,684/31,426 	 09:16:23
Match: Event 270688637, Lines 2
Match: Event 270690713, Lines 2
Match: Event 270690757, Lines 2
Match: Event 270693401, Lines 2
Match: Event 270693678, Lines 2
Match: Event 270693937, Lines 3
Match: Event 270694001, Lines 2
Match: Event 270694037, Lines 2
Match: Event 270694414, Lines 2
Match: Event 270694847, Lines 3
Match: Event 270694906, Lines 2
Match: Event 270694982, Lines 2
Match: Event 270695016, Lines 2
Match: Event 270696311, Lines 2
[70%] 	 21,999/31,426 	 09:24:25
Match: Event 270697828, Lines 2
Match: Event 270698286, Lines 2
Match: Event 270699629, Lines 3
Match: Event 270700392, Lines 2
Match: Event 270700571, Lines 2
Match: Event 270701063, Lines 2
Match: Event 270701126, Lines 2
Match: Event 270701750, Lines 2
Match: Event 270702069, Lines 3
Match: Event 270702759, Lines 2
Match: Event 270703738, Lines 2
Match: Event 270706342, Lines 2
Match: Event 270706448, Lines 2
Match: Event 270706495, Lines 2
Match: Event 270706502, Lines 2
[71%] 	 22,313/31,426 	 09:32:10
Match: Event 270708085, Lines 2
Match: Event 270708797, Lines 2
Match: Event 270711513, Lines 2
Match: Event 270712794, Lines 2
Match: Event 270712990, Lines 2
Match: Event 270713660, Lines 2
Match: Event 270714424, Lines 2
Match: Event 270714662, Lines 2
Match: Event 270715422, Lines 2
Match: Event 270716916, Lines 2
Match: Event 270716946, Lines 2
Match: Event 270717339, Lines 2
[72%] 	 22,627/31,426 	 09:40:40
Match: Event 270718471, Lines 2
Match: Event 270721323, Lines 2
Match: Event 270721818, Lines 2
Match: Event 270723963, Lines 2
Match: Event 270724054, Lines 2
Match: Event 270724370, Lines 2
Match: Event 270724881, Lines 2
Match: Event 270725789, Lines 2
Match: Event 270727354, Lines 2
Match: Event 270727482, Lines 2
Match: Event 270727893, Lines 2
[73%] 	 22,941/31,426 	 09:48:43
Match: Event 270728598, Lines 2
Match: Event 270729082, Lines 2
Match: Event 270729370, Lines 2
Match: Event 270731223, Lines 2
Match: Event 270731270, Lines 2
Match: Event 270733948, Lines 2
Match: Event 270734961, Lines 2
Match: Event 270735322, Lines 2
Match: Event 270735337, Lines 2
Match: Event 270736989, Lines 2
Match: Event 270737636, Lines 2
[74%] 	 23,256/31,426 	 09:58:01
Match: Event 270739800, Lines 2
Match: Event 270740728, Lines 2
Match: Event 270740965, Lines 2
Match: Event 270741848, Lines 2
Match: Event 270742166, Lines 2
Match: Event 270742639, Lines 2
Match: Event 270742783, Lines 2
Match: Event 270745750, Lines 2
Match: Event 270747325, Lines 2
Match: Event 270747868, Lines 2
Match: Event 270748198, Lines 2
Match: Event 270748708, Lines 2
Match: Event 270749125, Lines 3
Match: Event 270749572, Lines 2
Match: Event 270749844, Lines 2
[75%] 	 23,570/31,426 	 10:06:59
Match: Event 270750051, Lines 2
Match: Event 270751143, Lines 2
Match: Event 270751307, Lines 2
Match: Event 270751905, Lines 2
Match: Event 270753031, Lines 2
Match: Event 270753403, Lines 2
Match: Event 270753484, Lines 2
Match: Event 270753847, Lines 2
Match: Event 270753876, Lines 2
Match: Event 270754275, Lines 2
Match: Event 270754979, Lines 2
Match: Event 270756186, Lines 3
Match: Event 270756332, Lines 2
Match: Event 270756512, Lines 2
Match: Event 270756945, Lines 2
Match: Event 270758216, Lines 2
Match: Event 270759121, Lines 2
[76%] 	 23,884/31,426 	 10:15:06
Match: Event 270760456, Lines 2
Match: Event 270761107, Lines 2
Match: Event 270761323, Lines 2
Match: Event 270761338, Lines 2
Match: Event 270762548, Lines 2
Match: Event 270766420, Lines 2
Match: Event 270767136, Lines 2
Match: Event 270767686, Lines 2
Match: Event 270768263, Lines 2
Match: Event 270768419, Lines 2
Match: Event 270768762, Lines 2
[77%] 	 24,199/31,426 	 10:23:24
Match: Event 270770518, Lines 2
Match: Event 270770868, Lines 2
Match: Event 270772433, Lines 2
Match: Event 270772439, Lines 3
Match: Event 270772556, Lines 2
Match: Event 270774690, Lines 2
Match: Event 270775196, Lines 2
Match: Event 270775487, Lines 2
Match: Event 270775516, Lines 2
Match: Event 270776091, Lines 2
Match: Event 270776939, Lines 2
Match: Event 270777248, Lines 2
Match: Event 270777444, Lines 2
Match: Event 270777855, Lines 2
Match: Event 270777985, Lines 2
Match: Event 270778441, Lines 2
[78%] 	 24,513/31,426 	 10:32:54
Match: Event 270780831, Lines 3
Match: Event 270782856, Lines 2
Match: Event 270782878, Lines 2
Match: Event 270783051, Lines 2
Match: Event 270783189, Lines 2
Match: Event 270784128, Lines 2
Match: Event 270786049, Lines 2
Match: Event 270786214, Lines 2
Match: Event 270786537, Lines 2
Match: Event 270786921, Lines 2
Match: Event 270787029, Lines 2
Match: Event 270788069, Lines 2
Match: Event 270788402, Lines 2
Match: Event 270788574, Lines 2
[79%] 	 24,827/31,426 	 10:41:12
Match: Event 270791403, Lines 2
Match: Event 270792419, Lines 2
Match: Event 270792473, Lines 2
Match: Event 270792864, Lines 2
Match: Event 270793296, Lines 2
Match: Event 270793778, Lines 2
Match: Event 270794906, Lines 2
Match: Event 270795665, Lines 2
Match: Event 270795892, Lines 2
Match: Event 270796935, Lines 2
Match: Event 270797110, Lines 2
Match: Event 270797276, Lines 2
Match: Event 270797324, Lines 2
Match: Event 270797621, Lines 2
Match: Event 270797627, Lines 2
Match: Event 270799232, Lines 2
Match: Event 270799462, Lines 2
Match: Event 270800241, Lines 2
[80%] 	 25,141/31,426 	 10:49:51
Match: Event 270800486, Lines 2
Match: Event 270800937, Lines 2
Match: Event 270802203, Lines 2
Match: Event 270802218, Lines 2
Match: Event 270803168, Lines 2
Match: Event 270804351, Lines 2
Match: Event 270804575, Lines 2
Match: Event 270804645, Lines 2
Match: Event 270805867, Lines 3
Match: Event 270807009, Lines 2
Match: Event 270807205, Lines 2
Match: Event 270808370, Lines 2
Match: Event 270808568, Lines 2
Match: Event 270809863, Lines 2
Match: Event 270810537, Lines 3
[81%] 	 25,456/31,426 	 10:57:51
Match: Event 270811252, Lines 2
Match: Event 270811261, Lines 2
Match: Event 270811561, Lines 2
Match: Event 270811607, Lines 2
Match: Event 270811745, Lines 2
Match: Event 270811926, Lines 2
Match: Event 270811974, Lines 2
Match: Event 270812781, Lines 3
Match: Event 270813472, Lines 2
Match: Event 270815111, Lines 2
Match: Event 270816403, Lines 2
Match: Event 270818066, Lines 2
Match: Event 270819731, Lines 2
Match: Event 270819811, Lines 2
Match: Event 270820124, Lines 2
Match: Event 270820739, Lines 2
Match: Event 270821129, Lines 3
[82%] 	 25,770/31,426 	 11:06:28
Match: Event 270823253, Lines 2
Match: Event 270825219, Lines 2
Match: Event 270825820, Lines 2
Match: Event 270826826, Lines 2
Match: Event 270829274, Lines 2
Match: Event 270829629, Lines 2
Match: Event 270830029, Lines 2
Match: Event 270830458, Lines 2
Match: Event 270831214, Lines 2
[83%] 	 26,084/31,426 	 11:14:16
Match: Event 270831551, Lines 2
Match: Event 270832236, Lines 2
Match: Event 270833015, Lines 2
Match: Event 270833246, Lines 2
Match: Event 270833424, Lines 3
Match: Event 270835055, Lines 2
Match: Event 270835161, Lines 2
Match: Event 270836273, Lines 2
Match: Event 270837083, Lines 2
Match: Event 270838241, Lines 2
Match: Event 270839539, Lines 2
Match: Event 270839771, Lines 2
Match: Event 270840205, Lines 2
Match: Event 270841304, Lines 2
Match: Event 270841358, Lines 2
[84%] 	 26,398/31,426 	 11:22:18
Match: Event 270842065, Lines 2
Match: Event 270842482, Lines 2
Match: Event 270843910, Lines 3
Match: Event 270844847, Lines 2
Match: Event 270845423, Lines 2
Match: Event 270845461, Lines 2
Match: Event 270846240, Lines 2
Match: Event 270846312, Lines 2
Match: Event 270847471, Lines 2
Match: Event 270847734, Lines 2
Match: Event 270847871, Lines 2
Match: Event 270848638, Lines 2
Match: Event 270848964, Lines 2
Match: Event 270850162, Lines 2
[85%] 	 26,713/31,426 	 11:30:15
Match: Event 270851090, Lines 2
Match: Event 270851199, Lines 2
Match: Event 270851293, Lines 2
Match: Event 270851631, Lines 2
Match: Event 270851680, Lines 2
Match: Event 270853137, Lines 2
Match: Event 270854289, Lines 2
Match: Event 270855135, Lines 2
Match: Event 270855936, Lines 2
Match: Event 270857740, Lines 2
Match: Event 270857915, Lines 2
Match: Event 270858386, Lines 2
Match: Event 270859356, Lines 2
Match: Event 270860299, Lines 2
[86%] 	 27,027/31,426 	 11:38:22
Match: Event 270861059, Lines 2
Match: Event 270861972, Lines 2
Match: Event 270863338, Lines 2
Match: Event 270866149, Lines 2
Match: Event 270869074, Lines 2
[87%] 	 27,341/31,426 	 11:46:54
Match: Event 270870495, Lines 2
Match: Event 270871023, Lines 2
Match: Event 270871156, Lines 2
Match: Event 270873743, Lines 2
Match: Event 270876270, Lines 2
Match: Event 270876330, Lines 3
Match: Event 270877008, Lines 2
Match: Event 270877666, Lines 2
Match: Event 270877926, Lines 2
Match: Event 270878400, Lines 2
Match: Event 270879685, Lines 2
Match: Event 270880318, Lines 3
Match: Event 270880329, Lines 2
[88%] 	 27,655/31,426 	 11:55:30
Match: Event 270880543, Lines 2
Match: Event 270880891, Lines 2
Match: Event 270881554, Lines 2
Match: Event 270882075, Lines 2
Match: Event 270883154, Lines 2
Match: Event 270883579, Lines 2
Match: Event 270885346, Lines 2
Match: Event 270885458, Lines 2
Match: Event 270885621, Lines 2
Match: Event 270886851, Lines 2
Match: Event 270887078, Lines 2
Match: Event 270889295, Lines 2
Match: Event 270889662, Lines 2
Match: Event 270889754, Lines 2
Match: Event 270890227, Lines 2
[89%] 	 27,970/31,426 	 12:03:48
Match: Event 270891341, Lines 2
Match: Event 270891793, Lines 3
Match: Event 270892461, Lines 2
Match: Event 270892685, Lines 2
Match: Event 270892904, Lines 2
Match: Event 270893070, Lines 2
Match: Event 270893481, Lines 2
Match: Event 270893895, Lines 2
Match: Event 270894331, Lines 2
Match: Event 270894466, Lines 2
Match: Event 270895098, Lines 2
Match: Event 270895308, Lines 2
Match: Event 270895855, Lines 2
Match: Event 270896347, Lines 2
Match: Event 270896538, Lines 2
Match: Event 270897131, Lines 2
Match: Event 270898382, Lines 2
Match: Event 270899247, Lines 2
Match: Event 270899308, Lines 2
Match: Event 270899652, Lines 2
[90%] 	 28,284/31,426 	 12:12:26
Match: Event 270900731, Lines 2
Match: Event 270900943, Lines 3
Match: Event 270901568, Lines 2
Match: Event 270901589, Lines 2
Match: Event 270901950, Lines 2
Match: Event 270901963, Lines 2
Match: Event 270901973, Lines 2
Match: Event 270902842, Lines 2
Match: Event 270903071, Lines 2
Match: Event 270904204, Lines 2
Match: Event 270905034, Lines 2
Match: Event 270905335, Lines 2
Match: Event 270907193, Lines 2
Match: Event 270907501, Lines 2
Match: Event 270907660, Lines 2
Match: Event 270907950, Lines 3
Match: Event 270909989, Lines 2
[91%] 	 28,598/31,426 	 12:22:38
Match: Event 270910400, Lines 2
Match: Event 270912438, Lines 2
Match: Event 270912819, Lines 2
Match: Event 270913427, Lines 2
Match: Event 270913826, Lines 2
Match: Event 270915515, Lines 2
Match: Event 270915820, Lines 2
Match: Event 270916088, Lines 2
Match: Event 270916480, Lines 2
Match: Event 270916624, Lines 2
Match: Event 270916708, Lines 2
Match: Event 270917102, Lines 2
Match: Event 270917549, Lines 2
Match: Event 270918648, Lines 2
Match: Event 270919055, Lines 2
[92%] 	 28,912/31,426 	 12:32:06
Match: Event 270919921, Lines 2
Match: Event 270920544, Lines 2
Match: Event 270921723, Lines 2
Match: Event 270922824, Lines 2
Match: Event 270923071, Lines 2
Match: Event 270923896, Lines 2
Match: Event 270924897, Lines 3
Match: Event 270925453, Lines 2
Match: Event 270926758, Lines 3
Match: Event 270927374, Lines 2
Match: Event 270927402, Lines 2
Match: Event 270927966, Lines 2
Match: Event 270928648, Lines 2
Match: Event 270929328, Lines 2
[93%] 	 29,227/31,426 	 12:40:28
Match: Event 270930155, Lines 2
Match: Event 270931896, Lines 2
Match: Event 270932267, Lines 2
Match: Event 270934332, Lines 2
Match: Event 270935058, Lines 2
Match: Event 270935158, Lines 2
Match: Event 270935612, Lines 2
Match: Event 270936097, Lines 2
Match: Event 270937599, Lines 2
[94%] 	 29,541/31,426 	 12:48:27
Match: Event 270940299, Lines 2
Match: Event 270940358, Lines 2
Match: Event 270940809, Lines 2
Match: Event 270940962, Lines 2
Match: Event 270941834, Lines 2
Match: Event 270942014, Lines 3
Match: Event 270942103, Lines 2
Match: Event 270943138, Lines 2
Match: Event 270944678, Lines 2
Match: Event 270946298, Lines 2
Match: Event 270947397, Lines 2
Match: Event 270948146, Lines 2
Match: Event 270948177, Lines 2
Match: Event 270948907, Lines 2
[95%] 	 29,855/31,426 	 12:56:46
Match: Event 270950144, Lines 2
Match: Event 270951166, Lines 2
Match: Event 270951196, Lines 2
Match: Event 270951614, Lines 2
Match: Event 270952034, Lines 2
Match: Event 270952163, Lines 2
Match: Event 270952600, Lines 2
Match: Event 270954364, Lines 2
Match: Event 270954426, Lines 3
Match: Event 270955695, Lines 2
Match: Event 270956240, Lines 2
Match: Event 270956833, Lines 2
Match: Event 270956859, Lines 3
Match: Event 270957572, Lines 2
Match: Event 270957574, Lines 2
Match: Event 270958855, Lines 2
Match: Event 270959042, Lines 2
[96%] 	 30,169/31,426 	 13:05:17
Match: Event 270959971, Lines 3
Match: Event 270961112, Lines 2
Match: Event 270961700, Lines 2
Match: Event 270962825, Lines 2
Match: Event 270966020, Lines 2
Match: Event 270966791, Lines 2
Match: Event 270966930, Lines 2
Match: Event 270967061, Lines 2
Match: Event 270967549, Lines 2
Match: Event 270967987, Lines 2
[97%] 	 30,484/31,426 	 13:12:59
Match: Event 270968916, Lines 2
Match: Event 270969824, Lines 2
Match: Event 270969994, Lines 2
Match: Event 270970915, Lines 2
Match: Event 270971603, Lines 2
Match: Event 270971936, Lines 2
Match: Event 270972069, Lines 2
Match: Event 270972748, Lines 2
Match: Event 270973315, Lines 2
Match: Event 270974324, Lines 2
Match: Event 270974570, Lines 2
Match: Event 270976210, Lines 2
Match: Event 270977078, Lines 2
Match: Event 270977149, Lines 2
Match: Event 270978057, Lines 2
Match: Event 270978108, Lines 2
Match: Event 270978404, Lines 3
Match: Event 270979064, Lines 2
[98%] 	 30,798/31,426 	 13:21:46
Match: Event 270979815, Lines 2
Match: Event 270980421, Lines 2
Match: Event 270981000, Lines 2
Match: Event 270981455, Lines 2
Match: Event 270983195, Lines 2
Match: Event 270983297, Lines 3
Match: Event 270984338, Lines 2
Match: Event 270984727, Lines 2
Match: Event 270985241, Lines 2
Match: Event 270985950, Lines 2
Match: Event 270986793, Lines 2
Match: Event 270987159, Lines 2
Match: Event 270988259, Lines 2
Match: Event 270988990, Lines 2
Match: Event 270989144, Lines 2
[99%] 	 31,112/31,426 	 13:29:46
Match: Event 270989755, Lines 2
Match: Event 270991150, Lines 2
Match: Event 270992407, Lines 2
Match: Event 270992687, Lines 2
Match: Event 270993173, Lines 2
Match: Event 270993303, Lines 2
Match: Event 270993658, Lines 2
Match: Event 270993700, Lines 2
Match: Event 270994299, Lines 3
Match: Event 270995047, Lines 2
Match: Event 270995264, Lines 2
Match: Event 270995306, Lines 3
Match: Event 270995456, Lines 2
Match: Event 270996745, Lines 2
Match: Event 270998027, Lines 2
Match: Event 270998208, Lines 2
Match: Event 270998490, Lines 2
Match: Event 270999620, Lines 2
Match: Event 270999972, Lines 2
Finished in 49100.71s.
 ~ 5) DONE !
