search libraries in slc9_x86-64
 ~ 1) Base stack loaded.
 ~ Sleeping for 31 seconds to avoid AFS DDOS...
 ~ 2) Loading sndsw environment...
 ~ 3) SNDSW_ROOT is set to: /afs/cern.ch/user/i/idioniso/snd_master/sw-root6.28/rhel9_x86-64/sndsw/master-local1
 ~ 4) Executing tracking script...
[INFO] The input consists out of the following trees and files: 
[INFO]  - rawConv
[INFO]     - root://eoshome-i.cern.ch//eos/user/i/idioniso/tridents/initial_cuts/tridents_sndsw_raw-0021.root
[INFO] FairRootFileSink initialized.
[INFO]  - cbmout
[INFO]     - dummy
[INFO] Parameter and input file are available, Assure that basic info is there for the run!
[INFO] ---FairRootManager::SpecifyRunId --- 
[INFO] --- Initialize with RunId  --- 0

************************************************************* 
     initialisation for run id 0
************************************************************* 
-I- FairRunTimeDB::InitContainer() FairBaseParSet
-I- FairRunTimeDB::InitContainer() FairGeoParSet

************************************************************* 
     initialisation for run id 0
************************************************************* 
-I- FairRunTimeDB::InitContainer() FairBaseParSet
-I- FairRunTimeDB::InitContainer() FairGeoParSet
[INFO]  Branch: Reco_MuonTracks not found in Tree.
using geofile: root://eospublic.cern.ch//eos/experiment/sndlhc/convertedData/physics/2023/geofile_sndlhc_TI18_V3_2023.root
[0%] 	 0/31,335 	 00:00:07
Match: Event 21000854, Lines 2
Match: Event 21000993, Lines 2
Match: Event 21001828, Lines 2
Match: Event 21003143, Lines 2
Match: Event 21003353, Lines 2
Match: Event 21004085, Lines 2
Match: Event 21004313, Lines 2
Match: Event 21004885, Lines 2
Match: Event 21004977, Lines 2
Match: Event 21005166, Lines 2
Match: Event 21005219, Lines 2
Match: Event 21005835, Lines 2
Match: Event 21006022, Lines 2
Match: Event 21006977, Lines 2
Match: Event 21008971, Lines 2
Match: Event 21008973, Lines 3
[1%] 	 314/31,335 	 00:07:49
Match: Event 21009158, Lines 2
Match: Event 21012308, Lines 2
Match: Event 21013610, Lines 2
Match: Event 21013792, Lines 2
Match: Event 21013823, Lines 3
Match: Event 21013824, Lines 2
Match: Event 21014220, Lines 2
Match: Event 21014281, Lines 2
Match: Event 21016440, Lines 2
Match: Event 21016955, Lines 2
Match: Event 21017703, Lines 2
Match: Event 21018041, Lines 2
Match: Event 21018592, Lines 2
Match: Event 21018968, Lines 2
[2%] 	 627/31,335 	 00:14:39
Match: Event 21020811, Lines 2
Match: Event 21021884, Lines 2
Match: Event 21023835, Lines 2
Match: Event 21024128, Lines 2
Match: Event 21024479, Lines 2
Match: Event 21024951, Lines 2
Match: Event 21025032, Lines 2
Match: Event 21025274, Lines 2
Match: Event 21025532, Lines 2
Match: Event 21025689, Lines 2
Match: Event 21026660, Lines 2
Match: Event 21027102, Lines 2
Match: Event 21028417, Lines 2
[3%] 	 941/31,335 	 00:21:18
Match: Event 21029879, Lines 2
Match: Event 21030866, Lines 2
Match: Event 21031082, Lines 2
Match: Event 21032225, Lines 2
Match: Event 21032501, Lines 2
Match: Event 21032524, Lines 2
Match: Event 21033215, Lines 2
Match: Event 21033360, Lines 2
Match: Event 21033537, Lines 2
Match: Event 21034327, Lines 2
Match: Event 21035080, Lines 2
Match: Event 21035687, Lines 3
Match: Event 21037494, Lines 2
Match: Event 21037949, Lines 2
[4%] 	 1,254/31,335 	 00:28:21
Match: Event 21038842, Lines 2
Match: Event 21038945, Lines 2
Match: Event 21038957, Lines 2
Match: Event 21039853, Lines 2
Match: Event 21039871, Lines 3
Match: Event 21040143, Lines 2
Match: Event 21041487, Lines 2
Match: Event 21042588, Lines 2
Match: Event 21043443, Lines 2
Match: Event 21044115, Lines 3
Match: Event 21044692, Lines 2
Match: Event 21044963, Lines 2
Match: Event 21045258, Lines 2
Match: Event 21045595, Lines 2
Match: Event 21046588, Lines 2
Match: Event 21047122, Lines 2
[5%] 	 1,567/31,335 	 00:35:44
Match: Event 21048391, Lines 2
Match: Event 21048932, Lines 2
Match: Event 21049474, Lines 2
Match: Event 21049581, Lines 2
Match: Event 21049623, Lines 2
Match: Event 21051248, Lines 2
Match: Event 21051432, Lines 2
Match: Event 21052773, Lines 2
Match: Event 21053578, Lines 2
Match: Event 21054257, Lines 2
Match: Event 21055324, Lines 2
Match: Event 21056591, Lines 2
Match: Event 21056765, Lines 2
Match: Event 21057100, Lines 2
[6%] 	 1,881/31,335 	 00:42:52
Match: Event 21057220, Lines 2
Match: Event 21057502, Lines 2
Match: Event 21057567, Lines 2
Match: Event 21058301, Lines 2
Match: Event 21059557, Lines 2
Match: Event 21059660, Lines 2
Match: Event 21059907, Lines 2
Match: Event 21060847, Lines 2
Match: Event 21060902, Lines 2
Match: Event 21061905, Lines 2
Match: Event 21063297, Lines 2
Match: Event 21064290, Lines 2
Match: Event 21064587, Lines 2
Match: Event 21065167, Lines 2
Match: Event 21065527, Lines 2
Match: Event 21065741, Lines 2
Match: Event 21066187, Lines 2
Match: Event 21066673, Lines 2
Match: Event 21066764, Lines 2
Match: Event 21067208, Lines 2
Match: Event 21067246, Lines 2
[7%] 	 2,194/31,335 	 00:49:42
Match: Event 21068631, Lines 2
Match: Event 21069479, Lines 2
Match: Event 21070326, Lines 2
Match: Event 21072107, Lines 2
Match: Event 21072199, Lines 2
Match: Event 21072251, Lines 2
Match: Event 21072503, Lines 2
Match: Event 21073307, Lines 2
Match: Event 21073585, Lines 2
Match: Event 21073863, Lines 2
Match: Event 21074270, Lines 2
Match: Event 21074607, Lines 3
Match: Event 21074699, Lines 2
Match: Event 21075599, Lines 2
Match: Event 21076342, Lines 2
Match: Event 21076682, Lines 2
[8%] 	 2,507/31,335 	 00:56:30
Match: Event 21077633, Lines 2
Match: Event 21077717, Lines 2
Match: Event 21077795, Lines 2
Match: Event 21077825, Lines 2
Match: Event 21077878, Lines 2
Match: Event 21078500, Lines 2
Match: Event 21078967, Lines 2
Match: Event 21083299, Lines 2
Match: Event 21083853, Lines 2
Match: Event 21083895, Lines 2
Match: Event 21084856, Lines 2
Match: Event 21085848, Lines 2
Match: Event 21086866, Lines 2
Match: Event 21087254, Lines 2
Match: Event 21088116, Lines 2
[9%] 	 2,821/31,335 	 01:03:06
Match: Event 21090434, Lines 2
Match: Event 21090480, Lines 2
Match: Event 21090720, Lines 2
Match: Event 21090733, Lines 2
Match: Event 21091841, Lines 2
Match: Event 21091995, Lines 2
Match: Event 21093869, Lines 2
Match: Event 21094226, Lines 2
Match: Event 21095128, Lines 2
Match: Event 21095635, Lines 3
Match: Event 21096472, Lines 2
Match: Event 21096911, Lines 2
Match: Event 21097553, Lines 2
Match: Event 21097700, Lines 2
Match: Event 21098084, Lines 2
[10%] 	 3,134/31,335 	 01:09:22
Match: Event 21098640, Lines 2
Match: Event 21098944, Lines 2
Match: Event 21099586, Lines 3
Match: Event 21101451, Lines 2
Match: Event 21103944, Lines 2
Match: Event 21103993, Lines 3
Match: Event 21104701, Lines 2
Match: Event 21105377, Lines 2
Match: Event 21105690, Lines 2
Match: Event 21106307, Lines 2
Match: Event 21107746, Lines 3
Match: Event 21107842, Lines 2
Match: Event 21107989, Lines 2
[11%] 	 3,447/31,335 	 01:15:57
Match: Event 21108525, Lines 2
Match: Event 21108989, Lines 2
Match: Event 21111012, Lines 2
Match: Event 21111220, Lines 2
Match: Event 21111842, Lines 2
Match: Event 21112774, Lines 2
Match: Event 21113232, Lines 2
Match: Event 21113946, Lines 2
Match: Event 21114287, Lines 2
Match: Event 21114320, Lines 2
Match: Event 21114722, Lines 2
Match: Event 21114800, Lines 3
Match: Event 21116000, Lines 2
Match: Event 21116175, Lines 2
Match: Event 21116453, Lines 2
Match: Event 21117462, Lines 2
[12%] 	 3,761/31,335 	 01:24:32
Match: Event 21119365, Lines 2
Match: Event 21120104, Lines 2
Match: Event 21120215, Lines 2
Match: Event 21120723, Lines 2
Match: Event 21122119, Lines 2
Match: Event 21122288, Lines 2
Match: Event 21122818, Lines 2
Match: Event 21123234, Lines 2
Match: Event 21124178, Lines 2
Match: Event 21124192, Lines 2
Match: Event 21126336, Lines 2
Match: Event 21127362, Lines 2
[13%] 	 4,074/31,335 	 01:32:57
Match: Event 21128721, Lines 2
Match: Event 21129009, Lines 2
Match: Event 21129054, Lines 2
Match: Event 21130572, Lines 2
Match: Event 21131711, Lines 2
Match: Event 21131904, Lines 2
Match: Event 21132573, Lines 2
Match: Event 21132957, Lines 2
Match: Event 21133995, Lines 2
Match: Event 21135837, Lines 2
Match: Event 21137255, Lines 2
[14%] 	 4,387/31,335 	 01:41:19
Match: Event 21138227, Lines 3
Match: Event 21139575, Lines 2
Match: Event 21139634, Lines 2
Match: Event 21139787, Lines 2
Match: Event 21140689, Lines 2
Match: Event 21141003, Lines 2
Match: Event 21141222, Lines 2
Match: Event 21142683, Lines 3
Match: Event 21143196, Lines 2
Match: Event 21143218, Lines 2
Match: Event 21143322, Lines 2
Match: Event 21143335, Lines 2
Match: Event 21143518, Lines 2
Match: Event 21143914, Lines 2
Match: Event 21143991, Lines 2
Match: Event 21145040, Lines 2
Match: Event 21146110, Lines 2
Match: Event 21146591, Lines 2
Match: Event 21147321, Lines 2
Match: Event 21147926, Lines 2
[15%] 	 4,701/31,335 	 01:49:12
Match: Event 21149124, Lines 2
Match: Event 21151423, Lines 2
Match: Event 21152677, Lines 2
Match: Event 21156486, Lines 2
Match: Event 21156621, Lines 2
Match: Event 21157866, Lines 2
Match: Event 21158173, Lines 2
[16%] 	 5,014/31,335 	 01:57:17
Match: Event 21160362, Lines 2
Match: Event 21160518, Lines 2
Match: Event 21160710, Lines 2
Match: Event 21160735, Lines 2
Match: Event 21160779, Lines 2
Match: Event 21161851, Lines 2
Match: Event 21162120, Lines 2
Match: Event 21162367, Lines 2
Match: Event 21162997, Lines 2
Match: Event 21163497, Lines 2
Match: Event 21164607, Lines 2
Match: Event 21166641, Lines 2
Match: Event 21166792, Lines 2
Match: Event 21167710, Lines 2
Match: Event 21168228, Lines 2
[17%] 	 5,327/31,335 	 02:05:59
Match: Event 21169196, Lines 2
Match: Event 21169197, Lines 2
Match: Event 21169709, Lines 2
Match: Event 21169950, Lines 2
Match: Event 21171138, Lines 2
Match: Event 21171180, Lines 2
Match: Event 21171858, Lines 2
Match: Event 21173553, Lines 2
Match: Event 21174331, Lines 2
Match: Event 21174346, Lines 3
Match: Event 21174499, Lines 2
Match: Event 21174520, Lines 2
Match: Event 21175734, Lines 2
Match: Event 21175820, Lines 2
Match: Event 21177254, Lines 2
Match: Event 21177603, Lines 2
Match: Event 21177960, Lines 2
Match: Event 21178107, Lines 3
[18%] 	 5,641/31,335 	 02:15:29
Match: Event 21178205, Lines 2
Match: Event 21178209, Lines 2
Match: Event 21178460, Lines 2
Match: Event 21179080, Lines 2
Match: Event 21179310, Lines 2
Match: Event 21181391, Lines 2
Match: Event 21181565, Lines 2
Match: Event 21182636, Lines 2
Match: Event 21182758, Lines 2
Match: Event 21183058, Lines 2
Match: Event 21183142, Lines 2
Match: Event 21183279, Lines 2
Match: Event 21183373, Lines 2
Match: Event 21185273, Lines 2
Match: Event 21185286, Lines 2
Match: Event 21185454, Lines 2
Match: Event 21186241, Lines 3
[19%] 	 5,954/31,335 	 02:27:39
Match: Event 21188752, Lines 2
Match: Event 21189028, Lines 2
Match: Event 21190754, Lines 2
Match: Event 21191352, Lines 2
Match: Event 21191800, Lines 2
Match: Event 21194238, Lines 2
Match: Event 21195033, Lines 2
Match: Event 21195246, Lines 2
Match: Event 21196719, Lines 2
Match: Event 21196894, Lines 2
Match: Event 21197199, Lines 2
[20%] 	 6,267/31,335 	 02:35:59
Match: Event 21197481, Lines 2
Match: Event 21198561, Lines 2
Match: Event 21199008, Lines 2
Match: Event 21199203, Lines 2
Match: Event 21199573, Lines 2
Match: Event 21200655, Lines 2
Match: Event 21201978, Lines 3
Match: Event 21203084, Lines 2
Match: Event 21203366, Lines 2
Match: Event 21204264, Lines 2
Match: Event 21204279, Lines 2
Match: Event 21205429, Lines 2
Match: Event 21205911, Lines 2
Match: Event 21206140, Lines 2
[21%] 	 6,581/31,335 	 02:45:20
Match: Event 21207026, Lines 2
Match: Event 21207998, Lines 2
Match: Event 21210435, Lines 2
Match: Event 21210499, Lines 2
Match: Event 21210502, Lines 2
Match: Event 21211527, Lines 2
Match: Event 21212199, Lines 2
Match: Event 21212255, Lines 2
Match: Event 21212460, Lines 2
Match: Event 21213617, Lines 2
Match: Event 21213829, Lines 2
Match: Event 21213993, Lines 2
Match: Event 21214060, Lines 2
Match: Event 21214215, Lines 2
Match: Event 21214345, Lines 2
[22%] 	 6,894/31,335 	 02:53:29
Match: Event 21216555, Lines 2
Match: Event 21216825, Lines 2
Match: Event 21217755, Lines 2
Match: Event 21218258, Lines 2
Match: Event 21218684, Lines 2
Match: Event 21219236, Lines 2
Match: Event 21219920, Lines 2
Match: Event 21220497, Lines 2
Match: Event 21222338, Lines 2
Match: Event 21223782, Lines 2
Match: Event 21224445, Lines 2
Match: Event 21225999, Lines 2
[23%] 	 7,208/31,335 	 03:01:58
Match: Event 21229282, Lines 2
Match: Event 21230877, Lines 3
Match: Event 21231290, Lines 2
Match: Event 21231583, Lines 2
Match: Event 21232071, Lines 2
Match: Event 21232143, Lines 2
Match: Event 21232375, Lines 2
Match: Event 21232833, Lines 2
Match: Event 21233305, Lines 2
Match: Event 21234207, Lines 2
Match: Event 21234677, Lines 2
Match: Event 21235742, Lines 2
Match: Event 21235826, Lines 2
Match: Event 21236923, Lines 2
Match: Event 21237049, Lines 2
Match: Event 21237677, Lines 3
Match: Event 21237701, Lines 2
[24%] 	 7,521/31,335 	 03:10:50
Match: Event 21238012, Lines 2
Match: Event 21238169, Lines 2
Match: Event 21238383, Lines 2
Match: Event 21238762, Lines 2
Match: Event 21240664, Lines 3
Match: Event 21242466, Lines 2
Match: Event 21242783, Lines 2
Match: Event 21242998, Lines 2
Match: Event 21243265, Lines 2
Match: Event 21243334, Lines 2
Match: Event 21243763, Lines 2
Match: Event 21244506, Lines 2
Match: Event 21244785, Lines 2
Match: Event 21244950, Lines 3
Match: Event 21245667, Lines 2
Match: Event 21246103, Lines 2
Match: Event 21246406, Lines 3
Match: Event 21247496, Lines 2
[25%] 	 7,834/31,335 	 03:19:46
Match: Event 21247874, Lines 3
Match: Event 21248608, Lines 2
Match: Event 21252037, Lines 2
Match: Event 21252587, Lines 2
Match: Event 21253805, Lines 2
Match: Event 21254144, Lines 2
Match: Event 21254522, Lines 2
Match: Event 21255991, Lines 2
[26%] 	 8,148/31,335 	 03:28:58
Match: Event 21259009, Lines 2
Match: Event 21259719, Lines 2
Match: Event 21261256, Lines 2
Match: Event 21261628, Lines 2
Match: Event 21262648, Lines 2
Match: Event 21262953, Lines 2
Match: Event 21262978, Lines 2
Match: Event 21263480, Lines 2
Match: Event 21263738, Lines 2
Match: Event 21264746, Lines 2
Match: Event 21264927, Lines 2
Match: Event 21265105, Lines 2
Match: Event 21265230, Lines 2
Match: Event 21265762, Lines 3
Match: Event 21265869, Lines 2
Match: Event 21266648, Lines 2
[27%] 	 8,461/31,335 	 03:38:50
Match: Event 21267499, Lines 2
Match: Event 21268055, Lines 2
Match: Event 21268110, Lines 2
Match: Event 21268742, Lines 2
Match: Event 21269731, Lines 3
Match: Event 21269778, Lines 2
Match: Event 21270602, Lines 3
Match: Event 21271279, Lines 2
Match: Event 21272339, Lines 2
Match: Event 21272600, Lines 3
Match: Event 21272750, Lines 2
Match: Event 21273131, Lines 3
Match: Event 21273304, Lines 2
Match: Event 21273648, Lines 2
Match: Event 21273796, Lines 2
Match: Event 21273940, Lines 2
Match: Event 21274572, Lines 2
Match: Event 21274685, Lines 2
Match: Event 21275050, Lines 2
Match: Event 21275545, Lines 3
Match: Event 21276714, Lines 2
[28%] 	 8,774/31,335 	 03:48:32
Match: Event 21276767, Lines 2
Match: Event 21278769, Lines 2
Match: Event 21279076, Lines 2
Match: Event 21279330, Lines 2
Match: Event 21279475, Lines 2
Match: Event 21279989, Lines 2
Match: Event 21284312, Lines 2
Match: Event 21284950, Lines 2
Match: Event 21285931, Lines 2
Match: Event 21286094, Lines 2
[29%] 	 9,088/31,335 	 03:57:31
Match: Event 21287773, Lines 2
Match: Event 21288630, Lines 2
Match: Event 21289110, Lines 3
Match: Event 21289385, Lines 2
Match: Event 21289918, Lines 2
Match: Event 21290360, Lines 2
Match: Event 21290361, Lines 2
Match: Event 21290839, Lines 2
Match: Event 21292115, Lines 3
Match: Event 21292465, Lines 2
Match: Event 21292967, Lines 2
Match: Event 21293535, Lines 2
Match: Event 21293773, Lines 2
Match: Event 21294174, Lines 2
Match: Event 21294800, Lines 2
Match: Event 21295113, Lines 2
Match: Event 21295146, Lines 2
Match: Event 21295639, Lines 2
Match: Event 21295933, Lines 2
Match: Event 21296160, Lines 2
[30%] 	 9,401/31,335 	 04:07:52
Match: Event 21296927, Lines 2
Match: Event 21297029, Lines 2
Match: Event 21297583, Lines 2
Match: Event 21299201, Lines 2
Match: Event 21299710, Lines 2
Match: Event 21300186, Lines 2
Match: Event 21300205, Lines 2
Match: Event 21300240, Lines 2
Match: Event 21300823, Lines 2
Match: Event 21301550, Lines 2
Match: Event 21301582, Lines 2
Match: Event 21302262, Lines 2
Match: Event 21302436, Lines 2
Match: Event 21303958, Lines 2
Match: Event 21304099, Lines 2
Match: Event 21304953, Lines 2
Match: Event 21305704, Lines 2
[31%] 	 9,714/31,335 	 04:18:04
Match: Event 21306428, Lines 2
Match: Event 21306554, Lines 2
Match: Event 21307507, Lines 2
Match: Event 21307760, Lines 2
Match: Event 21308010, Lines 2
Match: Event 21308244, Lines 2
Match: Event 21309046, Lines 2
Match: Event 21309639, Lines 2
Match: Event 21310520, Lines 2
Match: Event 21310627, Lines 2
Match: Event 21310704, Lines 2
Match: Event 21310851, Lines 2
Match: Event 21311271, Lines 3
Match: Event 21311838, Lines 2
Match: Event 21311971, Lines 2
Match: Event 21312463, Lines 2
Match: Event 21313064, Lines 2
Match: Event 21313565, Lines 2
Match: Event 21314268, Lines 2
Match: Event 21314606, Lines 2
[32%] 	 10,028/31,335 	 04:30:48
Match: Event 21316275, Lines 2
Match: Event 21316828, Lines 2
Match: Event 21316974, Lines 2
Match: Event 21317579, Lines 2
Match: Event 21318682, Lines 2
Match: Event 21319604, Lines 2
Match: Event 21319908, Lines 2
Match: Event 21320676, Lines 2
Match: Event 21320779, Lines 2
Match: Event 21321600, Lines 3
Match: Event 21321724, Lines 2
Match: Event 21322075, Lines 2
Match: Event 21322756, Lines 2
Match: Event 21323628, Lines 2
Match: Event 21325791, Lines 2
[33%] 	 10,341/31,335 	 04:39:57
Match: Event 21326679, Lines 2
Match: Event 21326803, Lines 2
Match: Event 21326948, Lines 2
Match: Event 21328292, Lines 2
Match: Event 21328798, Lines 2
Match: Event 21330743, Lines 2
Match: Event 21331813, Lines 2
Match: Event 21333772, Lines 2
Match: Event 21334233, Lines 2
Match: Event 21334627, Lines 2
Match: Event 21335040, Lines 2
Match: Event 21335329, Lines 2
Match: Event 21335777, Lines 2
[34%] 	 10,654/31,335 	 04:47:59
Match: Event 21336366, Lines 2
Match: Event 21337751, Lines 2
Match: Event 21338065, Lines 2
Match: Event 21338754, Lines 2
Match: Event 21339084, Lines 2
Match: Event 21339897, Lines 2
Match: Event 21341245, Lines 2
Match: Event 21341459, Lines 2
Match: Event 21342213, Lines 2
Match: Event 21342509, Lines 2
Match: Event 21342904, Lines 3
Match: Event 21342972, Lines 3
Match: Event 21343655, Lines 2
Match: Event 21343666, Lines 2
Match: Event 21343680, Lines 3
Match: Event 21343827, Lines 2
Match: Event 21343915, Lines 2
Match: Event 21344242, Lines 2
Match: Event 21344287, Lines 2
Match: Event 21344542, Lines 3
Match: Event 21346124, Lines 2
Match: Event 21346204, Lines 2
[35%] 	 10,968/31,335 	 04:56:46
Match: Event 21346794, Lines 2
Match: Event 21347501, Lines 2
Match: Event 21348882, Lines 2
Match: Event 21349276, Lines 2
Match: Event 21350897, Lines 2
Match: Event 21351406, Lines 2
Match: Event 21351448, Lines 2
Match: Event 21351656, Lines 2
Match: Event 21355183, Lines 2
Match: Event 21355751, Lines 2
Match: Event 21356267, Lines 2
[36%] 	 11,281/31,335 	 05:05:32
Match: Event 21356578, Lines 3
Match: Event 21357101, Lines 2
Match: Event 21357108, Lines 2
Match: Event 21358367, Lines 2
Match: Event 21358555, Lines 2
Match: Event 21358864, Lines 2
Match: Event 21359093, Lines 2
Match: Event 21359933, Lines 2
Match: Event 21361475, Lines 2
Match: Event 21362349, Lines 3
Match: Event 21362992, Lines 2
Match: Event 21363088, Lines 2
Match: Event 21364147, Lines 2
Match: Event 21365485, Lines 2
Match: Event 21365779, Lines 2
[37%] 	 11,594/31,335 	 05:13:19
Match: Event 21367574, Lines 2
Match: Event 21367666, Lines 3
Match: Event 21367802, Lines 2
Match: Event 21367917, Lines 2
Match: Event 21368159, Lines 2
Match: Event 21369155, Lines 2
Match: Event 21369173, Lines 2
Match: Event 21369299, Lines 2
Match: Event 21370143, Lines 2
Match: Event 21372214, Lines 2
Match: Event 21372647, Lines 2
Match: Event 21373670, Lines 2
Match: Event 21374398, Lines 2
Match: Event 21374461, Lines 2
Match: Event 21374692, Lines 2
Match: Event 21374832, Lines 2
Match: Event 21376041, Lines 2
Match: Event 21376783, Lines 2
Match: Event 21376952, Lines 2
[38%] 	 11,908/31,335 	 05:23:25
Match: Event 21377716, Lines 2
Match: Event 21380889, Lines 2
Match: Event 21381510, Lines 2
Match: Event 21382480, Lines 2
Match: Event 21382589, Lines 2
Match: Event 21384428, Lines 2
Match: Event 21384736, Lines 2
Match: Event 21384814, Lines 2
Match: Event 21385141, Lines 2
Match: Event 21385306, Lines 2
Match: Event 21386145, Lines 2
[39%] 	 12,221/31,335 	 05:32:28
Match: Event 21387493, Lines 2
Match: Event 21388221, Lines 2
Match: Event 21388480, Lines 2
Match: Event 21389554, Lines 2
Match: Event 21390401, Lines 2
Match: Event 21391661, Lines 2
Match: Event 21392223, Lines 2
Match: Event 21392229, Lines 2
Match: Event 21392242, Lines 2
Match: Event 21392328, Lines 2
Match: Event 21392795, Lines 2
Match: Event 21394025, Lines 2
Match: Event 21394034, Lines 2
Match: Event 21395357, Lines 2
Match: Event 21396945, Lines 2
[40%] 	 12,534/31,335 	 05:41:14
Match: Event 21397375, Lines 2
Match: Event 21397758, Lines 2
Match: Event 21398627, Lines 2
Match: Event 21399068, Lines 2
Match: Event 21399615, Lines 2
Match: Event 21399780, Lines 2
Match: Event 21399897, Lines 2
Match: Event 21399962, Lines 2
Match: Event 21400183, Lines 3
Match: Event 21400698, Lines 2
Match: Event 21401361, Lines 2
Match: Event 21401858, Lines 2
Match: Event 21402686, Lines 2
Match: Event 21403082, Lines 2
Match: Event 21404244, Lines 2
Match: Event 21405644, Lines 2
Match: Event 21405952, Lines 2
Match: Event 21407732, Lines 2
[41%] 	 12,848/31,335 	 05:50:36
Match: Event 21407736, Lines 2
Match: Event 21408608, Lines 2
Match: Event 21409140, Lines 2
Match: Event 21409307, Lines 2
Match: Event 21411297, Lines 2
Match: Event 21411401, Lines 2
Match: Event 21412168, Lines 2
Match: Event 21412530, Lines 2
Match: Event 21413807, Lines 2
Match: Event 21414644, Lines 2
Match: Event 21415235, Lines 2
Match: Event 21415563, Lines 2
Match: Event 21416212, Lines 2
[42%] 	 13,161/31,335 	 06:00:11
Match: Event 21418946, Lines 2
Match: Event 21420413, Lines 2
Match: Event 21420670, Lines 2
Match: Event 21421028, Lines 2
Match: Event 21421496, Lines 2
Match: Event 21421677, Lines 2
Match: Event 21421860, Lines 2
Match: Event 21422923, Lines 2
Match: Event 21423115, Lines 2
Match: Event 21423556, Lines 2
Match: Event 21423728, Lines 2
Match: Event 21423888, Lines 2
Match: Event 21424070, Lines 2
Match: Event 21424108, Lines 2
Match: Event 21425929, Lines 3
Match: Event 21427669, Lines 2
[43%] 	 13,475/31,335 	 06:09:33
Match: Event 21430514, Lines 2
Match: Event 21430668, Lines 2
Match: Event 21433063, Lines 3
Match: Event 21433466, Lines 2
Match: Event 21434256, Lines 2
Match: Event 21435417, Lines 2
Match: Event 21435460, Lines 2
Match: Event 21435971, Lines 2
Match: Event 21436178, Lines 2
[44%] 	 13,788/31,335 	 06:18:58
Match: Event 21439193, Lines 2
Match: Event 21439288, Lines 2
Match: Event 21440010, Lines 2
Match: Event 21440033, Lines 2
Match: Event 21441460, Lines 2
Match: Event 21441503, Lines 2
Match: Event 21441659, Lines 2
Match: Event 21441780, Lines 2
Match: Event 21444263, Lines 2
Match: Event 21444354, Lines 3
Match: Event 21445360, Lines 2
Match: Event 21445898, Lines 2
Match: Event 21446313, Lines 2
Match: Event 21446426, Lines 2
Match: Event 21447730, Lines 2
Match: Event 21447802, Lines 2
Match: Event 21448057, Lines 2
Match: Event 21448452, Lines 2
Match: Event 21448673, Lines 2
[45%] 	 14,101/31,335 	 06:28:01
Match: Event 21449557, Lines 2
Match: Event 21450318, Lines 2
Match: Event 21450449, Lines 2
Match: Event 21452064, Lines 2
Match: Event 21452445, Lines 2
Match: Event 21453114, Lines 2
Match: Event 21453690, Lines 2
Match: Event 21454192, Lines 2
Match: Event 21457056, Lines 2
Match: Event 21457576, Lines 2
Match: Event 21457749, Lines 2
Match: Event 21459027, Lines 2
[46%] 	 14,415/31,335 	 06:36:17
Match: Event 21459680, Lines 2
Match: Event 21462517, Lines 2
Match: Event 21462913, Lines 2
Match: Event 21464646, Lines 2
Match: Event 21465446, Lines 2
Match: Event 21466064, Lines 2
Match: Event 21466895, Lines 2
Match: Event 21467030, Lines 2
Match: Event 21469404, Lines 3
Match: Event 21469737, Lines 2
[47%] 	 14,728/31,335 	 06:44:18
Match: Event 21469930, Lines 2
Match: Event 21471309, Lines 2
Match: Event 21471608, Lines 2
Match: Event 21472426, Lines 2
Match: Event 21472617, Lines 2
Match: Event 21474047, Lines 2
Match: Event 21474212, Lines 2
Match: Event 21474267, Lines 2
Match: Event 21474364, Lines 2
Match: Event 21475371, Lines 2
Match: Event 21475727, Lines 2
Match: Event 21476139, Lines 3
Match: Event 21477458, Lines 2
Match: Event 21477505, Lines 2
Match: Event 21477558, Lines 2
Match: Event 21477847, Lines 2
Match: Event 21478831, Lines 2
Match: Event 21479287, Lines 2
Match: Event 21479572, Lines 2
[48%] 	 15,041/31,335 	 06:52:48
Match: Event 21479979, Lines 2
Match: Event 21481691, Lines 2
Match: Event 21482104, Lines 2
Match: Event 21483751, Lines 2
Match: Event 21484558, Lines 2
Match: Event 21484653, Lines 2
Match: Event 21485256, Lines 2
Match: Event 21485718, Lines 2
Match: Event 21485756, Lines 2
Match: Event 21486014, Lines 2
Match: Event 21486229, Lines 2
Match: Event 21486928, Lines 2
Match: Event 21488487, Lines 2
Match: Event 21488517, Lines 2
Match: Event 21488753, Lines 2
Match: Event 21489230, Lines 2
Match: Event 21489312, Lines 2
[49%] 	 15,355/31,335 	 07:00:43
Match: Event 21490644, Lines 2
Match: Event 21492891, Lines 2
Match: Event 21492921, Lines 2
Match: Event 21493142, Lines 2
Match: Event 21493358, Lines 2
Match: Event 21495186, Lines 2
Match: Event 21495653, Lines 2
Match: Event 21496149, Lines 2
Match: Event 21497393, Lines 2
Match: Event 21497447, Lines 2
Match: Event 21497473, Lines 2
Match: Event 21497934, Lines 2
Match: Event 21498115, Lines 2
Match: Event 21498397, Lines 2
Match: Event 21499316, Lines 2
[50%] 	 15,668/31,335 	 07:08:42
Match: Event 21500327, Lines 2
Match: Event 21500452, Lines 2
Match: Event 21500461, Lines 2
Match: Event 21501067, Lines 3
Match: Event 21501579, Lines 2
Match: Event 21501857, Lines 2
Match: Event 21502251, Lines 2
Match: Event 21503319, Lines 2
Match: Event 21506891, Lines 2
Match: Event 21507398, Lines 2
Match: Event 21508520, Lines 2
Match: Event 21508645, Lines 2
Match: Event 21508771, Lines 2
Match: Event 21509438, Lines 2
[51%] 	 15,981/31,335 	 07:18:19
Match: Event 21511283, Lines 2
Match: Event 21511313, Lines 2
Match: Event 21511411, Lines 2
Match: Event 21511981, Lines 2
Match: Event 21512049, Lines 2
Match: Event 21512384, Lines 2
Match: Event 21512639, Lines 3
Match: Event 21512800, Lines 2
Match: Event 21513085, Lines 2
Match: Event 21513717, Lines 2
Match: Event 21513771, Lines 3
Match: Event 21515172, Lines 2
Match: Event 21519336, Lines 2
[52%] 	 16,295/31,335 	 07:27:27
Match: Event 21519808, Lines 2
Match: Event 21520669, Lines 2
Match: Event 21520709, Lines 2
Match: Event 21520907, Lines 2
Match: Event 21522692, Lines 2
Match: Event 21524197, Lines 3
Match: Event 21524258, Lines 2
Match: Event 21526020, Lines 2
Match: Event 21526345, Lines 2
Match: Event 21527045, Lines 2
Match: Event 21527305, Lines 2
Match: Event 21528012, Lines 2
Match: Event 21528044, Lines 2
Match: Event 21528972, Lines 2
[53%] 	 16,608/31,335 	 07:36:43
Match: Event 21530461, Lines 2
Match: Event 21530907, Lines 2
Match: Event 21531697, Lines 2
Match: Event 21532728, Lines 3
Match: Event 21533458, Lines 3
Match: Event 21533562, Lines 2
Match: Event 21533758, Lines 2
Match: Event 21534285, Lines 2
Match: Event 21535017, Lines 2
Match: Event 21535056, Lines 2
Match: Event 21537062, Lines 2
Match: Event 21538961, Lines 2
[54%] 	 16,921/31,335 	 07:45:15
Match: Event 21540336, Lines 2
Match: Event 21541213, Lines 2
Match: Event 21541682, Lines 2
Match: Event 21542490, Lines 2
Match: Event 21543579, Lines 2
Match: Event 21544375, Lines 2
Match: Event 21544562, Lines 2
Match: Event 21546025, Lines 2
Match: Event 21548395, Lines 2
Match: Event 21549083, Lines 2
Match: Event 21549760, Lines 2
Match: Event 21549812, Lines 2
Match: Event 21550070, Lines 2
[55%] 	 17,235/31,335 	 07:54:05
Match: Event 21550894, Lines 2
Match: Event 21551794, Lines 2
Match: Event 21552795, Lines 2
Match: Event 21554418, Lines 2
Match: Event 21557127, Lines 2
Match: Event 21557162, Lines 2
Match: Event 21557177, Lines 2
Match: Event 21557593, Lines 2
Match: Event 21558209, Lines 2
Match: Event 21558286, Lines 2
Match: Event 21558622, Lines 2
Match: Event 21558636, Lines 2
Match: Event 21559093, Lines 2
[56%] 	 17,548/31,335 	 08:02:10
Match: Event 21559916, Lines 2
Match: Event 21560975, Lines 2
Match: Event 21560978, Lines 2
Match: Event 21561040, Lines 2
Match: Event 21561346, Lines 2
Match: Event 21561682, Lines 2
Match: Event 21561816, Lines 2
Match: Event 21562939, Lines 2
Match: Event 21563071, Lines 2
Match: Event 21564100, Lines 2
Match: Event 21564897, Lines 2
Match: Event 21566716, Lines 2
Match: Event 21567807, Lines 2
Match: Event 21567827, Lines 2
Match: Event 21568414, Lines 2
Match: Event 21569090, Lines 2
Match: Event 21569105, Lines 2
[57%] 	 17,861/31,335 	 08:09:36
Match: Event 21570684, Lines 3
Match: Event 21571607, Lines 2
Match: Event 21573259, Lines 2
Match: Event 21575568, Lines 2
Match: Event 21575613, Lines 2
Match: Event 21575698, Lines 2
Match: Event 21576243, Lines 2
Match: Event 21577649, Lines 2
Match: Event 21577799, Lines 2
[58%] 	 18,175/31,335 	 08:17:47
Match: Event 21579848, Lines 2
Match: Event 21579886, Lines 2
Match: Event 21580500, Lines 3
Match: Event 21580615, Lines 3
Match: Event 21581725, Lines 2
Match: Event 21581957, Lines 2
Match: Event 21583132, Lines 2
Match: Event 21584388, Lines 2
Match: Event 21584405, Lines 2
Match: Event 21584717, Lines 2
Match: Event 21584887, Lines 2
Match: Event 21584924, Lines 2
Match: Event 21584942, Lines 2
Match: Event 21585363, Lines 2
Match: Event 21586740, Lines 2
Match: Event 21586758, Lines 2
Match: Event 21588542, Lines 2
Match: Event 21589291, Lines 2
[59%] 	 18,488/31,335 	 08:25:26
Match: Event 21591536, Lines 2
Match: Event 21592190, Lines 2
Match: Event 21592282, Lines 2
Match: Event 21597413, Lines 2
Match: Event 21597927, Lines 2
Match: Event 21598165, Lines 2
[60%] 	 18,801/31,335 	 08:33:12
Match: Event 21601944, Lines 2
Match: Event 21602190, Lines 2
Match: Event 21602278, Lines 2
Match: Event 21602434, Lines 2
Match: Event 21602853, Lines 2
Match: Event 21603144, Lines 2
Match: Event 21603960, Lines 2
Match: Event 21604147, Lines 2
Match: Event 21604221, Lines 2
Match: Event 21605743, Lines 2
Match: Event 21605976, Lines 2
Match: Event 21608665, Lines 2
Match: Event 21609404, Lines 2
Match: Event 21610473, Lines 2
[61%] 	 19,115/31,335 	 08:41:00
Match: Event 21612289, Lines 2
Match: Event 21613710, Lines 2
Match: Event 21614340, Lines 2
Match: Event 21614471, Lines 2
Match: Event 21614692, Lines 2
Match: Event 21614998, Lines 2
Match: Event 21615996, Lines 2
Match: Event 21616793, Lines 2
Match: Event 21617402, Lines 2
Match: Event 21618016, Lines 2
Match: Event 21618886, Lines 2
Match: Event 21620190, Lines 2
[62%] 	 19,428/31,335 	 08:49:15
Match: Event 21623051, Lines 2
Match: Event 21623231, Lines 2
Match: Event 21623635, Lines 2
Match: Event 21624533, Lines 2
Match: Event 21624703, Lines 3
Match: Event 21625177, Lines 2
Match: Event 21625211, Lines 2
Match: Event 21626674, Lines 2
Match: Event 21627511, Lines 2
Match: Event 21627835, Lines 2
Match: Event 21629285, Lines 2
Match: Event 21629344, Lines 2
Match: Event 21631301, Lines 2
Match: Event 21631334, Lines 2
[63%] 	 19,742/31,335 	 08:57:15
Match: Event 21634051, Lines 2
Match: Event 21636456, Lines 2
Match: Event 21636559, Lines 2
Match: Event 21636796, Lines 2
Match: Event 21638330, Lines 2
Match: Event 21638482, Lines 2
Match: Event 21638510, Lines 2
Match: Event 21638594, Lines 2
Match: Event 21639204, Lines 2
Match: Event 21639347, Lines 2
Match: Event 21639839, Lines 2
Match: Event 21639908, Lines 2
Match: Event 21641508, Lines 2
Match: Event 21642156, Lines 2
[64%] 	 20,055/31,335 	 09:05:12
Match: Event 21642368, Lines 2
Match: Event 21642898, Lines 2
Match: Event 21643214, Lines 3
Match: Event 21644196, Lines 2
Match: Event 21644291, Lines 2
Match: Event 21644305, Lines 2
Match: Event 21644640, Lines 2
Match: Event 21644717, Lines 2
Match: Event 21646017, Lines 3
Match: Event 21647252, Lines 2
Match: Event 21647984, Lines 2
Match: Event 21648229, Lines 2
Match: Event 21649659, Lines 2
Match: Event 21649690, Lines 2
Match: Event 21649778, Lines 2
Match: Event 21650548, Lines 2
Match: Event 21650703, Lines 2
[65%] 	 20,368/31,335 	 09:13:02
Match: Event 21652133, Lines 2
Match: Event 21654083, Lines 2
Match: Event 21654452, Lines 2
Match: Event 21654538, Lines 2
Match: Event 21655117, Lines 2
Match: Event 21655797, Lines 2
Match: Event 21656473, Lines 2
Match: Event 21657986, Lines 2
Match: Event 21658733, Lines 2
Match: Event 21658917, Lines 2
Match: Event 21659689, Lines 2
[66%] 	 20,682/31,335 	 09:20:50
Match: Event 21661796, Lines 3
Match: Event 21662695, Lines 2
Match: Event 21663677, Lines 2
Match: Event 21664101, Lines 2
Match: Event 21664175, Lines 2
Match: Event 21664935, Lines 2
Match: Event 21665479, Lines 2
Match: Event 21665558, Lines 2
Match: Event 21666110, Lines 2
Match: Event 21666222, Lines 3
Match: Event 21666432, Lines 2
Match: Event 21667515, Lines 2
Match: Event 21668707, Lines 2
Match: Event 21669320, Lines 2
Match: Event 21670199, Lines 2
Match: Event 21670487, Lines 2
Match: Event 21670704, Lines 2
Match: Event 21671093, Lines 2
[67%] 	 20,995/31,335 	 09:28:17
Match: Event 21671763, Lines 2
Match: Event 21671871, Lines 2
Match: Event 21672980, Lines 2
Match: Event 21673228, Lines 2
Match: Event 21674517, Lines 2
Match: Event 21677126, Lines 2
Match: Event 21677356, Lines 2
Match: Event 21677437, Lines 2
Match: Event 21677993, Lines 2
Match: Event 21678083, Lines 2
Match: Event 21678795, Lines 2
Match: Event 21679597, Lines 2
Match: Event 21679890, Lines 2
Match: Event 21680152, Lines 2
Match: Event 21680843, Lines 2
[68%] 	 21,308/31,335 	 09:35:30
Match: Event 21681271, Lines 2
Match: Event 21681540, Lines 2
Match: Event 21682475, Lines 3
Match: Event 21682495, Lines 2
Match: Event 21684250, Lines 2
Match: Event 21684710, Lines 2
Match: Event 21685241, Lines 2
Match: Event 21685301, Lines 2
Match: Event 21685921, Lines 2
Match: Event 21685962, Lines 2
Match: Event 21686547, Lines 2
Match: Event 21687340, Lines 2
Match: Event 21687363, Lines 2
Match: Event 21687703, Lines 2
Match: Event 21687843, Lines 2
Match: Event 21688488, Lines 2
Match: Event 21688512, Lines 2
Match: Event 21690263, Lines 2
[69%] 	 21,622/31,335 	 09:43:30
Match: Event 21690903, Lines 2
Match: Event 21691538, Lines 2
Match: Event 21691546, Lines 2
Match: Event 21692141, Lines 2
Match: Event 21692333, Lines 2
Match: Event 21693722, Lines 2
Match: Event 21694964, Lines 2
Match: Event 21695299, Lines 2
Match: Event 21696267, Lines 2
Match: Event 21696452, Lines 2
Match: Event 21696482, Lines 3
Match: Event 21696678, Lines 3
Match: Event 21697538, Lines 2
Match: Event 21697540, Lines 2
Match: Event 21698488, Lines 3
Match: Event 21698921, Lines 2
Match: Event 21699705, Lines 2
Match: Event 21700285, Lines 2
[70%] 	 21,935/31,335 	 09:51:26
Match: Event 21700855, Lines 2
Match: Event 21701053, Lines 2
Match: Event 21702121, Lines 3
Match: Event 21702614, Lines 2
Match: Event 21703603, Lines 2
Match: Event 21704102, Lines 2
Match: Event 21704399, Lines 2
Match: Event 21707602, Lines 2
Match: Event 21708490, Lines 2
Match: Event 21708545, Lines 2
Match: Event 21709786, Lines 2
[71%] 	 22,248/31,335 	 09:59:22
Match: Event 21710551, Lines 2
Match: Event 21711398, Lines 2
Match: Event 21711765, Lines 2
Match: Event 21712506, Lines 2
Match: Event 21713091, Lines 2
Match: Event 21714460, Lines 2
Match: Event 21714657, Lines 2
Match: Event 21715917, Lines 2
Match: Event 21717089, Lines 2
Match: Event 21718382, Lines 2
Match: Event 21719146, Lines 2
Match: Event 21720214, Lines 3
[72%] 	 22,562/31,335 	 10:07:08
Match: Event 21721214, Lines 2
Match: Event 21721825, Lines 2
Match: Event 21722350, Lines 2
Match: Event 21723429, Lines 2
Match: Event 21723542, Lines 2
Match: Event 21725604, Lines 2
Match: Event 21726491, Lines 2
Match: Event 21726937, Lines 2
Match: Event 21726961, Lines 2
Match: Event 21727649, Lines 3
Match: Event 21727836, Lines 2
Match: Event 21728253, Lines 2
Match: Event 21728394, Lines 2
Match: Event 21729745, Lines 2
[73%] 	 22,875/31,335 	 10:14:23
Match: Event 21731047, Lines 2
Match: Event 21734154, Lines 2
Match: Event 21734567, Lines 2
Match: Event 21736054, Lines 2
Match: Event 21736149, Lines 2
Match: Event 21736278, Lines 2
Match: Event 21738035, Lines 2
Match: Event 21739160, Lines 2
Match: Event 21739520, Lines 2
Match: Event 21739552, Lines 3
Match: Event 21740025, Lines 2
Match: Event 21740921, Lines 2
Match: Event 21740964, Lines 2
Match: Event 21741020, Lines 2
[74%] 	 23,188/31,335 	 10:21:47
Match: Event 21741914, Lines 2
Match: Event 21743021, Lines 2
Match: Event 21743449, Lines 2
Match: Event 21743836, Lines 2
Match: Event 21744022, Lines 2
Match: Event 21744290, Lines 2
Match: Event 21744928, Lines 2
Match: Event 21744950, Lines 2
Match: Event 21748151, Lines 2
Match: Event 21749493, Lines 2
Match: Event 21749856, Lines 2
Match: Event 21750249, Lines 2
Match: Event 21750611, Lines 2
Match: Event 21751162, Lines 2
Match: Event 21751188, Lines 2
[75%] 	 23,502/31,335 	 10:30:19
Match: Event 21752063, Lines 2
Match: Event 21752308, Lines 2
Match: Event 21753693, Lines 2
Match: Event 21753886, Lines 3
Match: Event 21755358, Lines 2
Match: Event 21755631, Lines 2
Match: Event 21755875, Lines 2
Match: Event 21755888, Lines 2
Match: Event 21757093, Lines 2
Match: Event 21757159, Lines 2
Match: Event 21758159, Lines 2
Match: Event 21760382, Lines 2
Match: Event 21760726, Lines 2
Match: Event 21761007, Lines 2
[76%] 	 23,815/31,335 	 10:37:51
Match: Event 21761791, Lines 2
Match: Event 21765089, Lines 2
Match: Event 21765565, Lines 2
Match: Event 21765768, Lines 2
Match: Event 21765899, Lines 2
Match: Event 21767010, Lines 2
Match: Event 21767804, Lines 2
Match: Event 21768270, Lines 2
Match: Event 21768919, Lines 2
Match: Event 21769258, Lines 2
[77%] 	 24,128/31,335 	 10:45:28
Match: Event 21770743, Lines 3
Match: Event 21771250, Lines 2
Match: Event 21771429, Lines 3
Match: Event 21771515, Lines 2
Match: Event 21773199, Lines 2
Match: Event 21774091, Lines 2
Match: Event 21774243, Lines 2
Match: Event 21774795, Lines 2
Match: Event 21775250, Lines 2
Match: Event 21776017, Lines 2
Match: Event 21776805, Lines 2
Match: Event 21776889, Lines 2
Match: Event 21777227, Lines 2
Match: Event 21777423, Lines 2
Match: Event 21778446, Lines 2
Match: Event 21778760, Lines 2
Match: Event 21778991, Lines 3
Match: Event 21779255, Lines 2
Match: Event 21779508, Lines 2
Match: Event 21779747, Lines 2
Match: Event 21780461, Lines 2
[78%] 	 24,442/31,335 	 10:52:56
Match: Event 21782021, Lines 2
Match: Event 21782407, Lines 2
Match: Event 21784734, Lines 2
Match: Event 21786493, Lines 2
Match: Event 21786864, Lines 2
Match: Event 21787231, Lines 2
Match: Event 21788871, Lines 2
Match: Event 21789610, Lines 2
Match: Event 21790473, Lines 2
[79%] 	 24,755/31,335 	 11:01:15
Match: Event 21790973, Lines 2
Match: Event 21791068, Lines 2
Match: Event 21792533, Lines 2
Match: Event 21793030, Lines 2
Match: Event 21793076, Lines 2
Match: Event 21793396, Lines 2
Match: Event 21793524, Lines 3
Match: Event 21794177, Lines 3
Match: Event 21796427, Lines 2
Match: Event 21799185, Lines 3
Match: Event 21799584, Lines 2
Match: Event 21800527, Lines 2
Match: Event 21800647, Lines 2
[80%] 	 25,068/31,335 	 11:08:20
Match: Event 21801658, Lines 2
Match: Event 21802244, Lines 2
Match: Event 21803853, Lines 2
Match: Event 21805121, Lines 2
Match: Event 21807021, Lines 2
Match: Event 21807101, Lines 2
Match: Event 21807265, Lines 2
Match: Event 21809270, Lines 2
Match: Event 21809462, Lines 2
Match: Event 21810582, Lines 2
Match: Event 21810666, Lines 2
Match: Event 21811212, Lines 2
[81%] 	 25,382/31,335 	 11:15:30
Match: Event 21811806, Lines 2
Match: Event 21811839, Lines 2
Match: Event 21812385, Lines 2
Match: Event 21813582, Lines 2
Match: Event 21814071, Lines 2
Match: Event 21815732, Lines 2
Match: Event 21816512, Lines 2
Match: Event 21816849, Lines 2
Match: Event 21817294, Lines 2
Match: Event 21817552, Lines 2
Match: Event 21817713, Lines 2
[82%] 	 25,695/31,335 	 11:22:41
Match: Event 21820821, Lines 2
Match: Event 21822000, Lines 2
Match: Event 21824784, Lines 2
Match: Event 21825574, Lines 2
Match: Event 21825974, Lines 3
Match: Event 21825975, Lines 2
Match: Event 21826051, Lines 2
Match: Event 21826388, Lines 2
Match: Event 21826472, Lines 2
Match: Event 21826832, Lines 2
Match: Event 21827911, Lines 2
Match: Event 21828038, Lines 2
Match: Event 21828273, Lines 2
Match: Event 21829721, Lines 2
Match: Event 21830539, Lines 2
[83%] 	 26,009/31,335 	 11:30:12
Match: Event 21830622, Lines 2
Match: Event 21831329, Lines 2
Match: Event 21831746, Lines 2
Match: Event 21832286, Lines 2
Match: Event 21833381, Lines 2
Match: Event 21833490, Lines 2
Match: Event 21834599, Lines 2
Match: Event 21835781, Lines 2
Match: Event 21835925, Lines 2
Match: Event 21837584, Lines 2
Match: Event 21838298, Lines 2
Match: Event 21838794, Lines 3
Match: Event 21839578, Lines 2
[84%] 	 26,322/31,335 	 11:37:40
Match: Event 21840947, Lines 2
Match: Event 21841352, Lines 3
Match: Event 21842424, Lines 2
Match: Event 21844268, Lines 2
Match: Event 21844533, Lines 2
Match: Event 21845209, Lines 2
Match: Event 21847207, Lines 2
Match: Event 21847568, Lines 2
Match: Event 21848719, Lines 2
Match: Event 21850419, Lines 2
Match: Event 21850510, Lines 2
Match: Event 21850600, Lines 2
Match: Event 21851131, Lines 2
[85%] 	 26,635/31,335 	 11:45:16
Match: Event 21851534, Lines 2
Match: Event 21851793, Lines 2
Match: Event 21856307, Lines 2
Match: Event 21857518, Lines 2
Match: Event 21857582, Lines 2
Match: Event 21858568, Lines 2
Match: Event 21859275, Lines 2
Match: Event 21859382, Lines 2
Match: Event 21860391, Lines 2
Match: Event 21860520, Lines 2
Match: Event 21860615, Lines 2
[86%] 	 26,949/31,335 	 11:53:19
Match: Event 21861762, Lines 2
Match: Event 21861936, Lines 2
Match: Event 21862356, Lines 2
Match: Event 21863096, Lines 2
Match: Event 21863819, Lines 2
Match: Event 21865524, Lines 2
Match: Event 21866003, Lines 2
Match: Event 21866535, Lines 2
Match: Event 21866578, Lines 2
Match: Event 21868928, Lines 2
Match: Event 21869377, Lines 2
Match: Event 21869621, Lines 2
Match: Event 21870640, Lines 2
Match: Event 21870858, Lines 2
[87%] 	 27,262/31,335 	 12:00:58
Match: Event 21871926, Lines 2
Match: Event 21872643, Lines 2
Match: Event 21872973, Lines 2
Match: Event 21874009, Lines 2
Match: Event 21876293, Lines 2
Match: Event 21876637, Lines 2
Match: Event 21877068, Lines 2
Match: Event 21879455, Lines 2
Match: Event 21879998, Lines 2
Match: Event 21880797, Lines 2
Match: Event 21880902, Lines 2
Match: Event 21881332, Lines 2
[88%] 	 27,575/31,335 	 12:08:14
Match: Event 21883609, Lines 2
Match: Event 21884823, Lines 2
Match: Event 21886547, Lines 2
Match: Event 21888399, Lines 2
Match: Event 21888795, Lines 2
Match: Event 21889037, Lines 2
Match: Event 21889073, Lines 2
Match: Event 21889555, Lines 2
Match: Event 21890225, Lines 2
Match: Event 21890330, Lines 2
Match: Event 21890670, Lines 2
Match: Event 21890757, Lines 2
Match: Event 21891527, Lines 2
Match: Event 21891759, Lines 2
Match: Event 21892037, Lines 2
Match: Event 21892254, Lines 2
[89%] 	 27,889/31,335 	 12:15:32
Match: Event 21892488, Lines 2
Match: Event 21892623, Lines 2
Match: Event 21893017, Lines 2
Match: Event 21893074, Lines 2
Match: Event 21895194, Lines 2
Match: Event 21895445, Lines 2
Match: Event 21896291, Lines 2
Match: Event 21896579, Lines 2
Match: Event 21897283, Lines 2
Match: Event 21898440, Lines 2
Match: Event 21898556, Lines 2
Match: Event 21900334, Lines 2
Match: Event 21900867, Lines 2
[90%] 	 28,202/31,335 	 12:22:49
Match: Event 21901764, Lines 2
Match: Event 21901780, Lines 2
Match: Event 21903916, Lines 2
Match: Event 21905083, Lines 2
Match: Event 21905755, Lines 2
Match: Event 21907131, Lines 2
Match: Event 21907442, Lines 2
Match: Event 21907619, Lines 2
Match: Event 21909116, Lines 2
Match: Event 21909763, Lines 2
Match: Event 21910906, Lines 2
Match: Event 21911124, Lines 2
[91%] 	 28,515/31,335 	 12:30:03
Match: Event 21912740, Lines 2
Match: Event 21915707, Lines 2
Match: Event 21915847, Lines 2
Match: Event 21917489, Lines 2
Match: Event 21917916, Lines 2
Match: Event 21918677, Lines 2
Match: Event 21919166, Lines 2
Match: Event 21920349, Lines 2
Match: Event 21920376, Lines 2
Match: Event 21920966, Lines 2
Match: Event 21921275, Lines 2
[92%] 	 28,829/31,335 	 12:37:11
Match: Event 21921610, Lines 2
Match: Event 21922093, Lines 2
Match: Event 21923735, Lines 2
Match: Event 21924153, Lines 2
Match: Event 21925568, Lines 2
Match: Event 21926647, Lines 2
Match: Event 21926709, Lines 2
Match: Event 21926901, Lines 2
Match: Event 21927793, Lines 2
Match: Event 21929549, Lines 2
Match: Event 21929735, Lines 2
Match: Event 21929773, Lines 2
Match: Event 21929799, Lines 2
Match: Event 21929993, Lines 2
[93%] 	 29,142/31,335 	 12:44:52
Match: Event 21931237, Lines 2
Match: Event 21931311, Lines 2
Match: Event 21931531, Lines 2
Match: Event 21931615, Lines 2
Match: Event 21931824, Lines 2
Match: Event 21931885, Lines 3
Match: Event 21932177, Lines 2
Match: Event 21933731, Lines 2
Match: Event 21933787, Lines 2
Match: Event 21935264, Lines 2
Match: Event 21935840, Lines 2
Match: Event 21936603, Lines 2
Match: Event 21937789, Lines 2
Match: Event 21938108, Lines 2
Match: Event 21938402, Lines 2
Match: Event 21938794, Lines 2
Match: Event 21938896, Lines 2
Match: Event 21939117, Lines 2
Match: Event 21939327, Lines 2
Match: Event 21939735, Lines 2
Match: Event 21939802, Lines 2
[94%] 	 29,455/31,335 	 12:52:00
Match: Event 21940778, Lines 2
Match: Event 21941264, Lines 2
Match: Event 21942139, Lines 2
Match: Event 21942612, Lines 2
Match: Event 21943078, Lines 3
Match: Event 21944438, Lines 2
Match: Event 21947166, Lines 3
Match: Event 21947239, Lines 2
Match: Event 21947513, Lines 2
Match: Event 21948444, Lines 2
Match: Event 21948525, Lines 3
Match: Event 21948675, Lines 2
Match: Event 21948688, Lines 2
Match: Event 21948889, Lines 2
Match: Event 21949333, Lines 2
Match: Event 21950831, Lines 2
Match: Event 21951502, Lines 2
[95%] 	 29,769/31,335 	 12:59:23
Match: Event 21951601, Lines 2
Match: Event 21952488, Lines 2
Match: Event 21952873, Lines 2
Match: Event 21953608, Lines 2
Match: Event 21954439, Lines 2
Match: Event 21954442, Lines 2
Match: Event 21955156, Lines 2
Match: Event 21955478, Lines 2
Match: Event 21956482, Lines 2
Match: Event 21957242, Lines 2
Match: Event 21958542, Lines 3
Match: Event 21958616, Lines 2
Match: Event 21959212, Lines 2
Match: Event 21959694, Lines 2
Match: Event 21959991, Lines 2
Match: Event 21960651, Lines 2
[96%] 	 30,082/31,335 	 13:07:31
Match: Event 21960744, Lines 2
Match: Event 21963043, Lines 2
Match: Event 21963217, Lines 2
Match: Event 21964934, Lines 2
Match: Event 21965511, Lines 2
Match: Event 21965930, Lines 2
Match: Event 21966158, Lines 2
Match: Event 21966327, Lines 2
Match: Event 21968063, Lines 2
Match: Event 21968126, Lines 2
Match: Event 21968204, Lines 2
Match: Event 21968708, Lines 2
Match: Event 21969392, Lines 2
Match: Event 21969834, Lines 2
Match: Event 21969893, Lines 2
[97%] 	 30,395/31,335 	 13:15:10
Match: Event 21970294, Lines 2
Match: Event 21970760, Lines 2
Match: Event 21971044, Lines 2
Match: Event 21971241, Lines 2
Match: Event 21972337, Lines 2
Match: Event 21972834, Lines 2
Match: Event 21973815, Lines 2
Match: Event 21973890, Lines 2
Match: Event 21974464, Lines 2
Match: Event 21975492, Lines 2
Match: Event 21976032, Lines 3
Match: Event 21976055, Lines 2
Match: Event 21976721, Lines 2
Match: Event 21978232, Lines 2
Match: Event 21978854, Lines 2
Match: Event 21978946, Lines 2
[98%] 	 30,709/31,335 	 13:22:27
Match: Event 21980349, Lines 2
Match: Event 21981138, Lines 2
Match: Event 21981799, Lines 2
Match: Event 21981930, Lines 2
Match: Event 21984747, Lines 2
Match: Event 21985686, Lines 2
Match: Event 21986397, Lines 2
Match: Event 21986670, Lines 2
Match: Event 21987817, Lines 2
Match: Event 21988000, Lines 2
Match: Event 21990468, Lines 2
[99%] 	 31,022/31,335 	 13:29:44
Match: Event 21991953, Lines 2
Match: Event 21992341, Lines 2
Match: Event 21993565, Lines 3
Match: Event 21993971, Lines 2
Match: Event 21994795, Lines 2
Match: Event 21994838, Lines 2
Match: Event 21995155, Lines 2
Match: Event 21996085, Lines 2
Match: Event 21996596, Lines 2
Match: Event 21996897, Lines 2
Match: Event 21996980, Lines 2
Match: Event 21997511, Lines 3
Match: Event 21997666, Lines 2
Match: Event 21998736, Lines 2
Match: Event 21998863, Lines 2
Match: Event 21999473, Lines 2
Finished in 49026.70s.
 ~ 5) DONE !
