search libraries in slc9_x86-64
 ~ 1) Base stack loaded.
 ~ Sleeping for 2 seconds to avoid AFS DDOS...
 ~ 2) Loading sndsw environment...
 ~ 3) SNDSW_ROOT is set to: /afs/cern.ch/user/i/idioniso/snd_master/sw-root6.28/rhel9_x86-64/sndsw/master-local1
 ~ 4) Executing tracking script...
[INFO] The input consists out of the following trees and files: 
[INFO]  - rawConv
[INFO]     - root://eoshome-i.cern.ch//eos/user/i/idioniso/tridents/initial_cuts/tridents_sndsw_raw-0301.root
[INFO] FairRootFileSink initialized.
[INFO]  - cbmout
[INFO]     - dummy
[INFO] Parameter and input file are available, Assure that basic info is there for the run!
[INFO] ---FairRootManager::SpecifyRunId --- 
[INFO] --- Initialize with RunId  --- 0

************************************************************* 
     initialisation for run id 0
************************************************************* 
-I- FairRunTimeDB::InitContainer() FairBaseParSet
-I- FairRunTimeDB::InitContainer() FairGeoParSet

************************************************************* 
     initialisation for run id 0
************************************************************* 
-I- FairRunTimeDB::InitContainer() FairBaseParSet
-I- FairRunTimeDB::InitContainer() FairGeoParSet
[INFO]  Branch: Reco_MuonTracks not found in Tree.
using geofile: root://eospublic.cern.ch//eos/experiment/sndlhc/convertedData/physics/2023/geofile_sndlhc_TI18_V3_2023.root
[0%] 	 0/31,604 	 00:00:04
Match: Event 301000374, Lines 2
Match: Event 301001067, Lines 2
Match: Event 301001162, Lines 2
Match: Event 301001639, Lines 2
Match: Event 301001975, Lines 2
Match: Event 301002681, Lines 2
Match: Event 301003088, Lines 2
Match: Event 301003311, Lines 2
Match: Event 301003949, Lines 2
Match: Event 301004318, Lines 2
Match: Event 301004752, Lines 2
Match: Event 301004984, Lines 2
Match: Event 301005076, Lines 2
Match: Event 301005483, Lines 2
Match: Event 301006447, Lines 2
Match: Event 301006997, Lines 2
Match: Event 301007122, Lines 2
Match: Event 301007157, Lines 2
Match: Event 301007702, Lines 2
[1%] 	 317/31,604 	 00:04:33
Match: Event 301010129, Lines 2
Match: Event 301011341, Lines 2
Match: Event 301012587, Lines 2
Match: Event 301013157, Lines 2
Match: Event 301013194, Lines 2
Match: Event 301014031, Lines 2
Match: Event 301014430, Lines 2
Match: Event 301016376, Lines 2
Match: Event 301017338, Lines 2
Match: Event 301017860, Lines 2
[2%] 	 633/31,604 	 00:08:21
Match: Event 301018507, Lines 2
Match: Event 301019141, Lines 2
Match: Event 301019438, Lines 2
Match: Event 301019776, Lines 2
Match: Event 301020154, Lines 2
Match: Event 301020370, Lines 2
Match: Event 301020882, Lines 2
Match: Event 301022107, Lines 2
Match: Event 301022256, Lines 2
Match: Event 301022725, Lines 2
Match: Event 301023606, Lines 2
Match: Event 301024236, Lines 2
Match: Event 301025073, Lines 2
Match: Event 301025359, Lines 2
Match: Event 301025449, Lines 2
Match: Event 301027311, Lines 2
[3%] 	 949/31,604 	 00:12:26
Match: Event 301029417, Lines 2
Match: Event 301030198, Lines 2
Match: Event 301030574, Lines 2
Match: Event 301031212, Lines 2
Match: Event 301031436, Lines 2
Match: Event 301033326, Lines 3
Match: Event 301034573, Lines 2
Match: Event 301035066, Lines 2
Match: Event 301036272, Lines 2
Match: Event 301036325, Lines 2
Match: Event 301036588, Lines 2
[4%] 	 1,265/31,604 	 00:16:30
Match: Event 301036740, Lines 2
Match: Event 301037024, Lines 2
Match: Event 301037353, Lines 2
Match: Event 301038530, Lines 2
Match: Event 301038776, Lines 2
Match: Event 301038863, Lines 2
Match: Event 301039020, Lines 2
Match: Event 301039936, Lines 2
Match: Event 301040136, Lines 2
Match: Event 301040605, Lines 2
Match: Event 301042357, Lines 2
Match: Event 301043359, Lines 2
Match: Event 301044073, Lines 2
Match: Event 301045970, Lines 2
[5%] 	 1,581/31,604 	 00:20:50
Match: Event 301047519, Lines 2
Match: Event 301047727, Lines 2
Match: Event 301047812, Lines 2
Match: Event 301048115, Lines 2
Match: Event 301048474, Lines 2
Match: Event 301053633, Lines 2
Match: Event 301055256, Lines 2
Match: Event 301056047, Lines 2
Match: Event 301056918, Lines 2
[6%] 	 1,897/31,604 	 00:25:36
Match: Event 301057326, Lines 2
Match: Event 301057586, Lines 3
Match: Event 301057846, Lines 2
Match: Event 301058422, Lines 2
Match: Event 301058822, Lines 2
Match: Event 301058841, Lines 2
Match: Event 301061790, Lines 2
Match: Event 301062265, Lines 2
Match: Event 301062677, Lines 2
Match: Event 301063106, Lines 2
Match: Event 301063870, Lines 3
Match: Event 301064776, Lines 2
Match: Event 301065011, Lines 2
Match: Event 301067171, Lines 2
Match: Event 301067175, Lines 2
[7%] 	 2,213/31,604 	 00:30:26
Match: Event 301067357, Lines 2
Match: Event 301067677, Lines 2
Match: Event 301067933, Lines 3
Match: Event 301068091, Lines 2
Match: Event 301068267, Lines 2
Match: Event 301068664, Lines 2
Match: Event 301068895, Lines 2
Match: Event 301068964, Lines 2
Match: Event 301070251, Lines 2
Match: Event 301070849, Lines 2
Match: Event 301071352, Lines 2
Match: Event 301072121, Lines 2
Match: Event 301073099, Lines 2
Match: Event 301073108, Lines 2
Match: Event 301073219, Lines 2
Match: Event 301073971, Lines 2
Match: Event 301076659, Lines 2
[8%] 	 2,529/31,604 	 00:34:59
Match: Event 301078973, Lines 2
Match: Event 301079066, Lines 2
Match: Event 301081132, Lines 2
Match: Event 301081980, Lines 2
Match: Event 301082004, Lines 2
Match: Event 301083366, Lines 2
Match: Event 301085969, Lines 2
Match: Event 301086516, Lines 2
Match: Event 301086748, Lines 2
Match: Event 301087057, Lines 2
Match: Event 301087627, Lines 3
Match: Event 301088356, Lines 2
[9%] 	 2,845/31,604 	 00:39:23
Match: Event 301088653, Lines 2
Match: Event 301089192, Lines 2
Match: Event 301090015, Lines 2
Match: Event 301090152, Lines 2
Match: Event 301090624, Lines 2
Match: Event 301090701, Lines 2
Match: Event 301090780, Lines 2
Match: Event 301090987, Lines 3
Match: Event 301092341, Lines 3
Match: Event 301092579, Lines 2
Match: Event 301093159, Lines 2
Match: Event 301093962, Lines 2
Match: Event 301094731, Lines 3
Match: Event 301095299, Lines 2
Match: Event 301096543, Lines 2
Match: Event 301097155, Lines 2
Match: Event 301097555, Lines 2
Match: Event 301097645, Lines 2
[10%] 	 3,161/31,604 	 00:44:02
Match: Event 301098400, Lines 2
Match: Event 301101719, Lines 2
Match: Event 301102320, Lines 2
Match: Event 301102666, Lines 2
Match: Event 301102770, Lines 2
Match: Event 301103930, Lines 2
Match: Event 301105948, Lines 2
Match: Event 301106421, Lines 2
Match: Event 301106693, Lines 2
[11%] 	 3,477/31,604 	 00:48:35
Match: Event 301108613, Lines 2
Match: Event 301109220, Lines 2
Match: Event 301109416, Lines 3
Match: Event 301109852, Lines 2
Match: Event 301111037, Lines 2
Match: Event 301111644, Lines 2
Match: Event 301112092, Lines 2
Match: Event 301112811, Lines 2
Match: Event 301114003, Lines 3
Match: Event 301114200, Lines 2
Match: Event 301114879, Lines 2
Match: Event 301115300, Lines 2
Match: Event 301115407, Lines 2
Match: Event 301115853, Lines 2
Match: Event 301116738, Lines 2
Match: Event 301117169, Lines 2
Match: Event 301117277, Lines 2
Match: Event 301117916, Lines 2
[12%] 	 3,793/31,604 	 00:52:53
Match: Event 301118387, Lines 2
Match: Event 301119621, Lines 2
Match: Event 301119798, Lines 2
Match: Event 301121863, Lines 2
Match: Event 301123136, Lines 2
Match: Event 301123260, Lines 2
Match: Event 301123653, Lines 2
Match: Event 301125417, Lines 2
Match: Event 301126232, Lines 2
Match: Event 301126645, Lines 2
Match: Event 301127623, Lines 3
Match: Event 301127958, Lines 2
[13%] 	 4,109/31,604 	 00:58:01
Match: Event 301128334, Lines 2
Match: Event 301128690, Lines 2
Match: Event 301128706, Lines 2
Match: Event 301129288, Lines 2
Match: Event 301129289, Lines 2
Match: Event 301129854, Lines 2
Match: Event 301130644, Lines 2
Match: Event 301130745, Lines 2
Match: Event 301131087, Lines 2
Match: Event 301131717, Lines 2
Match: Event 301133241, Lines 2
Match: Event 301133536, Lines 2
Match: Event 301134040, Lines 2
Match: Event 301137508, Lines 2
[14%] 	 4,425/31,604 	 01:02:10
Match: Event 301138658, Lines 2
Match: Event 301139382, Lines 2
Match: Event 301140054, Lines 3
Match: Event 301142221, Lines 2
Match: Event 301142273, Lines 2
Match: Event 301142746, Lines 2
Match: Event 301144534, Lines 2
Match: Event 301144564, Lines 2
Match: Event 301144690, Lines 2
Match: Event 301144885, Lines 2
Match: Event 301145925, Lines 2
Match: Event 301146152, Lines 2
Match: Event 301146185, Lines 2
Match: Event 301146550, Lines 2
Match: Event 301148190, Lines 2
Match: Event 301149187, Lines 2
[15%] 	 4,741/31,604 	 01:06:27
Match: Event 301149673, Lines 2
Match: Event 301149936, Lines 2
Match: Event 301150307, Lines 2
Match: Event 301150409, Lines 2
Match: Event 301150639, Lines 2
Match: Event 301152105, Lines 2
Match: Event 301152413, Lines 2
Match: Event 301152424, Lines 2
Match: Event 301153044, Lines 2
Match: Event 301155945, Lines 2
Match: Event 301156314, Lines 2
Match: Event 301157806, Lines 2
Match: Event 301159451, Lines 2
Match: Event 301159706, Lines 2
Match: Event 301159796, Lines 2
[16%] 	 5,057/31,604 	 01:11:54
Match: Event 301164948, Lines 2
Match: Event 301165130, Lines 2
Match: Event 301165754, Lines 2
Match: Event 301165845, Lines 2
Match: Event 301166473, Lines 2
Match: Event 301166961, Lines 3
Match: Event 301167348, Lines 2
Match: Event 301167481, Lines 2
Match: Event 301167595, Lines 2
Match: Event 301167854, Lines 2
Match: Event 301169334, Lines 2
Match: Event 301169338, Lines 2
[17%] 	 5,373/31,604 	 01:16:40
Match: Event 301170949, Lines 2
Match: Event 301171090, Lines 2
Match: Event 301171304, Lines 2
Match: Event 301171325, Lines 3
Match: Event 301171466, Lines 2
Match: Event 301171711, Lines 2
Match: Event 301172308, Lines 2
Match: Event 301172323, Lines 2
Match: Event 301172368, Lines 2
Match: Event 301172372, Lines 2
Match: Event 301173690, Lines 2
Match: Event 301174790, Lines 2
Match: Event 301175537, Lines 2
Match: Event 301175566, Lines 2
Match: Event 301175703, Lines 2
Match: Event 301176090, Lines 2
Match: Event 301176215, Lines 2
Match: Event 301176741, Lines 2
Match: Event 301176922, Lines 2
Match: Event 301177455, Lines 2
Match: Event 301177789, Lines 2
Match: Event 301179209, Lines 2
Match: Event 301179412, Lines 2
[18%] 	 5,689/31,604 	 01:21:56
Match: Event 301180003, Lines 2
Match: Event 301181134, Lines 2
Match: Event 301181910, Lines 2
Match: Event 301182955, Lines 3
Match: Event 301183322, Lines 2
Match: Event 301183340, Lines 2
Match: Event 301183421, Lines 2
Match: Event 301183967, Lines 2
Match: Event 301185283, Lines 2
Match: Event 301187115, Lines 2
Match: Event 301187662, Lines 2
Match: Event 301188200, Lines 2
Match: Event 301188643, Lines 2
Match: Event 301188891, Lines 2
[19%] 	 6,005/31,604 	 01:26:29
Match: Event 301192206, Lines 2
Match: Event 301192462, Lines 2
Match: Event 301193702, Lines 2
Match: Event 301193770, Lines 2
Match: Event 301193907, Lines 2
Match: Event 301194171, Lines 2
Match: Event 301194585, Lines 2
Match: Event 301195475, Lines 2
Match: Event 301196732, Lines 2
Match: Event 301196790, Lines 2
Match: Event 301197196, Lines 2
Match: Event 301197503, Lines 2
Match: Event 301198138, Lines 2
Match: Event 301199483, Lines 2
[20%] 	 6,321/31,604 	 01:31:37
Match: Event 301200360, Lines 2
Match: Event 301200833, Lines 2
Match: Event 301202342, Lines 2
Match: Event 301203301, Lines 2
Match: Event 301203350, Lines 2
Match: Event 301203366, Lines 2
Match: Event 301203788, Lines 2
Match: Event 301204057, Lines 2
Match: Event 301204077, Lines 2
Match: Event 301204109, Lines 2
Match: Event 301204301, Lines 2
Match: Event 301204410, Lines 2
Match: Event 301204788, Lines 2
Match: Event 301205146, Lines 2
Match: Event 301205229, Lines 2
Match: Event 301205777, Lines 3
Match: Event 301206779, Lines 2
Match: Event 301207490, Lines 2
Match: Event 301207553, Lines 2
Match: Event 301209162, Lines 2
Match: Event 301210207, Lines 2
[21%] 	 6,637/31,604 	 01:36:38
Match: Event 301210452, Lines 2
Match: Event 301211221, Lines 2
Match: Event 301211667, Lines 2
Match: Event 301212035, Lines 2
Match: Event 301214762, Lines 2
Match: Event 301216700, Lines 3
Match: Event 301218086, Lines 2
Match: Event 301218124, Lines 2
Match: Event 301218246, Lines 2
Match: Event 301218529, Lines 2
Match: Event 301218563, Lines 2
Match: Event 301218604, Lines 2
Match: Event 301219635, Lines 2
[22%] 	 6,953/31,604 	 01:41:25
Match: Event 301220638, Lines 2
Match: Event 301221353, Lines 2
Match: Event 301221553, Lines 2
Match: Event 301221565, Lines 2
Match: Event 301221622, Lines 2
Match: Event 301222936, Lines 2
Match: Event 301223256, Lines 2
Match: Event 301227003, Lines 2
Match: Event 301227054, Lines 2
Match: Event 301227129, Lines 2
Match: Event 301227936, Lines 2
Match: Event 301228676, Lines 2
Match: Event 301229766, Lines 2
Match: Event 301229898, Lines 2
[23%] 	 7,269/31,604 	 01:45:50
Match: Event 301230731, Lines 3
Match: Event 301231248, Lines 2
Match: Event 301232009, Lines 2
Match: Event 301232305, Lines 2
Match: Event 301233167, Lines 2
Match: Event 301233471, Lines 2
Match: Event 301233573, Lines 2
Match: Event 301233762, Lines 2
Match: Event 301234604, Lines 2
Match: Event 301234778, Lines 2
Match: Event 301236171, Lines 2
Match: Event 301236626, Lines 2
Match: Event 301236713, Lines 2
Match: Event 301237042, Lines 2
Match: Event 301237160, Lines 2
Match: Event 301239153, Lines 2
[24%] 	 7,585/31,604 	 01:50:56
Match: Event 301239859, Lines 2
Match: Event 301240324, Lines 3
Match: Event 301240354, Lines 2
Match: Event 301241093, Lines 2
Match: Event 301242204, Lines 2
Match: Event 301242690, Lines 2
Match: Event 301243305, Lines 2
Match: Event 301243314, Lines 2
Match: Event 301243586, Lines 2
Match: Event 301243840, Lines 2
Match: Event 301243898, Lines 2
Match: Event 301243965, Lines 2
Match: Event 301244463, Lines 2
Match: Event 301245186, Lines 2
Match: Event 301245519, Lines 2
Match: Event 301245937, Lines 2
Match: Event 301246592, Lines 2
Match: Event 301249015, Lines 2
Match: Event 301249525, Lines 2
[25%] 	 7,901/31,604 	 01:56:35
Match: Event 301250204, Lines 3
Match: Event 301250418, Lines 2
Match: Event 301250872, Lines 2
Match: Event 301251212, Lines 2
Match: Event 301252731, Lines 2
Match: Event 301255111, Lines 2
Match: Event 301256225, Lines 2
Match: Event 301256401, Lines 2
Match: Event 301256665, Lines 2
Match: Event 301256787, Lines 2
Match: Event 301259061, Lines 2
[26%] 	 8,218/31,604 	 02:01:29
Match: Event 301261935, Lines 2
Match: Event 301262656, Lines 2
Match: Event 301263213, Lines 2
Match: Event 301263292, Lines 2
Match: Event 301263484, Lines 2
Match: Event 301265852, Lines 2
Match: Event 301265914, Lines 2
Match: Event 301266383, Lines 2
Match: Event 301266430, Lines 2
Match: Event 301266769, Lines 2
Match: Event 301266800, Lines 2
Match: Event 301267170, Lines 2
Match: Event 301267903, Lines 2
Match: Event 301268178, Lines 2
Match: Event 301269345, Lines 2
[27%] 	 8,534/31,604 	 02:06:15
Match: Event 301270685, Lines 2
Match: Event 301270825, Lines 2
Match: Event 301270890, Lines 2
Match: Event 301272012, Lines 2
Match: Event 301272236, Lines 2
Match: Event 301272690, Lines 2
Match: Event 301273242, Lines 3
Match: Event 301273913, Lines 2
Match: Event 301276295, Lines 2
Match: Event 301278690, Lines 2
Match: Event 301279517, Lines 2
Match: Event 301280077, Lines 2
[28%] 	 8,850/31,604 	 02:11:33
Match: Event 301280396, Lines 2
Match: Event 301280573, Lines 2
Match: Event 301280604, Lines 2
Match: Event 301283201, Lines 2
Match: Event 301284498, Lines 2
Match: Event 301284857, Lines 2
Match: Event 301285148, Lines 2
Match: Event 301286081, Lines 2
Match: Event 301286376, Lines 3
Match: Event 301287072, Lines 2
Match: Event 301287600, Lines 2
Match: Event 301288175, Lines 2
Match: Event 301288846, Lines 2
Match: Event 301289058, Lines 2
Match: Event 301289508, Lines 2
Match: Event 301289518, Lines 2
[29%] 	 9,166/31,604 	 02:16:56
Match: Event 301290164, Lines 2
Match: Event 301290185, Lines 2
Match: Event 301290309, Lines 2
Match: Event 301290664, Lines 2
Match: Event 301290768, Lines 2
Match: Event 301290821, Lines 2
Match: Event 301292958, Lines 2
Match: Event 301294462, Lines 2
Match: Event 301297405, Lines 2
Match: Event 301298316, Lines 2
Match: Event 301299638, Lines 2
Match: Event 301299679, Lines 2
[30%] 	 9,482/31,604 	 02:22:04
Match: Event 301300657, Lines 3
Match: Event 301300881, Lines 2
Match: Event 301301553, Lines 2
Match: Event 301302219, Lines 2
Match: Event 301303157, Lines 2
Match: Event 301303275, Lines 2
Match: Event 301303308, Lines 2
Match: Event 301303794, Lines 2
Match: Event 301304905, Lines 2
Match: Event 301305819, Lines 2
Match: Event 301305878, Lines 2
Match: Event 301307018, Lines 2
Match: Event 301307862, Lines 3
Match: Event 301308473, Lines 2
Match: Event 301308870, Lines 2
[31%] 	 9,798/31,604 	 02:27:11
Match: Event 301309716, Lines 2
Match: Event 301310604, Lines 2
Match: Event 301311191, Lines 2
Match: Event 301313408, Lines 2
Match: Event 301313420, Lines 2
Match: Event 301315301, Lines 2
Match: Event 301315765, Lines 2
Match: Event 301316659, Lines 2
Match: Event 301318065, Lines 2
Match: Event 301318288, Lines 2
[32%] 	 10,114/31,604 	 02:32:15
Match: Event 301320840, Lines 2
Match: Event 301320943, Lines 2
Match: Event 301322376, Lines 2
Match: Event 301322980, Lines 2
Match: Event 301322992, Lines 2
Match: Event 301323674, Lines 2
Match: Event 301324525, Lines 2
Match: Event 301325026, Lines 2
Match: Event 301326741, Lines 2
Match: Event 301327529, Lines 2
Match: Event 301328601, Lines 2
Match: Event 301328775, Lines 2
Match: Event 301329048, Lines 2
Match: Event 301329247, Lines 2
Match: Event 301329360, Lines 2
Match: Event 301329610, Lines 2
Match: Event 301329640, Lines 2
[33%] 	 10,430/31,604 	 02:37:28
Match: Event 301330121, Lines 2
Match: Event 301331114, Lines 2
Match: Event 301331947, Lines 2
Match: Event 301332123, Lines 2
Match: Event 301332417, Lines 2
Match: Event 301332784, Lines 2
Match: Event 301332834, Lines 2
Match: Event 301334747, Lines 2
Match: Event 301335187, Lines 2
Match: Event 301335364, Lines 2
Match: Event 301337605, Lines 2
Match: Event 301338000, Lines 2
Match: Event 301338020, Lines 3
Match: Event 301338215, Lines 3
Match: Event 301338231, Lines 3
Match: Event 301339090, Lines 2
Match: Event 301339147, Lines 2
Match: Event 301339484, Lines 2
Match: Event 301339542, Lines 3
[34%] 	 10,746/31,604 	 02:42:55
Match: Event 301342246, Lines 2
Match: Event 301342449, Lines 2
Match: Event 301342459, Lines 2
Match: Event 301342811, Lines 2
Match: Event 301343687, Lines 2
Match: Event 301344863, Lines 2
Match: Event 301345476, Lines 2
Match: Event 301346319, Lines 2
Match: Event 301346872, Lines 2
Match: Event 301347180, Lines 2
Match: Event 301347516, Lines 2
Match: Event 301348225, Lines 2
Match: Event 301348248, Lines 2
Match: Event 301348604, Lines 2
[35%] 	 11,062/31,604 	 02:47:14
Match: Event 301349399, Lines 2
Match: Event 301349428, Lines 2
Match: Event 301349821, Lines 2
Match: Event 301350103, Lines 2
Match: Event 301350138, Lines 2
Match: Event 301350452, Lines 2
Match: Event 301351579, Lines 2
Match: Event 301352239, Lines 2
Match: Event 301352492, Lines 2
Match: Event 301352840, Lines 2
Match: Event 301353256, Lines 2
Match: Event 301353866, Lines 2
Match: Event 301354684, Lines 2
Match: Event 301355312, Lines 2
Match: Event 301355634, Lines 2
Match: Event 301356420, Lines 2
Match: Event 301356813, Lines 2
Match: Event 301356908, Lines 2
Match: Event 301357540, Lines 2
Match: Event 301357883, Lines 2
Match: Event 301358701, Lines 2
[36%] 	 11,378/31,604 	 02:53:28
Match: Event 301359130, Lines 2
Match: Event 301359696, Lines 2
Match: Event 301360788, Lines 2
Match: Event 301361075, Lines 2
Match: Event 301361622, Lines 2
Match: Event 301361890, Lines 2
Match: Event 301361960, Lines 2
Match: Event 301362896, Lines 2
Match: Event 301363740, Lines 2
Match: Event 301364903, Lines 2
Match: Event 301365032, Lines 2
Match: Event 301365304, Lines 2
Match: Event 301365357, Lines 2
Match: Event 301365982, Lines 2
Match: Event 301366094, Lines 2
Match: Event 301367015, Lines 2
Match: Event 301367131, Lines 2
Match: Event 301367968, Lines 2
[37%] 	 11,694/31,604 	 03:00:08
Match: Event 301370092, Lines 2
Match: Event 301371299, Lines 2
Match: Event 301371332, Lines 2
Match: Event 301371703, Lines 2
Match: Event 301373374, Lines 2
Match: Event 301374197, Lines 2
Match: Event 301374355, Lines 2
Match: Event 301374370, Lines 2
Match: Event 301374864, Lines 2
Match: Event 301375380, Lines 2
Match: Event 301375551, Lines 2
Match: Event 301375595, Lines 2
Match: Event 301377042, Lines 2
Match: Event 301377882, Lines 2
[38%] 	 12,010/31,604 	 03:04:37
Match: Event 301378825, Lines 2
Match: Event 301379785, Lines 2
Match: Event 301380153, Lines 2
Match: Event 301382412, Lines 2
Match: Event 301387654, Lines 3
Match: Event 301387727, Lines 2
Match: Event 301388250, Lines 2
[39%] 	 12,326/31,604 	 03:10:17
Match: Event 301389815, Lines 2
Match: Event 301390151, Lines 2
Match: Event 301390755, Lines 2
Match: Event 301392388, Lines 2
Match: Event 301394253, Lines 2
Match: Event 301394354, Lines 2
Match: Event 301394562, Lines 2
Match: Event 301395215, Lines 2
Match: Event 301397093, Lines 2
Match: Event 301398069, Lines 2
[40%] 	 12,642/31,604 	 03:15:02
Match: Event 301399002, Lines 2
Match: Event 301399387, Lines 2
Match: Event 301399497, Lines 2
Match: Event 301399582, Lines 2
Match: Event 301399756, Lines 2
Match: Event 301399787, Lines 2
Match: Event 301401447, Lines 3
Match: Event 301401537, Lines 2
Match: Event 301402557, Lines 2
Match: Event 301402689, Lines 2
Match: Event 301403859, Lines 2
Match: Event 301404305, Lines 2
Match: Event 301405670, Lines 3
Match: Event 301405676, Lines 2
Match: Event 301406025, Lines 2
Match: Event 301406878, Lines 2
Match: Event 301408282, Lines 2
Match: Event 301408903, Lines 2
Match: Event 301408916, Lines 2
[41%] 	 12,958/31,604 	 03:19:50
Match: Event 301409709, Lines 2
Match: Event 301411201, Lines 2
Match: Event 301411525, Lines 2
Match: Event 301412092, Lines 2
Match: Event 301413229, Lines 2
Match: Event 301416121, Lines 2
Match: Event 301418334, Lines 2
Match: Event 301418459, Lines 2
Match: Event 301418503, Lines 2
Match: Event 301419522, Lines 2
Match: Event 301419689, Lines 2
[42%] 	 13,274/31,604 	 03:24:31
Match: Event 301421998, Lines 2
Match: Event 301422980, Lines 2
Match: Event 301423888, Lines 2
Match: Event 301424156, Lines 2
Match: Event 301425590, Lines 2
Match: Event 301425699, Lines 2
Match: Event 301425966, Lines 2
Match: Event 301429341, Lines 2
Match: Event 301429348, Lines 2
Match: Event 301429539, Lines 2
Match: Event 301429675, Lines 2
Match: Event 301429895, Lines 2
Match: Event 301430175, Lines 2
Match: Event 301430242, Lines 2
[43%] 	 13,590/31,604 	 03:29:27
Match: Event 301432134, Lines 2
Match: Event 301433079, Lines 2
Match: Event 301435662, Lines 2
Match: Event 301436430, Lines 2
Match: Event 301436836, Lines 2
Match: Event 301437008, Lines 2
Match: Event 301438419, Lines 2
Match: Event 301438593, Lines 2
Match: Event 301438676, Lines 2
Match: Event 301439179, Lines 2
Match: Event 301439617, Lines 2
[44%] 	 13,906/31,604 	 03:34:10
Match: Event 301440129, Lines 2
Match: Event 301440524, Lines 2
Match: Event 301441205, Lines 2
Match: Event 301442582, Lines 2
Match: Event 301442836, Lines 2
Match: Event 301443665, Lines 2
Match: Event 301443666, Lines 2
Match: Event 301443684, Lines 2
Match: Event 301444291, Lines 2
Match: Event 301446149, Lines 2
Match: Event 301446318, Lines 2
Match: Event 301446558, Lines 2
Match: Event 301447646, Lines 2
Match: Event 301447667, Lines 2
Match: Event 301447814, Lines 2
Match: Event 301447976, Lines 2
[45%] 	 14,222/31,604 	 03:38:55
Match: Event 301449766, Lines 2
Match: Event 301450736, Lines 3
Match: Event 301451047, Lines 2
Match: Event 301451049, Lines 2
Match: Event 301452218, Lines 2
Match: Event 301452299, Lines 2
Match: Event 301452791, Lines 2
Match: Event 301453286, Lines 2
Match: Event 301453399, Lines 2
Match: Event 301453825, Lines 2
Match: Event 301454326, Lines 2
Match: Event 301455674, Lines 2
Match: Event 301456327, Lines 2
Match: Event 301456860, Lines 2
Match: Event 301457631, Lines 3
[46%] 	 14,538/31,604 	 03:43:40
Match: Event 301459781, Lines 2
Match: Event 301460515, Lines 2
Match: Event 301460586, Lines 2
Match: Event 301460676, Lines 2
Match: Event 301461285, Lines 2
Match: Event 301461348, Lines 2
Match: Event 301462420, Lines 2
Match: Event 301462523, Lines 2
Match: Event 301462924, Lines 2
Match: Event 301463520, Lines 3
Match: Event 301464255, Lines 3
Match: Event 301464291, Lines 2
Match: Event 301464620, Lines 2
Match: Event 301464710, Lines 2
Match: Event 301465136, Lines 2
Match: Event 301466057, Lines 2
Match: Event 301467344, Lines 2
Match: Event 301467411, Lines 2
[47%] 	 14,854/31,604 	 03:48:23
Match: Event 301468022, Lines 2
Match: Event 301468611, Lines 2
Match: Event 301469105, Lines 2
Match: Event 301469471, Lines 2
Match: Event 301469581, Lines 2
Match: Event 301470163, Lines 2
Match: Event 301470494, Lines 2
Match: Event 301471004, Lines 2
Match: Event 301471926, Lines 2
Match: Event 301472653, Lines 2
Match: Event 301473508, Lines 2
Match: Event 301473817, Lines 3
Match: Event 301474001, Lines 2
Match: Event 301474536, Lines 2
Match: Event 301475894, Lines 2
Match: Event 301476324, Lines 2
Match: Event 301476424, Lines 2
[48%] 	 15,170/31,604 	 03:53:59
Match: Event 301478896, Lines 2
Match: Event 301479113, Lines 2
Match: Event 301479217, Lines 2
Match: Event 301479754, Lines 2
Match: Event 301479805, Lines 2
Match: Event 301480825, Lines 2
Match: Event 301481010, Lines 2
Match: Event 301482051, Lines 2
Match: Event 301482722, Lines 2
Match: Event 301482778, Lines 2
Match: Event 301484517, Lines 2
Match: Event 301484992, Lines 2
Match: Event 301485022, Lines 2
Match: Event 301486296, Lines 2
[49%] 	 15,486/31,604 	 03:58:27
Match: Event 301488524, Lines 2
Match: Event 301488908, Lines 2
Match: Event 301488932, Lines 2
Match: Event 301489383, Lines 2
Match: Event 301489440, Lines 3
Match: Event 301489754, Lines 2
Match: Event 301490052, Lines 2
Match: Event 301490232, Lines 2
Match: Event 301491277, Lines 3
Match: Event 301491463, Lines 2
Match: Event 301491561, Lines 2
Match: Event 301491765, Lines 3
Match: Event 301492218, Lines 2
Match: Event 301492382, Lines 2
Match: Event 301493127, Lines 2
Match: Event 301493283, Lines 2
Match: Event 301493404, Lines 2
Match: Event 301493655, Lines 2
Match: Event 301494153, Lines 2
Match: Event 301495595, Lines 2
[50%] 	 15,802/31,604 	 04:03:05
Match: Event 301496680, Lines 2
Match: Event 301497337, Lines 2
Match: Event 301497460, Lines 2
Match: Event 301497840, Lines 2
Match: Event 301497908, Lines 2
Match: Event 301499393, Lines 2
Match: Event 301500100, Lines 2
Match: Event 301503197, Lines 3
Match: Event 301503322, Lines 2
Match: Event 301504534, Lines 2
Match: Event 301504947, Lines 2
Match: Event 301505326, Lines 3
Match: Event 301506010, Lines 2
Match: Event 301506476, Lines 2
Match: Event 301507389, Lines 2
[51%] 	 16,119/31,604 	 04:07:36
Match: Event 301507630, Lines 2
Match: Event 301508244, Lines 2
Match: Event 301508815, Lines 2
Match: Event 301509201, Lines 3
Match: Event 301509574, Lines 2
Match: Event 301509805, Lines 2
Match: Event 301510195, Lines 2
Match: Event 301510341, Lines 2
Match: Event 301510429, Lines 2
Match: Event 301510852, Lines 2
Match: Event 301510880, Lines 2
Match: Event 301512116, Lines 2
Match: Event 301513487, Lines 2
Match: Event 301513710, Lines 2
Match: Event 301514964, Lines 2
Match: Event 301516008, Lines 2
[52%] 	 16,435/31,604 	 04:12:05
Match: Event 301519014, Lines 2
Match: Event 301519059, Lines 3
Match: Event 301519616, Lines 2
Match: Event 301519638, Lines 2
Match: Event 301520030, Lines 3
Match: Event 301520301, Lines 2
Match: Event 301520520, Lines 2
Match: Event 301520525, Lines 2
Match: Event 301521036, Lines 2
Match: Event 301521659, Lines 2
Match: Event 301522191, Lines 2
Match: Event 301522194, Lines 2
Match: Event 301522625, Lines 2
Match: Event 301523232, Lines 2
Match: Event 301523908, Lines 2
Match: Event 301524079, Lines 2
Match: Event 301524607, Lines 2
Match: Event 301524897, Lines 2
Match: Event 301524941, Lines 2
Match: Event 301524970, Lines 2
Match: Event 301525228, Lines 2
Match: Event 301525788, Lines 2
Match: Event 301525999, Lines 2
Match: Event 301526292, Lines 2
Match: Event 301526754, Lines 2
[53%] 	 16,751/31,604 	 04:16:22
Match: Event 301528018, Lines 2
Match: Event 301528894, Lines 2
Match: Event 301529225, Lines 2
Match: Event 301529496, Lines 2
Match: Event 301529741, Lines 2
Match: Event 301531184, Lines 2
Match: Event 301531201, Lines 2
Match: Event 301531252, Lines 2
Match: Event 301531976, Lines 2
Match: Event 301533028, Lines 2
Match: Event 301533494, Lines 2
Match: Event 301533819, Lines 2
Match: Event 301534657, Lines 2
Match: Event 301534904, Lines 2
Match: Event 301535439, Lines 2
Match: Event 301536288, Lines 2
Match: Event 301536539, Lines 2
Match: Event 301537708, Lines 2
[54%] 	 17,067/31,604 	 04:20:35
Match: Event 301538207, Lines 2
Match: Event 301539608, Lines 2
Match: Event 301540633, Lines 2
Match: Event 301540744, Lines 2
Match: Event 301540841, Lines 2
Match: Event 301541824, Lines 2
Match: Event 301541920, Lines 2
Match: Event 301542795, Lines 2
Match: Event 301543886, Lines 2
Match: Event 301543969, Lines 2
Match: Event 301544728, Lines 2
Match: Event 301545459, Lines 2
Match: Event 301546171, Lines 2
Match: Event 301546385, Lines 2
Match: Event 301547606, Lines 2
Match: Event 301547720, Lines 2
[55%] 	 17,383/31,604 	 04:24:55
Match: Event 301549203, Lines 2
Match: Event 301550053, Lines 2
Match: Event 301550346, Lines 2
Match: Event 301550408, Lines 2
Match: Event 301551678, Lines 2
Match: Event 301552373, Lines 2
Match: Event 301555841, Lines 3
Match: Event 301556806, Lines 2
Match: Event 301557339, Lines 2
Match: Event 301557371, Lines 2
Match: Event 301558548, Lines 2
[56%] 	 17,699/31,604 	 04:29:42
Match: Event 301559745, Lines 2
Match: Event 301559816, Lines 2
Match: Event 301559865, Lines 2
Match: Event 301561329, Lines 3
Match: Event 301562227, Lines 2
Match: Event 301562602, Lines 2
Match: Event 301562735, Lines 2
Match: Event 301563298, Lines 2
Match: Event 301563712, Lines 2
Match: Event 301565134, Lines 2
Match: Event 301565157, Lines 2
Match: Event 301565941, Lines 2
Match: Event 301566253, Lines 2
Match: Event 301566911, Lines 2
Match: Event 301567433, Lines 2
Match: Event 301568086, Lines 2
[57%] 	 18,015/31,604 	 04:34:14
Match: Event 301571246, Lines 2
Match: Event 301571287, Lines 2
Match: Event 301572156, Lines 2
Match: Event 301572773, Lines 2
Match: Event 301572872, Lines 2
Match: Event 301573442, Lines 3
Match: Event 301574503, Lines 2
Match: Event 301574570, Lines 2
Match: Event 301574709, Lines 2
Match: Event 301575461, Lines 2
Match: Event 301575990, Lines 2
Match: Event 301576131, Lines 2
Match: Event 301576650, Lines 2
Match: Event 301576747, Lines 2
Match: Event 301577985, Lines 2
Match: Event 301578211, Lines 2
Match: Event 301578277, Lines 2
Match: Event 301578867, Lines 2
[58%] 	 18,331/31,604 	 04:38:45
Match: Event 301580891, Lines 2
Match: Event 301580971, Lines 2
Match: Event 301581056, Lines 2
Match: Event 301583628, Lines 2
Match: Event 301584063, Lines 2
Match: Event 301584372, Lines 2
Match: Event 301585823, Lines 2
Match: Event 301586263, Lines 2
Match: Event 301586630, Lines 2
Match: Event 301587438, Lines 2
Match: Event 301587441, Lines 2
Match: Event 301587868, Lines 2
Match: Event 301589366, Lines 2
Match: Event 301589743, Lines 2
Match: Event 301589828, Lines 2
Match: Event 301589829, Lines 2
[59%] 	 18,647/31,604 	 04:43:09
Match: Event 301590931, Lines 2
Match: Event 301591940, Lines 2
Match: Event 301592234, Lines 2
Match: Event 301593227, Lines 2
Match: Event 301594487, Lines 2
Match: Event 301594818, Lines 2
Match: Event 301594825, Lines 2
Match: Event 301595546, Lines 2
Match: Event 301595766, Lines 2
Match: Event 301595985, Lines 2
Match: Event 301596468, Lines 2
Match: Event 301596629, Lines 2
Match: Event 301596878, Lines 2
Match: Event 301596973, Lines 2
Match: Event 301597208, Lines 2
Match: Event 301597988, Lines 2
Match: Event 301598014, Lines 2
Match: Event 301598212, Lines 2
Match: Event 301599624, Lines 2
Match: Event 301599758, Lines 2
Match: Event 301599870, Lines 2
[60%] 	 18,963/31,604 	 04:47:49
Match: Event 301602238, Lines 2
Match: Event 301602321, Lines 2
Match: Event 301603036, Lines 2
Match: Event 301603175, Lines 2
Match: Event 301603901, Lines 2
Match: Event 301605526, Lines 2
Match: Event 301606075, Lines 2
Match: Event 301606621, Lines 2
Match: Event 301607129, Lines 2
Match: Event 301607349, Lines 2
Match: Event 301607657, Lines 2
Match: Event 301608653, Lines 2
Match: Event 301608718, Lines 2
Match: Event 301610075, Lines 2
[61%] 	 19,279/31,604 	 04:53:08
Match: Event 301611017, Lines 2
Match: Event 301611405, Lines 3
Match: Event 301612199, Lines 2
Match: Event 301612284, Lines 2
Match: Event 301613077, Lines 2
Match: Event 301613430, Lines 2
Match: Event 301615290, Lines 3
Match: Event 301616454, Lines 2
Match: Event 301617757, Lines 2
Match: Event 301619673, Lines 2
Match: Event 301620002, Lines 2
[62%] 	 19,595/31,604 	 05:00:06
Match: Event 301621611, Lines 2
Match: Event 301622838, Lines 2
Match: Event 301624082, Lines 2
Match: Event 301625081, Lines 2
Match: Event 301625668, Lines 2
Match: Event 301627143, Lines 2
Match: Event 301627708, Lines 2
Match: Event 301628122, Lines 2
Match: Event 301628564, Lines 2
Match: Event 301629209, Lines 2
[63%] 	 19,911/31,604 	 05:04:50
Match: Event 301630366, Lines 2
Match: Event 301630603, Lines 2
Match: Event 301631572, Lines 2
Match: Event 301631666, Lines 2
Match: Event 301632091, Lines 2
Match: Event 301632199, Lines 2
Match: Event 301632673, Lines 2
Match: Event 301633293, Lines 2
Match: Event 301634176, Lines 2
Match: Event 301634250, Lines 2
Match: Event 301636201, Lines 3
Match: Event 301636325, Lines 2
Match: Event 301637100, Lines 2
Match: Event 301639257, Lines 2
Match: Event 301640028, Lines 3
[64%] 	 20,227/31,604 	 05:09:05
Match: Event 301641001, Lines 2
Match: Event 301641031, Lines 3
Match: Event 301641079, Lines 2
Match: Event 301641113, Lines 2
Match: Event 301641517, Lines 2
Match: Event 301641866, Lines 2
Match: Event 301642317, Lines 2
Match: Event 301643493, Lines 2
Match: Event 301643625, Lines 2
Match: Event 301644510, Lines 2
Match: Event 301645390, Lines 2
Match: Event 301645734, Lines 2
Match: Event 301646155, Lines 2
Match: Event 301646470, Lines 2
Match: Event 301647448, Lines 2
[65%] 	 20,543/31,604 	 05:13:25
Match: Event 301649977, Lines 2
Match: Event 301650946, Lines 3
Match: Event 301651562, Lines 2
Match: Event 301652937, Lines 3
Match: Event 301653256, Lines 2
Match: Event 301654670, Lines 2
Match: Event 301655162, Lines 2
Match: Event 301656664, Lines 2
Match: Event 301657513, Lines 2
Match: Event 301657587, Lines 3
Match: Event 301657710, Lines 2
Match: Event 301657968, Lines 2
Match: Event 301658603, Lines 2
Match: Event 301659024, Lines 2
Match: Event 301660448, Lines 2
Match: Event 301660588, Lines 2
[66%] 	 20,859/31,604 	 05:17:47
Match: Event 301661155, Lines 2
Match: Event 301661628, Lines 2
Match: Event 301663636, Lines 2
Match: Event 301664507, Lines 2
Match: Event 301664978, Lines 2
Match: Event 301666538, Lines 2
Match: Event 301666851, Lines 2
Match: Event 301667290, Lines 2
Match: Event 301668145, Lines 2
Match: Event 301669266, Lines 2
Match: Event 301669500, Lines 2
Match: Event 301670495, Lines 2
[67%] 	 21,175/31,604 	 05:24:27
Match: Event 301670967, Lines 3
Match: Event 301672353, Lines 2
Match: Event 301672731, Lines 2
Match: Event 301673186, Lines 2
Match: Event 301673525, Lines 2
Match: Event 301675499, Lines 2
Match: Event 301675928, Lines 2
Match: Event 301676083, Lines 2
Match: Event 301676584, Lines 2
Match: Event 301677104, Lines 2
Match: Event 301677120, Lines 2
Match: Event 301677770, Lines 2
Match: Event 301678383, Lines 2
Match: Event 301678544, Lines 2
Match: Event 301680016, Lines 2
Match: Event 301680526, Lines 2
[68%] 	 21,491/31,604 	 05:29:58
Match: Event 301682821, Lines 2
Match: Event 301683290, Lines 2
Match: Event 301686540, Lines 2
Match: Event 301686576, Lines 2
Match: Event 301687612, Lines 2
Match: Event 301689324, Lines 2
Match: Event 301689815, Lines 2
[69%] 	 21,807/31,604 	 05:34:48
Match: Event 301690455, Lines 2
Match: Event 301690796, Lines 2
Match: Event 301690898, Lines 2
Match: Event 301691152, Lines 2
Match: Event 301691601, Lines 2
Match: Event 301691979, Lines 3
Match: Event 301692020, Lines 2
Match: Event 301692524, Lines 2
Match: Event 301693195, Lines 2
Match: Event 301694252, Lines 2
Match: Event 301694740, Lines 2
Match: Event 301694964, Lines 3
Match: Event 301696180, Lines 2
Match: Event 301696205, Lines 2
Match: Event 301697061, Lines 2
Match: Event 301697758, Lines 2
Match: Event 301698055, Lines 2
Match: Event 301698648, Lines 2
[70%] 	 22,123/31,604 	 05:40:07
Match: Event 301700371, Lines 2
Match: Event 301700403, Lines 2
Match: Event 301700807, Lines 2
Match: Event 301701013, Lines 2
Match: Event 301701658, Lines 2
Match: Event 301701857, Lines 2
Match: Event 301702802, Lines 2
Match: Event 301702983, Lines 2
Match: Event 301704185, Lines 2
Match: Event 301704613, Lines 2
Match: Event 301705309, Lines 3
Match: Event 301705373, Lines 2
Match: Event 301705532, Lines 2
Match: Event 301705549, Lines 2
Match: Event 301705857, Lines 2
Match: Event 301706244, Lines 2
Match: Event 301706828, Lines 3
Match: Event 301707663, Lines 2
Match: Event 301707747, Lines 2
Match: Event 301707819, Lines 2
Match: Event 301707918, Lines 2
Match: Event 301708173, Lines 2
Match: Event 301708395, Lines 3
Match: Event 301708400, Lines 2
[71%] 	 22,439/31,604 	 05:44:46
Match: Event 301710272, Lines 2
Match: Event 301710428, Lines 2
Match: Event 301711270, Lines 2
Match: Event 301711742, Lines 2
Match: Event 301711848, Lines 2
Match: Event 301712226, Lines 2
Match: Event 301712313, Lines 2
Match: Event 301713811, Lines 2
Match: Event 301714064, Lines 2
Match: Event 301714424, Lines 2
Match: Event 301715228, Lines 2
Match: Event 301715860, Lines 2
Match: Event 301716187, Lines 2
Match: Event 301716979, Lines 2
Match: Event 301717192, Lines 2
Match: Event 301717588, Lines 2
Match: Event 301718356, Lines 2
Match: Event 301718790, Lines 3
Match: Event 301719347, Lines 2
[72%] 	 22,755/31,604 	 05:49:01
Match: Event 301722120, Lines 2
Match: Event 301722929, Lines 2
Match: Event 301723298, Lines 2
Match: Event 301724033, Lines 2
Match: Event 301724417, Lines 3
Match: Event 301725419, Lines 2
Match: Event 301726898, Lines 2
Match: Event 301727257, Lines 2
Match: Event 301727333, Lines 2
Match: Event 301727775, Lines 2
Match: Event 301727992, Lines 2
Match: Event 301729302, Lines 2
[73%] 	 23,071/31,604 	 05:53:37
Match: Event 301730544, Lines 2
Match: Event 301731149, Lines 2
Match: Event 301731316, Lines 2
Match: Event 301731730, Lines 2
Match: Event 301731742, Lines 3
Match: Event 301731860, Lines 2
Match: Event 301734175, Lines 2
Match: Event 301734247, Lines 2
Match: Event 301734343, Lines 2
Match: Event 301735213, Lines 3
Match: Event 301735715, Lines 2
Match: Event 301736052, Lines 2
Match: Event 301736322, Lines 2
Match: Event 301736343, Lines 2
Match: Event 301737455, Lines 2
Match: Event 301737603, Lines 2
Match: Event 301737915, Lines 2
Match: Event 301738887, Lines 2
Match: Event 301739675, Lines 2
Match: Event 301739969, Lines 2
[74%] 	 23,387/31,604 	 05:58:15
Match: Event 301740367, Lines 2
Match: Event 301740796, Lines 2
Match: Event 301742576, Lines 2
Match: Event 301742777, Lines 2
Match: Event 301743845, Lines 2
Match: Event 301744154, Lines 2
Match: Event 301744235, Lines 2
Match: Event 301745345, Lines 2
Match: Event 301746972, Lines 2
Match: Event 301747269, Lines 2
Match: Event 301747654, Lines 2
Match: Event 301747891, Lines 2
Match: Event 301748570, Lines 2
Match: Event 301748761, Lines 2
Match: Event 301749488, Lines 2
Match: Event 301749537, Lines 2
Match: Event 301749912, Lines 2
[75%] 	 23,703/31,604 	 06:03:00
Match: Event 301750554, Lines 2
Match: Event 301751035, Lines 2
Match: Event 301752169, Lines 2
Match: Event 301752392, Lines 2
Match: Event 301752524, Lines 2
Match: Event 301752828, Lines 2
Match: Event 301754187, Lines 2
Match: Event 301755307, Lines 2
Match: Event 301756058, Lines 2
Match: Event 301757388, Lines 2
Match: Event 301757566, Lines 2
Match: Event 301757971, Lines 2
Match: Event 301759438, Lines 2
Match: Event 301759875, Lines 2
Match: Event 301760296, Lines 2
[76%] 	 24,020/31,604 	 06:07:44
Match: Event 301761219, Lines 2
Match: Event 301761398, Lines 2
Match: Event 301762942, Lines 2
Match: Event 301764944, Lines 2
Match: Event 301765044, Lines 2
Match: Event 301765172, Lines 2
Match: Event 301766133, Lines 2
Match: Event 301766209, Lines 2
Match: Event 301766984, Lines 2
Match: Event 301768334, Lines 2
Match: Event 301770288, Lines 2
[77%] 	 24,336/31,604 	 06:12:25
Match: Event 301770594, Lines 2
Match: Event 301770854, Lines 2
Match: Event 301771830, Lines 2
Match: Event 301772125, Lines 2
Match: Event 301773251, Lines 2
Match: Event 301773470, Lines 3
Match: Event 301774961, Lines 2
Match: Event 301775685, Lines 2
Match: Event 301775937, Lines 2
Match: Event 301776672, Lines 2
Match: Event 301776942, Lines 2
Match: Event 301777196, Lines 2
Match: Event 301778334, Lines 2
[78%] 	 24,652/31,604 	 06:17:01
Match: Event 301782340, Lines 2
Match: Event 301782394, Lines 2
Match: Event 301783173, Lines 2
Match: Event 301783831, Lines 2
Match: Event 301784578, Lines 2
Match: Event 301785178, Lines 3
Match: Event 301785308, Lines 2
Match: Event 301786565, Lines 2
Match: Event 301786767, Lines 2
Match: Event 301786951, Lines 2
Match: Event 301787510, Lines 2
Match: Event 301788925, Lines 2
[79%] 	 24,968/31,604 	 06:21:26
Match: Event 301791723, Lines 2
Match: Event 301793751, Lines 2
Match: Event 301795278, Lines 2
Match: Event 301795972, Lines 2
Match: Event 301796292, Lines 2
Match: Event 301798434, Lines 2
Match: Event 301798947, Lines 2
Match: Event 301799855, Lines 2
Match: Event 301800018, Lines 2
Match: Event 301800089, Lines 2
Match: Event 301800214, Lines 2
Match: Event 301800260, Lines 2
Match: Event 301800747, Lines 2
[80%] 	 25,284/31,604 	 06:27:17
Match: Event 301802181, Lines 2
Match: Event 301803674, Lines 2
Match: Event 301803714, Lines 3
Match: Event 301804768, Lines 2
Match: Event 301805331, Lines 2
Match: Event 301805839, Lines 3
Match: Event 301806794, Lines 2
Match: Event 301808277, Lines 3
Match: Event 301809747, Lines 2
Match: Event 301809794, Lines 2
Match: Event 301810285, Lines 2
Match: Event 301810361, Lines 2
Match: Event 301810740, Lines 2
Match: Event 301810782, Lines 2
[81%] 	 25,600/31,604 	 06:32:07
Match: Event 301811903, Lines 2
Match: Event 301812681, Lines 2
Match: Event 301813233, Lines 2
Match: Event 301813842, Lines 2
Match: Event 301815922, Lines 3
Match: Event 301816253, Lines 2
Match: Event 301817573, Lines 2
Match: Event 301818316, Lines 2
Match: Event 301818828, Lines 2
Match: Event 301818901, Lines 2
[82%] 	 25,916/31,604 	 06:37:59
Match: Event 301820777, Lines 2
Match: Event 301821019, Lines 2
Match: Event 301821347, Lines 2
Match: Event 301821725, Lines 2
Match: Event 301822733, Lines 2
Match: Event 301824640, Lines 2
Match: Event 301825444, Lines 2
Match: Event 301826579, Lines 2
Match: Event 301826950, Lines 2
Match: Event 301827777, Lines 2
Match: Event 301827791, Lines 2
Match: Event 301828754, Lines 2
[83%] 	 26,232/31,604 	 06:42:40
Match: Event 301831517, Lines 2
Match: Event 301831518, Lines 2
Match: Event 301832894, Lines 2
Match: Event 301833638, Lines 2
Match: Event 301833862, Lines 2
Match: Event 301834174, Lines 2
Match: Event 301834234, Lines 2
Match: Event 301835688, Lines 2
Match: Event 301837104, Lines 2
Match: Event 301837184, Lines 2
Match: Event 301837492, Lines 2
Match: Event 301837619, Lines 2
Match: Event 301838466, Lines 2
Match: Event 301839295, Lines 2
Match: Event 301839424, Lines 2
Match: Event 301840230, Lines 2
[84%] 	 26,548/31,604 	 06:47:41
Match: Event 301841174, Lines 2
Match: Event 301841392, Lines 2
Match: Event 301841761, Lines 2
Match: Event 301843571, Lines 2
Match: Event 301845862, Lines 2
Match: Event 301845883, Lines 2
Match: Event 301845957, Lines 2
Match: Event 301846187, Lines 2
Match: Event 301848208, Lines 2
Match: Event 301848685, Lines 2
[85%] 	 26,864/31,604 	 06:53:11
Match: Event 301850089, Lines 2
Match: Event 301850104, Lines 2
Match: Event 301850406, Lines 2
Match: Event 301851418, Lines 2
Match: Event 301851505, Lines 2
Match: Event 301851819, Lines 2
Match: Event 301852109, Lines 2
Match: Event 301852768, Lines 2
Match: Event 301853029, Lines 2
Match: Event 301855173, Lines 2
Match: Event 301855185, Lines 2
Match: Event 301855525, Lines 2
Match: Event 301855903, Lines 2
Match: Event 301855916, Lines 2
Match: Event 301856072, Lines 2
Match: Event 301857194, Lines 2
Match: Event 301857272, Lines 2
Match: Event 301857424, Lines 2
Match: Event 301857554, Lines 2
Match: Event 301857790, Lines 2
Match: Event 301857963, Lines 2
Match: Event 301858157, Lines 2
Match: Event 301858314, Lines 2
Match: Event 301859020, Lines 2
[86%] 	 27,180/31,604 	 07:00:01
Match: Event 301859773, Lines 2
Match: Event 301860176, Lines 2
Match: Event 301860525, Lines 2
Match: Event 301861099, Lines 2
Match: Event 301862107, Lines 2
Match: Event 301863877, Lines 2
Match: Event 301867024, Lines 3
Match: Event 301867361, Lines 2
Match: Event 301867510, Lines 2
Match: Event 301867887, Lines 2
Match: Event 301869159, Lines 2
Match: Event 301869163, Lines 2
[87%] 	 27,496/31,604 	 07:06:25
Match: Event 301871047, Lines 2
Match: Event 301871266, Lines 2
Match: Event 301873168, Lines 2
Match: Event 301873207, Lines 2
Match: Event 301873875, Lines 2
Match: Event 301874911, Lines 2
Match: Event 301876049, Lines 2
[88%] 	 27,812/31,604 	 07:13:47
Match: Event 301880537, Lines 2
Match: Event 301881354, Lines 2
Match: Event 301882485, Lines 2
Match: Event 301882656, Lines 2
Match: Event 301882829, Lines 2
Match: Event 301885406, Lines 2
Match: Event 301886039, Lines 2
Match: Event 301886082, Lines 2
Match: Event 301886462, Lines 2
Match: Event 301886625, Lines 2
Match: Event 301887243, Lines 2
Match: Event 301888756, Lines 2
[89%] 	 28,128/31,604 	 07:19:21
Match: Event 301890683, Lines 2
Match: Event 301892662, Lines 2
Match: Event 301895864, Lines 2
Match: Event 301896157, Lines 3
Match: Event 301896743, Lines 2
Match: Event 301897385, Lines 2
Match: Event 301897686, Lines 2
Match: Event 301897759, Lines 2
Match: Event 301898152, Lines 2
Match: Event 301898795, Lines 2
Match: Event 301899305, Lines 2
Match: Event 301899880, Lines 2
[90%] 	 28,444/31,604 	 07:23:51
Match: Event 301900346, Lines 2
Match: Event 301901800, Lines 2
Match: Event 301902750, Lines 2
Match: Event 301903650, Lines 2
Match: Event 301904451, Lines 2
Match: Event 301904554, Lines 2
Match: Event 301905037, Lines 2
Match: Event 301905186, Lines 2
Match: Event 301905458, Lines 2
Match: Event 301905843, Lines 2
Match: Event 301908053, Lines 2
Match: Event 301908308, Lines 2
Match: Event 301908429, Lines 2
Match: Event 301908577, Lines 2
Match: Event 301908670, Lines 2
Match: Event 301908770, Lines 2
[91%] 	 28,760/31,604 	 07:28:27
Match: Event 301909915, Lines 2
Match: Event 301910631, Lines 2
Match: Event 301911018, Lines 2
Match: Event 301911827, Lines 2
Match: Event 301913062, Lines 2
Match: Event 301913188, Lines 2
Match: Event 301914503, Lines 3
Match: Event 301914764, Lines 2
Match: Event 301915277, Lines 2
Match: Event 301916331, Lines 2
Match: Event 301916471, Lines 2
Match: Event 301916792, Lines 2
Match: Event 301917070, Lines 2
[92%] 	 29,076/31,604 	 07:33:45
Match: Event 301920983, Lines 2
Match: Event 301921034, Lines 2
Match: Event 301921213, Lines 2
Match: Event 301922400, Lines 2
Match: Event 301923826, Lines 2
Match: Event 301924062, Lines 2
Match: Event 301924496, Lines 2
Match: Event 301924851, Lines 2
Match: Event 301924965, Lines 2
Match: Event 301925204, Lines 2
Match: Event 301926365, Lines 2
Match: Event 301926947, Lines 2
Match: Event 301927442, Lines 2
Match: Event 301928016, Lines 2
Match: Event 301928551, Lines 2
Match: Event 301929110, Lines 2
[93%] 	 29,392/31,604 	 07:38:59
Match: Event 301930368, Lines 2
Match: Event 301930633, Lines 3
Match: Event 301931129, Lines 2
Match: Event 301932668, Lines 2
Match: Event 301932769, Lines 2
Match: Event 301933470, Lines 2
Match: Event 301933830, Lines 3
Match: Event 301933831, Lines 2
Match: Event 301934714, Lines 2
Match: Event 301935445, Lines 2
Match: Event 301936113, Lines 3
Match: Event 301936644, Lines 2
Match: Event 301936695, Lines 2
Match: Event 301937257, Lines 2
Match: Event 301938579, Lines 2
Match: Event 301938954, Lines 2
Match: Event 301939288, Lines 3
[94%] 	 29,708/31,604 	 07:43:40
Match: Event 301939418, Lines 3
Match: Event 301939503, Lines 2
Match: Event 301940406, Lines 2
Match: Event 301940740, Lines 2
Match: Event 301941108, Lines 3
Match: Event 301941841, Lines 2
Match: Event 301941846, Lines 2
Match: Event 301943008, Lines 2
Match: Event 301943694, Lines 2
Match: Event 301943979, Lines 2
Match: Event 301944199, Lines 2
Match: Event 301944478, Lines 3
Match: Event 301944831, Lines 2
Match: Event 301945000, Lines 2
Match: Event 301945066, Lines 2
Match: Event 301945621, Lines 2
Match: Event 301945660, Lines 2
Match: Event 301947655, Lines 2
Match: Event 301947955, Lines 2
Match: Event 301948518, Lines 2
Match: Event 301948690, Lines 2
Match: Event 301949529, Lines 2
[95%] 	 30,024/31,604 	 07:48:08
Match: Event 301950528, Lines 2
Match: Event 301951344, Lines 2
Match: Event 301952030, Lines 2
Match: Event 301952112, Lines 2
Match: Event 301952769, Lines 2
Match: Event 301952866, Lines 2
Match: Event 301954009, Lines 2
Match: Event 301954287, Lines 2
Match: Event 301954362, Lines 2
Match: Event 301954771, Lines 2
Match: Event 301954793, Lines 2
Match: Event 301955510, Lines 2
Match: Event 301957124, Lines 2
Match: Event 301957622, Lines 2
Match: Event 301957735, Lines 2
Match: Event 301957872, Lines 3
[96%] 	 30,340/31,604 	 07:52:59
Match: Event 301959840, Lines 2
Match: Event 301960197, Lines 2
Match: Event 301960989, Lines 2
Match: Event 301961188, Lines 2
Match: Event 301961208, Lines 2
Match: Event 301961503, Lines 3
Match: Event 301962234, Lines 2
Match: Event 301962247, Lines 3
Match: Event 301963610, Lines 2
Match: Event 301965190, Lines 2
Match: Event 301965446, Lines 3
Match: Event 301966091, Lines 3
Match: Event 301966358, Lines 2
Match: Event 301966844, Lines 2
Match: Event 301967485, Lines 2
[97%] 	 30,656/31,604 	 07:58:36
Match: Event 301970924, Lines 2
Match: Event 301971274, Lines 2
Match: Event 301971398, Lines 2
Match: Event 301972942, Lines 2
Match: Event 301974975, Lines 2
Match: Event 301978529, Lines 2
[98%] 	 30,972/31,604 	 08:06:01
Match: Event 301979899, Lines 2
Match: Event 301980219, Lines 2
Match: Event 301980836, Lines 2
Match: Event 301981533, Lines 2
Match: Event 301982454, Lines 2
Match: Event 301982513, Lines 2
Match: Event 301983036, Lines 2
Match: Event 301985094, Lines 2
Match: Event 301985545, Lines 2
Match: Event 301985808, Lines 2
Match: Event 301985976, Lines 2
Match: Event 301986514, Lines 2
Match: Event 301986609, Lines 2
Match: Event 301987823, Lines 2
Match: Event 301987940, Lines 2
Match: Event 301988445, Lines 2
[99%] 	 31,288/31,604 	 08:12:55
Match: Event 301989427, Lines 2
Match: Event 301990227, Lines 2
Match: Event 301990230, Lines 2
Match: Event 301990477, Lines 2
Match: Event 301991635, Lines 2
Match: Event 301992362, Lines 2
Match: Event 301992655, Lines 2
Match: Event 301993486, Lines 3
Match: Event 301993706, Lines 2
Match: Event 301993863, Lines 2
Match: Event 301993874, Lines 2
Match: Event 301994569, Lines 2
Match: Event 301994745, Lines 2
Match: Event 301995060, Lines 2
Match: Event 301996656, Lines 2
Match: Event 301996729, Lines 2
Match: Event 301997441, Lines 2
Match: Event 301997494, Lines 2
Match: Event 301998280, Lines 2
Match: Event 301998737, Lines 2
Finished in 29880.68s.
 ~ 5) DONE !
