search libraries in slc9_x86-64
 ~ 1) Base stack loaded.
 ~ Sleeping for 50 seconds to avoid AFS DDOS...
 ~ 2) Loading sndsw environment...
 ~ 3) SNDSW_ROOT is set to: /afs/cern.ch/user/i/idioniso/snd_master/sw-root6.28/rhel9_x86-64/sndsw/master-local1
 ~ 4) Executing tracking script...
[INFO] The input consists out of the following trees and files: 
[INFO]  - rawConv
[INFO]     - root://eoshome-i.cern.ch//eos/user/i/idioniso/tridents/initial_cuts/tridents_sndsw_raw-0161.root
[INFO] FairRootFileSink initialized.
[INFO]  - cbmout
[INFO]     - dummy
[INFO] Parameter and input file are available, Assure that basic info is there for the run!
[INFO] ---FairRootManager::SpecifyRunId --- 
[INFO] --- Initialize with RunId  --- 0

************************************************************* 
     initialisation for run id 0
************************************************************* 
-I- FairRunTimeDB::InitContainer() FairBaseParSet
-I- FairRunTimeDB::InitContainer() FairGeoParSet

************************************************************* 
     initialisation for run id 0
************************************************************* 
-I- FairRunTimeDB::InitContainer() FairBaseParSet
-I- FairRunTimeDB::InitContainer() FairGeoParSet
[INFO]  Branch: Reco_MuonTracks not found in Tree.
using geofile: root://eospublic.cern.ch//eos/experiment/sndlhc/convertedData/physics/2023/geofile_sndlhc_TI18_V3_2023.root
[0%] 	 0/31,902 	 00:00:10
Match: Event 161001429, Lines 2
Match: Event 161001866, Lines 2
Match: Event 161001905, Lines 2
Match: Event 161002966, Lines 2
Match: Event 161003602, Lines 2
Match: Event 161004159, Lines 3
Match: Event 161005083, Lines 2
Match: Event 161006158, Lines 2
Match: Event 161006493, Lines 2
Match: Event 161007088, Lines 2
Match: Event 161008481, Lines 2
Match: Event 161009384, Lines 2
[1%] 	 320/31,902 	 00:07:24
Match: Event 161009971, Lines 2
Match: Event 161009976, Lines 2
Match: Event 161010739, Lines 2
Match: Event 161010891, Lines 2
Match: Event 161010985, Lines 2
Match: Event 161011450, Lines 2
Match: Event 161011729, Lines 2
Match: Event 161012024, Lines 3
Match: Event 161013019, Lines 2
Match: Event 161013114, Lines 2
Match: Event 161014078, Lines 2
Match: Event 161017024, Lines 2
Match: Event 161019030, Lines 2
[2%] 	 639/31,902 	 00:14:22
Match: Event 161019942, Lines 2
Match: Event 161020297, Lines 2
Match: Event 161021550, Lines 2
Match: Event 161022381, Lines 2
Match: Event 161022896, Lines 2
Match: Event 161023789, Lines 2
Match: Event 161023935, Lines 2
Match: Event 161024121, Lines 2
Match: Event 161026640, Lines 3
Match: Event 161026940, Lines 2
Match: Event 161026984, Lines 2
Match: Event 161027193, Lines 2
Match: Event 161027290, Lines 2
Match: Event 161027347, Lines 2
[3%] 	 958/31,902 	 00:21:21
Match: Event 161029418, Lines 2
Match: Event 161029663, Lines 2
Match: Event 161029670, Lines 2
Match: Event 161030890, Lines 2
Match: Event 161031358, Lines 2
Match: Event 161033500, Lines 2
Match: Event 161034179, Lines 2
Match: Event 161034421, Lines 2
Match: Event 161035054, Lines 2
Match: Event 161035668, Lines 2
Match: Event 161035702, Lines 2
Match: Event 161036281, Lines 3
Match: Event 161036569, Lines 2
Match: Event 161037171, Lines 2
Match: Event 161037241, Lines 3
Match: Event 161038873, Lines 2
[4%] 	 1,277/31,902 	 00:28:35
Match: Event 161040494, Lines 3
Match: Event 161041916, Lines 2
Match: Event 161042681, Lines 2
Match: Event 161044371, Lines 2
Match: Event 161045028, Lines 2
Match: Event 161045461, Lines 2
Match: Event 161046224, Lines 2
Match: Event 161047752, Lines 2
Match: Event 161047967, Lines 3
Match: Event 161048866, Lines 2
Match: Event 161048971, Lines 2
Match: Event 161049047, Lines 2
Match: Event 161049133, Lines 2
Match: Event 161049851, Lines 2
Match: Event 161050298, Lines 2
[5%] 	 1,596/31,902 	 00:35:38
Match: Event 161050595, Lines 2
Match: Event 161050991, Lines 2
Match: Event 161050995, Lines 2
Match: Event 161052090, Lines 3
Match: Event 161052820, Lines 2
Match: Event 161053141, Lines 2
Match: Event 161054654, Lines 2
Match: Event 161055154, Lines 2
Match: Event 161055891, Lines 3
Match: Event 161056019, Lines 2
Match: Event 161056872, Lines 2
Match: Event 161057158, Lines 2
Match: Event 161058262, Lines 2
Match: Event 161060102, Lines 2
Match: Event 161060108, Lines 2
Match: Event 161060496, Lines 2
Match: Event 161060756, Lines 2
[6%] 	 1,915/31,902 	 00:42:58
Match: Event 161061438, Lines 2
Match: Event 161061703, Lines 2
Match: Event 161063552, Lines 2
Match: Event 161063937, Lines 2
Match: Event 161064104, Lines 2
Match: Event 161064410, Lines 2
Match: Event 161065316, Lines 2
Match: Event 161065443, Lines 2
Match: Event 161066120, Lines 2
Match: Event 161067718, Lines 2
Match: Event 161067781, Lines 2
Match: Event 161068536, Lines 2
Match: Event 161068965, Lines 2
Match: Event 161069606, Lines 2
Match: Event 161069806, Lines 2
Match: Event 161070353, Lines 2
[7%] 	 2,234/31,902 	 00:50:15
Match: Event 161071684, Lines 2
Match: Event 161073498, Lines 2
Match: Event 161073668, Lines 2
Match: Event 161073817, Lines 2
Match: Event 161073839, Lines 2
Match: Event 161074476, Lines 2
Match: Event 161075168, Lines 2
Match: Event 161075840, Lines 2
Match: Event 161079233, Lines 2
Match: Event 161079561, Lines 2
Match: Event 161079752, Lines 2
Match: Event 161080165, Lines 2
[8%] 	 2,553/31,902 	 00:57:17
Match: Event 161080726, Lines 2
Match: Event 161080835, Lines 2
Match: Event 161081056, Lines 2
Match: Event 161081125, Lines 2
Match: Event 161083796, Lines 2
Match: Event 161083803, Lines 2
Match: Event 161084253, Lines 2
Match: Event 161084923, Lines 2
Match: Event 161085727, Lines 2
Match: Event 161086812, Lines 2
Match: Event 161087367, Lines 2
Match: Event 161088106, Lines 2
Match: Event 161088727, Lines 2
Match: Event 161088847, Lines 2
Match: Event 161089352, Lines 2
[9%] 	 2,872/31,902 	 01:04:13
Match: Event 161090196, Lines 2
Match: Event 161090759, Lines 2
Match: Event 161090954, Lines 2
Match: Event 161091543, Lines 3
Match: Event 161091751, Lines 2
Match: Event 161091838, Lines 2
Match: Event 161091877, Lines 2
Match: Event 161092477, Lines 2
Match: Event 161092734, Lines 2
Match: Event 161093097, Lines 2
Match: Event 161094185, Lines 2
Match: Event 161094573, Lines 2
Match: Event 161094841, Lines 2
Match: Event 161095011, Lines 2
Match: Event 161095036, Lines 2
Match: Event 161095343, Lines 2
Match: Event 161096670, Lines 2
Match: Event 161097707, Lines 3
Match: Event 161098536, Lines 2
Match: Event 161098750, Lines 2
Match: Event 161098913, Lines 2
[10%] 	 3,191/31,902 	 01:11:24
Match: Event 161101308, Lines 2
Match: Event 161102625, Lines 2
Match: Event 161102943, Lines 2
Match: Event 161103501, Lines 2
Match: Event 161104230, Lines 2
Match: Event 161105194, Lines 2
Match: Event 161105386, Lines 2
Match: Event 161105656, Lines 2
Match: Event 161106390, Lines 2
Match: Event 161107572, Lines 2
Match: Event 161108172, Lines 2
Match: Event 161108377, Lines 2
Match: Event 161109486, Lines 2
[11%] 	 3,510/31,902 	 01:18:35
Match: Event 161110039, Lines 2
Match: Event 161110092, Lines 2
Match: Event 161110313, Lines 2
Match: Event 161110523, Lines 2
Match: Event 161113013, Lines 2
Match: Event 161113714, Lines 2
Match: Event 161114445, Lines 2
Match: Event 161116076, Lines 2
Match: Event 161116534, Lines 2
Match: Event 161116771, Lines 2
Match: Event 161116782, Lines 2
Match: Event 161118425, Lines 2
[12%] 	 3,829/31,902 	 01:25:42
Match: Event 161119299, Lines 2
Match: Event 161120986, Lines 2
Match: Event 161121452, Lines 2
Match: Event 161122844, Lines 2
Match: Event 161122876, Lines 2
Match: Event 161123146, Lines 2
Match: Event 161124761, Lines 2
Match: Event 161125076, Lines 2
Match: Event 161125411, Lines 2
Match: Event 161125736, Lines 2
Match: Event 161126915, Lines 2
Match: Event 161127693, Lines 2
Match: Event 161127730, Lines 2
Match: Event 161127868, Lines 3
Match: Event 161127891, Lines 2
[13%] 	 4,148/31,902 	 01:32:52
Match: Event 161129512, Lines 2
Match: Event 161129713, Lines 2
Match: Event 161130509, Lines 2
Match: Event 161132314, Lines 2
Match: Event 161134303, Lines 2
Match: Event 161135335, Lines 2
Match: Event 161135873, Lines 2
Match: Event 161136892, Lines 2
Match: Event 161137495, Lines 2
[14%] 	 4,467/31,902 	 01:40:33
Match: Event 161140863, Lines 2
Match: Event 161141069, Lines 2
Match: Event 161141548, Lines 2
Match: Event 161143134, Lines 2
Match: Event 161143986, Lines 2
Match: Event 161144284, Lines 2
Match: Event 161145023, Lines 2
Match: Event 161145950, Lines 2
Match: Event 161146655, Lines 2
Match: Event 161146952, Lines 2
Match: Event 161148669, Lines 3
[15%] 	 4,786/31,902 	 01:47:44
Match: Event 161149824, Lines 2
Match: Event 161150130, Lines 2
Match: Event 161152328, Lines 2
Match: Event 161152458, Lines 2
Match: Event 161153317, Lines 2
Match: Event 161153855, Lines 2
Match: Event 161154779, Lines 2
Match: Event 161155992, Lines 2
Match: Event 161156041, Lines 2
Match: Event 161156851, Lines 2
Match: Event 161157036, Lines 2
[16%] 	 5,105/31,902 	 01:54:58
Match: Event 161160028, Lines 2
Match: Event 161160037, Lines 2
Match: Event 161160206, Lines 2
Match: Event 161161089, Lines 2
Match: Event 161161210, Lines 2
Match: Event 161162358, Lines 2
Match: Event 161163387, Lines 2
Match: Event 161163871, Lines 2
Match: Event 161164120, Lines 2
Match: Event 161164181, Lines 2
Match: Event 161164492, Lines 2
Match: Event 161164917, Lines 2
Match: Event 161167663, Lines 2
Match: Event 161167744, Lines 2
Match: Event 161167817, Lines 2
Match: Event 161168258, Lines 2
[17%] 	 5,424/31,902 	 02:02:22
Match: Event 161169040, Lines 2
Match: Event 161169114, Lines 2
Match: Event 161169312, Lines 2
Match: Event 161169314, Lines 3
Match: Event 161169745, Lines 2
Match: Event 161169762, Lines 2
Match: Event 161169882, Lines 2
Match: Event 161170467, Lines 2
Match: Event 161170986, Lines 2
Match: Event 161171424, Lines 2
Match: Event 161171659, Lines 2
Match: Event 161172378, Lines 2
Match: Event 161174007, Lines 2
Match: Event 161174113, Lines 2
Match: Event 161174355, Lines 2
Match: Event 161174743, Lines 2
Match: Event 161175436, Lines 2
Match: Event 161175996, Lines 2
Match: Event 161177406, Lines 3
[18%] 	 5,743/31,902 	 02:10:01
Match: Event 161178197, Lines 2
Match: Event 161179069, Lines 2
Match: Event 161179669, Lines 2
Match: Event 161181386, Lines 2
Match: Event 161181521, Lines 2
Match: Event 161181947, Lines 2
Match: Event 161182531, Lines 2
Match: Event 161182601, Lines 3
Match: Event 161182671, Lines 2
Match: Event 161182883, Lines 2
Match: Event 161183347, Lines 2
Match: Event 161183964, Lines 2
Match: Event 161184600, Lines 2
Match: Event 161184807, Lines 2
Match: Event 161185108, Lines 2
Match: Event 161185459, Lines 2
Match: Event 161186552, Lines 2
Match: Event 161186645, Lines 2
Match: Event 161186866, Lines 2
[19%] 	 6,062/31,902 	 02:18:01
Match: Event 161187030, Lines 2
Match: Event 161187080, Lines 2
Match: Event 161187102, Lines 2
Match: Event 161188303, Lines 2
Match: Event 161190146, Lines 2
Match: Event 161190751, Lines 2
Match: Event 161191893, Lines 2
Match: Event 161192497, Lines 2
Match: Event 161193143, Lines 2
Match: Event 161194096, Lines 2
Match: Event 161195308, Lines 2
Match: Event 161195515, Lines 2
Match: Event 161195851, Lines 2
[20%] 	 6,381/31,902 	 02:25:44
Match: Event 161196312, Lines 2
Match: Event 161196497, Lines 2
Match: Event 161196552, Lines 2
Match: Event 161196912, Lines 3
Match: Event 161197721, Lines 2
Match: Event 161198640, Lines 3
Match: Event 161198668, Lines 2
Match: Event 161200386, Lines 2
Match: Event 161200396, Lines 2
Match: Event 161200612, Lines 2
Match: Event 161203694, Lines 2
Match: Event 161204001, Lines 2
Match: Event 161204070, Lines 2
Match: Event 161204238, Lines 2
[21%] 	 6,700/31,902 	 02:33:41
Match: Event 161206180, Lines 2
Match: Event 161206585, Lines 2
Match: Event 161208483, Lines 2
Match: Event 161208726, Lines 3
Match: Event 161208967, Lines 2
Match: Event 161209379, Lines 2
Match: Event 161209703, Lines 2
Match: Event 161209992, Lines 2
Match: Event 161211070, Lines 2
Match: Event 161211357, Lines 2
Match: Event 161211525, Lines 2
Match: Event 161212178, Lines 2
Match: Event 161212596, Lines 2
Match: Event 161214763, Lines 2
Match: Event 161215879, Lines 2
Match: Event 161216151, Lines 2
Match: Event 161216845, Lines 2
[22%] 	 7,019/31,902 	 02:41:45
Match: Event 161217144, Lines 2
Match: Event 161217720, Lines 2
Match: Event 161219675, Lines 2
Match: Event 161219852, Lines 2
Match: Event 161219883, Lines 2
Match: Event 161220486, Lines 2
Match: Event 161221932, Lines 2
Match: Event 161223363, Lines 2
Match: Event 161223429, Lines 2
Match: Event 161224085, Lines 2
Match: Event 161224481, Lines 2
Match: Event 161224487, Lines 2
Match: Event 161224520, Lines 2
Match: Event 161226329, Lines 2
[23%] 	 7,338/31,902 	 02:49:39
Match: Event 161227198, Lines 2
Match: Event 161227768, Lines 2
Match: Event 161230821, Lines 2
Match: Event 161230845, Lines 2
Match: Event 161230905, Lines 2
Match: Event 161231089, Lines 2
Match: Event 161232407, Lines 2
Match: Event 161235127, Lines 2
Match: Event 161235456, Lines 2
Match: Event 161235678, Lines 2
[24%] 	 7,657/31,902 	 02:57:27
Match: Event 161235969, Lines 2
Match: Event 161236771, Lines 2
Match: Event 161236942, Lines 2
Match: Event 161238645, Lines 2
Match: Event 161239169, Lines 2
Match: Event 161241489, Lines 2
Match: Event 161241972, Lines 2
Match: Event 161242072, Lines 2
Match: Event 161242097, Lines 3
Match: Event 161242410, Lines 2
Match: Event 161242544, Lines 3
Match: Event 161242964, Lines 2
Match: Event 161243385, Lines 2
Match: Event 161243415, Lines 2
Match: Event 161244226, Lines 2
Match: Event 161244667, Lines 2
Match: Event 161245268, Lines 2
[25%] 	 7,976/31,902 	 03:05:18
Match: Event 161246832, Lines 2
Match: Event 161246957, Lines 2
Match: Event 161247178, Lines 2
Match: Event 161247247, Lines 2
Match: Event 161247936, Lines 3
Match: Event 161249364, Lines 2
Match: Event 161252343, Lines 2
Match: Event 161252450, Lines 2
Match: Event 161254493, Lines 2
Match: Event 161254589, Lines 3
Match: Event 161254853, Lines 2
Match: Event 161255669, Lines 2
[26%] 	 8,295/31,902 	 03:13:34
Match: Event 161258563, Lines 2
Match: Event 161259454, Lines 2
Match: Event 161259692, Lines 2
Match: Event 161259836, Lines 2
Match: Event 161260050, Lines 2
Match: Event 161260589, Lines 2
Match: Event 161260600, Lines 2
Match: Event 161260921, Lines 2
Match: Event 161262049, Lines 2
Match: Event 161264021, Lines 2
Match: Event 161264087, Lines 2
Match: Event 161264806, Lines 2
Match: Event 161265527, Lines 3
[27%] 	 8,614/31,902 	 03:21:17
Match: Event 161269286, Lines 2
Match: Event 161271050, Lines 2
Match: Event 161271499, Lines 2
Match: Event 161272603, Lines 2
Match: Event 161273298, Lines 2
Match: Event 161273817, Lines 2
Match: Event 161273989, Lines 2
Match: Event 161276158, Lines 2
Match: Event 161277079, Lines 2
[28%] 	 8,933/31,902 	 03:28:58
Match: Event 161278065, Lines 2
Match: Event 161278972, Lines 2
Match: Event 161279903, Lines 2
Match: Event 161280593, Lines 2
Match: Event 161280832, Lines 2
Match: Event 161281468, Lines 2
Match: Event 161282271, Lines 2
Match: Event 161284777, Lines 2
Match: Event 161285286, Lines 2
Match: Event 161285394, Lines 3
Match: Event 161285447, Lines 2
Match: Event 161286090, Lines 2
Match: Event 161286300, Lines 2
Match: Event 161286775, Lines 2
Match: Event 161287451, Lines 2
[29%] 	 9,252/31,902 	 03:36:19
Match: Event 161288298, Lines 2
Match: Event 161288425, Lines 2
Match: Event 161289002, Lines 2
Match: Event 161290494, Lines 2
Match: Event 161291029, Lines 2
Match: Event 161292304, Lines 2
Match: Event 161292356, Lines 2
Match: Event 161292508, Lines 2
Match: Event 161293511, Lines 2
Match: Event 161294769, Lines 2
Match: Event 161294776, Lines 2
Match: Event 161294924, Lines 2
Match: Event 161296321, Lines 2
[30%] 	 9,571/31,902 	 03:43:48
Match: Event 161297550, Lines 2
Match: Event 161297660, Lines 2
Match: Event 161298463, Lines 2
Match: Event 161298981, Lines 2
Match: Event 161299740, Lines 2
Match: Event 161300631, Lines 2
Match: Event 161302752, Lines 2
Match: Event 161302967, Lines 2
Match: Event 161303131, Lines 2
Match: Event 161303433, Lines 2
Match: Event 161303977, Lines 2
Match: Event 161307470, Lines 2
[31%] 	 9,890/31,902 	 03:51:14
Match: Event 161308250, Lines 2
Match: Event 161308255, Lines 2
Match: Event 161310098, Lines 2
Match: Event 161310209, Lines 2
Match: Event 161310949, Lines 2
Match: Event 161311118, Lines 2
Match: Event 161311375, Lines 2
Match: Event 161312414, Lines 2
Match: Event 161313716, Lines 2
Match: Event 161313951, Lines 2
Match: Event 161315351, Lines 2
Match: Event 161315488, Lines 2
Match: Event 161316003, Lines 2
Match: Event 161316892, Lines 2
[32%] 	 10,209/31,902 	 03:58:42
Match: Event 161318077, Lines 2
Match: Event 161318330, Lines 2
Match: Event 161318586, Lines 2
Match: Event 161318589, Lines 2
Match: Event 161319530, Lines 2
Match: Event 161319681, Lines 2
Match: Event 161319796, Lines 2
Match: Event 161320065, Lines 2
Match: Event 161320112, Lines 2
Match: Event 161320261, Lines 2
Match: Event 161320795, Lines 2
Match: Event 161321191, Lines 2
Match: Event 161322110, Lines 2
Match: Event 161323280, Lines 2
Match: Event 161324220, Lines 2
Match: Event 161324557, Lines 2
[33%] 	 10,528/31,902 	 04:06:10
Match: Event 161327343, Lines 2
Match: Event 161327958, Lines 2
Match: Event 161327986, Lines 2
Match: Event 161328477, Lines 2
Match: Event 161329269, Lines 2
Match: Event 161331526, Lines 2
Match: Event 161331892, Lines 2
Match: Event 161331958, Lines 2
Match: Event 161332393, Lines 2
Match: Event 161335999, Lines 2
Match: Event 161336366, Lines 3
Match: Event 161336434, Lines 2
Match: Event 161336615, Lines 2
Match: Event 161336765, Lines 3
[34%] 	 10,847/31,902 	 04:13:25
Match: Event 161337240, Lines 2
Match: Event 161337523, Lines 2
Match: Event 161337924, Lines 2
Match: Event 161338658, Lines 2
Match: Event 161338906, Lines 2
Match: Event 161338939, Lines 2
Match: Event 161339263, Lines 2
Match: Event 161339764, Lines 2
Match: Event 161340839, Lines 2
Match: Event 161341112, Lines 2
Match: Event 161341166, Lines 2
Match: Event 161342682, Lines 2
Match: Event 161342867, Lines 2
Match: Event 161343764, Lines 2
Match: Event 161344298, Lines 2
Match: Event 161345010, Lines 2
Match: Event 161346517, Lines 2
Match: Event 161346926, Lines 2
[35%] 	 11,166/31,902 	 04:21:11
Match: Event 161347826, Lines 2
Match: Event 161348505, Lines 2
Match: Event 161350089, Lines 2
Match: Event 161350215, Lines 2
Match: Event 161350338, Lines 2
Match: Event 161351238, Lines 2
Match: Event 161351514, Lines 2
Match: Event 161352261, Lines 2
Match: Event 161353650, Lines 2
Match: Event 161355273, Lines 2
Match: Event 161355855, Lines 2
Match: Event 161356562, Lines 2
Match: Event 161356593, Lines 2
[36%] 	 11,485/31,902 	 04:28:30
Match: Event 161357231, Lines 2
Match: Event 161357263, Lines 2
Match: Event 161360500, Lines 2
Match: Event 161361594, Lines 2
Match: Event 161361991, Lines 2
Match: Event 161362945, Lines 2
Match: Event 161363006, Lines 2
Match: Event 161364097, Lines 2
Match: Event 161364781, Lines 2
[37%] 	 11,804/31,902 	 04:35:32
Match: Event 161368123, Lines 3
Match: Event 161368951, Lines 2
Match: Event 161369640, Lines 3
Match: Event 161370046, Lines 2
Match: Event 161370598, Lines 2
Match: Event 161371602, Lines 2
Match: Event 161371661, Lines 2
Match: Event 161371882, Lines 2
Match: Event 161372007, Lines 2
Match: Event 161372704, Lines 2
Match: Event 161374026, Lines 2
Match: Event 161374770, Lines 3
Match: Event 161375260, Lines 2
[38%] 	 12,123/31,902 	 04:42:45
Match: Event 161376247, Lines 2
Match: Event 161376277, Lines 2
Match: Event 161378132, Lines 2
Match: Event 161379341, Lines 2
Match: Event 161380817, Lines 2
Match: Event 161380856, Lines 2
Match: Event 161381644, Lines 2
Match: Event 161382071, Lines 2
Match: Event 161382082, Lines 2
Match: Event 161382095, Lines 2
Match: Event 161383950, Lines 2
Match: Event 161385377, Lines 2
Match: Event 161385401, Lines 2
[39%] 	 12,442/31,902 	 04:50:22
Match: Event 161388201, Lines 2
Match: Event 161388257, Lines 3
Match: Event 161388733, Lines 2
Match: Event 161388754, Lines 3
Match: Event 161389203, Lines 2
Match: Event 161392495, Lines 2
Match: Event 161394792, Lines 2
Match: Event 161395308, Lines 2
Match: Event 161395951, Lines 2
Match: Event 161396615, Lines 2
Match: Event 161397500, Lines 2
[40%] 	 12,761/31,902 	 04:57:39
Match: Event 161398202, Lines 2
Match: Event 161400207, Lines 2
Match: Event 161401020, Lines 2
Match: Event 161402267, Lines 2
Match: Event 161402295, Lines 2
Match: Event 161402450, Lines 2
Match: Event 161402739, Lines 2
Match: Event 161402929, Lines 2
Match: Event 161403353, Lines 2
Match: Event 161403473, Lines 2
Match: Event 161403733, Lines 2
Match: Event 161403871, Lines 2
Match: Event 161405098, Lines 2
Match: Event 161406042, Lines 2
[41%] 	 13,080/31,902 	 05:04:54
Match: Event 161408948, Lines 2
Match: Event 161409663, Lines 2
Match: Event 161410932, Lines 2
Match: Event 161411618, Lines 2
Match: Event 161412437, Lines 2
Match: Event 161413631, Lines 2
Match: Event 161414624, Lines 2
Match: Event 161414791, Lines 2
Match: Event 161414833, Lines 2
Match: Event 161415851, Lines 2
Match: Event 161416316, Lines 2
Match: Event 161417374, Lines 2
Match: Event 161417391, Lines 2
Match: Event 161417757, Lines 2
[42%] 	 13,399/31,902 	 05:12:05
Match: Event 161417955, Lines 2
Match: Event 161419484, Lines 2
Match: Event 161419568, Lines 2
Match: Event 161420384, Lines 2
Match: Event 161420521, Lines 2
Match: Event 161420569, Lines 2
Match: Event 161421403, Lines 2
Match: Event 161421507, Lines 2
Match: Event 161422460, Lines 2
Match: Event 161422578, Lines 2
Match: Event 161423222, Lines 2
Match: Event 161423806, Lines 2
Match: Event 161424288, Lines 3
Match: Event 161425097, Lines 2
Match: Event 161425919, Lines 2
Match: Event 161425981, Lines 2
Match: Event 161426212, Lines 2
[43%] 	 13,718/31,902 	 05:19:30
Match: Event 161427294, Lines 3
Match: Event 161427387, Lines 2
Match: Event 161427743, Lines 3
Match: Event 161428553, Lines 2
Match: Event 161429302, Lines 3
Match: Event 161430350, Lines 2
Match: Event 161431029, Lines 2
Match: Event 161432690, Lines 2
Match: Event 161433662, Lines 2
Match: Event 161434464, Lines 2
Match: Event 161434826, Lines 2
Match: Event 161435412, Lines 2
Match: Event 161436433, Lines 2
[44%] 	 14,037/31,902 	 05:27:05
Match: Event 161437175, Lines 2
Match: Event 161437332, Lines 2
Match: Event 161438109, Lines 2
Match: Event 161439140, Lines 2
Match: Event 161439469, Lines 2
Match: Event 161440715, Lines 2
Match: Event 161441085, Lines 2
Match: Event 161443236, Lines 2
Match: Event 161445420, Lines 2
Match: Event 161446888, Lines 2
Match: Event 161447365, Lines 2
[45%] 	 14,356/31,902 	 05:34:41
Match: Event 161447746, Lines 2
Match: Event 161448536, Lines 2
Match: Event 161448845, Lines 2
Match: Event 161449451, Lines 2
Match: Event 161449519, Lines 2
Match: Event 161450589, Lines 2
Match: Event 161450824, Lines 2
Match: Event 161451487, Lines 2
Match: Event 161452472, Lines 3
Match: Event 161453722, Lines 2
Match: Event 161455141, Lines 2
Match: Event 161455198, Lines 2
Match: Event 161455201, Lines 2
Match: Event 161455571, Lines 2
Match: Event 161455861, Lines 2
Match: Event 161456273, Lines 2
Match: Event 161456463, Lines 2
Match: Event 161456503, Lines 2
[46%] 	 14,675/31,902 	 05:41:54
Match: Event 161458337, Lines 2
Match: Event 161459359, Lines 2
Match: Event 161461189, Lines 3
Match: Event 161461824, Lines 2
Match: Event 161462089, Lines 2
Match: Event 161462677, Lines 2
Match: Event 161462939, Lines 2
Match: Event 161463163, Lines 3
Match: Event 161464181, Lines 2
Match: Event 161464397, Lines 2
Match: Event 161465825, Lines 2
Match: Event 161466962, Lines 2
Match: Event 161467724, Lines 2
[47%] 	 14,994/31,902 	 05:49:24
Match: Event 161469791, Lines 2
Match: Event 161469857, Lines 2
Match: Event 161470026, Lines 2
Match: Event 161470166, Lines 2
Match: Event 161470776, Lines 2
Match: Event 161471284, Lines 2
Match: Event 161472625, Lines 2
Match: Event 161472667, Lines 2
Match: Event 161473322, Lines 2
Match: Event 161473536, Lines 2
Match: Event 161473865, Lines 2
Match: Event 161473870, Lines 2
Match: Event 161474697, Lines 2
Match: Event 161475780, Lines 2
Match: Event 161476664, Lines 2
Match: Event 161478195, Lines 3
[48%] 	 15,313/31,902 	 05:57:26
Match: Event 161479314, Lines 2
Match: Event 161480620, Lines 2
Match: Event 161482939, Lines 2
Match: Event 161482953, Lines 2
Match: Event 161483408, Lines 2
Match: Event 161483461, Lines 2
Match: Event 161483477, Lines 2
Match: Event 161483655, Lines 2
Match: Event 161483775, Lines 2
Match: Event 161483862, Lines 2
Match: Event 161484015, Lines 2
Match: Event 161485825, Lines 2
Match: Event 161486768, Lines 2
Match: Event 161486972, Lines 2
Match: Event 161487191, Lines 3
Match: Event 161487205, Lines 2
Match: Event 161487400, Lines 2
[49%] 	 15,632/31,902 	 06:05:40
Match: Event 161488963, Lines 2
Match: Event 161488969, Lines 2
Match: Event 161489277, Lines 2
Match: Event 161489388, Lines 3
Match: Event 161490125, Lines 2
Match: Event 161491331, Lines 2
Match: Event 161491749, Lines 2
Match: Event 161491951, Lines 2
Match: Event 161492170, Lines 2
Match: Event 161492715, Lines 2
Match: Event 161493136, Lines 2
Match: Event 161493476, Lines 2
Match: Event 161495576, Lines 3
Match: Event 161497028, Lines 2
Match: Event 161497187, Lines 2
Match: Event 161498001, Lines 2
[50%] 	 15,951/31,902 	 06:14:01
Match: Event 161498354, Lines 2
Match: Event 161498943, Lines 2
Match: Event 161500893, Lines 3
Match: Event 161501364, Lines 2
Match: Event 161502270, Lines 2
Match: Event 161503245, Lines 3
Match: Event 161503318, Lines 2
Match: Event 161503695, Lines 3
Match: Event 161503709, Lines 2
Match: Event 161504210, Lines 2
Match: Event 161504377, Lines 2
Match: Event 161504961, Lines 2
Match: Event 161505821, Lines 3
Match: Event 161506492, Lines 2
[51%] 	 16,271/31,902 	 06:22:11
Match: Event 161507680, Lines 3
Match: Event 161509060, Lines 2
Match: Event 161509197, Lines 2
Match: Event 161509663, Lines 2
Match: Event 161509739, Lines 2
Match: Event 161511193, Lines 2
Match: Event 161511340, Lines 2
Match: Event 161512511, Lines 2
Match: Event 161513357, Lines 2
Match: Event 161514782, Lines 2
Match: Event 161515089, Lines 2
Match: Event 161515147, Lines 2
Match: Event 161516196, Lines 2
Match: Event 161517134, Lines 2
Match: Event 161517429, Lines 2
Match: Event 161517546, Lines 2
Match: Event 161518270, Lines 2
[52%] 	 16,590/31,902 	 06:30:08
Match: Event 161520275, Lines 2
Match: Event 161520317, Lines 2
Match: Event 161520399, Lines 2
Match: Event 161521703, Lines 3
Match: Event 161521979, Lines 2
Match: Event 161522501, Lines 2
Match: Event 161522604, Lines 2
Match: Event 161524454, Lines 2
Match: Event 161525214, Lines 2
Match: Event 161525299, Lines 3
Match: Event 161525441, Lines 2
Match: Event 161526462, Lines 2
Match: Event 161526939, Lines 2
Match: Event 161527016, Lines 2
Match: Event 161527097, Lines 3
Match: Event 161527232, Lines 2
Match: Event 161528110, Lines 2
[53%] 	 16,909/31,902 	 06:37:40
Match: Event 161530547, Lines 2
Match: Event 161530689, Lines 2
Match: Event 161531105, Lines 2
Match: Event 161531239, Lines 2
Match: Event 161531447, Lines 2
Match: Event 161532975, Lines 2
Match: Event 161533141, Lines 2
Match: Event 161533753, Lines 2
Match: Event 161533873, Lines 2
Match: Event 161534569, Lines 2
Match: Event 161534599, Lines 2
Match: Event 161534954, Lines 2
Match: Event 161535184, Lines 2
Match: Event 161535284, Lines 2
Match: Event 161535416, Lines 2
Match: Event 161535697, Lines 2
Match: Event 161535745, Lines 2
Match: Event 161537383, Lines 2
Match: Event 161537715, Lines 2
Match: Event 161538906, Lines 3
Match: Event 161539158, Lines 2
[54%] 	 17,228/31,902 	 06:45:34
Match: Event 161539442, Lines 2
Match: Event 161539959, Lines 2
Match: Event 161540610, Lines 2
Match: Event 161540860, Lines 2
Match: Event 161541479, Lines 2
Match: Event 161542267, Lines 2
Match: Event 161542454, Lines 2
Match: Event 161543170, Lines 2
Match: Event 161543656, Lines 2
Match: Event 161543887, Lines 2
Match: Event 161545107, Lines 2
Match: Event 161545605, Lines 2
Match: Event 161546401, Lines 2
Match: Event 161546588, Lines 2
Match: Event 161546617, Lines 2
Match: Event 161547112, Lines 2
Match: Event 161547639, Lines 2
Match: Event 161547687, Lines 2
Match: Event 161548689, Lines 2
[55%] 	 17,547/31,902 	 06:53:39
Match: Event 161549037, Lines 2
Match: Event 161549311, Lines 2
Match: Event 161549979, Lines 2
Match: Event 161550445, Lines 2
Match: Event 161550775, Lines 2
Match: Event 161550950, Lines 2
Match: Event 161552146, Lines 2
Match: Event 161553609, Lines 2
Match: Event 161555447, Lines 2
Match: Event 161555541, Lines 2
Match: Event 161555926, Lines 2
Match: Event 161556370, Lines 2
Match: Event 161557125, Lines 2
Match: Event 161557794, Lines 2
Match: Event 161558209, Lines 2
[56%] 	 17,866/31,902 	 07:02:26
Match: Event 161558326, Lines 2
Match: Event 161559111, Lines 2
Match: Event 161559215, Lines 2
Match: Event 161559282, Lines 2
Match: Event 161560391, Lines 2
Match: Event 161560471, Lines 2
Match: Event 161561418, Lines 2
Match: Event 161563152, Lines 2
Match: Event 161563671, Lines 2
Match: Event 161563853, Lines 2
Match: Event 161566635, Lines 3
[57%] 	 18,185/31,902 	 07:10:37
Match: Event 161570797, Lines 3
Match: Event 161571036, Lines 2
Match: Event 161572926, Lines 2
Match: Event 161574031, Lines 2
Match: Event 161574312, Lines 2
Match: Event 161575780, Lines 2
Match: Event 161576164, Lines 2
[58%] 	 18,504/31,902 	 07:18:09
Match: Event 161577619, Lines 2
Match: Event 161577823, Lines 2
Match: Event 161577972, Lines 2
Match: Event 161578595, Lines 2
Match: Event 161578893, Lines 2
Match: Event 161579951, Lines 2
Match: Event 161580810, Lines 2
Match: Event 161581134, Lines 2
Match: Event 161581575, Lines 2
Match: Event 161583397, Lines 2
Match: Event 161585802, Lines 3
Match: Event 161586870, Lines 2
Match: Event 161587588, Lines 2
Match: Event 161587897, Lines 2
[59%] 	 18,823/31,902 	 07:25:50
Match: Event 161588468, Lines 2
Match: Event 161588765, Lines 2
Match: Event 161590139, Lines 2
Match: Event 161590427, Lines 2
Match: Event 161591171, Lines 2
Match: Event 161591307, Lines 2
Match: Event 161591506, Lines 2
Match: Event 161592122, Lines 2
Match: Event 161592482, Lines 2
Match: Event 161592515, Lines 2
Match: Event 161592698, Lines 2
Match: Event 161592713, Lines 2
Match: Event 161592840, Lines 2
Match: Event 161595274, Lines 2
Match: Event 161596947, Lines 2
Match: Event 161597004, Lines 2
[60%] 	 19,142/31,902 	 07:33:09
Match: Event 161598649, Lines 2
Match: Event 161598871, Lines 2
Match: Event 161599041, Lines 2
Match: Event 161599809, Lines 2
Match: Event 161600397, Lines 2
Match: Event 161602479, Lines 2
Match: Event 161602688, Lines 2
Match: Event 161602816, Lines 2
Match: Event 161603034, Lines 2
Match: Event 161604303, Lines 2
Match: Event 161605746, Lines 2
Match: Event 161606804, Lines 2
[61%] 	 19,461/31,902 	 07:40:32
Match: Event 161607219, Lines 2
Match: Event 161607385, Lines 2
Match: Event 161607738, Lines 2
Match: Event 161608046, Lines 2
Match: Event 161608662, Lines 2
Match: Event 161608967, Lines 2
Match: Event 161609975, Lines 2
Match: Event 161610034, Lines 2
Match: Event 161611549, Lines 2
Match: Event 161612715, Lines 2
Match: Event 161613345, Lines 2
Match: Event 161613373, Lines 2
Match: Event 161614084, Lines 3
Match: Event 161614453, Lines 2
Match: Event 161614544, Lines 2
Match: Event 161615002, Lines 2
Match: Event 161615356, Lines 2
Match: Event 161615789, Lines 2
Match: Event 161615882, Lines 2
Match: Event 161617142, Lines 2
[62%] 	 19,780/31,902 	 07:48:01
Match: Event 161617571, Lines 2
Match: Event 161618186, Lines 2
Match: Event 161621468, Lines 2
Match: Event 161621796, Lines 2
Match: Event 161622993, Lines 2
Match: Event 161624236, Lines 2
Match: Event 161624325, Lines 2
Match: Event 161625133, Lines 2
Match: Event 161626696, Lines 2
[63%] 	 20,099/31,902 	 07:55:14
Match: Event 161629676, Lines 2
Match: Event 161629754, Lines 2
Match: Event 161630932, Lines 2
Match: Event 161632377, Lines 2
Match: Event 161632534, Lines 2
Match: Event 161632790, Lines 2
Match: Event 161633765, Lines 2
Match: Event 161635167, Lines 2
Match: Event 161635647, Lines 2
Match: Event 161636291, Lines 2
Match: Event 161636685, Lines 3
[64%] 	 20,418/31,902 	 08:02:24
Match: Event 161637891, Lines 2
Match: Event 161638281, Lines 2
Match: Event 161638610, Lines 2
Match: Event 161638641, Lines 2
Match: Event 161638742, Lines 2
Match: Event 161639139, Lines 2
Match: Event 161640158, Lines 2
Match: Event 161642016, Lines 2
Match: Event 161642553, Lines 2
Match: Event 161643061, Lines 2
Match: Event 161644476, Lines 2
Match: Event 161645029, Lines 2
Match: Event 161645172, Lines 2
Match: Event 161645626, Lines 2
Match: Event 161646708, Lines 2
[65%] 	 20,737/31,902 	 08:10:04
Match: Event 161648692, Lines 2
Match: Event 161649022, Lines 2
Match: Event 161649910, Lines 2
Match: Event 161650875, Lines 2
Match: Event 161652434, Lines 2
Match: Event 161652448, Lines 2
Match: Event 161652876, Lines 2
Match: Event 161654093, Lines 2
Match: Event 161654335, Lines 2
Match: Event 161654525, Lines 2
Match: Event 161657100, Lines 2
[66%] 	 21,056/31,902 	 08:17:44
Match: Event 161659462, Lines 2
Match: Event 161661537, Lines 2
Match: Event 161661544, Lines 2
Match: Event 161662013, Lines 2
Match: Event 161662319, Lines 2
Match: Event 161663602, Lines 2
Match: Event 161664538, Lines 2
Match: Event 161665751, Lines 2
Match: Event 161667637, Lines 2
[67%] 	 21,375/31,902 	 08:25:08
Match: Event 161669581, Lines 2
Match: Event 161670535, Lines 2
Match: Event 161670730, Lines 2
Match: Event 161670775, Lines 2
Match: Event 161671925, Lines 2
Match: Event 161672345, Lines 2
Match: Event 161672609, Lines 2
Match: Event 161675102, Lines 2
Match: Event 161675702, Lines 2
Match: Event 161676076, Lines 2
Match: Event 161678029, Lines 2
[68%] 	 21,694/31,902 	 08:32:22
Match: Event 161678980, Lines 2
Match: Event 161680363, Lines 2
Match: Event 161683289, Lines 2
Match: Event 161683880, Lines 2
Match: Event 161683927, Lines 2
Match: Event 161684125, Lines 2
Match: Event 161684504, Lines 2
Match: Event 161684595, Lines 2
Match: Event 161685507, Lines 2
Match: Event 161685600, Lines 2
Match: Event 161685685, Lines 2
Match: Event 161688576, Lines 2
Match: Event 161688997, Lines 2
[69%] 	 22,013/31,902 	 08:39:33
Match: Event 161691517, Lines 2
Match: Event 161693397, Lines 2
Match: Event 161693589, Lines 2
Match: Event 161694443, Lines 2
Match: Event 161694781, Lines 2
Match: Event 161696000, Lines 2
Match: Event 161698660, Lines 2
[70%] 	 22,332/31,902 	 08:46:44
Match: Event 161699298, Lines 2
Match: Event 161700717, Lines 2
Match: Event 161701513, Lines 2
Match: Event 161701950, Lines 2
Match: Event 161702537, Lines 2
Match: Event 161703080, Lines 3
Match: Event 161705738, Lines 2
Match: Event 161706540, Lines 2
Match: Event 161708012, Lines 2
Match: Event 161709208, Lines 2
[71%] 	 22,651/31,902 	 08:53:59
Match: Event 161710875, Lines 2
Match: Event 161711021, Lines 2
Match: Event 161711236, Lines 2
Match: Event 161712080, Lines 2
Match: Event 161712131, Lines 2
Match: Event 161713031, Lines 2
Match: Event 161713538, Lines 2
Match: Event 161713608, Lines 2
Match: Event 161713646, Lines 2
Match: Event 161714415, Lines 2
Match: Event 161715055, Lines 2
Match: Event 161715068, Lines 2
Match: Event 161715142, Lines 2
Match: Event 161715289, Lines 2
Match: Event 161716420, Lines 2
Match: Event 161717330, Lines 2
Match: Event 161718655, Lines 2
Match: Event 161718998, Lines 2
Match: Event 161719439, Lines 2
[72%] 	 22,970/31,902 	 09:01:21
Match: Event 161720732, Lines 2
Match: Event 161721903, Lines 2
Match: Event 161722698, Lines 2
Match: Event 161722865, Lines 2
Match: Event 161723315, Lines 2
Match: Event 161724387, Lines 3
Match: Event 161725102, Lines 2
Match: Event 161725484, Lines 2
Match: Event 161726033, Lines 2
Match: Event 161728360, Lines 2
Match: Event 161728387, Lines 2
Match: Event 161728522, Lines 2
Match: Event 161729059, Lines 2
Match: Event 161729623, Lines 2
[73%] 	 23,289/31,902 	 09:08:52
Match: Event 161729816, Lines 2
Match: Event 161730843, Lines 2
Match: Event 161731008, Lines 2
Match: Event 161731013, Lines 2
Match: Event 161733361, Lines 2
Match: Event 161734997, Lines 2
Match: Event 161736030, Lines 2
Match: Event 161736720, Lines 2
Match: Event 161736786, Lines 2
Match: Event 161737414, Lines 2
Match: Event 161737709, Lines 2
Match: Event 161738887, Lines 2
Match: Event 161739053, Lines 2
[74%] 	 23,608/31,902 	 09:16:09
Match: Event 161741967, Lines 2
Match: Event 161742777, Lines 2
Match: Event 161742934, Lines 3
Match: Event 161743068, Lines 2
Match: Event 161743344, Lines 2
Match: Event 161744683, Lines 2
Match: Event 161744911, Lines 2
Match: Event 161746642, Lines 3
Match: Event 161747138, Lines 2
Match: Event 161747651, Lines 2
Match: Event 161747869, Lines 2
Match: Event 161747910, Lines 2
Match: Event 161749134, Lines 2
Match: Event 161749644, Lines 2
[75%] 	 23,927/31,902 	 09:23:33
Match: Event 161751207, Lines 2
Match: Event 161751828, Lines 2
Match: Event 161752243, Lines 2
Match: Event 161753729, Lines 2
Match: Event 161755405, Lines 2
Match: Event 161756943, Lines 2
Match: Event 161757164, Lines 2
Match: Event 161757787, Lines 2
Match: Event 161758905, Lines 2
Match: Event 161759256, Lines 2
Match: Event 161759283, Lines 2
Match: Event 161760170, Lines 2
Match: Event 161760235, Lines 2
[76%] 	 24,246/31,902 	 09:30:57
Match: Event 161760489, Lines 2
Match: Event 161761613, Lines 2
Match: Event 161763107, Lines 2
Match: Event 161763166, Lines 2
Match: Event 161764829, Lines 2
Match: Event 161764897, Lines 2
Match: Event 161764908, Lines 2
Match: Event 161765169, Lines 2
Match: Event 161765513, Lines 2
Match: Event 161765893, Lines 2
Match: Event 161767244, Lines 2
Match: Event 161767283, Lines 2
Match: Event 161767480, Lines 2
Match: Event 161767527, Lines 2
Match: Event 161767925, Lines 2
Match: Event 161768548, Lines 2
Match: Event 161769047, Lines 2
Match: Event 161769273, Lines 2
[77%] 	 24,565/31,902 	 09:38:21
Match: Event 161770185, Lines 2
Match: Event 161772765, Lines 2
Match: Event 161773469, Lines 2
Match: Event 161776447, Lines 2
Match: Event 161776481, Lines 2
Match: Event 161777518, Lines 2
Match: Event 161778025, Lines 2
Match: Event 161778356, Lines 2
Match: Event 161779433, Lines 2
Match: Event 161779698, Lines 2
Match: Event 161779925, Lines 2
Match: Event 161779992, Lines 2
[78%] 	 24,884/31,902 	 09:45:56
Match: Event 161780495, Lines 2
Match: Event 161780654, Lines 2
Match: Event 161781082, Lines 2
Match: Event 161781748, Lines 2
Match: Event 161782323, Lines 2
Match: Event 161783057, Lines 2
Match: Event 161783531, Lines 2
Match: Event 161783996, Lines 2
Match: Event 161784266, Lines 2
Match: Event 161784742, Lines 2
Match: Event 161786340, Lines 2
Match: Event 161786746, Lines 2
Match: Event 161787354, Lines 2
Match: Event 161787663, Lines 2
Match: Event 161790038, Lines 2
[79%] 	 25,203/31,902 	 09:53:43
Match: Event 161792091, Lines 2
Match: Event 161792723, Lines 2
Match: Event 161793235, Lines 2
Match: Event 161793691, Lines 2
Match: Event 161793888, Lines 2
Match: Event 161794492, Lines 2
Match: Event 161794909, Lines 3
Match: Event 161796517, Lines 3
Match: Event 161797861, Lines 2
Match: Event 161798714, Lines 2
Match: Event 161798861, Lines 2
Match: Event 161799034, Lines 2
Match: Event 161800493, Lines 2
[80%] 	 25,522/31,902 	 10:01:18
Match: Event 161801979, Lines 2
Match: Event 161802250, Lines 2
Match: Event 161802652, Lines 2
Match: Event 161802893, Lines 2
Match: Event 161803005, Lines 2
Match: Event 161805134, Lines 2
Match: Event 161805304, Lines 2
Match: Event 161806061, Lines 2
Match: Event 161806062, Lines 2
Match: Event 161809176, Lines 2
Match: Event 161809606, Lines 2
Match: Event 161809667, Lines 2
Match: Event 161809677, Lines 2
Match: Event 161809825, Lines 2
Match: Event 161810458, Lines 2
Match: Event 161810718, Lines 2
Match: Event 161810825, Lines 2
[81%] 	 25,841/31,902 	 10:08:57
Match: Event 161811646, Lines 2
Match: Event 161812555, Lines 2
Match: Event 161812675, Lines 2
Match: Event 161813675, Lines 2
Match: Event 161814690, Lines 2
Match: Event 161815244, Lines 2
Match: Event 161816792, Lines 2
Match: Event 161817101, Lines 2
Match: Event 161818682, Lines 2
Match: Event 161819229, Lines 2
Match: Event 161820418, Lines 2
[82%] 	 26,160/31,902 	 10:16:24
Match: Event 161820727, Lines 2
Match: Event 161820853, Lines 2
Match: Event 161821914, Lines 2
Match: Event 161822316, Lines 2
Match: Event 161823125, Lines 2
Match: Event 161823305, Lines 2
Match: Event 161824615, Lines 2
Match: Event 161825997, Lines 3
Match: Event 161826024, Lines 2
Match: Event 161826706, Lines 2
Match: Event 161826766, Lines 2
Match: Event 161826961, Lines 2
Match: Event 161827079, Lines 3
Match: Event 161828261, Lines 2
Match: Event 161828293, Lines 3
Match: Event 161828859, Lines 2
Match: Event 161829159, Lines 2
Match: Event 161829650, Lines 2
[83%] 	 26,479/31,902 	 10:23:55
Match: Event 161830694, Lines 2
Match: Event 161830860, Lines 2
Match: Event 161831721, Lines 2
Match: Event 161832236, Lines 2
Match: Event 161833094, Lines 3
Match: Event 161834270, Lines 2
Match: Event 161834475, Lines 2
Match: Event 161834676, Lines 2
Match: Event 161836037, Lines 2
Match: Event 161836352, Lines 2
Match: Event 161836863, Lines 2
Match: Event 161837038, Lines 2
Match: Event 161837218, Lines 2
[84%] 	 26,798/31,902 	 10:31:39
Match: Event 161839934, Lines 2
Match: Event 161841013, Lines 2
Match: Event 161842735, Lines 2
Match: Event 161843247, Lines 2
Match: Event 161843392, Lines 2
Match: Event 161843433, Lines 2
Match: Event 161845198, Lines 2
Match: Event 161845489, Lines 2
Match: Event 161845511, Lines 2
Match: Event 161846615, Lines 2
Match: Event 161846790, Lines 2
Match: Event 161847865, Lines 2
Match: Event 161848131, Lines 2
Match: Event 161848143, Lines 2
Match: Event 161849193, Lines 2
[85%] 	 27,117/31,902 	 10:40:01
Match: Event 161849952, Lines 2
Match: Event 161850025, Lines 2
Match: Event 161851833, Lines 2
Match: Event 161854167, Lines 2
Match: Event 161854587, Lines 2
Match: Event 161856092, Lines 2
Match: Event 161857046, Lines 2
Match: Event 161858014, Lines 2
Match: Event 161858254, Lines 2
Match: Event 161859423, Lines 2
Match: Event 161859432, Lines 2
[86%] 	 27,436/31,902 	 10:47:56
Match: Event 161860556, Lines 2
Match: Event 161860563, Lines 2
Match: Event 161860768, Lines 2
Match: Event 161862611, Lines 2
Match: Event 161864892, Lines 2
Match: Event 161865058, Lines 2
Match: Event 161866396, Lines 2
Match: Event 161868322, Lines 2
Match: Event 161868796, Lines 2
[87%] 	 27,755/31,902 	 10:56:20
Match: Event 161870523, Lines 2
Match: Event 161870636, Lines 2
Match: Event 161870804, Lines 2
Match: Event 161872119, Lines 3
Match: Event 161875147, Lines 2
Match: Event 161875884, Lines 2
Match: Event 161876931, Lines 3
Match: Event 161878004, Lines 2
Match: Event 161878443, Lines 2
Match: Event 161878971, Lines 2
Match: Event 161879262, Lines 2
Match: Event 161879309, Lines 2
Match: Event 161879818, Lines 2
Match: Event 161879858, Lines 2
Match: Event 161880145, Lines 2
[88%] 	 28,074/31,902 	 11:04:28
Match: Event 161881291, Lines 2
Match: Event 161882403, Lines 2
Match: Event 161882503, Lines 2
Match: Event 161882538, Lines 2
Match: Event 161882881, Lines 2
Match: Event 161883014, Lines 2
Match: Event 161883196, Lines 2
Match: Event 161883985, Lines 2
Match: Event 161884097, Lines 2
Match: Event 161884324, Lines 2
Match: Event 161884484, Lines 2
Match: Event 161884540, Lines 2
Match: Event 161885525, Lines 2
Match: Event 161886459, Lines 2
Match: Event 161886611, Lines 2
Match: Event 161887329, Lines 2
Match: Event 161888075, Lines 2
Match: Event 161888095, Lines 2
Match: Event 161889118, Lines 2
Match: Event 161889205, Lines 2
Match: Event 161889811, Lines 2
[89%] 	 28,393/31,902 	 11:12:17
Match: Event 161889934, Lines 2
Match: Event 161891506, Lines 2
Match: Event 161894688, Lines 2
Match: Event 161897204, Lines 2
Match: Event 161897309, Lines 2
Match: Event 161897638, Lines 2
Match: Event 161898604, Lines 2
Match: Event 161898745, Lines 2
Match: Event 161899109, Lines 3
Match: Event 161899869, Lines 2
[90%] 	 28,712/31,902 	 11:20:22
Match: Event 161900724, Lines 3
Match: Event 161900886, Lines 2
Match: Event 161902312, Lines 2
Match: Event 161903021, Lines 2
Match: Event 161903034, Lines 2
Match: Event 161903448, Lines 2
Match: Event 161903813, Lines 2
Match: Event 161904930, Lines 2
Match: Event 161906893, Lines 2
Match: Event 161908723, Lines 2
Match: Event 161908741, Lines 2
Match: Event 161908877, Lines 2
[91%] 	 29,031/31,902 	 11:28:21
Match: Event 161909606, Lines 2
Match: Event 161910569, Lines 2
Match: Event 161910908, Lines 2
Match: Event 161911879, Lines 2
Match: Event 161913155, Lines 2
Match: Event 161913875, Lines 2
Match: Event 161914419, Lines 2
Match: Event 161914460, Lines 2
Match: Event 161914728, Lines 2
Match: Event 161915717, Lines 3
Match: Event 161915848, Lines 2
Match: Event 161916949, Lines 2
Match: Event 161917116, Lines 2
Match: Event 161917340, Lines 2
Match: Event 161918405, Lines 2
Match: Event 161918915, Lines 2
[92%] 	 29,350/31,902 	 11:35:55
Match: Event 161920613, Lines 2
Match: Event 161920734, Lines 2
Match: Event 161920971, Lines 2
Match: Event 161922390, Lines 2
Match: Event 161922880, Lines 3
Match: Event 161923012, Lines 2
Match: Event 161923392, Lines 2
Match: Event 161923496, Lines 2
Match: Event 161923709, Lines 2
Match: Event 161924438, Lines 2
Match: Event 161925103, Lines 2
Match: Event 161925521, Lines 2
Match: Event 161926980, Lines 2
Match: Event 161927319, Lines 2
Match: Event 161927837, Lines 2
[93%] 	 29,669/31,902 	 11:43:50
Match: Event 161929489, Lines 2
Match: Event 161931103, Lines 2
Match: Event 161932693, Lines 2
Match: Event 161935387, Lines 2
Match: Event 161935727, Lines 2
Match: Event 161935770, Lines 2
Match: Event 161936380, Lines 2
Match: Event 161937711, Lines 3
Match: Event 161938737, Lines 2
[94%] 	 29,988/31,902 	 11:51:58
Match: Event 161939902, Lines 2
Match: Event 161940004, Lines 2
Match: Event 161940667, Lines 2
Match: Event 161940767, Lines 2
Match: Event 161941441, Lines 2
Match: Event 161941921, Lines 2
Match: Event 161942043, Lines 2
Match: Event 161943014, Lines 2
Match: Event 161943081, Lines 2
Match: Event 161943382, Lines 2
Match: Event 161945472, Lines 2
Match: Event 161947568, Lines 2
Match: Event 161947583, Lines 2
Match: Event 161948689, Lines 2
Match: Event 161948827, Lines 2
Match: Event 161949277, Lines 2
Match: Event 161949320, Lines 2
[95%] 	 30,307/31,902 	 11:59:47
Match: Event 161950335, Lines 2
Match: Event 161952277, Lines 3
Match: Event 161952526, Lines 2
Match: Event 161953379, Lines 2
Match: Event 161953961, Lines 2
Match: Event 161954107, Lines 3
Match: Event 161954399, Lines 2
Match: Event 161954642, Lines 2
Match: Event 161954973, Lines 2
Match: Event 161957425, Lines 2
Match: Event 161958232, Lines 2
Match: Event 161958614, Lines 2
Match: Event 161958822, Lines 3
Match: Event 161959449, Lines 2
[96%] 	 30,626/31,902 	 12:07:34
Match: Event 161960109, Lines 2
Match: Event 161960606, Lines 2
Match: Event 161960805, Lines 2
Match: Event 161961797, Lines 2
Match: Event 161962167, Lines 2
Match: Event 161962438, Lines 2
Match: Event 161963008, Lines 2
Match: Event 161964345, Lines 2
Match: Event 161964363, Lines 3
Match: Event 161964816, Lines 2
Match: Event 161964854, Lines 3
Match: Event 161964905, Lines 2
Match: Event 161965895, Lines 2
Match: Event 161966525, Lines 3
Match: Event 161968310, Lines 3
Match: Event 161968324, Lines 2
Match: Event 161968612, Lines 2
Match: Event 161969123, Lines 2
Match: Event 161969425, Lines 2
Match: Event 161969528, Lines 2
[97%] 	 30,945/31,902 	 12:15:47
Match: Event 161970071, Lines 2
Match: Event 161970425, Lines 2
Match: Event 161971027, Lines 2
Match: Event 161971101, Lines 2
Match: Event 161972312, Lines 2
Match: Event 161974170, Lines 2
Match: Event 161974872, Lines 2
Match: Event 161975824, Lines 2
Match: Event 161976086, Lines 2
Match: Event 161976299, Lines 2
Match: Event 161977566, Lines 2
Match: Event 161977925, Lines 2
Match: Event 161978757, Lines 2
Match: Event 161978841, Lines 2
Match: Event 161978980, Lines 2
Match: Event 161979265, Lines 2
Match: Event 161979688, Lines 2
[98%] 	 31,264/31,902 	 12:23:39
Match: Event 161980822, Lines 3
Match: Event 161982673, Lines 2
Match: Event 161982710, Lines 2
Match: Event 161985219, Lines 2
Match: Event 161985698, Lines 2
Match: Event 161985746, Lines 2
Match: Event 161986525, Lines 2
Match: Event 161987006, Lines 2
Match: Event 161988187, Lines 2
Match: Event 161989152, Lines 2
[99%] 	 31,583/31,902 	 12:31:27
Match: Event 161990358, Lines 2
Match: Event 161990395, Lines 2
Match: Event 161992676, Lines 2
Match: Event 161994430, Lines 2
Match: Event 161995689, Lines 2
Match: Event 161995983, Lines 2
Match: Event 161997309, Lines 2
Match: Event 161997666, Lines 2
Match: Event 161997833, Lines 2
Match: Event 161998059, Lines 2
Match: Event 161999057, Lines 2
Match: Event 161999415, Lines 2
Match: Event 161999449, Lines 2
Match: Event 161999773, Lines 2
Match: Event 161999794, Lines 2
Finished in 45575.08s.
 ~ 5) DONE !
