search libraries in slc9_x86-64
 ~ 1) Base stack loaded.
 ~ Sleeping for 49 seconds to avoid AFS DDOS...
 ~ 2) Loading sndsw environment...
 ~ 3) SNDSW_ROOT is set to: /afs/cern.ch/user/i/idioniso/snd_master/sw-root6.28/rhel9_x86-64/sndsw/master-local1
 ~ 4) Executing tracking script...
[INFO] The input consists out of the following trees and files: 
[INFO]  - rawConv
[INFO]     - root://eoshome-i.cern.ch//eos/user/i/idioniso/tridents/initial_cuts/tridents_sndsw_raw-0295.root
[INFO] FairRootFileSink initialized.
[INFO]  - cbmout
[INFO]     - dummy
[INFO] Parameter and input file are available, Assure that basic info is there for the run!
[INFO] ---FairRootManager::SpecifyRunId --- 
[INFO] --- Initialize with RunId  --- 0

************************************************************* 
     initialisation for run id 0
************************************************************* 
-I- FairRunTimeDB::InitContainer() FairBaseParSet
-I- FairRunTimeDB::InitContainer() FairGeoParSet

************************************************************* 
     initialisation for run id 0
************************************************************* 
-I- FairRunTimeDB::InitContainer() FairBaseParSet
-I- FairRunTimeDB::InitContainer() FairGeoParSet
[INFO]  Branch: Reco_MuonTracks not found in Tree.
using geofile: root://eospublic.cern.ch//eos/experiment/sndlhc/convertedData/physics/2023/geofile_sndlhc_TI18_V3_2023.root
[0%] 	 0/31,584 	 00:00:24
[1%] 	 316/31,584 	 00:04:04
[2%] 	 632/31,584 	 00:07:43
[3%] 	 948/31,584 	 00:11:08
[4%] 	 1,264/31,584 	 00:14:43
[5%] 	 1,580/31,584 	 00:18:19
[6%] 	 1,896/31,584 	 00:22:02
[7%] 	 2,211/31,584 	 00:25:26
[8%] 	 2,527/31,584 	 00:28:54
[9%] 	 2,843/31,584 	 00:32:25
[10%] 	 3,159/31,584 	 00:35:48
Match: Event 295100347, Lines 2
[11%] 	 3,475/31,584 	 00:39:57
[12%] 	 3,791/31,584 	 00:44:07
[13%] 	 4,106/31,584 	 00:47:58
[14%] 	 4,422/31,584 	 00:52:03
[15%] 	 4,738/31,584 	 00:56:25
Match: Event 295149938, Lines 2
[16%] 	 5,054/31,584 	 01:00:44
Match: Event 295158691, Lines 2
[17%] 	 5,370/31,584 	 01:06:35
Match: Event 295167232, Lines 2
Match: Event 295170518, Lines 2
[18%] 	 5,686/31,584 	 01:10:37
Match: Event 295181065, Lines 2
[19%] 	 6,001/31,584 	 01:15:23
[20%] 	 6,317/31,584 	 01:19:12
[21%] 	 6,633/31,584 	 01:22:44
[22%] 	 6,949/31,584 	 01:26:48
[23%] 	 7,265/31,584 	 01:30:47
[24%] 	 7,581/31,584 	 01:34:36
[25%] 	 7,896/31,584 	 01:38:13
Match: Event 295246352, Lines 2
[26%] 	 8,212/31,584 	 01:41:52
Match: Event 295259670, Lines 2
Match: Event 295263189, Lines 2
Match: Event 295264940, Lines 2
[27%] 	 8,528/31,584 	 01:45:40
[28%] 	 8,844/31,584 	 01:49:27
[29%] 	 9,160/31,584 	 01:53:16
[30%] 	 9,476/31,584 	 01:57:09
Match: Event 295303624, Lines 2
[31%] 	 9,792/31,584 	 02:00:52
[32%] 	 10,107/31,584 	 02:04:52
Match: Event 295318907, Lines 2
Match: Event 295324614, Lines 2
[33%] 	 10,423/31,584 	 02:09:32
Match: Event 295329857, Lines 2
[34%] 	 10,739/31,584 	 02:14:27
[35%] 	 11,055/31,584 	 02:19:05
Match: Event 295353124, Lines 2
[36%] 	 11,371/31,584 	 02:23:49
[37%] 	 11,687/31,584 	 02:28:19
[38%] 	 12,002/31,584 	 02:32:43
[39%] 	 12,318/31,584 	 02:36:49
Match: Event 295390259, Lines 2
[40%] 	 12,634/31,584 	 02:41:06
Match: Event 295400808, Lines 2
[41%] 	 12,950/31,584 	 02:46:12
Match: Event 295412798, Lines 2
Match: Event 295414479, Lines 2
[42%] 	 13,266/31,584 	 02:50:25
[43%] 	 13,582/31,584 	 02:54:04
[44%] 	 13,897/31,584 	 02:57:42
Match: Event 295447026, Lines 2
[45%] 	 14,213/31,584 	 03:02:21
[46%] 	 14,529/31,584 	 03:07:34
[47%] 	 14,845/31,584 	 03:12:18
[48%] 	 15,161/31,584 	 03:16:33
[49%] 	 15,477/31,584 	 03:21:23
[50%] 	 15,792/31,584 	 03:25:59
[51%] 	 16,108/31,584 	 03:31:16
[52%] 	 16,424/31,584 	 03:36:26
[53%] 	 16,740/31,584 	 03:41:34
Match: Event 295533101, Lines 2
[54%] 	 17,056/31,584 	 03:46:29
Match: Event 295542378, Lines 2
Match: Event 295543744, Lines 2
Match: Event 295543846, Lines 2
Match: Event 295545814, Lines 2
Match: Event 295548119, Lines 2
[55%] 	 17,372/31,584 	 03:50:42
Match: Event 295549201, Lines 2
Match: Event 295554034, Lines 2
[56%] 	 17,688/31,584 	 03:54:57
[57%] 	 18,003/31,584 	 03:59:29
[58%] 	 18,319/31,584 	 04:04:14
[59%] 	 18,635/31,584 	 04:08:44
[60%] 	 18,951/31,584 	 04:12:49
[61%] 	 19,267/31,584 	 04:16:42
[62%] 	 19,583/31,584 	 04:21:13
Match: Event 295622384, Lines 2
[63%] 	 19,898/31,584 	 04:25:19
Match: Event 295636016, Lines 2
[64%] 	 20,214/31,584 	 04:29:59
Match: Event 295641243, Lines 2
[65%] 	 20,530/31,584 	 04:35:05
Match: Event 295652242, Lines 2
[66%] 	 20,846/31,584 	 04:39:58
Match: Event 295664934, Lines 2
[67%] 	 21,162/31,584 	 04:44:57
[68%] 	 21,478/31,584 	 04:49:57
Match: Event 295684100, Lines 2
[69%] 	 21,793/31,584 	 04:55:05
[70%] 	 22,109/31,584 	 05:00:18
Match: Event 295707483, Lines 2
[71%] 	 22,425/31,584 	 05:05:29
[72%] 	 22,741/31,584 	 05:09:53
[73%] 	 23,057/31,584 	 05:14:48
Match: Event 295735503, Lines 2
[74%] 	 23,373/31,584 	 05:18:50
Match: Event 295741106, Lines 2
[75%] 	 23,688/31,584 	 05:23:00
[76%] 	 24,004/31,584 	 05:27:06
Match: Event 295760417, Lines 2
Match: Event 295769653, Lines 2
[77%] 	 24,320/31,584 	 05:31:22
Match: Event 295774513, Lines 2
[78%] 	 24,636/31,584 	 05:35:29
[79%] 	 24,952/31,584 	 05:40:15
Match: Event 295797899, Lines 2
[80%] 	 25,268/31,584 	 05:44:20
[81%] 	 25,584/31,584 	 05:48:05
[82%] 	 25,899/31,584 	 05:52:28
Match: Event 295821945, Lines 2
[83%] 	 26,215/31,584 	 05:57:07
Match: Event 295836686, Lines 2
[84%] 	 26,531/31,584 	 06:01:44
[85%] 	 26,847/31,584 	 06:06:22
Match: Event 295849726, Lines 2
[86%] 	 27,163/31,584 	 06:11:07
Match: Event 295866971, Lines 2
[87%] 	 27,479/31,584 	 06:16:13
[88%] 	 27,794/31,584 	 06:20:55
[89%] 	 28,110/31,584 	 06:25:28
[90%] 	 28,426/31,584 	 06:29:50
Match: Event 295907094, Lines 2
[91%] 	 28,742/31,584 	 06:34:22
[92%] 	 29,058/31,584 	 06:38:55
[93%] 	 29,374/31,584 	 06:43:16
Match: Event 295935469, Lines 2
[94%] 	 29,689/31,584 	 06:47:40
[95%] 	 30,005/31,584 	 06:52:07
Match: Event 295953478, Lines 2
[96%] 	 30,321/31,584 	 06:56:40
[97%] 	 30,637/31,584 	 07:01:07
[98%] 	 30,953/31,584 	 07:05:51
Match: Event 295987333, Lines 2
Match: Event 295988841, Lines 2
[99%] 	 31,269/31,584 	 07:10:20
Finished in 26083.86s.
 ~ 5) DONE !
