search libraries in slc9_x86-64
 ~ 1) Base stack loaded.
 ~ Sleeping for 50 seconds to avoid AFS DDOS...
 ~ 2) Loading sndsw environment...
 ~ 3) SNDSW_ROOT is set to: /afs/cern.ch/user/i/idioniso/snd_master/sw-root6.28/rhel9_x86-64/sndsw/master-local1
 ~ 4) Executing tracking script...
[INFO] The input consists out of the following trees and files: 
[INFO]  - rawConv
[INFO]     - root://eoshome-i.cern.ch//eos/user/i/idioniso/tridents/initial_cuts/tridents_sndsw_raw-0329.root
[INFO] FairRootFileSink initialized.
[INFO]  - cbmout
[INFO]     - dummy
[INFO] Parameter and input file are available, Assure that basic info is there for the run!
[INFO] ---FairRootManager::SpecifyRunId --- 
[INFO] --- Initialize with RunId  --- 0

************************************************************* 
     initialisation for run id 0
************************************************************* 
-I- FairRunTimeDB::InitContainer() FairBaseParSet
-I- FairRunTimeDB::InitContainer() FairGeoParSet

************************************************************* 
     initialisation for run id 0
************************************************************* 
-I- FairRunTimeDB::InitContainer() FairBaseParSet
-I- FairRunTimeDB::InitContainer() FairGeoParSet
[INFO]  Branch: Reco_MuonTracks not found in Tree.
using geofile: root://eospublic.cern.ch//eos/experiment/sndlhc/convertedData/physics/2023/geofile_sndlhc_TI18_V3_2023.root
[0%] 	 0/31,164 	 00:01:02
Match: Event 329010051, Lines 2
Match: Event 329010702, Lines 2
[1%] 	 312/31,164 	 00:05:27
[2%] 	 624/31,164 	 00:10:00
Match: Event 329027313, Lines 2
[3%] 	 935/31,164 	 00:14:32
[4%] 	 1,247/31,164 	 00:19:09
[5%] 	 1,559/31,164 	 00:23:30
[6%] 	 1,870/31,164 	 00:27:55
[7%] 	 2,182/31,164 	 00:32:25
[8%] 	 2,494/31,164 	 00:36:48
[9%] 	 2,805/31,164 	 00:41:18
Match: Event 329096284, Lines 2
[10%] 	 3,117/31,164 	 00:45:49
[11%] 	 3,429/31,164 	 00:50:19
[12%] 	 3,740/31,164 	 00:54:47
[13%] 	 4,052/31,164 	 00:59:20
Match: Event 329140034, Lines 2
[14%] 	 4,363/31,164 	 01:03:40
[15%] 	 4,675/31,164 	 01:08:14
[16%] 	 4,987/31,164 	 01:12:38
Match: Event 329168084, Lines 2
[17%] 	 5,298/31,164 	 01:17:09
[18%] 	 5,610/31,164 	 01:21:42
Match: Event 329185762, Lines 2
Match: Event 329186441, Lines 2
[19%] 	 5,922/31,164 	 01:26:14
Match: Event 329200717, Lines 2
[20%] 	 6,233/31,164 	 01:30:50
Match: Event 329211952, Lines 2
[21%] 	 6,545/31,164 	 01:35:22
[22%] 	 6,857/31,164 	 01:39:52
Match: Event 329226313, Lines 2
Match: Event 329228123, Lines 2
[23%] 	 7,168/31,164 	 01:44:24
Match: Event 329235670, Lines 2
Match: Event 329238962, Lines 2
[24%] 	 7,480/31,164 	 01:48:59
[25%] 	 7,791/31,164 	 01:53:31
[26%] 	 8,103/31,164 	 01:58:02
[27%] 	 8,415/31,164 	 02:03:10
[28%] 	 8,726/31,164 	 02:08:14
[29%] 	 9,038/31,164 	 02:12:57
[30%] 	 9,350/31,164 	 02:18:02
Match: Event 329301364, Lines 2
Match: Event 329302174, Lines 2
[31%] 	 9,661/31,164 	 02:22:37
[32%] 	 9,973/31,164 	 02:27:14
[33%] 	 10,285/31,164 	 02:31:52
Match: Event 329334994, Lines 2
[34%] 	 10,596/31,164 	 02:36:40
[35%] 	 10,908/31,164 	 02:41:36
Match: Event 329357306, Lines 2
[36%] 	 11,220/31,164 	 02:46:56
[37%] 	 11,531/31,164 	 02:52:44
[38%] 	 11,843/31,164 	 02:58:53
[39%] 	 12,154/31,164 	 03:04:57
Match: Event 329393422, Lines 2
[40%] 	 12,466/31,164 	 03:09:53
[41%] 	 12,778/31,164 	 03:14:40
Match: Event 329414985, Lines 2
[42%] 	 13,089/31,164 	 03:19:34
[43%] 	 13,401/31,164 	 03:24:38
[44%] 	 13,713/31,164 	 03:29:22
[45%] 	 14,024/31,164 	 03:33:45
[46%] 	 14,336/31,164 	 03:38:15
[47%] 	 14,648/31,164 	 03:42:44
[48%] 	 14,959/31,164 	 03:47:24
[49%] 	 15,271/31,164 	 03:52:29
Match: Event 329489631, Lines 2
[50%] 	 15,582/31,164 	 03:57:25
[51%] 	 15,894/31,164 	 04:02:22
Match: Event 329515661, Lines 2
[52%] 	 16,206/31,164 	 04:07:12
Match: Event 329525652, Lines 2
[53%] 	 16,517/31,164 	 04:12:01
[54%] 	 16,829/31,164 	 04:17:01
[55%] 	 17,141/31,164 	 04:21:53
[56%] 	 17,452/31,164 	 04:26:52
[57%] 	 17,764/31,164 	 04:32:23
[58%] 	 18,076/31,164 	 04:37:25
Match: Event 329587794, Lines 2
[59%] 	 18,387/31,164 	 04:41:59
[60%] 	 18,699/31,164 	 04:46:50
Match: Event 329599880, Lines 2
Match: Event 329606986, Lines 2
[61%] 	 19,011/31,164 	 04:51:20
[62%] 	 19,322/31,164 	 04:56:01
Match: Event 329628139, Lines 2
Match: Event 329628838, Lines 2
[63%] 	 19,634/31,164 	 05:01:27
Match: Event 329633013, Lines 2
[64%] 	 19,945/31,164 	 05:06:28
Match: Event 329640739, Lines 2
[65%] 	 20,257/31,164 	 05:12:12
[66%] 	 20,569/31,164 	 05:17:49
[67%] 	 20,880/31,164 	 05:22:40
Match: Event 329671699, Lines 2
[68%] 	 21,192/31,164 	 05:28:47
[69%] 	 21,504/31,164 	 05:33:59
[70%] 	 21,815/31,164 	 05:39:01
Match: Event 329701644, Lines 2
Match: Event 329704560, Lines 2
[71%] 	 22,127/31,164 	 05:44:07
[72%] 	 22,439/31,164 	 05:48:58
Match: Event 329725808, Lines 2
[73%] 	 22,750/31,164 	 05:53:54
Match: Event 329735841, Lines 2
[74%] 	 23,062/31,164 	 05:58:45
[75%] 	 23,373/31,164 	 06:03:59
[76%] 	 23,685/31,164 	 06:10:43
Match: Event 329763528, Lines 2
[77%] 	 23,997/31,164 	 06:15:31
[78%] 	 24,308/31,164 	 06:20:03
[79%] 	 24,620/31,164 	 06:24:54
[80%] 	 24,932/31,164 	 06:29:55
[81%] 	 25,243/31,164 	 06:34:44
[82%] 	 25,555/31,164 	 06:40:20
Match: Event 329825213, Lines 2
[83%] 	 25,867/31,164 	 06:45:29
[84%] 	 26,178/31,164 	 06:50:40
[85%] 	 26,490/31,164 	 06:55:25
Match: Event 329852247, Lines 2
Match: Event 329854374, Lines 2
[86%] 	 26,802/31,164 	 07:00:16
Match: Event 329863697, Lines 2
Match: Event 329869446, Lines 2
[87%] 	 27,113/31,164 	 07:04:58
[88%] 	 27,425/31,164 	 07:09:49
[89%] 	 27,736/31,164 	 07:14:31
[90%] 	 28,048/31,164 	 07:19:44
Match: Event 329902986, Lines 2
[91%] 	 28,360/31,164 	 07:24:40
[92%] 	 28,671/31,164 	 07:29:29
[93%] 	 28,983/31,164 	 07:34:57
[94%] 	 29,295/31,164 	 07:40:09
Match: Event 329948743, Lines 2
[95%] 	 29,606/31,164 	 07:44:54
Match: Event 329959668, Lines 2
[96%] 	 29,918/31,164 	 07:49:53
[97%] 	 30,230/31,164 	 07:54:54
[98%] 	 30,541/31,164 	 08:00:10
[99%] 	 30,853/31,164 	 08:05:57
Finished in 29520.91s.
 ~ 5) DONE !
