search libraries in slc9_x86-64
 ~ 1) Base stack loaded.
 ~ Sleeping for 26 seconds to avoid AFS DDOS...
 ~ 2) Loading sndsw environment...
 ~ 3) SNDSW_ROOT is set to: /afs/cern.ch/user/i/idioniso/snd_master/sw-root6.28/rhel9_x86-64/sndsw/master-local1
 ~ 4) Executing tracking script...
[INFO] The input consists out of the following trees and files: 
[INFO]  - rawConv
[INFO]     - root://eoshome-i.cern.ch//eos/user/i/idioniso/tridents/initial_cuts/tridents_sndsw_raw-0285.root
[INFO] FairRootFileSink initialized.
[INFO]  - cbmout
[INFO]     - dummy
[INFO] Parameter and input file are available, Assure that basic info is there for the run!
[INFO] ---FairRootManager::SpecifyRunId --- 
[INFO] --- Initialize with RunId  --- 0

************************************************************* 
     initialisation for run id 0
************************************************************* 
-I- FairRunTimeDB::InitContainer() FairBaseParSet
-I- FairRunTimeDB::InitContainer() FairGeoParSet

************************************************************* 
     initialisation for run id 0
************************************************************* 
-I- FairRunTimeDB::InitContainer() FairBaseParSet
-I- FairRunTimeDB::InitContainer() FairGeoParSet
[INFO]  Branch: Reco_MuonTracks not found in Tree.
using geofile: root://eospublic.cern.ch//eos/experiment/sndlhc/convertedData/physics/2023/geofile_sndlhc_TI18_V3_2023.root
[0%] 	 0/31,549 	 00:00:06
Match: Event 285001185, Lines 2
Match: Event 285001486, Lines 2
Match: Event 285002717, Lines 2
Match: Event 285003121, Lines 2
Match: Event 285006184, Lines 2
Match: Event 285006638, Lines 2
Match: Event 285007306, Lines 2
Match: Event 285007393, Lines 2
Match: Event 285008494, Lines 2
Match: Event 285009099, Lines 2
[1%] 	 316/31,549 	 00:03:37
Match: Event 285009649, Lines 2
Match: Event 285011345, Lines 2
Match: Event 285011696, Lines 2
Match: Event 285012437, Lines 2
Match: Event 285012729, Lines 2
Match: Event 285013568, Lines 2
Match: Event 285013777, Lines 2
Match: Event 285014874, Lines 2
Match: Event 285014882, Lines 2
Match: Event 285015417, Lines 2
Match: Event 285015831, Lines 2
Match: Event 285016878, Lines 2
Match: Event 285017266, Lines 2
Match: Event 285017369, Lines 2
Match: Event 285019243, Lines 2
Match: Event 285019626, Lines 3
[2%] 	 631/31,549 	 00:07:18
Match: Event 285021555, Lines 2
Match: Event 285023348, Lines 3
Match: Event 285023610, Lines 2
Match: Event 285025248, Lines 2
Match: Event 285025331, Lines 2
Match: Event 285026012, Lines 2
Match: Event 285026075, Lines 2
Match: Event 285026418, Lines 2
Match: Event 285026574, Lines 2
Match: Event 285027666, Lines 2
Match: Event 285027852, Lines 2
Match: Event 285027881, Lines 3
Match: Event 285027952, Lines 2
Match: Event 285028862, Lines 2
Match: Event 285028888, Lines 2
Match: Event 285029553, Lines 2
[3%] 	 947/31,549 	 00:10:56
Match: Event 285030290, Lines 2
Match: Event 285031346, Lines 2
Match: Event 285033416, Lines 2
Match: Event 285033827, Lines 2
Match: Event 285033972, Lines 2
Match: Event 285034205, Lines 2
Match: Event 285034247, Lines 2
Match: Event 285036256, Lines 2
Match: Event 285036268, Lines 2
Match: Event 285037579, Lines 2
Match: Event 285037819, Lines 2
Match: Event 285038438, Lines 2
Match: Event 285038762, Lines 2
[4%] 	 1,262/31,549 	 00:14:26
Match: Event 285039431, Lines 2
Match: Event 285039750, Lines 2
Match: Event 285039932, Lines 2
Match: Event 285040291, Lines 2
Match: Event 285040849, Lines 2
Match: Event 285042598, Lines 2
Match: Event 285044927, Lines 2
Match: Event 285045105, Lines 2
Match: Event 285045200, Lines 2
Match: Event 285045706, Lines 2
Match: Event 285045724, Lines 2
Match: Event 285046885, Lines 2
Match: Event 285048398, Lines 2
Match: Event 285048779, Lines 2
Match: Event 285049115, Lines 3
[5%] 	 1,578/31,549 	 00:17:48
Match: Event 285050473, Lines 2
Match: Event 285050750, Lines 2
Match: Event 285051238, Lines 2
Match: Event 285051785, Lines 2
Match: Event 285052994, Lines 2
Match: Event 285053908, Lines 2
Match: Event 285055823, Lines 2
Match: Event 285055848, Lines 2
Match: Event 285056252, Lines 2
Match: Event 285056675, Lines 2
Match: Event 285057069, Lines 2
Match: Event 285058187, Lines 2
Match: Event 285058748, Lines 2
Match: Event 285059889, Lines 3
[6%] 	 1,893/31,549 	 00:21:15
Match: Event 285060039, Lines 2
Match: Event 285060647, Lines 2
Match: Event 285062066, Lines 2
Match: Event 285062801, Lines 2
Match: Event 285062887, Lines 2
Match: Event 285063689, Lines 2
Match: Event 285064005, Lines 2
Match: Event 285064046, Lines 2
Match: Event 285064474, Lines 2
Match: Event 285067008, Lines 2
Match: Event 285067763, Lines 2
Match: Event 285069127, Lines 2
Match: Event 285070358, Lines 2
[7%] 	 2,209/31,549 	 00:24:44
Match: Event 285070771, Lines 2
Match: Event 285070918, Lines 2
Match: Event 285071304, Lines 2
Match: Event 285071501, Lines 2
Match: Event 285073494, Lines 2
Match: Event 285073694, Lines 2
Match: Event 285075863, Lines 3
Match: Event 285076156, Lines 2
Match: Event 285076697, Lines 2
Match: Event 285076739, Lines 2
Match: Event 285077875, Lines 2
Match: Event 285078787, Lines 2
Match: Event 285078791, Lines 2
Match: Event 285080365, Lines 2
Match: Event 285081159, Lines 2
Match: Event 285081308, Lines 2
[8%] 	 2,524/31,549 	 00:28:16
Match: Event 285081700, Lines 2
Match: Event 285081947, Lines 2
Match: Event 285082407, Lines 2
Match: Event 285082707, Lines 2
Match: Event 285082734, Lines 2
Match: Event 285083034, Lines 2
Match: Event 285083985, Lines 2
Match: Event 285084119, Lines 3
Match: Event 285084386, Lines 2
Match: Event 285085987, Lines 2
Match: Event 285087327, Lines 2
Match: Event 285088175, Lines 2
Match: Event 285088493, Lines 2
Match: Event 285088520, Lines 2
Match: Event 285089151, Lines 2
Match: Event 285089809, Lines 2
Match: Event 285090001, Lines 2
Match: Event 285090258, Lines 2
[9%] 	 2,840/31,549 	 00:31:52
Match: Event 285093725, Lines 2
Match: Event 285095967, Lines 2
Match: Event 285096820, Lines 2
Match: Event 285097855, Lines 2
Match: Event 285097980, Lines 2
Match: Event 285098347, Lines 2
Match: Event 285098635, Lines 2
Match: Event 285099234, Lines 2
Match: Event 285099563, Lines 2
Match: Event 285100034, Lines 2
[10%] 	 3,155/31,549 	 00:35:29
Match: Event 285100779, Lines 2
Match: Event 285101457, Lines 2
Match: Event 285101921, Lines 2
Match: Event 285101980, Lines 2
Match: Event 285102436, Lines 2
Match: Event 285102483, Lines 3
Match: Event 285102577, Lines 2
Match: Event 285103266, Lines 2
Match: Event 285103803, Lines 2
Match: Event 285103897, Lines 2
Match: Event 285104053, Lines 2
Match: Event 285105058, Lines 2
Match: Event 285105117, Lines 2
Match: Event 285105206, Lines 2
Match: Event 285107104, Lines 2
Match: Event 285107237, Lines 2
Match: Event 285108391, Lines 2
Match: Event 285108886, Lines 2
Match: Event 285109289, Lines 2
Match: Event 285110265, Lines 2
[11%] 	 3,471/31,549 	 00:39:12
Match: Event 285111162, Lines 2
Match: Event 285112814, Lines 2
Match: Event 285114293, Lines 2
Match: Event 285114381, Lines 2
Match: Event 285114393, Lines 2
Match: Event 285115393, Lines 2
Match: Event 285117055, Lines 2
Match: Event 285117213, Lines 2
Match: Event 285117286, Lines 2
Match: Event 285118990, Lines 2
Match: Event 285119910, Lines 3
[12%] 	 3,786/31,549 	 00:43:03
Match: Event 285120282, Lines 2
Match: Event 285120716, Lines 2
Match: Event 285121767, Lines 2
Match: Event 285123009, Lines 2
Match: Event 285124059, Lines 2
Match: Event 285124288, Lines 2
Match: Event 285125626, Lines 2
Match: Event 285126459, Lines 2
Match: Event 285126526, Lines 2
Match: Event 285126628, Lines 2
Match: Event 285127372, Lines 2
Match: Event 285127555, Lines 2
Match: Event 285128084, Lines 2
Match: Event 285128189, Lines 2
Match: Event 285128653, Lines 2
Match: Event 285128859, Lines 2
[13%] 	 4,102/31,549 	 00:46:53
Match: Event 285130107, Lines 2
Match: Event 285130590, Lines 2
Match: Event 285131245, Lines 2
Match: Event 285131277, Lines 2
Match: Event 285132050, Lines 2
Match: Event 285132403, Lines 2
Match: Event 285133108, Lines 2
Match: Event 285133117, Lines 2
Match: Event 285135565, Lines 2
Match: Event 285136522, Lines 2
Match: Event 285136881, Lines 2
[14%] 	 4,417/31,549 	 00:50:40
Match: Event 285140437, Lines 2
Match: Event 285140792, Lines 2
Match: Event 285141915, Lines 2
Match: Event 285142743, Lines 2
Match: Event 285142803, Lines 2
Match: Event 285142866, Lines 2
Match: Event 285143401, Lines 2
Match: Event 285143762, Lines 2
Match: Event 285144044, Lines 2
Match: Event 285144847, Lines 2
Match: Event 285145215, Lines 2
Match: Event 285145548, Lines 2
Match: Event 285145575, Lines 2
Match: Event 285145704, Lines 2
Match: Event 285145719, Lines 2
Match: Event 285146040, Lines 2
Match: Event 285146663, Lines 2
Match: Event 285148169, Lines 2
Match: Event 285148333, Lines 2
Match: Event 285148607, Lines 2
Match: Event 285149782, Lines 2
[15%] 	 4,733/31,549 	 00:54:42
Match: Event 285151276, Lines 2
Match: Event 285151337, Lines 2
Match: Event 285155429, Lines 2
Match: Event 285157346, Lines 2
Match: Event 285159543, Lines 2
[16%] 	 5,048/31,549 	 00:58:21
Match: Event 285160734, Lines 3
Match: Event 285161483, Lines 2
Match: Event 285162069, Lines 2
Match: Event 285162212, Lines 2
Match: Event 285162741, Lines 2
Match: Event 285164026, Lines 2
Match: Event 285164882, Lines 2
Match: Event 285165221, Lines 2
Match: Event 285165337, Lines 2
Match: Event 285165347, Lines 2
Match: Event 285165454, Lines 2
Match: Event 285166405, Lines 2
Match: Event 285168137, Lines 2
Match: Event 285168677, Lines 2
Match: Event 285169076, Lines 2
Match: Event 285169150, Lines 2
[17%] 	 5,364/31,549 	 01:02:10
Match: Event 285170687, Lines 3
Match: Event 285170714, Lines 2
Match: Event 285171130, Lines 2
Match: Event 285172066, Lines 2
Match: Event 285173148, Lines 2
Match: Event 285173455, Lines 2
Match: Event 285174123, Lines 2
Match: Event 285174587, Lines 2
Match: Event 285174726, Lines 2
Match: Event 285176273, Lines 2
Match: Event 285176832, Lines 2
Match: Event 285176970, Lines 2
Match: Event 285178011, Lines 2
Match: Event 285178448, Lines 2
Match: Event 285179116, Lines 2
Match: Event 285179191, Lines 2
Match: Event 285179797, Lines 3
Match: Event 285180027, Lines 2
[18%] 	 5,679/31,549 	 01:05:52
Match: Event 285180337, Lines 2
Match: Event 285180482, Lines 2
Match: Event 285180685, Lines 3
Match: Event 285181244, Lines 2
Match: Event 285181426, Lines 2
Match: Event 285181552, Lines 2
Match: Event 285181575, Lines 2
Match: Event 285181832, Lines 2
Match: Event 285182824, Lines 2
Match: Event 285183261, Lines 2
Match: Event 285184276, Lines 2
Match: Event 285184650, Lines 2
Match: Event 285184752, Lines 2
Match: Event 285184815, Lines 2
Match: Event 285186336, Lines 2
Match: Event 285188960, Lines 2
Match: Event 285189124, Lines 2
Match: Event 285189434, Lines 3
Match: Event 285190424, Lines 3
[19%] 	 5,995/31,549 	 01:09:42
Match: Event 285192049, Lines 2
Match: Event 285192443, Lines 2
Match: Event 285193082, Lines 2
Match: Event 285193937, Lines 2
Match: Event 285194052, Lines 2
Match: Event 285194055, Lines 2
Match: Event 285194285, Lines 2
Match: Event 285194774, Lines 2
Match: Event 285194947, Lines 2
Match: Event 285195298, Lines 2
Match: Event 285196584, Lines 2
Match: Event 285197100, Lines 2
Match: Event 285199557, Lines 2
Match: Event 285199573, Lines 2
Match: Event 285199637, Lines 2
Match: Event 285199703, Lines 2
[20%] 	 6,310/31,549 	 01:13:20
Match: Event 285200954, Lines 2
Match: Event 285201227, Lines 2
Match: Event 285201443, Lines 2
Match: Event 285202016, Lines 2
Match: Event 285202187, Lines 2
Match: Event 285202243, Lines 2
Match: Event 285202370, Lines 2
Match: Event 285202785, Lines 2
Match: Event 285203466, Lines 2
Match: Event 285203559, Lines 2
Match: Event 285203637, Lines 2
Match: Event 285203638, Lines 2
Match: Event 285204011, Lines 2
Match: Event 285204906, Lines 2
Match: Event 285204942, Lines 2
Match: Event 285205661, Lines 2
Match: Event 285206288, Lines 2
Match: Event 285206404, Lines 2
Match: Event 285206895, Lines 2
Match: Event 285207187, Lines 2
Match: Event 285207769, Lines 2
Match: Event 285208195, Lines 2
Match: Event 285208571, Lines 2
Match: Event 285208954, Lines 3
[21%] 	 6,626/31,549 	 01:16:57
Match: Event 285210111, Lines 2
Match: Event 285210710, Lines 2
Match: Event 285211838, Lines 2
Match: Event 285212988, Lines 2
Match: Event 285215178, Lines 2
Match: Event 285215350, Lines 2
Match: Event 285215414, Lines 2
Match: Event 285215861, Lines 3
Match: Event 285216449, Lines 2
Match: Event 285217181, Lines 2
Match: Event 285217659, Lines 2
Match: Event 285218573, Lines 2
Match: Event 285218597, Lines 2
Match: Event 285219194, Lines 2
Match: Event 285219987, Lines 2
Match: Event 285220128, Lines 2
Match: Event 285220154, Lines 2
Match: Event 285220563, Lines 2
Match: Event 285221119, Lines 2
[22%] 	 6,941/31,549 	 01:20:43
Match: Event 285222035, Lines 2
Match: Event 285223158, Lines 3
Match: Event 285224105, Lines 2
Match: Event 285224889, Lines 2
Match: Event 285225233, Lines 2
Match: Event 285226092, Lines 2
Match: Event 285226389, Lines 2
Match: Event 285226624, Lines 2
Match: Event 285226948, Lines 2
Match: Event 285227530, Lines 2
Match: Event 285228117, Lines 2
Match: Event 285228560, Lines 2
Match: Event 285228931, Lines 2
Match: Event 285229668, Lines 3
[23%] 	 7,257/31,549 	 01:24:27
Match: Event 285232174, Lines 2
Match: Event 285232970, Lines 2
Match: Event 285233244, Lines 2
Match: Event 285233427, Lines 3
Match: Event 285233479, Lines 2
Match: Event 285234069, Lines 3
Match: Event 285234189, Lines 2
Match: Event 285234251, Lines 2
Match: Event 285236080, Lines 2
Match: Event 285236839, Lines 2
Match: Event 285238593, Lines 2
Match: Event 285239284, Lines 2
Match: Event 285240263, Lines 2
Match: Event 285240367, Lines 2
Match: Event 285240988, Lines 2
Match: Event 285241306, Lines 2
[24%] 	 7,572/31,549 	 01:28:10
Match: Event 285242230, Lines 2
Match: Event 285242335, Lines 2
Match: Event 285243755, Lines 2
Match: Event 285244202, Lines 2
Match: Event 285244886, Lines 2
Match: Event 285245767, Lines 2
Match: Event 285246295, Lines 2
Match: Event 285246989, Lines 2
Match: Event 285247877, Lines 2
Match: Event 285248202, Lines 2
Match: Event 285248238, Lines 2
Match: Event 285249619, Lines 2
Match: Event 285250484, Lines 2
Match: Event 285250539, Lines 2
[25%] 	 7,888/31,549 	 01:31:56
Match: Event 285252477, Lines 2
Match: Event 285253716, Lines 2
Match: Event 285253734, Lines 2
Match: Event 285254946, Lines 2
Match: Event 285257240, Lines 2
Match: Event 285257844, Lines 2
Match: Event 285258558, Lines 2
Match: Event 285259365, Lines 2
Match: Event 285261174, Lines 3
[26%] 	 8,203/31,549 	 01:35:32
Match: Event 285261381, Lines 2
Match: Event 285261434, Lines 2
Match: Event 285262126, Lines 2
Match: Event 285263138, Lines 2
Match: Event 285263296, Lines 2
Match: Event 285263455, Lines 2
Match: Event 285264377, Lines 2
Match: Event 285264568, Lines 2
Match: Event 285265433, Lines 2
Match: Event 285266928, Lines 2
Match: Event 285267537, Lines 2
Match: Event 285267637, Lines 2
Match: Event 285268426, Lines 2
Match: Event 285270207, Lines 2
Match: Event 285271451, Lines 2
Match: Event 285271511, Lines 2
[27%] 	 8,519/31,549 	 01:39:11
Match: Event 285271898, Lines 2
Match: Event 285272648, Lines 2
Match: Event 285273364, Lines 2
Match: Event 285274398, Lines 2
Match: Event 285275234, Lines 2
Match: Event 285275358, Lines 2
Match: Event 285275850, Lines 2
Match: Event 285276027, Lines 2
Match: Event 285277407, Lines 2
Match: Event 285277579, Lines 2
Match: Event 285278693, Lines 2
Match: Event 285279086, Lines 2
Match: Event 285281070, Lines 3
[28%] 	 8,834/31,549 	 01:42:49
Match: Event 285283334, Lines 2
Match: Event 285285276, Lines 2
Match: Event 285286005, Lines 2
Match: Event 285286385, Lines 2
Match: Event 285286450, Lines 2
Match: Event 285286454, Lines 2
Match: Event 285286598, Lines 2
Match: Event 285286617, Lines 2
Match: Event 285286865, Lines 2
Match: Event 285287198, Lines 2
Match: Event 285287735, Lines 2
Match: Event 285288821, Lines 2
Match: Event 285289831, Lines 2
Match: Event 285290906, Lines 3
Match: Event 285290928, Lines 3
Match: Event 285291511, Lines 2
Match: Event 285291938, Lines 2
[29%] 	 9,150/31,549 	 01:46:28
Match: Event 285292001, Lines 2
Match: Event 285292015, Lines 2
Match: Event 285292780, Lines 2
Match: Event 285293490, Lines 2
Match: Event 285294062, Lines 2
Match: Event 285294376, Lines 2
Match: Event 285295209, Lines 2
Match: Event 285295637, Lines 2
Match: Event 285295895, Lines 2
Match: Event 285297211, Lines 2
Match: Event 285297312, Lines 2
Match: Event 285297399, Lines 2
Match: Event 285297434, Lines 2
Match: Event 285297872, Lines 2
Match: Event 285297966, Lines 2
Match: Event 285298291, Lines 3
Match: Event 285298861, Lines 2
Match: Event 285299036, Lines 2
Match: Event 285299284, Lines 3
Match: Event 285299311, Lines 2
Match: Event 285299801, Lines 2
Match: Event 285299931, Lines 2
Match: Event 285301305, Lines 2
[30%] 	 9,465/31,549 	 01:50:08
Match: Event 285302673, Lines 2
Match: Event 285302975, Lines 2
Match: Event 285304672, Lines 3
Match: Event 285305352, Lines 2
Match: Event 285306257, Lines 2
Match: Event 285306754, Lines 2
Match: Event 285307511, Lines 2
Match: Event 285307650, Lines 2
Match: Event 285307966, Lines 2
Match: Event 285308236, Lines 2
Match: Event 285308433, Lines 2
Match: Event 285309437, Lines 2
Match: Event 285309953, Lines 2
Match: Event 285310180, Lines 2
Match: Event 285311750, Lines 2
[31%] 	 9,781/31,549 	 01:53:52
Match: Event 285314169, Lines 2
Match: Event 285314256, Lines 2
Match: Event 285314707, Lines 2
Match: Event 285317233, Lines 2
Match: Event 285317611, Lines 2
Match: Event 285319795, Lines 2
Match: Event 285320554, Lines 2
Match: Event 285321033, Lines 2
[32%] 	 10,096/31,549 	 01:57:31
Match: Event 285321340, Lines 2
Match: Event 285321402, Lines 2
Match: Event 285323258, Lines 2
Match: Event 285323589, Lines 2
Match: Event 285324406, Lines 2
Match: Event 285325406, Lines 2
Match: Event 285326193, Lines 2
Match: Event 285326283, Lines 2
Match: Event 285326810, Lines 2
Match: Event 285327434, Lines 2
Match: Event 285327538, Lines 2
[33%] 	 10,412/31,549 	 02:01:25
Match: Event 285332628, Lines 2
Match: Event 285332913, Lines 2
Match: Event 285333187, Lines 2
Match: Event 285334732, Lines 2
Match: Event 285335005, Lines 2
Match: Event 285337080, Lines 2
Match: Event 285338052, Lines 2
Match: Event 285338056, Lines 2
Match: Event 285340476, Lines 2
Match: Event 285341241, Lines 2
[34%] 	 10,727/31,549 	 02:05:39
Match: Event 285342699, Lines 2
Match: Event 285342979, Lines 3
Match: Event 285344376, Lines 2
Match: Event 285349727, Lines 2
Match: Event 285349849, Lines 2
Match: Event 285349894, Lines 2
Match: Event 285349932, Lines 2
Match: Event 285350685, Lines 2
Match: Event 285350967, Lines 2
[35%] 	 11,043/31,549 	 02:09:50
Match: Event 285352469, Lines 2
Match: Event 285352521, Lines 2
Match: Event 285353063, Lines 2
Match: Event 285354911, Lines 2
Match: Event 285356053, Lines 2
Match: Event 285356997, Lines 2
Match: Event 285357013, Lines 2
Match: Event 285357697, Lines 2
Match: Event 285357932, Lines 2
Match: Event 285358330, Lines 2
Match: Event 285358474, Lines 2
Match: Event 285358585, Lines 2
Match: Event 285359520, Lines 2
Match: Event 285359564, Lines 3
Match: Event 285359757, Lines 2
[36%] 	 11,358/31,549 	 02:13:55
Match: Event 285361636, Lines 2
Match: Event 285361716, Lines 2
Match: Event 285361826, Lines 2
Match: Event 285362220, Lines 2
Match: Event 285362231, Lines 2
Match: Event 285362912, Lines 2
Match: Event 285363436, Lines 2
Match: Event 285364652, Lines 2
Match: Event 285365056, Lines 2
Match: Event 285365466, Lines 2
Match: Event 285365990, Lines 2
Match: Event 285366789, Lines 2
Match: Event 285367928, Lines 3
Match: Event 285369884, Lines 2
Match: Event 285370093, Lines 2
[37%] 	 11,674/31,549 	 02:18:10
Match: Event 285370337, Lines 2
Match: Event 285370791, Lines 2
Match: Event 285372118, Lines 2
Match: Event 285372375, Lines 2
Match: Event 285372539, Lines 2
Match: Event 285374144, Lines 2
Match: Event 285376648, Lines 2
Match: Event 285377826, Lines 2
[38%] 	 11,989/31,549 	 02:22:17
Match: Event 285379016, Lines 2
Match: Event 285379796, Lines 2
Match: Event 285379889, Lines 2
Match: Event 285380415, Lines 2
Match: Event 285381540, Lines 2
Match: Event 285382507, Lines 2
Match: Event 285382519, Lines 2
Match: Event 285383584, Lines 2
Match: Event 285384576, Lines 2
Match: Event 285384848, Lines 2
Match: Event 285385471, Lines 2
Match: Event 285386243, Lines 2
Match: Event 285386878, Lines 2
Match: Event 285387686, Lines 2
Match: Event 285387739, Lines 2
Match: Event 285387796, Lines 2
[39%] 	 12,305/31,549 	 02:26:21
Match: Event 285387992, Lines 2
Match: Event 285388554, Lines 2
Match: Event 285390368, Lines 2
Match: Event 285390961, Lines 2
Match: Event 285391724, Lines 2
Match: Event 285391984, Lines 2
Match: Event 285392886, Lines 2
Match: Event 285393227, Lines 2
Match: Event 285393540, Lines 2
Match: Event 285393652, Lines 2
Match: Event 285393861, Lines 2
Match: Event 285393902, Lines 2
Match: Event 285394260, Lines 2
Match: Event 285394770, Lines 2
Match: Event 285394893, Lines 2
Match: Event 285394959, Lines 2
Match: Event 285395314, Lines 2
Match: Event 285395486, Lines 2
Match: Event 285396301, Lines 2
Match: Event 285396825, Lines 2
Match: Event 285396884, Lines 2
Match: Event 285397035, Lines 2
Match: Event 285397832, Lines 2
[40%] 	 12,620/31,549 	 02:30:27
Match: Event 285399493, Lines 2
Match: Event 285401006, Lines 2
Match: Event 285401151, Lines 2
Match: Event 285402124, Lines 2
Match: Event 285402164, Lines 2
Match: Event 285403957, Lines 2
Match: Event 285405175, Lines 2
Match: Event 285405782, Lines 2
Match: Event 285406282, Lines 2
Match: Event 285406451, Lines 2
Match: Event 285407114, Lines 2
Match: Event 285407225, Lines 2
Match: Event 285408291, Lines 2
Match: Event 285408553, Lines 2
[41%] 	 12,936/31,549 	 02:34:28
Match: Event 285409652, Lines 2
Match: Event 285409770, Lines 2
Match: Event 285412474, Lines 3
Match: Event 285413250, Lines 2
Match: Event 285413680, Lines 2
Match: Event 285413826, Lines 2
Match: Event 285413828, Lines 2
Match: Event 285414566, Lines 3
Match: Event 285414965, Lines 3
Match: Event 285416142, Lines 2
Match: Event 285416341, Lines 2
Match: Event 285418276, Lines 2
[42%] 	 13,251/31,549 	 02:38:29
Match: Event 285418903, Lines 2
Match: Event 285419377, Lines 2
Match: Event 285420354, Lines 2
Match: Event 285422862, Lines 2
Match: Event 285423586, Lines 2
Match: Event 285423614, Lines 2
Match: Event 285425140, Lines 2
Match: Event 285427132, Lines 2
Match: Event 285427179, Lines 2
[43%] 	 13,567/31,549 	 02:42:29
Match: Event 285428191, Lines 2
Match: Event 285428614, Lines 2
Match: Event 285429106, Lines 2
Match: Event 285429191, Lines 2
Match: Event 285429552, Lines 3
Match: Event 285429838, Lines 2
Match: Event 285430353, Lines 2
Match: Event 285431475, Lines 2
Match: Event 285431557, Lines 2
Match: Event 285431713, Lines 2
Match: Event 285432103, Lines 3
Match: Event 285432857, Lines 2
Match: Event 285432908, Lines 2
Match: Event 285434322, Lines 2
Match: Event 285436238, Lines 2
Match: Event 285436586, Lines 2
Match: Event 285436961, Lines 2
Match: Event 285437925, Lines 2
Match: Event 285438153, Lines 2
[44%] 	 13,882/31,549 	 02:46:28
Match: Event 285438488, Lines 2
Match: Event 285440554, Lines 2
Match: Event 285443560, Lines 2
Match: Event 285443844, Lines 3
Match: Event 285444344, Lines 2
Match: Event 285444674, Lines 3
Match: Event 285446246, Lines 2
Match: Event 285446445, Lines 2
Match: Event 285447731, Lines 2
Match: Event 285448099, Lines 2
[45%] 	 14,198/31,549 	 02:50:33
Match: Event 285450157, Lines 2
Match: Event 285451160, Lines 2
Match: Event 285451536, Lines 2
Match: Event 285452641, Lines 2
Match: Event 285454024, Lines 2
Match: Event 285454534, Lines 2
Match: Event 285454625, Lines 2
Match: Event 285455075, Lines 2
Match: Event 285458010, Lines 2
[46%] 	 14,513/31,549 	 02:54:32
Match: Event 285459215, Lines 2
Match: Event 285459899, Lines 2
Match: Event 285460056, Lines 2
Match: Event 285460234, Lines 2
Match: Event 285461509, Lines 3
Match: Event 285462184, Lines 2
Match: Event 285462322, Lines 2
Match: Event 285462848, Lines 2
Match: Event 285463945, Lines 2
Match: Event 285464059, Lines 2
Match: Event 285464149, Lines 2
Match: Event 285464180, Lines 2
Match: Event 285466152, Lines 2
Match: Event 285466411, Lines 2
Match: Event 285466634, Lines 2
Match: Event 285466932, Lines 2
[47%] 	 14,829/31,549 	 02:58:40
Match: Event 285468778, Lines 2
Match: Event 285470776, Lines 2
Match: Event 285471134, Lines 2
Match: Event 285471804, Lines 2
Match: Event 285471903, Lines 2
Match: Event 285473957, Lines 2
Match: Event 285474886, Lines 2
Match: Event 285475315, Lines 3
Match: Event 285476850, Lines 3
Match: Event 285477163, Lines 2
Match: Event 285477322, Lines 2
[48%] 	 15,144/31,549 	 03:02:42
Match: Event 285478199, Lines 2
Match: Event 285478390, Lines 2
Match: Event 285479629, Lines 2
Match: Event 285479846, Lines 2
Match: Event 285479963, Lines 2
Match: Event 285480072, Lines 2
Match: Event 285480451, Lines 2
Match: Event 285481249, Lines 2
Match: Event 285481683, Lines 2
Match: Event 285481708, Lines 2
Match: Event 285482408, Lines 2
Match: Event 285482564, Lines 2
Match: Event 285482719, Lines 2
Match: Event 285483059, Lines 2
Match: Event 285485887, Lines 2
[49%] 	 15,460/31,549 	 03:06:48
Match: Event 285489512, Lines 2
Match: Event 285489835, Lines 2
Match: Event 285491165, Lines 2
Match: Event 285493215, Lines 2
Match: Event 285493951, Lines 2
Match: Event 285494200, Lines 2
Match: Event 285494210, Lines 2
Match: Event 285495455, Lines 2
Match: Event 285496014, Lines 2
Match: Event 285496206, Lines 2
Match: Event 285497335, Lines 2
[50%] 	 15,775/31,549 	 03:10:56
Match: Event 285497809, Lines 2
Match: Event 285498894, Lines 2
Match: Event 285499505, Lines 2
Match: Event 285500183, Lines 2
Match: Event 285500492, Lines 2
Match: Event 285501121, Lines 2
Match: Event 285501517, Lines 2
Match: Event 285504788, Lines 2
Match: Event 285506916, Lines 2
[51%] 	 16,090/31,549 	 03:14:53
Match: Event 285507928, Lines 2
Match: Event 285508093, Lines 2
Match: Event 285508688, Lines 2
Match: Event 285508967, Lines 2
Match: Event 285509046, Lines 2
Match: Event 285510104, Lines 2
Match: Event 285510313, Lines 2
Match: Event 285511542, Lines 2
Match: Event 285511903, Lines 2
Match: Event 285511951, Lines 2
Match: Event 285513518, Lines 2
Match: Event 285513650, Lines 2
Match: Event 285514788, Lines 2
Match: Event 285515855, Lines 2
Match: Event 285515982, Lines 2
Match: Event 285516514, Lines 2
[52%] 	 16,406/31,549 	 03:19:10
Match: Event 285517522, Lines 2
Match: Event 285519480, Lines 2
Match: Event 285520564, Lines 2
Match: Event 285522410, Lines 2
Match: Event 285522772, Lines 3
Match: Event 285523080, Lines 2
Match: Event 285523403, Lines 2
Match: Event 285523549, Lines 2
Match: Event 285524787, Lines 2
Match: Event 285525710, Lines 2
Match: Event 285525876, Lines 2
Match: Event 285525984, Lines 2
Match: Event 285526416, Lines 3
[53%] 	 16,721/31,549 	 03:23:18
Match: Event 285527397, Lines 2
Match: Event 285531071, Lines 2
Match: Event 285532000, Lines 2
Match: Event 285532411, Lines 2
Match: Event 285533593, Lines 2
Match: Event 285533933, Lines 2
[54%] 	 17,037/31,549 	 03:27:20
Match: Event 285535596, Lines 2
Match: Event 285535917, Lines 2
Match: Event 285536074, Lines 2
Match: Event 285536351, Lines 2
Match: Event 285537478, Lines 2
Match: Event 285538993, Lines 2
Match: Event 285541104, Lines 2
Match: Event 285542062, Lines 2
Match: Event 285542876, Lines 2
Match: Event 285543469, Lines 3
Match: Event 285544111, Lines 2
[55%] 	 17,352/31,549 	 03:31:28
Match: Event 285545830, Lines 2
Match: Event 285547188, Lines 2
Match: Event 285547853, Lines 2
Match: Event 285548412, Lines 2
Match: Event 285548644, Lines 2
Match: Event 285549297, Lines 2
Match: Event 285550054, Lines 2
Match: Event 285550232, Lines 2
Match: Event 285550505, Lines 2
Match: Event 285550538, Lines 2
Match: Event 285551489, Lines 2
Match: Event 285552575, Lines 2
Match: Event 285552783, Lines 3
Match: Event 285553183, Lines 2
Match: Event 285554404, Lines 2
Match: Event 285554986, Lines 2
Match: Event 285555905, Lines 2
[56%] 	 17,668/31,549 	 03:35:44
Match: Event 285556746, Lines 2
Match: Event 285556967, Lines 2
Match: Event 285557204, Lines 2
Match: Event 285557399, Lines 3
Match: Event 285560436, Lines 2
Match: Event 285560757, Lines 2
Match: Event 285562762, Lines 2
Match: Event 285563498, Lines 2
Match: Event 285563946, Lines 2
Match: Event 285566036, Lines 2
Match: Event 285566219, Lines 2
Match: Event 285566393, Lines 2
[57%] 	 17,983/31,549 	 03:39:51
Match: Event 285567254, Lines 2
Match: Event 285569033, Lines 3
Match: Event 285569054, Lines 2
Match: Event 285569809, Lines 2
Match: Event 285570390, Lines 2
Match: Event 285570700, Lines 2
Match: Event 285571983, Lines 2
Match: Event 285572295, Lines 2
Match: Event 285573937, Lines 3
Match: Event 285573990, Lines 3
Match: Event 285574037, Lines 2
Match: Event 285575667, Lines 3
Match: Event 285576352, Lines 2
Match: Event 285576984, Lines 3
Match: Event 285577609, Lines 2
[58%] 	 18,299/31,549 	 03:43:51
Match: Event 285578306, Lines 2
Match: Event 285579334, Lines 2
Match: Event 285579689, Lines 2
Match: Event 285580749, Lines 2
Match: Event 285581012, Lines 2
Match: Event 285582210, Lines 2
Match: Event 285582262, Lines 2
Match: Event 285582916, Lines 2
Match: Event 285582985, Lines 2
Match: Event 285583064, Lines 2
Match: Event 285583357, Lines 2
Match: Event 285586067, Lines 2
Match: Event 285586790, Lines 2
Match: Event 285587102, Lines 2
Match: Event 285587103, Lines 2
Match: Event 285587911, Lines 2
[59%] 	 18,614/31,549 	 03:47:47
Match: Event 285589867, Lines 2
Match: Event 285590158, Lines 2
Match: Event 285590826, Lines 2
Match: Event 285591463, Lines 2
Match: Event 285591848, Lines 2
Match: Event 285592244, Lines 2
Match: Event 285592371, Lines 2
Match: Event 285595492, Lines 2
Match: Event 285596590, Lines 2
Match: Event 285597592, Lines 2
Match: Event 285597667, Lines 2
Match: Event 285598200, Lines 2
Match: Event 285598438, Lines 2
[60%] 	 18,930/31,549 	 03:51:50
Match: Event 285600079, Lines 2
Match: Event 285600645, Lines 2
Match: Event 285600959, Lines 2
Match: Event 285601921, Lines 2
Match: Event 285602232, Lines 2
Match: Event 285602680, Lines 2
Match: Event 285603181, Lines 2
Match: Event 285604462, Lines 2
Match: Event 285604495, Lines 3
Match: Event 285605120, Lines 2
Match: Event 285605565, Lines 3
Match: Event 285606737, Lines 2
Match: Event 285609671, Lines 2
Match: Event 285609736, Lines 2
[61%] 	 19,245/31,549 	 03:55:57
Match: Event 285611360, Lines 2
Match: Event 285611654, Lines 3
Match: Event 285611800, Lines 2
Match: Event 285612027, Lines 2
Match: Event 285612513, Lines 2
Match: Event 285612618, Lines 2
Match: Event 285612865, Lines 2
Match: Event 285612883, Lines 2
Match: Event 285613303, Lines 2
Match: Event 285614030, Lines 2
Match: Event 285614231, Lines 2
Match: Event 285614584, Lines 3
Match: Event 285616612, Lines 2
Match: Event 285616908, Lines 2
Match: Event 285617095, Lines 2
Match: Event 285619095, Lines 2
[62%] 	 19,561/31,549 	 03:59:59
Match: Event 285619574, Lines 2
Match: Event 285620011, Lines 2
Match: Event 285620594, Lines 2
Match: Event 285620843, Lines 2
Match: Event 285621408, Lines 2
Match: Event 285622542, Lines 2
Match: Event 285624925, Lines 2
Match: Event 285626640, Lines 2
Match: Event 285626808, Lines 3
Match: Event 285627025, Lines 3
Match: Event 285628857, Lines 2
Match: Event 285629222, Lines 2
[63%] 	 19,876/31,549 	 04:03:58
Match: Event 285630503, Lines 2
Match: Event 285631652, Lines 2
Match: Event 285633018, Lines 2
Match: Event 285634493, Lines 2
Match: Event 285634831, Lines 2
Match: Event 285634886, Lines 2
Match: Event 285634949, Lines 2
Match: Event 285634963, Lines 2
Match: Event 285635310, Lines 2
Match: Event 285635822, Lines 2
Match: Event 285635866, Lines 2
Match: Event 285636411, Lines 2
Match: Event 285636964, Lines 2
Match: Event 285638324, Lines 2
Match: Event 285638913, Lines 2
Match: Event 285639061, Lines 3
Match: Event 285639143, Lines 2
[64%] 	 20,192/31,549 	 04:07:53
Match: Event 285640686, Lines 2
Match: Event 285642350, Lines 2
Match: Event 285643890, Lines 2
Match: Event 285644012, Lines 2
Match: Event 285644402, Lines 2
Match: Event 285645639, Lines 2
Match: Event 285645734, Lines 2
Match: Event 285645901, Lines 2
Match: Event 285646332, Lines 2
Match: Event 285646741, Lines 2
Match: Event 285647323, Lines 2
Match: Event 285647565, Lines 2
Match: Event 285649334, Lines 2
Match: Event 285649361, Lines 2
[65%] 	 20,507/31,549 	 04:11:51
Match: Event 285650278, Lines 2
Match: Event 285650862, Lines 2
Match: Event 285652062, Lines 2
Match: Event 285652333, Lines 2
Match: Event 285652874, Lines 2
Match: Event 285654691, Lines 2
Match: Event 285654869, Lines 2
Match: Event 285657865, Lines 3
Match: Event 285659263, Lines 2
Match: Event 285659404, Lines 2
Match: Event 285659408, Lines 2
[66%] 	 20,823/31,549 	 04:15:41
Match: Event 285659817, Lines 2
Match: Event 285661220, Lines 3
Match: Event 285661759, Lines 2
Match: Event 285663080, Lines 2
Match: Event 285663558, Lines 2
Match: Event 285663753, Lines 2
Match: Event 285664467, Lines 2
Match: Event 285664478, Lines 2
Match: Event 285664859, Lines 2
Match: Event 285665373, Lines 2
Match: Event 285665743, Lines 2
Match: Event 285666610, Lines 2
Match: Event 285666802, Lines 2
Match: Event 285667047, Lines 2
Match: Event 285667218, Lines 2
Match: Event 285668555, Lines 2
[67%] 	 21,138/31,549 	 04:19:43
Match: Event 285668922, Lines 2
Match: Event 285668971, Lines 2
Match: Event 285669245, Lines 2
Match: Event 285669900, Lines 3
Match: Event 285670221, Lines 2
Match: Event 285670275, Lines 2
Match: Event 285670442, Lines 3
Match: Event 285670924, Lines 2
Match: Event 285671469, Lines 3
Match: Event 285671753, Lines 2
Match: Event 285674192, Lines 2
Match: Event 285674807, Lines 2
Match: Event 285674819, Lines 2
Match: Event 285675192, Lines 2
Match: Event 285675980, Lines 2
Match: Event 285676687, Lines 2
Match: Event 285677434, Lines 2
Match: Event 285677826, Lines 2
Match: Event 285678488, Lines 2
Match: Event 285678635, Lines 2
[68%] 	 21,454/31,549 	 04:23:42
Match: Event 285679627, Lines 2
Match: Event 285680418, Lines 2
Match: Event 285681322, Lines 2
Match: Event 285681401, Lines 2
Match: Event 285681413, Lines 2
Match: Event 285681572, Lines 2
Match: Event 285682186, Lines 2
Match: Event 285683097, Lines 2
Match: Event 285685046, Lines 2
Match: Event 285685284, Lines 2
Match: Event 285685324, Lines 2
Match: Event 285685519, Lines 2
Match: Event 285686942, Lines 2
Match: Event 285688914, Lines 2
Match: Event 285689288, Lines 2
[69%] 	 21,769/31,549 	 04:27:41
Match: Event 285690109, Lines 2
Match: Event 285690266, Lines 2
Match: Event 285691179, Lines 2
Match: Event 285691968, Lines 2
Match: Event 285691971, Lines 2
Match: Event 285693552, Lines 2
Match: Event 285693621, Lines 2
Match: Event 285694505, Lines 2
Match: Event 285694845, Lines 2
Match: Event 285695181, Lines 2
Match: Event 285695840, Lines 2
Match: Event 285696445, Lines 2
Match: Event 285696467, Lines 2
Match: Event 285697510, Lines 2
Match: Event 285698647, Lines 2
Match: Event 285699058, Lines 2
[70%] 	 22,085/31,549 	 04:31:45
Match: Event 285699904, Lines 2
Match: Event 285700851, Lines 2
Match: Event 285701274, Lines 2
Match: Event 285702171, Lines 2
Match: Event 285703763, Lines 2
Match: Event 285704676, Lines 2
Match: Event 285705652, Lines 2
Match: Event 285708027, Lines 2
[71%] 	 22,400/31,549 	 04:35:40
Match: Event 285710229, Lines 2
Match: Event 285710337, Lines 2
Match: Event 285710422, Lines 2
Match: Event 285711120, Lines 2
Match: Event 285711818, Lines 2
Match: Event 285712797, Lines 3
Match: Event 285713011, Lines 2
Match: Event 285713138, Lines 2
Match: Event 285713868, Lines 2
Match: Event 285714113, Lines 2
Match: Event 285714712, Lines 2
Match: Event 285717479, Lines 2
Match: Event 285717701, Lines 2
Match: Event 285719772, Lines 2
[72%] 	 22,716/31,549 	 04:39:49
Match: Event 285720268, Lines 2
Match: Event 285720404, Lines 2
Match: Event 285720669, Lines 2
Match: Event 285720741, Lines 2
Match: Event 285722110, Lines 2
Match: Event 285722224, Lines 2
Match: Event 285722595, Lines 2
Match: Event 285726125, Lines 3
Match: Event 285726591, Lines 2
Match: Event 285726740, Lines 2
Match: Event 285726891, Lines 2
Match: Event 285727507, Lines 2
Match: Event 285728353, Lines 2
Match: Event 285729235, Lines 2
[73%] 	 23,031/31,549 	 04:44:18
Match: Event 285729925, Lines 2
Match: Event 285730719, Lines 2
Match: Event 285730906, Lines 2
Match: Event 285731535, Lines 2
Match: Event 285731550, Lines 3
Match: Event 285732543, Lines 2
Match: Event 285733442, Lines 2
Match: Event 285733510, Lines 2
Match: Event 285735097, Lines 2
Match: Event 285735253, Lines 2
Match: Event 285735536, Lines 2
Match: Event 285735807, Lines 2
Match: Event 285736070, Lines 2
Match: Event 285739001, Lines 2
[74%] 	 23,347/31,549 	 04:48:23
Match: Event 285743482, Lines 2
Match: Event 285743643, Lines 2
Match: Event 285746204, Lines 2
Match: Event 285746287, Lines 2
Match: Event 285747153, Lines 2
Match: Event 285747264, Lines 2
Match: Event 285747307, Lines 3
Match: Event 285747677, Lines 2
Match: Event 285748905, Lines 2
[75%] 	 23,662/31,549 	 04:52:19
Match: Event 285750918, Lines 2
Match: Event 285751265, Lines 2
Match: Event 285751426, Lines 2
Match: Event 285751772, Lines 2
Match: Event 285753630, Lines 2
Match: Event 285753643, Lines 2
Match: Event 285753746, Lines 2
Match: Event 285753787, Lines 2
Match: Event 285753962, Lines 2
Match: Event 285754795, Lines 3
Match: Event 285756298, Lines 2
Match: Event 285757572, Lines 2
Match: Event 285758144, Lines 2
Match: Event 285758742, Lines 2
Match: Event 285759234, Lines 2
Match: Event 285759512, Lines 2
[76%] 	 23,978/31,549 	 04:57:17
Match: Event 285759943, Lines 2
Match: Event 285760793, Lines 2
Match: Event 285761469, Lines 2
Match: Event 285761865, Lines 2
Match: Event 285762828, Lines 2
Match: Event 285762873, Lines 2
Match: Event 285763496, Lines 2
Match: Event 285763804, Lines 2
Match: Event 285764778, Lines 2
Match: Event 285765203, Lines 2
Match: Event 285766761, Lines 3
Match: Event 285767154, Lines 2
Match: Event 285767559, Lines 2
Match: Event 285768217, Lines 2
[77%] 	 24,293/31,549 	 05:01:19
Match: Event 285769650, Lines 2
Match: Event 285770545, Lines 2
Match: Event 285770897, Lines 2
Match: Event 285772270, Lines 2
Match: Event 285773763, Lines 2
Match: Event 285773945, Lines 2
Match: Event 285776259, Lines 2
Match: Event 285777765, Lines 2
Match: Event 285778237, Lines 2
Match: Event 285779024, Lines 2
Match: Event 285779150, Lines 2
[78%] 	 24,609/31,549 	 05:05:07
Match: Event 285780610, Lines 2
Match: Event 285780769, Lines 2
Match: Event 285781534, Lines 2
Match: Event 285781979, Lines 2
Match: Event 285782713, Lines 2
Match: Event 285783017, Lines 2
Match: Event 285783077, Lines 2
Match: Event 285783730, Lines 2
Match: Event 285785818, Lines 2
Match: Event 285786587, Lines 2
Match: Event 285786817, Lines 2
Match: Event 285787148, Lines 2
Match: Event 285787220, Lines 2
Match: Event 285787755, Lines 2
Match: Event 285788186, Lines 2
Match: Event 285788396, Lines 2
Match: Event 285788410, Lines 2
[79%] 	 24,924/31,549 	 05:09:04
Match: Event 285790048, Lines 2
Match: Event 285790556, Lines 2
Match: Event 285790993, Lines 2
Match: Event 285791143, Lines 2
Match: Event 285791676, Lines 2
Match: Event 285792538, Lines 2
Match: Event 285792737, Lines 2
Match: Event 285792794, Lines 2
Match: Event 285793053, Lines 2
Match: Event 285793403, Lines 2
Match: Event 285794348, Lines 2
Match: Event 285794834, Lines 2
Match: Event 285795833, Lines 2
Match: Event 285795997, Lines 2
Match: Event 285796001, Lines 2
Match: Event 285796408, Lines 2
Match: Event 285796433, Lines 2
Match: Event 285797794, Lines 2
Match: Event 285798042, Lines 2
Match: Event 285798843, Lines 2
Match: Event 285799135, Lines 2
Match: Event 285799147, Lines 2
[80%] 	 25,240/31,549 	 05:12:59
Match: Event 285801576, Lines 2
Match: Event 285802154, Lines 2
Match: Event 285804208, Lines 2
Match: Event 285806089, Lines 2
Match: Event 285807252, Lines 3
Match: Event 285807397, Lines 2
Match: Event 285807423, Lines 2
Match: Event 285808120, Lines 2
Match: Event 285808137, Lines 3
Match: Event 285808596, Lines 2
Match: Event 285809214, Lines 2
Match: Event 285809480, Lines 2
Match: Event 285809790, Lines 2
[81%] 	 25,555/31,549 	 05:16:52
Match: Event 285810013, Lines 2
Match: Event 285810329, Lines 2
Match: Event 285810928, Lines 3
Match: Event 285813034, Lines 3
Match: Event 285813115, Lines 2
Match: Event 285813456, Lines 2
Match: Event 285816266, Lines 2
Match: Event 285816479, Lines 2
Match: Event 285816482, Lines 2
Match: Event 285817048, Lines 2
Match: Event 285817124, Lines 2
Match: Event 285817965, Lines 2
Match: Event 285818263, Lines 2
[82%] 	 25,871/31,549 	 05:21:08
Match: Event 285818819, Lines 2
Match: Event 285819017, Lines 2
Match: Event 285820765, Lines 2
Match: Event 285822104, Lines 2
Match: Event 285823790, Lines 2
Match: Event 285824320, Lines 2
Match: Event 285824523, Lines 2
Match: Event 285824589, Lines 2
Match: Event 285824627, Lines 2
Match: Event 285824986, Lines 2
Match: Event 285825175, Lines 2
Match: Event 285825453, Lines 2
Match: Event 285826001, Lines 2
Match: Event 285826196, Lines 2
Match: Event 285827502, Lines 3
[83%] 	 26,186/31,549 	 05:25:44
Match: Event 285828216, Lines 2
Match: Event 285829025, Lines 2
Match: Event 285829463, Lines 2
Match: Event 285829662, Lines 2
Match: Event 285830009, Lines 2
Match: Event 285830033, Lines 2
Match: Event 285830222, Lines 2
Match: Event 285830438, Lines 2
Match: Event 285830750, Lines 2
Match: Event 285830856, Lines 2
Match: Event 285832684, Lines 2
Match: Event 285833670, Lines 2
Match: Event 285833896, Lines 2
Match: Event 285833994, Lines 2
Match: Event 285834505, Lines 2
Match: Event 285836051, Lines 2
Match: Event 285836893, Lines 2
Match: Event 285837735, Lines 2
[84%] 	 26,502/31,549 	 05:30:33
Match: Event 285838087, Lines 2
Match: Event 285838910, Lines 2
Match: Event 285839312, Lines 3
Match: Event 285839427, Lines 2
Match: Event 285841401, Lines 2
Match: Event 285841589, Lines 2
Match: Event 285842577, Lines 2
Match: Event 285842681, Lines 2
Match: Event 285842699, Lines 2
Match: Event 285843694, Lines 2
Match: Event 285844724, Lines 2
Match: Event 285846294, Lines 2
Match: Event 285847060, Lines 2
[85%] 	 26,817/31,549 	 05:34:33
Match: Event 285848329, Lines 2
Match: Event 285848809, Lines 2
Match: Event 285849545, Lines 2
Match: Event 285850152, Lines 2
Match: Event 285851957, Lines 2
Match: Event 285852065, Lines 2
Match: Event 285852677, Lines 2
Match: Event 285852886, Lines 2
Match: Event 285853385, Lines 3
Match: Event 285853451, Lines 2
Match: Event 285855049, Lines 3
Match: Event 285855266, Lines 2
Match: Event 285855574, Lines 2
Match: Event 285856853, Lines 2
Match: Event 285856890, Lines 2
Match: Event 285857070, Lines 2
Match: Event 285857072, Lines 2
Match: Event 285857752, Lines 2
Match: Event 285857991, Lines 2
Match: Event 285858223, Lines 2
Match: Event 285858234, Lines 2
[86%] 	 27,133/31,549 	 05:38:46
Match: Event 285861936, Lines 2
Match: Event 285862641, Lines 3
Match: Event 285863787, Lines 3
Match: Event 285864533, Lines 2
Match: Event 285865732, Lines 2
Match: Event 285866308, Lines 2
Match: Event 285866687, Lines 2
Match: Event 285866992, Lines 2
Match: Event 285868903, Lines 2
Match: Event 285869019, Lines 2
[87%] 	 27,448/31,549 	 05:43:19
Match: Event 285869836, Lines 2
Match: Event 285871946, Lines 2
Match: Event 285873270, Lines 2
Match: Event 285873340, Lines 2
Match: Event 285873776, Lines 2
Match: Event 285873789, Lines 2
Match: Event 285874563, Lines 2
Match: Event 285875074, Lines 2
Match: Event 285875774, Lines 2
Match: Event 285875831, Lines 2
Match: Event 285877450, Lines 2
Match: Event 285878248, Lines 2
Match: Event 285878348, Lines 2
Match: Event 285879066, Lines 2
Match: Event 285879138, Lines 2
Match: Event 285879257, Lines 2
Match: Event 285879854, Lines 2
Match: Event 285879906, Lines 2
Match: Event 285880413, Lines 2
[88%] 	 27,764/31,549 	 05:47:58
Match: Event 285881811, Lines 2
Match: Event 285883233, Lines 2
Match: Event 285884794, Lines 2
Match: Event 285884929, Lines 2
Match: Event 285887563, Lines 2
Match: Event 285887610, Lines 2
Match: Event 285887844, Lines 2
[89%] 	 28,079/31,549 	 05:52:17
Match: Event 285892042, Lines 2
Match: Event 285892727, Lines 2
Match: Event 285892966, Lines 2
Match: Event 285893212, Lines 2
Match: Event 285893694, Lines 2
Match: Event 285894156, Lines 2
Match: Event 285894627, Lines 2
Match: Event 285895785, Lines 2
Match: Event 285896366, Lines 3
Match: Event 285896521, Lines 2
Match: Event 285896746, Lines 2
Match: Event 285896942, Lines 2
Match: Event 285897028, Lines 2
Match: Event 285897697, Lines 2
Match: Event 285898461, Lines 2
[90%] 	 28,395/31,549 	 05:56:23
Match: Event 285900581, Lines 3
Match: Event 285901114, Lines 2
Match: Event 285902538, Lines 2
Match: Event 285905397, Lines 2
Match: Event 285905560, Lines 2
Match: Event 285906827, Lines 2
Match: Event 285907944, Lines 2
Match: Event 285908381, Lines 3
Match: Event 285909163, Lines 2
Match: Event 285910308, Lines 2
Match: Event 285910493, Lines 3
Match: Event 285910521, Lines 2
[91%] 	 28,710/31,549 	 06:00:21
Match: Event 285911580, Lines 2
Match: Event 285911675, Lines 2
Match: Event 285912321, Lines 2
Match: Event 285912919, Lines 2
Match: Event 285913113, Lines 2
Match: Event 285913206, Lines 2
Match: Event 285914116, Lines 2
Match: Event 285915064, Lines 2
Match: Event 285918129, Lines 2
Match: Event 285919335, Lines 3
Match: Event 285919478, Lines 2
Match: Event 285919872, Lines 2
Match: Event 285920555, Lines 2
Match: Event 285920895, Lines 2
[92%] 	 29,026/31,549 	 06:04:20
Match: Event 285920954, Lines 2
Match: Event 285921539, Lines 2
Match: Event 285922540, Lines 2
Match: Event 285923075, Lines 2
Match: Event 285923220, Lines 2
Match: Event 285923686, Lines 2
Match: Event 285924009, Lines 2
Match: Event 285924037, Lines 2
Match: Event 285924064, Lines 2
Match: Event 285924542, Lines 2
Match: Event 285924695, Lines 3
Match: Event 285925090, Lines 2
Match: Event 285925983, Lines 2
Match: Event 285927479, Lines 2
Match: Event 285928225, Lines 2
Match: Event 285928679, Lines 2
Match: Event 285928729, Lines 2
Match: Event 285929740, Lines 2
[93%] 	 29,341/31,549 	 06:08:55
Match: Event 285931588, Lines 2
Match: Event 285931692, Lines 2
Match: Event 285931702, Lines 2
Match: Event 285931945, Lines 2
Match: Event 285932026, Lines 2
Match: Event 285932813, Lines 2
Match: Event 285934327, Lines 2
Match: Event 285935317, Lines 2
Match: Event 285935632, Lines 2
Match: Event 285935870, Lines 2
Match: Event 285936558, Lines 2
Match: Event 285936858, Lines 2
Match: Event 285937487, Lines 2
Match: Event 285938812, Lines 2
Match: Event 285939175, Lines 2
Match: Event 285939283, Lines 2
Match: Event 285940104, Lines 2
Match: Event 285940650, Lines 2
Match: Event 285940707, Lines 2
Match: Event 285940884, Lines 2
[94%] 	 29,657/31,549 	 06:13:58
Match: Event 285943487, Lines 2
Match: Event 285943664, Lines 2
Match: Event 285944183, Lines 2
Match: Event 285944294, Lines 2
Match: Event 285944692, Lines 2
Match: Event 285945182, Lines 2
Match: Event 285945208, Lines 2
Match: Event 285945315, Lines 2
Match: Event 285945491, Lines 2
Match: Event 285945867, Lines 2
Match: Event 285946072, Lines 2
Match: Event 285946639, Lines 2
Match: Event 285946918, Lines 2
Match: Event 285947156, Lines 2
Match: Event 285948420, Lines 2
Match: Event 285950278, Lines 2
Match: Event 285950499, Lines 2
Match: Event 285950884, Lines 2
[95%] 	 29,972/31,549 	 06:18:30
Match: Event 285951882, Lines 2
Match: Event 285953588, Lines 2
Match: Event 285953810, Lines 2
Match: Event 285953814, Lines 2
Match: Event 285954142, Lines 2
Match: Event 285954159, Lines 2
Match: Event 285956681, Lines 2
Match: Event 285957119, Lines 2
Match: Event 285957169, Lines 2
Match: Event 285957343, Lines 2
Match: Event 285958553, Lines 2
Match: Event 285959680, Lines 2
Match: Event 285961020, Lines 2
[96%] 	 30,288/31,549 	 06:22:15
Match: Event 285961634, Lines 2
Match: Event 285961757, Lines 2
Match: Event 285962018, Lines 2
Match: Event 285962251, Lines 2
Match: Event 285962424, Lines 3
Match: Event 285963248, Lines 2
Match: Event 285963622, Lines 2
Match: Event 285964877, Lines 2
Match: Event 285965279, Lines 2
Match: Event 285965677, Lines 2
Match: Event 285966114, Lines 3
Match: Event 285966573, Lines 2
Match: Event 285966616, Lines 2
Match: Event 285967596, Lines 2
Match: Event 285968727, Lines 2
[97%] 	 30,603/31,549 	 06:26:12
Match: Event 285971039, Lines 2
Match: Event 285971073, Lines 2
Match: Event 285971126, Lines 2
Match: Event 285972675, Lines 2
Match: Event 285974511, Lines 2
Match: Event 285976444, Lines 2
Match: Event 285976874, Lines 2
Match: Event 285976940, Lines 2
Match: Event 285977250, Lines 2
Match: Event 285978086, Lines 2
Match: Event 285978286, Lines 2
Match: Event 285978761, Lines 2
Match: Event 285979697, Lines 2
Match: Event 285980157, Lines 2
Match: Event 285980544, Lines 2
[98%] 	 30,919/31,549 	 06:30:12
Match: Event 285981060, Lines 2
Match: Event 285981388, Lines 2
Match: Event 285981552, Lines 2
Match: Event 285981746, Lines 2
Match: Event 285982697, Lines 2
Match: Event 285983153, Lines 2
Match: Event 285983332, Lines 2
Match: Event 285985637, Lines 2
Match: Event 285986996, Lines 2
Match: Event 285987490, Lines 2
Match: Event 285987499, Lines 2
Match: Event 285989244, Lines 2
[99%] 	 31,234/31,549 	 06:34:54
Match: Event 285990985, Lines 2
Match: Event 285991171, Lines 3
Match: Event 285991237, Lines 2
Match: Event 285991308, Lines 2
Match: Event 285992373, Lines 2
Match: Event 285992770, Lines 2
Match: Event 285992814, Lines 2
Match: Event 285993972, Lines 2
Match: Event 285994958, Lines 2
Match: Event 285995734, Lines 2
Match: Event 285995850, Lines 2
Match: Event 285997354, Lines 2
Match: Event 285998113, Lines 2
Match: Event 285998790, Lines 2
Match: Event 285999393, Lines 2
Match: Event 285999503, Lines 2
Finished in 23949.46s.
 ~ 5) DONE !
