search libraries in slc9_x86-64
 ~ 1) Base stack loaded.
 ~ Sleeping for 5 seconds to avoid AFS DDOS...
 ~ 2) Loading sndsw environment...
 ~ 3) SNDSW_ROOT is set to: /afs/cern.ch/user/i/idioniso/snd_master/sw-root6.28/rhel9_x86-64/sndsw/master-local1
 ~ 4) Executing tracking script...
[INFO] The input consists out of the following trees and files: 
[INFO]  - rawConv
[INFO]     - root://eoshome-i.cern.ch//eos/user/i/idioniso/tridents/initial_cuts/tridents_sndsw_raw-0160.root
[INFO] FairRootFileSink initialized.
[INFO]  - cbmout
[INFO]     - dummy
[INFO] Parameter and input file are available, Assure that basic info is there for the run!
[INFO] ---FairRootManager::SpecifyRunId --- 
[INFO] --- Initialize with RunId  --- 0

************************************************************* 
     initialisation for run id 0
************************************************************* 
-I- FairRunTimeDB::InitContainer() FairBaseParSet
-I- FairRunTimeDB::InitContainer() FairGeoParSet

************************************************************* 
     initialisation for run id 0
************************************************************* 
-I- FairRunTimeDB::InitContainer() FairBaseParSet
-I- FairRunTimeDB::InitContainer() FairGeoParSet
[INFO]  Branch: Reco_MuonTracks not found in Tree.
using geofile: root://eospublic.cern.ch//eos/experiment/sndlhc/convertedData/physics/2023/geofile_sndlhc_TI18_V3_2023.root
[0%] 	 0/31,808 	 00:00:13
Match: Event 160000378, Lines 2
Match: Event 160000483, Lines 2
Match: Event 160000795, Lines 2
Match: Event 160000830, Lines 2
Match: Event 160001638, Lines 3
Match: Event 160002075, Lines 2
Match: Event 160002736, Lines 2
Match: Event 160005384, Lines 2
Match: Event 160006102, Lines 2
Match: Event 160006472, Lines 2
Match: Event 160006980, Lines 2
Match: Event 160007199, Lines 2
Match: Event 160007404, Lines 2
Match: Event 160007537, Lines 2
Match: Event 160008656, Lines 2
Match: Event 160009777, Lines 2
[1%] 	 319/31,808 	 00:09:59
Match: Event 160010727, Lines 2
Match: Event 160010995, Lines 2
Match: Event 160014521, Lines 2
Match: Event 160015302, Lines 2
Match: Event 160016769, Lines 2
Match: Event 160017591, Lines 2
Match: Event 160017701, Lines 2
Match: Event 160018318, Lines 2
Match: Event 160018903, Lines 2
Match: Event 160018927, Lines 2
Match: Event 160019493, Lines 2
[2%] 	 637/31,808 	 00:18:49
Match: Event 160020348, Lines 2
Match: Event 160020561, Lines 3
Match: Event 160020880, Lines 2
Match: Event 160021136, Lines 2
Match: Event 160021626, Lines 2
Match: Event 160021700, Lines 2
Match: Event 160022039, Lines 2
Match: Event 160022486, Lines 2
Match: Event 160023352, Lines 2
Match: Event 160023553, Lines 2
Match: Event 160024352, Lines 2
Match: Event 160025135, Lines 2
Match: Event 160025921, Lines 2
Match: Event 160025959, Lines 3
Match: Event 160028570, Lines 2
Match: Event 160028659, Lines 2
Match: Event 160028944, Lines 2
Match: Event 160029541, Lines 2
[3%] 	 955/31,808 	 00:27:55
Match: Event 160030291, Lines 2
Match: Event 160031293, Lines 2
Match: Event 160031614, Lines 2
Match: Event 160031616, Lines 2
Match: Event 160031904, Lines 2
Match: Event 160032382, Lines 2
Match: Event 160032397, Lines 2
Match: Event 160032477, Lines 2
Match: Event 160032582, Lines 2
Match: Event 160033360, Lines 2
Match: Event 160035649, Lines 2
Match: Event 160035701, Lines 2
Match: Event 160037499, Lines 2
Match: Event 160037918, Lines 2
Match: Event 160039046, Lines 2
Match: Event 160040159, Lines 2
Match: Event 160040320, Lines 2
Match: Event 160040653, Lines 3
[4%] 	 1,273/31,808 	 00:36:54
Match: Event 160040773, Lines 2
Match: Event 160041777, Lines 2
Match: Event 160042410, Lines 2
Match: Event 160042586, Lines 2
Match: Event 160043212, Lines 2
Match: Event 160043476, Lines 2
Match: Event 160043634, Lines 2
Match: Event 160045415, Lines 2
Match: Event 160045696, Lines 2
Match: Event 160046302, Lines 2
Match: Event 160046559, Lines 2
Match: Event 160046718, Lines 2
Match: Event 160046788, Lines 2
Match: Event 160047907, Lines 2
Match: Event 160048714, Lines 2
Match: Event 160049163, Lines 2
Match: Event 160049954, Lines 2
[5%] 	 1,591/31,808 	 00:46:20
Match: Event 160051446, Lines 2
Match: Event 160052389, Lines 2
Match: Event 160052561, Lines 2
Match: Event 160052617, Lines 2
Match: Event 160052647, Lines 2
Match: Event 160054116, Lines 2
Match: Event 160054481, Lines 2
Match: Event 160055824, Lines 2
Match: Event 160056303, Lines 2
Match: Event 160057363, Lines 2
Match: Event 160057374, Lines 2
Match: Event 160057596, Lines 2
Match: Event 160057762, Lines 2
Match: Event 160058011, Lines 2
Match: Event 160058029, Lines 2
Match: Event 160058551, Lines 2
Match: Event 160060486, Lines 3
[6%] 	 1,909/31,808 	 00:54:54
Match: Event 160060892, Lines 2
Match: Event 160061105, Lines 2
Match: Event 160062463, Lines 2
Match: Event 160062554, Lines 2
Match: Event 160062763, Lines 2
Match: Event 160063169, Lines 2
Match: Event 160064440, Lines 2
Match: Event 160064982, Lines 2
Match: Event 160065430, Lines 2
Match: Event 160065670, Lines 2
Match: Event 160066038, Lines 2
Match: Event 160066235, Lines 2
Match: Event 160066317, Lines 2
Match: Event 160067997, Lines 2
Match: Event 160068004, Lines 2
Match: Event 160068120, Lines 2
Match: Event 160068132, Lines 2
Match: Event 160069803, Lines 2
[7%] 	 2,227/31,808 	 01:03:42
Match: Event 160070833, Lines 2
Match: Event 160071072, Lines 2
Match: Event 160071826, Lines 2
Match: Event 160072206, Lines 2
Match: Event 160072326, Lines 2
Match: Event 160073559, Lines 2
Match: Event 160076446, Lines 3
Match: Event 160076537, Lines 2
Match: Event 160076647, Lines 2
Match: Event 160077706, Lines 2
Match: Event 160077774, Lines 2
Match: Event 160077872, Lines 2
Match: Event 160078116, Lines 2
Match: Event 160079070, Lines 2
[8%] 	 2,545/31,808 	 01:12:26
Match: Event 160079533, Lines 2
Match: Event 160081567, Lines 2
Match: Event 160081759, Lines 2
Match: Event 160083561, Lines 2
Match: Event 160084578, Lines 2
Match: Event 160084915, Lines 2
Match: Event 160085219, Lines 2
Match: Event 160085431, Lines 2
Match: Event 160085628, Lines 2
Match: Event 160085858, Lines 2
Match: Event 160085864, Lines 2
Match: Event 160086861, Lines 2
Match: Event 160087825, Lines 2
Match: Event 160088232, Lines 2
[9%] 	 2,863/31,808 	 01:20:37
Match: Event 160090267, Lines 2
Match: Event 160091465, Lines 2
Match: Event 160091776, Lines 2
Match: Event 160092375, Lines 2
Match: Event 160094509, Lines 2
Match: Event 160094882, Lines 2
Match: Event 160095445, Lines 2
Match: Event 160095753, Lines 2
Match: Event 160096525, Lines 2
Match: Event 160096811, Lines 2
Match: Event 160096818, Lines 2
Match: Event 160097294, Lines 2
Match: Event 160097802, Lines 2
Match: Event 160099338, Lines 2
Match: Event 160099354, Lines 2
Match: Event 160099850, Lines 2
[10%] 	 3,181/31,808 	 01:29:23
Match: Event 160100257, Lines 2
Match: Event 160100501, Lines 2
Match: Event 160101576, Lines 2
Match: Event 160102983, Lines 2
Match: Event 160103554, Lines 2
Match: Event 160103690, Lines 2
Match: Event 160104529, Lines 2
Match: Event 160105140, Lines 2
Match: Event 160105765, Lines 2
Match: Event 160105768, Lines 2
Match: Event 160106047, Lines 2
Match: Event 160108375, Lines 2
Match: Event 160108694, Lines 2
[11%] 	 3,499/31,808 	 01:37:45
Match: Event 160110994, Lines 2
Match: Event 160111914, Lines 2
Match: Event 160112482, Lines 2
Match: Event 160113298, Lines 2
Match: Event 160113712, Lines 2
Match: Event 160114201, Lines 2
Match: Event 160114346, Lines 2
Match: Event 160114393, Lines 2
Match: Event 160116514, Lines 2
Match: Event 160117589, Lines 2
Match: Event 160117695, Lines 2
Match: Event 160117983, Lines 2
Match: Event 160118332, Lines 2
Match: Event 160118689, Lines 2
Match: Event 160118809, Lines 2
Match: Event 160119340, Lines 2
[12%] 	 3,817/31,808 	 01:46:36
Match: Event 160120624, Lines 2
Match: Event 160121262, Lines 2
Match: Event 160121979, Lines 3
Match: Event 160122081, Lines 2
Match: Event 160122325, Lines 2
Match: Event 160122825, Lines 2
Match: Event 160125025, Lines 2
Match: Event 160125735, Lines 2
Match: Event 160125816, Lines 2
Match: Event 160126301, Lines 2
Match: Event 160126913, Lines 2
Match: Event 160127791, Lines 2
[13%] 	 4,136/31,808 	 01:55:02
Match: Event 160131023, Lines 2
Match: Event 160131507, Lines 2
Match: Event 160132148, Lines 2
Match: Event 160132205, Lines 2
Match: Event 160132258, Lines 2
Match: Event 160132406, Lines 2
Match: Event 160132858, Lines 2
Match: Event 160134650, Lines 2
Match: Event 160135096, Lines 2
Match: Event 160135798, Lines 2
Match: Event 160137050, Lines 2
Match: Event 160137557, Lines 2
Match: Event 160138423, Lines 2
Match: Event 160139426, Lines 2
Match: Event 160139532, Lines 2
Match: Event 160140420, Lines 2
[14%] 	 4,454/31,808 	 02:03:27
Match: Event 160141150, Lines 2
Match: Event 160142510, Lines 2
Match: Event 160143483, Lines 2
Match: Event 160144246, Lines 2
Match: Event 160144729, Lines 2
Match: Event 160144815, Lines 2
Match: Event 160145795, Lines 2
Match: Event 160147549, Lines 2
Match: Event 160148403, Lines 2
Match: Event 160149484, Lines 2
Match: Event 160150119, Lines 2
[15%] 	 4,772/31,808 	 02:11:35
Match: Event 160151363, Lines 2
Match: Event 160151798, Lines 2
Match: Event 160151899, Lines 2
Match: Event 160154303, Lines 2
Match: Event 160154316, Lines 2
Match: Event 160154793, Lines 2
Match: Event 160155798, Lines 2
Match: Event 160157055, Lines 2
Match: Event 160157474, Lines 2
Match: Event 160157986, Lines 2
Match: Event 160158807, Lines 2
Match: Event 160159629, Lines 2
Match: Event 160160646, Lines 2
Match: Event 160161538, Lines 2
Match: Event 160161632, Lines 2
Match: Event 160161871, Lines 2
[16%] 	 5,090/31,808 	 02:19:43
Match: Event 160162488, Lines 2
Match: Event 160163989, Lines 2
Match: Event 160164840, Lines 2
Match: Event 160166904, Lines 2
Match: Event 160166959, Lines 2
Match: Event 160168325, Lines 2
Match: Event 160168463, Lines 2
Match: Event 160169168, Lines 2
Match: Event 160169190, Lines 3
Match: Event 160169427, Lines 3
Match: Event 160169509, Lines 2
Match: Event 160170574, Lines 2
Match: Event 160170950, Lines 2
Match: Event 160171028, Lines 2
Match: Event 160172172, Lines 2
Match: Event 160172235, Lines 2
[17%] 	 5,408/31,808 	 02:28:44
Match: Event 160173098, Lines 3
Match: Event 160174086, Lines 2
Match: Event 160174181, Lines 2
Match: Event 160174655, Lines 2
Match: Event 160176773, Lines 2
Match: Event 160177197, Lines 2
Match: Event 160177873, Lines 3
Match: Event 160177904, Lines 2
Match: Event 160178637, Lines 2
Match: Event 160178751, Lines 2
Match: Event 160179073, Lines 2
Match: Event 160180038, Lines 3
Match: Event 160180356, Lines 3
Match: Event 160180889, Lines 2
[18%] 	 5,726/31,808 	 02:36:52
Match: Event 160182568, Lines 3
Match: Event 160184568, Lines 2
Match: Event 160184803, Lines 2
Match: Event 160185170, Lines 2
Match: Event 160185579, Lines 2
Match: Event 160187428, Lines 2
Match: Event 160187652, Lines 2
Match: Event 160190245, Lines 2
Match: Event 160190496, Lines 2
Match: Event 160190609, Lines 2
Match: Event 160190946, Lines 2
Match: Event 160191272, Lines 2
[19%] 	 6,044/31,808 	 02:45:37
Match: Event 160191707, Lines 3
Match: Event 160191956, Lines 2
Match: Event 160192006, Lines 2
Match: Event 160193438, Lines 2
Match: Event 160194928, Lines 2
Match: Event 160196274, Lines 2
Match: Event 160196865, Lines 2
Match: Event 160197188, Lines 2
Match: Event 160197350, Lines 2
Match: Event 160197658, Lines 2
Match: Event 160197758, Lines 2
Match: Event 160199892, Lines 2
Match: Event 160200086, Lines 2
Match: Event 160200504, Lines 2
Match: Event 160200682, Lines 2
Match: Event 160200894, Lines 2
[20%] 	 6,362/31,808 	 02:54:05
Match: Event 160201364, Lines 2
Match: Event 160202065, Lines 3
Match: Event 160202806, Lines 2
Match: Event 160203050, Lines 2
Match: Event 160204743, Lines 2
Match: Event 160205265, Lines 3
Match: Event 160205284, Lines 2
Match: Event 160205290, Lines 2
Match: Event 160205363, Lines 2
Match: Event 160205421, Lines 3
Match: Event 160206220, Lines 2
Match: Event 160207292, Lines 2
Match: Event 160208367, Lines 3
Match: Event 160208947, Lines 2
Match: Event 160209866, Lines 2
Match: Event 160210361, Lines 2
[21%] 	 6,680/31,808 	 03:03:16
Match: Event 160210674, Lines 2
Match: Event 160211253, Lines 2
Match: Event 160212891, Lines 2
Match: Event 160214077, Lines 2
Match: Event 160214352, Lines 2
Match: Event 160215372, Lines 2
Match: Event 160216194, Lines 2
Match: Event 160216249, Lines 2
Match: Event 160216697, Lines 2
Match: Event 160217058, Lines 2
Match: Event 160217603, Lines 2
Match: Event 160219604, Lines 2
Match: Event 160220125, Lines 2
[22%] 	 6,998/31,808 	 03:13:31
Match: Event 160221061, Lines 2
Match: Event 160221662, Lines 2
Match: Event 160221949, Lines 2
Match: Event 160221952, Lines 2
Match: Event 160222130, Lines 2
Match: Event 160223483, Lines 2
Match: Event 160224154, Lines 2
Match: Event 160224445, Lines 2
Match: Event 160226490, Lines 2
Match: Event 160227341, Lines 2
Match: Event 160227969, Lines 2
Match: Event 160229339, Lines 2
Match: Event 160229835, Lines 2
Match: Event 160231456, Lines 2
[23%] 	 7,316/31,808 	 03:23:37
Match: Event 160231918, Lines 2
Match: Event 160231966, Lines 3
Match: Event 160232194, Lines 2
Match: Event 160232200, Lines 3
Match: Event 160233832, Lines 2
Match: Event 160234434, Lines 2
Match: Event 160234448, Lines 2
Match: Event 160234591, Lines 2
Match: Event 160234906, Lines 2
Match: Event 160234977, Lines 2
Match: Event 160235266, Lines 2
Match: Event 160236600, Lines 2
Match: Event 160236763, Lines 2
Match: Event 160237543, Lines 2
Match: Event 160238727, Lines 2
Match: Event 160238946, Lines 2
Match: Event 160239891, Lines 2
[24%] 	 7,634/31,808 	 03:32:21
Match: Event 160241906, Lines 2
Match: Event 160242258, Lines 2
Match: Event 160242335, Lines 2
Match: Event 160242538, Lines 2
Match: Event 160242773, Lines 2
Match: Event 160243158, Lines 2
Match: Event 160244069, Lines 2
Match: Event 160244224, Lines 2
Match: Event 160244236, Lines 2
Match: Event 160244942, Lines 2
Match: Event 160247965, Lines 2
Match: Event 160249243, Lines 2
Match: Event 160249322, Lines 2
Match: Event 160250480, Lines 2
Match: Event 160250667, Lines 2
[25%] 	 7,952/31,808 	 03:41:01
Match: Event 160251461, Lines 2
Match: Event 160251508, Lines 2
Match: Event 160252043, Lines 2
Match: Event 160253738, Lines 2
Match: Event 160254267, Lines 2
Match: Event 160255272, Lines 2
Match: Event 160257203, Lines 2
Match: Event 160257276, Lines 3
Match: Event 160257736, Lines 2
Match: Event 160258280, Lines 2
Match: Event 160258594, Lines 3
Match: Event 160258819, Lines 2
Match: Event 160259426, Lines 2
Match: Event 160259728, Lines 3
Match: Event 160259731, Lines 2
Match: Event 160260098, Lines 2
Match: Event 160260399, Lines 2
Match: Event 160260410, Lines 2
Match: Event 160261113, Lines 2
[26%] 	 8,271/31,808 	 03:49:49
Match: Event 160261421, Lines 2
Match: Event 160261732, Lines 2
Match: Event 160262612, Lines 2
Match: Event 160262835, Lines 2
Match: Event 160264240, Lines 2
Match: Event 160264686, Lines 2
Match: Event 160264697, Lines 2
Match: Event 160265689, Lines 2
Match: Event 160265857, Lines 2
Match: Event 160265935, Lines 2
Match: Event 160266437, Lines 2
Match: Event 160266723, Lines 2
Match: Event 160267850, Lines 2
Match: Event 160269008, Lines 2
Match: Event 160269797, Lines 2
Match: Event 160271023, Lines 3
Match: Event 160271091, Lines 2
[27%] 	 8,589/31,808 	 03:59:27
Match: Event 160271455, Lines 2
Match: Event 160272199, Lines 2
Match: Event 160273379, Lines 2
Match: Event 160273414, Lines 2
Match: Event 160274230, Lines 2
Match: Event 160275901, Lines 2
Match: Event 160276132, Lines 2
Match: Event 160276507, Lines 2
Match: Event 160276920, Lines 3
Match: Event 160277295, Lines 2
Match: Event 160277918, Lines 2
Match: Event 160278657, Lines 2
Match: Event 160279516, Lines 2
Match: Event 160280377, Lines 2
Match: Event 160280552, Lines 2
Match: Event 160281622, Lines 2
[28%] 	 8,907/31,808 	 04:08:43
Match: Event 160282458, Lines 2
Match: Event 160282468, Lines 2
Match: Event 160282809, Lines 3
Match: Event 160282813, Lines 2
Match: Event 160282851, Lines 2
Match: Event 160282998, Lines 2
Match: Event 160283768, Lines 3
Match: Event 160284283, Lines 2
Match: Event 160285127, Lines 2
Match: Event 160286121, Lines 2
Match: Event 160286283, Lines 2
Match: Event 160286300, Lines 2
Match: Event 160286383, Lines 2
Match: Event 160286799, Lines 2
Match: Event 160286936, Lines 2
Match: Event 160289014, Lines 2
Match: Event 160290497, Lines 2
Match: Event 160292096, Lines 2
Match: Event 160292774, Lines 2
[29%] 	 9,225/31,808 	 04:17:43
Match: Event 160293445, Lines 2
Match: Event 160293900, Lines 2
Match: Event 160295117, Lines 3
Match: Event 160295723, Lines 2
Match: Event 160296203, Lines 2
Match: Event 160297149, Lines 2
Match: Event 160297321, Lines 2
Match: Event 160298063, Lines 2
Match: Event 160298934, Lines 2
Match: Event 160299073, Lines 2
Match: Event 160299208, Lines 2
Match: Event 160299818, Lines 2
Match: Event 160300346, Lines 2
Match: Event 160300500, Lines 2
Match: Event 160301595, Lines 3
[30%] 	 9,543/31,808 	 04:26:26
Match: Event 160304756, Lines 2
Match: Event 160305000, Lines 2
Match: Event 160305425, Lines 2
Match: Event 160307196, Lines 3
Match: Event 160307757, Lines 2
Match: Event 160309092, Lines 2
Match: Event 160311628, Lines 2
Match: Event 160312168, Lines 2
Match: Event 160312247, Lines 2
[31%] 	 9,861/31,808 	 04:34:46
Match: Event 160315538, Lines 2
Match: Event 160316877, Lines 2
Match: Event 160318197, Lines 2
Match: Event 160319857, Lines 2
Match: Event 160320139, Lines 2
Match: Event 160320192, Lines 2
Match: Event 160320453, Lines 2
Match: Event 160320531, Lines 2
Match: Event 160322737, Lines 2
Match: Event 160323465, Lines 2
Match: Event 160323578, Lines 2
Match: Event 160323828, Lines 2
Match: Event 160324067, Lines 2
Match: Event 160324519, Lines 2
[32%] 	 10,179/31,808 	 04:43:25
Match: Event 160325338, Lines 2
Match: Event 160327731, Lines 2
Match: Event 160327961, Lines 2
Match: Event 160329057, Lines 2
Match: Event 160329074, Lines 2
Match: Event 160329890, Lines 2
Match: Event 160330497, Lines 2
Match: Event 160333347, Lines 2
Match: Event 160333648, Lines 2
Match: Event 160334598, Lines 2
Match: Event 160334772, Lines 2
[33%] 	 10,497/31,808 	 04:52:44
Match: Event 160336604, Lines 2
Match: Event 160337983, Lines 2
Match: Event 160338038, Lines 2
Match: Event 160338106, Lines 2
Match: Event 160338641, Lines 2
Match: Event 160339822, Lines 2
Match: Event 160341205, Lines 2
Match: Event 160341580, Lines 2
Match: Event 160342040, Lines 2
Match: Event 160343904, Lines 2
Match: Event 160344408, Lines 2
Match: Event 160344518, Lines 3
Match: Event 160344914, Lines 2
Match: Event 160345923, Lines 2
[34%] 	 10,815/31,808 	 05:02:35
Match: Event 160347012, Lines 2
Match: Event 160348391, Lines 2
Match: Event 160349057, Lines 2
Match: Event 160349085, Lines 2
Match: Event 160349888, Lines 2
Match: Event 160350017, Lines 2
Match: Event 160350074, Lines 2
Match: Event 160350320, Lines 2
Match: Event 160350380, Lines 2
Match: Event 160350427, Lines 2
Match: Event 160350705, Lines 2
Match: Event 160351469, Lines 2
Match: Event 160351820, Lines 2
Match: Event 160352543, Lines 2
Match: Event 160353443, Lines 2
Match: Event 160354924, Lines 2
Match: Event 160354940, Lines 2
Match: Event 160355473, Lines 2
Match: Event 160355510, Lines 3
Match: Event 160355952, Lines 2
[35%] 	 11,133/31,808 	 05:13:32
Match: Event 160357767, Lines 2
Match: Event 160357946, Lines 2
Match: Event 160359212, Lines 2
Match: Event 160359868, Lines 2
Match: Event 160360498, Lines 3
Match: Event 160360862, Lines 2
Match: Event 160363014, Lines 2
Match: Event 160363251, Lines 2
Match: Event 160364452, Lines 2
Match: Event 160365799, Lines 2
[36%] 	 11,451/31,808 	 05:23:23
Match: Event 160366754, Lines 2
Match: Event 160368345, Lines 2
Match: Event 160368505, Lines 2
Match: Event 160368545, Lines 2
Match: Event 160368582, Lines 2
Match: Event 160368724, Lines 2
Match: Event 160368849, Lines 2
Match: Event 160369326, Lines 2
Match: Event 160369728, Lines 2
Match: Event 160369784, Lines 2
Match: Event 160369982, Lines 2
Match: Event 160371052, Lines 2
Match: Event 160371954, Lines 2
Match: Event 160372532, Lines 2
Match: Event 160373046, Lines 2
Match: Event 160373266, Lines 2
Match: Event 160373450, Lines 2
Match: Event 160374587, Lines 2
Match: Event 160375532, Lines 2
Match: Event 160375656, Lines 2
[37%] 	 11,769/31,808 	 05:32:50
Match: Event 160379037, Lines 2
Match: Event 160379049, Lines 2
Match: Event 160379172, Lines 2
Match: Event 160379669, Lines 2
Match: Event 160380645, Lines 2
Match: Event 160381949, Lines 2
Match: Event 160382393, Lines 2
Match: Event 160384146, Lines 2
Match: Event 160385876, Lines 2
[38%] 	 12,088/31,808 	 05:40:57
Match: Event 160386522, Lines 2
Match: Event 160386707, Lines 2
Match: Event 160386710, Lines 2
Match: Event 160387427, Lines 2
Match: Event 160388176, Lines 2
Match: Event 160388177, Lines 2
Match: Event 160388271, Lines 2
Match: Event 160388553, Lines 2
Match: Event 160389765, Lines 2
Match: Event 160391811, Lines 2
Match: Event 160392372, Lines 2
Match: Event 160392417, Lines 3
Match: Event 160392929, Lines 2
Match: Event 160393679, Lines 2
Match: Event 160394616, Lines 3
Match: Event 160395205, Lines 2
Match: Event 160395280, Lines 2
Match: Event 160395535, Lines 2
[39%] 	 12,406/31,808 	 05:49:17
Match: Event 160396085, Lines 2
Match: Event 160396501, Lines 2
Match: Event 160396873, Lines 2
Match: Event 160397611, Lines 2
Match: Event 160397984, Lines 2
Match: Event 160398334, Lines 2
Match: Event 160398590, Lines 2
Match: Event 160399488, Lines 2
Match: Event 160399896, Lines 2
Match: Event 160400971, Lines 2
Match: Event 160401214, Lines 2
Match: Event 160402193, Lines 2
Match: Event 160402383, Lines 2
Match: Event 160403271, Lines 2
Match: Event 160403437, Lines 2
Match: Event 160403500, Lines 2
Match: Event 160404473, Lines 3
[40%] 	 12,724/31,808 	 05:58:28
Match: Event 160405721, Lines 2
Match: Event 160406472, Lines 2
Match: Event 160407061, Lines 2
Match: Event 160408566, Lines 2
Match: Event 160408880, Lines 2
Match: Event 160408977, Lines 2
Match: Event 160412096, Lines 2
Match: Event 160412142, Lines 2
Match: Event 160412372, Lines 3
Match: Event 160412383, Lines 2
Match: Event 160412510, Lines 2
Match: Event 160413797, Lines 2
Match: Event 160414392, Lines 2
Match: Event 160415197, Lines 2
Match: Event 160415315, Lines 2
[41%] 	 13,042/31,808 	 06:07:29
Match: Event 160415816, Lines 2
Match: Event 160416545, Lines 2
Match: Event 160417715, Lines 2
Match: Event 160418994, Lines 2
Match: Event 160419217, Lines 2
Match: Event 160419479, Lines 2
Match: Event 160419940, Lines 2
Match: Event 160420473, Lines 2
Match: Event 160422387, Lines 2
Match: Event 160423260, Lines 3
Match: Event 160423672, Lines 2
Match: Event 160424009, Lines 2
Match: Event 160424820, Lines 2
Match: Event 160425463, Lines 2
[42%] 	 13,360/31,808 	 06:16:30
Match: Event 160425820, Lines 2
Match: Event 160425852, Lines 2
Match: Event 160427228, Lines 2
Match: Event 160428465, Lines 2
Match: Event 160428509, Lines 2
Match: Event 160429074, Lines 2
Match: Event 160430335, Lines 2
Match: Event 160430475, Lines 2
Match: Event 160430518, Lines 2
Match: Event 160431069, Lines 2
Match: Event 160431188, Lines 2
Match: Event 160431325, Lines 2
Match: Event 160431542, Lines 2
Match: Event 160431606, Lines 2
Match: Event 160433044, Lines 2
Match: Event 160433146, Lines 2
Match: Event 160433170, Lines 2
Match: Event 160433183, Lines 2
Match: Event 160433645, Lines 2
Match: Event 160433728, Lines 2
Match: Event 160434224, Lines 2
Match: Event 160434508, Lines 2
[43%] 	 13,678/31,808 	 06:27:01
Match: Event 160435882, Lines 2
Match: Event 160437526, Lines 2
Match: Event 160438976, Lines 2
Match: Event 160439159, Lines 2
Match: Event 160440144, Lines 2
Match: Event 160440711, Lines 2
Match: Event 160440734, Lines 2
Match: Event 160441078, Lines 2
Match: Event 160442075, Lines 2
Match: Event 160442214, Lines 2
Match: Event 160443355, Lines 2
Match: Event 160443961, Lines 3
Match: Event 160444006, Lines 2
Match: Event 160444660, Lines 2
[44%] 	 13,996/31,808 	 06:36:04
Match: Event 160445399, Lines 2
Match: Event 160445408, Lines 2
Match: Event 160445438, Lines 2
Match: Event 160446228, Lines 2
Match: Event 160446788, Lines 2
Match: Event 160450624, Lines 2
Match: Event 160451179, Lines 2
Match: Event 160451714, Lines 2
Match: Event 160452160, Lines 2
Match: Event 160452704, Lines 2
Match: Event 160453308, Lines 2
Match: Event 160453747, Lines 2
Match: Event 160453962, Lines 2
Match: Event 160454617, Lines 2
Match: Event 160454743, Lines 2
[45%] 	 14,314/31,808 	 06:46:05
Match: Event 160455811, Lines 2
Match: Event 160455946, Lines 2
Match: Event 160456718, Lines 2
Match: Event 160457023, Lines 2
Match: Event 160457462, Lines 2
Match: Event 160457551, Lines 2
Match: Event 160457806, Lines 2
Match: Event 160458581, Lines 2
Match: Event 160458807, Lines 2
Match: Event 160458873, Lines 2
Match: Event 160459048, Lines 2
Match: Event 160459905, Lines 2
Match: Event 160460037, Lines 2
Match: Event 160460711, Lines 2
Match: Event 160461871, Lines 2
Match: Event 160462046, Lines 2
Match: Event 160462475, Lines 2
Match: Event 160462879, Lines 2
Match: Event 160463162, Lines 2
Match: Event 160463247, Lines 2
[46%] 	 14,632/31,808 	 06:56:36
Match: Event 160464160, Lines 2
Match: Event 160464978, Lines 2
Match: Event 160465333, Lines 2
Match: Event 160465339, Lines 2
Match: Event 160465517, Lines 2
Match: Event 160466744, Lines 2
Match: Event 160467076, Lines 2
Match: Event 160468196, Lines 2
Match: Event 160468668, Lines 2
Match: Event 160470213, Lines 2
Match: Event 160470514, Lines 2
Match: Event 160470833, Lines 2
Match: Event 160471484, Lines 2
Match: Event 160471740, Lines 2
Match: Event 160471909, Lines 2
Match: Event 160472264, Lines 2
[47%] 	 14,950/31,808 	 07:07:17
Match: Event 160473257, Lines 2
Match: Event 160473281, Lines 2
Match: Event 160473587, Lines 3
Match: Event 160474155, Lines 2
Match: Event 160474295, Lines 3
Match: Event 160474582, Lines 2
Match: Event 160475762, Lines 2
Match: Event 160475805, Lines 2
Match: Event 160476829, Lines 2
Match: Event 160477006, Lines 2
Match: Event 160477630, Lines 2
Match: Event 160478194, Lines 3
Match: Event 160480731, Lines 2
Match: Event 160480804, Lines 2
Match: Event 160482017, Lines 2
Match: Event 160482330, Lines 2
Match: Event 160482415, Lines 2
[48%] 	 15,268/31,808 	 07:15:49
Match: Event 160483209, Lines 2
Match: Event 160483572, Lines 3
Match: Event 160483861, Lines 2
Match: Event 160484403, Lines 2
Match: Event 160486084, Lines 2
Match: Event 160486227, Lines 2
Match: Event 160486757, Lines 2
Match: Event 160487149, Lines 2
Match: Event 160487597, Lines 2
Match: Event 160487807, Lines 3
Match: Event 160488489, Lines 2
Match: Event 160488662, Lines 2
Match: Event 160488859, Lines 2
Match: Event 160490257, Lines 2
Match: Event 160490504, Lines 2
[49%] 	 15,586/31,808 	 07:24:29
Match: Event 160493638, Lines 3
Match: Event 160494176, Lines 2
Match: Event 160495055, Lines 2
Match: Event 160495134, Lines 2
Match: Event 160495197, Lines 3
Match: Event 160495465, Lines 2
Match: Event 160495518, Lines 2
Match: Event 160496255, Lines 2
Match: Event 160496512, Lines 2
Match: Event 160496555, Lines 2
Match: Event 160497265, Lines 2
Match: Event 160498062, Lines 2
Match: Event 160499317, Lines 2
Match: Event 160499614, Lines 2
Match: Event 160501300, Lines 2
Match: Event 160502288, Lines 2
Match: Event 160502715, Lines 3
Match: Event 160502811, Lines 2
[50%] 	 15,904/31,808 	 07:34:52
Match: Event 160503816, Lines 2
Match: Event 160503903, Lines 2
Match: Event 160505029, Lines 2
Match: Event 160505742, Lines 2
Match: Event 160506485, Lines 2
Match: Event 160506604, Lines 2
Match: Event 160506735, Lines 3
Match: Event 160507035, Lines 3
Match: Event 160508109, Lines 2
Match: Event 160508192, Lines 2
Match: Event 160508221, Lines 2
Match: Event 160508519, Lines 2
Match: Event 160509192, Lines 2
Match: Event 160510111, Lines 2
Match: Event 160510355, Lines 2
Match: Event 160510470, Lines 2
Match: Event 160511883, Lines 2
Match: Event 160511958, Lines 2
Match: Event 160511984, Lines 2
[51%] 	 16,223/31,808 	 07:45:05
Match: Event 160512196, Lines 2
Match: Event 160512502, Lines 2
Match: Event 160512508, Lines 2
Match: Event 160513016, Lines 2
Match: Event 160513350, Lines 2
Match: Event 160513519, Lines 2
Match: Event 160514235, Lines 2
Match: Event 160514988, Lines 2
Match: Event 160515293, Lines 2
Match: Event 160515476, Lines 2
Match: Event 160517100, Lines 2
Match: Event 160517504, Lines 2
Match: Event 160517947, Lines 2
Match: Event 160518087, Lines 2
Match: Event 160519236, Lines 2
Match: Event 160519466, Lines 2
Match: Event 160519481, Lines 2
Match: Event 160519495, Lines 2
Match: Event 160519625, Lines 2
Match: Event 160520752, Lines 2
[52%] 	 16,541/31,808 	 07:53:44
Match: Event 160521414, Lines 2
Match: Event 160522253, Lines 2
Match: Event 160523545, Lines 2
Match: Event 160523912, Lines 3
Match: Event 160524480, Lines 2
Match: Event 160524695, Lines 2
Match: Event 160525246, Lines 2
Match: Event 160526489, Lines 2
Match: Event 160526667, Lines 3
Match: Event 160526849, Lines 2
Match: Event 160529364, Lines 2
Match: Event 160530727, Lines 2
[53%] 	 16,859/31,808 	 08:01:47
Match: Event 160531984, Lines 2
Match: Event 160532832, Lines 2
Match: Event 160533141, Lines 2
Match: Event 160533979, Lines 2
Match: Event 160534793, Lines 2
Match: Event 160535661, Lines 2
Match: Event 160538380, Lines 2
Match: Event 160539393, Lines 2
Match: Event 160540412, Lines 2
Match: Event 160540835, Lines 2
Match: Event 160541131, Lines 2
[54%] 	 17,177/31,808 	 08:10:02
Match: Event 160544160, Lines 2
Match: Event 160544223, Lines 2
Match: Event 160545048, Lines 2
Match: Event 160545881, Lines 2
Match: Event 160547263, Lines 2
Match: Event 160547607, Lines 2
Match: Event 160548416, Lines 2
Match: Event 160550782, Lines 2
Match: Event 160550957, Lines 2
Match: Event 160550973, Lines 2
[55%] 	 17,495/31,808 	 08:18:27
Match: Event 160554181, Lines 2
Match: Event 160554318, Lines 2
Match: Event 160555509, Lines 2
Match: Event 160557410, Lines 2
Match: Event 160557651, Lines 2
Match: Event 160559133, Lines 2
Match: Event 160559940, Lines 2
Match: Event 160561029, Lines 2
Match: Event 160561646, Lines 3
Match: Event 160561667, Lines 2
[56%] 	 17,813/31,808 	 08:26:43
Match: Event 160562914, Lines 2
Match: Event 160563400, Lines 2
Match: Event 160563911, Lines 2
Match: Event 160565183, Lines 2
Match: Event 160565421, Lines 2
Match: Event 160565805, Lines 2
Match: Event 160568359, Lines 2
Match: Event 160569326, Lines 2
Match: Event 160569731, Lines 2
Match: Event 160570464, Lines 2
Match: Event 160570761, Lines 2
Match: Event 160570988, Lines 2
[57%] 	 18,131/31,808 	 08:36:08
Match: Event 160571637, Lines 2
Match: Event 160573006, Lines 2
Match: Event 160574011, Lines 2
Match: Event 160574730, Lines 2
Match: Event 160574763, Lines 2
Match: Event 160576929, Lines 2
Match: Event 160578049, Lines 2
Match: Event 160578763, Lines 2
Match: Event 160579384, Lines 2
Match: Event 160580155, Lines 2
Match: Event 160580622, Lines 2
Match: Event 160581341, Lines 2
Match: Event 160581395, Lines 2
[58%] 	 18,449/31,808 	 08:44:52
Match: Event 160581603, Lines 2
Match: Event 160581914, Lines 2
Match: Event 160582420, Lines 2
Match: Event 160583789, Lines 2
Match: Event 160588819, Lines 2
Match: Event 160588911, Lines 2
Match: Event 160588954, Lines 2
Match: Event 160588983, Lines 2
Match: Event 160589050, Lines 2
Match: Event 160589362, Lines 2
Match: Event 160589523, Lines 3
Match: Event 160590497, Lines 2
Match: Event 160591801, Lines 2
[59%] 	 18,767/31,808 	 08:53:36
Match: Event 160594078, Lines 2
Match: Event 160595221, Lines 2
Match: Event 160597426, Lines 2
Match: Event 160598037, Lines 2
Match: Event 160600389, Lines 2
Match: Event 160600464, Lines 2
Match: Event 160601451, Lines 2
[60%] 	 19,085/31,808 	 09:01:42
Match: Event 160602208, Lines 2
Match: Event 160602544, Lines 2
Match: Event 160603479, Lines 2
Match: Event 160603652, Lines 2
Match: Event 160603841, Lines 2
Match: Event 160604258, Lines 2
Match: Event 160604591, Lines 2
Match: Event 160605391, Lines 2
Match: Event 160605569, Lines 2
Match: Event 160606057, Lines 2
Match: Event 160606975, Lines 2
Match: Event 160607923, Lines 2
[61%] 	 19,403/31,808 	 09:10:24
Match: Event 160611452, Lines 3
Match: Event 160612713, Lines 2
Match: Event 160613143, Lines 2
Match: Event 160613403, Lines 2
Match: Event 160614151, Lines 2
Match: Event 160615754, Lines 2
Match: Event 160619590, Lines 2
Match: Event 160620213, Lines 2
Match: Event 160620256, Lines 2
Match: Event 160620288, Lines 2
Match: Event 160620595, Lines 2
Match: Event 160621103, Lines 3
[62%] 	 19,721/31,808 	 09:18:48
Match: Event 160621889, Lines 3
Match: Event 160622135, Lines 2
Match: Event 160622728, Lines 2
Match: Event 160622804, Lines 2
Match: Event 160622889, Lines 2
Match: Event 160623712, Lines 2
Match: Event 160625084, Lines 2
Match: Event 160625216, Lines 2
Match: Event 160626479, Lines 2
Match: Event 160628131, Lines 2
Match: Event 160629998, Lines 2
Match: Event 160630789, Lines 2
[63%] 	 20,040/31,808 	 09:27:27
Match: Event 160632117, Lines 2
Match: Event 160632635, Lines 2
Match: Event 160633737, Lines 2
Match: Event 160634250, Lines 2
Match: Event 160634351, Lines 2
Match: Event 160634401, Lines 2
Match: Event 160634599, Lines 2
Match: Event 160635641, Lines 2
Match: Event 160636072, Lines 2
Match: Event 160636832, Lines 2
Match: Event 160637049, Lines 2
Match: Event 160637143, Lines 2
Match: Event 160640116, Lines 2
Match: Event 160640464, Lines 2
Match: Event 160640720, Lines 2
[64%] 	 20,358/31,808 	 09:35:55
Match: Event 160642624, Lines 2
Match: Event 160642863, Lines 2
Match: Event 160643640, Lines 3
Match: Event 160643661, Lines 2
Match: Event 160644047, Lines 2
Match: Event 160644820, Lines 2
Match: Event 160645685, Lines 2
Match: Event 160645747, Lines 2
Match: Event 160646566, Lines 3
Match: Event 160646818, Lines 2
Match: Event 160647126, Lines 2
Match: Event 160647216, Lines 2
Match: Event 160647423, Lines 2
[65%] 	 20,676/31,808 	 09:45:16
Match: Event 160651750, Lines 2
Match: Event 160652567, Lines 2
Match: Event 160652597, Lines 2
Match: Event 160652603, Lines 2
Match: Event 160653120, Lines 2
Match: Event 160654004, Lines 2
Match: Event 160654494, Lines 2
Match: Event 160654736, Lines 2
Match: Event 160655081, Lines 2
Match: Event 160655352, Lines 2
Match: Event 160655663, Lines 2
Match: Event 160657601, Lines 2
Match: Event 160658197, Lines 2
Match: Event 160658337, Lines 2
Match: Event 160661091, Lines 2
Match: Event 160661217, Lines 2
Match: Event 160661530, Lines 2
[66%] 	 20,994/31,808 	 09:54:07
Match: Event 160662362, Lines 3
Match: Event 160662751, Lines 2
Match: Event 160663721, Lines 2
Match: Event 160664195, Lines 2
Match: Event 160666648, Lines 3
Match: Event 160666968, Lines 2
Match: Event 160666970, Lines 2
Match: Event 160666981, Lines 2
Match: Event 160667331, Lines 2
Match: Event 160668249, Lines 2
Match: Event 160669035, Lines 2
[67%] 	 21,312/31,808 	 10:03:17
Match: Event 160671503, Lines 2
Match: Event 160671531, Lines 3
Match: Event 160672729, Lines 2
Match: Event 160672892, Lines 2
Match: Event 160673943, Lines 2
Match: Event 160674296, Lines 2
Match: Event 160674482, Lines 2
Match: Event 160674784, Lines 2
Match: Event 160676449, Lines 2
Match: Event 160676453, Lines 2
Match: Event 160676533, Lines 2
Match: Event 160676814, Lines 2
Match: Event 160677449, Lines 2
Match: Event 160678760, Lines 2
Match: Event 160681133, Lines 2
Match: Event 160681614, Lines 2
[68%] 	 21,630/31,808 	 10:12:35
Match: Event 160682084, Lines 2
Match: Event 160682519, Lines 2
Match: Event 160682954, Lines 2
Match: Event 160682980, Lines 2
Match: Event 160683440, Lines 2
Match: Event 160683453, Lines 2
Match: Event 160683533, Lines 2
Match: Event 160684145, Lines 2
Match: Event 160685202, Lines 2
Match: Event 160686175, Lines 2
Match: Event 160686329, Lines 2
Match: Event 160687362, Lines 2
Match: Event 160687809, Lines 2
Match: Event 160688068, Lines 2
[69%] 	 21,948/31,808 	 10:21:18
Match: Event 160693133, Lines 2
Match: Event 160693220, Lines 2
Match: Event 160693232, Lines 2
Match: Event 160693349, Lines 2
Match: Event 160693909, Lines 2
Match: Event 160695286, Lines 2
Match: Event 160696979, Lines 2
Match: Event 160697287, Lines 2
Match: Event 160697913, Lines 2
Match: Event 160698052, Lines 2
Match: Event 160699319, Lines 2
Match: Event 160699638, Lines 2
Match: Event 160699711, Lines 2
Match: Event 160700462, Lines 2
Match: Event 160700885, Lines 2
Match: Event 160701203, Lines 2
Match: Event 160701305, Lines 2
[70%] 	 22,266/31,808 	 10:29:43
Match: Event 160703256, Lines 2
Match: Event 160704096, Lines 2
Match: Event 160704136, Lines 2
Match: Event 160704307, Lines 2
Match: Event 160704607, Lines 2
Match: Event 160704707, Lines 2
Match: Event 160706182, Lines 2
Match: Event 160707200, Lines 2
Match: Event 160707370, Lines 2
Match: Event 160707663, Lines 2
Match: Event 160708667, Lines 2
Match: Event 160709197, Lines 3
Match: Event 160710043, Lines 2
Match: Event 160710269, Lines 2
Match: Event 160710787, Lines 2
Match: Event 160711422, Lines 2
Match: Event 160711664, Lines 2
[71%] 	 22,584/31,808 	 10:38:21
Match: Event 160712278, Lines 2
Match: Event 160713470, Lines 2
Match: Event 160713525, Lines 2
Match: Event 160713633, Lines 2
Match: Event 160714184, Lines 2
Match: Event 160714196, Lines 3
Match: Event 160714966, Lines 2
Match: Event 160715169, Lines 2
Match: Event 160715455, Lines 2
Match: Event 160715465, Lines 2
Match: Event 160716127, Lines 2
Match: Event 160717464, Lines 2
Match: Event 160718755, Lines 2
Match: Event 160719235, Lines 2
Match: Event 160720581, Lines 2
Match: Event 160721501, Lines 2
Match: Event 160721578, Lines 2
[72%] 	 22,902/31,808 	 10:46:56
Match: Event 160724318, Lines 2
Match: Event 160724539, Lines 2
Match: Event 160724556, Lines 2
Match: Event 160724807, Lines 2
Match: Event 160725046, Lines 2
Match: Event 160727009, Lines 2
Match: Event 160727253, Lines 3
Match: Event 160728559, Lines 2
Match: Event 160728591, Lines 2
Match: Event 160729829, Lines 2
Match: Event 160730214, Lines 2
[73%] 	 23,220/31,808 	 10:55:39
Match: Event 160732323, Lines 2
Match: Event 160733995, Lines 2
Match: Event 160734436, Lines 2
Match: Event 160734660, Lines 2
Match: Event 160734688, Lines 2
Match: Event 160735612, Lines 2
Match: Event 160736641, Lines 2
Match: Event 160737367, Lines 3
Match: Event 160738284, Lines 2
Match: Event 160738286, Lines 2
Match: Event 160738537, Lines 2
Match: Event 160739478, Lines 2
Match: Event 160740336, Lines 2
Match: Event 160741352, Lines 2
Match: Event 160741652, Lines 2
Match: Event 160741736, Lines 2
[74%] 	 23,538/31,808 	 11:04:25
Match: Event 160742786, Lines 2
Match: Event 160743107, Lines 2
Match: Event 160743192, Lines 3
Match: Event 160743773, Lines 2
Match: Event 160744939, Lines 2
Match: Event 160745111, Lines 2
Match: Event 160745460, Lines 2
Match: Event 160745519, Lines 2
Match: Event 160745891, Lines 2
Match: Event 160746365, Lines 2
Match: Event 160746689, Lines 2
Match: Event 160746830, Lines 2
Match: Event 160748066, Lines 2
Match: Event 160748466, Lines 2
Match: Event 160750217, Lines 2
Match: Event 160750286, Lines 2
Match: Event 160750448, Lines 2
Match: Event 160750548, Lines 2
[75%] 	 23,856/31,808 	 11:12:58
Match: Event 160751883, Lines 2
Match: Event 160752453, Lines 2
Match: Event 160752927, Lines 2
Match: Event 160753594, Lines 2
Match: Event 160754259, Lines 2
Match: Event 160755348, Lines 2
Match: Event 160756030, Lines 2
Match: Event 160756344, Lines 2
Match: Event 160756409, Lines 2
Match: Event 160756937, Lines 2
Match: Event 160757061, Lines 2
Match: Event 160757750, Lines 2
Match: Event 160757851, Lines 3
Match: Event 160758319, Lines 2
Match: Event 160758558, Lines 2
Match: Event 160759425, Lines 2
[76%] 	 24,175/31,808 	 11:22:00
Match: Event 160760668, Lines 2
Match: Event 160760949, Lines 2
Match: Event 160762286, Lines 3
Match: Event 160762367, Lines 2
Match: Event 160762806, Lines 2
Match: Event 160763098, Lines 2
Match: Event 160763943, Lines 2
Match: Event 160764887, Lines 2
Match: Event 160765607, Lines 2
Match: Event 160766402, Lines 2
Match: Event 160767205, Lines 2
Match: Event 160767833, Lines 2
Match: Event 160768312, Lines 2
Match: Event 160768652, Lines 2
Match: Event 160768681, Lines 3
[77%] 	 24,493/31,808 	 11:30:41
Match: Event 160771571, Lines 2
Match: Event 160772228, Lines 2
Match: Event 160772693, Lines 2
Match: Event 160774246, Lines 2
Match: Event 160774763, Lines 2
Match: Event 160775568, Lines 2
Match: Event 160776843, Lines 2
Match: Event 160778098, Lines 2
Match: Event 160778296, Lines 2
Match: Event 160779293, Lines 2
[78%] 	 24,811/31,808 	 11:39:48
Match: Event 160780547, Lines 2
Match: Event 160780633, Lines 2
Match: Event 160781827, Lines 2
Match: Event 160782848, Lines 2
Match: Event 160782878, Lines 2
Match: Event 160783550, Lines 2
Match: Event 160784704, Lines 2
Match: Event 160786445, Lines 2
Match: Event 160786544, Lines 2
Match: Event 160787833, Lines 2
[79%] 	 25,129/31,808 	 11:48:01
Match: Event 160790125, Lines 3
Match: Event 160792169, Lines 2
Match: Event 160792185, Lines 3
Match: Event 160793048, Lines 2
Match: Event 160794456, Lines 2
Match: Event 160795242, Lines 2
Match: Event 160795689, Lines 2
Match: Event 160796129, Lines 3
Match: Event 160796474, Lines 2
Match: Event 160796508, Lines 2
Match: Event 160796975, Lines 2
Match: Event 160797607, Lines 2
Match: Event 160797874, Lines 2
Match: Event 160797944, Lines 2
Match: Event 160798612, Lines 2
[80%] 	 25,447/31,808 	 11:56:52
Match: Event 160801959, Lines 2
Match: Event 160802022, Lines 2
Match: Event 160802279, Lines 2
Match: Event 160802338, Lines 2
Match: Event 160802459, Lines 3
Match: Event 160803263, Lines 3
Match: Event 160803526, Lines 2
Match: Event 160803546, Lines 2
Match: Event 160804511, Lines 2
Match: Event 160804669, Lines 3
Match: Event 160804709, Lines 2
Match: Event 160804914, Lines 2
Match: Event 160805005, Lines 2
Match: Event 160805298, Lines 2
Match: Event 160805388, Lines 2
Match: Event 160807280, Lines 2
Match: Event 160808181, Lines 2
Match: Event 160808251, Lines 2
Match: Event 160809452, Lines 2
[81%] 	 25,765/31,808 	 12:05:52
Match: Event 160809979, Lines 2
Match: Event 160810834, Lines 2
Match: Event 160811096, Lines 2
Match: Event 160811165, Lines 2
Match: Event 160811198, Lines 2
Match: Event 160811375, Lines 2
Match: Event 160811934, Lines 2
Match: Event 160812079, Lines 2
Match: Event 160813387, Lines 2
Match: Event 160813467, Lines 2
Match: Event 160814413, Lines 2
Match: Event 160815051, Lines 2
Match: Event 160816558, Lines 2
Match: Event 160817439, Lines 2
Match: Event 160817902, Lines 2
Match: Event 160817998, Lines 2
Match: Event 160818487, Lines 2
Match: Event 160818534, Lines 2
Match: Event 160819654, Lines 2
[82%] 	 26,083/31,808 	 12:14:17
Match: Event 160820992, Lines 2
Match: Event 160821111, Lines 2
Match: Event 160822079, Lines 2
Match: Event 160822848, Lines 2
Match: Event 160823143, Lines 2
Match: Event 160824496, Lines 2
Match: Event 160824901, Lines 2
Match: Event 160825346, Lines 2
Match: Event 160826181, Lines 2
Match: Event 160827097, Lines 2
Match: Event 160827290, Lines 2
Match: Event 160827413, Lines 2
Match: Event 160828286, Lines 2
Match: Event 160828889, Lines 2
Match: Event 160829017, Lines 2
Match: Event 160829251, Lines 2
Match: Event 160829613, Lines 2
Match: Event 160830065, Lines 2
[83%] 	 26,401/31,808 	 12:21:56
Match: Event 160832652, Lines 2
Match: Event 160833151, Lines 2
Match: Event 160833261, Lines 2
Match: Event 160833521, Lines 2
Match: Event 160834653, Lines 2
Match: Event 160836736, Lines 2
Match: Event 160837914, Lines 2
Match: Event 160837928, Lines 2
[84%] 	 26,719/31,808 	 12:29:41
Match: Event 160841950, Lines 2
Match: Event 160843427, Lines 2
Match: Event 160844890, Lines 2
Match: Event 160844924, Lines 2
Match: Event 160844960, Lines 2
Match: Event 160845924, Lines 2
Match: Event 160848700, Lines 2
[85%] 	 27,037/31,808 	 12:37:24
Match: Event 160849713, Lines 2
Match: Event 160850571, Lines 2
Match: Event 160850951, Lines 2
Match: Event 160851055, Lines 2
Match: Event 160853561, Lines 2
Match: Event 160853772, Lines 2
Match: Event 160854235, Lines 2
Match: Event 160854276, Lines 2
Match: Event 160854816, Lines 2
Match: Event 160855207, Lines 2
Match: Event 160855285, Lines 2
Match: Event 160855730, Lines 2
Match: Event 160856105, Lines 2
Match: Event 160856218, Lines 2
Match: Event 160856596, Lines 2
Match: Event 160856867, Lines 2
Match: Event 160858002, Lines 2
Match: Event 160858546, Lines 2
[86%] 	 27,355/31,808 	 12:45:12
Match: Event 160859790, Lines 2
Match: Event 160860793, Lines 2
Match: Event 160861606, Lines 2
Match: Event 160861999, Lines 3
Match: Event 160863368, Lines 2
Match: Event 160863432, Lines 2
Match: Event 160863455, Lines 2
Match: Event 160863874, Lines 2
Match: Event 160863896, Lines 2
Match: Event 160865143, Lines 3
Match: Event 160866333, Lines 2
Match: Event 160867069, Lines 2
Match: Event 160868686, Lines 2
Match: Event 160868895, Lines 2
[87%] 	 27,673/31,808 	 12:53:00
Match: Event 160869332, Lines 2
Match: Event 160869727, Lines 2
Match: Event 160869826, Lines 2
Match: Event 160869907, Lines 2
Match: Event 160871149, Lines 2
Match: Event 160872620, Lines 2
Match: Event 160872689, Lines 2
Match: Event 160873194, Lines 2
Match: Event 160873520, Lines 2
Match: Event 160874181, Lines 2
Match: Event 160875034, Lines 2
Match: Event 160875113, Lines 2
Match: Event 160875471, Lines 2
Match: Event 160876825, Lines 3
Match: Event 160877767, Lines 2
[88%] 	 27,992/31,808 	 13:01:00
Match: Event 160878869, Lines 2
Match: Event 160878967, Lines 3
Match: Event 160880135, Lines 2
Match: Event 160880653, Lines 2
Match: Event 160881069, Lines 2
Match: Event 160881872, Lines 2
Match: Event 160881875, Lines 2
Match: Event 160882083, Lines 2
Match: Event 160882593, Lines 2
Match: Event 160882885, Lines 2
Match: Event 160882965, Lines 3
Match: Event 160883025, Lines 2
Match: Event 160883085, Lines 2
Match: Event 160883394, Lines 2
Match: Event 160883958, Lines 2
Match: Event 160884151, Lines 2
Match: Event 160885037, Lines 2
Match: Event 160886770, Lines 2
Match: Event 160886852, Lines 2
Match: Event 160886875, Lines 2
Match: Event 160886922, Lines 2
Match: Event 160887845, Lines 2
[89%] 	 28,310/31,808 	 13:09:04
Match: Event 160891080, Lines 3
Match: Event 160891198, Lines 2
Match: Event 160891323, Lines 2
Match: Event 160891981, Lines 2
Match: Event 160892072, Lines 2
Match: Event 160893003, Lines 2
Match: Event 160893175, Lines 2
Match: Event 160893654, Lines 2
Match: Event 160893779, Lines 2
Match: Event 160894129, Lines 2
Match: Event 160894244, Lines 2
Match: Event 160894574, Lines 2
Match: Event 160894768, Lines 2
Match: Event 160894804, Lines 2
Match: Event 160896255, Lines 2
Match: Event 160896486, Lines 2
Match: Event 160897502, Lines 2
Match: Event 160897522, Lines 2
Match: Event 160898212, Lines 2
Match: Event 160898686, Lines 2
[90%] 	 28,628/31,808 	 13:16:46
Match: Event 160899562, Lines 2
Match: Event 160900391, Lines 2
Match: Event 160900468, Lines 2
Match: Event 160900842, Lines 2
Match: Event 160902400, Lines 2
Match: Event 160902482, Lines 2
Match: Event 160902525, Lines 2
Match: Event 160902724, Lines 2
Match: Event 160904490, Lines 2
Match: Event 160904520, Lines 2
Match: Event 160904566, Lines 2
Match: Event 160905335, Lines 2
Match: Event 160905743, Lines 2
Match: Event 160905832, Lines 2
Match: Event 160905943, Lines 2
Match: Event 160906666, Lines 2
Match: Event 160907934, Lines 2
Match: Event 160908593, Lines 2
Match: Event 160908648, Lines 2
[91%] 	 28,946/31,808 	 13:24:41
Match: Event 160909360, Lines 2
Match: Event 160910104, Lines 2
Match: Event 160910294, Lines 2
Match: Event 160911266, Lines 2
Match: Event 160911306, Lines 2
Match: Event 160911765, Lines 2
Match: Event 160912034, Lines 2
Match: Event 160913431, Lines 2
Match: Event 160913727, Lines 2
Match: Event 160914576, Lines 2
Match: Event 160916627, Lines 2
Match: Event 160919087, Lines 2
Match: Event 160919666, Lines 2
[92%] 	 29,264/31,808 	 13:32:53
Match: Event 160920852, Lines 2
Match: Event 160921152, Lines 2
Match: Event 160921334, Lines 2
Match: Event 160922693, Lines 2
Match: Event 160922761, Lines 2
Match: Event 160923468, Lines 2
Match: Event 160923789, Lines 2
Match: Event 160924224, Lines 2
Match: Event 160924815, Lines 2
Match: Event 160924990, Lines 2
Match: Event 160927152, Lines 2
Match: Event 160927268, Lines 2
Match: Event 160927439, Lines 2
Match: Event 160927967, Lines 2
Match: Event 160928374, Lines 2
Match: Event 160928557, Lines 2
Match: Event 160928630, Lines 2
Match: Event 160929598, Lines 2
[93%] 	 29,582/31,808 	 13:40:55
Match: Event 160930666, Lines 2
Match: Event 160930757, Lines 2
Match: Event 160930966, Lines 2
Match: Event 160931080, Lines 2
Match: Event 160933090, Lines 2
Match: Event 160933322, Lines 2
Match: Event 160933445, Lines 2
Match: Event 160933511, Lines 2
Match: Event 160934448, Lines 2
Match: Event 160935241, Lines 2
Match: Event 160935375, Lines 2
Match: Event 160936607, Lines 2
Match: Event 160937481, Lines 2
Match: Event 160939628, Lines 2
[94%] 	 29,900/31,808 	 13:48:46
Match: Event 160940519, Lines 2
Match: Event 160941543, Lines 2
Match: Event 160942140, Lines 2
Match: Event 160944226, Lines 2
Match: Event 160944408, Lines 2
Match: Event 160944419, Lines 2
Match: Event 160945398, Lines 2
Match: Event 160946164, Lines 2
Match: Event 160946649, Lines 2
Match: Event 160946888, Lines 2
Match: Event 160948156, Lines 2
Match: Event 160949374, Lines 2
Match: Event 160949582, Lines 2
Match: Event 160950781, Lines 2
[95%] 	 30,218/31,808 	 13:56:32
Match: Event 160951537, Lines 2
Match: Event 160951794, Lines 2
Match: Event 160952588, Lines 2
Match: Event 160953489, Lines 2
Match: Event 160953647, Lines 2
Match: Event 160953911, Lines 2
Match: Event 160955070, Lines 2
Match: Event 160955565, Lines 2
Match: Event 160955618, Lines 2
Match: Event 160956038, Lines 2
Match: Event 160956172, Lines 2
Match: Event 160956522, Lines 3
Match: Event 160956647, Lines 2
Match: Event 160958217, Lines 2
Match: Event 160958979, Lines 2
Match: Event 160959603, Lines 2
[96%] 	 30,536/31,808 	 14:04:11
Match: Event 160961199, Lines 2
Match: Event 160961564, Lines 2
Match: Event 160961572, Lines 2
Match: Event 160962186, Lines 2
Match: Event 160962674, Lines 3
Match: Event 160963228, Lines 2
Match: Event 160963450, Lines 2
Match: Event 160965779, Lines 2
Match: Event 160966176, Lines 3
Match: Event 160966651, Lines 2
[97%] 	 30,854/31,808 	 14:11:40
Match: Event 160969716, Lines 2
Match: Event 160969736, Lines 2
Match: Event 160970452, Lines 2
Match: Event 160971212, Lines 2
Match: Event 160972585, Lines 2
Match: Event 160975000, Lines 2
Match: Event 160976151, Lines 2
Match: Event 160977819, Lines 3
Match: Event 160979554, Lines 2
[98%] 	 31,172/31,808 	 14:19:10
Match: Event 160980230, Lines 2
Match: Event 160980956, Lines 2
Match: Event 160982634, Lines 2
Match: Event 160983138, Lines 2
Match: Event 160983360, Lines 2
Match: Event 160984420, Lines 2
Match: Event 160985990, Lines 2
Match: Event 160987705, Lines 3
Match: Event 160988849, Lines 2
Match: Event 160989613, Lines 2
[99%] 	 31,490/31,808 	 14:26:49
Match: Event 160990508, Lines 2
Match: Event 160990510, Lines 3
Match: Event 160991031, Lines 2
Match: Event 160991100, Lines 2
Match: Event 160991758, Lines 2
Match: Event 160992731, Lines 2
Match: Event 160993338, Lines 2
Match: Event 160994300, Lines 2
Match: Event 160994779, Lines 2
Match: Event 160994799, Lines 2
Match: Event 160994871, Lines 2
Match: Event 160994992, Lines 2
Match: Event 160995191, Lines 2
Match: Event 160995573, Lines 2
Match: Event 160995995, Lines 2
Match: Event 160996127, Lines 2
Match: Event 160996810, Lines 2
Match: Event 160996923, Lines 2
Match: Event 160996947, Lines 2
Match: Event 160997035, Lines 2
Match: Event 160997153, Lines 2
Match: Event 160997362, Lines 2
Match: Event 160997381, Lines 2
Match: Event 160998568, Lines 2
Match: Event 160999503, Lines 2
Finished in 52476.55s.
 ~ 5) DONE !
