search libraries in slc9_x86-64
 ~ 1) Base stack loaded.
 ~ Sleeping for 3 seconds to avoid AFS DDOS...
 ~ 2) Loading sndsw environment...
 ~ 3) SNDSW_ROOT is set to: /afs/cern.ch/user/i/idioniso/snd_master/sw-root6.28/rhel9_x86-64/sndsw/master-local1
 ~ 4) Executing tracking script...
[INFO] The input consists out of the following trees and files: 
[INFO]  - rawConv
[INFO]     - root://eoshome-i.cern.ch//eos/user/i/idioniso/tridents/initial_cuts/tridents_sndsw_raw-0249.root
[INFO] FairRootFileSink initialized.
[INFO]  - cbmout
[INFO]     - dummy
[INFO] Parameter and input file are available, Assure that basic info is there for the run!
[INFO] ---FairRootManager::SpecifyRunId --- 
[INFO] --- Initialize with RunId  --- 0

************************************************************* 
     initialisation for run id 0
************************************************************* 
-I- FairRunTimeDB::InitContainer() FairBaseParSet
-I- FairRunTimeDB::InitContainer() FairGeoParSet

************************************************************* 
     initialisation for run id 0
************************************************************* 
-I- FairRunTimeDB::InitContainer() FairBaseParSet
-I- FairRunTimeDB::InitContainer() FairGeoParSet
[INFO]  Branch: Reco_MuonTracks not found in Tree.
using geofile: root://eospublic.cern.ch//eos/experiment/sndlhc/convertedData/physics/2023/geofile_sndlhc_TI18_V3_2023.root
[0%] 	 0/31,645 	 00:00:08
[1%] 	 317/31,645 	 00:04:37
[2%] 	 633/31,645 	 00:09:10
[3%] 	 950/31,645 	 00:13:41
[4%] 	 1,266/31,645 	 00:18:19
Match: Event 249044848, Lines 2
[5%] 	 1,583/31,645 	 00:22:58
[6%] 	 1,899/31,645 	 00:27:22
[7%] 	 2,216/31,645 	 00:31:56
[8%] 	 2,532/31,645 	 00:36:37
[9%] 	 2,849/31,645 	 00:42:02
[10%] 	 3,165/31,645 	 00:48:25
[11%] 	 3,481/31,645 	 00:53:53
[12%] 	 3,798/31,645 	 00:59:43
Match: Event 249119595, Lines 2
Match: Event 249126304, Lines 2
[13%] 	 4,114/31,645 	 01:05:17
[14%] 	 4,431/31,645 	 01:11:24
[15%] 	 4,747/31,645 	 01:17:10
Match: Event 249159255, Lines 2
[16%] 	 5,064/31,645 	 01:23:03
[17%] 	 5,380/31,645 	 01:28:29
Match: Event 249176636, Lines 2
[18%] 	 5,697/31,645 	 01:34:21
[19%] 	 6,013/31,645 	 01:39:53
Match: Event 249197633, Lines 2
[20%] 	 6,329/31,645 	 01:45:46
Match: Event 249205874, Lines 2
Match: Event 249206803, Lines 2
[21%] 	 6,646/31,645 	 01:51:15
[22%] 	 6,962/31,645 	 01:56:11
Match: Event 249225797, Lines 2
[23%] 	 7,279/31,645 	 02:01:55
[24%] 	 7,595/31,645 	 02:07:46
Match: Event 249248814, Lines 2
[25%] 	 7,912/31,645 	 02:14:17
[26%] 	 8,228/31,645 	 02:19:51
[27%] 	 8,545/31,645 	 02:25:13
[28%] 	 8,861/31,645 	 02:30:43
[29%] 	 9,178/31,645 	 02:36:08
Match: Event 249296459, Lines 2
[30%] 	 9,494/31,645 	 02:42:30
[31%] 	 9,810/31,645 	 02:47:34
[32%] 	 10,127/31,645 	 02:52:51
[33%] 	 10,443/31,645 	 02:58:02
[34%] 	 10,760/31,645 	 03:03:47
[35%] 	 11,076/31,645 	 03:09:34
[36%] 	 11,393/31,645 	 03:15:23
Match: Event 249359689, Lines 2
Match: Event 249360165, Lines 2
[37%] 	 11,709/31,645 	 03:20:41
Match: Event 249375968, Lines 2
[38%] 	 12,026/31,645 	 03:26:14
[39%] 	 12,342/31,645 	 03:32:02
[40%] 	 12,658/31,645 	 03:37:36
[41%] 	 12,975/31,645 	 03:42:55
Match: Event 249412750, Lines 2
[42%] 	 13,291/31,645 	 03:48:13
[43%] 	 13,608/31,645 	 03:53:37
[44%] 	 13,924/31,645 	 03:59:10
Match: Event 249437665, Lines 2
[45%] 	 14,241/31,645 	 04:05:49
[46%] 	 14,557/31,645 	 04:10:58
[47%] 	 14,874/31,645 	 04:16:40
Match: Event 249469915, Lines 2
[48%] 	 15,190/31,645 	 04:22:05
[49%] 	 15,507/31,645 	 04:27:49
[50%] 	 15,823/31,645 	 04:34:08
[51%] 	 16,139/31,645 	 04:39:40
Match: Event 249506162, Lines 2
Match: Event 249510964, Lines 2
[52%] 	 16,456/31,645 	 04:45:07
[53%] 	 16,772/31,645 	 04:50:35
[54%] 	 17,089/31,645 	 04:56:12
[55%] 	 17,405/31,645 	 05:02:01
[56%] 	 17,722/31,645 	 05:08:34
[57%] 	 18,038/31,645 	 05:14:17
[58%] 	 18,355/31,645 	 05:19:27
[59%] 	 18,671/31,645 	 05:24:50
Match: Event 249586637, Lines 2
[60%] 	 18,987/31,645 	 05:30:23
Match: Event 249597177, Lines 3
Match: Event 249598396, Lines 2
[61%] 	 19,304/31,645 	 05:35:28
[62%] 	 19,620/31,645 	 05:40:37
[63%] 	 19,937/31,645 	 05:47:31
Match: Event 249624333, Lines 2
[64%] 	 20,253/31,645 	 05:53:15
[65%] 	 20,570/31,645 	 05:57:44
[66%] 	 20,886/31,645 	 06:02:22
[67%] 	 21,203/31,645 	 06:06:52
Match: Event 249664841, Lines 2
Match: Event 249668186, Lines 2
[68%] 	 21,519/31,645 	 06:11:36
[69%] 	 21,836/31,645 	 06:16:20
[70%] 	 22,152/31,645 	 06:21:24
[71%] 	 22,468/31,645 	 06:26:33
Match: Event 249713425, Lines 2
[72%] 	 22,785/31,645 	 06:31:17
[73%] 	 23,101/31,645 	 06:36:00
[74%] 	 23,418/31,645 	 06:40:49
[75%] 	 23,734/31,645 	 06:45:57
Match: Event 249749969, Lines 2
Match: Event 249754928, Lines 2
[76%] 	 24,051/31,645 	 06:50:45
[77%] 	 24,367/31,645 	 06:55:41
[78%] 	 24,684/31,645 	 07:00:21
[79%] 	 25,000/31,645 	 07:05:34
[80%] 	 25,316/31,645 	 07:10:25
[81%] 	 25,633/31,645 	 07:15:11
[82%] 	 25,949/31,645 	 07:19:42
[83%] 	 26,266/31,645 	 07:24:25
Match: Event 249831110, Lines 2
Match: Event 249833823, Lines 2
[84%] 	 26,582/31,645 	 07:29:00
[85%] 	 26,899/31,645 	 07:33:29
[86%] 	 27,215/31,645 	 07:38:13
[87%] 	 27,532/31,645 	 07:43:03
Match: Event 249872985, Lines 2
[88%] 	 27,848/31,645 	 07:47:59
[89%] 	 28,165/31,645 	 07:52:39
[90%] 	 28,481/31,645 	 07:57:39
[91%] 	 28,797/31,645 	 08:03:17
Match: Event 249912794, Lines 2
[92%] 	 29,114/31,645 	 08:08:06
[93%] 	 29,430/31,645 	 08:13:23
[94%] 	 29,747/31,645 	 08:18:20
[95%] 	 30,063/31,645 	 08:22:52
Match: Event 249950861, Lines 2
Match: Event 249954795, Lines 2
[96%] 	 30,380/31,645 	 08:27:42
Match: Event 249963298, Lines 2
[97%] 	 30,696/31,645 	 08:33:02
Match: Event 249975643, Lines 2
[98%] 	 31,013/31,645 	 08:38:05
[99%] 	 31,329/31,645 	 08:42:58
Match: Event 249998412, Lines 2
Finished in 31694.47s.
 ~ 5) DONE !
