search libraries in slc9_x86-64
 ~ 1) Base stack loaded.
 ~ Sleeping for 38 seconds to avoid AFS DDOS...
 ~ 2) Loading sndsw environment...
 ~ 3) SNDSW_ROOT is set to: /afs/cern.ch/user/i/idioniso/snd_master/sw-root6.28/rhel9_x86-64/sndsw/master-local1
 ~ 4) Executing tracking script...
[INFO] The input consists out of the following trees and files: 
[INFO]  - rawConv
[INFO]     - root://eoshome-i.cern.ch//eos/user/i/idioniso/tridents/initial_cuts/tridents_sndsw_raw-0096.root
[INFO] FairRootFileSink initialized.
[INFO]  - cbmout
[INFO]     - dummy
[INFO] Parameter and input file are available, Assure that basic info is there for the run!
[INFO] ---FairRootManager::SpecifyRunId --- 
[INFO] --- Initialize with RunId  --- 0

************************************************************* 
     initialisation for run id 0
************************************************************* 
-I- FairRunTimeDB::InitContainer() FairBaseParSet
-I- FairRunTimeDB::InitContainer() FairGeoParSet

************************************************************* 
     initialisation for run id 0
************************************************************* 
-I- FairRunTimeDB::InitContainer() FairBaseParSet
-I- FairRunTimeDB::InitContainer() FairGeoParSet
[INFO]  Branch: Reco_MuonTracks not found in Tree.
using geofile: root://eospublic.cern.ch//eos/experiment/sndlhc/convertedData/physics/2023/geofile_sndlhc_TI18_V3_2023.root
[0%] 	 0/32,102 	 00:00:07
Match: Event 96000136, Lines 2
Match: Event 96000972, Lines 2
Match: Event 96001490, Lines 2
Match: Event 96002281, Lines 2
Match: Event 96002502, Lines 2
Match: Event 96002604, Lines 2
Match: Event 96002654, Lines 2
Match: Event 96003624, Lines 2
Match: Event 96003817, Lines 2
Match: Event 96004128, Lines 2
Match: Event 96004213, Lines 2
Match: Event 96005554, Lines 2
Match: Event 96005582, Lines 2
Match: Event 96005845, Lines 2
Match: Event 96005989, Lines 2
Match: Event 96006107, Lines 2
Match: Event 96006205, Lines 2
Match: Event 96006974, Lines 2
Match: Event 96007158, Lines 2
Match: Event 96007324, Lines 2
Match: Event 96007518, Lines 3
Match: Event 96008552, Lines 3
Match: Event 96008687, Lines 2
Match: Event 96009198, Lines 2
[1%] 	 322/32,102 	 00:08:15
Match: Event 96010034, Lines 2
Match: Event 96011399, Lines 2
Match: Event 96012296, Lines 2
Match: Event 96012592, Lines 2
Match: Event 96012899, Lines 2
Match: Event 96012959, Lines 2
Match: Event 96013280, Lines 2
Match: Event 96015239, Lines 2
Match: Event 96016544, Lines 2
Match: Event 96016562, Lines 2
Match: Event 96016989, Lines 2
Match: Event 96017602, Lines 2
Match: Event 96018505, Lines 2
Match: Event 96018730, Lines 2
Match: Event 96019171, Lines 2
Match: Event 96019457, Lines 2
[2%] 	 643/32,102 	 00:16:34
Match: Event 96020013, Lines 2
Match: Event 96021244, Lines 2
Match: Event 96022036, Lines 2
Match: Event 96024768, Lines 2
Match: Event 96025067, Lines 3
Match: Event 96025478, Lines 2
Match: Event 96025758, Lines 2
Match: Event 96025973, Lines 2
Match: Event 96026328, Lines 2
Match: Event 96027779, Lines 2
Match: Event 96027824, Lines 2
Match: Event 96028424, Lines 2
Match: Event 96028569, Lines 2
Match: Event 96028571, Lines 2
Match: Event 96028881, Lines 2
Match: Event 96028891, Lines 2
[3%] 	 964/32,102 	 00:24:51
Match: Event 96031386, Lines 2
Match: Event 96032010, Lines 2
Match: Event 96032115, Lines 2
Match: Event 96032257, Lines 2
Match: Event 96033497, Lines 2
Match: Event 96035020, Lines 2
Match: Event 96036413, Lines 2
Match: Event 96036553, Lines 2
Match: Event 96036674, Lines 2
Match: Event 96036798, Lines 2
Match: Event 96037333, Lines 2
Match: Event 96037852, Lines 2
Match: Event 96037954, Lines 2
Match: Event 96038632, Lines 2
[4%] 	 1,285/32,102 	 00:32:47
Match: Event 96039946, Lines 2
Match: Event 96040587, Lines 2
Match: Event 96041209, Lines 2
Match: Event 96041283, Lines 2
Match: Event 96042739, Lines 2
Match: Event 96043136, Lines 2
Match: Event 96043183, Lines 2
Match: Event 96044010, Lines 2
Match: Event 96044880, Lines 2
Match: Event 96045435, Lines 2
Match: Event 96046064, Lines 2
Match: Event 96046305, Lines 2
Match: Event 96047337, Lines 2
Match: Event 96048071, Lines 2
[5%] 	 1,606/32,102 	 00:42:06
Match: Event 96049380, Lines 2
Match: Event 96049408, Lines 2
Match: Event 96049466, Lines 2
Match: Event 96054226, Lines 2
Match: Event 96054345, Lines 2
Match: Event 96055401, Lines 2
Match: Event 96055444, Lines 2
Match: Event 96055799, Lines 2
Match: Event 96055968, Lines 2
Match: Event 96057196, Lines 2
[6%] 	 1,927/32,102 	 00:51:33
Match: Event 96059374, Lines 2
Match: Event 96059582, Lines 2
Match: Event 96059716, Lines 2
Match: Event 96059859, Lines 2
Match: Event 96060840, Lines 2
Match: Event 96060892, Lines 2
Match: Event 96062413, Lines 2
Match: Event 96063929, Lines 2
Match: Event 96065462, Lines 2
Match: Event 96065684, Lines 2
Match: Event 96067123, Lines 2
Match: Event 96067319, Lines 2
Match: Event 96067372, Lines 2
[7%] 	 2,248/32,102 	 01:02:08
Match: Event 96069670, Lines 2
Match: Event 96070314, Lines 2
Match: Event 96070642, Lines 2
Match: Event 96071490, Lines 2
Match: Event 96072792, Lines 2
Match: Event 96072905, Lines 2
Match: Event 96073085, Lines 2
Match: Event 96073238, Lines 2
Match: Event 96073870, Lines 2
Match: Event 96074937, Lines 2
Match: Event 96075493, Lines 2
Match: Event 96077550, Lines 2
Match: Event 96078038, Lines 2
Match: Event 96078721, Lines 2
[8%] 	 2,569/32,102 	 01:10:49
Match: Event 96079320, Lines 2
Match: Event 96081008, Lines 2
Match: Event 96082633, Lines 2
Match: Event 96082674, Lines 2
Match: Event 96082953, Lines 2
Match: Event 96083394, Lines 2
Match: Event 96083980, Lines 2
Match: Event 96083987, Lines 2
Match: Event 96084577, Lines 2
Match: Event 96084636, Lines 2
Match: Event 96084799, Lines 3
Match: Event 96085473, Lines 2
Match: Event 96086538, Lines 2
Match: Event 96086714, Lines 2
Match: Event 96087265, Lines 2
Match: Event 96087820, Lines 2
Match: Event 96088420, Lines 2
Match: Event 96088806, Lines 2
Match: Event 96089005, Lines 2
Match: Event 96089110, Lines 2
[9%] 	 2,890/32,102 	 01:20:11
Match: Event 96090109, Lines 2
Match: Event 96090667, Lines 2
Match: Event 96092201, Lines 2
Match: Event 96092301, Lines 2
Match: Event 96092328, Lines 2
Match: Event 96092947, Lines 2
Match: Event 96093663, Lines 2
Match: Event 96096566, Lines 2
[10%] 	 3,211/32,102 	 01:32:51
Match: Event 96098356, Lines 2
Match: Event 96099007, Lines 2
Match: Event 96099696, Lines 2
Match: Event 96100118, Lines 2
Match: Event 96100871, Lines 2
Match: Event 96101564, Lines 2
Match: Event 96101697, Lines 2
Match: Event 96101881, Lines 2
Match: Event 96102495, Lines 2
Match: Event 96103880, Lines 2
Match: Event 96104455, Lines 2
Match: Event 96104900, Lines 2
Match: Event 96104928, Lines 2
Match: Event 96105201, Lines 2
Match: Event 96105212, Lines 2
Match: Event 96105441, Lines 2
Match: Event 96106034, Lines 2
Match: Event 96106431, Lines 2
Match: Event 96106628, Lines 2
Match: Event 96107986, Lines 2
[11%] 	 3,532/32,102 	 01:51:03
Match: Event 96108961, Lines 2
Match: Event 96109003, Lines 2
Match: Event 96109062, Lines 2
Match: Event 96109973, Lines 3
Match: Event 96111986, Lines 2
Match: Event 96114209, Lines 2
Match: Event 96115085, Lines 2
Match: Event 96116388, Lines 2
Match: Event 96117726, Lines 2
Match: Event 96118292, Lines 2
[12%] 	 3,853/32,102 	 01:59:01
Match: Event 96119378, Lines 3
Match: Event 96119972, Lines 2
Match: Event 96120026, Lines 2
Match: Event 96121808, Lines 2
Match: Event 96122045, Lines 2
Match: Event 96122651, Lines 2
Match: Event 96123703, Lines 2
Match: Event 96124905, Lines 2
Match: Event 96125635, Lines 2
Match: Event 96126242, Lines 2
Match: Event 96127651, Lines 2
Match: Event 96127864, Lines 2
[13%] 	 4,174/32,102 	 02:06:37
Match: Event 96127925, Lines 2
Match: Event 96130184, Lines 2
Match: Event 96130675, Lines 2
Match: Event 96131577, Lines 2
Match: Event 96132873, Lines 2
Match: Event 96133018, Lines 2
Match: Event 96134857, Lines 2
Match: Event 96137006, Lines 2
Match: Event 96137967, Lines 2
[14%] 	 4,495/32,102 	 02:14:05
Match: Event 96138445, Lines 2
Match: Event 96138595, Lines 2
Match: Event 96138759, Lines 2
Match: Event 96140843, Lines 2
Match: Event 96141035, Lines 2
Match: Event 96143725, Lines 2
Match: Event 96145261, Lines 2
Match: Event 96145871, Lines 2
Match: Event 96145979, Lines 2
Match: Event 96146470, Lines 2
Match: Event 96147713, Lines 2
Match: Event 96148376, Lines 2
[15%] 	 4,816/32,102 	 02:21:49
Match: Event 96148525, Lines 2
Match: Event 96148577, Lines 2
Match: Event 96148750, Lines 2
Match: Event 96148790, Lines 2
Match: Event 96149262, Lines 2
Match: Event 96151179, Lines 2
Match: Event 96151570, Lines 2
Match: Event 96152699, Lines 2
Match: Event 96153563, Lines 2
Match: Event 96153831, Lines 2
Match: Event 96154118, Lines 2
Match: Event 96154648, Lines 2
Match: Event 96154924, Lines 2
Match: Event 96154947, Lines 2
Match: Event 96156266, Lines 2
Match: Event 96156682, Lines 2
[16%] 	 5,137/32,102 	 02:29:33
Match: Event 96157810, Lines 2
Match: Event 96158323, Lines 2
Match: Event 96160457, Lines 2
Match: Event 96160794, Lines 2
Match: Event 96160872, Lines 2
Match: Event 96160878, Lines 2
Match: Event 96160898, Lines 2
Match: Event 96161274, Lines 2
Match: Event 96161785, Lines 2
Match: Event 96162436, Lines 2
Match: Event 96163706, Lines 2
Match: Event 96164480, Lines 3
Match: Event 96164992, Lines 2
Match: Event 96165825, Lines 2
Match: Event 96165973, Lines 2
[17%] 	 5,458/32,102 	 02:37:02
Match: Event 96169514, Lines 2
Match: Event 96169837, Lines 2
Match: Event 96170071, Lines 2
Match: Event 96171326, Lines 2
Match: Event 96172629, Lines 2
Match: Event 96173874, Lines 2
Match: Event 96174549, Lines 2
Match: Event 96175775, Lines 3
[18%] 	 5,779/32,102 	 02:44:27
Match: Event 96177842, Lines 2
Match: Event 96178486, Lines 2
Match: Event 96179168, Lines 2
Match: Event 96179390, Lines 2
Match: Event 96179628, Lines 2
Match: Event 96181190, Lines 2
Match: Event 96181626, Lines 2
Match: Event 96183128, Lines 2
Match: Event 96186085, Lines 2
Match: Event 96186156, Lines 2
Match: Event 96186322, Lines 2
Match: Event 96186665, Lines 2
Match: Event 96186736, Lines 2
Match: Event 96187121, Lines 2
[19%] 	 6,100/32,102 	 02:52:10
Match: Event 96188005, Lines 2
Match: Event 96188663, Lines 2
Match: Event 96188699, Lines 2
Match: Event 96190226, Lines 2
Match: Event 96192319, Lines 2
Match: Event 96192990, Lines 2
Match: Event 96193524, Lines 2
Match: Event 96195345, Lines 2
Match: Event 96197872, Lines 2
[20%] 	 6,421/32,102 	 02:59:49
Match: Event 96198508, Lines 2
Match: Event 96199290, Lines 2
Match: Event 96200420, Lines 2
Match: Event 96200883, Lines 2
Match: Event 96200972, Lines 2
Match: Event 96202775, Lines 2
Match: Event 96203381, Lines 3
Match: Event 96204398, Lines 2
Match: Event 96206067, Lines 3
Match: Event 96206729, Lines 2
[21%] 	 6,742/32,102 	 03:07:49
Match: Event 96209128, Lines 2
Match: Event 96209359, Lines 2
Match: Event 96209466, Lines 2
Match: Event 96209663, Lines 2
Match: Event 96210096, Lines 2
Match: Event 96210929, Lines 2
Match: Event 96211738, Lines 2
Match: Event 96212383, Lines 2
Match: Event 96213665, Lines 2
Match: Event 96214420, Lines 2
Match: Event 96214674, Lines 2
Match: Event 96215772, Lines 2
Match: Event 96215943, Lines 2
Match: Event 96217306, Lines 2
[22%] 	 7,063/32,102 	 03:15:28
Match: Event 96217602, Lines 3
Match: Event 96218079, Lines 2
Match: Event 96218451, Lines 2
Match: Event 96218785, Lines 2
Match: Event 96218967, Lines 2
Match: Event 96219003, Lines 2
Match: Event 96220062, Lines 2
Match: Event 96220637, Lines 2
Match: Event 96221945, Lines 2
Match: Event 96221957, Lines 2
Match: Event 96222003, Lines 2
Match: Event 96222391, Lines 2
Match: Event 96222914, Lines 2
Match: Event 96222933, Lines 2
Match: Event 96224003, Lines 2
Match: Event 96224847, Lines 2
Match: Event 96225097, Lines 3
Match: Event 96225202, Lines 2
Match: Event 96226350, Lines 2
Match: Event 96226607, Lines 2
Match: Event 96226752, Lines 2
[23%] 	 7,384/32,102 	 03:23:26
Match: Event 96228107, Lines 2
Match: Event 96228368, Lines 2
Match: Event 96229540, Lines 2
Match: Event 96230102, Lines 2
Match: Event 96230792, Lines 2
Match: Event 96231922, Lines 2
Match: Event 96232424, Lines 2
Match: Event 96232565, Lines 3
Match: Event 96232898, Lines 2
Match: Event 96235785, Lines 2
Match: Event 96236431, Lines 2
Match: Event 96237363, Lines 2
Match: Event 96238153, Lines 2
[24%] 	 7,705/32,102 	 03:30:44
Match: Event 96239482, Lines 2
Match: Event 96239712, Lines 2
Match: Event 96239783, Lines 2
Match: Event 96240320, Lines 2
Match: Event 96240774, Lines 2
Match: Event 96240786, Lines 2
Match: Event 96240799, Lines 2
Match: Event 96240862, Lines 2
Match: Event 96241493, Lines 2
Match: Event 96241835, Lines 2
Match: Event 96242127, Lines 2
Match: Event 96242202, Lines 3
Match: Event 96244649, Lines 2
Match: Event 96244710, Lines 2
Match: Event 96245085, Lines 2
Match: Event 96245302, Lines 2
Match: Event 96245331, Lines 2
Match: Event 96246653, Lines 2
Match: Event 96247620, Lines 2
Match: Event 96248274, Lines 2
Match: Event 96249214, Lines 2
[25%] 	 8,026/32,102 	 03:38:34
Match: Event 96250141, Lines 2
Match: Event 96250728, Lines 2
Match: Event 96253091, Lines 2
Match: Event 96254526, Lines 3
Match: Event 96254705, Lines 2
Match: Event 96255193, Lines 2
Match: Event 96255661, Lines 2
Match: Event 96255709, Lines 2
Match: Event 96256513, Lines 2
Match: Event 96257280, Lines 2
Match: Event 96257549, Lines 2
Match: Event 96258097, Lines 2
Match: Event 96258581, Lines 2
Match: Event 96259066, Lines 2
[26%] 	 8,347/32,102 	 03:45:55
Match: Event 96259894, Lines 2
Match: Event 96260481, Lines 2
Match: Event 96261382, Lines 2
Match: Event 96262766, Lines 2
Match: Event 96263050, Lines 2
Match: Event 96263075, Lines 3
Match: Event 96263669, Lines 2
Match: Event 96263798, Lines 2
Match: Event 96265305, Lines 2
Match: Event 96265659, Lines 3
Match: Event 96265731, Lines 2
Match: Event 96266905, Lines 2
[27%] 	 8,668/32,102 	 03:53:29
Match: Event 96269558, Lines 2
Match: Event 96270027, Lines 2
Match: Event 96270121, Lines 3
Match: Event 96273435, Lines 2
Match: Event 96275104, Lines 2
Match: Event 96276441, Lines 2
Match: Event 96276816, Lines 2
Match: Event 96276858, Lines 2
Match: Event 96276876, Lines 2
Match: Event 96278282, Lines 2
Match: Event 96278766, Lines 2
[28%] 	 8,989/32,102 	 04:00:55
Match: Event 96280101, Lines 2
Match: Event 96280266, Lines 2
Match: Event 96280467, Lines 2
Match: Event 96281091, Lines 3
Match: Event 96281296, Lines 2
Match: Event 96281898, Lines 2
Match: Event 96282044, Lines 2
Match: Event 96282147, Lines 2
Match: Event 96282285, Lines 2
Match: Event 96283273, Lines 2
Match: Event 96283560, Lines 2
Match: Event 96284420, Lines 2
Match: Event 96285990, Lines 3
Match: Event 96286872, Lines 2
Match: Event 96287068, Lines 2
Match: Event 96288036, Lines 2
Match: Event 96288862, Lines 3
[29%] 	 9,310/32,102 	 04:08:28
Match: Event 96289821, Lines 2
Match: Event 96289934, Lines 2
Match: Event 96290245, Lines 2
Match: Event 96291502, Lines 2
Match: Event 96291936, Lines 2
Match: Event 96292585, Lines 2
Match: Event 96293774, Lines 3
Match: Event 96294926, Lines 2
Match: Event 96295218, Lines 3
Match: Event 96295621, Lines 2
Match: Event 96295744, Lines 2
Match: Event 96295906, Lines 2
Match: Event 96296215, Lines 2
Match: Event 96297412, Lines 2
Match: Event 96298460, Lines 2
Match: Event 96298701, Lines 2
Match: Event 96298721, Lines 2
Match: Event 96298829, Lines 2
Match: Event 96299405, Lines 3
Match: Event 96299520, Lines 2
Match: Event 96299971, Lines 3
[30%] 	 9,631/32,102 	 04:16:03
Match: Event 96301668, Lines 2
Match: Event 96302360, Lines 2
Match: Event 96302626, Lines 2
Match: Event 96306724, Lines 2
Match: Event 96307259, Lines 2
Match: Event 96307300, Lines 2
Match: Event 96308375, Lines 2
Match: Event 96308813, Lines 2
Match: Event 96309455, Lines 2
Match: Event 96309681, Lines 2
Match: Event 96309979, Lines 2
[31%] 	 9,952/32,102 	 04:23:34
Match: Event 96310405, Lines 2
Match: Event 96310591, Lines 2
Match: Event 96310780, Lines 2
Match: Event 96310814, Lines 2
Match: Event 96310817, Lines 2
Match: Event 96310968, Lines 2
Match: Event 96311025, Lines 3
Match: Event 96311149, Lines 2
Match: Event 96311186, Lines 2
Match: Event 96311414, Lines 2
Match: Event 96311701, Lines 2
Match: Event 96313056, Lines 2
Match: Event 96315638, Lines 2
Match: Event 96316311, Lines 2
Match: Event 96318051, Lines 2
Match: Event 96319405, Lines 2
Match: Event 96319560, Lines 2
Match: Event 96320228, Lines 2
Match: Event 96320373, Lines 2
[32%] 	 10,273/32,102 	 04:31:36
Match: Event 96320878, Lines 2
Match: Event 96321284, Lines 2
Match: Event 96324182, Lines 2
Match: Event 96324719, Lines 2
Match: Event 96326404, Lines 2
Match: Event 96326474, Lines 2
Match: Event 96326648, Lines 2
Match: Event 96327322, Lines 2
Match: Event 96327348, Lines 2
Match: Event 96327779, Lines 2
Match: Event 96327822, Lines 2
Match: Event 96327966, Lines 2
Match: Event 96328637, Lines 2
Match: Event 96328763, Lines 3
Match: Event 96329541, Lines 2
Match: Event 96330095, Lines 2
[33%] 	 10,594/32,102 	 04:39:47
Match: Event 96330730, Lines 2
Match: Event 96332642, Lines 2
Match: Event 96332787, Lines 2
Match: Event 96333179, Lines 2
Match: Event 96334665, Lines 2
Match: Event 96335881, Lines 2
Match: Event 96336060, Lines 2
Match: Event 96337485, Lines 3
Match: Event 96337556, Lines 2
Match: Event 96337707, Lines 2
Match: Event 96338134, Lines 2
Match: Event 96338763, Lines 2
Match: Event 96338826, Lines 2
Match: Event 96339215, Lines 2
Match: Event 96339515, Lines 2
Match: Event 96339872, Lines 2
[34%] 	 10,915/32,102 	 04:48:11
Match: Event 96340058, Lines 2
Match: Event 96340116, Lines 2
Match: Event 96342125, Lines 2
Match: Event 96342556, Lines 2
Match: Event 96343046, Lines 2
Match: Event 96343245, Lines 3
Match: Event 96344040, Lines 2
Match: Event 96344907, Lines 2
Match: Event 96345335, Lines 2
Match: Event 96346421, Lines 3
Match: Event 96346620, Lines 2
Match: Event 96347642, Lines 2
Match: Event 96348591, Lines 2
Match: Event 96349379, Lines 3
Match: Event 96349592, Lines 2
Match: Event 96349751, Lines 2
Match: Event 96349837, Lines 2
[35%] 	 11,236/32,102 	 04:56:37
Match: Event 96351046, Lines 2
Match: Event 96351143, Lines 2
Match: Event 96351246, Lines 2
Match: Event 96351557, Lines 2
Match: Event 96351726, Lines 2
Match: Event 96351846, Lines 2
Match: Event 96352941, Lines 3
Match: Event 96353507, Lines 2
Match: Event 96353765, Lines 2
Match: Event 96355190, Lines 2
Match: Event 96355232, Lines 2
Match: Event 96355458, Lines 2
Match: Event 96355793, Lines 2
Match: Event 96356951, Lines 2
Match: Event 96359463, Lines 2
[36%] 	 11,557/32,102 	 05:05:14
Match: Event 96362025, Lines 2
Match: Event 96363338, Lines 2
Match: Event 96364438, Lines 2
Match: Event 96364490, Lines 2
Match: Event 96364630, Lines 2
Match: Event 96365006, Lines 2
Match: Event 96365560, Lines 2
Match: Event 96366044, Lines 2
Match: Event 96366056, Lines 2
Match: Event 96367642, Lines 2
Match: Event 96369695, Lines 2
Match: Event 96370765, Lines 2
[37%] 	 11,878/32,102 	 05:12:34
Match: Event 96371493, Lines 2
Match: Event 96372664, Lines 2
Match: Event 96374510, Lines 2
Match: Event 96375175, Lines 2
Match: Event 96375872, Lines 2
Match: Event 96376466, Lines 2
Match: Event 96377002, Lines 2
Match: Event 96377243, Lines 3
Match: Event 96378498, Lines 2
Match: Event 96378640, Lines 2
Match: Event 96379027, Lines 2
Match: Event 96379331, Lines 2
[38%] 	 12,199/32,102 	 05:20:13
Match: Event 96381823, Lines 2
Match: Event 96383123, Lines 2
Match: Event 96383250, Lines 2
Match: Event 96383406, Lines 2
Match: Event 96383417, Lines 2
Match: Event 96383540, Lines 2
Match: Event 96384330, Lines 2
Match: Event 96384352, Lines 2
Match: Event 96385169, Lines 2
Match: Event 96385250, Lines 2
Match: Event 96386161, Lines 2
Match: Event 96386752, Lines 2
Match: Event 96387092, Lines 2
Match: Event 96388637, Lines 2
Match: Event 96388877, Lines 2
[39%] 	 12,520/32,102 	 05:28:24
Match: Event 96389614, Lines 2
Match: Event 96390517, Lines 2
Match: Event 96390524, Lines 2
Match: Event 96391548, Lines 3
Match: Event 96391688, Lines 2
Match: Event 96391836, Lines 3
Match: Event 96392425, Lines 2
Match: Event 96393384, Lines 2
Match: Event 96393440, Lines 2
Match: Event 96393851, Lines 2
Match: Event 96394083, Lines 2
Match: Event 96397131, Lines 2
Match: Event 96397222, Lines 3
Match: Event 96398260, Lines 2
Match: Event 96398484, Lines 2
Match: Event 96398866, Lines 2
Match: Event 96399527, Lines 2
Match: Event 96400085, Lines 2
[40%] 	 12,841/32,102 	 05:36:42
Match: Event 96401511, Lines 2
Match: Event 96402128, Lines 2
Match: Event 96402360, Lines 2
Match: Event 96402414, Lines 2
Match: Event 96403032, Lines 2
Match: Event 96404168, Lines 2
Match: Event 96404207, Lines 2
Match: Event 96404419, Lines 2
Match: Event 96404629, Lines 2
Match: Event 96405366, Lines 2
Match: Event 96405754, Lines 2
Match: Event 96405914, Lines 2
Match: Event 96406935, Lines 3
Match: Event 96409441, Lines 2
[41%] 	 13,162/32,102 	 05:44:51
Match: Event 96411325, Lines 2
Match: Event 96411976, Lines 2
Match: Event 96412608, Lines 2
Match: Event 96412674, Lines 2
Match: Event 96413456, Lines 2
Match: Event 96413552, Lines 2
Match: Event 96413628, Lines 2
Match: Event 96414303, Lines 2
Match: Event 96414411, Lines 2
Match: Event 96414477, Lines 2
Match: Event 96418904, Lines 2
Match: Event 96419176, Lines 2
Match: Event 96419714, Lines 3
Match: Event 96420139, Lines 2
[42%] 	 13,483/32,102 	 05:52:48
Match: Event 96420486, Lines 2
Match: Event 96420772, Lines 2
Match: Event 96421618, Lines 2
Match: Event 96421940, Lines 3
Match: Event 96422921, Lines 2
Match: Event 96423636, Lines 2
Match: Event 96423663, Lines 2
Match: Event 96425544, Lines 2
Match: Event 96425961, Lines 2
Match: Event 96426976, Lines 2
Match: Event 96427209, Lines 2
Match: Event 96427640, Lines 2
Match: Event 96428144, Lines 2
Match: Event 96428840, Lines 2
Match: Event 96429486, Lines 2
[43%] 	 13,804/32,102 	 06:00:34
Match: Event 96430315, Lines 2
Match: Event 96430317, Lines 2
Match: Event 96430664, Lines 2
Match: Event 96430943, Lines 2
Match: Event 96432106, Lines 2
Match: Event 96432183, Lines 2
Match: Event 96432969, Lines 2
Match: Event 96433335, Lines 2
Match: Event 96433589, Lines 2
Match: Event 96433644, Lines 2
Match: Event 96435327, Lines 2
Match: Event 96435500, Lines 2
Match: Event 96435871, Lines 2
Match: Event 96436645, Lines 2
Match: Event 96437206, Lines 2
Match: Event 96437419, Lines 2
Match: Event 96437558, Lines 2
Match: Event 96437902, Lines 2
Match: Event 96439259, Lines 2
[44%] 	 14,125/32,102 	 06:08:42
Match: Event 96439478, Lines 2
Match: Event 96439625, Lines 2
Match: Event 96440772, Lines 2
Match: Event 96442442, Lines 2
Match: Event 96442772, Lines 2
Match: Event 96443420, Lines 2
Match: Event 96443611, Lines 2
Match: Event 96443894, Lines 2
Match: Event 96444072, Lines 2
Match: Event 96444742, Lines 2
Match: Event 96446216, Lines 2
Match: Event 96446235, Lines 2
Match: Event 96446267, Lines 2
Match: Event 96446734, Lines 2
Match: Event 96446995, Lines 2
Match: Event 96447080, Lines 2
Match: Event 96447706, Lines 2
[45%] 	 14,446/32,102 	 06:17:06
Match: Event 96452150, Lines 2
Match: Event 96453325, Lines 2
Match: Event 96454076, Lines 2
Match: Event 96454373, Lines 2
Match: Event 96454767, Lines 2
Match: Event 96455269, Lines 2
Match: Event 96455286, Lines 2
Match: Event 96455295, Lines 2
Match: Event 96456694, Lines 2
Match: Event 96456754, Lines 2
Match: Event 96456894, Lines 2
Match: Event 96457204, Lines 2
Match: Event 96457671, Lines 2
Match: Event 96457970, Lines 2
Match: Event 96458785, Lines 2
[46%] 	 14,767/32,102 	 06:25:19
Match: Event 96459980, Lines 2
Match: Event 96460471, Lines 2
Match: Event 96460862, Lines 2
Match: Event 96462460, Lines 2
Match: Event 96463288, Lines 2
Match: Event 96463779, Lines 2
Match: Event 96464366, Lines 2
Match: Event 96464611, Lines 2
Match: Event 96464616, Lines 2
Match: Event 96464655, Lines 2
Match: Event 96464696, Lines 2
Match: Event 96466105, Lines 2
Match: Event 96466424, Lines 2
Match: Event 96466493, Lines 2
Match: Event 96466579, Lines 2
Match: Event 96466669, Lines 2
Match: Event 96466958, Lines 2
Match: Event 96468214, Lines 2
Match: Event 96468662, Lines 2
[47%] 	 15,088/32,102 	 06:33:08
Match: Event 96469070, Lines 2
Match: Event 96469384, Lines 2
Match: Event 96471701, Lines 2
Match: Event 96473673, Lines 2
Match: Event 96473854, Lines 2
Match: Event 96473892, Lines 2
Match: Event 96475556, Lines 2
Match: Event 96476205, Lines 2
Match: Event 96477293, Lines 2
Match: Event 96477401, Lines 2
Match: Event 96478430, Lines 2
[48%] 	 15,409/32,102 	 06:40:37
Match: Event 96479634, Lines 2
Match: Event 96479922, Lines 2
Match: Event 96480278, Lines 2
Match: Event 96482057, Lines 2
Match: Event 96483127, Lines 2
Match: Event 96483327, Lines 2
Match: Event 96483501, Lines 2
Match: Event 96487716, Lines 2
Match: Event 96487842, Lines 2
[49%] 	 15,730/32,102 	 06:48:09
Match: Event 96488254, Lines 2
Match: Event 96490908, Lines 3
Match: Event 96490941, Lines 2
Match: Event 96491122, Lines 2
Match: Event 96491249, Lines 2
Match: Event 96491907, Lines 2
Match: Event 96493698, Lines 2
Match: Event 96493742, Lines 2
Match: Event 96494760, Lines 2
Match: Event 96495890, Lines 2
Match: Event 96495933, Lines 2
Match: Event 96496256, Lines 2
Match: Event 96496885, Lines 2
Match: Event 96497240, Lines 2
Match: Event 96497253, Lines 2
[50%] 	 16,051/32,102 	 06:55:53
Match: Event 96498901, Lines 2
Match: Event 96499176, Lines 2
Match: Event 96499207, Lines 2
Match: Event 96499330, Lines 2
Match: Event 96502195, Lines 3
Match: Event 96503963, Lines 2
Match: Event 96504992, Lines 2
Match: Event 96506144, Lines 2
Match: Event 96507123, Lines 2
[51%] 	 16,373/32,102 	 07:03:41
Match: Event 96508401, Lines 2
Match: Event 96509085, Lines 2
Match: Event 96510960, Lines 2
Match: Event 96512240, Lines 2
Match: Event 96512484, Lines 2
Match: Event 96512943, Lines 2
Match: Event 96514575, Lines 2
Match: Event 96516103, Lines 2
Match: Event 96516135, Lines 2
Match: Event 96516517, Lines 2
Match: Event 96517572, Lines 3
Match: Event 96518537, Lines 2
Match: Event 96518653, Lines 2
Match: Event 96518855, Lines 2
Match: Event 96518957, Lines 2
[52%] 	 16,694/32,102 	 07:11:48
Match: Event 96519622, Lines 2
Match: Event 96519698, Lines 2
Match: Event 96519818, Lines 2
Match: Event 96520257, Lines 2
Match: Event 96522129, Lines 2
Match: Event 96522891, Lines 2
Match: Event 96525097, Lines 2
Match: Event 96525324, Lines 2
Match: Event 96525710, Lines 2
Match: Event 96526439, Lines 2
Match: Event 96526492, Lines 2
Match: Event 96526823, Lines 2
Match: Event 96527000, Lines 2
Match: Event 96527449, Lines 2
Match: Event 96527847, Lines 2
Match: Event 96528302, Lines 2
[53%] 	 17,015/32,102 	 07:20:28
Match: Event 96530151, Lines 2
Match: Event 96530576, Lines 2
Match: Event 96531101, Lines 2
Match: Event 96531183, Lines 2
Match: Event 96531261, Lines 2
Match: Event 96531902, Lines 2
Match: Event 96532186, Lines 2
Match: Event 96532538, Lines 2
Match: Event 96532700, Lines 2
Match: Event 96533704, Lines 3
Match: Event 96534070, Lines 2
Match: Event 96534155, Lines 2
Match: Event 96534985, Lines 2
Match: Event 96535194, Lines 2
Match: Event 96536882, Lines 2
Match: Event 96537089, Lines 2
Match: Event 96538837, Lines 2
Match: Event 96538949, Lines 2
Match: Event 96539105, Lines 2
[54%] 	 17,336/32,102 	 07:29:08
Match: Event 96540200, Lines 2
Match: Event 96540552, Lines 2
Match: Event 96540630, Lines 2
Match: Event 96540658, Lines 2
Match: Event 96542156, Lines 2
Match: Event 96542353, Lines 2
Match: Event 96542796, Lines 2
Match: Event 96543738, Lines 2
Match: Event 96545083, Lines 2
Match: Event 96546031, Lines 2
Match: Event 96546346, Lines 2
Match: Event 96546457, Lines 2
Match: Event 96547125, Lines 2
Match: Event 96547725, Lines 2
Match: Event 96548916, Lines 2
Match: Event 96549836, Lines 2
Match: Event 96550073, Lines 2
[55%] 	 17,657/32,102 	 07:37:56
Match: Event 96552785, Lines 2
Match: Event 96553697, Lines 2
Match: Event 96554212, Lines 2
Match: Event 96555883, Lines 2
Match: Event 96556820, Lines 2
Match: Event 96557044, Lines 2
Match: Event 96557052, Lines 2
Match: Event 96558340, Lines 2
Match: Event 96558927, Lines 2
Match: Event 96559387, Lines 2
Match: Event 96559702, Lines 3
[56%] 	 17,978/32,102 	 07:46:37
Match: Event 96560608, Lines 2
Match: Event 96562562, Lines 2
Match: Event 96562668, Lines 2
Match: Event 96562779, Lines 2
Match: Event 96562996, Lines 2
Match: Event 96563002, Lines 2
Match: Event 96563454, Lines 2
Match: Event 96563896, Lines 2
Match: Event 96564892, Lines 2
Match: Event 96565542, Lines 2
Match: Event 96565599, Lines 2
Match: Event 96565804, Lines 2
Match: Event 96565882, Lines 2
Match: Event 96566387, Lines 2
Match: Event 96568598, Lines 2
Match: Event 96569192, Lines 2
Match: Event 96569856, Lines 2
[57%] 	 18,299/32,102 	 07:55:27
Match: Event 96570687, Lines 2
Match: Event 96570705, Lines 2
Match: Event 96573260, Lines 2
Match: Event 96573713, Lines 2
Match: Event 96573725, Lines 2
Match: Event 96573819, Lines 2
Match: Event 96574876, Lines 2
Match: Event 96575356, Lines 2
Match: Event 96576497, Lines 2
Match: Event 96579149, Lines 3
[58%] 	 18,620/32,102 	 08:04:18
Match: Event 96581660, Lines 2
Match: Event 96581738, Lines 2
Match: Event 96581889, Lines 2
Match: Event 96582211, Lines 3
Match: Event 96582717, Lines 2
Match: Event 96583769, Lines 2
Match: Event 96583793, Lines 2
Match: Event 96584631, Lines 2
Match: Event 96584654, Lines 2
Match: Event 96584839, Lines 2
Match: Event 96586637, Lines 2
Match: Event 96589030, Lines 2
Match: Event 96589178, Lines 2
Match: Event 96589956, Lines 2
[59%] 	 18,941/32,102 	 08:13:07
Match: Event 96590621, Lines 2
Match: Event 96590871, Lines 2
Match: Event 96592225, Lines 2
Match: Event 96592890, Lines 2
Match: Event 96593149, Lines 2
Match: Event 96593450, Lines 2
Match: Event 96594349, Lines 2
Match: Event 96594389, Lines 2
Match: Event 96595555, Lines 2
Match: Event 96595982, Lines 3
Match: Event 96598333, Lines 2
Match: Event 96598678, Lines 2
Match: Event 96598893, Lines 2
[60%] 	 19,262/32,102 	 08:22:29
Match: Event 96601463, Lines 2
Match: Event 96602010, Lines 2
Match: Event 96602502, Lines 2
Match: Event 96602575, Lines 2
Match: Event 96602741, Lines 2
Match: Event 96603069, Lines 2
Match: Event 96604160, Lines 2
Match: Event 96604876, Lines 2
Match: Event 96605147, Lines 2
Match: Event 96605475, Lines 2
Match: Event 96606311, Lines 2
Match: Event 96607371, Lines 2
Match: Event 96607373, Lines 2
Match: Event 96607897, Lines 2
Match: Event 96608005, Lines 2
Match: Event 96608606, Lines 2
Match: Event 96611413, Lines 2
[61%] 	 19,583/32,102 	 08:32:47
Match: Event 96612150, Lines 2
Match: Event 96612983, Lines 2
Match: Event 96614399, Lines 2
Match: Event 96616472, Lines 2
Match: Event 96617788, Lines 2
Match: Event 96618141, Lines 2
Match: Event 96618250, Lines 2
Match: Event 96619196, Lines 2
Match: Event 96619290, Lines 2
Match: Event 96619498, Lines 2
Match: Event 96620146, Lines 3
[62%] 	 19,904/32,102 	 08:42:37
Match: Event 96621413, Lines 2
Match: Event 96621572, Lines 2
Match: Event 96621629, Lines 2
Match: Event 96622023, Lines 2
Match: Event 96622746, Lines 2
Match: Event 96624392, Lines 2
Match: Event 96625454, Lines 2
Match: Event 96626357, Lines 2
Match: Event 96626610, Lines 2
Match: Event 96626723, Lines 2
Match: Event 96627761, Lines 3
Match: Event 96628168, Lines 2
Match: Event 96628201, Lines 2
Match: Event 96628551, Lines 2
Match: Event 96629183, Lines 2
Match: Event 96629407, Lines 2
Match: Event 96630643, Lines 2
[63%] 	 20,225/32,102 	 08:52:41
Match: Event 96632730, Lines 3
Match: Event 96632811, Lines 2
Match: Event 96633219, Lines 2
Match: Event 96633503, Lines 3
Match: Event 96634526, Lines 2
Match: Event 96635529, Lines 3
Match: Event 96636310, Lines 2
Match: Event 96637077, Lines 2
Match: Event 96637245, Lines 2
Match: Event 96638839, Lines 2
Match: Event 96639654, Lines 2
Match: Event 96640042, Lines 2
[64%] 	 20,546/32,102 	 09:03:22
Match: Event 96641238, Lines 2
Match: Event 96642116, Lines 2
Match: Event 96643079, Lines 2
Match: Event 96643230, Lines 2
Match: Event 96643443, Lines 2
Match: Event 96644617, Lines 2
Match: Event 96645284, Lines 2
Match: Event 96645334, Lines 2
Match: Event 96645598, Lines 2
Match: Event 96648394, Lines 2
Match: Event 96648781, Lines 2
[65%] 	 20,867/32,102 	 09:13:32
Match: Event 96649676, Lines 2
Match: Event 96649745, Lines 2
Match: Event 96650006, Lines 2
Match: Event 96650467, Lines 2
Match: Event 96650636, Lines 2
Match: Event 96651058, Lines 2
Match: Event 96651618, Lines 2
Match: Event 96652039, Lines 2
Match: Event 96652158, Lines 2
Match: Event 96652569, Lines 2
Match: Event 96653493, Lines 2
Match: Event 96653688, Lines 2
Match: Event 96654781, Lines 2
Match: Event 96654860, Lines 2
Match: Event 96655446, Lines 2
Match: Event 96655568, Lines 2
Match: Event 96655942, Lines 2
Match: Event 96657291, Lines 2
Match: Event 96658035, Lines 2
[66%] 	 21,188/32,102 	 09:23:44
Match: Event 96659207, Lines 2
Match: Event 96659231, Lines 2
Match: Event 96661937, Lines 2
Match: Event 96662041, Lines 3
Match: Event 96662935, Lines 2
Match: Event 96665454, Lines 2
Match: Event 96666479, Lines 2
Match: Event 96666786, Lines 2
[67%] 	 21,509/32,102 	 09:33:24
Match: Event 96671150, Lines 2
Match: Event 96671157, Lines 2
Match: Event 96672007, Lines 2
Match: Event 96672053, Lines 2
Match: Event 96672167, Lines 3
Match: Event 96672391, Lines 2
Match: Event 96672533, Lines 2
Match: Event 96672754, Lines 2
Match: Event 96673616, Lines 2
Match: Event 96676149, Lines 3
Match: Event 96676709, Lines 2
Match: Event 96677378, Lines 2
[68%] 	 21,830/32,102 	 09:42:20
Match: Event 96679879, Lines 2
Match: Event 96680549, Lines 2
Match: Event 96681178, Lines 2
Match: Event 96682246, Lines 3
Match: Event 96683178, Lines 2
Match: Event 96685134, Lines 2
Match: Event 96685622, Lines 2
Match: Event 96685735, Lines 2
Match: Event 96686938, Lines 2
Match: Event 96688013, Lines 2
Match: Event 96688281, Lines 2
[69%] 	 22,151/32,102 	 09:51:26
Match: Event 96689614, Lines 2
Match: Event 96690317, Lines 2
Match: Event 96690892, Lines 2
Match: Event 96691144, Lines 2
Match: Event 96691546, Lines 2
Match: Event 96692019, Lines 2
Match: Event 96692246, Lines 2
Match: Event 96692396, Lines 2
Match: Event 96693994, Lines 2
Match: Event 96695146, Lines 2
Match: Event 96695980, Lines 3
Match: Event 96696133, Lines 2
Match: Event 96697832, Lines 2
[70%] 	 22,472/32,102 	 10:00:40
Match: Event 96698872, Lines 3
Match: Event 96699116, Lines 2
Match: Event 96699383, Lines 2
Match: Event 96702159, Lines 2
Match: Event 96702817, Lines 2
Match: Event 96703103, Lines 2
Match: Event 96703689, Lines 2
Match: Event 96703695, Lines 2
Match: Event 96703722, Lines 2
Match: Event 96703861, Lines 2
Match: Event 96703881, Lines 2
Match: Event 96705234, Lines 2
Match: Event 96705949, Lines 2
Match: Event 96706325, Lines 2
[71%] 	 22,793/32,102 	 10:10:22
Match: Event 96709515, Lines 2
Match: Event 96710248, Lines 2
Match: Event 96710644, Lines 2
Match: Event 96710760, Lines 2
Match: Event 96710816, Lines 3
Match: Event 96711039, Lines 2
Match: Event 96712937, Lines 2
Match: Event 96712962, Lines 2
Match: Event 96716839, Lines 2
Match: Event 96717452, Lines 2
[72%] 	 23,114/32,102 	 10:20:26
Match: Event 96720412, Lines 2
Match: Event 96721138, Lines 2
Match: Event 96721163, Lines 2
Match: Event 96721428, Lines 2
Match: Event 96721815, Lines 2
Match: Event 96722633, Lines 2
Match: Event 96722876, Lines 2
Match: Event 96725025, Lines 2
Match: Event 96725980, Lines 2
Match: Event 96726238, Lines 2
Match: Event 96726429, Lines 3
Match: Event 96727552, Lines 2
Match: Event 96727951, Lines 2
[73%] 	 23,435/32,102 	 10:29:38
Match: Event 96728987, Lines 2
Match: Event 96730339, Lines 2
Match: Event 96730477, Lines 2
Match: Event 96730749, Lines 2
Match: Event 96731567, Lines 2
Match: Event 96732387, Lines 2
Match: Event 96732713, Lines 2
Match: Event 96734059, Lines 2
Match: Event 96734620, Lines 2
Match: Event 96736005, Lines 2
Match: Event 96738792, Lines 2
[74%] 	 23,756/32,102 	 10:40:02
Match: Event 96739669, Lines 2
Match: Event 96743107, Lines 2
Match: Event 96743848, Lines 2
Match: Event 96744589, Lines 2
Match: Event 96744753, Lines 2
Match: Event 96744977, Lines 2
Match: Event 96745002, Lines 2
Match: Event 96745915, Lines 2
Match: Event 96747368, Lines 2
Match: Event 96748076, Lines 2
Match: Event 96749370, Lines 2
Match: Event 96749487, Lines 2
[75%] 	 24,077/32,102 	 10:50:01
Match: Event 96750380, Lines 2
Match: Event 96750608, Lines 2
Match: Event 96750810, Lines 2
Match: Event 96752577, Lines 2
Match: Event 96753302, Lines 2
Match: Event 96753644, Lines 2
Match: Event 96754111, Lines 2
Match: Event 96754500, Lines 2
Match: Event 96754582, Lines 2
Match: Event 96754655, Lines 2
Match: Event 96756034, Lines 2
Match: Event 96756279, Lines 2
Match: Event 96759640, Lines 3
Match: Event 96759796, Lines 2
[76%] 	 24,398/32,102 	 10:59:11
Match: Event 96759981, Lines 2
Match: Event 96761017, Lines 2
Match: Event 96761020, Lines 2
Match: Event 96761394, Lines 2
Match: Event 96762288, Lines 2
Match: Event 96762703, Lines 2
Match: Event 96763628, Lines 2
Match: Event 96764459, Lines 2
Match: Event 96765019, Lines 2
Match: Event 96765216, Lines 2
Match: Event 96766205, Lines 2
Match: Event 96768688, Lines 2
Match: Event 96768937, Lines 2
Match: Event 96770013, Lines 2
[77%] 	 24,719/32,102 	 11:08:54
Match: Event 96770643, Lines 2
Match: Event 96770782, Lines 2
Match: Event 96771969, Lines 2
Match: Event 96772770, Lines 2
Match: Event 96773047, Lines 2
Match: Event 96773103, Lines 2
Match: Event 96773422, Lines 2
Match: Event 96774874, Lines 2
Match: Event 96776602, Lines 2
Match: Event 96780948, Lines 2
[78%] 	 25,040/32,102 	 11:19:37
Match: Event 96781556, Lines 2
Match: Event 96781707, Lines 2
Match: Event 96782057, Lines 2
Match: Event 96784256, Lines 3
Match: Event 96784535, Lines 2
Match: Event 96785243, Lines 2
Match: Event 96785444, Lines 2
Match: Event 96785780, Lines 2
Match: Event 96786466, Lines 2
Match: Event 96786845, Lines 2
Match: Event 96787209, Lines 2
Match: Event 96787553, Lines 2
Match: Event 96788330, Lines 2
Match: Event 96788698, Lines 2
Match: Event 96789319, Lines 2
Match: Event 96789862, Lines 2
Match: Event 96790687, Lines 2
Match: Event 96791425, Lines 3
[79%] 	 25,361/32,102 	 11:28:24
Match: Event 96793344, Lines 2
Match: Event 96793378, Lines 2
Match: Event 96794608, Lines 2
Match: Event 96796286, Lines 2
Match: Event 96796665, Lines 2
Match: Event 96798260, Lines 2
Match: Event 96799217, Lines 2
Match: Event 96800410, Lines 2
Match: Event 96800842, Lines 2
Match: Event 96801016, Lines 3
[80%] 	 25,682/32,102 	 11:38:57
Match: Event 96802163, Lines 2
Match: Event 96803669, Lines 2
Match: Event 96804035, Lines 2
Match: Event 96804371, Lines 2
Match: Event 96805214, Lines 2
Match: Event 96806730, Lines 2
Match: Event 96807633, Lines 2
Match: Event 96808308, Lines 2
Match: Event 96810294, Lines 2
Match: Event 96810604, Lines 2
Match: Event 96811151, Lines 2
Match: Event 96811177, Lines 2
Match: Event 96811368, Lines 2
[81%] 	 26,003/32,102 	 11:48:36
Match: Event 96811726, Lines 2
Match: Event 96811866, Lines 2
Match: Event 96812674, Lines 2
Match: Event 96812725, Lines 2
Match: Event 96815782, Lines 2
Match: Event 96815808, Lines 2
Match: Event 96816195, Lines 2
Match: Event 96816651, Lines 2
Match: Event 96816725, Lines 2
Match: Event 96817127, Lines 2
Match: Event 96818313, Lines 2
Match: Event 96819447, Lines 2
Match: Event 96819635, Lines 2
Match: Event 96819684, Lines 2
Match: Event 96820853, Lines 2
Match: Event 96821368, Lines 2
[82%] 	 26,324/32,102 	 11:59:54
Match: Event 96822410, Lines 2
Match: Event 96822993, Lines 2
Match: Event 96823082, Lines 2
Match: Event 96823220, Lines 2
Match: Event 96823279, Lines 2
Match: Event 96824211, Lines 2
Match: Event 96825120, Lines 2
Match: Event 96825209, Lines 2
Match: Event 96825255, Lines 2
Match: Event 96825427, Lines 2
Match: Event 96826180, Lines 2
Match: Event 96826664, Lines 2
Match: Event 96826822, Lines 2
Match: Event 96827046, Lines 2
Match: Event 96827410, Lines 2
Match: Event 96828260, Lines 3
Match: Event 96828537, Lines 2
Match: Event 96828912, Lines 2
Match: Event 96829181, Lines 2
Match: Event 96829195, Lines 2
Match: Event 96829979, Lines 2
[83%] 	 26,645/32,102 	 12:16:08
Match: Event 96831778, Lines 2
Match: Event 96831802, Lines 2
Match: Event 96831877, Lines 2
Match: Event 96833155, Lines 2
Match: Event 96835071, Lines 2
Match: Event 96835387, Lines 2
Match: Event 96836562, Lines 2
Match: Event 96837124, Lines 2
Match: Event 96837432, Lines 2
Match: Event 96839709, Lines 2
Match: Event 96840343, Lines 2
Match: Event 96840463, Lines 2
Match: Event 96840544, Lines 2
[84%] 	 26,966/32,102 	 12:28:52
Match: Event 96840965, Lines 2
Match: Event 96841724, Lines 2
Match: Event 96844298, Lines 2
Match: Event 96844933, Lines 2
Match: Event 96846620, Lines 2
Match: Event 96847927, Lines 2
Match: Event 96849729, Lines 2
Match: Event 96850296, Lines 2
[85%] 	 27,287/32,102 	 12:42:56
Match: Event 96850726, Lines 2
Match: Event 96852113, Lines 2
Match: Event 96853122, Lines 2
Match: Event 96853841, Lines 2
Match: Event 96855090, Lines 2
Match: Event 96856538, Lines 2
Match: Event 96858232, Lines 2
Match: Event 96858512, Lines 3
Match: Event 96858712, Lines 2
Match: Event 96859055, Lines 2
[86%] 	 27,608/32,102 	 12:54:12
Match: Event 96860819, Lines 2
Match: Event 96861076, Lines 2
Match: Event 96861624, Lines 2
Match: Event 96862270, Lines 2
Match: Event 96863037, Lines 2
Match: Event 96863165, Lines 2
Match: Event 96863830, Lines 2
Match: Event 96864111, Lines 2
Match: Event 96864209, Lines 2
Match: Event 96866126, Lines 2
Match: Event 96867768, Lines 2
Match: Event 96867795, Lines 2
Match: Event 96868757, Lines 2
Match: Event 96868758, Lines 2
[87%] 	 27,929/32,102 	 13:02:25
Match: Event 96871383, Lines 2
Match: Event 96871611, Lines 2
Match: Event 96871644, Lines 2
Match: Event 96872037, Lines 2
Match: Event 96872166, Lines 2
Match: Event 96872919, Lines 2
Match: Event 96873020, Lines 2
Match: Event 96874925, Lines 2
Match: Event 96875079, Lines 2
Match: Event 96875974, Lines 2
Match: Event 96876200, Lines 2
Match: Event 96877326, Lines 2
Match: Event 96877729, Lines 2
Match: Event 96877749, Lines 2
Match: Event 96878320, Lines 2
Match: Event 96878367, Lines 2
Match: Event 96879504, Lines 2
Match: Event 96880046, Lines 2
[88%] 	 28,250/32,102 	 13:10:29
Match: Event 96880554, Lines 2
Match: Event 96880938, Lines 2
Match: Event 96881683, Lines 2
Match: Event 96881976, Lines 2
Match: Event 96882079, Lines 2
Match: Event 96882678, Lines 2
Match: Event 96882848, Lines 2
Match: Event 96883348, Lines 2
Match: Event 96884674, Lines 2
Match: Event 96884939, Lines 2
Match: Event 96885284, Lines 2
Match: Event 96885568, Lines 2
Match: Event 96887300, Lines 2
Match: Event 96887385, Lines 2
Match: Event 96888457, Lines 2
Match: Event 96888993, Lines 2
Match: Event 96889082, Lines 2
Match: Event 96889806, Lines 2
Match: Event 96889963, Lines 3
[89%] 	 28,571/32,102 	 13:18:51
Match: Event 96892248, Lines 2
Match: Event 96894244, Lines 2
Match: Event 96894857, Lines 2
Match: Event 96895570, Lines 2
Match: Event 96896037, Lines 2
Match: Event 96896445, Lines 2
Match: Event 96897021, Lines 2
Match: Event 96897072, Lines 2
Match: Event 96897560, Lines 2
Match: Event 96897712, Lines 2
Match: Event 96899077, Lines 2
Match: Event 96900082, Lines 2
[90%] 	 28,892/32,102 	 13:27:11
Match: Event 96901102, Lines 2
Match: Event 96901186, Lines 3
Match: Event 96901352, Lines 2
Match: Event 96902473, Lines 2
Match: Event 96906314, Lines 2
Match: Event 96906366, Lines 2
Match: Event 96906855, Lines 2
Match: Event 96907012, Lines 2
Match: Event 96908211, Lines 3
Match: Event 96908338, Lines 2
Match: Event 96909832, Lines 2
Match: Event 96910285, Lines 2
Match: Event 96910431, Lines 2
Match: Event 96910604, Lines 2
[91%] 	 29,213/32,102 	 13:35:13
Match: Event 96911018, Lines 2
Match: Event 96911380, Lines 2
Match: Event 96911541, Lines 2
Match: Event 96912166, Lines 2
Match: Event 96912273, Lines 2
Match: Event 96914363, Lines 2
Match: Event 96914570, Lines 2
Match: Event 96914590, Lines 2
Match: Event 96914931, Lines 2
Match: Event 96915259, Lines 2
Match: Event 96916406, Lines 3
Match: Event 96916701, Lines 2
Match: Event 96918736, Lines 2
Match: Event 96918860, Lines 2
Match: Event 96918919, Lines 2
Match: Event 96919720, Lines 2
[92%] 	 29,534/32,102 	 13:43:22
Match: Event 96922236, Lines 2
Match: Event 96922948, Lines 2
Match: Event 96923941, Lines 2
Match: Event 96924184, Lines 3
Match: Event 96924397, Lines 2
Match: Event 96924529, Lines 2
Match: Event 96925377, Lines 2
Match: Event 96925549, Lines 2
Match: Event 96925739, Lines 2
Match: Event 96926286, Lines 2
Match: Event 96926311, Lines 2
Match: Event 96926483, Lines 2
Match: Event 96926565, Lines 2
Match: Event 96926610, Lines 2
Match: Event 96926688, Lines 2
Match: Event 96926728, Lines 2
Match: Event 96928137, Lines 2
Match: Event 96928467, Lines 2
[93%] 	 29,855/32,102 	 13:51:53
Match: Event 96932414, Lines 2
Match: Event 96932455, Lines 2
Match: Event 96932804, Lines 2
Match: Event 96933335, Lines 2
Match: Event 96936879, Lines 2
Match: Event 96939642, Lines 2
Match: Event 96940827, Lines 2
[94%] 	 30,176/32,102 	 14:00:24
Match: Event 96941509, Lines 2
Match: Event 96942901, Lines 2
Match: Event 96944450, Lines 2
Match: Event 96945289, Lines 2
Match: Event 96945593, Lines 2
Match: Event 96946130, Lines 3
Match: Event 96946535, Lines 2
Match: Event 96946592, Lines 2
Match: Event 96948073, Lines 2
Match: Event 96949058, Lines 2
Match: Event 96950192, Lines 2
Match: Event 96950566, Lines 2
[95%] 	 30,497/32,102 	 14:09:11
Match: Event 96951316, Lines 2
Match: Event 96951844, Lines 2
Match: Event 96952879, Lines 2
Match: Event 96953028, Lines 2
Match: Event 96953550, Lines 2
Match: Event 96954576, Lines 2
Match: Event 96955135, Lines 2
Match: Event 96955163, Lines 2
Match: Event 96955498, Lines 2
Match: Event 96955741, Lines 2
Match: Event 96956358, Lines 2
Match: Event 96956976, Lines 2
Match: Event 96957608, Lines 2
Match: Event 96958836, Lines 3
[96%] 	 30,818/32,102 	 14:17:44
Match: Event 96960242, Lines 2
Match: Event 96962148, Lines 2
Match: Event 96964856, Lines 2
Match: Event 96966891, Lines 2
Match: Event 96967476, Lines 2
Match: Event 96968130, Lines 2
Match: Event 96968141, Lines 2
Match: Event 96968306, Lines 2
Match: Event 96969576, Lines 2
[97%] 	 31,139/32,102 	 14:26:10
Match: Event 96970993, Lines 2
Match: Event 96971495, Lines 2
Match: Event 96971873, Lines 2
Match: Event 96972490, Lines 2
Match: Event 96972994, Lines 2
Match: Event 96973903, Lines 2
Match: Event 96975605, Lines 2
Match: Event 96975606, Lines 2
Match: Event 96975747, Lines 2
Match: Event 96975773, Lines 2
Match: Event 96978796, Lines 2
Match: Event 96978913, Lines 2
Match: Event 96979421, Lines 2
[98%] 	 31,460/32,102 	 14:34:27
Match: Event 96981066, Lines 2
Match: Event 96981910, Lines 2
Match: Event 96983752, Lines 2
Match: Event 96984305, Lines 2
Match: Event 96984792, Lines 2
Match: Event 96984944, Lines 2
Match: Event 96985897, Lines 2
Match: Event 96986071, Lines 2
Match: Event 96987011, Lines 2
Match: Event 96987750, Lines 2
Match: Event 96988046, Lines 2
Match: Event 96988174, Lines 2
Match: Event 96990038, Lines 2
Match: Event 96990283, Lines 2
[99%] 	 31,781/32,102 	 14:42:37
Match: Event 96991214, Lines 2
Match: Event 96991397, Lines 2
Match: Event 96996328, Lines 2
Match: Event 96997540, Lines 2
Match: Event 96997884, Lines 2
Match: Event 96998046, Lines 2
Match: Event 96998410, Lines 3
Match: Event 96998412, Lines 2
Match: Event 96998570, Lines 2
Match: Event 96999328, Lines 2
Match: Event 96999653, Lines 2
Match: Event 96999982, Lines 2
Finished in 53442.47s.
 ~ 5) DONE !
