search libraries in slc9_x86-64
 ~ 1) Base stack loaded.
 ~ Sleeping for 9 seconds to avoid AFS DDOS...
 ~ 2) Loading sndsw environment...
 ~ 3) SNDSW_ROOT is set to: /afs/cern.ch/user/i/idioniso/snd_master/sw-root6.28/rhel9_x86-64/sndsw/master-local1
 ~ 4) Executing tracking script...
[INFO] The input consists out of the following trees and files: 
[INFO]  - rawConv
[INFO]     - root://eoshome-i.cern.ch//eos/user/i/idioniso/tridents/initial_cuts/tridents_sndsw_raw-0081.root
[INFO] FairRootFileSink initialized.
[INFO]  - cbmout
[INFO]     - dummy
[INFO] Parameter and input file are available, Assure that basic info is there for the run!
[INFO] ---FairRootManager::SpecifyRunId --- 
[INFO] --- Initialize with RunId  --- 0

************************************************************* 
     initialisation for run id 0
************************************************************* 
-I- FairRunTimeDB::InitContainer() FairBaseParSet
-I- FairRunTimeDB::InitContainer() FairGeoParSet

************************************************************* 
     initialisation for run id 0
************************************************************* 
-I- FairRunTimeDB::InitContainer() FairBaseParSet
-I- FairRunTimeDB::InitContainer() FairGeoParSet
[INFO]  Branch: Reco_MuonTracks not found in Tree.
using geofile: root://eospublic.cern.ch//eos/experiment/sndlhc/convertedData/physics/2023/geofile_sndlhc_TI18_V3_2023.root
[0%] 	 0/31,872 	 00:00:08
Match: Event 81000123, Lines 2
Match: Event 81001669, Lines 2
Match: Event 81004053, Lines 2
Match: Event 81004480, Lines 2
Match: Event 81004519, Lines 2
Match: Event 81005371, Lines 2
Match: Event 81005375, Lines 2
Match: Event 81005712, Lines 2
Match: Event 81007488, Lines 2
Match: Event 81009004, Lines 2
[1%] 	 319/31,872 	 00:07:27
Match: Event 81010154, Lines 2
Match: Event 81010384, Lines 2
Match: Event 81010908, Lines 2
Match: Event 81011059, Lines 2
Match: Event 81011905, Lines 2
Match: Event 81011945, Lines 2
Match: Event 81012132, Lines 2
Match: Event 81013014, Lines 3
Match: Event 81013674, Lines 2
Match: Event 81014743, Lines 2
Match: Event 81016591, Lines 2
Match: Event 81017291, Lines 2
Match: Event 81017419, Lines 2
Match: Event 81018944, Lines 2
Match: Event 81019854, Lines 2
[2%] 	 638/31,872 	 00:14:41
Match: Event 81021831, Lines 2
Match: Event 81023119, Lines 2
Match: Event 81025216, Lines 2
Match: Event 81025360, Lines 2
Match: Event 81025393, Lines 3
Match: Event 81026824, Lines 2
Match: Event 81027214, Lines 2
Match: Event 81027590, Lines 2
Match: Event 81027883, Lines 2
Match: Event 81029972, Lines 2
Match: Event 81030233, Lines 2
Match: Event 81030648, Lines 3
[3%] 	 957/31,872 	 00:22:28
Match: Event 81032391, Lines 2
Match: Event 81034367, Lines 2
Match: Event 81034452, Lines 2
Match: Event 81034500, Lines 2
Match: Event 81034754, Lines 2
Match: Event 81035380, Lines 2
Match: Event 81035927, Lines 2
Match: Event 81036397, Lines 2
Match: Event 81036681, Lines 2
Match: Event 81036787, Lines 2
Match: Event 81037403, Lines 2
Match: Event 81040087, Lines 2
Match: Event 81040389, Lines 2
[4%] 	 1,275/31,872 	 00:30:10
Match: Event 81041322, Lines 2
Match: Event 81041718, Lines 2
Match: Event 81042810, Lines 2
Match: Event 81042866, Lines 2
Match: Event 81042962, Lines 2
Match: Event 81043014, Lines 2
Match: Event 81043726, Lines 2
Match: Event 81043942, Lines 2
Match: Event 81044578, Lines 2
Match: Event 81044646, Lines 2
Match: Event 81044961, Lines 2
Match: Event 81045114, Lines 2
Match: Event 81046092, Lines 2
Match: Event 81046176, Lines 3
Match: Event 81046684, Lines 2
Match: Event 81046715, Lines 2
Match: Event 81047016, Lines 2
Match: Event 81047193, Lines 2
Match: Event 81047818, Lines 2
Match: Event 81048128, Lines 2
Match: Event 81048222, Lines 2
Match: Event 81048251, Lines 2
Match: Event 81050390, Lines 3
Match: Event 81050403, Lines 2
Match: Event 81050907, Lines 2
[5%] 	 1,594/31,872 	 00:38:04
Match: Event 81051334, Lines 2
Match: Event 81051480, Lines 2
Match: Event 81054110, Lines 2
Match: Event 81054227, Lines 2
Match: Event 81054822, Lines 2
Match: Event 81055296, Lines 2
Match: Event 81055307, Lines 2
Match: Event 81055488, Lines 3
Match: Event 81055680, Lines 2
Match: Event 81055950, Lines 2
Match: Event 81056991, Lines 2
Match: Event 81057665, Lines 2
Match: Event 81059214, Lines 2
Match: Event 81059622, Lines 2
Match: Event 81060284, Lines 2
Match: Event 81060690, Lines 2
[6%] 	 1,913/31,872 	 00:46:30
Match: Event 81061702, Lines 2
Match: Event 81062232, Lines 2
Match: Event 81063914, Lines 2
Match: Event 81064429, Lines 2
Match: Event 81064798, Lines 2
Match: Event 81065204, Lines 2
Match: Event 81065896, Lines 3
Match: Event 81066045, Lines 2
Match: Event 81066520, Lines 2
Match: Event 81067744, Lines 2
Match: Event 81068363, Lines 2
Match: Event 81068751, Lines 2
[7%] 	 2,232/31,872 	 00:54:25
Match: Event 81071985, Lines 2
Match: Event 81072305, Lines 2
Match: Event 81072386, Lines 2
Match: Event 81074495, Lines 2
Match: Event 81074623, Lines 2
Match: Event 81074806, Lines 2
Match: Event 81074848, Lines 2
Match: Event 81074909, Lines 2
Match: Event 81076780, Lines 2
Match: Event 81077372, Lines 2
Match: Event 81077784, Lines 2
Match: Event 81078117, Lines 2
Match: Event 81079754, Lines 2
[8%] 	 2,550/31,872 	 01:03:56
Match: Event 81080012, Lines 2
Match: Event 81080031, Lines 2
Match: Event 81080529, Lines 2
Match: Event 81082223, Lines 2
Match: Event 81082261, Lines 2
Match: Event 81082380, Lines 2
Match: Event 81083533, Lines 2
Match: Event 81084295, Lines 2
Match: Event 81084547, Lines 2
Match: Event 81085207, Lines 2
Match: Event 81086097, Lines 2
Match: Event 81087796, Lines 2
Match: Event 81087921, Lines 2
Match: Event 81088754, Lines 2
Match: Event 81089603, Lines 2
[9%] 	 2,869/31,872 	 01:12:27
Match: Event 81090139, Lines 2
Match: Event 81090149, Lines 2
Match: Event 81090422, Lines 2
Match: Event 81091856, Lines 2
Match: Event 81091883, Lines 2
Match: Event 81093160, Lines 2
Match: Event 81093985, Lines 2
Match: Event 81094336, Lines 2
Match: Event 81095356, Lines 2
Match: Event 81095758, Lines 2
Match: Event 81096627, Lines 2
Match: Event 81097180, Lines 2
Match: Event 81097335, Lines 2
Match: Event 81097407, Lines 2
Match: Event 81098526, Lines 2
Match: Event 81099141, Lines 2
Match: Event 81099281, Lines 2
Match: Event 81099498, Lines 2
[10%] 	 3,188/31,872 	 01:23:43
Match: Event 81100095, Lines 2
Match: Event 81100529, Lines 2
Match: Event 81100769, Lines 2
Match: Event 81101653, Lines 2
Match: Event 81101748, Lines 2
Match: Event 81103362, Lines 2
Match: Event 81104194, Lines 3
Match: Event 81104301, Lines 2
Match: Event 81104849, Lines 2
Match: Event 81105911, Lines 2
Match: Event 81106427, Lines 3
Match: Event 81109551, Lines 2
Match: Event 81109802, Lines 2
Match: Event 81109897, Lines 2
[11%] 	 3,506/31,872 	 01:31:57
Match: Event 81111009, Lines 3
Match: Event 81111618, Lines 2
Match: Event 81112349, Lines 2
Match: Event 81114115, Lines 2
Match: Event 81115633, Lines 2
Match: Event 81117263, Lines 2
Match: Event 81117691, Lines 2
Match: Event 81118612, Lines 2
[12%] 	 3,825/31,872 	 01:41:42
Match: Event 81120466, Lines 2
Match: Event 81120811, Lines 2
Match: Event 81121358, Lines 2
Match: Event 81121978, Lines 2
Match: Event 81123359, Lines 2
Match: Event 81123408, Lines 2
Match: Event 81123749, Lines 2
Match: Event 81123881, Lines 2
Match: Event 81124266, Lines 2
Match: Event 81124947, Lines 2
Match: Event 81125126, Lines 2
Match: Event 81126602, Lines 2
Match: Event 81126692, Lines 2
Match: Event 81127408, Lines 2
Match: Event 81128158, Lines 3
Match: Event 81129193, Lines 2
Match: Event 81129202, Lines 2
Match: Event 81129525, Lines 2
Match: Event 81129728, Lines 2
[13%] 	 4,144/31,872 	 01:50:26
Match: Event 81130503, Lines 2
Match: Event 81130568, Lines 2
Match: Event 81130606, Lines 2
Match: Event 81131992, Lines 2
Match: Event 81132576, Lines 2
Match: Event 81133586, Lines 2
Match: Event 81134105, Lines 2
Match: Event 81134680, Lines 2
Match: Event 81135227, Lines 2
Match: Event 81136202, Lines 2
Match: Event 81137277, Lines 2
Match: Event 81138090, Lines 2
Match: Event 81138121, Lines 2
Match: Event 81138466, Lines 2
Match: Event 81138526, Lines 2
Match: Event 81138947, Lines 2
Match: Event 81139293, Lines 2
Match: Event 81139981, Lines 2
[14%] 	 4,463/31,872 	 01:58:32
Match: Event 81140079, Lines 2
Match: Event 81140225, Lines 2
Match: Event 81141934, Lines 2
Match: Event 81143335, Lines 2
Match: Event 81144215, Lines 2
Match: Event 81144399, Lines 2
Match: Event 81145069, Lines 2
Match: Event 81145299, Lines 2
Match: Event 81145671, Lines 2
Match: Event 81146075, Lines 2
Match: Event 81146728, Lines 2
Match: Event 81147368, Lines 2
Match: Event 81147539, Lines 2
Match: Event 81147550, Lines 2
Match: Event 81147622, Lines 2
[15%] 	 4,781/31,872 	 02:06:54
Match: Event 81149835, Lines 2
Match: Event 81150024, Lines 2
Match: Event 81151802, Lines 2
Match: Event 81152087, Lines 2
Match: Event 81152165, Lines 2
Match: Event 81152337, Lines 2
Match: Event 81152671, Lines 2
Match: Event 81152731, Lines 2
Match: Event 81153769, Lines 2
Match: Event 81154008, Lines 2
Match: Event 81154038, Lines 2
Match: Event 81154205, Lines 2
Match: Event 81154342, Lines 2
Match: Event 81155343, Lines 3
Match: Event 81155487, Lines 2
Match: Event 81155543, Lines 2
Match: Event 81157461, Lines 2
Match: Event 81158823, Lines 2
Match: Event 81159262, Lines 2
[16%] 	 5,100/31,872 	 02:15:16
Match: Event 81159971, Lines 2
Match: Event 81160156, Lines 2
Match: Event 81160356, Lines 2
Match: Event 81161233, Lines 2
Match: Event 81161366, Lines 2
Match: Event 81161443, Lines 2
Match: Event 81162595, Lines 2
Match: Event 81163071, Lines 2
Match: Event 81163349, Lines 2
Match: Event 81163996, Lines 2
Match: Event 81164191, Lines 2
Match: Event 81164886, Lines 2
Match: Event 81165026, Lines 2
Match: Event 81165108, Lines 2
Match: Event 81166296, Lines 2
Match: Event 81168906, Lines 2
Match: Event 81169520, Lines 2
Match: Event 81169730, Lines 2
[17%] 	 5,419/31,872 	 02:23:40
Match: Event 81170383, Lines 2
Match: Event 81170635, Lines 2
Match: Event 81170957, Lines 2
Match: Event 81171010, Lines 2
Match: Event 81171044, Lines 2
Match: Event 81171667, Lines 2
Match: Event 81172482, Lines 2
Match: Event 81172503, Lines 2
Match: Event 81173043, Lines 2
Match: Event 81173221, Lines 2
Match: Event 81174448, Lines 2
Match: Event 81174960, Lines 2
Match: Event 81175318, Lines 2
Match: Event 81175459, Lines 2
Match: Event 81176919, Lines 3
Match: Event 81177716, Lines 3
Match: Event 81177979, Lines 2
Match: Event 81178552, Lines 2
Match: Event 81179056, Lines 2
[18%] 	 5,737/31,872 	 02:31:44
Match: Event 81180746, Lines 2
Match: Event 81181337, Lines 2
Match: Event 81181770, Lines 2
Match: Event 81182207, Lines 2
Match: Event 81182619, Lines 2
Match: Event 81183945, Lines 3
Match: Event 81183973, Lines 2
Match: Event 81184583, Lines 2
Match: Event 81185617, Lines 2
Match: Event 81186007, Lines 2
Match: Event 81186072, Lines 2
Match: Event 81186237, Lines 2
Match: Event 81187245, Lines 2
Match: Event 81187788, Lines 2
[19%] 	 6,056/31,872 	 02:40:32
Match: Event 81189192, Lines 2
Match: Event 81190534, Lines 2
Match: Event 81192875, Lines 2
Match: Event 81193478, Lines 2
Match: Event 81194180, Lines 2
Match: Event 81194202, Lines 2
Match: Event 81194300, Lines 2
Match: Event 81195745, Lines 2
Match: Event 81196491, Lines 2
Match: Event 81196686, Lines 2
Match: Event 81197405, Lines 2
Match: Event 81198054, Lines 2
Match: Event 81198077, Lines 2
[20%] 	 6,375/31,872 	 02:48:50
Match: Event 81199309, Lines 2
Match: Event 81199657, Lines 2
Match: Event 81200923, Lines 2
Match: Event 81202407, Lines 2
Match: Event 81202423, Lines 3
Match: Event 81204000, Lines 2
Match: Event 81204017, Lines 2
Match: Event 81205681, Lines 2
Match: Event 81207592, Lines 2
Match: Event 81208610, Lines 2
Match: Event 81208779, Lines 2
[21%] 	 6,694/31,872 	 02:56:16
Match: Event 81209591, Lines 2
Match: Event 81210951, Lines 2
Match: Event 81212603, Lines 2
Match: Event 81213918, Lines 2
Match: Event 81214052, Lines 2
Match: Event 81214553, Lines 2
Match: Event 81215344, Lines 2
Match: Event 81215346, Lines 2
Match: Event 81215871, Lines 2
Match: Event 81216372, Lines 2
Match: Event 81216393, Lines 2
Match: Event 81216717, Lines 2
Match: Event 81216848, Lines 2
Match: Event 81217493, Lines 2
Match: Event 81217911, Lines 2
Match: Event 81218375, Lines 2
[22%] 	 7,012/31,872 	 03:04:00
Match: Event 81218981, Lines 2
Match: Event 81219608, Lines 2
Match: Event 81219786, Lines 2
Match: Event 81220281, Lines 2
Match: Event 81220643, Lines 2
Match: Event 81221067, Lines 2
Match: Event 81221128, Lines 2
Match: Event 81222767, Lines 2
Match: Event 81223341, Lines 2
Match: Event 81225000, Lines 3
Match: Event 81228408, Lines 2
[23%] 	 7,331/31,872 	 03:11:55
Match: Event 81229677, Lines 2
Match: Event 81230778, Lines 2
Match: Event 81233017, Lines 2
Match: Event 81233600, Lines 2
Match: Event 81233739, Lines 2
Match: Event 81234671, Lines 2
Match: Event 81234960, Lines 2
Match: Event 81235065, Lines 3
Match: Event 81235724, Lines 3
Match: Event 81235993, Lines 2
Match: Event 81236146, Lines 3
Match: Event 81238578, Lines 2
Match: Event 81238722, Lines 2
[24%] 	 7,650/31,872 	 03:21:05
Match: Event 81239992, Lines 2
Match: Event 81241127, Lines 2
Match: Event 81241165, Lines 2
Match: Event 81241412, Lines 2
Match: Event 81241894, Lines 2
Match: Event 81242377, Lines 2
Match: Event 81243188, Lines 2
Match: Event 81243198, Lines 2
Match: Event 81244311, Lines 2
Match: Event 81244989, Lines 2
Match: Event 81246070, Lines 2
Match: Event 81248450, Lines 2
[25%] 	 7,968/31,872 	 03:28:44
Match: Event 81248926, Lines 2
Match: Event 81249203, Lines 2
Match: Event 81249394, Lines 2
Match: Event 81250451, Lines 2
Match: Event 81250866, Lines 2
Match: Event 81251601, Lines 2
Match: Event 81251925, Lines 2
Match: Event 81251977, Lines 2
Match: Event 81252303, Lines 3
Match: Event 81252413, Lines 2
Match: Event 81252656, Lines 2
Match: Event 81253562, Lines 2
Match: Event 81253638, Lines 2
Match: Event 81253641, Lines 2
Match: Event 81254618, Lines 2
Match: Event 81254731, Lines 2
Match: Event 81254917, Lines 2
Match: Event 81254967, Lines 2
Match: Event 81255803, Lines 2
Match: Event 81256046, Lines 2
Match: Event 81256359, Lines 2
Match: Event 81256568, Lines 3
Match: Event 81256796, Lines 2
Match: Event 81257763, Lines 2
Match: Event 81257855, Lines 2
Match: Event 81258094, Lines 2
Match: Event 81258169, Lines 2
[26%] 	 8,287/31,872 	 03:37:00
Match: Event 81258833, Lines 2
Match: Event 81258926, Lines 3
Match: Event 81259633, Lines 2
Match: Event 81259892, Lines 2
Match: Event 81259947, Lines 2
Match: Event 81260658, Lines 2
Match: Event 81261624, Lines 2
Match: Event 81264079, Lines 2
Match: Event 81264835, Lines 2
Match: Event 81265200, Lines 2
Match: Event 81265539, Lines 2
Match: Event 81267089, Lines 2
Match: Event 81268236, Lines 2
Match: Event 81269203, Lines 2
Match: Event 81269238, Lines 2
Match: Event 81269667, Lines 2
[27%] 	 8,606/31,872 	 03:44:35
Match: Event 81271450, Lines 2
Match: Event 81271859, Lines 2
Match: Event 81272344, Lines 2
Match: Event 81272519, Lines 2
Match: Event 81273374, Lines 2
Match: Event 81273422, Lines 2
Match: Event 81274027, Lines 2
Match: Event 81275053, Lines 2
Match: Event 81275733, Lines 2
Match: Event 81276819, Lines 2
Match: Event 81278915, Lines 2
Match: Event 81279120, Lines 3
[28%] 	 8,925/31,872 	 03:52:02
Match: Event 81280566, Lines 2
Match: Event 81281186, Lines 2
Match: Event 81281507, Lines 2
Match: Event 81281954, Lines 2
Match: Event 81282256, Lines 2
Match: Event 81282777, Lines 2
Match: Event 81282865, Lines 2
Match: Event 81283019, Lines 2
Match: Event 81283911, Lines 2
Match: Event 81285340, Lines 2
Match: Event 81285686, Lines 2
Match: Event 81286424, Lines 2
Match: Event 81286770, Lines 2
Match: Event 81286899, Lines 2
Match: Event 81287702, Lines 2
Match: Event 81288133, Lines 2
Match: Event 81288551, Lines 2
[29%] 	 9,243/31,872 	 04:00:04
Match: Event 81289346, Lines 2
Match: Event 81289366, Lines 3
Match: Event 81290843, Lines 3
Match: Event 81292183, Lines 2
Match: Event 81292874, Lines 2
Match: Event 81293033, Lines 3
Match: Event 81293615, Lines 2
Match: Event 81293920, Lines 2
Match: Event 81293971, Lines 2
Match: Event 81295630, Lines 2
Match: Event 81295684, Lines 2
Match: Event 81296183, Lines 2
Match: Event 81296652, Lines 2
Match: Event 81296952, Lines 2
Match: Event 81296976, Lines 2
Match: Event 81298442, Lines 2
[30%] 	 9,562/31,872 	 04:08:00
Match: Event 81299390, Lines 2
Match: Event 81299442, Lines 2
Match: Event 81301523, Lines 2
Match: Event 81301790, Lines 2
Match: Event 81301921, Lines 2
Match: Event 81302162, Lines 2
Match: Event 81303207, Lines 2
Match: Event 81304195, Lines 3
Match: Event 81305151, Lines 2
Match: Event 81305505, Lines 2
Match: Event 81306488, Lines 2
Match: Event 81306639, Lines 2
Match: Event 81306697, Lines 2
Match: Event 81308879, Lines 2
[31%] 	 9,881/31,872 	 04:15:51
Match: Event 81309593, Lines 2
Match: Event 81309701, Lines 2
Match: Event 81310348, Lines 2
Match: Event 81312173, Lines 2
Match: Event 81313251, Lines 2
Match: Event 81313331, Lines 2
Match: Event 81313874, Lines 2
Match: Event 81314823, Lines 2
Match: Event 81315009, Lines 2
Match: Event 81315010, Lines 2
Match: Event 81316374, Lines 2
Match: Event 81317783, Lines 2
Match: Event 81318037, Lines 3
Match: Event 81318434, Lines 2
Match: Event 81318469, Lines 2
[32%] 	 10,200/31,872 	 04:24:10
Match: Event 81319242, Lines 2
Match: Event 81320305, Lines 2
Match: Event 81320333, Lines 2
Match: Event 81321139, Lines 2
Match: Event 81321296, Lines 2
Match: Event 81322010, Lines 2
Match: Event 81322826, Lines 2
Match: Event 81323132, Lines 2
Match: Event 81324109, Lines 2
Match: Event 81324312, Lines 3
Match: Event 81324680, Lines 2
Match: Event 81324966, Lines 2
Match: Event 81325566, Lines 2
Match: Event 81326654, Lines 3
Match: Event 81326970, Lines 2
Match: Event 81326988, Lines 2
[33%] 	 10,518/31,872 	 04:32:40
Match: Event 81328866, Lines 2
Match: Event 81330522, Lines 2
Match: Event 81330599, Lines 2
Match: Event 81331437, Lines 2
Match: Event 81331787, Lines 2
Match: Event 81332660, Lines 2
Match: Event 81332678, Lines 3
Match: Event 81332733, Lines 2
Match: Event 81332842, Lines 2
Match: Event 81333977, Lines 2
Match: Event 81334340, Lines 2
Match: Event 81335672, Lines 2
Match: Event 81335868, Lines 2
Match: Event 81337224, Lines 2
Match: Event 81337244, Lines 2
Match: Event 81337299, Lines 2
Match: Event 81337527, Lines 2
[34%] 	 10,837/31,872 	 04:41:15
Match: Event 81339701, Lines 2
Match: Event 81340045, Lines 2
Match: Event 81340572, Lines 2
Match: Event 81340809, Lines 2
Match: Event 81341458, Lines 2
Match: Event 81342102, Lines 2
Match: Event 81342529, Lines 2
Match: Event 81345037, Lines 2
Match: Event 81345042, Lines 2
Match: Event 81345132, Lines 2
Match: Event 81345553, Lines 2
Match: Event 81345759, Lines 2
Match: Event 81345892, Lines 2
Match: Event 81346581, Lines 2
Match: Event 81347049, Lines 2
Match: Event 81348526, Lines 2
[35%] 	 11,156/31,872 	 04:49:11
Match: Event 81350266, Lines 2
Match: Event 81351695, Lines 2
Match: Event 81352188, Lines 2
Match: Event 81352413, Lines 2
Match: Event 81352566, Lines 2
Match: Event 81352731, Lines 2
Match: Event 81354010, Lines 2
Match: Event 81354150, Lines 2
Match: Event 81355108, Lines 2
Match: Event 81355295, Lines 2
Match: Event 81356126, Lines 2
Match: Event 81357332, Lines 2
[36%] 	 11,474/31,872 	 04:56:54
Match: Event 81360128, Lines 3
Match: Event 81360253, Lines 2
Match: Event 81361645, Lines 2
Match: Event 81361990, Lines 2
Match: Event 81362088, Lines 3
Match: Event 81362789, Lines 2
Match: Event 81363483, Lines 2
Match: Event 81363840, Lines 2
Match: Event 81365472, Lines 2
Match: Event 81367631, Lines 2
Match: Event 81367968, Lines 2
Match: Event 81367969, Lines 2
Match: Event 81367972, Lines 3
[37%] 	 11,793/31,872 	 05:04:37
Match: Event 81369088, Lines 2
Match: Event 81369283, Lines 3
Match: Event 81369990, Lines 2
Match: Event 81370948, Lines 2
Match: Event 81371311, Lines 2
Match: Event 81371860, Lines 2
Match: Event 81372266, Lines 2
Match: Event 81372436, Lines 2
Match: Event 81373882, Lines 2
Match: Event 81374460, Lines 2
Match: Event 81374532, Lines 2
Match: Event 81374752, Lines 2
Match: Event 81375123, Lines 2
Match: Event 81377507, Lines 2
[38%] 	 12,112/31,872 	 05:12:47
Match: Event 81378478, Lines 2
Match: Event 81378850, Lines 3
Match: Event 81379056, Lines 2
Match: Event 81379205, Lines 3
Match: Event 81379307, Lines 2
Match: Event 81379414, Lines 2
Match: Event 81379835, Lines 2
Match: Event 81380141, Lines 3
Match: Event 81381516, Lines 2
Match: Event 81382332, Lines 3
Match: Event 81382888, Lines 2
Match: Event 81383075, Lines 2
Match: Event 81383626, Lines 2
Match: Event 81384907, Lines 2
[39%] 	 12,431/31,872 	 05:21:25
Match: Event 81388312, Lines 2
Match: Event 81388447, Lines 2
Match: Event 81391173, Lines 2
Match: Event 81391295, Lines 2
Match: Event 81391644, Lines 2
Match: Event 81393423, Lines 2
Match: Event 81394213, Lines 2
Match: Event 81394322, Lines 2
Match: Event 81394895, Lines 2
Match: Event 81395198, Lines 2
Match: Event 81396823, Lines 2
Match: Event 81396854, Lines 2
Match: Event 81397202, Lines 2
Match: Event 81398052, Lines 2
Match: Event 81398080, Lines 2
[40%] 	 12,749/31,872 	 05:30:05
Match: Event 81398354, Lines 2
Match: Event 81399520, Lines 2
Match: Event 81400218, Lines 2
Match: Event 81400457, Lines 2
Match: Event 81400635, Lines 2
Match: Event 81401400, Lines 2
Match: Event 81403122, Lines 2
Match: Event 81403306, Lines 2
Match: Event 81403492, Lines 2
Match: Event 81403736, Lines 2
Match: Event 81405401, Lines 2
Match: Event 81407174, Lines 2
Match: Event 81407414, Lines 2
Match: Event 81408386, Lines 2
[41%] 	 13,068/31,872 	 05:39:30
Match: Event 81409428, Lines 2
Match: Event 81410313, Lines 2
Match: Event 81410910, Lines 2
Match: Event 81411556, Lines 2
Match: Event 81411576, Lines 2
Match: Event 81412186, Lines 2
Match: Event 81412514, Lines 2
Match: Event 81412875, Lines 2
Match: Event 81412964, Lines 2
Match: Event 81413097, Lines 2
Match: Event 81413492, Lines 2
Match: Event 81413971, Lines 2
Match: Event 81414034, Lines 2
Match: Event 81414108, Lines 2
Match: Event 81414273, Lines 2
Match: Event 81415686, Lines 2
Match: Event 81416523, Lines 2
Match: Event 81416615, Lines 2
Match: Event 81417614, Lines 2
Match: Event 81418027, Lines 2
Match: Event 81418697, Lines 2
Match: Event 81418993, Lines 2
[42%] 	 13,387/31,872 	 05:47:45
Match: Event 81420555, Lines 3
Match: Event 81421038, Lines 2
Match: Event 81421681, Lines 2
Match: Event 81421857, Lines 2
Match: Event 81423122, Lines 3
Match: Event 81424976, Lines 2
Match: Event 81425308, Lines 2
Match: Event 81426179, Lines 2
Match: Event 81426252, Lines 2
Match: Event 81428726, Lines 2
Match: Event 81430366, Lines 3
[43%] 	 13,705/31,872 	 05:55:59
Match: Event 81431239, Lines 2
Match: Event 81432954, Lines 2
Match: Event 81433776, Lines 2
Match: Event 81434247, Lines 2
Match: Event 81435316, Lines 2
Match: Event 81437203, Lines 2
Match: Event 81437498, Lines 2
Match: Event 81437966, Lines 2
Match: Event 81437991, Lines 2
Match: Event 81439316, Lines 2
[44%] 	 14,024/31,872 	 06:03:58
Match: Event 81440546, Lines 2
Match: Event 81441288, Lines 2
Match: Event 81441316, Lines 2
Match: Event 81442341, Lines 2
Match: Event 81443034, Lines 2
Match: Event 81443371, Lines 2
Match: Event 81444063, Lines 2
Match: Event 81444159, Lines 2
Match: Event 81445440, Lines 3
Match: Event 81446157, Lines 2
Match: Event 81446226, Lines 2
Match: Event 81446307, Lines 2
Match: Event 81446715, Lines 2
Match: Event 81446790, Lines 2
Match: Event 81447751, Lines 2
Match: Event 81448710, Lines 2
Match: Event 81449257, Lines 2
Match: Event 81449670, Lines 2
Match: Event 81449775, Lines 2
Match: Event 81449970, Lines 2
Match: Event 81450767, Lines 2
[45%] 	 14,343/31,872 	 06:13:10
Match: Event 81452705, Lines 3
Match: Event 81452762, Lines 2
Match: Event 81453174, Lines 2
Match: Event 81453651, Lines 2
Match: Event 81454851, Lines 2
Match: Event 81457492, Lines 2
Match: Event 81460135, Lines 2
Match: Event 81461319, Lines 2
[46%] 	 14,662/31,872 	 06:21:31
Match: Event 81462238, Lines 2
Match: Event 81462882, Lines 2
Match: Event 81462971, Lines 3
Match: Event 81463283, Lines 2
Match: Event 81463771, Lines 2
Match: Event 81464401, Lines 2
Match: Event 81464555, Lines 2
Match: Event 81466517, Lines 2
Match: Event 81468582, Lines 2
[47%] 	 14,980/31,872 	 06:29:44
Match: Event 81471350, Lines 2
Match: Event 81471388, Lines 2
Match: Event 81471708, Lines 2
Match: Event 81472427, Lines 2
Match: Event 81472947, Lines 2
Match: Event 81472969, Lines 2
Match: Event 81474258, Lines 2
Match: Event 81474627, Lines 2
Match: Event 81475461, Lines 2
Match: Event 81476964, Lines 2
Match: Event 81477021, Lines 3
Match: Event 81478210, Lines 2
Match: Event 81478567, Lines 2
Match: Event 81478844, Lines 2
Match: Event 81479493, Lines 2
Match: Event 81479691, Lines 2
[48%] 	 15,299/31,872 	 06:37:34
Match: Event 81480696, Lines 2
Match: Event 81482385, Lines 2
Match: Event 81482647, Lines 2
Match: Event 81484164, Lines 2
Match: Event 81486405, Lines 2
Match: Event 81487754, Lines 2
Match: Event 81488412, Lines 2
Match: Event 81489062, Lines 2
Match: Event 81489321, Lines 2
Match: Event 81490124, Lines 2
Match: Event 81490593, Lines 3
[49%] 	 15,618/31,872 	 06:46:18
Match: Event 81492539, Lines 2
Match: Event 81493205, Lines 2
Match: Event 81493690, Lines 3
Match: Event 81494049, Lines 2
Match: Event 81494465, Lines 2
Match: Event 81495004, Lines 2
Match: Event 81495600, Lines 2
Match: Event 81495735, Lines 2
Match: Event 81496921, Lines 2
Match: Event 81498051, Lines 2
Match: Event 81498827, Lines 2
Match: Event 81498915, Lines 2
Match: Event 81499459, Lines 2
Match: Event 81500318, Lines 2
[50%] 	 15,936/31,872 	 06:54:34
Match: Event 81500999, Lines 2
Match: Event 81501221, Lines 2
Match: Event 81501394, Lines 2
Match: Event 81501487, Lines 2
Match: Event 81502042, Lines 2
Match: Event 81502983, Lines 2
Match: Event 81504259, Lines 2
Match: Event 81505201, Lines 2
Match: Event 81505976, Lines 2
Match: Event 81506830, Lines 2
Match: Event 81508519, Lines 2
Match: Event 81509047, Lines 2
Match: Event 81509110, Lines 2
Match: Event 81509828, Lines 2
Match: Event 81509919, Lines 3
Match: Event 81510553, Lines 2
[51%] 	 16,255/31,872 	 07:03:05
Match: Event 81511713, Lines 3
Match: Event 81513292, Lines 2
Match: Event 81513311, Lines 2
Match: Event 81517150, Lines 2
Match: Event 81517932, Lines 2
Match: Event 81518556, Lines 2
Match: Event 81520415, Lines 2
[52%] 	 16,574/31,872 	 07:10:59
Match: Event 81521163, Lines 2
Match: Event 81521463, Lines 2
Match: Event 81524238, Lines 2
Match: Event 81524410, Lines 2
Match: Event 81525937, Lines 2
Match: Event 81526387, Lines 2
Match: Event 81527558, Lines 2
Match: Event 81528099, Lines 2
Match: Event 81528299, Lines 2
Match: Event 81529020, Lines 2
Match: Event 81529144, Lines 2
[53%] 	 16,893/31,872 	 07:19:35
Match: Event 81530585, Lines 2
Match: Event 81530719, Lines 2
Match: Event 81531126, Lines 3
Match: Event 81531348, Lines 2
Match: Event 81532407, Lines 2
Match: Event 81532803, Lines 2
Match: Event 81534023, Lines 2
Match: Event 81534704, Lines 2
Match: Event 81535744, Lines 2
Match: Event 81535946, Lines 2
Match: Event 81536068, Lines 3
Match: Event 81536259, Lines 2
Match: Event 81536571, Lines 2
Match: Event 81536652, Lines 2
Match: Event 81537518, Lines 3
Match: Event 81539130, Lines 2
Match: Event 81539471, Lines 2
Match: Event 81539542, Lines 2
Match: Event 81540298, Lines 2
[54%] 	 17,211/31,872 	 07:27:38
Match: Event 81541511, Lines 2
Match: Event 81541753, Lines 2
Match: Event 81541857, Lines 2
Match: Event 81544059, Lines 2
Match: Event 81545931, Lines 2
Match: Event 81546850, Lines 2
Match: Event 81546973, Lines 2
Match: Event 81547329, Lines 2
Match: Event 81547599, Lines 2
Match: Event 81547825, Lines 2
Match: Event 81549474, Lines 2
Match: Event 81549901, Lines 2
Match: Event 81550467, Lines 2
[55%] 	 17,530/31,872 	 07:35:09
Match: Event 81552238, Lines 2
Match: Event 81552408, Lines 3
Match: Event 81554453, Lines 2
Match: Event 81554566, Lines 2
Match: Event 81554846, Lines 2
Match: Event 81555001, Lines 2
Match: Event 81555067, Lines 2
Match: Event 81555525, Lines 2
Match: Event 81555684, Lines 2
Match: Event 81556668, Lines 3
Match: Event 81559138, Lines 2
Match: Event 81559667, Lines 2
[56%] 	 17,849/31,872 	 07:43:13
Match: Event 81560876, Lines 2
Match: Event 81561148, Lines 2
Match: Event 81561785, Lines 2
Match: Event 81562170, Lines 3
Match: Event 81562714, Lines 2
Match: Event 81564445, Lines 2
Match: Event 81565810, Lines 3
Match: Event 81566109, Lines 3
Match: Event 81567395, Lines 2
Match: Event 81568200, Lines 2
Match: Event 81569368, Lines 2
[57%] 	 18,168/31,872 	 07:51:31
Match: Event 81570605, Lines 2
Match: Event 81571227, Lines 2
Match: Event 81572510, Lines 2
Match: Event 81574670, Lines 2
Match: Event 81577223, Lines 2
Match: Event 81577698, Lines 2
Match: Event 81578019, Lines 2
Match: Event 81578529, Lines 2
Match: Event 81579396, Lines 2
Match: Event 81579919, Lines 2
Match: Event 81580317, Lines 2
[58%] 	 18,486/31,872 	 07:59:43
Match: Event 81581238, Lines 2
Match: Event 81581467, Lines 2
Match: Event 81581586, Lines 2
Match: Event 81582244, Lines 2
Match: Event 81584027, Lines 2
Match: Event 81585252, Lines 2
Match: Event 81586911, Lines 3
Match: Event 81587208, Lines 2
Match: Event 81587922, Lines 2
Match: Event 81589883, Lines 2
[59%] 	 18,805/31,872 	 08:07:00
Match: Event 81591358, Lines 2
Match: Event 81591748, Lines 2
Match: Event 81591971, Lines 2
Match: Event 81592681, Lines 2
Match: Event 81593043, Lines 2
Match: Event 81593111, Lines 3
Match: Event 81593318, Lines 2
Match: Event 81593480, Lines 2
Match: Event 81593546, Lines 2
Match: Event 81594831, Lines 2
Match: Event 81595641, Lines 2
Match: Event 81596215, Lines 2
Match: Event 81597008, Lines 2
Match: Event 81597852, Lines 2
Match: Event 81598796, Lines 2
Match: Event 81599199, Lines 2
Match: Event 81599901, Lines 2
Match: Event 81601002, Lines 2
Match: Event 81601083, Lines 2
Match: Event 81601120, Lines 2
Match: Event 81601173, Lines 2
[60%] 	 19,124/31,872 	 08:14:19
Match: Event 81601841, Lines 2
Match: Event 81602540, Lines 2
Match: Event 81603487, Lines 2
Match: Event 81603931, Lines 2
Match: Event 81604118, Lines 2
Match: Event 81604320, Lines 2
Match: Event 81605280, Lines 2
Match: Event 81606511, Lines 2
Match: Event 81606789, Lines 2
Match: Event 81607472, Lines 3
Match: Event 81607964, Lines 2
Match: Event 81608148, Lines 2
Match: Event 81608807, Lines 2
Match: Event 81609847, Lines 2
Match: Event 81609854, Lines 2
Match: Event 81610458, Lines 2
Match: Event 81610705, Lines 2
Match: Event 81610957, Lines 3
[61%] 	 19,442/31,872 	 08:22:02
Match: Event 81611619, Lines 2
Match: Event 81612551, Lines 3
Match: Event 81612916, Lines 2
Match: Event 81613829, Lines 2
Match: Event 81613901, Lines 2
Match: Event 81613915, Lines 3
Match: Event 81614262, Lines 2
Match: Event 81614622, Lines 2
Match: Event 81614914, Lines 2
Match: Event 81615434, Lines 2
Match: Event 81616101, Lines 2
Match: Event 81616695, Lines 2
Match: Event 81616776, Lines 2
Match: Event 81616998, Lines 2
Match: Event 81617365, Lines 2
Match: Event 81618512, Lines 2
Match: Event 81619690, Lines 2
Match: Event 81620592, Lines 2
[62%] 	 19,761/31,872 	 08:29:47
Match: Event 81621241, Lines 2
Match: Event 81622511, Lines 2
Match: Event 81623049, Lines 3
Match: Event 81623053, Lines 2
Match: Event 81623185, Lines 2
Match: Event 81624575, Lines 2
Match: Event 81624583, Lines 2
Match: Event 81625261, Lines 2
Match: Event 81625651, Lines 2
Match: Event 81626023, Lines 2
Match: Event 81627254, Lines 2
Match: Event 81627276, Lines 2
Match: Event 81627289, Lines 2
Match: Event 81627853, Lines 2
Match: Event 81628064, Lines 2
Match: Event 81628704, Lines 2
Match: Event 81630337, Lines 2
Match: Event 81630446, Lines 2
Match: Event 81630761, Lines 2
Match: Event 81631055, Lines 2
Match: Event 81631129, Lines 3
[63%] 	 20,080/31,872 	 08:37:31
Match: Event 81632382, Lines 2
Match: Event 81633345, Lines 2
Match: Event 81633479, Lines 2
Match: Event 81635060, Lines 2
Match: Event 81637128, Lines 2
Match: Event 81637364, Lines 2
Match: Event 81638539, Lines 2
Match: Event 81638667, Lines 2
Match: Event 81639213, Lines 2
Match: Event 81639502, Lines 2
[64%] 	 20,399/31,872 	 08:45:02
Match: Event 81641232, Lines 2
Match: Event 81641372, Lines 2
Match: Event 81641893, Lines 2
Match: Event 81642229, Lines 2
Match: Event 81642941, Lines 2
Match: Event 81643456, Lines 2
Match: Event 81644599, Lines 2
Match: Event 81645876, Lines 2
Match: Event 81647178, Lines 2
Match: Event 81647196, Lines 2
Match: Event 81648061, Lines 3
Match: Event 81648277, Lines 2
Match: Event 81649383, Lines 2
Match: Event 81649548, Lines 2
Match: Event 81649582, Lines 2
Match: Event 81649847, Lines 3
Match: Event 81649928, Lines 2
[65%] 	 20,717/31,872 	 08:52:28
Match: Event 81650162, Lines 2
Match: Event 81650770, Lines 2
Match: Event 81651079, Lines 2
Match: Event 81651146, Lines 2
Match: Event 81652570, Lines 2
Match: Event 81652645, Lines 2
Match: Event 81654936, Lines 2
Match: Event 81655132, Lines 2
Match: Event 81655616, Lines 2
Match: Event 81655848, Lines 2
Match: Event 81655922, Lines 3
Match: Event 81656770, Lines 2
Match: Event 81658727, Lines 2
Match: Event 81659142, Lines 2
Match: Event 81660910, Lines 2
[66%] 	 21,036/31,872 	 09:00:04
Match: Event 81662448, Lines 2
Match: Event 81662683, Lines 2
Match: Event 81662723, Lines 2
Match: Event 81663564, Lines 2
Match: Event 81663694, Lines 2
Match: Event 81664256, Lines 2
Match: Event 81665170, Lines 2
Match: Event 81665335, Lines 2
Match: Event 81665903, Lines 2
Match: Event 81666170, Lines 2
Match: Event 81666259, Lines 2
Match: Event 81666401, Lines 2
Match: Event 81666487, Lines 2
Match: Event 81667018, Lines 2
Match: Event 81667236, Lines 2
Match: Event 81667776, Lines 2
Match: Event 81668614, Lines 2
Match: Event 81668749, Lines 2
Match: Event 81669121, Lines 2
Match: Event 81669203, Lines 2
Match: Event 81669482, Lines 2
[67%] 	 21,355/31,872 	 09:08:20
Match: Event 81670189, Lines 3
Match: Event 81670366, Lines 2
Match: Event 81670829, Lines 2
Match: Event 81671011, Lines 3
Match: Event 81671300, Lines 2
Match: Event 81673244, Lines 2
Match: Event 81673611, Lines 2
Match: Event 81673635, Lines 2
Match: Event 81673670, Lines 2
Match: Event 81675473, Lines 2
Match: Event 81675941, Lines 3
Match: Event 81676418, Lines 2
Match: Event 81677680, Lines 2
Match: Event 81678145, Lines 2
Match: Event 81678734, Lines 2
[68%] 	 21,673/31,872 	 09:16:55
Match: Event 81685976, Lines 3
Match: Event 81686669, Lines 2
Match: Event 81687419, Lines 2
Match: Event 81688998, Lines 2
[69%] 	 21,992/31,872 	 09:24:48
Match: Event 81689246, Lines 2
Match: Event 81689348, Lines 2
Match: Event 81689389, Lines 2
Match: Event 81689661, Lines 3
Match: Event 81689728, Lines 2
Match: Event 81689803, Lines 2
Match: Event 81689845, Lines 2
Match: Event 81690459, Lines 2
Match: Event 81692286, Lines 2
Match: Event 81692523, Lines 2
Match: Event 81692736, Lines 2
Match: Event 81693465, Lines 2
Match: Event 81693575, Lines 2
Match: Event 81694181, Lines 2
Match: Event 81694236, Lines 3
Match: Event 81694371, Lines 2
Match: Event 81695602, Lines 2
Match: Event 81698225, Lines 2
Match: Event 81698339, Lines 2
[70%] 	 22,311/31,872 	 09:33:02
Match: Event 81699235, Lines 2
Match: Event 81699823, Lines 2
Match: Event 81700050, Lines 2
Match: Event 81700636, Lines 2
Match: Event 81700785, Lines 2
Match: Event 81701114, Lines 2
Match: Event 81701125, Lines 2
Match: Event 81701332, Lines 2
Match: Event 81701427, Lines 3
Match: Event 81701834, Lines 2
Match: Event 81703494, Lines 2
Match: Event 81703719, Lines 2
Match: Event 81704902, Lines 2
Match: Event 81705376, Lines 2
Match: Event 81705651, Lines 3
Match: Event 81706435, Lines 2
Match: Event 81707278, Lines 2
Match: Event 81707776, Lines 2
[71%] 	 22,630/31,872 	 09:40:52
Match: Event 81708164, Lines 2
Match: Event 81708378, Lines 2
Match: Event 81708543, Lines 2
Match: Event 81708631, Lines 2
Match: Event 81709184, Lines 3
Match: Event 81709496, Lines 2
Match: Event 81709865, Lines 2
Match: Event 81710601, Lines 2
Match: Event 81711574, Lines 3
Match: Event 81711941, Lines 2
Match: Event 81712166, Lines 2
Match: Event 81712502, Lines 2
Match: Event 81712813, Lines 2
Match: Event 81713052, Lines 2
Match: Event 81714253, Lines 2
Match: Event 81714828, Lines 2
Match: Event 81716785, Lines 2
[72%] 	 22,948/31,872 	 09:48:43
Match: Event 81717094, Lines 2
Match: Event 81718461, Lines 2
Match: Event 81722682, Lines 2
Match: Event 81725295, Lines 2
Match: Event 81725299, Lines 2
Match: Event 81725357, Lines 2
Match: Event 81726214, Lines 2
Match: Event 81726872, Lines 2
[73%] 	 23,267/31,872 	 09:56:29
Match: Event 81727648, Lines 2
Match: Event 81728845, Lines 2
Match: Event 81730772, Lines 2
Match: Event 81731707, Lines 2
Match: Event 81732559, Lines 2
Match: Event 81732652, Lines 2
Match: Event 81732663, Lines 2
Match: Event 81732990, Lines 2
Match: Event 81733805, Lines 2
Match: Event 81734221, Lines 2
Match: Event 81734554, Lines 2
Match: Event 81734990, Lines 2
Match: Event 81735311, Lines 2
Match: Event 81736123, Lines 2
Match: Event 81736693, Lines 2
[74%] 	 23,586/31,872 	 10:04:13
Match: Event 81737414, Lines 2
Match: Event 81737802, Lines 2
Match: Event 81738274, Lines 2
Match: Event 81738314, Lines 2
Match: Event 81741517, Lines 2
Match: Event 81741577, Lines 3
Match: Event 81742128, Lines 2
Match: Event 81742734, Lines 2
Match: Event 81743281, Lines 2
Match: Event 81745899, Lines 2
Match: Event 81745972, Lines 2
Match: Event 81746896, Lines 2
Match: Event 81746923, Lines 2
Match: Event 81746946, Lines 2
[75%] 	 23,904/31,872 	 10:11:38
Match: Event 81747376, Lines 2
Match: Event 81748008, Lines 2
Match: Event 81748027, Lines 2
Match: Event 81748311, Lines 2
Match: Event 81748662, Lines 2
Match: Event 81748693, Lines 2
Match: Event 81748778, Lines 2
Match: Event 81749507, Lines 2
Match: Event 81750056, Lines 2
Match: Event 81750594, Lines 2
Match: Event 81750604, Lines 2
Match: Event 81750776, Lines 2
Match: Event 81750815, Lines 2
Match: Event 81750829, Lines 2
Match: Event 81752136, Lines 3
Match: Event 81753009, Lines 2
Match: Event 81753494, Lines 2
Match: Event 81753886, Lines 2
Match: Event 81754041, Lines 3
Match: Event 81754061, Lines 2
Match: Event 81754073, Lines 2
Match: Event 81754566, Lines 2
Match: Event 81755677, Lines 2
Match: Event 81756617, Lines 3
[76%] 	 24,223/31,872 	 10:19:40
Match: Event 81758508, Lines 2
Match: Event 81759404, Lines 2
Match: Event 81759648, Lines 2
Match: Event 81759817, Lines 2
Match: Event 81761214, Lines 2
Match: Event 81762386, Lines 2
Match: Event 81762498, Lines 3
Match: Event 81763554, Lines 2
Match: Event 81765213, Lines 2
Match: Event 81765574, Lines 2
Match: Event 81766661, Lines 2
Match: Event 81767095, Lines 2
Match: Event 81767096, Lines 2
[77%] 	 24,542/31,872 	 10:27:13
Match: Event 81767726, Lines 2
Match: Event 81769022, Lines 2
Match: Event 81769060, Lines 2
Match: Event 81770344, Lines 2
Match: Event 81770895, Lines 2
Match: Event 81771634, Lines 2
Match: Event 81772260, Lines 2
Match: Event 81772628, Lines 2
Match: Event 81772965, Lines 2
Match: Event 81775153, Lines 2
Match: Event 81775600, Lines 2
Match: Event 81776009, Lines 2
[78%] 	 24,861/31,872 	 10:34:55
Match: Event 81778280, Lines 2
Match: Event 81779378, Lines 2
Match: Event 81783580, Lines 2
Match: Event 81785447, Lines 2
Match: Event 81785695, Lines 2
Match: Event 81787152, Lines 2
Match: Event 81787861, Lines 2
Match: Event 81788436, Lines 2
[79%] 	 25,179/31,872 	 10:42:45
Match: Event 81790718, Lines 2
Match: Event 81790774, Lines 2
Match: Event 81791192, Lines 2
Match: Event 81793832, Lines 2
Match: Event 81793987, Lines 2
Match: Event 81795016, Lines 2
Match: Event 81795688, Lines 2
Match: Event 81796736, Lines 2
Match: Event 81797023, Lines 2
Match: Event 81797207, Lines 2
Match: Event 81798160, Lines 2
Match: Event 81798500, Lines 2
Match: Event 81798846, Lines 2
[80%] 	 25,498/31,872 	 10:50:35
Match: Event 81798956, Lines 2
Match: Event 81800182, Lines 2
Match: Event 81801282, Lines 2
Match: Event 81801513, Lines 2
Match: Event 81801873, Lines 2
Match: Event 81803551, Lines 3
Match: Event 81803855, Lines 2
Match: Event 81805218, Lines 2
Match: Event 81805286, Lines 2
Match: Event 81805885, Lines 2
Match: Event 81805887, Lines 2
Match: Event 81808163, Lines 3
Match: Event 81808932, Lines 2
Match: Event 81809241, Lines 2
Match: Event 81809529, Lines 2
[81%] 	 25,817/31,872 	 10:57:20
Match: Event 81810066, Lines 2
Match: Event 81810817, Lines 3
Match: Event 81811330, Lines 2
Match: Event 81811431, Lines 2
Match: Event 81811759, Lines 2
Match: Event 81811836, Lines 2
Match: Event 81812219, Lines 2
Match: Event 81812610, Lines 2
Match: Event 81814249, Lines 2
Match: Event 81814724, Lines 2
Match: Event 81816031, Lines 2
Match: Event 81818091, Lines 2
Match: Event 81818807, Lines 2
Match: Event 81818961, Lines 2
Match: Event 81819252, Lines 2
Match: Event 81819897, Lines 2
[82%] 	 26,136/31,872 	 11:03:53
Match: Event 81820913, Lines 2
Match: Event 81821199, Lines 2
Match: Event 81821495, Lines 3
Match: Event 81823076, Lines 2
Match: Event 81823873, Lines 2
Match: Event 81827296, Lines 2
Match: Event 81827642, Lines 2
Match: Event 81828122, Lines 2
Match: Event 81829504, Lines 2
Match: Event 81829536, Lines 2
Match: Event 81829683, Lines 3
[83%] 	 26,454/31,872 	 11:10:27
Match: Event 81832369, Lines 2
Match: Event 81833923, Lines 2
Match: Event 81835159, Lines 2
Match: Event 81835868, Lines 2
Match: Event 81836320, Lines 2
Match: Event 81836507, Lines 2
Match: Event 81837897, Lines 2
Match: Event 81838442, Lines 2
Match: Event 81838599, Lines 2
Match: Event 81839769, Lines 2
[84%] 	 26,773/31,872 	 11:16:51
Match: Event 81840239, Lines 2
Match: Event 81841346, Lines 2
Match: Event 81842572, Lines 2
Match: Event 81842939, Lines 2
Match: Event 81843675, Lines 2
Match: Event 81845406, Lines 2
Match: Event 81847189, Lines 2
Match: Event 81847253, Lines 2
Match: Event 81847970, Lines 2
Match: Event 81848458, Lines 2
Match: Event 81848753, Lines 2
Match: Event 81849562, Lines 2
Match: Event 81849706, Lines 2
Match: Event 81849735, Lines 2
Match: Event 81850074, Lines 2
[85%] 	 27,092/31,872 	 11:23:46
Match: Event 81851426, Lines 2
Match: Event 81851477, Lines 2
Match: Event 81852019, Lines 2
Match: Event 81852429, Lines 2
Match: Event 81852607, Lines 2
Match: Event 81852711, Lines 2
Match: Event 81854038, Lines 2
Match: Event 81855960, Lines 2
Match: Event 81856651, Lines 2
Match: Event 81857061, Lines 2
Match: Event 81857261, Lines 2
Match: Event 81858057, Lines 2
Match: Event 81858812, Lines 2
Match: Event 81859570, Lines 2
Match: Event 81859827, Lines 2
[86%] 	 27,410/31,872 	 11:30:56
Match: Event 81860705, Lines 2
Match: Event 81860927, Lines 2
Match: Event 81863101, Lines 2
Match: Event 81863650, Lines 2
Match: Event 81863831, Lines 2
Match: Event 81863862, Lines 2
Match: Event 81864301, Lines 2
Match: Event 81864892, Lines 2
Match: Event 81865483, Lines 2
Match: Event 81866234, Lines 2
Match: Event 81866436, Lines 2
Match: Event 81867267, Lines 2
Match: Event 81867531, Lines 2
Match: Event 81867671, Lines 2
Match: Event 81869045, Lines 2
Match: Event 81869355, Lines 2
[87%] 	 27,729/31,872 	 11:37:37
Match: Event 81871601, Lines 2
Match: Event 81872979, Lines 3
Match: Event 81873581, Lines 2
Match: Event 81873638, Lines 3
Match: Event 81873671, Lines 2
Match: Event 81873716, Lines 2
Match: Event 81873835, Lines 2
Match: Event 81874216, Lines 2
Match: Event 81875562, Lines 2
Match: Event 81875793, Lines 2
Match: Event 81877048, Lines 2
Match: Event 81877170, Lines 2
Match: Event 81878240, Lines 2
Match: Event 81878701, Lines 2
Match: Event 81879195, Lines 2
Match: Event 81879442, Lines 2
Match: Event 81879536, Lines 2
[88%] 	 28,048/31,872 	 11:44:28
Match: Event 81879825, Lines 2
Match: Event 81880012, Lines 2
Match: Event 81880563, Lines 2
Match: Event 81881564, Lines 2
Match: Event 81881991, Lines 3
Match: Event 81882170, Lines 2
Match: Event 81882457, Lines 2
Match: Event 81882779, Lines 2
Match: Event 81884043, Lines 3
Match: Event 81884180, Lines 2
Match: Event 81884851, Lines 2
Match: Event 81884922, Lines 2
Match: Event 81885215, Lines 2
Match: Event 81886135, Lines 2
Match: Event 81887421, Lines 2
Match: Event 81888093, Lines 2
[89%] 	 28,367/31,872 	 11:51:33
Match: Event 81889937, Lines 3
Match: Event 81889955, Lines 2
Match: Event 81891500, Lines 2
Match: Event 81891701, Lines 2
Match: Event 81891716, Lines 2
Match: Event 81892321, Lines 2
Match: Event 81892495, Lines 2
Match: Event 81892524, Lines 2
Match: Event 81893624, Lines 2
Match: Event 81894260, Lines 2
Match: Event 81894924, Lines 2
Match: Event 81895887, Lines 2
Match: Event 81896290, Lines 2
Match: Event 81896292, Lines 2
Match: Event 81897753, Lines 2
Match: Event 81898116, Lines 2
Match: Event 81898130, Lines 2
Match: Event 81898257, Lines 2
Match: Event 81898640, Lines 2
Match: Event 81898696, Lines 2
Match: Event 81899156, Lines 2
[90%] 	 28,685/31,872 	 11:58:21
Match: Event 81900161, Lines 2
Match: Event 81900165, Lines 2
Match: Event 81900542, Lines 2
Match: Event 81901310, Lines 2
Match: Event 81901810, Lines 2
Match: Event 81902971, Lines 2
Match: Event 81903988, Lines 2
Match: Event 81904286, Lines 2
Match: Event 81904410, Lines 2
Match: Event 81905168, Lines 2
Match: Event 81906212, Lines 2
Match: Event 81908643, Lines 2
[91%] 	 29,004/31,872 	 12:05:25
Match: Event 81910558, Lines 2
Match: Event 81911654, Lines 2
Match: Event 81911690, Lines 2
Match: Event 81911740, Lines 2
Match: Event 81912545, Lines 2
Match: Event 81914703, Lines 3
Match: Event 81915299, Lines 2
Match: Event 81916337, Lines 2
Match: Event 81917080, Lines 2
Match: Event 81917360, Lines 2
Match: Event 81918725, Lines 2
Match: Event 81919353, Lines 2
Match: Event 81919919, Lines 2
Match: Event 81920028, Lines 2
Match: Event 81920046, Lines 2
Match: Event 81920154, Lines 2
[92%] 	 29,323/31,872 	 12:12:22
Match: Event 81920821, Lines 2
Match: Event 81921140, Lines 2
Match: Event 81921182, Lines 2
Match: Event 81921316, Lines 2
Match: Event 81921433, Lines 2
Match: Event 81921697, Lines 2
Match: Event 81921839, Lines 2
Match: Event 81921929, Lines 2
Match: Event 81922025, Lines 2
Match: Event 81922461, Lines 2
Match: Event 81922838, Lines 2
Match: Event 81923680, Lines 2
Match: Event 81924253, Lines 2
Match: Event 81924281, Lines 2
Match: Event 81924512, Lines 2
Match: Event 81924683, Lines 2
Match: Event 81924734, Lines 2
Match: Event 81925067, Lines 2
Match: Event 81925987, Lines 2
Match: Event 81928595, Lines 2
Match: Event 81928944, Lines 2
Match: Event 81929194, Lines 2
Match: Event 81929873, Lines 2
Match: Event 81929943, Lines 2
Match: Event 81930176, Lines 2
[93%] 	 29,641/31,872 	 12:19:52
Match: Event 81930338, Lines 2
Match: Event 81931249, Lines 3
Match: Event 81931502, Lines 2
Match: Event 81931630, Lines 2
Match: Event 81932376, Lines 2
Match: Event 81932939, Lines 2
Match: Event 81932976, Lines 2
Match: Event 81933179, Lines 2
Match: Event 81933281, Lines 2
Match: Event 81933404, Lines 2
Match: Event 81934407, Lines 2
Match: Event 81934910, Lines 2
Match: Event 81935390, Lines 2
Match: Event 81935500, Lines 2
Match: Event 81935654, Lines 2
Match: Event 81935669, Lines 2
Match: Event 81935689, Lines 2
Match: Event 81936233, Lines 2
Match: Event 81936797, Lines 2
Match: Event 81936810, Lines 3
Match: Event 81937046, Lines 2
Match: Event 81937459, Lines 2
Match: Event 81937651, Lines 2
Match: Event 81938554, Lines 2
Match: Event 81938886, Lines 2
[94%] 	 29,960/31,872 	 12:26:50
Match: Event 81939322, Lines 2
Match: Event 81939580, Lines 2
Match: Event 81939779, Lines 3
Match: Event 81940493, Lines 2
Match: Event 81941274, Lines 2
Match: Event 81941358, Lines 2
Match: Event 81942266, Lines 2
Match: Event 81942479, Lines 2
Match: Event 81942712, Lines 2
Match: Event 81942887, Lines 2
Match: Event 81943709, Lines 2
Match: Event 81944198, Lines 2
Match: Event 81945119, Lines 2
Match: Event 81945316, Lines 2
Match: Event 81946633, Lines 2
Match: Event 81946665, Lines 2
Match: Event 81947265, Lines 2
Match: Event 81948542, Lines 2
[95%] 	 30,279/31,872 	 12:33:35
Match: Event 81949979, Lines 2
Match: Event 81950001, Lines 2
Match: Event 81950035, Lines 2
Match: Event 81952263, Lines 3
Match: Event 81952533, Lines 2
Match: Event 81953552, Lines 2
Match: Event 81954049, Lines 2
Match: Event 81956184, Lines 2
Match: Event 81956565, Lines 2
Match: Event 81956995, Lines 2
Match: Event 81957344, Lines 2
Match: Event 81957356, Lines 2
Match: Event 81957901, Lines 2
[96%] 	 30,598/31,872 	 12:40:19
Match: Event 81960424, Lines 2
Match: Event 81960588, Lines 2
Match: Event 81960817, Lines 2
Match: Event 81960960, Lines 2
Match: Event 81961243, Lines 2
Match: Event 81962224, Lines 2
Match: Event 81962785, Lines 2
Match: Event 81962911, Lines 2
Match: Event 81964457, Lines 2
Match: Event 81964659, Lines 2
Match: Event 81965810, Lines 2
Match: Event 81967276, Lines 2
Match: Event 81967729, Lines 2
Match: Event 81969024, Lines 2
Match: Event 81969091, Lines 2
Match: Event 81969558, Lines 2
[97%] 	 30,916/31,872 	 12:46:43
Match: Event 81971609, Lines 2
Match: Event 81972021, Lines 2
Match: Event 81972037, Lines 2
Match: Event 81973852, Lines 2
Match: Event 81975853, Lines 2
Match: Event 81975892, Lines 2
Match: Event 81976739, Lines 2
Match: Event 81977748, Lines 2
Match: Event 81978487, Lines 2
Match: Event 81978886, Lines 2
Match: Event 81979290, Lines 2
Match: Event 81979309, Lines 2
[98%] 	 31,235/31,872 	 12:53:28
Match: Event 81980101, Lines 2
Match: Event 81981200, Lines 2
Match: Event 81982151, Lines 2
Match: Event 81982271, Lines 2
Match: Event 81982567, Lines 2
Match: Event 81982856, Lines 2
Match: Event 81984106, Lines 2
Match: Event 81984312, Lines 2
Match: Event 81984321, Lines 2
Match: Event 81985615, Lines 2
Match: Event 81985835, Lines 2
Match: Event 81986539, Lines 2
Match: Event 81986702, Lines 2
Match: Event 81986792, Lines 2
Match: Event 81987125, Lines 2
Match: Event 81988712, Lines 2
[99%] 	 31,554/31,872 	 12:59:58
Match: Event 81990113, Lines 2
Match: Event 81990535, Lines 2
Match: Event 81991395, Lines 2
Match: Event 81991607, Lines 2
Match: Event 81991953, Lines 2
Match: Event 81992326, Lines 3
Match: Event 81992365, Lines 2
Match: Event 81992407, Lines 2
Match: Event 81994701, Lines 2
Match: Event 81995185, Lines 2
Match: Event 81996161, Lines 2
Match: Event 81996207, Lines 2
Match: Event 81996300, Lines 2
Match: Event 81997108, Lines 2
Match: Event 81998093, Lines 2
Match: Event 81998290, Lines 2
Match: Event 81999547, Lines 2
Match: Event 81999623, Lines 2
Finished in 47213.65s.
 ~ 5) DONE !
