search libraries in slc9_x86-64
 ~ 1) Base stack loaded.
 ~ Sleeping for 31 seconds to avoid AFS DDOS...
 ~ 2) Loading sndsw environment...
 ~ 3) SNDSW_ROOT is set to: /afs/cern.ch/user/i/idioniso/snd_master/sw-root6.28/rhel9_x86-64/sndsw/master-local1
 ~ 4) Executing tracking script...
[INFO] The input consists out of the following trees and files: 
[INFO]  - rawConv
[INFO]     - root://eoshome-i.cern.ch//eos/user/i/idioniso/tridents/initial_cuts/tridents_sndsw_raw-0147.root
[INFO] FairRootFileSink initialized.
[INFO]  - cbmout
[INFO]     - dummy
[INFO] Parameter and input file are available, Assure that basic info is there for the run!
[INFO] ---FairRootManager::SpecifyRunId --- 
[INFO] --- Initialize with RunId  --- 0

************************************************************* 
     initialisation for run id 0
************************************************************* 
-I- FairRunTimeDB::InitContainer() FairBaseParSet
-I- FairRunTimeDB::InitContainer() FairGeoParSet

************************************************************* 
     initialisation for run id 0
************************************************************* 
-I- FairRunTimeDB::InitContainer() FairBaseParSet
-I- FairRunTimeDB::InitContainer() FairGeoParSet
[INFO]  Branch: Reco_MuonTracks not found in Tree.
using geofile: root://eospublic.cern.ch//eos/experiment/sndlhc/convertedData/physics/2023/geofile_sndlhc_TI18_V3_2023.root
[0%] 	 0/32,087 	 00:00:12
Match: Event 147000870, Lines 2
Match: Event 147001970, Lines 2
Match: Event 147002613, Lines 2
Match: Event 147002746, Lines 2
Match: Event 147002759, Lines 2
Match: Event 147005147, Lines 2
Match: Event 147005843, Lines 2
Match: Event 147006011, Lines 2
Match: Event 147007046, Lines 2
Match: Event 147007689, Lines 2
Match: Event 147008099, Lines 2
Match: Event 147008264, Lines 2
Match: Event 147009051, Lines 2
Match: Event 147009912, Lines 2
[1%] 	 321/32,087 	 00:07:48
Match: Event 147010827, Lines 2
Match: Event 147011642, Lines 2
Match: Event 147013037, Lines 2
Match: Event 147014118, Lines 2
Match: Event 147015329, Lines 2
Match: Event 147015379, Lines 2
Match: Event 147015552, Lines 2
Match: Event 147017853, Lines 2
Match: Event 147019883, Lines 2
Match: Event 147020219, Lines 2
[2%] 	 642/32,087 	 00:15:36
Match: Event 147020354, Lines 2
Match: Event 147020716, Lines 2
Match: Event 147022418, Lines 3
Match: Event 147023551, Lines 2
Match: Event 147024355, Lines 2
Match: Event 147024760, Lines 2
Match: Event 147026448, Lines 2
Match: Event 147027870, Lines 2
Match: Event 147028457, Lines 2
Match: Event 147028623, Lines 2
Match: Event 147028965, Lines 2
Match: Event 147029669, Lines 2
Match: Event 147030012, Lines 2
Match: Event 147030306, Lines 2
Match: Event 147030721, Lines 2
Match: Event 147030742, Lines 2
[3%] 	 963/32,087 	 00:23:20
Match: Event 147031741, Lines 2
Match: Event 147032386, Lines 2
Match: Event 147034017, Lines 3
Match: Event 147034071, Lines 2
Match: Event 147035442, Lines 2
Match: Event 147036081, Lines 2
Match: Event 147036242, Lines 2
Match: Event 147036460, Lines 2
Match: Event 147038126, Lines 2
Match: Event 147038560, Lines 2
Match: Event 147039168, Lines 2
Match: Event 147039873, Lines 2
Match: Event 147040136, Lines 2
[4%] 	 1,284/32,087 	 00:31:03
Match: Event 147041488, Lines 2
Match: Event 147041929, Lines 2
Match: Event 147043298, Lines 2
Match: Event 147043646, Lines 2
Match: Event 147044395, Lines 2
Match: Event 147044938, Lines 2
Match: Event 147046243, Lines 2
Match: Event 147047068, Lines 2
Match: Event 147047250, Lines 2
Match: Event 147047308, Lines 2
Match: Event 147047464, Lines 2
Match: Event 147047667, Lines 2
Match: Event 147047803, Lines 2
Match: Event 147047842, Lines 2
Match: Event 147048023, Lines 2
Match: Event 147048091, Lines 2
Match: Event 147049579, Lines 2
Match: Event 147049990, Lines 2
Match: Event 147050259, Lines 2
Match: Event 147051245, Lines 2
[5%] 	 1,605/32,087 	 00:39:10
Match: Event 147053508, Lines 2
Match: Event 147054573, Lines 2
Match: Event 147054954, Lines 2
Match: Event 147055120, Lines 2
Match: Event 147056725, Lines 2
Match: Event 147057402, Lines 2
Match: Event 147058537, Lines 2
Match: Event 147058583, Lines 2
Match: Event 147058814, Lines 2
Match: Event 147060390, Lines 2
Match: Event 147060445, Lines 2
Match: Event 147060527, Lines 2
Match: Event 147060838, Lines 2
Match: Event 147061509, Lines 2
Match: Event 147061728, Lines 2
[6%] 	 1,926/32,087 	 00:47:34
Match: Event 147062345, Lines 2
Match: Event 147063554, Lines 2
Match: Event 147064018, Lines 2
Match: Event 147064379, Lines 2
Match: Event 147064813, Lines 2
Match: Event 147065317, Lines 3
Match: Event 147065998, Lines 2
Match: Event 147066033, Lines 2
Match: Event 147066307, Lines 2
Match: Event 147067670, Lines 2
Match: Event 147067955, Lines 2
Match: Event 147068378, Lines 2
Match: Event 147068658, Lines 2
Match: Event 147068887, Lines 2
Match: Event 147069740, Lines 2
Match: Event 147069977, Lines 2
Match: Event 147070281, Lines 2
[7%] 	 2,247/32,087 	 00:55:36
Match: Event 147071111, Lines 2
Match: Event 147071282, Lines 2
Match: Event 147071435, Lines 2
Match: Event 147071491, Lines 2
Match: Event 147072637, Lines 2
Match: Event 147074004, Lines 2
Match: Event 147075433, Lines 2
Match: Event 147075435, Lines 2
Match: Event 147076430, Lines 2
Match: Event 147076458, Lines 2
Match: Event 147076908, Lines 2
Match: Event 147077093, Lines 2
Match: Event 147078310, Lines 2
Match: Event 147078411, Lines 2
Match: Event 147078446, Lines 2
Match: Event 147078999, Lines 2
Match: Event 147079702, Lines 2
Match: Event 147080886, Lines 2
[8%] 	 2,567/32,087 	 01:03:30
Match: Event 147081203, Lines 2
Match: Event 147082996, Lines 3
Match: Event 147085334, Lines 2
Match: Event 147085949, Lines 2
Match: Event 147086107, Lines 2
Match: Event 147086358, Lines 2
Match: Event 147087034, Lines 2
Match: Event 147087035, Lines 2
Match: Event 147087447, Lines 2
Match: Event 147089095, Lines 2
Match: Event 147090035, Lines 3
[9%] 	 2,888/32,087 	 01:11:37
Match: Event 147090504, Lines 2
Match: Event 147090786, Lines 2
Match: Event 147090940, Lines 3
Match: Event 147091047, Lines 2
Match: Event 147092123, Lines 2
Match: Event 147092150, Lines 2
Match: Event 147092543, Lines 2
Match: Event 147092743, Lines 2
Match: Event 147096279, Lines 2
Match: Event 147096405, Lines 2
Match: Event 147096443, Lines 2
Match: Event 147096583, Lines 2
Match: Event 147097053, Lines 2
Match: Event 147098312, Lines 2
Match: Event 147098471, Lines 2
Match: Event 147098518, Lines 2
Match: Event 147099164, Lines 2
Match: Event 147099415, Lines 2
[10%] 	 3,209/32,087 	 01:19:16
Match: Event 147100858, Lines 2
Match: Event 147101129, Lines 2
Match: Event 147101284, Lines 2
Match: Event 147101390, Lines 2
Match: Event 147101506, Lines 2
Match: Event 147101746, Lines 2
Match: Event 147101758, Lines 2
Match: Event 147102322, Lines 2
Match: Event 147102945, Lines 2
Match: Event 147103098, Lines 2
Match: Event 147103646, Lines 2
Match: Event 147104431, Lines 2
Match: Event 147104727, Lines 2
Match: Event 147105134, Lines 2
Match: Event 147105427, Lines 2
Match: Event 147108370, Lines 2
Match: Event 147108556, Lines 2
Match: Event 147108678, Lines 2
Match: Event 147109144, Lines 2
Match: Event 147109550, Lines 2
Match: Event 147109712, Lines 2
Match: Event 147109714, Lines 2
Match: Event 147110023, Lines 2
[11%] 	 3,530/32,087 	 01:27:22
Match: Event 147110505, Lines 2
Match: Event 147111372, Lines 2
Match: Event 147111686, Lines 2
Match: Event 147112674, Lines 2
Match: Event 147115284, Lines 2
Match: Event 147116902, Lines 2
Match: Event 147117387, Lines 2
Match: Event 147118276, Lines 2
Match: Event 147118629, Lines 2
Match: Event 147118752, Lines 2
Match: Event 147119031, Lines 2
Match: Event 147119095, Lines 3
Match: Event 147119688, Lines 2
Match: Event 147120737, Lines 2
[12%] 	 3,851/32,087 	 01:35:05
Match: Event 147121286, Lines 2
Match: Event 147121734, Lines 2
Match: Event 147124302, Lines 2
Match: Event 147124639, Lines 2
Match: Event 147124853, Lines 2
Match: Event 147125059, Lines 2
Match: Event 147126861, Lines 2
Match: Event 147127263, Lines 2
Match: Event 147127544, Lines 2
[13%] 	 4,172/32,087 	 01:43:13
Match: Event 147131796, Lines 2
Match: Event 147134155, Lines 2
Match: Event 147134753, Lines 2
Match: Event 147136310, Lines 2
Match: Event 147136726, Lines 2
Match: Event 147137550, Lines 2
Match: Event 147137778, Lines 2
Match: Event 147138251, Lines 2
Match: Event 147138836, Lines 3
Match: Event 147139933, Lines 2
Match: Event 147140126, Lines 2
[14%] 	 4,493/32,087 	 01:50:36
Match: Event 147141551, Lines 2
Match: Event 147142236, Lines 2
Match: Event 147142438, Lines 2
Match: Event 147142776, Lines 2
Match: Event 147143827, Lines 2
Match: Event 147145115, Lines 2
Match: Event 147146581, Lines 2
Match: Event 147147041, Lines 2
Match: Event 147147093, Lines 2
Match: Event 147147608, Lines 2
Match: Event 147149029, Lines 2
Match: Event 147149929, Lines 2
Match: Event 147150341, Lines 2
Match: Event 147150752, Lines 2
Match: Event 147151465, Lines 3
Match: Event 147151731, Lines 2
Match: Event 147151761, Lines 2
[15%] 	 4,814/32,087 	 01:58:07
Match: Event 147153796, Lines 2
Match: Event 147153971, Lines 2
Match: Event 147154054, Lines 2
Match: Event 147154513, Lines 2
Match: Event 147154924, Lines 2
Match: Event 147155268, Lines 2
Match: Event 147155710, Lines 3
Match: Event 147156019, Lines 2
Match: Event 147156313, Lines 2
Match: Event 147157073, Lines 2
Match: Event 147158059, Lines 2
Match: Event 147159229, Lines 2
Match: Event 147159878, Lines 2
Match: Event 147160039, Lines 2
Match: Event 147160232, Lines 2
Match: Event 147160275, Lines 2
Match: Event 147161304, Lines 2
Match: Event 147162239, Lines 2
[16%] 	 5,134/32,087 	 02:05:27
Match: Event 147162491, Lines 3
Match: Event 147162672, Lines 2
Match: Event 147162728, Lines 2
Match: Event 147163815, Lines 2
Match: Event 147164046, Lines 2
Match: Event 147164939, Lines 2
Match: Event 147166429, Lines 2
Match: Event 147167839, Lines 2
Match: Event 147169116, Lines 2
Match: Event 147169711, Lines 2
Match: Event 147169791, Lines 2
Match: Event 147170565, Lines 2
Match: Event 147171770, Lines 2
[17%] 	 5,455/32,087 	 02:13:04
Match: Event 147172546, Lines 2
Match: Event 147172901, Lines 2
Match: Event 147173387, Lines 2
Match: Event 147176324, Lines 2
Match: Event 147176825, Lines 2
Match: Event 147178378, Lines 2
Match: Event 147179575, Lines 3
Match: Event 147179804, Lines 2
Match: Event 147180123, Lines 2
Match: Event 147181248, Lines 2
[18%] 	 5,776/32,087 	 02:21:56
Match: Event 147182667, Lines 2
Match: Event 147183987, Lines 2
Match: Event 147184305, Lines 2
Match: Event 147185014, Lines 2
Match: Event 147185753, Lines 2
Match: Event 147187042, Lines 2
Match: Event 147187255, Lines 2
Match: Event 147187429, Lines 2
Match: Event 147189133, Lines 2
Match: Event 147190100, Lines 2
Match: Event 147190898, Lines 2
Match: Event 147190948, Lines 2
Match: Event 147191071, Lines 2
Match: Event 147192353, Lines 2
[19%] 	 6,097/32,087 	 02:29:35
Match: Event 147193137, Lines 2
Match: Event 147193509, Lines 2
Match: Event 147194503, Lines 2
Match: Event 147194638, Lines 2
Match: Event 147195023, Lines 2
Match: Event 147198256, Lines 2
Match: Event 147198788, Lines 2
Match: Event 147199209, Lines 2
Match: Event 147200408, Lines 2
Match: Event 147201002, Lines 3
Match: Event 147201029, Lines 2
Match: Event 147201922, Lines 2
Match: Event 147202180, Lines 2
Match: Event 147202395, Lines 2
[20%] 	 6,418/32,087 	 02:37:40
Match: Event 147202901, Lines 2
Match: Event 147203200, Lines 2
Match: Event 147204477, Lines 2
Match: Event 147204728, Lines 2
Match: Event 147205636, Lines 2
Match: Event 147205654, Lines 2
Match: Event 147206470, Lines 2
Match: Event 147206615, Lines 2
Match: Event 147207044, Lines 2
Match: Event 147207453, Lines 2
Match: Event 147207997, Lines 2
Match: Event 147208561, Lines 3
Match: Event 147208849, Lines 2
Match: Event 147211081, Lines 2
Match: Event 147211193, Lines 2
[21%] 	 6,739/32,087 	 02:45:31
Match: Event 147213390, Lines 2
Match: Event 147213775, Lines 2
Match: Event 147215833, Lines 2
Match: Event 147217254, Lines 2
Match: Event 147217787, Lines 2
Match: Event 147218411, Lines 2
Match: Event 147218791, Lines 2
Match: Event 147221066, Lines 2
Match: Event 147221196, Lines 2
[22%] 	 7,060/32,087 	 02:52:49
Match: Event 147221668, Lines 2
Match: Event 147223209, Lines 2
Match: Event 147224102, Lines 2
Match: Event 147224523, Lines 2
Match: Event 147225409, Lines 2
Match: Event 147225612, Lines 2
Match: Event 147226870, Lines 2
Match: Event 147227597, Lines 2
Match: Event 147227618, Lines 2
Match: Event 147228117, Lines 2
Match: Event 147228386, Lines 2
Match: Event 147228801, Lines 2
Match: Event 147229529, Lines 2
Match: Event 147229714, Lines 2
Match: Event 147229937, Lines 3
Match: Event 147231004, Lines 2
Match: Event 147231161, Lines 2
[23%] 	 7,381/32,087 	 03:00:14
Match: Event 147231811, Lines 2
Match: Event 147233489, Lines 2
Match: Event 147234918, Lines 2
Match: Event 147235432, Lines 2
Match: Event 147235800, Lines 2
Match: Event 147236135, Lines 2
Match: Event 147236232, Lines 2
Match: Event 147237742, Lines 2
Match: Event 147238882, Lines 2
Match: Event 147239502, Lines 2
Match: Event 147239968, Lines 2
[24%] 	 7,701/32,087 	 03:07:49
Match: Event 147243027, Lines 2
Match: Event 147243399, Lines 2
Match: Event 147244007, Lines 2
Match: Event 147244660, Lines 2
Match: Event 147244841, Lines 2
Match: Event 147244862, Lines 2
Match: Event 147245213, Lines 2
Match: Event 147246134, Lines 2
Match: Event 147246646, Lines 2
Match: Event 147246825, Lines 3
Match: Event 147247310, Lines 2
Match: Event 147247353, Lines 2
Match: Event 147247658, Lines 2
Match: Event 147250135, Lines 2
Match: Event 147250615, Lines 2
Match: Event 147250723, Lines 2
[25%] 	 8,022/32,087 	 03:16:19
Match: Event 147252013, Lines 3
Match: Event 147252142, Lines 2
Match: Event 147253513, Lines 2
Match: Event 147253560, Lines 2
Match: Event 147258011, Lines 2
Match: Event 147258189, Lines 2
Match: Event 147258359, Lines 2
Match: Event 147258531, Lines 2
Match: Event 147258691, Lines 2
Match: Event 147259136, Lines 2
Match: Event 147260584, Lines 2
[26%] 	 8,343/32,087 	 03:24:12
Match: Event 147261029, Lines 2
Match: Event 147261031, Lines 2
Match: Event 147261622, Lines 2
Match: Event 147261941, Lines 2
Match: Event 147262310, Lines 2
Match: Event 147262409, Lines 2
Match: Event 147262670, Lines 2
Match: Event 147262976, Lines 2
Match: Event 147262986, Lines 2
Match: Event 147263085, Lines 2
Match: Event 147263537, Lines 2
Match: Event 147264202, Lines 2
Match: Event 147264278, Lines 2
Match: Event 147264326, Lines 2
Match: Event 147265497, Lines 2
Match: Event 147265514, Lines 2
Match: Event 147265803, Lines 3
Match: Event 147266128, Lines 2
Match: Event 147266443, Lines 2
Match: Event 147266473, Lines 2
Match: Event 147266914, Lines 2
Match: Event 147268183, Lines 2
Match: Event 147268480, Lines 2
Match: Event 147268753, Lines 2
[27%] 	 8,664/32,087 	 03:32:11
Match: Event 147269902, Lines 2
Match: Event 147271612, Lines 2
Match: Event 147272021, Lines 2
Match: Event 147273739, Lines 2
Match: Event 147275530, Lines 2
Match: Event 147276794, Lines 2
Match: Event 147278921, Lines 2
[28%] 	 8,985/32,087 	 03:39:40
Match: Event 147279371, Lines 2
Match: Event 147279728, Lines 2
Match: Event 147280036, Lines 2
Match: Event 147280398, Lines 2
Match: Event 147280898, Lines 2
Match: Event 147281305, Lines 2
Match: Event 147281382, Lines 2
Match: Event 147281544, Lines 2
Match: Event 147284772, Lines 2
Match: Event 147286479, Lines 2
Match: Event 147287119, Lines 2
Match: Event 147287325, Lines 2
Match: Event 147288752, Lines 2
[29%] 	 9,306/32,087 	 03:47:15
Match: Event 147288820, Lines 2
Match: Event 147289238, Lines 2
Match: Event 147289628, Lines 2
Match: Event 147289684, Lines 2
Match: Event 147289728, Lines 2
Match: Event 147290589, Lines 3
Match: Event 147292547, Lines 2
Match: Event 147293381, Lines 2
Match: Event 147294957, Lines 2
Match: Event 147296627, Lines 2
Match: Event 147296850, Lines 2
Match: Event 147298495, Lines 2
[30%] 	 9,627/32,087 	 03:55:16
Match: Event 147299542, Lines 2
Match: Event 147299549, Lines 2
Match: Event 147299989, Lines 2
Match: Event 147301484, Lines 2
Match: Event 147303147, Lines 2
Match: Event 147303920, Lines 2
Match: Event 147305328, Lines 2
Match: Event 147305948, Lines 3
Match: Event 147306354, Lines 2
Match: Event 147306899, Lines 2
Match: Event 147308278, Lines 2
Match: Event 147308844, Lines 2
Match: Event 147308991, Lines 2
[31%] 	 9,947/32,087 	 04:03:02
Match: Event 147309630, Lines 2
Match: Event 147309658, Lines 2
Match: Event 147311041, Lines 2
Match: Event 147311167, Lines 2
Match: Event 147312057, Lines 2
Match: Event 147312151, Lines 2
Match: Event 147312942, Lines 2
Match: Event 147313048, Lines 2
Match: Event 147313489, Lines 2
Match: Event 147313603, Lines 2
Match: Event 147313817, Lines 2
Match: Event 147314025, Lines 2
Match: Event 147314560, Lines 2
Match: Event 147314601, Lines 2
Match: Event 147314826, Lines 2
Match: Event 147315333, Lines 2
Match: Event 147316577, Lines 2
Match: Event 147317793, Lines 2
Match: Event 147317898, Lines 2
Match: Event 147317973, Lines 3
Match: Event 147318247, Lines 2
Match: Event 147318732, Lines 2
[32%] 	 10,268/32,087 	 04:10:47
Match: Event 147318889, Lines 2
Match: Event 147320603, Lines 2
Match: Event 147322006, Lines 2
Match: Event 147322520, Lines 2
Match: Event 147322636, Lines 2
Match: Event 147323113, Lines 2
Match: Event 147323741, Lines 2
Match: Event 147324176, Lines 2
Match: Event 147324358, Lines 2
Match: Event 147324458, Lines 2
Match: Event 147324607, Lines 2
Match: Event 147325506, Lines 2
Match: Event 147326273, Lines 2
Match: Event 147327503, Lines 2
Match: Event 147327696, Lines 2
[33%] 	 10,589/32,087 	 04:18:32
Match: Event 147328647, Lines 2
Match: Event 147328657, Lines 3
Match: Event 147328707, Lines 2
Match: Event 147330140, Lines 2
Match: Event 147333629, Lines 2
Match: Event 147334631, Lines 2
Match: Event 147336365, Lines 2
Match: Event 147336902, Lines 2
Match: Event 147338037, Lines 2
Match: Event 147339206, Lines 2
Match: Event 147339221, Lines 2
[34%] 	 10,910/32,087 	 04:27:13
Match: Event 147339543, Lines 2
Match: Event 147339556, Lines 2
Match: Event 147340542, Lines 2
Match: Event 147341857, Lines 2
Match: Event 147341917, Lines 2
Match: Event 147343680, Lines 2
Match: Event 147344628, Lines 2
Match: Event 147346311, Lines 2
Match: Event 147346316, Lines 2
Match: Event 147346781, Lines 2
Match: Event 147347786, Lines 2
Match: Event 147348687, Lines 2
Match: Event 147349296, Lines 2
[35%] 	 11,231/32,087 	 04:36:26
Match: Event 147349649, Lines 2
Match: Event 147350051, Lines 2
Match: Event 147350669, Lines 2
Match: Event 147351002, Lines 2
Match: Event 147353184, Lines 2
Match: Event 147354821, Lines 2
Match: Event 147354866, Lines 2
Match: Event 147354870, Lines 2
Match: Event 147356300, Lines 2
Match: Event 147357471, Lines 2
Match: Event 147357773, Lines 2
Match: Event 147358544, Lines 2
[36%] 	 11,552/32,087 	 04:44:39
Match: Event 147359816, Lines 2
Match: Event 147360855, Lines 2
Match: Event 147361107, Lines 2
Match: Event 147361526, Lines 2
Match: Event 147362673, Lines 2
Match: Event 147362866, Lines 2
Match: Event 147362968, Lines 2
Match: Event 147363613, Lines 2
Match: Event 147365586, Lines 2
Match: Event 147366053, Lines 2
Match: Event 147366810, Lines 2
Match: Event 147366851, Lines 2
Match: Event 147366910, Lines 2
Match: Event 147367322, Lines 2
Match: Event 147367508, Lines 2
Match: Event 147368719, Lines 2
Match: Event 147369123, Lines 2
[37%] 	 11,873/32,087 	 04:53:02
Match: Event 147369319, Lines 2
Match: Event 147369446, Lines 2
Match: Event 147369564, Lines 2
Match: Event 147370759, Lines 2
Match: Event 147371479, Lines 2
Match: Event 147372066, Lines 2
Match: Event 147373458, Lines 2
Match: Event 147373753, Lines 2
Match: Event 147375342, Lines 3
Match: Event 147375529, Lines 3
Match: Event 147377841, Lines 2
Match: Event 147378655, Lines 2
Match: Event 147379018, Lines 2
Match: Event 147379313, Lines 2
[38%] 	 12,194/32,087 	 05:01:06
Match: Event 147380722, Lines 2
Match: Event 147380812, Lines 2
Match: Event 147380831, Lines 2
Match: Event 147382347, Lines 2
Match: Event 147383381, Lines 2
Match: Event 147383669, Lines 2
Match: Event 147384056, Lines 2
Match: Event 147385162, Lines 2
Match: Event 147385554, Lines 2
Match: Event 147386063, Lines 2
Match: Event 147386641, Lines 2
Match: Event 147387248, Lines 2
Match: Event 147388222, Lines 2
Match: Event 147388449, Lines 2
Match: Event 147389258, Lines 2
Match: Event 147389510, Lines 2
[39%] 	 12,514/32,087 	 05:09:42
Match: Event 147390054, Lines 2
Match: Event 147390551, Lines 2
Match: Event 147391386, Lines 2
Match: Event 147391944, Lines 2
Match: Event 147392116, Lines 2
Match: Event 147392255, Lines 2
Match: Event 147393006, Lines 2
Match: Event 147393222, Lines 2
Match: Event 147394609, Lines 2
Match: Event 147395258, Lines 2
Match: Event 147397760, Lines 2
Match: Event 147398489, Lines 2
[40%] 	 12,835/32,087 	 05:17:55
Match: Event 147400474, Lines 2
Match: Event 147401106, Lines 2
Match: Event 147402299, Lines 2
Match: Event 147404179, Lines 2
Match: Event 147404194, Lines 2
Match: Event 147404463, Lines 2
Match: Event 147404467, Lines 2
Match: Event 147406577, Lines 2
Match: Event 147406861, Lines 2
Match: Event 147407142, Lines 2
Match: Event 147407546, Lines 3
Match: Event 147408209, Lines 2
Match: Event 147408347, Lines 2
Match: Event 147409088, Lines 2
[41%] 	 13,156/32,087 	 05:26:28
Match: Event 147410861, Lines 2
Match: Event 147411290, Lines 2
Match: Event 147411826, Lines 2
Match: Event 147412896, Lines 2
Match: Event 147413821, Lines 2
Match: Event 147413826, Lines 2
Match: Event 147414499, Lines 2
Match: Event 147416180, Lines 2
Match: Event 147416696, Lines 2
Match: Event 147417050, Lines 2
Match: Event 147417437, Lines 2
Match: Event 147418325, Lines 2
Match: Event 147418649, Lines 2
Match: Event 147419068, Lines 2
[42%] 	 13,477/32,087 	 05:34:48
Match: Event 147420073, Lines 2
Match: Event 147420657, Lines 2
Match: Event 147420989, Lines 2
Match: Event 147423980, Lines 2
Match: Event 147424856, Lines 2
Match: Event 147425042, Lines 2
Match: Event 147425576, Lines 2
Match: Event 147426045, Lines 2
Match: Event 147426219, Lines 2
Match: Event 147426329, Lines 2
Match: Event 147426838, Lines 2
Match: Event 147428144, Lines 2
[43%] 	 13,798/32,087 	 05:42:52
Match: Event 147429590, Lines 2
Match: Event 147429776, Lines 2
Match: Event 147430317, Lines 2
Match: Event 147431040, Lines 2
Match: Event 147431269, Lines 2
Match: Event 147432728, Lines 2
Match: Event 147433329, Lines 2
Match: Event 147433713, Lines 2
Match: Event 147433896, Lines 2
Match: Event 147434968, Lines 2
Match: Event 147434977, Lines 2
Match: Event 147436639, Lines 2
Match: Event 147437360, Lines 2
Match: Event 147437535, Lines 3
[44%] 	 14,119/32,087 	 05:51:23
Match: Event 147439609, Lines 2
Match: Event 147439811, Lines 2
Match: Event 147440633, Lines 2
Match: Event 147440642, Lines 2
Match: Event 147441137, Lines 2
Match: Event 147441334, Lines 2
Match: Event 147441680, Lines 2
Match: Event 147441977, Lines 2
Match: Event 147442048, Lines 2
Match: Event 147443751, Lines 2
Match: Event 147444234, Lines 2
Match: Event 147444564, Lines 2
Match: Event 147445766, Lines 2
Match: Event 147445989, Lines 2
Match: Event 147446494, Lines 2
Match: Event 147446883, Lines 2
Match: Event 147448547, Lines 2
[45%] 	 14,440/32,087 	 05:59:35
Match: Event 147451038, Lines 2
Match: Event 147451396, Lines 2
Match: Event 147452991, Lines 2
Match: Event 147453039, Lines 2
Match: Event 147453288, Lines 2
Match: Event 147453556, Lines 2
Match: Event 147454274, Lines 2
Match: Event 147454863, Lines 2
Match: Event 147455794, Lines 2
Match: Event 147455877, Lines 2
Match: Event 147456160, Lines 2
Match: Event 147456603, Lines 2
Match: Event 147457217, Lines 2
Match: Event 147457824, Lines 2
[46%] 	 14,761/32,087 	 06:08:20
Match: Event 147459357, Lines 2
Match: Event 147459453, Lines 3
Match: Event 147460439, Lines 2
Match: Event 147461298, Lines 2
Match: Event 147462896, Lines 2
Match: Event 147465011, Lines 2
Match: Event 147465287, Lines 2
Match: Event 147465653, Lines 2
Match: Event 147466968, Lines 2
Match: Event 147468050, Lines 2
Match: Event 147468112, Lines 2
Match: Event 147468174, Lines 2
[47%] 	 15,081/32,087 	 06:17:46
Match: Event 147470434, Lines 2
Match: Event 147470975, Lines 2
Match: Event 147471038, Lines 2
Match: Event 147472477, Lines 2
Match: Event 147472775, Lines 2
Match: Event 147473323, Lines 2
Match: Event 147474059, Lines 2
Match: Event 147474237, Lines 2
Match: Event 147474439, Lines 3
Match: Event 147474742, Lines 2
Match: Event 147475869, Lines 2
Match: Event 147476356, Lines 2
Match: Event 147476679, Lines 2
Match: Event 147477267, Lines 2
Match: Event 147477543, Lines 2
Match: Event 147477648, Lines 2
Match: Event 147478347, Lines 2
Match: Event 147478415, Lines 2
Match: Event 147478522, Lines 2
Match: Event 147478967, Lines 2
Match: Event 147479092, Lines 2
[48%] 	 15,402/32,087 	 06:26:21
Match: Event 147479784, Lines 2
Match: Event 147480370, Lines 2
Match: Event 147480678, Lines 2
Match: Event 147480738, Lines 2
Match: Event 147481520, Lines 2
Match: Event 147481894, Lines 2
Match: Event 147482753, Lines 2
Match: Event 147482855, Lines 2
Match: Event 147483485, Lines 2
Match: Event 147485306, Lines 2
Match: Event 147486272, Lines 2
Match: Event 147486986, Lines 2
Match: Event 147487120, Lines 2
Match: Event 147488525, Lines 2
[49%] 	 15,723/32,087 	 06:34:49
Match: Event 147489516, Lines 2
Match: Event 147490446, Lines 2
Match: Event 147492660, Lines 2
Match: Event 147493307, Lines 2
Match: Event 147494196, Lines 2
Match: Event 147494958, Lines 2
Match: Event 147498020, Lines 2
Match: Event 147498384, Lines 2
[50%] 	 16,044/32,087 	 06:42:57
Match: Event 147498796, Lines 2
Match: Event 147499502, Lines 2
Match: Event 147499615, Lines 2
Match: Event 147499713, Lines 2
Match: Event 147500193, Lines 2
Match: Event 147501263, Lines 2
Match: Event 147501410, Lines 2
Match: Event 147504285, Lines 2
Match: Event 147505731, Lines 2
Match: Event 147506357, Lines 3
Match: Event 147507244, Lines 2
[51%] 	 16,365/32,087 	 06:50:55
Match: Event 147507944, Lines 2
Match: Event 147508160, Lines 2
Match: Event 147508458, Lines 3
Match: Event 147508787, Lines 2
Match: Event 147508918, Lines 2
Match: Event 147511837, Lines 2
Match: Event 147511997, Lines 2
Match: Event 147512492, Lines 2
Match: Event 147512825, Lines 2
Match: Event 147513425, Lines 2
Match: Event 147514737, Lines 2
Match: Event 147515273, Lines 2
Match: Event 147515451, Lines 2
Match: Event 147516785, Lines 2
Match: Event 147517466, Lines 2
[52%] 	 16,686/32,087 	 06:59:10
Match: Event 147518236, Lines 2
Match: Event 147518712, Lines 2
Match: Event 147518713, Lines 2
Match: Event 147519701, Lines 2
Match: Event 147520099, Lines 2
Match: Event 147522845, Lines 2
Match: Event 147523530, Lines 2
Match: Event 147527014, Lines 2
Match: Event 147527429, Lines 2
Match: Event 147527845, Lines 2
Match: Event 147528314, Lines 2
Match: Event 147528544, Lines 2
[53%] 	 17,007/32,087 	 07:07:43
Match: Event 147530228, Lines 2
Match: Event 147533301, Lines 2
Match: Event 147534370, Lines 2
Match: Event 147534524, Lines 2
Match: Event 147537684, Lines 2
Match: Event 147539061, Lines 3
[54%] 	 17,327/32,087 	 07:15:39
Match: Event 147542464, Lines 2
Match: Event 147543121, Lines 2
Match: Event 147543671, Lines 2
Match: Event 147545632, Lines 2
Match: Event 147545805, Lines 2
Match: Event 147546481, Lines 2
Match: Event 147547197, Lines 2
Match: Event 147547223, Lines 2
Match: Event 147547789, Lines 2
Match: Event 147547982, Lines 2
Match: Event 147548896, Lines 2
[55%] 	 17,648/32,087 	 07:23:49
Match: Event 147550148, Lines 2
Match: Event 147552725, Lines 2
Match: Event 147553001, Lines 2
Match: Event 147554078, Lines 2
Match: Event 147554953, Lines 2
Match: Event 147556030, Lines 2
Match: Event 147556197, Lines 2
Match: Event 147556227, Lines 2
Match: Event 147556329, Lines 2
Match: Event 147556609, Lines 2
Match: Event 147557066, Lines 3
Match: Event 147557430, Lines 2
Match: Event 147559600, Lines 2
Match: Event 147559989, Lines 2
Match: Event 147560009, Lines 2
[56%] 	 17,969/32,087 	 07:31:52
Match: Event 147561331, Lines 2
Match: Event 147561551, Lines 2
Match: Event 147562256, Lines 3
Match: Event 147562547, Lines 2
Match: Event 147563075, Lines 2
Match: Event 147564390, Lines 2
Match: Event 147565844, Lines 2
Match: Event 147565893, Lines 2
[57%] 	 18,290/32,087 	 07:40:01
Match: Event 147571445, Lines 2
Match: Event 147573562, Lines 2
Match: Event 147574177, Lines 2
Match: Event 147575072, Lines 2
Match: Event 147576917, Lines 2
Match: Event 147578507, Lines 2
Match: Event 147578765, Lines 2
Match: Event 147579346, Lines 2
Match: Event 147580104, Lines 2
Match: Event 147580470, Lines 2
[58%] 	 18,611/32,087 	 07:47:52
Match: Event 147582192, Lines 2
Match: Event 147582270, Lines 2
Match: Event 147583657, Lines 2
Match: Event 147587703, Lines 2
Match: Event 147588465, Lines 2
Match: Event 147588602, Lines 2
Match: Event 147589408, Lines 2
[59%] 	 18,932/32,087 	 07:55:44
Match: Event 147593520, Lines 2
Match: Event 147594567, Lines 3
Match: Event 147596208, Lines 2
Match: Event 147596980, Lines 2
Match: Event 147597065, Lines 2
Match: Event 147598187, Lines 2
Match: Event 147599256, Lines 2
Match: Event 147599469, Lines 2
Match: Event 147599547, Lines 2
Match: Event 147599705, Lines 3
Match: Event 147599852, Lines 2
Match: Event 147600176, Lines 2
Match: Event 147601373, Lines 2
Match: Event 147601693, Lines 2
[60%] 	 19,253/32,087 	 08:03:31
Match: Event 147602189, Lines 2
Match: Event 147602885, Lines 2
Match: Event 147603152, Lines 2
Match: Event 147604056, Lines 2
Match: Event 147605643, Lines 2
Match: Event 147607395, Lines 2
Match: Event 147607670, Lines 2
Match: Event 147608058, Lines 2
Match: Event 147609229, Lines 2
Match: Event 147609576, Lines 2
Match: Event 147610689, Lines 2
Match: Event 147610944, Lines 2
Match: Event 147611103, Lines 2
Match: Event 147611915, Lines 2
[61%] 	 19,574/32,087 	 08:11:11
Match: Event 147612851, Lines 2
Match: Event 147613230, Lines 2
Match: Event 147615527, Lines 2
Match: Event 147615574, Lines 2
Match: Event 147615911, Lines 2
Match: Event 147616001, Lines 2
Match: Event 147616710, Lines 2
Match: Event 147617390, Lines 3
Match: Event 147617799, Lines 2
Match: Event 147619098, Lines 2
Match: Event 147621044, Lines 2
Match: Event 147621559, Lines 2
Match: Event 147621567, Lines 2
Match: Event 147621730, Lines 2
Match: Event 147621804, Lines 2
Match: Event 147621859, Lines 2
[62%] 	 19,894/32,087 	 08:19:12
Match: Event 147622804, Lines 2
Match: Event 147623415, Lines 2
Match: Event 147623587, Lines 2
Match: Event 147624193, Lines 2
Match: Event 147624696, Lines 2
Match: Event 147625514, Lines 2
Match: Event 147625639, Lines 2
Match: Event 147626771, Lines 2
Match: Event 147628233, Lines 2
Match: Event 147629110, Lines 2
Match: Event 147630212, Lines 2
Match: Event 147630276, Lines 2
Match: Event 147631004, Lines 2
Match: Event 147631562, Lines 2
Match: Event 147631732, Lines 2
Match: Event 147631767, Lines 2
Match: Event 147632383, Lines 2
[63%] 	 20,215/32,087 	 08:26:55
Match: Event 147633270, Lines 2
Match: Event 147633569, Lines 2
Match: Event 147634552, Lines 2
Match: Event 147635291, Lines 2
Match: Event 147635487, Lines 2
Match: Event 147635574, Lines 2
Match: Event 147635749, Lines 2
Match: Event 147635912, Lines 2
Match: Event 147635936, Lines 2
Match: Event 147636867, Lines 2
Match: Event 147637121, Lines 2
Match: Event 147640403, Lines 2
Match: Event 147642489, Lines 2
Match: Event 147642578, Lines 2
[64%] 	 20,536/32,087 	 08:34:57
Match: Event 147643272, Lines 2
Match: Event 147643289, Lines 3
Match: Event 147643478, Lines 2
Match: Event 147644884, Lines 2
Match: Event 147646017, Lines 2
Match: Event 147646495, Lines 2
Match: Event 147647617, Lines 2
Match: Event 147647670, Lines 2
Match: Event 147648204, Lines 2
Match: Event 147648928, Lines 2
Match: Event 147650900, Lines 2
Match: Event 147651132, Lines 2
Match: Event 147651411, Lines 2
Match: Event 147652207, Lines 2
Match: Event 147652347, Lines 2
Match: Event 147652404, Lines 2
Match: Event 147652459, Lines 2
[65%] 	 20,857/32,087 	 08:43:01
Match: Event 147654469, Lines 2
Match: Event 147655223, Lines 3
Match: Event 147656033, Lines 2
Match: Event 147656864, Lines 2
Match: Event 147657662, Lines 2
Match: Event 147658783, Lines 2
Match: Event 147658815, Lines 2
Match: Event 147660112, Lines 2
Match: Event 147661891, Lines 2
Match: Event 147662404, Lines 2
Match: Event 147662965, Lines 2
Match: Event 147663033, Lines 2
Match: Event 147663340, Lines 3
[66%] 	 21,178/32,087 	 08:51:44
Match: Event 147664204, Lines 2
Match: Event 147665850, Lines 2
Match: Event 147666629, Lines 2
Match: Event 147669568, Lines 2
Match: Event 147671331, Lines 2
Match: Event 147672959, Lines 3
[67%] 	 21,499/32,087 	 08:59:40
Match: Event 147674328, Lines 3
Match: Event 147674472, Lines 2
Match: Event 147675891, Lines 2
Match: Event 147675920, Lines 2
Match: Event 147677365, Lines 2
Match: Event 147677887, Lines 2
Match: Event 147680599, Lines 2
Match: Event 147680623, Lines 2
Match: Event 147680783, Lines 2
Match: Event 147680880, Lines 2
Match: Event 147682989, Lines 2
Match: Event 147683484, Lines 2
Match: Event 147684074, Lines 2
[68%] 	 21,820/32,087 	 09:07:38
Match: Event 147684735, Lines 2
Match: Event 147685880, Lines 2
Match: Event 147687022, Lines 2
Match: Event 147687634, Lines 2
Match: Event 147687640, Lines 2
Match: Event 147688914, Lines 2
Match: Event 147689892, Lines 2
Match: Event 147689972, Lines 2
Match: Event 147690647, Lines 2
Match: Event 147690985, Lines 2
Match: Event 147691031, Lines 2
Match: Event 147691361, Lines 2
Match: Event 147691634, Lines 2
Match: Event 147692911, Lines 2
Match: Event 147693173, Lines 2
Match: Event 147693497, Lines 2
Match: Event 147694081, Lines 2
[69%] 	 22,141/32,087 	 09:16:03
Match: Event 147694249, Lines 2
Match: Event 147695643, Lines 2
Match: Event 147695731, Lines 2
Match: Event 147696161, Lines 2
Match: Event 147698021, Lines 2
Match: Event 147700191, Lines 2
Match: Event 147701137, Lines 2
Match: Event 147702391, Lines 2
Match: Event 147702769, Lines 2
Match: Event 147702930, Lines 2
Match: Event 147702955, Lines 2
Match: Event 147704387, Lines 2
[70%] 	 22,461/32,087 	 09:24:19
Match: Event 147704975, Lines 2
Match: Event 147706234, Lines 2
Match: Event 147706489, Lines 2
Match: Event 147706522, Lines 2
Match: Event 147706743, Lines 2
Match: Event 147707382, Lines 2
Match: Event 147707697, Lines 2
Match: Event 147708219, Lines 2
Match: Event 147709933, Lines 2
Match: Event 147710785, Lines 2
Match: Event 147710845, Lines 2
Match: Event 147711735, Lines 2
Match: Event 147712783, Lines 2
Match: Event 147713396, Lines 2
Match: Event 147713639, Lines 2
Match: Event 147714757, Lines 2
[71%] 	 22,782/32,087 	 09:32:52
Match: Event 147715845, Lines 2
Match: Event 147716869, Lines 2
Match: Event 147717912, Lines 2
Match: Event 147719607, Lines 2
Match: Event 147720480, Lines 2
Match: Event 147720507, Lines 2
Match: Event 147720756, Lines 2
Match: Event 147721172, Lines 2
Match: Event 147721716, Lines 2
Match: Event 147722015, Lines 2
Match: Event 147722520, Lines 2
Match: Event 147722658, Lines 2
Match: Event 147723403, Lines 2
Match: Event 147723990, Lines 2
Match: Event 147724567, Lines 2
[72%] 	 23,103/32,087 	 09:41:30
Match: Event 147725507, Lines 2
Match: Event 147725585, Lines 2
Match: Event 147726526, Lines 2
Match: Event 147727162, Lines 2
Match: Event 147727245, Lines 2
Match: Event 147727256, Lines 2
Match: Event 147729393, Lines 2
Match: Event 147729745, Lines 2
Match: Event 147730243, Lines 2
Match: Event 147731044, Lines 2
Match: Event 147731721, Lines 2
Match: Event 147731762, Lines 2
Match: Event 147732516, Lines 2
Match: Event 147733979, Lines 2
[73%] 	 23,424/32,087 	 09:50:13
Match: Event 147735130, Lines 2
Match: Event 147735366, Lines 3
Match: Event 147735752, Lines 2
Match: Event 147736863, Lines 2
Match: Event 147736941, Lines 2
Match: Event 147737182, Lines 2
Match: Event 147737632, Lines 2
Match: Event 147737748, Lines 2
Match: Event 147740315, Lines 2
Match: Event 147741380, Lines 2
Match: Event 147741569, Lines 2
Match: Event 147742461, Lines 2
Match: Event 147742900, Lines 2
Match: Event 147743023, Lines 2
Match: Event 147743285, Lines 2
Match: Event 147743756, Lines 2
Match: Event 147743897, Lines 2
Match: Event 147744279, Lines 2
[74%] 	 23,745/32,087 	 09:58:51
Match: Event 147744440, Lines 2
Match: Event 147744646, Lines 3
Match: Event 147745035, Lines 2
Match: Event 147745118, Lines 2
Match: Event 147746142, Lines 2
Match: Event 147746715, Lines 2
Match: Event 147747538, Lines 2
Match: Event 147747872, Lines 2
Match: Event 147750492, Lines 2
Match: Event 147750929, Lines 2
Match: Event 147751039, Lines 2
Match: Event 147751579, Lines 2
Match: Event 147752935, Lines 2
Match: Event 147753232, Lines 2
Match: Event 147753903, Lines 2
Match: Event 147754118, Lines 2
Match: Event 147754242, Lines 2
Match: Event 147754792, Lines 2
Match: Event 147754819, Lines 2
[75%] 	 24,066/32,087 	 10:06:59
Match: Event 147755742, Lines 2
Match: Event 147757335, Lines 2
Match: Event 147757352, Lines 2
Match: Event 147757783, Lines 2
Match: Event 147757900, Lines 2
Match: Event 147758408, Lines 2
Match: Event 147758476, Lines 2
Match: Event 147758560, Lines 2
Match: Event 147759363, Lines 2
Match: Event 147760533, Lines 2
Match: Event 147760948, Lines 2
Match: Event 147761260, Lines 2
Match: Event 147761404, Lines 3
Match: Event 147762209, Lines 2
Match: Event 147762683, Lines 2
Match: Event 147763334, Lines 3
Match: Event 147763491, Lines 2
Match: Event 147763538, Lines 2
Match: Event 147764163, Lines 2
Match: Event 147764821, Lines 2
[76%] 	 24,387/32,087 	 10:15:43
Match: Event 147765169, Lines 2
Match: Event 147765667, Lines 2
Match: Event 147765986, Lines 2
Match: Event 147766450, Lines 2
Match: Event 147767980, Lines 2
Match: Event 147768217, Lines 2
Match: Event 147769048, Lines 2
Match: Event 147769087, Lines 2
Match: Event 147770776, Lines 2
Match: Event 147771533, Lines 2
Match: Event 147771949, Lines 2
Match: Event 147772293, Lines 2
Match: Event 147772392, Lines 2
Match: Event 147774712, Lines 2
[77%] 	 24,707/32,087 	 10:26:02
Match: Event 147775743, Lines 2
Match: Event 147776172, Lines 2
Match: Event 147776994, Lines 2
Match: Event 147778816, Lines 2
Match: Event 147778978, Lines 2
Match: Event 147779304, Lines 2
Match: Event 147779608, Lines 2
Match: Event 147779622, Lines 2
Match: Event 147781316, Lines 2
Match: Event 147781847, Lines 2
Match: Event 147783378, Lines 3
Match: Event 147783617, Lines 2
Match: Event 147783709, Lines 2
[78%] 	 25,028/32,087 	 10:37:34
Match: Event 147784128, Lines 3
Match: Event 147784447, Lines 2
Match: Event 147784676, Lines 3
Match: Event 147784933, Lines 2
Match: Event 147786232, Lines 2
Match: Event 147787514, Lines 2
Match: Event 147787869, Lines 2
Match: Event 147788035, Lines 2
Match: Event 147789146, Lines 2
Match: Event 147789512, Lines 2
Match: Event 147790645, Lines 2
Match: Event 147791252, Lines 2
Match: Event 147791259, Lines 2
Match: Event 147791589, Lines 2
Match: Event 147791705, Lines 2
Match: Event 147791761, Lines 2
Match: Event 147792375, Lines 3
Match: Event 147792464, Lines 2
[79%] 	 25,349/32,087 	 10:48:56
Match: Event 147794738, Lines 2
Match: Event 147794767, Lines 2
Match: Event 147795156, Lines 2
Match: Event 147796450, Lines 2
Match: Event 147797034, Lines 2
Match: Event 147797279, Lines 2
Match: Event 147797282, Lines 2
Match: Event 147797356, Lines 2
Match: Event 147797513, Lines 2
Match: Event 147798015, Lines 2
Match: Event 147799343, Lines 2
Match: Event 147799825, Lines 2
Match: Event 147800411, Lines 2
Match: Event 147800485, Lines 2
Match: Event 147801334, Lines 3
Match: Event 147803304, Lines 2
[80%] 	 25,670/32,087 	 11:00:54
Match: Event 147804063, Lines 3
Match: Event 147805458, Lines 2
Match: Event 147805752, Lines 2
Match: Event 147805796, Lines 2
Match: Event 147806311, Lines 2
Match: Event 147806485, Lines 2
Match: Event 147807588, Lines 2
Match: Event 147807604, Lines 2
Match: Event 147808102, Lines 2
Match: Event 147808435, Lines 2
Match: Event 147808693, Lines 2
Match: Event 147808916, Lines 2
Match: Event 147809197, Lines 2
Match: Event 147809549, Lines 2
Match: Event 147810988, Lines 2
Match: Event 147811886, Lines 2
Match: Event 147812302, Lines 2
Match: Event 147812646, Lines 2
Match: Event 147813182, Lines 2
[81%] 	 25,991/32,087 	 11:10:50
Match: Event 147815179, Lines 2
Match: Event 147816141, Lines 2
Match: Event 147816453, Lines 2
Match: Event 147817771, Lines 2
Match: Event 147820036, Lines 2
Match: Event 147820384, Lines 2
Match: Event 147820715, Lines 2
Match: Event 147821080, Lines 2
Match: Event 147823011, Lines 2
Match: Event 147823245, Lines 2
[82%] 	 26,312/32,087 	 11:18:55
Match: Event 147823780, Lines 2
Match: Event 147824541, Lines 2
Match: Event 147825729, Lines 2
Match: Event 147826001, Lines 2
Match: Event 147826860, Lines 2
Match: Event 147827095, Lines 2
Match: Event 147827427, Lines 2
Match: Event 147828642, Lines 2
Match: Event 147828791, Lines 2
Match: Event 147829141, Lines 2
Match: Event 147829433, Lines 2
Match: Event 147830564, Lines 2
Match: Event 147833160, Lines 2
[83%] 	 26,633/32,087 	 11:27:10
Match: Event 147834191, Lines 2
Match: Event 147834831, Lines 2
Match: Event 147838038, Lines 2
Match: Event 147838047, Lines 2
Match: Event 147839775, Lines 2
Match: Event 147840327, Lines 2
Match: Event 147840343, Lines 2
[84%] 	 26,954/32,087 	 11:34:59
Match: Event 147843716, Lines 2
Match: Event 147844517, Lines 3
Match: Event 147846378, Lines 2
Match: Event 147848573, Lines 2
Match: Event 147849930, Lines 2
Match: Event 147850008, Lines 2
Match: Event 147850801, Lines 2
[85%] 	 27,274/32,087 	 11:42:45
Match: Event 147853997, Lines 2
Match: Event 147854136, Lines 2
Match: Event 147854148, Lines 2
Match: Event 147854178, Lines 3
Match: Event 147854220, Lines 2
Match: Event 147854225, Lines 2
Match: Event 147854804, Lines 2
Match: Event 147854944, Lines 2
Match: Event 147855919, Lines 2
Match: Event 147856768, Lines 2
Match: Event 147858835, Lines 2
Match: Event 147858967, Lines 2
Match: Event 147859303, Lines 2
Match: Event 147859899, Lines 2
Match: Event 147860595, Lines 2
Match: Event 147863277, Lines 2
Match: Event 147863384, Lines 2
Match: Event 147863901, Lines 2
[86%] 	 27,595/32,087 	 11:50:28
Match: Event 147864029, Lines 2
Match: Event 147864354, Lines 2
Match: Event 147864495, Lines 2
Match: Event 147864717, Lines 2
Match: Event 147865560, Lines 2
Match: Event 147866408, Lines 2
Match: Event 147866437, Lines 2
Match: Event 147867469, Lines 2
Match: Event 147868359, Lines 2
Match: Event 147868716, Lines 2
Match: Event 147869079, Lines 2
Match: Event 147869542, Lines 3
Match: Event 147869612, Lines 2
Match: Event 147869691, Lines 2
Match: Event 147870371, Lines 2
Match: Event 147871409, Lines 2
Match: Event 147872858, Lines 2
Match: Event 147873414, Lines 2
[87%] 	 27,916/32,087 	 11:58:21
Match: Event 147873796, Lines 2
Match: Event 147873992, Lines 2
Match: Event 147874412, Lines 2
Match: Event 147874519, Lines 2
Match: Event 147874638, Lines 2
Match: Event 147874799, Lines 2
Match: Event 147874831, Lines 2
Match: Event 147875027, Lines 2
Match: Event 147875138, Lines 2
Match: Event 147875173, Lines 2
Match: Event 147875606, Lines 2
Match: Event 147875864, Lines 3
Match: Event 147876237, Lines 2
Match: Event 147879787, Lines 2
Match: Event 147880051, Lines 2
Match: Event 147880193, Lines 2
Match: Event 147882761, Lines 2
Match: Event 147882848, Lines 2
[88%] 	 28,237/32,087 	 12:06:19
Match: Event 147883407, Lines 2
Match: Event 147884003, Lines 2
Match: Event 147884611, Lines 2
Match: Event 147886489, Lines 2
Match: Event 147886956, Lines 2
Match: Event 147887717, Lines 2
Match: Event 147888305, Lines 2
Match: Event 147888423, Lines 2
Match: Event 147888566, Lines 2
Match: Event 147888676, Lines 2
Match: Event 147888696, Lines 2
Match: Event 147888872, Lines 2
Match: Event 147889086, Lines 2
Match: Event 147889294, Lines 2
Match: Event 147889416, Lines 2
Match: Event 147889603, Lines 2
Match: Event 147890475, Lines 2
Match: Event 147892864, Lines 2
[89%] 	 28,558/32,087 	 12:14:09
Match: Event 147892937, Lines 3
Match: Event 147893843, Lines 2
Match: Event 147893990, Lines 2
Match: Event 147895572, Lines 2
Match: Event 147895722, Lines 2
Match: Event 147895885, Lines 2
Match: Event 147895932, Lines 2
Match: Event 147896242, Lines 2
Match: Event 147897089, Lines 2
Match: Event 147899360, Lines 2
Match: Event 147901213, Lines 2
Match: Event 147901703, Lines 2
Match: Event 147902102, Lines 2
Match: Event 147902362, Lines 2
Match: Event 147902865, Lines 2
[90%] 	 28,879/32,087 	 12:22:01
Match: Event 147903447, Lines 2
Match: Event 147904793, Lines 2
Match: Event 147905022, Lines 2
Match: Event 147906298, Lines 2
Match: Event 147907061, Lines 2
Match: Event 147907412, Lines 2
Match: Event 147909275, Lines 2
Match: Event 147909784, Lines 2
Match: Event 147910437, Lines 2
Match: Event 147911510, Lines 2
Match: Event 147911736, Lines 2
Match: Event 147911879, Lines 2
[91%] 	 29,200/32,087 	 12:29:55
Match: Event 147913396, Lines 2
Match: Event 147913606, Lines 2
Match: Event 147913736, Lines 2
Match: Event 147913817, Lines 2
Match: Event 147913938, Lines 2
Match: Event 147914592, Lines 2
Match: Event 147914734, Lines 2
Match: Event 147914830, Lines 2
Match: Event 147915284, Lines 2
Match: Event 147916485, Lines 2
Match: Event 147917086, Lines 2
Match: Event 147917495, Lines 2
Match: Event 147917659, Lines 2
Match: Event 147917751, Lines 2
Match: Event 147917841, Lines 2
Match: Event 147918752, Lines 2
Match: Event 147919490, Lines 2
Match: Event 147921150, Lines 2
[92%] 	 29,521/32,087 	 12:37:46
Match: Event 147924554, Lines 2
Match: Event 147924845, Lines 2
Match: Event 147926972, Lines 2
Match: Event 147927482, Lines 2
Match: Event 147928157, Lines 2
Match: Event 147930637, Lines 2
Match: Event 147930832, Lines 2
Match: Event 147931926, Lines 2
Match: Event 147932738, Lines 2
[93%] 	 29,841/32,087 	 12:45:34
Match: Event 147934076, Lines 2
Match: Event 147934118, Lines 2
Match: Event 147934316, Lines 2
Match: Event 147934579, Lines 2
Match: Event 147935154, Lines 2
Match: Event 147935655, Lines 2
Match: Event 147937915, Lines 3
Match: Event 147938109, Lines 2
Match: Event 147938622, Lines 2
Match: Event 147938932, Lines 2
Match: Event 147939214, Lines 2
Match: Event 147939240, Lines 2
Match: Event 147939287, Lines 2
Match: Event 147939296, Lines 2
Match: Event 147940338, Lines 2
[94%] 	 30,162/32,087 	 12:53:31
Match: Event 147941913, Lines 2
Match: Event 147946750, Lines 2
Match: Event 147946957, Lines 3
Match: Event 147947249, Lines 3
Match: Event 147947368, Lines 3
Match: Event 147949644, Lines 2
[95%] 	 30,483/32,087 	 13:01:37
Match: Event 147950974, Lines 3
Match: Event 147951199, Lines 2
Match: Event 147951514, Lines 2
Match: Event 147951550, Lines 2
Match: Event 147951886, Lines 2
Match: Event 147953434, Lines 2
Match: Event 147954527, Lines 2
Match: Event 147954600, Lines 2
Match: Event 147954649, Lines 2
Match: Event 147954855, Lines 2
Match: Event 147955012, Lines 2
Match: Event 147955107, Lines 2
Match: Event 147955382, Lines 2
Match: Event 147955519, Lines 2
Match: Event 147955987, Lines 2
Match: Event 147956101, Lines 2
Match: Event 147956162, Lines 2
Match: Event 147957000, Lines 2
Match: Event 147957782, Lines 2
Match: Event 147957871, Lines 2
Match: Event 147958026, Lines 2
Match: Event 147958340, Lines 2
Match: Event 147959743, Lines 2
[96%] 	 30,804/32,087 	 13:09:45
Match: Event 147960679, Lines 2
Match: Event 147960970, Lines 2
Match: Event 147962231, Lines 2
Match: Event 147962283, Lines 2
Match: Event 147963751, Lines 2
Match: Event 147963908, Lines 3
Match: Event 147964968, Lines 2
Match: Event 147966096, Lines 2
Match: Event 147968592, Lines 2
Match: Event 147969326, Lines 2
Match: Event 147969553, Lines 2
Match: Event 147969814, Lines 2
Match: Event 147969971, Lines 2
[97%] 	 31,125/32,087 	 13:17:31
Match: Event 147970523, Lines 2
Match: Event 147971393, Lines 2
Match: Event 147971419, Lines 2
Match: Event 147972145, Lines 2
Match: Event 147972518, Lines 2
Match: Event 147972918, Lines 2
Match: Event 147973217, Lines 2
Match: Event 147973250, Lines 2
Match: Event 147973413, Lines 2
Match: Event 147973861, Lines 2
Match: Event 147974243, Lines 2
Match: Event 147974711, Lines 2
Match: Event 147976281, Lines 2
Match: Event 147976938, Lines 2
Match: Event 147977447, Lines 2
Match: Event 147977658, Lines 2
Match: Event 147977991, Lines 2
Match: Event 147979348, Lines 2
[98%] 	 31,446/32,087 	 13:25:37
Match: Event 147979755, Lines 2
Match: Event 147982087, Lines 2
Match: Event 147982339, Lines 2
Match: Event 147982629, Lines 2
Match: Event 147983804, Lines 2
Match: Event 147984072, Lines 2
Match: Event 147984133, Lines 2
Match: Event 147984504, Lines 2
Match: Event 147984646, Lines 3
Match: Event 147985457, Lines 2
Match: Event 147985823, Lines 2
Match: Event 147986447, Lines 2
Match: Event 147986625, Lines 2
Match: Event 147986895, Lines 2
Match: Event 147987674, Lines 2
Match: Event 147987867, Lines 2
Match: Event 147988064, Lines 2
Match: Event 147989095, Lines 2
[99%] 	 31,767/32,087 	 13:33:59
Match: Event 147989447, Lines 2
Match: Event 147989482, Lines 2
Match: Event 147992587, Lines 2
Match: Event 147992663, Lines 2
Match: Event 147992815, Lines 2
Match: Event 147993487, Lines 2
Match: Event 147994715, Lines 2
Match: Event 147996608, Lines 2
Match: Event 147997082, Lines 2
Match: Event 147997279, Lines 2
Match: Event 147998098, Lines 2
Match: Event 147998252, Lines 2
Match: Event 147998885, Lines 2
Finished in 49372.89s.
 ~ 5) DONE !
