search libraries in slc9_x86-64
 ~ 1) Base stack loaded.
 ~ Sleeping for 31 seconds to avoid AFS DDOS...
 ~ 2) Loading sndsw environment...
 ~ 3) SNDSW_ROOT is set to: /afs/cern.ch/user/i/idioniso/snd_master/sw-root6.28/rhel9_x86-64/sndsw/master-local1
 ~ 4) Executing tracking script...
[INFO] The input consists out of the following trees and files: 
[INFO]  - rawConv
[INFO]     - root://eoshome-i.cern.ch//eos/user/i/idioniso/tridents/initial_cuts/tridents_sndsw_raw-0336.root
[INFO] FairRootFileSink initialized.
[INFO]  - cbmout
[INFO]     - dummy
[INFO] Parameter and input file are available, Assure that basic info is there for the run!
[INFO] ---FairRootManager::SpecifyRunId --- 
[INFO] --- Initialize with RunId  --- 0

************************************************************* 
     initialisation for run id 0
************************************************************* 
-I- FairRunTimeDB::InitContainer() FairBaseParSet
-I- FairRunTimeDB::InitContainer() FairGeoParSet

************************************************************* 
     initialisation for run id 0
************************************************************* 
-I- FairRunTimeDB::InitContainer() FairBaseParSet
-I- FairRunTimeDB::InitContainer() FairGeoParSet
[INFO]  Branch: Reco_MuonTracks not found in Tree.
using geofile: root://eospublic.cern.ch//eos/experiment/sndlhc/convertedData/physics/2023/geofile_sndlhc_TI18_V3_2023.root
[0%] 	 0/31,107 	 00:00:35
Match: Event 336000287, Lines 2
Match: Event 336000768, Lines 2
Match: Event 336001140, Lines 2
Match: Event 336001246, Lines 2
Match: Event 336001436, Lines 2
Match: Event 336001745, Lines 2
Match: Event 336002257, Lines 2
Match: Event 336002865, Lines 2
Match: Event 336003046, Lines 2
Match: Event 336003086, Lines 2
Match: Event 336003816, Lines 2
Match: Event 336004310, Lines 2
Match: Event 336004417, Lines 2
Match: Event 336004653, Lines 2
Match: Event 336005568, Lines 2
Match: Event 336005745, Lines 2
Match: Event 336006241, Lines 2
Match: Event 336007253, Lines 2
Match: Event 336007767, Lines 2
[1%] 	 312/31,107 	 00:04:32
Match: Event 336010162, Lines 2
Match: Event 336010869, Lines 2
Match: Event 336011029, Lines 2
Match: Event 336012336, Lines 2
Match: Event 336012734, Lines 2
Match: Event 336012831, Lines 2
Match: Event 336013006, Lines 2
Match: Event 336013165, Lines 2
Match: Event 336013367, Lines 2
Match: Event 336013632, Lines 2
Match: Event 336014950, Lines 2
Match: Event 336015272, Lines 2
Match: Event 336018123, Lines 2
Match: Event 336018633, Lines 2
Match: Event 336018738, Lines 2
Match: Event 336018942, Lines 2
[2%] 	 623/31,107 	 00:08:27
Match: Event 336019568, Lines 2
Match: Event 336020050, Lines 3
Match: Event 336020333, Lines 2
Match: Event 336021503, Lines 2
Match: Event 336022073, Lines 2
Match: Event 336022431, Lines 2
Match: Event 336022491, Lines 2
Match: Event 336023374, Lines 2
Match: Event 336024299, Lines 2
Match: Event 336024435, Lines 2
Match: Event 336024988, Lines 2
Match: Event 336026043, Lines 2
Match: Event 336026463, Lines 2
Match: Event 336026693, Lines 2
Match: Event 336026701, Lines 2
Match: Event 336027899, Lines 2
[3%] 	 934/31,107 	 00:12:14
Match: Event 336029311, Lines 2
Match: Event 336031437, Lines 3
Match: Event 336031733, Lines 2
Match: Event 336032080, Lines 2
Match: Event 336032449, Lines 2
Match: Event 336033132, Lines 2
Match: Event 336033343, Lines 2
Match: Event 336033782, Lines 2
Match: Event 336034677, Lines 2
Match: Event 336035108, Lines 2
Match: Event 336035976, Lines 2
Match: Event 336035981, Lines 2
Match: Event 336036723, Lines 2
Match: Event 336037222, Lines 2
Match: Event 336037510, Lines 2
Match: Event 336038106, Lines 2
[4%] 	 1,245/31,107 	 00:16:04
Match: Event 336038978, Lines 2
Match: Event 336039665, Lines 2
Match: Event 336040925, Lines 2
Match: Event 336041165, Lines 2
Match: Event 336041331, Lines 2
Match: Event 336041335, Lines 2
Match: Event 336042144, Lines 2
Match: Event 336043124, Lines 2
Match: Event 336043791, Lines 2
Match: Event 336043851, Lines 2
Match: Event 336043917, Lines 2
Match: Event 336044465, Lines 2
Match: Event 336044792, Lines 2
Match: Event 336046754, Lines 2
Match: Event 336046923, Lines 2
Match: Event 336047402, Lines 2
Match: Event 336047989, Lines 2
[5%] 	 1,556/31,107 	 00:20:00
Match: Event 336049372, Lines 2
Match: Event 336049999, Lines 2
Match: Event 336050186, Lines 2
Match: Event 336050193, Lines 2
Match: Event 336050223, Lines 2
Match: Event 336050677, Lines 2
Match: Event 336050841, Lines 2
Match: Event 336051273, Lines 2
Match: Event 336051434, Lines 2
Match: Event 336053076, Lines 2
Match: Event 336054586, Lines 2
Match: Event 336055206, Lines 2
[6%] 	 1,867/31,107 	 00:23:47
Match: Event 336057858, Lines 2
Match: Event 336058516, Lines 2
Match: Event 336059436, Lines 2
Match: Event 336059663, Lines 2
Match: Event 336059850, Lines 2
Match: Event 336060859, Lines 2
Match: Event 336062475, Lines 2
Match: Event 336063351, Lines 2
Match: Event 336063636, Lines 2
Match: Event 336064359, Lines 2
Match: Event 336065885, Lines 2
[7%] 	 2,178/31,107 	 00:27:41
Match: Event 336069298, Lines 2
Match: Event 336070644, Lines 2
Match: Event 336070880, Lines 2
Match: Event 336071141, Lines 2
Match: Event 336071833, Lines 2
Match: Event 336072452, Lines 2
Match: Event 336076473, Lines 2
[8%] 	 2,489/31,107 	 00:31:32
Match: Event 336077503, Lines 2
Match: Event 336078139, Lines 2
Match: Event 336078439, Lines 2
Match: Event 336078740, Lines 2
Match: Event 336079110, Lines 2
Match: Event 336081253, Lines 2
Match: Event 336081287, Lines 2
Match: Event 336081414, Lines 2
Match: Event 336081793, Lines 2
Match: Event 336082443, Lines 2
Match: Event 336082479, Lines 2
Match: Event 336082493, Lines 2
Match: Event 336082804, Lines 3
Match: Event 336084808, Lines 2
Match: Event 336086756, Lines 2
Match: Event 336087360, Lines 2
Match: Event 336087407, Lines 2
[9%] 	 2,800/31,107 	 00:35:25
Match: Event 336087837, Lines 3
Match: Event 336088888, Lines 2
Match: Event 336090082, Lines 2
Match: Event 336090461, Lines 2
Match: Event 336090934, Lines 3
Match: Event 336091349, Lines 2
Match: Event 336091675, Lines 2
Match: Event 336092203, Lines 2
Match: Event 336093070, Lines 3
Match: Event 336093911, Lines 2
Match: Event 336094461, Lines 2
Match: Event 336095249, Lines 2
Match: Event 336096061, Lines 2
[10%] 	 3,111/31,107 	 00:39:21
Match: Event 336097758, Lines 2
Match: Event 336099067, Lines 2
Match: Event 336100528, Lines 2
Match: Event 336100881, Lines 2
Match: Event 336102081, Lines 2
Match: Event 336102473, Lines 3
Match: Event 336102797, Lines 2
Match: Event 336103284, Lines 2
Match: Event 336103560, Lines 2
Match: Event 336103902, Lines 2
Match: Event 336104714, Lines 2
Match: Event 336104836, Lines 2
Match: Event 336106523, Lines 2
Match: Event 336106700, Lines 2
Match: Event 336106813, Lines 2
[11%] 	 3,422/31,107 	 00:43:25
Match: Event 336107178, Lines 2
Match: Event 336107550, Lines 2
Match: Event 336108193, Lines 2
Match: Event 336109212, Lines 2
Match: Event 336110976, Lines 2
Match: Event 336111376, Lines 2
Match: Event 336111717, Lines 2
Match: Event 336114163, Lines 2
Match: Event 336114672, Lines 2
Match: Event 336115069, Lines 2
Match: Event 336116306, Lines 2
Match: Event 336116930, Lines 2
Match: Event 336116960, Lines 2
[12%] 	 3,733/31,107 	 00:47:25
Match: Event 336118459, Lines 2
Match: Event 336119246, Lines 2
Match: Event 336119620, Lines 2
Match: Event 336119841, Lines 2
Match: Event 336120039, Lines 2
Match: Event 336121198, Lines 2
Match: Event 336121531, Lines 2
Match: Event 336121794, Lines 2
Match: Event 336121982, Lines 2
Match: Event 336122293, Lines 2
Match: Event 336123383, Lines 2
Match: Event 336123446, Lines 2
Match: Event 336125031, Lines 2
Match: Event 336126525, Lines 2
Match: Event 336127064, Lines 2
Match: Event 336127386, Lines 3
[13%] 	 4,044/31,107 	 00:51:40
Match: Event 336129086, Lines 2
Match: Event 336129545, Lines 2
Match: Event 336132483, Lines 2
Match: Event 336133569, Lines 2
Match: Event 336135090, Lines 2
Match: Event 336137607, Lines 2
Match: Event 336137907, Lines 2
[14%] 	 4,355/31,107 	 00:55:49
Match: Event 336138935, Lines 2
Match: Event 336139635, Lines 2
Match: Event 336139837, Lines 2
Match: Event 336140427, Lines 2
Match: Event 336140600, Lines 2
Match: Event 336141133, Lines 2
Match: Event 336141267, Lines 2
Match: Event 336141786, Lines 3
Match: Event 336141825, Lines 2
Match: Event 336142526, Lines 2
Match: Event 336142789, Lines 2
Match: Event 336142950, Lines 2
Match: Event 336144751, Lines 2
Match: Event 336145807, Lines 2
Match: Event 336146158, Lines 2
Match: Event 336146379, Lines 2
Match: Event 336146494, Lines 2
Match: Event 336146878, Lines 2
Match: Event 336146987, Lines 2
[15%] 	 4,667/31,107 	 01:00:10
Match: Event 336147851, Lines 2
Match: Event 336148689, Lines 2
Match: Event 336149792, Lines 2
Match: Event 336149795, Lines 2
Match: Event 336149827, Lines 2
Match: Event 336151035, Lines 2
Match: Event 336152824, Lines 2
Match: Event 336153901, Lines 2
Match: Event 336154983, Lines 2
Match: Event 336155421, Lines 2
Match: Event 336155451, Lines 2
Match: Event 336155771, Lines 3
Match: Event 336155816, Lines 2
Match: Event 336155834, Lines 3
[16%] 	 4,978/31,107 	 01:04:13
Match: Event 336161155, Lines 2
Match: Event 336161376, Lines 2
Match: Event 336161917, Lines 2
Match: Event 336162143, Lines 2
Match: Event 336162305, Lines 2
Match: Event 336164688, Lines 2
Match: Event 336166300, Lines 2
Match: Event 336166442, Lines 3
Match: Event 336167295, Lines 2
Match: Event 336167314, Lines 2
Match: Event 336167531, Lines 2
Match: Event 336168274, Lines 2
Match: Event 336168401, Lines 2
Match: Event 336168439, Lines 2
[17%] 	 5,289/31,107 	 01:07:55
Match: Event 336169105, Lines 2
Match: Event 336170153, Lines 2
Match: Event 336171576, Lines 3
Match: Event 336173339, Lines 2
Match: Event 336175534, Lines 2
Match: Event 336176397, Lines 2
Match: Event 336176525, Lines 2
Match: Event 336178634, Lines 2
Match: Event 336178636, Lines 2
Match: Event 336178915, Lines 2
Match: Event 336179039, Lines 2
[18%] 	 5,600/31,107 	 01:11:51
Match: Event 336179497, Lines 2
Match: Event 336180177, Lines 2
Match: Event 336180269, Lines 2
Match: Event 336181203, Lines 2
Match: Event 336182189, Lines 2
Match: Event 336183663, Lines 2
Match: Event 336184198, Lines 2
Match: Event 336184466, Lines 2
Match: Event 336184585, Lines 2
Match: Event 336184955, Lines 2
Match: Event 336186619, Lines 2
Match: Event 336187836, Lines 2
Match: Event 336188443, Lines 2
[19%] 	 5,911/31,107 	 01:15:45
Match: Event 336190967, Lines 2
Match: Event 336190986, Lines 2
Match: Event 336191564, Lines 2
Match: Event 336191619, Lines 2
Match: Event 336191620, Lines 2
Match: Event 336192247, Lines 2
Match: Event 336192394, Lines 2
Match: Event 336192610, Lines 2
Match: Event 336192828, Lines 2
Match: Event 336192882, Lines 2
Match: Event 336193921, Lines 2
Match: Event 336194600, Lines 2
Match: Event 336197224, Lines 2
Match: Event 336197598, Lines 3
Match: Event 336197816, Lines 2
[20%] 	 6,222/31,107 	 01:19:42
Match: Event 336199591, Lines 2
Match: Event 336199951, Lines 2
Match: Event 336200994, Lines 2
Match: Event 336202471, Lines 2
Match: Event 336202585, Lines 2
Match: Event 336204824, Lines 2
Match: Event 336205766, Lines 2
Match: Event 336206363, Lines 2
Match: Event 336206687, Lines 2
Match: Event 336207544, Lines 2
Match: Event 336207561, Lines 2
Match: Event 336208697, Lines 2
[21%] 	 6,533/31,107 	 01:23:39
Match: Event 336211465, Lines 2
Match: Event 336213195, Lines 2
Match: Event 336213326, Lines 2
Match: Event 336213505, Lines 2
Match: Event 336217378, Lines 2
Match: Event 336217851, Lines 2
Match: Event 336217988, Lines 2
[22%] 	 6,844/31,107 	 01:27:30
Match: Event 336220432, Lines 2
Match: Event 336220537, Lines 2
Match: Event 336222662, Lines 2
Match: Event 336223058, Lines 2
Match: Event 336223088, Lines 3
Match: Event 336223882, Lines 2
Match: Event 336224074, Lines 2
Match: Event 336225136, Lines 2
Match: Event 336225235, Lines 2
Match: Event 336225440, Lines 2
Match: Event 336225443, Lines 2
Match: Event 336226063, Lines 2
Match: Event 336226240, Lines 2
Match: Event 336226676, Lines 2
Match: Event 336226680, Lines 2
Match: Event 336226713, Lines 2
Match: Event 336227586, Lines 2
Match: Event 336227999, Lines 2
Match: Event 336228037, Lines 2
Match: Event 336228698, Lines 2
[23%] 	 7,155/31,107 	 01:31:28
Match: Event 336229367, Lines 2
Match: Event 336229445, Lines 2
Match: Event 336229975, Lines 2
Match: Event 336230487, Lines 2
Match: Event 336231536, Lines 2
Match: Event 336231868, Lines 2
Match: Event 336232595, Lines 2
Match: Event 336232753, Lines 2
Match: Event 336233508, Lines 2
Match: Event 336233965, Lines 2
Match: Event 336234166, Lines 2
Match: Event 336234906, Lines 2
Match: Event 336235133, Lines 2
Match: Event 336235988, Lines 2
Match: Event 336236268, Lines 2
Match: Event 336237042, Lines 2
Match: Event 336237048, Lines 2
Match: Event 336237238, Lines 2
Match: Event 336238493, Lines 2
Match: Event 336238636, Lines 2
[24%] 	 7,466/31,107 	 01:35:23
Match: Event 336239414, Lines 2
Match: Event 336239782, Lines 2
Match: Event 336240347, Lines 2
Match: Event 336241226, Lines 3
Match: Event 336242322, Lines 2
Match: Event 336242867, Lines 2
Match: Event 336242998, Lines 2
Match: Event 336243755, Lines 2
Match: Event 336245110, Lines 2
Match: Event 336245716, Lines 2
Match: Event 336246059, Lines 2
Match: Event 336247445, Lines 2
[25%] 	 7,777/31,107 	 01:39:10
Match: Event 336248938, Lines 2
Match: Event 336249879, Lines 2
Match: Event 336250055, Lines 2
Match: Event 336250172, Lines 2
Match: Event 336250333, Lines 2
Match: Event 336252321, Lines 2
Match: Event 336252544, Lines 2
Match: Event 336253311, Lines 2
Match: Event 336253715, Lines 2
Match: Event 336253862, Lines 2
Match: Event 336254943, Lines 2
Match: Event 336255285, Lines 2
Match: Event 336255993, Lines 2
[26%] 	 8,088/31,107 	 01:43:06
Match: Event 336257497, Lines 2
Match: Event 336258213, Lines 2
Match: Event 336258898, Lines 2
Match: Event 336258926, Lines 2
Match: Event 336259610, Lines 2
Match: Event 336261011, Lines 2
Match: Event 336263702, Lines 2
Match: Event 336263761, Lines 2
Match: Event 336263871, Lines 2
Match: Event 336264498, Lines 2
Match: Event 336264973, Lines 2
Match: Event 336265164, Lines 2
Match: Event 336266120, Lines 2
Match: Event 336267096, Lines 2
[27%] 	 8,399/31,107 	 01:47:03
Match: Event 336267760, Lines 2
Match: Event 336267778, Lines 2
Match: Event 336269759, Lines 2
Match: Event 336270258, Lines 2
Match: Event 336270290, Lines 2
Match: Event 336271104, Lines 2
Match: Event 336271343, Lines 2
Match: Event 336272215, Lines 2
Match: Event 336272621, Lines 2
Match: Event 336273600, Lines 2
Match: Event 336273626, Lines 2
Match: Event 336273818, Lines 2
Match: Event 336274470, Lines 2
Match: Event 336274855, Lines 2
Match: Event 336274910, Lines 2
Match: Event 336275786, Lines 2
Match: Event 336276533, Lines 2
Match: Event 336276887, Lines 2
[28%] 	 8,710/31,107 	 01:50:55
Match: Event 336277594, Lines 2
Match: Event 336278296, Lines 2
Match: Event 336279626, Lines 3
Match: Event 336279811, Lines 2
Match: Event 336280645, Lines 3
Match: Event 336281312, Lines 2
Match: Event 336282365, Lines 2
Match: Event 336283370, Lines 2
Match: Event 336283586, Lines 2
Match: Event 336286500, Lines 2
[29%] 	 9,022/31,107 	 01:55:00
Match: Event 336287454, Lines 2
Match: Event 336287761, Lines 2
Match: Event 336288226, Lines 2
Match: Event 336288616, Lines 2
Match: Event 336290072, Lines 2
Match: Event 336290602, Lines 2
Match: Event 336290997, Lines 2
Match: Event 336291051, Lines 2
Match: Event 336291354, Lines 2
Match: Event 336291406, Lines 2
Match: Event 336292629, Lines 2
Match: Event 336293039, Lines 2
Match: Event 336293491, Lines 2
Match: Event 336294280, Lines 2
Match: Event 336294454, Lines 2
Match: Event 336294640, Lines 2
Match: Event 336294820, Lines 2
Match: Event 336295112, Lines 2
Match: Event 336295569, Lines 2
Match: Event 336296401, Lines 2
[30%] 	 9,333/31,107 	 01:59:00
Match: Event 336298974, Lines 2
Match: Event 336299479, Lines 2
Match: Event 336299564, Lines 2
Match: Event 336300243, Lines 3
Match: Event 336300356, Lines 2
Match: Event 336300501, Lines 3
Match: Event 336302066, Lines 2
Match: Event 336303135, Lines 3
Match: Event 336303159, Lines 2
Match: Event 336303811, Lines 2
Match: Event 336303961, Lines 2
Match: Event 336304484, Lines 2
Match: Event 336304690, Lines 2
[31%] 	 9,644/31,107 	 02:02:53
Match: Event 336306964, Lines 2
Match: Event 336308990, Lines 2
Match: Event 336309487, Lines 2
Match: Event 336309572, Lines 2
Match: Event 336310200, Lines 2
Match: Event 336310726, Lines 2
Match: Event 336311540, Lines 2
Match: Event 336312249, Lines 2
Match: Event 336314253, Lines 2
Match: Event 336314720, Lines 2
[32%] 	 9,955/31,107 	 02:06:54
Match: Event 336315803, Lines 2
Match: Event 336316290, Lines 2
Match: Event 336316352, Lines 3
Match: Event 336316421, Lines 2
Match: Event 336316946, Lines 2
Match: Event 336317101, Lines 2
Match: Event 336317206, Lines 2
Match: Event 336317827, Lines 2
Match: Event 336318135, Lines 2
Match: Event 336318186, Lines 2
Match: Event 336319638, Lines 2
Match: Event 336319909, Lines 2
Match: Event 336320014, Lines 2
Match: Event 336320061, Lines 2
Match: Event 336320779, Lines 2
Match: Event 336320787, Lines 2
Match: Event 336320973, Lines 2
Match: Event 336321086, Lines 2
Match: Event 336322307, Lines 3
Match: Event 336322502, Lines 2
Match: Event 336322866, Lines 2
Match: Event 336323311, Lines 2
Match: Event 336323720, Lines 3
Match: Event 336323904, Lines 2
Match: Event 336324249, Lines 2
[33%] 	 10,266/31,107 	 02:11:01
Match: Event 336325289, Lines 2
Match: Event 336325681, Lines 2
Match: Event 336325780, Lines 2
Match: Event 336326383, Lines 2
Match: Event 336326989, Lines 3
Match: Event 336328855, Lines 2
Match: Event 336330018, Lines 2
Match: Event 336330992, Lines 2
Match: Event 336331038, Lines 2
Match: Event 336331084, Lines 2
Match: Event 336332476, Lines 2
Match: Event 336332782, Lines 2
Match: Event 336333335, Lines 2
Match: Event 336333471, Lines 2
Match: Event 336333556, Lines 2
Match: Event 336333841, Lines 2
Match: Event 336334109, Lines 2
Match: Event 336334432, Lines 2
Match: Event 336334702, Lines 2
Match: Event 336335374, Lines 2
[34%] 	 10,577/31,107 	 02:14:55
Match: Event 336336463, Lines 2
Match: Event 336336693, Lines 2
Match: Event 336337185, Lines 2
Match: Event 336338483, Lines 2
Match: Event 336338888, Lines 2
Match: Event 336339476, Lines 3
Match: Event 336340312, Lines 2
Match: Event 336341382, Lines 2
Match: Event 336343006, Lines 2
[35%] 	 10,888/31,107 	 02:18:49
Match: Event 336346208, Lines 2
Match: Event 336346440, Lines 2
Match: Event 336346525, Lines 2
Match: Event 336350063, Lines 2
Match: Event 336350440, Lines 2
Match: Event 336350539, Lines 2
Match: Event 336350849, Lines 2
Match: Event 336351119, Lines 2
Match: Event 336351417, Lines 2
Match: Event 336351838, Lines 2
Match: Event 336353094, Lines 2
Match: Event 336353166, Lines 2
Match: Event 336353195, Lines 2
Match: Event 336353287, Lines 2
Match: Event 336354836, Lines 2
Match: Event 336355752, Lines 3
[36%] 	 11,199/31,107 	 02:22:40
Match: Event 336357404, Lines 2
Match: Event 336358440, Lines 2
Match: Event 336360185, Lines 2
Match: Event 336360373, Lines 2
Match: Event 336360784, Lines 2
Match: Event 336361029, Lines 2
Match: Event 336361332, Lines 2
Match: Event 336361556, Lines 2
Match: Event 336362468, Lines 2
Match: Event 336362743, Lines 2
Match: Event 336363910, Lines 2
Match: Event 336364157, Lines 2
Match: Event 336364727, Lines 2
Match: Event 336366290, Lines 2
Match: Event 336366488, Lines 2
[37%] 	 11,510/31,107 	 02:26:28
Match: Event 336366807, Lines 2
Match: Event 336368008, Lines 2
Match: Event 336368060, Lines 2
Match: Event 336368216, Lines 2
Match: Event 336368543, Lines 2
Match: Event 336368735, Lines 2
Match: Event 336369195, Lines 2
Match: Event 336369276, Lines 2
Match: Event 336369513, Lines 2
Match: Event 336371367, Lines 3
Match: Event 336371634, Lines 2
Match: Event 336373163, Lines 2
Match: Event 336373635, Lines 2
Match: Event 336373788, Lines 2
Match: Event 336374603, Lines 2
Match: Event 336374777, Lines 2
Match: Event 336376684, Lines 2
Match: Event 336377137, Lines 2
[38%] 	 11,821/31,107 	 02:30:19
Match: Event 336377668, Lines 2
Match: Event 336378380, Lines 2
Match: Event 336378993, Lines 2
Match: Event 336379176, Lines 2
Match: Event 336379890, Lines 2
Match: Event 336381104, Lines 2
Match: Event 336381262, Lines 2
Match: Event 336381813, Lines 2
Match: Event 336382543, Lines 2
Match: Event 336382554, Lines 2
Match: Event 336383625, Lines 2
Match: Event 336384351, Lines 2
Match: Event 336386148, Lines 2
Match: Event 336386345, Lines 2
Match: Event 336386852, Lines 2
[39%] 	 12,132/31,107 	 02:34:15
Match: Event 336387882, Lines 2
Match: Event 336388140, Lines 2
Match: Event 336391250, Lines 2
Match: Event 336391710, Lines 2
Match: Event 336394871, Lines 2
[40%] 	 12,443/31,107 	 02:38:22
Match: Event 336398457, Lines 2
Match: Event 336399227, Lines 2
Match: Event 336399403, Lines 2
Match: Event 336399627, Lines 2
Match: Event 336400122, Lines 2
Match: Event 336400644, Lines 3
Match: Event 336401636, Lines 2
Match: Event 336402845, Lines 2
Match: Event 336403376, Lines 2
Match: Event 336403669, Lines 2
Match: Event 336406206, Lines 2
[41%] 	 12,754/31,107 	 02:42:19
Match: Event 336406722, Lines 2
Match: Event 336406741, Lines 2
Match: Event 336407923, Lines 2
Match: Event 336408955, Lines 2
Match: Event 336410049, Lines 2
Match: Event 336411310, Lines 2
Match: Event 336411724, Lines 2
Match: Event 336412763, Lines 2
Match: Event 336414066, Lines 2
Match: Event 336414341, Lines 2
Match: Event 336414552, Lines 2
Match: Event 336415165, Lines 2
Match: Event 336415770, Lines 2
Match: Event 336416219, Lines 2
Match: Event 336416625, Lines 2
[42%] 	 13,065/31,107 	 02:46:14
Match: Event 336418490, Lines 2
Match: Event 336419802, Lines 2
Match: Event 336419971, Lines 3
Match: Event 336420877, Lines 2
Match: Event 336420965, Lines 2
Match: Event 336422025, Lines 3
Match: Event 336424285, Lines 2
Match: Event 336425370, Lines 2
Match: Event 336425596, Lines 2
Match: Event 336425951, Lines 2
Match: Event 336427126, Lines 2
[43%] 	 13,377/31,107 	 02:50:14
Match: Event 336428373, Lines 2
Match: Event 336428489, Lines 2
Match: Event 336429232, Lines 2
Match: Event 336429349, Lines 2
Match: Event 336430700, Lines 2
Match: Event 336430781, Lines 2
Match: Event 336431222, Lines 2
Match: Event 336432574, Lines 2
Match: Event 336434813, Lines 2
Match: Event 336434943, Lines 2
Match: Event 336435074, Lines 2
[44%] 	 13,688/31,107 	 02:54:25
Match: Event 336438048, Lines 2
Match: Event 336438194, Lines 2
Match: Event 336439499, Lines 2
Match: Event 336439652, Lines 2
Match: Event 336440338, Lines 2
Match: Event 336440634, Lines 2
Match: Event 336441420, Lines 2
Match: Event 336442666, Lines 2
Match: Event 336443264, Lines 2
Match: Event 336443278, Lines 2
Match: Event 336444671, Lines 2
Match: Event 336447207, Lines 2
[45%] 	 13,999/31,107 	 02:58:40
Match: Event 336448509, Lines 2
Match: Event 336449099, Lines 2
Match: Event 336449867, Lines 2
Match: Event 336450549, Lines 2
Match: Event 336450656, Lines 2
Match: Event 336451020, Lines 3
Match: Event 336451313, Lines 2
Match: Event 336452160, Lines 2
Match: Event 336452512, Lines 2
Match: Event 336452765, Lines 2
Match: Event 336453708, Lines 2
Match: Event 336454999, Lines 2
Match: Event 336455067, Lines 2
Match: Event 336455113, Lines 2
Match: Event 336456469, Lines 2
[46%] 	 14,310/31,107 	 03:02:57
Match: Event 336457149, Lines 2
Match: Event 336458642, Lines 2
Match: Event 336458961, Lines 2
Match: Event 336461118, Lines 2
Match: Event 336461474, Lines 2
Match: Event 336462536, Lines 2
Match: Event 336463192, Lines 2
Match: Event 336463383, Lines 3
Match: Event 336464607, Lines 2
Match: Event 336464769, Lines 2
Match: Event 336465135, Lines 2
Match: Event 336465801, Lines 2
Match: Event 336465821, Lines 2
[47%] 	 14,621/31,107 	 03:07:04
Match: Event 336467432, Lines 2
Match: Event 336468853, Lines 2
Match: Event 336469677, Lines 2
Match: Event 336469768, Lines 2
Match: Event 336472572, Lines 2
Match: Event 336474578, Lines 3
Match: Event 336475228, Lines 2
Match: Event 336475473, Lines 2
[48%] 	 14,932/31,107 	 03:11:09
Match: Event 336479029, Lines 2
Match: Event 336479889, Lines 2
Match: Event 336480633, Lines 3
Match: Event 336482842, Lines 3
Match: Event 336483589, Lines 2
Match: Event 336484025, Lines 2
Match: Event 336485021, Lines 2
Match: Event 336486045, Lines 2
Match: Event 336486187, Lines 2
Match: Event 336486669, Lines 2
[49%] 	 15,243/31,107 	 03:15:24
Match: Event 336489838, Lines 2
Match: Event 336490193, Lines 2
Match: Event 336490247, Lines 2
Match: Event 336490462, Lines 2
Match: Event 336490695, Lines 2
Match: Event 336490698, Lines 2
Match: Event 336492193, Lines 2
Match: Event 336493339, Lines 2
Match: Event 336493993, Lines 2
Match: Event 336495120, Lines 2
Match: Event 336496455, Lines 2
[50%] 	 15,554/31,107 	 03:19:44
Match: Event 336498623, Lines 2
Match: Event 336498757, Lines 2
Match: Event 336500062, Lines 2
Match: Event 336501232, Lines 2
Match: Event 336501295, Lines 2
Match: Event 336501930, Lines 2
Match: Event 336501970, Lines 2
Match: Event 336503096, Lines 2
Match: Event 336504231, Lines 2
Match: Event 336505763, Lines 2
[51%] 	 15,865/31,107 	 03:23:53
Match: Event 336508322, Lines 2
Match: Event 336509147, Lines 2
Match: Event 336509278, Lines 2
Match: Event 336509856, Lines 2
Match: Event 336511160, Lines 2
Match: Event 336511184, Lines 2
Match: Event 336511479, Lines 3
Match: Event 336512137, Lines 2
Match: Event 336512354, Lines 2
Match: Event 336512690, Lines 3
Match: Event 336513202, Lines 3
Match: Event 336513522, Lines 2
Match: Event 336514907, Lines 2
Match: Event 336515134, Lines 2
Match: Event 336515625, Lines 2
Match: Event 336516545, Lines 2
[52%] 	 16,176/31,107 	 03:28:46
Match: Event 336518273, Lines 3
Match: Event 336518863, Lines 2
Match: Event 336518999, Lines 2
Match: Event 336519775, Lines 2
Match: Event 336521128, Lines 2
Match: Event 336521278, Lines 2
Match: Event 336522440, Lines 2
Match: Event 336522865, Lines 2
Match: Event 336523414, Lines 2
Match: Event 336525091, Lines 2
Match: Event 336525147, Lines 2
Match: Event 336525170, Lines 2
[53%] 	 16,487/31,107 	 03:33:52
Match: Event 336530297, Lines 2
Match: Event 336530388, Lines 2
Match: Event 336530544, Lines 2
Match: Event 336530738, Lines 2
Match: Event 336531023, Lines 2
Match: Event 336534202, Lines 2
Match: Event 336534421, Lines 2
Match: Event 336535014, Lines 2
Match: Event 336535097, Lines 2
Match: Event 336536016, Lines 3
Match: Event 336536849, Lines 2
Match: Event 336537449, Lines 2
[54%] 	 16,798/31,107 	 03:38:42
Match: Event 336537732, Lines 2
Match: Event 336538168, Lines 2
Match: Event 336538626, Lines 2
Match: Event 336538957, Lines 2
Match: Event 336539179, Lines 3
Match: Event 336540720, Lines 2
Match: Event 336542003, Lines 2
Match: Event 336543222, Lines 2
Match: Event 336543388, Lines 2
Match: Event 336543551, Lines 2
Match: Event 336544134, Lines 2
Match: Event 336544950, Lines 2
Match: Event 336545275, Lines 2
Match: Event 336547267, Lines 3
Match: Event 336547475, Lines 2
Match: Event 336548265, Lines 2
[55%] 	 17,109/31,107 	 03:43:12
Match: Event 336548870, Lines 2
Match: Event 336553481, Lines 2
Match: Event 336554067, Lines 2
Match: Event 336554332, Lines 2
Match: Event 336554660, Lines 2
Match: Event 336555254, Lines 2
Match: Event 336555523, Lines 2
Match: Event 336555927, Lines 2
Match: Event 336556534, Lines 2
Match: Event 336557056, Lines 2
Match: Event 336558099, Lines 2
Match: Event 336558628, Lines 2
[56%] 	 17,420/31,107 	 03:47:33
Match: Event 336559336, Lines 2
Match: Event 336561175, Lines 3
Match: Event 336561822, Lines 2
Match: Event 336562848, Lines 2
Match: Event 336563097, Lines 2
Match: Event 336563908, Lines 3
Match: Event 336564229, Lines 2
Match: Event 336564282, Lines 2
Match: Event 336564581, Lines 3
Match: Event 336565391, Lines 2
Match: Event 336567964, Lines 3
Match: Event 336568088, Lines 2
Match: Event 336568667, Lines 3
[57%] 	 17,731/31,107 	 03:52:02
Match: Event 336569649, Lines 2
Match: Event 336573416, Lines 2
Match: Event 336574306, Lines 2
Match: Event 336575042, Lines 2
Match: Event 336575354, Lines 3
Match: Event 336576655, Lines 2
Match: Event 336577110, Lines 2
Match: Event 336577241, Lines 2
Match: Event 336577857, Lines 2
Match: Event 336578000, Lines 2
[58%] 	 18,043/31,107 	 03:56:19
Match: Event 336579310, Lines 2
Match: Event 336579419, Lines 2
Match: Event 336579898, Lines 2
Match: Event 336579920, Lines 2
Match: Event 336580068, Lines 2
Match: Event 336580694, Lines 2
Match: Event 336580978, Lines 2
Match: Event 336581525, Lines 2
Match: Event 336583663, Lines 2
Match: Event 336583816, Lines 2
Match: Event 336584625, Lines 2
Match: Event 336585411, Lines 2
Match: Event 336586889, Lines 2
Match: Event 336587558, Lines 2
[59%] 	 18,354/31,107 	 04:00:36
Match: Event 336590515, Lines 2
Match: Event 336592183, Lines 2
Match: Event 336592425, Lines 2
Match: Event 336593198, Lines 2
Match: Event 336593340, Lines 2
Match: Event 336595157, Lines 2
Match: Event 336597064, Lines 2
Match: Event 336597555, Lines 2
Match: Event 336597591, Lines 3
Match: Event 336598552, Lines 2
[60%] 	 18,665/31,107 	 04:04:45
Match: Event 336598656, Lines 2
Match: Event 336599057, Lines 2
Match: Event 336600702, Lines 2
Match: Event 336601259, Lines 2
Match: Event 336601762, Lines 2
Match: Event 336602740, Lines 2
Match: Event 336603255, Lines 2
Match: Event 336603666, Lines 2
Match: Event 336603919, Lines 2
Match: Event 336604229, Lines 2
Match: Event 336604613, Lines 2
Match: Event 336605065, Lines 2
Match: Event 336607202, Lines 2
Match: Event 336608235, Lines 3
Match: Event 336608608, Lines 2
[61%] 	 18,976/31,107 	 04:09:18
Match: Event 336609186, Lines 2
Match: Event 336610001, Lines 2
Match: Event 336610094, Lines 2
Match: Event 336610288, Lines 2
Match: Event 336611650, Lines 2
Match: Event 336611813, Lines 3
Match: Event 336611950, Lines 2
Match: Event 336612206, Lines 2
Match: Event 336612492, Lines 2
Match: Event 336612624, Lines 2
Match: Event 336613112, Lines 2
Match: Event 336613355, Lines 2
Match: Event 336614257, Lines 2
Match: Event 336614855, Lines 2
Match: Event 336615329, Lines 2
Match: Event 336616673, Lines 2
Match: Event 336616993, Lines 2
Match: Event 336617972, Lines 2
[62%] 	 19,287/31,107 	 04:13:44
Match: Event 336619505, Lines 2
Match: Event 336619780, Lines 2
Match: Event 336620643, Lines 2
Match: Event 336621648, Lines 2
Match: Event 336622688, Lines 2
Match: Event 336622889, Lines 2
Match: Event 336623841, Lines 2
Match: Event 336623934, Lines 2
Match: Event 336625416, Lines 2
Match: Event 336625455, Lines 2
Match: Event 336626524, Lines 2
Match: Event 336627803, Lines 3
Match: Event 336628096, Lines 2
[63%] 	 19,598/31,107 	 04:17:39
Match: Event 336628532, Lines 2
Match: Event 336629059, Lines 2
Match: Event 336629624, Lines 2
Match: Event 336629952, Lines 2
Match: Event 336630447, Lines 2
Match: Event 336630802, Lines 3
Match: Event 336632244, Lines 2
Match: Event 336632356, Lines 2
Match: Event 336632498, Lines 2
Match: Event 336633410, Lines 2
Match: Event 336634036, Lines 2
Match: Event 336635952, Lines 2
Match: Event 336636249, Lines 2
Match: Event 336637740, Lines 2
Match: Event 336637884, Lines 2
[64%] 	 19,909/31,107 	 04:21:47
Match: Event 336640227, Lines 2
Match: Event 336642211, Lines 2
Match: Event 336643726, Lines 2
Match: Event 336644119, Lines 2
Match: Event 336644871, Lines 2
Match: Event 336644995, Lines 2
Match: Event 336645686, Lines 2
Match: Event 336646185, Lines 2
Match: Event 336647799, Lines 2
Match: Event 336648140, Lines 2
[65%] 	 20,220/31,107 	 04:26:10
Match: Event 336648920, Lines 3
Match: Event 336649192, Lines 2
Match: Event 336649313, Lines 2
Match: Event 336649473, Lines 2
Match: Event 336649486, Lines 2
Match: Event 336649567, Lines 2
Match: Event 336651331, Lines 3
Match: Event 336651497, Lines 2
Match: Event 336651751, Lines 2
Match: Event 336651754, Lines 2
Match: Event 336652352, Lines 3
Match: Event 336654038, Lines 2
Match: Event 336654533, Lines 2
Match: Event 336654939, Lines 2
Match: Event 336655733, Lines 2
Match: Event 336656449, Lines 2
Match: Event 336656960, Lines 2
Match: Event 336657862, Lines 3
[66%] 	 20,531/31,107 	 04:30:42
Match: Event 336658871, Lines 2
Match: Event 336660576, Lines 2
Match: Event 336661773, Lines 2
Match: Event 336662120, Lines 2
Match: Event 336662924, Lines 3
Match: Event 336663309, Lines 2
Match: Event 336664588, Lines 3
Match: Event 336664684, Lines 2
Match: Event 336664740, Lines 2
Match: Event 336664864, Lines 2
Match: Event 336666404, Lines 3
Match: Event 336667751, Lines 2
Match: Event 336668016, Lines 2
[67%] 	 20,842/31,107 	 04:34:48
Match: Event 336672154, Lines 2
Match: Event 336674178, Lines 2
Match: Event 336674933, Lines 2
Match: Event 336675096, Lines 2
Match: Event 336675246, Lines 2
Match: Event 336675423, Lines 2
Match: Event 336677153, Lines 2
[68%] 	 21,153/31,107 	 04:38:23
Match: Event 336679351, Lines 2
Match: Event 336679577, Lines 2
Match: Event 336680027, Lines 2
Match: Event 336681656, Lines 2
Match: Event 336682921, Lines 2
Match: Event 336683369, Lines 2
Match: Event 336684034, Lines 2
Match: Event 336685583, Lines 2
Match: Event 336685946, Lines 2
Match: Event 336686651, Lines 2
Match: Event 336686783, Lines 2
Match: Event 336688392, Lines 2
[69%] 	 21,464/31,107 	 04:42:30
Match: Event 336690117, Lines 2
Match: Event 336692050, Lines 2
Match: Event 336692845, Lines 2
Match: Event 336692997, Lines 2
Match: Event 336695693, Lines 2
Match: Event 336696127, Lines 2
Match: Event 336696206, Lines 2
Match: Event 336696937, Lines 2
Match: Event 336697454, Lines 2
Match: Event 336697583, Lines 2
Match: Event 336698001, Lines 2
Match: Event 336698385, Lines 2
Match: Event 336698570, Lines 2
Match: Event 336698616, Lines 2
Match: Event 336699250, Lines 2
[70%] 	 21,775/31,107 	 04:46:32
Match: Event 336700172, Lines 2
Match: Event 336700616, Lines 2
Match: Event 336700664, Lines 2
Match: Event 336701960, Lines 2
Match: Event 336702063, Lines 2
Match: Event 336705052, Lines 2
Match: Event 336705191, Lines 2
Match: Event 336705585, Lines 2
Match: Event 336706064, Lines 2
Match: Event 336708656, Lines 2
Match: Event 336708848, Lines 3
Match: Event 336709011, Lines 2
Match: Event 336709134, Lines 2
[71%] 	 22,086/31,107 	 04:50:48
Match: Event 336710899, Lines 3
Match: Event 336710930, Lines 2
Match: Event 336710961, Lines 2
Match: Event 336711359, Lines 2
Match: Event 336713200, Lines 2
Match: Event 336713658, Lines 2
Match: Event 336714699, Lines 2
Match: Event 336715931, Lines 2
Match: Event 336716084, Lines 2
Match: Event 336716981, Lines 2
Match: Event 336717429, Lines 2
Match: Event 336717509, Lines 2
Match: Event 336718386, Lines 2
[72%] 	 22,398/31,107 	 04:55:11
Match: Event 336719257, Lines 2
Match: Event 336721608, Lines 2
Match: Event 336721837, Lines 2
Match: Event 336722404, Lines 2
Match: Event 336722417, Lines 2
Match: Event 336723054, Lines 3
Match: Event 336724773, Lines 2
Match: Event 336725020, Lines 2
Match: Event 336725084, Lines 2
Match: Event 336725692, Lines 2
[73%] 	 22,709/31,107 	 04:59:50
Match: Event 336730129, Lines 2
Match: Event 336731048, Lines 2
Match: Event 336732065, Lines 2
Match: Event 336734482, Lines 2
Match: Event 336736328, Lines 2
Match: Event 336737674, Lines 2
Match: Event 336737818, Lines 2
[74%] 	 23,020/31,107 	 05:04:41
Match: Event 336739837, Lines 3
Match: Event 336740427, Lines 2
Match: Event 336740700, Lines 2
Match: Event 336741506, Lines 2
Match: Event 336742037, Lines 2
Match: Event 336742663, Lines 3
Match: Event 336743225, Lines 2
Match: Event 336744464, Lines 2
Match: Event 336745554, Lines 2
Match: Event 336746929, Lines 2
Match: Event 336747900, Lines 2
Match: Event 336747902, Lines 2
Match: Event 336748396, Lines 2
[75%] 	 23,331/31,107 	 05:09:23
Match: Event 336748562, Lines 2
Match: Event 336749118, Lines 2
Match: Event 336749588, Lines 2
Match: Event 336751174, Lines 2
Match: Event 336751403, Lines 2
Match: Event 336751571, Lines 2
Match: Event 336751732, Lines 2
Match: Event 336753953, Lines 2
Match: Event 336754235, Lines 2
Match: Event 336754536, Lines 2
Match: Event 336755539, Lines 2
Match: Event 336756799, Lines 2
Match: Event 336757245, Lines 2
Match: Event 336757264, Lines 2
Match: Event 336757911, Lines 2
[76%] 	 23,642/31,107 	 05:14:06
Match: Event 336758616, Lines 2
Match: Event 336758715, Lines 2
Match: Event 336759639, Lines 2
Match: Event 336760588, Lines 2
Match: Event 336761655, Lines 2
Match: Event 336762184, Lines 2
Match: Event 336763730, Lines 2
Match: Event 336764737, Lines 2
Match: Event 336765076, Lines 2
Match: Event 336765916, Lines 2
Match: Event 336766212, Lines 2
Match: Event 336767585, Lines 2
[77%] 	 23,953/31,107 	 05:18:48
Match: Event 336767803, Lines 2
Match: Event 336770259, Lines 2
Match: Event 336771481, Lines 2
Match: Event 336771939, Lines 2
Match: Event 336772252, Lines 2
Match: Event 336772538, Lines 2
Match: Event 336772685, Lines 3
Match: Event 336772848, Lines 2
Match: Event 336772917, Lines 2
Match: Event 336772933, Lines 2
Match: Event 336773617, Lines 2
Match: Event 336773890, Lines 2
Match: Event 336774727, Lines 2
Match: Event 336776281, Lines 2
[78%] 	 24,264/31,107 	 05:23:27
Match: Event 336776636, Lines 2
Match: Event 336776952, Lines 2
Match: Event 336777006, Lines 3
Match: Event 336777026, Lines 2
Match: Event 336778549, Lines 2
Match: Event 336779207, Lines 2
Match: Event 336779438, Lines 2
Match: Event 336780388, Lines 2
Match: Event 336780794, Lines 2
Match: Event 336781187, Lines 2
Match: Event 336781870, Lines 2
Match: Event 336783071, Lines 2
Match: Event 336783165, Lines 2
Match: Event 336783836, Lines 2
Match: Event 336783941, Lines 2
Match: Event 336784591, Lines 2
Match: Event 336785041, Lines 2
Match: Event 336785771, Lines 2
Match: Event 336785794, Lines 2
Match: Event 336786170, Lines 2
[79%] 	 24,575/31,107 	 05:27:24
Match: Event 336787452, Lines 2
Match: Event 336787784, Lines 2
Match: Event 336788783, Lines 2
Match: Event 336789187, Lines 2
Match: Event 336789574, Lines 2
Match: Event 336789719, Lines 2
Match: Event 336791173, Lines 2
Match: Event 336791565, Lines 2
Match: Event 336791774, Lines 2
Match: Event 336792033, Lines 2
Match: Event 336792104, Lines 2
Match: Event 336795518, Lines 2
Match: Event 336796322, Lines 2
[80%] 	 24,886/31,107 	 05:31:49
Match: Event 336797691, Lines 2
Match: Event 336797973, Lines 2
Match: Event 336798124, Lines 2
Match: Event 336798150, Lines 2
Match: Event 336798639, Lines 2
Match: Event 336799657, Lines 2
Match: Event 336800511, Lines 2
Match: Event 336800793, Lines 3
Match: Event 336802207, Lines 2
Match: Event 336803470, Lines 2
Match: Event 336804941, Lines 2
Match: Event 336806129, Lines 2
Match: Event 336806203, Lines 2
[81%] 	 25,197/31,107 	 05:36:21
Match: Event 336809615, Lines 2
Match: Event 336810581, Lines 2
Match: Event 336811237, Lines 2
Match: Event 336811512, Lines 2
Match: Event 336812536, Lines 2
Match: Event 336812774, Lines 2
Match: Event 336813223, Lines 2
Match: Event 336813470, Lines 2
Match: Event 336814810, Lines 2
Match: Event 336816177, Lines 2
Match: Event 336816359, Lines 2
Match: Event 336816778, Lines 2
Match: Event 336816944, Lines 2
Match: Event 336817970, Lines 2
Match: Event 336818210, Lines 2
Match: Event 336818287, Lines 2
[82%] 	 25,508/31,107 	 05:41:07
Match: Event 336818797, Lines 2
Match: Event 336818961, Lines 2
Match: Event 336822548, Lines 2
Match: Event 336823550, Lines 2
Match: Event 336826399, Lines 2
Match: Event 336826840, Lines 2
Match: Event 336827109, Lines 2
Match: Event 336827754, Lines 2
Match: Event 336828387, Lines 3
[83%] 	 25,819/31,107 	 05:45:33
Match: Event 336828581, Lines 2
Match: Event 336830085, Lines 2
Match: Event 336830265, Lines 2
Match: Event 336830910, Lines 2
Match: Event 336831509, Lines 2
Match: Event 336831813, Lines 2
Match: Event 336832044, Lines 3
Match: Event 336833366, Lines 2
Match: Event 336833626, Lines 2
Match: Event 336834919, Lines 2
Match: Event 336834997, Lines 2
Match: Event 336835021, Lines 2
Match: Event 336835284, Lines 2
Match: Event 336835659, Lines 2
Match: Event 336835692, Lines 2
Match: Event 336835787, Lines 2
[84%] 	 26,130/31,107 	 05:49:52
Match: Event 336838705, Lines 2
Match: Event 336840509, Lines 2
Match: Event 336841050, Lines 2
Match: Event 336841947, Lines 2
Match: Event 336842304, Lines 3
Match: Event 336842977, Lines 2
Match: Event 336843421, Lines 2
Match: Event 336846831, Lines 2
Match: Event 336846895, Lines 3
Match: Event 336847009, Lines 2
Match: Event 336847959, Lines 2
[85%] 	 26,441/31,107 	 05:53:44
Match: Event 336849260, Lines 2
Match: Event 336849489, Lines 2
Match: Event 336850250, Lines 2
Match: Event 336851306, Lines 2
Match: Event 336851707, Lines 2
Match: Event 336851793, Lines 2
Match: Event 336852360, Lines 2
Match: Event 336852545, Lines 2
Match: Event 336853619, Lines 2
Match: Event 336853623, Lines 2
Match: Event 336854595, Lines 2
Match: Event 336854832, Lines 2
Match: Event 336855724, Lines 2
Match: Event 336856247, Lines 2
Match: Event 336856652, Lines 2
Match: Event 336857455, Lines 2
Match: Event 336858685, Lines 2
Match: Event 336859067, Lines 2
Match: Event 336859593, Lines 2
[86%] 	 26,753/31,107 	 05:57:47
Match: Event 336860835, Lines 2
Match: Event 336860930, Lines 2
Match: Event 336861611, Lines 2
Match: Event 336861630, Lines 2
Match: Event 336861989, Lines 2
Match: Event 336862718, Lines 2
Match: Event 336865132, Lines 3
Match: Event 336865373, Lines 2
Match: Event 336869369, Lines 2
[87%] 	 27,064/31,107 	 06:01:55
Match: Event 336871619, Lines 2
Match: Event 336872170, Lines 2
Match: Event 336872801, Lines 2
Match: Event 336873284, Lines 2
Match: Event 336873507, Lines 2
Match: Event 336873844, Lines 2
Match: Event 336873900, Lines 2
Match: Event 336875055, Lines 2
Match: Event 336875484, Lines 2
Match: Event 336876163, Lines 2
Match: Event 336876806, Lines 2
Match: Event 336877078, Lines 2
Match: Event 336877895, Lines 2
Match: Event 336878002, Lines 2
Match: Event 336880587, Lines 2
[88%] 	 27,375/31,107 	 06:06:20
Match: Event 336881586, Lines 2
Match: Event 336881642, Lines 2
Match: Event 336882101, Lines 2
Match: Event 336882285, Lines 2
Match: Event 336882851, Lines 2
Match: Event 336883409, Lines 3
Match: Event 336885467, Lines 2
Match: Event 336885529, Lines 2
Match: Event 336886848, Lines 2
Match: Event 336887153, Lines 2
Match: Event 336887519, Lines 2
Match: Event 336887907, Lines 2
Match: Event 336888663, Lines 2
[89%] 	 27,686/31,107 	 06:10:49
Match: Event 336891027, Lines 2
Match: Event 336892354, Lines 2
Match: Event 336892570, Lines 2
Match: Event 336893031, Lines 2
Match: Event 336893738, Lines 2
Match: Event 336893831, Lines 2
Match: Event 336893982, Lines 2
Match: Event 336894403, Lines 3
Match: Event 336894649, Lines 2
Match: Event 336894871, Lines 2
Match: Event 336895013, Lines 2
Match: Event 336895868, Lines 2
Match: Event 336896027, Lines 2
Match: Event 336896855, Lines 2
Match: Event 336897039, Lines 2
Match: Event 336897552, Lines 2
Match: Event 336899333, Lines 2
Match: Event 336899546, Lines 2
Match: Event 336899743, Lines 2
[90%] 	 27,997/31,107 	 06:15:46
Match: Event 336901166, Lines 2
Match: Event 336904047, Lines 3
Match: Event 336904292, Lines 2
Match: Event 336904613, Lines 2
Match: Event 336904664, Lines 2
Match: Event 336904843, Lines 2
Match: Event 336904912, Lines 2
Match: Event 336905417, Lines 2
Match: Event 336906382, Lines 2
Match: Event 336906780, Lines 2
Match: Event 336908014, Lines 2
Match: Event 336909645, Lines 2
Match: Event 336909785, Lines 2
[91%] 	 28,308/31,107 	 06:20:11
Match: Event 336910405, Lines 2
Match: Event 336910687, Lines 2
Match: Event 336911086, Lines 2
Match: Event 336911961, Lines 2
Match: Event 336912871, Lines 2
Match: Event 336913003, Lines 2
Match: Event 336913830, Lines 2
Match: Event 336916632, Lines 2
Match: Event 336917001, Lines 2
Match: Event 336917359, Lines 2
Match: Event 336917638, Lines 2
Match: Event 336918027, Lines 2
Match: Event 336918920, Lines 2
Match: Event 336919169, Lines 2
Match: Event 336919999, Lines 2
Match: Event 336920585, Lines 2
Match: Event 336921111, Lines 2
[92%] 	 28,619/31,107 	 06:24:06
Match: Event 336925031, Lines 2
Match: Event 336925161, Lines 2
Match: Event 336925796, Lines 2
Match: Event 336926123, Lines 3
Match: Event 336926910, Lines 2
Match: Event 336928107, Lines 2
Match: Event 336928506, Lines 3
Match: Event 336928524, Lines 2
Match: Event 336928647, Lines 2
Match: Event 336929386, Lines 2
Match: Event 336929447, Lines 2
Match: Event 336929769, Lines 2
Match: Event 336930957, Lines 2
Match: Event 336930979, Lines 2
Match: Event 336931197, Lines 2
[93%] 	 28,930/31,107 	 06:27:44
Match: Event 336932387, Lines 2
Match: Event 336934188, Lines 2
Match: Event 336935112, Lines 2
Match: Event 336935371, Lines 2
Match: Event 336935464, Lines 2
Match: Event 336937331, Lines 2
Match: Event 336937424, Lines 2
Match: Event 336937851, Lines 2
Match: Event 336938188, Lines 2
Match: Event 336938618, Lines 2
Match: Event 336938860, Lines 2
Match: Event 336939409, Lines 2
Match: Event 336940373, Lines 2
Match: Event 336941162, Lines 2
Match: Event 336941167, Lines 2
Match: Event 336941399, Lines 2
Match: Event 336941573, Lines 2
Match: Event 336941871, Lines 2
Match: Event 336941899, Lines 2
[94%] 	 29,241/31,107 	 06:31:21
Match: Event 336942638, Lines 2
Match: Event 336942878, Lines 2
Match: Event 336944032, Lines 2
Match: Event 336944120, Lines 2
Match: Event 336945846, Lines 2
Match: Event 336946025, Lines 2
Match: Event 336946525, Lines 2
Match: Event 336947012, Lines 2
Match: Event 336947512, Lines 2
Match: Event 336947966, Lines 2
Match: Event 336949142, Lines 2
Match: Event 336950453, Lines 2
Match: Event 336950804, Lines 2
[95%] 	 29,552/31,107 	 06:34:40
Match: Event 336951911, Lines 2
Match: Event 336953124, Lines 2
Match: Event 336954387, Lines 2
Match: Event 336954437, Lines 2
Match: Event 336954843, Lines 2
Match: Event 336955890, Lines 2
Match: Event 336956326, Lines 2
Match: Event 336956440, Lines 2
Match: Event 336956940, Lines 2
Match: Event 336957403, Lines 2
Match: Event 336957570, Lines 2
Match: Event 336957957, Lines 2
Match: Event 336960372, Lines 2
Match: Event 336960553, Lines 3
Match: Event 336961294, Lines 2
[96%] 	 29,863/31,107 	 06:39:45
Match: Event 336962247, Lines 3
Match: Event 336963619, Lines 2
Match: Event 336963677, Lines 2
Match: Event 336964487, Lines 2
Match: Event 336965016, Lines 2
Match: Event 336965714, Lines 2
Match: Event 336966374, Lines 3
Match: Event 336968426, Lines 2
Match: Event 336968579, Lines 2
Match: Event 336969892, Lines 2
Match: Event 336970279, Lines 2
Match: Event 336971324, Lines 2
Match: Event 336971634, Lines 2
[97%] 	 30,174/31,107 	 06:44:01
Match: Event 336971884, Lines 2
Match: Event 336972560, Lines 2
Match: Event 336973204, Lines 2
Match: Event 336973570, Lines 2
Match: Event 336974078, Lines 3
Match: Event 336974363, Lines 2
Match: Event 336976591, Lines 2
Match: Event 336977011, Lines 2
Match: Event 336977314, Lines 2
Match: Event 336977760, Lines 2
Match: Event 336979579, Lines 2
Match: Event 336980540, Lines 2
[98%] 	 30,485/31,107 	 06:47:30
Match: Event 336981940, Lines 2
Match: Event 336983858, Lines 2
Match: Event 336984810, Lines 3
Match: Event 336986978, Lines 2
Match: Event 336987157, Lines 3
Match: Event 336987254, Lines 2
Match: Event 336988092, Lines 2
Match: Event 336988787, Lines 2
[99%] 	 30,796/31,107 	 06:50:54
Match: Event 336991845, Lines 2
Match: Event 336992982, Lines 2
Match: Event 336993069, Lines 2
Match: Event 336993436, Lines 2
Match: Event 336993796, Lines 2
Match: Event 336994096, Lines 2
Match: Event 336994135, Lines 2
Match: Event 336994697, Lines 2
Match: Event 336995295, Lines 2
Match: Event 336995362, Lines 2
Match: Event 336995823, Lines 2
Match: Event 336996453, Lines 2
Match: Event 336996501, Lines 2
Match: Event 336996507, Lines 2
Match: Event 336996546, Lines 2
Match: Event 336997155, Lines 2
Match: Event 336997508, Lines 2
Match: Event 336997659, Lines 2
Match: Event 336998594, Lines 3
Match: Event 336999335, Lines 2
Match: Event 336999878, Lines 2
Finished in 24865.44s.
 ~ 5) DONE !
