search libraries in slc9_x86-64
 ~ 1) Base stack loaded.
 ~ Sleeping for 33 seconds to avoid AFS DDOS...
 ~ 2) Loading sndsw environment...
 ~ 3) SNDSW_ROOT is set to: /afs/cern.ch/user/i/idioniso/snd_master/sw-root6.28/rhel9_x86-64/sndsw/master-local1
 ~ 4) Executing tracking script...
[INFO] The input consists out of the following trees and files: 
[INFO]  - rawConv
[INFO]     - root://eoshome-i.cern.ch//eos/user/i/idioniso/tridents/initial_cuts/tridents_sndsw_raw-0277.root
[INFO] FairRootFileSink initialized.
[INFO]  - cbmout
[INFO]     - dummy
[INFO] Parameter and input file are available, Assure that basic info is there for the run!
[INFO] ---FairRootManager::SpecifyRunId --- 
[INFO] --- Initialize with RunId  --- 0

************************************************************* 
     initialisation for run id 0
************************************************************* 
-I- FairRunTimeDB::InitContainer() FairBaseParSet
-I- FairRunTimeDB::InitContainer() FairGeoParSet

************************************************************* 
     initialisation for run id 0
************************************************************* 
-I- FairRunTimeDB::InitContainer() FairBaseParSet
-I- FairRunTimeDB::InitContainer() FairGeoParSet
[INFO]  Branch: Reco_MuonTracks not found in Tree.
using geofile: root://eospublic.cern.ch//eos/experiment/sndlhc/convertedData/physics/2023/geofile_sndlhc_TI18_V3_2023.root
[0%] 	 0/31,399 	 00:00:12
[1%] 	 314/31,399 	 00:06:56
Match: Event 277016014, Lines 2
[2%] 	 628/31,399 	 00:14:13
[3%] 	 942/31,399 	 00:21:43
[4%] 	 1,256/31,399 	 00:29:15
Match: Event 277038841, Lines 2
[5%] 	 1,570/31,399 	 00:38:56
[6%] 	 1,884/31,399 	 00:46:26
Match: Event 277064494, Lines 2
Match: Event 277064604, Lines 2
Match: Event 277065087, Lines 2
[7%] 	 2,198/31,399 	 00:53:35
Match: Event 277069007, Lines 2
[8%] 	 2,512/31,399 	 01:00:59
Match: Event 277078803, Lines 2
[9%] 	 2,826/31,399 	 01:08:28
Match: Event 277088424, Lines 2
Match: Event 277090670, Lines 2
[10%] 	 3,140/31,399 	 01:16:14
Match: Event 277106196, Lines 2
[11%] 	 3,454/31,399 	 01:23:57
[12%] 	 3,768/31,399 	 01:32:26
[13%] 	 4,082/31,399 	 01:39:49
[14%] 	 4,396/31,399 	 01:48:15
[15%] 	 4,710/31,399 	 01:56:19
[16%] 	 5,024/31,399 	 02:04:12
Match: Event 277160116, Lines 2
[17%] 	 5,338/31,399 	 02:11:48
[18%] 	 5,652/31,399 	 02:20:14
Match: Event 277178890, Lines 2
Match: Event 277185263, Lines 2
[19%] 	 5,966/31,399 	 02:27:41
Match: Event 277197421, Lines 2
[20%] 	 6,280/31,399 	 02:35:00
Match: Event 277201097, Lines 2
[21%] 	 6,594/31,399 	 02:42:10
[22%] 	 6,908/31,399 	 02:49:09
[23%] 	 7,222/31,399 	 02:58:08
Match: Event 277238193, Lines 2
[24%] 	 7,536/31,399 	 03:10:51
[25%] 	 7,850/31,399 	 03:25:00
[26%] 	 8,164/31,399 	 03:35:00
[27%] 	 8,478/31,399 	 03:45:02
[28%] 	 8,792/31,399 	 03:59:37
Match: Event 277279577, Lines 2
Match: Event 277284474, Lines 2
[29%] 	 9,106/31,399 	 04:10:35
Match: Event 277297782, Lines 2
[30%] 	 9,420/31,399 	 04:17:42
[31%] 	 9,734/31,399 	 04:24:41
[32%] 	 10,048/31,399 	 04:31:50
Match: Event 277323625, Lines 2
[33%] 	 10,362/31,399 	 04:38:52
Match: Event 277331331, Lines 2
[34%] 	 10,676/31,399 	 04:45:41
[35%] 	 10,990/31,399 	 04:52:52
Match: Event 277356567, Lines 2
[36%] 	 11,304/31,399 	 05:00:14
[37%] 	 11,618/31,399 	 05:07:19
Match: Event 277378455, Lines 2
[38%] 	 11,932/31,399 	 05:14:49
[39%] 	 12,246/31,399 	 05:23:06
Match: Event 277390133, Lines 2
[40%] 	 12,560/31,399 	 05:30:53
[41%] 	 12,874/31,399 	 05:38:42
[42%] 	 13,188/31,399 	 05:46:09
Match: Event 277424935, Lines 2
[43%] 	 13,502/31,399 	 05:53:28
[44%] 	 13,816/31,399 	 06:00:30
[45%] 	 14,130/31,399 	 06:07:41
[46%] 	 14,444/31,399 	 06:14:32
[47%] 	 14,758/31,399 	 06:22:11
Match: Event 277470004, Lines 2
Match: Event 277470050, Lines 2
Match: Event 277472869, Lines 2
[48%] 	 15,072/31,399 	 06:29:08
[49%] 	 15,386/31,399 	 06:36:32
Match: Event 277493696, Lines 2
[50%] 	 15,700/31,399 	 06:43:51
[51%] 	 16,014/31,399 	 06:50:51
[52%] 	 16,328/31,399 	 06:57:37
Match: Event 277525903, Lines 2
[53%] 	 16,642/31,399 	 07:04:38
[54%] 	 16,956/31,399 	 07:11:45
[55%] 	 17,270/31,399 	 07:18:40
[56%] 	 17,584/31,399 	 07:25:57
[57%] 	 17,898/31,399 	 07:34:12
[58%] 	 18,212/31,399 	 07:40:52
[59%] 	 18,526/31,399 	 07:47:49
[60%] 	 18,840/31,399 	 07:54:35
Match: Event 277611435, Lines 2
[61%] 	 19,154/31,399 	 08:01:33
[62%] 	 19,468/31,399 	 08:09:03
[63%] 	 19,782/31,399 	 08:16:16
Match: Event 277639510, Lines 2
Match: Event 277642563, Lines 2
[64%] 	 20,096/31,399 	 08:23:22
[65%] 	 20,410/31,399 	 08:30:18
[66%] 	 20,724/31,399 	 08:37:37
[67%] 	 21,038/31,399 	 08:44:33
[68%] 	 21,352/31,399 	 08:51:30
Match: Event 277684394, Lines 2
[69%] 	 21,666/31,399 	 08:58:29
[70%] 	 21,980/31,399 	 09:05:41
[71%] 	 22,294/31,399 	 09:13:06
Match: Event 277713980, Lines 2
[72%] 	 22,608/31,399 	 09:20:41
[73%] 	 22,922/31,399 	 09:28:06
[74%] 	 23,236/31,399 	 09:35:06
[75%] 	 23,550/31,399 	 09:42:18
[76%] 	 23,864/31,399 	 09:49:31
[77%] 	 24,178/31,399 	 09:56:45
[78%] 	 24,492/31,399 	 10:03:42
Match: Event 277792844, Lines 2
[79%] 	 24,806/31,399 	 10:11:07
[80%] 	 25,120/31,399 	 10:17:49
Match: Event 277803102, Lines 2
[81%] 	 25,434/31,399 	 10:24:58
Match: Event 277811519, Lines 2
[82%] 	 25,748/31,399 	 10:33:42
[83%] 	 26,062/31,399 	 10:40:53
[84%] 	 26,376/31,399 	 10:47:56
Match: Event 277843158, Lines 2
Match: Event 277843802, Lines 2
[85%] 	 26,690/31,399 	 10:55:37
Match: Event 277855291, Lines 2
[86%] 	 27,004/31,399 	 11:05:25
Match: Event 277865152, Lines 2
Match: Event 277865286, Lines 2
Match: Event 277868537, Lines 2
[87%] 	 27,318/31,399 	 11:13:14
Match: Event 277879561, Lines 2
[88%] 	 27,632/31,399 	 11:20:33
Match: Event 277889929, Lines 2
[89%] 	 27,946/31,399 	 11:27:59
Match: Event 277895364, Lines 2
[90%] 	 28,260/31,399 	 11:35:36
[91%] 	 28,574/31,399 	 11:43:02
[92%] 	 28,888/31,399 	 11:50:39
[93%] 	 29,202/31,399 	 11:58:33
[94%] 	 29,516/31,399 	 12:05:37
[95%] 	 29,830/31,399 	 12:12:36
[96%] 	 30,144/31,399 	 12:19:40
Match: Event 277961715, Lines 2
Match: Event 277962964, Lines 2
[97%] 	 30,458/31,399 	 12:27:24
[98%] 	 30,772/31,399 	 12:34:35
[99%] 	 31,086/31,399 	 12:41:39
Finished in 46157.19s.
 ~ 5) DONE !
