search libraries in slc9_x86-64
 ~ 1) Base stack loaded.
 ~ Sleeping for 26 seconds to avoid AFS DDOS...
 ~ 2) Loading sndsw environment...
 ~ 3) SNDSW_ROOT is set to: /afs/cern.ch/user/i/idioniso/snd_master/sw-root6.28/rhel9_x86-64/sndsw/master-local1
 ~ 4) Executing tracking script...
[INFO] The input consists out of the following trees and files: 
[INFO]  - rawConv
[INFO]     - root://eoshome-i.cern.ch//eos/user/i/idioniso/tridents/initial_cuts/tridents_sndsw_raw-0105.root
[INFO] FairRootFileSink initialized.
[INFO]  - cbmout
[INFO]     - dummy
[INFO] Parameter and input file are available, Assure that basic info is there for the run!
[INFO] ---FairRootManager::SpecifyRunId --- 
[INFO] --- Initialize with RunId  --- 0

************************************************************* 
     initialisation for run id 0
************************************************************* 
-I- FairRunTimeDB::InitContainer() FairBaseParSet
-I- FairRunTimeDB::InitContainer() FairGeoParSet

************************************************************* 
     initialisation for run id 0
************************************************************* 
-I- FairRunTimeDB::InitContainer() FairBaseParSet
-I- FairRunTimeDB::InitContainer() FairGeoParSet
[INFO]  Branch: Reco_MuonTracks not found in Tree.
using geofile: root://eospublic.cern.ch//eos/experiment/sndlhc/convertedData/physics/2023/geofile_sndlhc_TI18_V3_2023.root
[0%] 	 0/31,904 	 00:00:12
[1%] 	 320/31,904 	 00:04:45
[2%] 	 639/31,904 	 00:09:26
[3%] 	 958/31,904 	 00:14:01
[4%] 	 1,277/31,904 	 00:18:35
[5%] 	 1,596/31,904 	 00:23:14
[6%] 	 1,915/31,904 	 00:27:31
Match: Event 105068332, Lines 2
[7%] 	 2,234/31,904 	 00:31:52
[8%] 	 2,553/31,904 	 00:36:25
[9%] 	 2,872/31,904 	 00:41:19
Match: Event 105096765, Lines 2
[10%] 	 3,191/31,904 	 00:46:12
[11%] 	 3,510/31,904 	 00:50:53
Match: Event 105115517, Lines 2
[12%] 	 3,829/31,904 	 00:55:35
[13%] 	 4,148/31,904 	 01:00:11
Match: Event 105132827, Lines 2
Match: Event 105133962, Lines 2
[14%] 	 4,467/31,904 	 01:04:55
[15%] 	 4,786/31,904 	 01:09:42
Match: Event 105154200, Lines 2
Match: Event 105156121, Lines 2
[16%] 	 5,105/31,904 	 01:14:27
[17%] 	 5,424/31,904 	 01:19:16
[18%] 	 5,743/31,904 	 01:24:05
Match: Event 105178812, Lines 2
[19%] 	 6,062/31,904 	 01:28:46
Match: Event 105191451, Lines 2
[20%] 	 6,381/31,904 	 01:33:36
[21%] 	 6,700/31,904 	 01:38:26
[22%] 	 7,019/31,904 	 01:43:13
[23%] 	 7,338/31,904 	 01:48:17
[24%] 	 7,657/31,904 	 01:53:08
[25%] 	 7,976/31,904 	 01:57:58
[26%] 	 8,296/31,904 	 02:02:50
Match: Event 105269481, Lines 2
[27%] 	 8,615/31,904 	 02:07:34
[28%] 	 8,934/31,904 	 02:12:24
[29%] 	 9,253/31,904 	 02:17:20
[30%] 	 9,572/31,904 	 02:22:02
[31%] 	 9,891/31,904 	 02:26:48
[32%] 	 10,210/31,904 	 02:31:30
[33%] 	 10,529/31,904 	 02:36:17
Match: Event 105330154, Lines 2
[34%] 	 10,848/31,904 	 02:41:01
[35%] 	 11,167/31,904 	 02:45:44
[36%] 	 11,486/31,904 	 02:50:35
[37%] 	 11,805/31,904 	 02:54:55
Match: Event 105367977, Lines 2
[38%] 	 12,124/31,904 	 02:59:43
[39%] 	 12,443/31,904 	 03:04:23
[40%] 	 12,762/31,904 	 03:09:12
[41%] 	 13,081/31,904 	 03:13:49
Match: Event 105415707, Lines 2
[42%] 	 13,400/31,904 	 03:18:49
[43%] 	 13,719/31,904 	 03:23:41
[44%] 	 14,038/31,904 	 03:28:25
Match: Event 105440705, Lines 2
Match: Event 105446933, Lines 2
[45%] 	 14,357/31,904 	 03:33:18
Match: Event 105453542, Lines 2
[46%] 	 14,676/31,904 	 03:38:06
[47%] 	 14,995/31,904 	 03:43:04
[48%] 	 15,314/31,904 	 03:47:50
[49%] 	 15,633/31,904 	 03:52:11
[50%] 	 15,952/31,904 	 03:56:38
Match: Event 105506602, Lines 2
[51%] 	 16,272/31,904 	 04:01:14
[52%] 	 16,591/31,904 	 04:05:43
Match: Event 105517952, Lines 2
[53%] 	 16,910/31,904 	 04:10:40
[54%] 	 17,229/31,904 	 04:15:19
Match: Event 105545792, Lines 2
[55%] 	 17,548/31,904 	 04:20:21
[56%] 	 17,867/31,904 	 04:25:11
[57%] 	 18,186/31,904 	 04:29:53
[58%] 	 18,505/31,904 	 04:33:43
[59%] 	 18,824/31,904 	 04:37:33
Match: Event 105595724, Lines 2
[60%] 	 19,143/31,904 	 04:42:25
[61%] 	 19,462/31,904 	 04:47:04
[62%] 	 19,781/31,904 	 04:52:04
[63%] 	 20,100/31,904 	 04:56:39
[64%] 	 20,419/31,904 	 05:01:17
[65%] 	 20,738/31,904 	 05:06:05
[66%] 	 21,057/31,904 	 05:11:01
[67%] 	 21,376/31,904 	 05:15:57
[68%] 	 21,695/31,904 	 05:20:29
[69%] 	 22,014/31,904 	 05:24:43
Match: Event 105687512, Lines 2
[70%] 	 22,333/31,904 	 05:28:57
Match: Event 105699013, Lines 2
[71%] 	 22,652/31,904 	 05:33:28
Match: Event 105709717, Lines 2
[72%] 	 22,971/31,904 	 05:38:20
[73%] 	 23,290/31,904 	 05:43:06
[74%] 	 23,609/31,904 	 05:48:05
[75%] 	 23,928/31,904 	 05:52:36
Match: Event 105748136, Lines 2
[76%] 	 24,248/31,904 	 05:57:19
[77%] 	 24,567/31,904 	 06:01:57
Match: Event 105773022, Lines 2
[78%] 	 24,886/31,904 	 06:06:40
[79%] 	 25,205/31,904 	 06:11:09
[80%] 	 25,524/31,904 	 06:15:46
[81%] 	 25,843/31,904 	 06:20:22
[82%] 	 26,162/31,904 	 06:25:00
Match: Event 105820812, Lines 2
[83%] 	 26,481/31,904 	 06:29:39
[84%] 	 26,800/31,904 	 06:34:10
[85%] 	 27,119/31,904 	 06:38:43
Match: Event 105851620, Lines 2
[86%] 	 27,438/31,904 	 06:43:19
[87%] 	 27,757/31,904 	 06:48:17
Match: Event 105866246, Lines 2
Match: Event 105870676, Lines 2
Match: Event 105871008, Lines 2
[88%] 	 28,076/31,904 	 06:53:00
[89%] 	 28,395/31,904 	 06:57:43
Match: Event 105895003, Lines 2
[90%] 	 28,714/31,904 	 07:02:26
[91%] 	 29,033/31,904 	 07:07:10
Match: Event 105911754, Lines 2
[92%] 	 29,352/31,904 	 07:11:57
Match: Event 105919860, Lines 2
[93%] 	 29,671/31,904 	 07:16:15
[94%] 	 29,990/31,904 	 07:20:00
[95%] 	 30,309/31,904 	 07:24:53
Match: Event 105948730, Lines 2
Match: Event 105956635, Lines 2
[96%] 	 30,628/31,904 	 07:29:56
[97%] 	 30,947/31,904 	 07:33:45
[98%] 	 31,266/31,904 	 07:37:53
Match: Event 105981385, Lines 2
[99%] 	 31,585/31,904 	 07:41:57
Finished in 27960.67s.
 ~ 5) DONE !
