search libraries in slc9_x86-64
 ~ 1) Base stack loaded.
 ~ Sleeping for 44 seconds to avoid AFS DDOS...
 ~ 2) Loading sndsw environment...
 ~ 3) SNDSW_ROOT is set to: /afs/cern.ch/user/i/idioniso/snd_master/sw-root6.28/rhel9_x86-64/sndsw/master-local1
 ~ 4) Executing tracking script...
[INFO] The input consists out of the following trees and files: 
[INFO]  - rawConv
[INFO]     - root://eoshome-i.cern.ch//eos/user/i/idioniso/tridents/initial_cuts/tridents_sndsw_raw-0257.root
[INFO] FairRootFileSink initialized.
[INFO]  - cbmout
[INFO]     - dummy
[INFO] Parameter and input file are available, Assure that basic info is there for the run!
[INFO] ---FairRootManager::SpecifyRunId --- 
[INFO] --- Initialize with RunId  --- 0

************************************************************* 
     initialisation for run id 0
************************************************************* 
-I- FairRunTimeDB::InitContainer() FairBaseParSet
-I- FairRunTimeDB::InitContainer() FairGeoParSet

************************************************************* 
     initialisation for run id 0
************************************************************* 
-I- FairRunTimeDB::InitContainer() FairBaseParSet
-I- FairRunTimeDB::InitContainer() FairGeoParSet
[INFO]  Branch: Reco_MuonTracks not found in Tree.
using geofile: root://eospublic.cern.ch//eos/experiment/sndlhc/convertedData/physics/2023/geofile_sndlhc_TI18_V3_2023.root
[0%] 	 0/31,461 	 00:00:09
Match: Event 257000540, Lines 2
Match: Event 257000579, Lines 2
Match: Event 257002451, Lines 2
Match: Event 257002648, Lines 2
Match: Event 257002832, Lines 2
Match: Event 257003264, Lines 2
Match: Event 257004739, Lines 2
Match: Event 257004870, Lines 2
Match: Event 257005220, Lines 2
Match: Event 257005295, Lines 3
Match: Event 257005324, Lines 2
Match: Event 257005495, Lines 2
Match: Event 257008043, Lines 2
Match: Event 257008166, Lines 2
Match: Event 257008220, Lines 2
Match: Event 257008789, Lines 2
[1%] 	 315/31,461 	 00:07:33
Match: Event 257010417, Lines 2
Match: Event 257011717, Lines 2
Match: Event 257011954, Lines 2
Match: Event 257012056, Lines 2
Match: Event 257012197, Lines 2
Match: Event 257012524, Lines 2
Match: Event 257013127, Lines 2
Match: Event 257013173, Lines 2
Match: Event 257013339, Lines 2
Match: Event 257013701, Lines 2
Match: Event 257014182, Lines 2
Match: Event 257014350, Lines 2
Match: Event 257014586, Lines 2
Match: Event 257014619, Lines 2
Match: Event 257014755, Lines 2
Match: Event 257014994, Lines 2
Match: Event 257016132, Lines 2
Match: Event 257016740, Lines 2
Match: Event 257017329, Lines 2
Match: Event 257017661, Lines 3
Match: Event 257017996, Lines 2
[2%] 	 630/31,461 	 00:14:50
Match: Event 257019093, Lines 2
Match: Event 257020602, Lines 2
Match: Event 257020660, Lines 2
Match: Event 257021866, Lines 2
Match: Event 257022375, Lines 2
Match: Event 257023686, Lines 2
Match: Event 257023727, Lines 2
Match: Event 257023834, Lines 2
Match: Event 257024220, Lines 2
Match: Event 257024293, Lines 2
Match: Event 257025294, Lines 2
Match: Event 257025302, Lines 2
Match: Event 257026476, Lines 2
Match: Event 257026952, Lines 2
Match: Event 257028679, Lines 3
Match: Event 257028971, Lines 2
[3%] 	 944/31,461 	 00:22:03
Match: Event 257030452, Lines 3
Match: Event 257030702, Lines 2
Match: Event 257031451, Lines 2
Match: Event 257032087, Lines 3
Match: Event 257032820, Lines 2
Match: Event 257033919, Lines 2
Match: Event 257034726, Lines 2
Match: Event 257035590, Lines 2
Match: Event 257035640, Lines 3
Match: Event 257036191, Lines 2
Match: Event 257036951, Lines 2
Match: Event 257037125, Lines 2
Match: Event 257037403, Lines 2
[4%] 	 1,259/31,461 	 00:28:44
Match: Event 257039740, Lines 2
Match: Event 257040134, Lines 2
Match: Event 257040292, Lines 2
Match: Event 257040985, Lines 2
Match: Event 257041817, Lines 2
Match: Event 257042519, Lines 2
Match: Event 257043478, Lines 2
Match: Event 257044553, Lines 2
Match: Event 257044661, Lines 2
Match: Event 257044841, Lines 2
Match: Event 257045336, Lines 2
Match: Event 257048423, Lines 2
Match: Event 257048475, Lines 3
[5%] 	 1,574/31,461 	 00:36:21
Match: Event 257048719, Lines 2
Match: Event 257049502, Lines 2
Match: Event 257049556, Lines 2
Match: Event 257049962, Lines 2
Match: Event 257050294, Lines 2
Match: Event 257050939, Lines 2
Match: Event 257051465, Lines 2
Match: Event 257051630, Lines 2
Match: Event 257051919, Lines 2
Match: Event 257052516, Lines 2
Match: Event 257053898, Lines 2
Match: Event 257054634, Lines 2
Match: Event 257055337, Lines 2
Match: Event 257055628, Lines 2
Match: Event 257055729, Lines 2
Match: Event 257056937, Lines 2
Match: Event 257057247, Lines 2
[6%] 	 1,888/31,461 	 00:43:11
Match: Event 257060947, Lines 2
Match: Event 257061530, Lines 2
Match: Event 257062473, Lines 2
Match: Event 257062850, Lines 2
Match: Event 257063503, Lines 2
Match: Event 257064707, Lines 2
Match: Event 257064855, Lines 3
Match: Event 257064997, Lines 2
Match: Event 257065244, Lines 2
Match: Event 257065524, Lines 2
Match: Event 257065681, Lines 2
Match: Event 257065707, Lines 2
Match: Event 257065786, Lines 2
Match: Event 257065850, Lines 2
Match: Event 257065903, Lines 2
Match: Event 257065918, Lines 2
Match: Event 257066388, Lines 2
Match: Event 257067159, Lines 2
Match: Event 257067753, Lines 2
Match: Event 257067802, Lines 2
[7%] 	 2,203/31,461 	 00:49:54
Match: Event 257068507, Lines 2
Match: Event 257068766, Lines 2
Match: Event 257069130, Lines 2
Match: Event 257069602, Lines 2
Match: Event 257070423, Lines 2
Match: Event 257071185, Lines 2
Match: Event 257071302, Lines 3
Match: Event 257071779, Lines 2
Match: Event 257072326, Lines 2
Match: Event 257072762, Lines 2
Match: Event 257073523, Lines 2
Match: Event 257073682, Lines 2
Match: Event 257075273, Lines 2
Match: Event 257075347, Lines 2
Match: Event 257075744, Lines 2
Match: Event 257076264, Lines 2
Match: Event 257076501, Lines 2
Match: Event 257076643, Lines 2
Match: Event 257076973, Lines 2
Match: Event 257077150, Lines 2
Match: Event 257077231, Lines 2
[8%] 	 2,517/31,461 	 00:56:52
Match: Event 257079321, Lines 2
Match: Event 257080183, Lines 2
Match: Event 257080288, Lines 2
Match: Event 257080325, Lines 3
Match: Event 257081209, Lines 2
Match: Event 257083744, Lines 2
Match: Event 257084280, Lines 2
Match: Event 257084989, Lines 2
Match: Event 257085989, Lines 2
Match: Event 257086312, Lines 2
Match: Event 257086584, Lines 2
[9%] 	 2,832/31,461 	 01:04:32
Match: Event 257088207, Lines 2
Match: Event 257088354, Lines 2
Match: Event 257089006, Lines 2
Match: Event 257089076, Lines 2
Match: Event 257089987, Lines 2
Match: Event 257091665, Lines 2
Match: Event 257093473, Lines 2
Match: Event 257093813, Lines 3
Match: Event 257093857, Lines 2
Match: Event 257096608, Lines 2
Match: Event 257097191, Lines 2
Match: Event 257097621, Lines 2
[10%] 	 3,147/31,461 	 01:11:25
Match: Event 257097895, Lines 2
Match: Event 257098216, Lines 2
Match: Event 257098678, Lines 2
Match: Event 257098816, Lines 2
Match: Event 257101067, Lines 2
Match: Event 257101573, Lines 2
Match: Event 257101579, Lines 2
Match: Event 257102246, Lines 2
Match: Event 257104449, Lines 2
Match: Event 257105027, Lines 2
Match: Event 257105053, Lines 2
Match: Event 257105114, Lines 3
Match: Event 257105683, Lines 2
Match: Event 257106846, Lines 2
[11%] 	 3,461/31,461 	 01:18:48
Match: Event 257107622, Lines 2
Match: Event 257108995, Lines 2
Match: Event 257110029, Lines 2
Match: Event 257110397, Lines 2
Match: Event 257110733, Lines 3
Match: Event 257111333, Lines 2
Match: Event 257112050, Lines 2
Match: Event 257112761, Lines 2
Match: Event 257114055, Lines 2
Match: Event 257114512, Lines 2
Match: Event 257115518, Lines 2
Match: Event 257115591, Lines 2
[12%] 	 3,776/31,461 	 01:26:04
Match: Event 257116947, Lines 2
Match: Event 257118983, Lines 2
Match: Event 257120531, Lines 2
Match: Event 257120924, Lines 2
Match: Event 257121935, Lines 2
Match: Event 257121985, Lines 2
Match: Event 257124603, Lines 2
Match: Event 257126313, Lines 2
[13%] 	 4,090/31,461 	 01:33:18
Match: Event 257127613, Lines 2
Match: Event 257130210, Lines 2
Match: Event 257130481, Lines 3
Match: Event 257131352, Lines 2
Match: Event 257131587, Lines 3
Match: Event 257132240, Lines 2
Match: Event 257132695, Lines 2
Match: Event 257133156, Lines 2
Match: Event 257133915, Lines 2
Match: Event 257133933, Lines 2
Match: Event 257136086, Lines 2
Match: Event 257136352, Lines 2
[14%] 	 4,405/31,461 	 01:40:50
Match: Event 257137523, Lines 2
Match: Event 257138937, Lines 2
Match: Event 257140411, Lines 2
Match: Event 257142304, Lines 2
Match: Event 257144022, Lines 2
Match: Event 257144517, Lines 3
[15%] 	 4,720/31,461 	 01:47:49
Match: Event 257146708, Lines 3
Match: Event 257147101, Lines 2
Match: Event 257147950, Lines 2
Match: Event 257148752, Lines 2
Match: Event 257148944, Lines 2
Match: Event 257149357, Lines 2
Match: Event 257149448, Lines 2
Match: Event 257149742, Lines 2
Match: Event 257151805, Lines 2
Match: Event 257152237, Lines 2
Match: Event 257152744, Lines 2
Match: Event 257153357, Lines 2
Match: Event 257153724, Lines 2
Match: Event 257153754, Lines 2
Match: Event 257154822, Lines 2
Match: Event 257154965, Lines 2
Match: Event 257155843, Lines 2
Match: Event 257157523, Lines 2
Match: Event 257157730, Lines 2
Match: Event 257157797, Lines 2
Match: Event 257157956, Lines 2
[16%] 	 5,034/31,461 	 01:54:58
Match: Event 257160533, Lines 2
Match: Event 257160544, Lines 2
Match: Event 257161473, Lines 2
Match: Event 257161758, Lines 2
Match: Event 257162227, Lines 2
Match: Event 257162418, Lines 2
Match: Event 257162431, Lines 2
Match: Event 257163304, Lines 2
Match: Event 257165451, Lines 2
Match: Event 257165596, Lines 2
Match: Event 257165900, Lines 2
Match: Event 257166384, Lines 2
Match: Event 257166667, Lines 2
Match: Event 257167541, Lines 2
Match: Event 257167689, Lines 2
Match: Event 257168080, Lines 2
[17%] 	 5,349/31,461 	 02:01:49
Match: Event 257168798, Lines 2
Match: Event 257169542, Lines 2
Match: Event 257170597, Lines 2
Match: Event 257170646, Lines 2
Match: Event 257170924, Lines 2
Match: Event 257171101, Lines 2
Match: Event 257171819, Lines 2
Match: Event 257171873, Lines 2
Match: Event 257171953, Lines 2
Match: Event 257172431, Lines 2
Match: Event 257173362, Lines 2
Match: Event 257174361, Lines 2
Match: Event 257174788, Lines 2
[18%] 	 5,663/31,461 	 02:08:44
Match: Event 257179419, Lines 2
Match: Event 257179587, Lines 2
Match: Event 257179647, Lines 2
Match: Event 257179970, Lines 3
Match: Event 257180176, Lines 2
Match: Event 257180728, Lines 2
Match: Event 257181201, Lines 2
Match: Event 257181632, Lines 2
Match: Event 257181753, Lines 2
Match: Event 257181771, Lines 2
Match: Event 257183662, Lines 2
Match: Event 257184841, Lines 2
[19%] 	 5,978/31,461 	 02:16:01
Match: Event 257188702, Lines 2
Match: Event 257189009, Lines 2
Match: Event 257189133, Lines 2
Match: Event 257189942, Lines 2
Match: Event 257190149, Lines 2
Match: Event 257190279, Lines 2
Match: Event 257190281, Lines 2
Match: Event 257190306, Lines 2
Match: Event 257190699, Lines 2
Match: Event 257191612, Lines 2
Match: Event 257191815, Lines 2
Match: Event 257192147, Lines 2
Match: Event 257193236, Lines 2
Match: Event 257193319, Lines 2
Match: Event 257195028, Lines 2
Match: Event 257195132, Lines 2
Match: Event 257195471, Lines 2
Match: Event 257195582, Lines 2
Match: Event 257197127, Lines 2
Match: Event 257197325, Lines 2
[20%] 	 6,293/31,461 	 02:23:13
Match: Event 257199881, Lines 3
Match: Event 257200303, Lines 2
Match: Event 257200328, Lines 2
Match: Event 257200472, Lines 2
Match: Event 257201479, Lines 2
Match: Event 257201843, Lines 2
Match: Event 257203889, Lines 2
Match: Event 257204860, Lines 2
Match: Event 257205192, Lines 2
Match: Event 257205780, Lines 3
Match: Event 257206013, Lines 2
Match: Event 257206321, Lines 2
Match: Event 257206330, Lines 2
Match: Event 257207663, Lines 2
[21%] 	 6,607/31,461 	 02:30:13
Match: Event 257208328, Lines 2
Match: Event 257208545, Lines 2
Match: Event 257208624, Lines 2
Match: Event 257208798, Lines 2
Match: Event 257209756, Lines 2
Match: Event 257210915, Lines 2
Match: Event 257212863, Lines 2
Match: Event 257213097, Lines 2
Match: Event 257213286, Lines 2
Match: Event 257213525, Lines 2
Match: Event 257213690, Lines 2
Match: Event 257216063, Lines 2
Match: Event 257216464, Lines 2
Match: Event 257216521, Lines 2
Match: Event 257216700, Lines 2
Match: Event 257217223, Lines 3
[22%] 	 6,922/31,461 	 02:37:22
Match: Event 257218176, Lines 2
Match: Event 257218395, Lines 2
Match: Event 257219002, Lines 2
Match: Event 257219450, Lines 2
Match: Event 257219530, Lines 2
Match: Event 257219924, Lines 2
Match: Event 257220580, Lines 2
Match: Event 257220636, Lines 2
Match: Event 257220857, Lines 2
Match: Event 257221875, Lines 2
Match: Event 257222404, Lines 2
Match: Event 257224235, Lines 2
Match: Event 257225578, Lines 2
Match: Event 257226078, Lines 2
Match: Event 257227424, Lines 2
Match: Event 257228489, Lines 2
Match: Event 257228623, Lines 2
[23%] 	 7,237/31,461 	 02:44:16
Match: Event 257228746, Lines 2
Match: Event 257229139, Lines 2
Match: Event 257230577, Lines 2
Match: Event 257230967, Lines 2
Match: Event 257231485, Lines 2
Match: Event 257231628, Lines 2
Match: Event 257232132, Lines 2
Match: Event 257232478, Lines 2
Match: Event 257232647, Lines 2
Match: Event 257232928, Lines 2
Match: Event 257233992, Lines 2
Match: Event 257234889, Lines 2
Match: Event 257235518, Lines 2
Match: Event 257236954, Lines 2
Match: Event 257237055, Lines 2
[24%] 	 7,551/31,461 	 02:51:04
Match: Event 257240212, Lines 2
Match: Event 257240760, Lines 2
Match: Event 257241826, Lines 2
Match: Event 257242217, Lines 2
Match: Event 257243018, Lines 2
Match: Event 257243388, Lines 2
Match: Event 257244471, Lines 2
Match: Event 257245687, Lines 2
Match: Event 257246065, Lines 2
Match: Event 257246421, Lines 2
Match: Event 257246859, Lines 2
[25%] 	 7,866/31,461 	 02:57:46
Match: Event 257249472, Lines 2
Match: Event 257249865, Lines 2
Match: Event 257250262, Lines 2
Match: Event 257250790, Lines 2
Match: Event 257251096, Lines 2
Match: Event 257252437, Lines 2
Match: Event 257252574, Lines 2
Match: Event 257253301, Lines 2
Match: Event 257254367, Lines 2
Match: Event 257256365, Lines 2
Match: Event 257256493, Lines 2
Match: Event 257256536, Lines 2
Match: Event 257257413, Lines 2
Match: Event 257257437, Lines 2
Match: Event 257257678, Lines 2
Match: Event 257258900, Lines 2
Match: Event 257259017, Lines 2
[26%] 	 8,180/31,461 	 03:04:40
Match: Event 257261411, Lines 2
Match: Event 257261643, Lines 2
Match: Event 257262248, Lines 2
Match: Event 257262426, Lines 2
Match: Event 257262474, Lines 2
Match: Event 257264121, Lines 2
Match: Event 257264402, Lines 2
Match: Event 257264432, Lines 2
Match: Event 257265016, Lines 2
Match: Event 257266498, Lines 2
Match: Event 257268092, Lines 3
Match: Event 257268214, Lines 2
[27%] 	 8,495/31,461 	 03:11:15
Match: Event 257269288, Lines 2
Match: Event 257270507, Lines 2
Match: Event 257270990, Lines 2
Match: Event 257271050, Lines 2
Match: Event 257272899, Lines 2
Match: Event 257273266, Lines 2
Match: Event 257274082, Lines 2
Match: Event 257274334, Lines 2
Match: Event 257274984, Lines 2
Match: Event 257275120, Lines 2
Match: Event 257275923, Lines 2
Match: Event 257276500, Lines 2
Match: Event 257276773, Lines 2
Match: Event 257277617, Lines 2
Match: Event 257278123, Lines 2
Match: Event 257278429, Lines 2
[28%] 	 8,810/31,461 	 03:17:56
Match: Event 257279300, Lines 2
Match: Event 257279337, Lines 2
Match: Event 257279402, Lines 2
Match: Event 257279486, Lines 2
Match: Event 257280808, Lines 2
Match: Event 257281372, Lines 3
Match: Event 257284394, Lines 2
Match: Event 257285240, Lines 2
Match: Event 257286210, Lines 2
Match: Event 257286294, Lines 2
Match: Event 257286539, Lines 2
Match: Event 257286749, Lines 2
Match: Event 257287442, Lines 2
[29%] 	 9,124/31,461 	 03:25:03
Match: Event 257288415, Lines 2
Match: Event 257288500, Lines 2
Match: Event 257288825, Lines 3
Match: Event 257289029, Lines 2
Match: Event 257289055, Lines 2
Match: Event 257290608, Lines 2
Match: Event 257291056, Lines 2
Match: Event 257291173, Lines 2
Match: Event 257291362, Lines 2
Match: Event 257291408, Lines 2
Match: Event 257292376, Lines 2
Match: Event 257292599, Lines 2
Match: Event 257292824, Lines 2
Match: Event 257293885, Lines 2
Match: Event 257294001, Lines 2
Match: Event 257294926, Lines 2
Match: Event 257295622, Lines 2
Match: Event 257295634, Lines 2
Match: Event 257295917, Lines 3
Match: Event 257296900, Lines 2
Match: Event 257297299, Lines 2
Match: Event 257298542, Lines 2
Match: Event 257298647, Lines 2
[30%] 	 9,439/31,461 	 03:32:47
Match: Event 257299327, Lines 2
Match: Event 257300331, Lines 2
Match: Event 257300984, Lines 2
Match: Event 257301367, Lines 2
Match: Event 257301559, Lines 2
Match: Event 257302053, Lines 2
Match: Event 257302801, Lines 2
Match: Event 257302832, Lines 2
Match: Event 257304034, Lines 2
Match: Event 257304035, Lines 2
Match: Event 257304337, Lines 2
Match: Event 257304523, Lines 2
Match: Event 257304982, Lines 2
Match: Event 257306502, Lines 2
Match: Event 257308144, Lines 2
Match: Event 257308404, Lines 2
Match: Event 257308722, Lines 2
[31%] 	 9,753/31,461 	 03:40:36
Match: Event 257310175, Lines 2
Match: Event 257310975, Lines 2
Match: Event 257311058, Lines 2
Match: Event 257311162, Lines 2
Match: Event 257313260, Lines 2
Match: Event 257314233, Lines 2
Match: Event 257314480, Lines 2
Match: Event 257314962, Lines 2
Match: Event 257316790, Lines 2
Match: Event 257317087, Lines 2
Match: Event 257318311, Lines 2
Match: Event 257319494, Lines 2
[32%] 	 10,068/31,461 	 03:47:42
Match: Event 257320341, Lines 2
Match: Event 257321623, Lines 2
Match: Event 257321979, Lines 2
Match: Event 257322126, Lines 2
Match: Event 257322513, Lines 2
Match: Event 257323288, Lines 2
Match: Event 257324031, Lines 2
Match: Event 257324541, Lines 2
Match: Event 257325009, Lines 2
Match: Event 257325357, Lines 2
Match: Event 257325634, Lines 2
Match: Event 257326847, Lines 2
Match: Event 257327185, Lines 3
Match: Event 257327360, Lines 2
Match: Event 257327419, Lines 2
Match: Event 257327847, Lines 2
Match: Event 257327948, Lines 2
Match: Event 257328105, Lines 2
Match: Event 257328106, Lines 2
Match: Event 257328157, Lines 2
Match: Event 257328338, Lines 2
Match: Event 257328543, Lines 2
Match: Event 257328592, Lines 2
Match: Event 257328796, Lines 2
Match: Event 257329100, Lines 2
Match: Event 257329114, Lines 2
[33%] 	 10,383/31,461 	 03:55:10
Match: Event 257329301, Lines 2
Match: Event 257330077, Lines 2
Match: Event 257330797, Lines 2
Match: Event 257331033, Lines 2
Match: Event 257331524, Lines 2
Match: Event 257331576, Lines 2
Match: Event 257333643, Lines 2
Match: Event 257333919, Lines 2
Match: Event 257334438, Lines 2
Match: Event 257334497, Lines 2
Match: Event 257335518, Lines 2
Match: Event 257337481, Lines 2
Match: Event 257337555, Lines 2
Match: Event 257337683, Lines 2
Match: Event 257337995, Lines 2
Match: Event 257338034, Lines 2
[34%] 	 10,697/31,461 	 04:02:28
Match: Event 257338987, Lines 2
Match: Event 257339739, Lines 2
Match: Event 257340318, Lines 2
Match: Event 257340373, Lines 2
Match: Event 257341561, Lines 2
Match: Event 257343981, Lines 2
Match: Event 257344631, Lines 2
Match: Event 257344826, Lines 2
Match: Event 257344869, Lines 2
Match: Event 257345069, Lines 2
Match: Event 257345308, Lines 2
Match: Event 257345371, Lines 2
Match: Event 257345650, Lines 2
Match: Event 257346099, Lines 2
Match: Event 257346742, Lines 2
Match: Event 257348098, Lines 2
[35%] 	 11,012/31,461 	 04:09:43
Match: Event 257348723, Lines 2
Match: Event 257349959, Lines 3
Match: Event 257352079, Lines 2
Match: Event 257353952, Lines 3
Match: Event 257353954, Lines 2
Match: Event 257354784, Lines 2
Match: Event 257355004, Lines 2
Match: Event 257356301, Lines 2
Match: Event 257356330, Lines 2
Match: Event 257357749, Lines 2
Match: Event 257358437, Lines 2
Match: Event 257358449, Lines 2
[36%] 	 11,326/31,461 	 04:16:56
Match: Event 257358596, Lines 2
Match: Event 257358806, Lines 2
Match: Event 257358827, Lines 2
Match: Event 257359966, Lines 2
Match: Event 257360019, Lines 2
Match: Event 257360224, Lines 3
Match: Event 257360437, Lines 2
Match: Event 257361570, Lines 2
Match: Event 257361924, Lines 2
Match: Event 257362044, Lines 2
Match: Event 257363078, Lines 2
Match: Event 257364507, Lines 2
Match: Event 257364736, Lines 3
Match: Event 257364917, Lines 2
Match: Event 257365240, Lines 2
Match: Event 257365697, Lines 2
Match: Event 257365825, Lines 2
Match: Event 257366183, Lines 2
Match: Event 257367055, Lines 3
Match: Event 257367432, Lines 2
Match: Event 257367607, Lines 2
Match: Event 257367973, Lines 2
[37%] 	 11,641/31,461 	 04:23:56
Match: Event 257368113, Lines 2
Match: Event 257368226, Lines 2
Match: Event 257370291, Lines 2
Match: Event 257371108, Lines 2
Match: Event 257372051, Lines 2
Match: Event 257372568, Lines 2
Match: Event 257373214, Lines 2
Match: Event 257373545, Lines 2
Match: Event 257374102, Lines 2
Match: Event 257374612, Lines 2
Match: Event 257375260, Lines 2
Match: Event 257375303, Lines 2
Match: Event 257376025, Lines 2
Match: Event 257376349, Lines 2
Match: Event 257376350, Lines 2
Match: Event 257376365, Lines 2
Match: Event 257376816, Lines 2
[38%] 	 11,956/31,461 	 04:30:24
Match: Event 257378030, Lines 2
Match: Event 257379079, Lines 2
Match: Event 257379084, Lines 2
Match: Event 257381022, Lines 2
Match: Event 257381238, Lines 2
Match: Event 257381409, Lines 2
Match: Event 257381928, Lines 2
Match: Event 257382188, Lines 2
Match: Event 257384240, Lines 2
Match: Event 257384267, Lines 2
Match: Event 257384637, Lines 2
Match: Event 257385036, Lines 2
Match: Event 257385917, Lines 2
Match: Event 257386236, Lines 2
[39%] 	 12,270/31,461 	 04:37:05
Match: Event 257387450, Lines 2
Match: Event 257387837, Lines 2
Match: Event 257389496, Lines 2
Match: Event 257390453, Lines 2
Match: Event 257390478, Lines 2
Match: Event 257393647, Lines 2
Match: Event 257394829, Lines 2
Match: Event 257395241, Lines 2
Match: Event 257395893, Lines 2
[40%] 	 12,585/31,461 	 04:44:00
Match: Event 257397175, Lines 2
Match: Event 257398196, Lines 2
Match: Event 257398383, Lines 2
Match: Event 257398988, Lines 2
Match: Event 257399724, Lines 2
Match: Event 257400839, Lines 2
Match: Event 257400915, Lines 2
Match: Event 257401396, Lines 3
Match: Event 257401548, Lines 2
Match: Event 257402319, Lines 2
Match: Event 257403131, Lines 2
Match: Event 257403275, Lines 2
Match: Event 257403502, Lines 2
Match: Event 257404585, Lines 2
Match: Event 257405028, Lines 2
Match: Event 257405151, Lines 2
Match: Event 257405761, Lines 2
[41%] 	 12,900/31,461 	 04:51:00
Match: Event 257407770, Lines 2
Match: Event 257407802, Lines 2
Match: Event 257408317, Lines 2
Match: Event 257408366, Lines 2
Match: Event 257409449, Lines 2
Match: Event 257409670, Lines 2
Match: Event 257409885, Lines 2
Match: Event 257410855, Lines 2
Match: Event 257411353, Lines 2
Match: Event 257411445, Lines 2
Match: Event 257411484, Lines 3
Match: Event 257411584, Lines 2
Match: Event 257411621, Lines 2
Match: Event 257411988, Lines 2
Match: Event 257413184, Lines 2
Match: Event 257413553, Lines 2
Match: Event 257414338, Lines 2
Match: Event 257415093, Lines 2
Match: Event 257415488, Lines 2
Match: Event 257415689, Lines 2
[42%] 	 13,214/31,461 	 04:58:09
Match: Event 257416951, Lines 2
Match: Event 257417545, Lines 2
Match: Event 257417623, Lines 2
Match: Event 257418259, Lines 2
Match: Event 257418399, Lines 3
Match: Event 257419369, Lines 2
Match: Event 257419379, Lines 2
Match: Event 257419663, Lines 2
Match: Event 257421236, Lines 2
Match: Event 257422208, Lines 2
Match: Event 257422792, Lines 3
Match: Event 257422897, Lines 2
Match: Event 257425860, Lines 2
Match: Event 257426202, Lines 2
[43%] 	 13,529/31,461 	 05:05:37
Match: Event 257426852, Lines 2
Match: Event 257426897, Lines 2
Match: Event 257426938, Lines 2
Match: Event 257428575, Lines 2
Match: Event 257430047, Lines 2
Match: Event 257430082, Lines 2
Match: Event 257430559, Lines 2
Match: Event 257431351, Lines 2
Match: Event 257431554, Lines 2
Match: Event 257431740, Lines 2
Match: Event 257431806, Lines 2
Match: Event 257432202, Lines 2
Match: Event 257433203, Lines 2
Match: Event 257433968, Lines 2
Match: Event 257434044, Lines 2
Match: Event 257434832, Lines 2
Match: Event 257435237, Lines 2
[44%] 	 13,843/31,461 	 05:12:57
Match: Event 257437346, Lines 2
Match: Event 257438544, Lines 2
Match: Event 257439217, Lines 2
Match: Event 257439947, Lines 2
Match: Event 257440996, Lines 2
Match: Event 257441579, Lines 2
Match: Event 257441912, Lines 2
Match: Event 257442726, Lines 2
Match: Event 257443040, Lines 2
Match: Event 257443498, Lines 2
Match: Event 257444022, Lines 2
Match: Event 257444736, Lines 2
Match: Event 257446015, Lines 2
Match: Event 257446560, Lines 2
[45%] 	 14,158/31,461 	 05:19:50
Match: Event 257447170, Lines 2
Match: Event 257447412, Lines 2
Match: Event 257447695, Lines 2
Match: Event 257447998, Lines 2
Match: Event 257448346, Lines 2
Match: Event 257449292, Lines 2
Match: Event 257449489, Lines 2
Match: Event 257449729, Lines 2
Match: Event 257451729, Lines 2
Match: Event 257452230, Lines 2
Match: Event 257452590, Lines 2
Match: Event 257453689, Lines 2
Match: Event 257454449, Lines 3
Match: Event 257455527, Lines 2
Match: Event 257456418, Lines 2
Match: Event 257456681, Lines 2
[46%] 	 14,473/31,461 	 05:26:59
Match: Event 257457055, Lines 2
Match: Event 257457822, Lines 2
Match: Event 257457957, Lines 2
Match: Event 257458060, Lines 2
Match: Event 257458596, Lines 2
Match: Event 257458994, Lines 2
Match: Event 257460126, Lines 2
Match: Event 257460164, Lines 2
Match: Event 257460888, Lines 2
Match: Event 257461960, Lines 2
Match: Event 257463294, Lines 2
Match: Event 257463356, Lines 2
Match: Event 257463396, Lines 2
Match: Event 257464568, Lines 2
Match: Event 257465068, Lines 2
Match: Event 257466078, Lines 2
Match: Event 257466613, Lines 2
Match: Event 257467370, Lines 2
[47%] 	 14,787/31,461 	 05:33:28
Match: Event 257470029, Lines 2
Match: Event 257470630, Lines 3
Match: Event 257471919, Lines 2
Match: Event 257472171, Lines 2
Match: Event 257473867, Lines 2
Match: Event 257474166, Lines 2
Match: Event 257474838, Lines 2
Match: Event 257475424, Lines 2
Match: Event 257476003, Lines 2
[48%] 	 15,102/31,461 	 05:40:19
Match: Event 257478178, Lines 2
Match: Event 257478245, Lines 2
Match: Event 257478309, Lines 2
Match: Event 257479133, Lines 2
Match: Event 257479598, Lines 2
Match: Event 257480161, Lines 2
Match: Event 257480220, Lines 2
Match: Event 257480661, Lines 2
Match: Event 257481364, Lines 2
Match: Event 257481679, Lines 2
Match: Event 257481770, Lines 3
Match: Event 257482318, Lines 2
Match: Event 257482818, Lines 2
Match: Event 257483378, Lines 2
Match: Event 257483661, Lines 2
Match: Event 257483924, Lines 2
Match: Event 257484075, Lines 3
Match: Event 257484429, Lines 2
Match: Event 257485332, Lines 2
Match: Event 257486345, Lines 3
Match: Event 257486601, Lines 2
Match: Event 257486622, Lines 2
[49%] 	 15,416/31,461 	 05:47:22
Match: Event 257490476, Lines 2
Match: Event 257490530, Lines 2
Match: Event 257490781, Lines 2
Match: Event 257492022, Lines 2
Match: Event 257492389, Lines 3
Match: Event 257492743, Lines 2
[50%] 	 15,731/31,461 	 05:54:17
Match: Event 257497305, Lines 2
Match: Event 257497384, Lines 2
Match: Event 257497470, Lines 2
Match: Event 257497526, Lines 2
Match: Event 257498145, Lines 2
Match: Event 257499759, Lines 2
Match: Event 257499990, Lines 2
Match: Event 257500156, Lines 3
Match: Event 257501261, Lines 2
Match: Event 257501812, Lines 2
Match: Event 257503435, Lines 3
Match: Event 257505868, Lines 2
Match: Event 257506348, Lines 2
Match: Event 257506535, Lines 2
[51%] 	 16,046/31,461 	 06:01:14
Match: Event 257508421, Lines 3
Match: Event 257508610, Lines 2
Match: Event 257508843, Lines 2
Match: Event 257508887, Lines 2
Match: Event 257509088, Lines 3
Match: Event 257509558, Lines 2
Match: Event 257509900, Lines 2
Match: Event 257509988, Lines 2
Match: Event 257510075, Lines 2
Match: Event 257510243, Lines 2
Match: Event 257511760, Lines 2
Match: Event 257512670, Lines 2
Match: Event 257513667, Lines 3
Match: Event 257514186, Lines 2
Match: Event 257514264, Lines 2
Match: Event 257515648, Lines 2
Match: Event 257515765, Lines 2
Match: Event 257516181, Lines 2
Match: Event 257516199, Lines 2
Match: Event 257516206, Lines 2
Match: Event 257516405, Lines 2
Match: Event 257516649, Lines 2
[52%] 	 16,360/31,461 	 06:08:14
Match: Event 257517995, Lines 2
Match: Event 257518060, Lines 2
Match: Event 257520170, Lines 2
Match: Event 257520228, Lines 2
Match: Event 257521131, Lines 3
Match: Event 257521534, Lines 2
Match: Event 257522016, Lines 2
Match: Event 257522039, Lines 2
Match: Event 257522248, Lines 2
Match: Event 257522853, Lines 2
Match: Event 257523565, Lines 2
Match: Event 257523644, Lines 2
Match: Event 257524946, Lines 2
Match: Event 257525297, Lines 2
Match: Event 257525314, Lines 2
Match: Event 257525644, Lines 2
Match: Event 257526017, Lines 2
Match: Event 257527496, Lines 2
[53%] 	 16,675/31,461 	 06:15:36
Match: Event 257530719, Lines 2
Match: Event 257532476, Lines 2
Match: Event 257534370, Lines 2
Match: Event 257535549, Lines 3
Match: Event 257536134, Lines 3
Match: Event 257537925, Lines 2
[54%] 	 16,989/31,461 	 06:22:32
Match: Event 257539549, Lines 2
Match: Event 257539842, Lines 2
Match: Event 257539966, Lines 2
Match: Event 257540198, Lines 2
Match: Event 257540497, Lines 2
Match: Event 257542060, Lines 3
Match: Event 257542379, Lines 2
Match: Event 257542931, Lines 2
Match: Event 257543540, Lines 2
Match: Event 257543840, Lines 2
Match: Event 257544538, Lines 2
Match: Event 257544933, Lines 2
Match: Event 257544970, Lines 2
Match: Event 257547009, Lines 2
Match: Event 257547140, Lines 2
Match: Event 257547250, Lines 2
[55%] 	 17,304/31,461 	 06:29:35
Match: Event 257549621, Lines 2
Match: Event 257551078, Lines 2
Match: Event 257551281, Lines 2
Match: Event 257551643, Lines 2
Match: Event 257551644, Lines 2
Match: Event 257551788, Lines 2
Match: Event 257552016, Lines 2
Match: Event 257552538, Lines 2
Match: Event 257552733, Lines 2
Match: Event 257552827, Lines 2
Match: Event 257553365, Lines 2
Match: Event 257554056, Lines 2
Match: Event 257555019, Lines 2
Match: Event 257555631, Lines 2
Match: Event 257556006, Lines 2
Match: Event 257556024, Lines 2
Match: Event 257557354, Lines 2
[56%] 	 17,619/31,461 	 06:36:42
Match: Event 257557597, Lines 2
Match: Event 257558140, Lines 2
Match: Event 257558579, Lines 2
Match: Event 257558598, Lines 2
Match: Event 257558848, Lines 2
Match: Event 257559760, Lines 2
Match: Event 257560260, Lines 2
Match: Event 257562170, Lines 2
Match: Event 257563175, Lines 2
Match: Event 257563283, Lines 2
Match: Event 257563937, Lines 2
Match: Event 257564118, Lines 2
Match: Event 257565024, Lines 2
Match: Event 257565046, Lines 2
Match: Event 257565245, Lines 2
Match: Event 257567153, Lines 2
Match: Event 257567382, Lines 2
[57%] 	 17,933/31,461 	 06:43:52
Match: Event 257569402, Lines 2
Match: Event 257569729, Lines 2
Match: Event 257569920, Lines 2
Match: Event 257570760, Lines 2
Match: Event 257571888, Lines 2
Match: Event 257572163, Lines 2
Match: Event 257572438, Lines 2
Match: Event 257573186, Lines 3
Match: Event 257573831, Lines 2
Match: Event 257574636, Lines 2
Match: Event 257575479, Lines 2
Match: Event 257575823, Lines 2
Match: Event 257577495, Lines 2
Match: Event 257577614, Lines 2
Match: Event 257577738, Lines 2
[58%] 	 18,248/31,461 	 06:50:25
Match: Event 257578523, Lines 2
Match: Event 257579336, Lines 2
Match: Event 257580651, Lines 2
Match: Event 257580926, Lines 2
Match: Event 257581762, Lines 2
Match: Event 257583187, Lines 2
Match: Event 257583633, Lines 2
Match: Event 257583899, Lines 2
Match: Event 257583921, Lines 2
Match: Event 257584120, Lines 2
Match: Event 257584462, Lines 2
Match: Event 257585799, Lines 2
Match: Event 257586606, Lines 2
Match: Event 257586607, Lines 2
Match: Event 257588460, Lines 3
Match: Event 257588544, Lines 2
[59%] 	 18,562/31,461 	 06:56:42
Match: Event 257589676, Lines 2
Match: Event 257590087, Lines 2
Match: Event 257590817, Lines 2
Match: Event 257591277, Lines 2
Match: Event 257592245, Lines 2
Match: Event 257593220, Lines 2
Match: Event 257593377, Lines 2
Match: Event 257593492, Lines 2
Match: Event 257594615, Lines 2
Match: Event 257595631, Lines 2
Match: Event 257597762, Lines 2
Match: Event 257597837, Lines 2
Match: Event 257598450, Lines 2
[60%] 	 18,877/31,461 	 07:03:03
Match: Event 257599079, Lines 2
Match: Event 257599177, Lines 2
Match: Event 257602257, Lines 2
Match: Event 257603266, Lines 2
Match: Event 257603673, Lines 2
Match: Event 257603786, Lines 2
Match: Event 257604938, Lines 2
Match: Event 257605616, Lines 3
Match: Event 257605710, Lines 2
Match: Event 257605878, Lines 3
Match: Event 257606376, Lines 2
Match: Event 257606412, Lines 2
Match: Event 257606580, Lines 2
Match: Event 257606668, Lines 2
Match: Event 257606775, Lines 2
Match: Event 257607050, Lines 2
Match: Event 257607622, Lines 3
[61%] 	 19,192/31,461 	 07:09:11
Match: Event 257608900, Lines 2
Match: Event 257609447, Lines 2
Match: Event 257610374, Lines 2
Match: Event 257610862, Lines 2
Match: Event 257611026, Lines 2
Match: Event 257611847, Lines 2
Match: Event 257612102, Lines 2
Match: Event 257612159, Lines 2
Match: Event 257612391, Lines 2
Match: Event 257613985, Lines 2
Match: Event 257614632, Lines 2
Match: Event 257615540, Lines 2
Match: Event 257615643, Lines 2
Match: Event 257617349, Lines 2
Match: Event 257617360, Lines 2
Match: Event 257617622, Lines 2
[62%] 	 19,506/31,461 	 07:15:15
Match: Event 257620111, Lines 2
Match: Event 257620882, Lines 2
Match: Event 257621200, Lines 2
Match: Event 257621334, Lines 2
Match: Event 257621352, Lines 2
Match: Event 257622164, Lines 2
Match: Event 257622942, Lines 2
Match: Event 257623846, Lines 2
Match: Event 257624150, Lines 3
Match: Event 257624365, Lines 3
Match: Event 257625102, Lines 2
Match: Event 257626436, Lines 2
Match: Event 257627161, Lines 2
Match: Event 257627277, Lines 2
Match: Event 257627517, Lines 2
[63%] 	 19,821/31,461 	 07:21:45
Match: Event 257629334, Lines 2
Match: Event 257629623, Lines 2
Match: Event 257630849, Lines 2
Match: Event 257632635, Lines 2
Match: Event 257635062, Lines 2
Match: Event 257636704, Lines 2
Match: Event 257637515, Lines 2
Match: Event 257638074, Lines 2
[64%] 	 20,136/31,461 	 07:28:17
Match: Event 257638369, Lines 2
Match: Event 257640011, Lines 2
Match: Event 257640226, Lines 2
Match: Event 257640659, Lines 2
Match: Event 257640743, Lines 2
Match: Event 257641699, Lines 3
Match: Event 257644253, Lines 2
Match: Event 257645124, Lines 2
Match: Event 257647493, Lines 2
Match: Event 257647560, Lines 2
Match: Event 257648181, Lines 2
[65%] 	 20,450/31,461 	 07:34:56
Match: Event 257649156, Lines 2
Match: Event 257649412, Lines 3
Match: Event 257650944, Lines 2
Match: Event 257651318, Lines 2
Match: Event 257652335, Lines 2
Match: Event 257652702, Lines 2
Match: Event 257653119, Lines 2
Match: Event 257655053, Lines 2
Match: Event 257655367, Lines 2
Match: Event 257655644, Lines 2
Match: Event 257655766, Lines 2
Match: Event 257656266, Lines 2
Match: Event 257657091, Lines 2
Match: Event 257657222, Lines 2
Match: Event 257657552, Lines 2
Match: Event 257657953, Lines 2
[66%] 	 20,765/31,461 	 07:41:42
Match: Event 257658560, Lines 2
Match: Event 257658998, Lines 2
Match: Event 257659021, Lines 2
Match: Event 257660512, Lines 2
Match: Event 257660824, Lines 2
Match: Event 257660963, Lines 2
Match: Event 257661040, Lines 3
Match: Event 257664370, Lines 2
Match: Event 257664871, Lines 2
Match: Event 257665692, Lines 2
Match: Event 257666367, Lines 2
Match: Event 257667020, Lines 2
[67%] 	 21,079/31,461 	 07:48:06
Match: Event 257668158, Lines 2
Match: Event 257668277, Lines 2
Match: Event 257668361, Lines 3
Match: Event 257668521, Lines 2
Match: Event 257669121, Lines 2
Match: Event 257669435, Lines 2
Match: Event 257670765, Lines 2
Match: Event 257671047, Lines 2
Match: Event 257672468, Lines 2
Match: Event 257674557, Lines 2
Match: Event 257674880, Lines 2
Match: Event 257675002, Lines 2
Match: Event 257675251, Lines 2
Match: Event 257675636, Lines 2
Match: Event 257675680, Lines 2
Match: Event 257675759, Lines 2
[68%] 	 21,394/31,461 	 07:54:58
Match: Event 257679242, Lines 2
Match: Event 257680035, Lines 2
Match: Event 257680736, Lines 2
Match: Event 257681106, Lines 2
Match: Event 257682342, Lines 2
Match: Event 257683123, Lines 2
Match: Event 257684702, Lines 3
Match: Event 257686083, Lines 2
Match: Event 257686233, Lines 2
Match: Event 257686717, Lines 2
Match: Event 257687232, Lines 2
Match: Event 257687948, Lines 2
[69%] 	 21,709/31,461 	 08:01:31
Match: Event 257690870, Lines 2
Match: Event 257692372, Lines 3
Match: Event 257692530, Lines 2
Match: Event 257692995, Lines 2
Match: Event 257694834, Lines 2
Match: Event 257694900, Lines 2
Match: Event 257695739, Lines 2
Match: Event 257697253, Lines 3
Match: Event 257698700, Lines 2
Match: Event 257698959, Lines 2
[70%] 	 22,023/31,461 	 08:08:13
Match: Event 257700106, Lines 2
Match: Event 257701205, Lines 2
Match: Event 257702140, Lines 2
Match: Event 257702210, Lines 2
Match: Event 257702991, Lines 2
Match: Event 257703802, Lines 2
Match: Event 257704673, Lines 2
Match: Event 257705762, Lines 2
Match: Event 257706590, Lines 2
Match: Event 257706708, Lines 2
Match: Event 257706894, Lines 2
Match: Event 257707487, Lines 2
Match: Event 257708159, Lines 2
[71%] 	 22,338/31,461 	 08:14:58
Match: Event 257710972, Lines 2
Match: Event 257711364, Lines 2
Match: Event 257711419, Lines 2
Match: Event 257711875, Lines 2
Match: Event 257712907, Lines 2
Match: Event 257713795, Lines 2
Match: Event 257714078, Lines 2
Match: Event 257714583, Lines 2
Match: Event 257715205, Lines 2
Match: Event 257715392, Lines 2
Match: Event 257715478, Lines 2
Match: Event 257715646, Lines 2
Match: Event 257716253, Lines 2
Match: Event 257716660, Lines 2
Match: Event 257716765, Lines 2
Match: Event 257717940, Lines 2
Match: Event 257719296, Lines 2
Match: Event 257719733, Lines 2
[72%] 	 22,652/31,461 	 08:21:38
Match: Event 257720646, Lines 2
Match: Event 257721744, Lines 2
Match: Event 257722417, Lines 2
Match: Event 257722462, Lines 2
Match: Event 257723026, Lines 2
Match: Event 257724057, Lines 2
Match: Event 257724816, Lines 2
Match: Event 257725200, Lines 2
Match: Event 257725327, Lines 3
Match: Event 257725403, Lines 2
Match: Event 257725413, Lines 2
Match: Event 257727120, Lines 3
Match: Event 257728099, Lines 2
Match: Event 257728162, Lines 2
Match: Event 257728803, Lines 2
Match: Event 257729180, Lines 2
[73%] 	 22,967/31,461 	 08:28:24
Match: Event 257732143, Lines 3
Match: Event 257734299, Lines 2
Match: Event 257734818, Lines 3
Match: Event 257735302, Lines 2
Match: Event 257735544, Lines 2
Match: Event 257735572, Lines 2
Match: Event 257735864, Lines 2
Match: Event 257735989, Lines 2
Match: Event 257736291, Lines 2
Match: Event 257736852, Lines 2
Match: Event 257736971, Lines 2
Match: Event 257737890, Lines 2
Match: Event 257738523, Lines 2
Match: Event 257739781, Lines 2
Match: Event 257739981, Lines 2
Match: Event 257740021, Lines 2
Match: Event 257740198, Lines 2
[74%] 	 23,282/31,461 	 08:35:08
Match: Event 257741333, Lines 2
Match: Event 257742209, Lines 2
Match: Event 257744137, Lines 2
Match: Event 257744700, Lines 2
Match: Event 257745156, Lines 2
Match: Event 257745953, Lines 2
Match: Event 257746084, Lines 3
Match: Event 257746099, Lines 2
Match: Event 257746647, Lines 2
Match: Event 257749715, Lines 2
Match: Event 257750387, Lines 2
Match: Event 257750912, Lines 2
[75%] 	 23,596/31,461 	 08:41:42
Match: Event 257751781, Lines 2
Match: Event 257752096, Lines 2
Match: Event 257752127, Lines 2
Match: Event 257752364, Lines 2
Match: Event 257752925, Lines 3
Match: Event 257753754, Lines 2
Match: Event 257755372, Lines 2
Match: Event 257755414, Lines 2
Match: Event 257755954, Lines 2
Match: Event 257756310, Lines 2
Match: Event 257756581, Lines 2
Match: Event 257756612, Lines 2
Match: Event 257757079, Lines 2
Match: Event 257757555, Lines 2
Match: Event 257758669, Lines 2
Match: Event 257759812, Lines 2
Match: Event 257760463, Lines 2
[76%] 	 23,911/31,461 	 08:48:47
Match: Event 257762184, Lines 3
Match: Event 257762827, Lines 2
Match: Event 257764556, Lines 2
Match: Event 257765310, Lines 2
Match: Event 257766864, Lines 2
Match: Event 257768503, Lines 2
Match: Event 257769309, Lines 2
Match: Event 257769696, Lines 2
Match: Event 257769818, Lines 2
Match: Event 257770007, Lines 2
Match: Event 257770175, Lines 2
Match: Event 257770336, Lines 2
[77%] 	 24,225/31,461 	 08:56:12
Match: Event 257773349, Lines 3
Match: Event 257773453, Lines 2
Match: Event 257773600, Lines 2
Match: Event 257773801, Lines 2
Match: Event 257773846, Lines 2
Match: Event 257777659, Lines 2
Match: Event 257778958, Lines 2
[78%] 	 24,540/31,461 	 09:02:56
Match: Event 257780358, Lines 2
Match: Event 257780861, Lines 2
Match: Event 257782550, Lines 2
Match: Event 257782651, Lines 2
Match: Event 257782822, Lines 2
Match: Event 257782866, Lines 2
Match: Event 257783039, Lines 2
Match: Event 257783631, Lines 2
Match: Event 257784507, Lines 2
Match: Event 257784871, Lines 2
Match: Event 257785040, Lines 3
Match: Event 257785176, Lines 2
Match: Event 257785402, Lines 2
Match: Event 257787469, Lines 2
Match: Event 257788292, Lines 2
[79%] 	 24,855/31,461 	 09:10:04
Match: Event 257789542, Lines 2
Match: Event 257789615, Lines 2
Match: Event 257792473, Lines 2
Match: Event 257793245, Lines 2
Match: Event 257794050, Lines 2
Match: Event 257794761, Lines 2
Match: Event 257794829, Lines 2
Match: Event 257795441, Lines 2
Match: Event 257796834, Lines 2
Match: Event 257797823, Lines 2
Match: Event 257797955, Lines 2
[80%] 	 25,169/31,461 	 09:16:30
Match: Event 257799597, Lines 2
Match: Event 257799830, Lines 2
Match: Event 257801378, Lines 2
Match: Event 257801972, Lines 2
Match: Event 257802973, Lines 2
Match: Event 257804237, Lines 2
Match: Event 257805252, Lines 2
Match: Event 257805442, Lines 2
Match: Event 257806729, Lines 2
Match: Event 257808025, Lines 2
Match: Event 257808954, Lines 2
[81%] 	 25,484/31,461 	 09:23:31
Match: Event 257809227, Lines 2
Match: Event 257809753, Lines 2
Match: Event 257810206, Lines 2
Match: Event 257812454, Lines 2
Match: Event 257813007, Lines 2
Match: Event 257813138, Lines 2
Match: Event 257816151, Lines 2
Match: Event 257817059, Lines 2
Match: Event 257817268, Lines 2
Match: Event 257818974, Lines 2
[82%] 	 25,799/31,461 	 09:30:02
Match: Event 257819206, Lines 2
Match: Event 257819489, Lines 2
Match: Event 257819998, Lines 2
Match: Event 257820785, Lines 2
Match: Event 257821689, Lines 2
Match: Event 257822189, Lines 2
Match: Event 257824918, Lines 2
Match: Event 257825634, Lines 2
Match: Event 257826874, Lines 2
Match: Event 257827826, Lines 2
Match: Event 257828096, Lines 2
Match: Event 257829303, Lines 2
[83%] 	 26,113/31,461 	 09:37:04
Match: Event 257829975, Lines 2
Match: Event 257830902, Lines 2
Match: Event 257832366, Lines 2
Match: Event 257833188, Lines 2
Match: Event 257834083, Lines 2
Match: Event 257834231, Lines 2
Match: Event 257834413, Lines 2
Match: Event 257835866, Lines 2
Match: Event 257836272, Lines 2
Match: Event 257837577, Lines 2
Match: Event 257837653, Lines 2
Match: Event 257837967, Lines 3
Match: Event 257838439, Lines 3
Match: Event 257838760, Lines 3
Match: Event 257839787, Lines 2
Match: Event 257839878, Lines 2
Match: Event 257839952, Lines 2
[84%] 	 26,428/31,461 	 09:44:23
Match: Event 257840966, Lines 2
Match: Event 257842618, Lines 2
Match: Event 257842777, Lines 2
Match: Event 257842932, Lines 2
Match: Event 257844189, Lines 2
Match: Event 257844269, Lines 2
Match: Event 257844459, Lines 2
Match: Event 257844475, Lines 2
Match: Event 257844827, Lines 2
Match: Event 257844893, Lines 2
Match: Event 257844971, Lines 2
Match: Event 257845487, Lines 2
Match: Event 257845986, Lines 2
Match: Event 257846713, Lines 2
Match: Event 257846842, Lines 2
Match: Event 257847919, Lines 2
Match: Event 257848190, Lines 2
Match: Event 257848656, Lines 2
[85%] 	 26,742/31,461 	 09:51:28
Match: Event 257851689, Lines 2
Match: Event 257852679, Lines 2
Match: Event 257853435, Lines 2
Match: Event 257853626, Lines 2
Match: Event 257854574, Lines 2
Match: Event 257854673, Lines 2
Match: Event 257855617, Lines 2
Match: Event 257858308, Lines 2
Match: Event 257858319, Lines 2
Match: Event 257858338, Lines 2
Match: Event 257860442, Lines 2
Match: Event 257860508, Lines 2
[86%] 	 27,057/31,461 	 09:59:09
Match: Event 257862056, Lines 2
Match: Event 257862188, Lines 2
Match: Event 257862253, Lines 2
Match: Event 257863333, Lines 2
Match: Event 257865621, Lines 2
Match: Event 257865656, Lines 2
Match: Event 257865872, Lines 2
Match: Event 257866256, Lines 2
Match: Event 257866580, Lines 2
Match: Event 257867274, Lines 3
Match: Event 257868101, Lines 2
Match: Event 257868132, Lines 2
Match: Event 257868422, Lines 2
Match: Event 257869318, Lines 2
Match: Event 257869487, Lines 2
Match: Event 257869746, Lines 2
[87%] 	 27,372/31,461 	 10:06:38
Match: Event 257870713, Lines 2
Match: Event 257873182, Lines 2
Match: Event 257873189, Lines 2
Match: Event 257874986, Lines 3
Match: Event 257875469, Lines 2
Match: Event 257875604, Lines 2
Match: Event 257877295, Lines 3
Match: Event 257877776, Lines 3
Match: Event 257877786, Lines 2
Match: Event 257878117, Lines 2
Match: Event 257878233, Lines 2
Match: Event 257878585, Lines 2
[88%] 	 27,686/31,461 	 10:13:44
Match: Event 257879776, Lines 2
Match: Event 257880376, Lines 2
Match: Event 257881014, Lines 2
Match: Event 257884233, Lines 2
Match: Event 257886055, Lines 2
Match: Event 257886805, Lines 2
Match: Event 257887049, Lines 2
Match: Event 257887369, Lines 2
Match: Event 257887752, Lines 3
Match: Event 257887947, Lines 2
Match: Event 257888124, Lines 2
Match: Event 257888355, Lines 2
Match: Event 257889153, Lines 3
Match: Event 257889407, Lines 2
[89%] 	 28,001/31,461 	 10:20:57
Match: Event 257889614, Lines 2
Match: Event 257889755, Lines 3
Match: Event 257890289, Lines 2
Match: Event 257890517, Lines 2
Match: Event 257890875, Lines 2
Match: Event 257890915, Lines 2
Match: Event 257891609, Lines 2
Match: Event 257891781, Lines 2
Match: Event 257892702, Lines 2
Match: Event 257892991, Lines 2
Match: Event 257893155, Lines 2
Match: Event 257893179, Lines 2
Match: Event 257893230, Lines 2
Match: Event 257894828, Lines 2
Match: Event 257894897, Lines 2
Match: Event 257895023, Lines 2
Match: Event 257896132, Lines 2
Match: Event 257897086, Lines 2
Match: Event 257897294, Lines 2
Match: Event 257898301, Lines 2
Match: Event 257899764, Lines 2
[90%] 	 28,315/31,461 	 10:28:10
Match: Event 257901094, Lines 2
Match: Event 257901434, Lines 2
Match: Event 257901475, Lines 2
Match: Event 257902316, Lines 2
Match: Event 257902337, Lines 2
Match: Event 257902354, Lines 2
Match: Event 257903878, Lines 2
Match: Event 257904707, Lines 3
Match: Event 257906500, Lines 3
Match: Event 257906585, Lines 3
Match: Event 257906844, Lines 2
Match: Event 257907404, Lines 2
Match: Event 257908589, Lines 2
Match: Event 257909776, Lines 2
[91%] 	 28,630/31,461 	 10:35:22
Match: Event 257910494, Lines 2
Match: Event 257910865, Lines 2
Match: Event 257911161, Lines 2
Match: Event 257911856, Lines 2
Match: Event 257912469, Lines 2
Match: Event 257913001, Lines 2
Match: Event 257914581, Lines 2
Match: Event 257916498, Lines 2
Match: Event 257916922, Lines 2
Match: Event 257917254, Lines 2
Match: Event 257917374, Lines 2
Match: Event 257918334, Lines 2
[92%] 	 28,945/31,461 	 10:42:16
Match: Event 257920860, Lines 2
Match: Event 257921970, Lines 2
Match: Event 257922066, Lines 2
Match: Event 257922467, Lines 3
Match: Event 257922792, Lines 2
Match: Event 257922858, Lines 2
Match: Event 257923097, Lines 2
Match: Event 257923265, Lines 2
Match: Event 257923611, Lines 2
Match: Event 257923619, Lines 2
Match: Event 257924320, Lines 2
Match: Event 257925114, Lines 2
Match: Event 257926124, Lines 2
Match: Event 257926709, Lines 2
Match: Event 257927140, Lines 2
Match: Event 257927277, Lines 2
Match: Event 257927686, Lines 3
Match: Event 257928911, Lines 2
[93%] 	 29,259/31,461 	 10:49:06
Match: Event 257930884, Lines 2
Match: Event 257931031, Lines 2
Match: Event 257931087, Lines 2
Match: Event 257931566, Lines 2
Match: Event 257932362, Lines 2
Match: Event 257932547, Lines 2
Match: Event 257932786, Lines 2
Match: Event 257933031, Lines 2
Match: Event 257934260, Lines 2
Match: Event 257934574, Lines 2
Match: Event 257935748, Lines 2
Match: Event 257936077, Lines 2
Match: Event 257936939, Lines 2
Match: Event 257937330, Lines 2
Match: Event 257937338, Lines 2
Match: Event 257939155, Lines 2
[94%] 	 29,574/31,461 	 10:55:48
Match: Event 257940706, Lines 2
Match: Event 257941509, Lines 2
Match: Event 257941612, Lines 2
Match: Event 257942283, Lines 3
Match: Event 257942634, Lines 2
Match: Event 257943460, Lines 2
Match: Event 257944291, Lines 2
Match: Event 257944676, Lines 2
Match: Event 257944908, Lines 2
Match: Event 257946731, Lines 2
Match: Event 257946824, Lines 2
Match: Event 257947002, Lines 2
Match: Event 257948534, Lines 2
Match: Event 257949078, Lines 2
Match: Event 257950155, Lines 2
[95%] 	 29,888/31,461 	 11:02:37
Match: Event 257951008, Lines 2
Match: Event 257951291, Lines 2
Match: Event 257953587, Lines 2
Match: Event 257954280, Lines 3
Match: Event 257954742, Lines 2
Match: Event 257956185, Lines 2
Match: Event 257957010, Lines 2
Match: Event 257957236, Lines 2
Match: Event 257957768, Lines 2
Match: Event 257957787, Lines 2
Match: Event 257957860, Lines 2
Match: Event 257959176, Lines 2
Match: Event 257959279, Lines 2
Match: Event 257959299, Lines 2
[96%] 	 30,203/31,461 	 11:09:19
Match: Event 257960029, Lines 2
Match: Event 257960385, Lines 2
Match: Event 257961320, Lines 2
Match: Event 257961657, Lines 2
Match: Event 257961793, Lines 2
Match: Event 257961905, Lines 2
Match: Event 257963592, Lines 2
Match: Event 257964901, Lines 2
Match: Event 257965118, Lines 2
Match: Event 257965541, Lines 2
Match: Event 257966053, Lines 2
Match: Event 257966905, Lines 2
Match: Event 257967075, Lines 2
Match: Event 257969016, Lines 2
Match: Event 257969144, Lines 2
Match: Event 257969454, Lines 2
[97%] 	 30,518/31,461 	 11:16:01
Match: Event 257970168, Lines 2
Match: Event 257970371, Lines 2
Match: Event 257971757, Lines 2
Match: Event 257972539, Lines 2
Match: Event 257972815, Lines 2
Match: Event 257972826, Lines 2
Match: Event 257973705, Lines 2
Match: Event 257975039, Lines 2
Match: Event 257975776, Lines 2
Match: Event 257976311, Lines 2
Match: Event 257977815, Lines 2
Match: Event 257977945, Lines 2
Match: Event 257977980, Lines 2
Match: Event 257979574, Lines 2
[98%] 	 30,832/31,461 	 11:22:45
Match: Event 257980665, Lines 2
Match: Event 257980851, Lines 2
Match: Event 257981254, Lines 2
Match: Event 257981668, Lines 2
Match: Event 257982186, Lines 2
Match: Event 257982774, Lines 2
Match: Event 257984022, Lines 2
Match: Event 257984073, Lines 2
Match: Event 257984351, Lines 2
Match: Event 257984871, Lines 3
Match: Event 257987602, Lines 2
Match: Event 257988252, Lines 2
Match: Event 257988604, Lines 3
[99%] 	 31,147/31,461 	 11:29:18
Match: Event 257990633, Lines 2
Match: Event 257990662, Lines 2
Match: Event 257990786, Lines 2
Match: Event 257991304, Lines 2
Match: Event 257993446, Lines 2
Match: Event 257993712, Lines 2
Match: Event 257994218, Lines 2
Match: Event 257995365, Lines 2
Match: Event 257995463, Lines 2
Match: Event 257996781, Lines 2
Match: Event 257997202, Lines 3
Match: Event 257998729, Lines 2
Match: Event 257999128, Lines 3
Match: Event 257999457, Lines 2
Finished in 41703.55s.
 ~ 5) DONE !
