search libraries in slc9_x86-64
 ~ 1) Base stack loaded.
 ~ Sleeping for 0 seconds to avoid AFS DDOS...
 ~ 2) Loading sndsw environment...
 ~ 3) SNDSW_ROOT is set to: /afs/cern.ch/user/i/idioniso/snd_master/sw-root6.28/rhel9_x86-64/sndsw/master-local1
 ~ 4) Executing tracking script...
[INFO] The input consists out of the following trees and files: 
[INFO]  - rawConv
[INFO]     - root://eoshome-i.cern.ch//eos/user/i/idioniso/tridents/initial_cuts/tridents_sndsw_raw-0137.root
[INFO] FairRootFileSink initialized.
[INFO]  - cbmout
[INFO]     - dummy
[INFO] Parameter and input file are available, Assure that basic info is there for the run!
[INFO] ---FairRootManager::SpecifyRunId --- 
[INFO] --- Initialize with RunId  --- 0

************************************************************* 
     initialisation for run id 0
************************************************************* 
-I- FairRunTimeDB::InitContainer() FairBaseParSet
-I- FairRunTimeDB::InitContainer() FairGeoParSet

************************************************************* 
     initialisation for run id 0
************************************************************* 
-I- FairRunTimeDB::InitContainer() FairBaseParSet
-I- FairRunTimeDB::InitContainer() FairGeoParSet
[INFO]  Branch: Reco_MuonTracks not found in Tree.
using geofile: root://eospublic.cern.ch//eos/experiment/sndlhc/convertedData/physics/2023/geofile_sndlhc_TI18_V3_2023.root
[0%] 	 0/32,056 	 00:00:05
[1%] 	 321/32,056 	 00:03:37
[2%] 	 642/32,056 	 00:07:17
[3%] 	 962/32,056 	 00:10:57
Match: Event 137036721, Lines 2
[4%] 	 1,283/32,056 	 00:14:29
[5%] 	 1,603/32,056 	 00:17:57
[6%] 	 1,924/32,056 	 00:21:37
[7%] 	 2,244/32,056 	 00:25:14
[8%] 	 2,565/32,056 	 00:29:00
Match: Event 137082851, Lines 2
Match: Event 137082892, Lines 2
[9%] 	 2,886/32,056 	 00:32:44
[10%] 	 3,206/32,056 	 00:36:31
[11%] 	 3,527/32,056 	 00:40:22
Match: Event 137116084, Lines 2
[12%] 	 3,847/32,056 	 00:43:47
Match: Event 137127154, Lines 2
[13%] 	 4,168/32,056 	 00:47:37
Match: Event 137130802, Lines 2
Match: Event 137136734, Lines 2
[14%] 	 4,488/32,056 	 00:51:15
[15%] 	 4,809/32,056 	 00:55:02
Match: Event 137152675, Lines 2
[16%] 	 5,129/32,056 	 00:58:48
[17%] 	 5,450/32,056 	 01:02:27
[18%] 	 5,771/32,056 	 01:06:10
[19%] 	 6,091/32,056 	 01:10:05
[20%] 	 6,412/32,056 	 01:14:04
[21%] 	 6,732/32,056 	 01:18:36
[22%] 	 7,053/32,056 	 01:22:51
Match: Event 137224991, Lines 2
[23%] 	 7,373/32,056 	 01:27:20
[24%] 	 7,694/32,056 	 01:31:33
[25%] 	 8,014/32,056 	 01:35:54
[26%] 	 8,335/32,056 	 01:39:53
Match: Event 137265247, Lines 2
[27%] 	 8,656/32,056 	 01:44:43
[28%] 	 8,976/32,056 	 01:49:32
[29%] 	 9,297/32,056 	 01:54:10
[30%] 	 9,617/32,056 	 01:58:56
[31%] 	 9,938/32,056 	 02:04:18
[32%] 	 10,258/32,056 	 02:09:44
[33%] 	 10,579/32,056 	 02:14:04
Match: Event 137340003, Lines 2
[34%] 	 10,900/32,056 	 02:18:51
[35%] 	 11,220/32,056 	 02:23:48
Match: Event 137355314, Lines 2
[36%] 	 11,541/32,056 	 02:28:56
Match: Event 137363561, Lines 2
[37%] 	 11,861/32,056 	 02:33:50
[38%] 	 12,182/32,056 	 02:38:48
Match: Event 137380188, Lines 2
Match: Event 137382502, Lines 2
Match: Event 137386444, Lines 2
[39%] 	 12,502/32,056 	 02:43:10
[40%] 	 12,823/32,056 	 02:47:32
Match: Event 137403006, Lines 2
[41%] 	 13,143/32,056 	 02:51:42
[42%] 	 13,464/32,056 	 02:55:50
[43%] 	 13,785/32,056 	 02:59:53
[44%] 	 14,105/32,056 	 03:04:00
Match: Event 137440828, Lines 2
Match: Event 137441675, Lines 2
[45%] 	 14,426/32,056 	 03:07:57
[46%] 	 14,746/32,056 	 03:11:47
Match: Event 137459598, Lines 2
[47%] 	 15,067/32,056 	 03:15:43
Match: Event 137468645, Lines 2
[48%] 	 15,387/32,056 	 03:20:31
[49%] 	 15,708/32,056 	 03:24:48
Match: Event 137491810, Lines 2
[50%] 	 16,028/32,056 	 03:29:12
Match: Event 137500340, Lines 2
[51%] 	 16,349/32,056 	 03:33:08
Match: Event 137506288, Lines 2
Match: Event 137511240, Lines 2
[52%] 	 16,670/32,056 	 03:37:03
Match: Event 137518875, Lines 2
[53%] 	 16,990/32,056 	 03:41:36
[54%] 	 17,311/32,056 	 03:46:36
Match: Event 137537171, Lines 2
[55%] 	 17,631/32,056 	 03:51:36
[56%] 	 17,952/32,056 	 03:56:29
[57%] 	 18,272/32,056 	 04:00:55
Match: Event 137567180, Lines 2
[58%] 	 18,593/32,056 	 04:05:03
Match: Event 137584380, Lines 2
[59%] 	 18,914/32,056 	 04:09:19
[60%] 	 19,234/32,056 	 04:14:03
[61%] 	 19,555/32,056 	 04:18:09
[62%] 	 19,875/32,056 	 04:23:02
Match: Event 137625595, Lines 2
[63%] 	 20,196/32,056 	 04:27:50
Match: Event 137635592, Lines 2
[64%] 	 20,516/32,056 	 04:32:03
Match: Event 137643293, Lines 3
[65%] 	 20,837/32,056 	 04:36:23
[66%] 	 21,157/32,056 	 04:41:19
[67%] 	 21,478/32,056 	 04:45:55
[68%] 	 21,799/32,056 	 04:50:52
[69%] 	 22,119/32,056 	 04:56:12
Match: Event 137689376, Lines 2
[70%] 	 22,440/32,056 	 05:00:40
Match: Event 137705515, Lines 2
[71%] 	 22,760/32,056 	 05:04:33
[72%] 	 23,081/32,056 	 05:08:17
[73%] 	 23,401/32,056 	 05:12:11
Match: Event 137735554, Lines 2
[74%] 	 23,722/32,056 	 05:16:14
[75%] 	 24,042/32,056 	 05:20:34
Match: Event 137750047, Lines 2
Match: Event 137750582, Lines 2
Match: Event 137753362, Lines 2
[76%] 	 24,363/32,056 	 05:24:14
[77%] 	 24,684/32,056 	 05:27:57
Match: Event 137773094, Lines 2
[78%] 	 25,004/32,056 	 05:31:35
[79%] 	 25,325/32,056 	 05:35:38
[80%] 	 25,645/32,056 	 05:39:38
Match: Event 137808228, Lines 2
[81%] 	 25,966/32,056 	 05:43:25
Match: Event 137813445, Lines 2
[82%] 	 26,286/32,056 	 05:47:12
[83%] 	 26,607/32,056 	 05:50:55
Match: Event 137834183, Lines 2
[84%] 	 26,928/32,056 	 05:54:38
Match: Event 137843393, Lines 2
[85%] 	 27,248/32,056 	 05:58:25
[86%] 	 27,569/32,056 	 06:02:49
Match: Event 137860458, Lines 2
[87%] 	 27,889/32,056 	 06:06:48
Match: Event 137868688, Lines 2
[88%] 	 28,210/32,056 	 06:10:47
Match: Event 137887071, Lines 2
[89%] 	 28,530/32,056 	 06:15:22
Match: Event 137893774, Lines 2
[90%] 	 28,851/32,056 	 06:19:36
Match: Event 137903965, Lines 2
[91%] 	 29,171/32,056 	 06:23:49
[92%] 	 29,492/32,056 	 06:28:15
[93%] 	 29,813/32,056 	 06:32:56
[94%] 	 30,133/32,056 	 06:37:27
Match: Event 137940570, Lines 2
Match: Event 137946077, Lines 2
[95%] 	 30,454/32,056 	 06:41:51
[96%] 	 30,774/32,056 	 06:46:09
[97%] 	 31,095/32,056 	 06:50:03
[98%] 	 31,415/32,056 	 06:54:14
[99%] 	 31,736/32,056 	 06:58:21
Match: Event 137992672, Lines 2
Finished in 25322.24s.
 ~ 5) DONE !
