search libraries in slc9_x86-64
 ~ 1) Base stack loaded.
 ~ Sleeping for 57 seconds to avoid AFS DDOS...
 ~ 2) Loading sndsw environment...
 ~ 3) SNDSW_ROOT is set to: /afs/cern.ch/user/i/idioniso/snd_master/sw-root6.28/rhel9_x86-64/sndsw/master-local1
 ~ 4) Executing tracking script...
[INFO] The input consists out of the following trees and files: 
[INFO]  - rawConv
[INFO]     - root://eoshome-i.cern.ch//eos/user/i/idioniso/tridents/initial_cuts/tridents_sndsw_raw-0307.root
[INFO] FairRootFileSink initialized.
[INFO]  - cbmout
[INFO]     - dummy
[INFO] Parameter and input file are available, Assure that basic info is there for the run!
[INFO] ---FairRootManager::SpecifyRunId --- 
[INFO] --- Initialize with RunId  --- 0

************************************************************* 
     initialisation for run id 0
************************************************************* 
-I- FairRunTimeDB::InitContainer() FairBaseParSet
-I- FairRunTimeDB::InitContainer() FairGeoParSet

************************************************************* 
     initialisation for run id 0
************************************************************* 
-I- FairRunTimeDB::InitContainer() FairBaseParSet
-I- FairRunTimeDB::InitContainer() FairGeoParSet
[INFO]  Branch: Reco_MuonTracks not found in Tree.
using geofile: root://eospublic.cern.ch//eos/experiment/sndlhc/convertedData/physics/2023/geofile_sndlhc_TI18_V3_2023.root
[0%] 	 0/31,240 	 00:00:11
Match: Event 307000831, Lines 2
Match: Event 307002249, Lines 2
Match: Event 307002656, Lines 2
Match: Event 307003562, Lines 2
Match: Event 307004176, Lines 2
Match: Event 307004899, Lines 2
Match: Event 307005272, Lines 2
Match: Event 307005376, Lines 2
Match: Event 307005732, Lines 2
Match: Event 307005799, Lines 2
Match: Event 307005964, Lines 2
Match: Event 307006554, Lines 2
Match: Event 307006679, Lines 3
Match: Event 307007917, Lines 2
Match: Event 307007996, Lines 2
Match: Event 307008241, Lines 2
[1%] 	 313/31,240 	 00:04:17
Match: Event 307009375, Lines 2
Match: Event 307009763, Lines 2
Match: Event 307012785, Lines 2
Match: Event 307016034, Lines 2
Match: Event 307016653, Lines 2
Match: Event 307017772, Lines 2
Match: Event 307017856, Lines 2
Match: Event 307018060, Lines 2
[2%] 	 625/31,240 	 00:07:48
Match: Event 307019781, Lines 3
Match: Event 307020152, Lines 2
Match: Event 307020633, Lines 2
Match: Event 307021028, Lines 3
Match: Event 307021352, Lines 2
Match: Event 307021442, Lines 2
Match: Event 307022259, Lines 2
Match: Event 307023832, Lines 2
Match: Event 307024176, Lines 2
Match: Event 307024551, Lines 2
Match: Event 307025111, Lines 2
Match: Event 307026158, Lines 2
Match: Event 307026610, Lines 2
Match: Event 307027175, Lines 2
Match: Event 307027936, Lines 2
Match: Event 307028154, Lines 2
[3%] 	 938/31,240 	 00:11:10
Match: Event 307029605, Lines 2
Match: Event 307030536, Lines 2
Match: Event 307030754, Lines 3
Match: Event 307031395, Lines 2
Match: Event 307032005, Lines 2
Match: Event 307032352, Lines 2
Match: Event 307033956, Lines 2
Match: Event 307034248, Lines 2
Match: Event 307034358, Lines 2
Match: Event 307035525, Lines 2
Match: Event 307035924, Lines 2
Match: Event 307036375, Lines 2
Match: Event 307038293, Lines 2
[4%] 	 1,250/31,240 	 00:14:48
Match: Event 307039215, Lines 2
Match: Event 307039317, Lines 2
Match: Event 307039437, Lines 2
Match: Event 307039819, Lines 2
Match: Event 307039886, Lines 2
Match: Event 307040400, Lines 2
Match: Event 307040694, Lines 2
Match: Event 307040887, Lines 2
Match: Event 307041370, Lines 2
Match: Event 307041977, Lines 2
Match: Event 307044985, Lines 2
Match: Event 307045604, Lines 2
Match: Event 307045968, Lines 2
Match: Event 307046318, Lines 2
Match: Event 307046618, Lines 3
Match: Event 307047116, Lines 2
[5%] 	 1,562/31,240 	 00:18:53
Match: Event 307048058, Lines 2
Match: Event 307048521, Lines 2
Match: Event 307049061, Lines 2
Match: Event 307052259, Lines 2
Match: Event 307052278, Lines 2
Match: Event 307054390, Lines 2
Match: Event 307055094, Lines 2
Match: Event 307056280, Lines 2
Match: Event 307057124, Lines 2
Match: Event 307057858, Lines 2
Match: Event 307057870, Lines 2
Match: Event 307058017, Lines 2
[6%] 	 1,875/31,240 	 00:22:56
Match: Event 307058422, Lines 2
Match: Event 307059532, Lines 2
Match: Event 307059650, Lines 2
Match: Event 307060582, Lines 3
Match: Event 307061157, Lines 2
Match: Event 307061982, Lines 2
Match: Event 307062973, Lines 2
Match: Event 307063128, Lines 2
Match: Event 307063321, Lines 2
Match: Event 307064431, Lines 2
Match: Event 307068268, Lines 3
Match: Event 307068482, Lines 2
[7%] 	 2,187/31,240 	 00:27:04
Match: Event 307069590, Lines 2
Match: Event 307070248, Lines 2
Match: Event 307071070, Lines 2
Match: Event 307071480, Lines 2
Match: Event 307072148, Lines 2
Match: Event 307073063, Lines 2
Match: Event 307073945, Lines 2
Match: Event 307074230, Lines 2
Match: Event 307075724, Lines 2
Match: Event 307076404, Lines 2
Match: Event 307076956, Lines 2
Match: Event 307077430, Lines 2
Match: Event 307079171, Lines 2
[8%] 	 2,500/31,240 	 00:31:06
Match: Event 307080646, Lines 2
Match: Event 307081510, Lines 2
Match: Event 307082513, Lines 2
Match: Event 307083204, Lines 2
Match: Event 307083515, Lines 2
Match: Event 307083615, Lines 2
Match: Event 307085077, Lines 2
Match: Event 307086013, Lines 2
Match: Event 307086550, Lines 2
Match: Event 307088474, Lines 3
Match: Event 307088719, Lines 2
Match: Event 307089144, Lines 2
[9%] 	 2,812/31,240 	 00:35:15
Match: Event 307089982, Lines 2
Match: Event 307090265, Lines 2
Match: Event 307090747, Lines 2
Match: Event 307091729, Lines 2
Match: Event 307092696, Lines 3
Match: Event 307093448, Lines 2
Match: Event 307094527, Lines 2
Match: Event 307094613, Lines 2
Match: Event 307096009, Lines 2
Match: Event 307097140, Lines 2
Match: Event 307097195, Lines 2
Match: Event 307098669, Lines 3
[10%] 	 3,124/31,240 	 00:39:18
Match: Event 307099653, Lines 2
Match: Event 307100173, Lines 2
Match: Event 307100643, Lines 2
Match: Event 307101437, Lines 2
Match: Event 307101760, Lines 3
Match: Event 307102151, Lines 2
Match: Event 307102170, Lines 2
Match: Event 307102813, Lines 2
Match: Event 307103156, Lines 2
Match: Event 307103233, Lines 2
Match: Event 307103751, Lines 2
Match: Event 307103780, Lines 2
Match: Event 307105120, Lines 2
Match: Event 307105779, Lines 2
Match: Event 307106370, Lines 3
[11%] 	 3,437/31,240 	 00:43:13
Match: Event 307109704, Lines 2
Match: Event 307110171, Lines 2
Match: Event 307110638, Lines 2
Match: Event 307110896, Lines 2
Match: Event 307111226, Lines 2
Match: Event 307111266, Lines 2
Match: Event 307112222, Lines 2
Match: Event 307114099, Lines 3
Match: Event 307115249, Lines 3
Match: Event 307116738, Lines 2
Match: Event 307117389, Lines 2
Match: Event 307118356, Lines 2
[12%] 	 3,749/31,240 	 00:47:29
Match: Event 307119740, Lines 2
Match: Event 307120184, Lines 2
Match: Event 307120336, Lines 2
Match: Event 307121120, Lines 2
Match: Event 307121293, Lines 2
Match: Event 307121430, Lines 2
Match: Event 307122379, Lines 2
Match: Event 307123836, Lines 2
Match: Event 307124077, Lines 2
Match: Event 307125857, Lines 3
Match: Event 307125978, Lines 2
Match: Event 307126732, Lines 2
Match: Event 307126811, Lines 2
Match: Event 307126901, Lines 2
Match: Event 307128469, Lines 2
Match: Event 307128884, Lines 2
[13%] 	 4,062/31,240 	 00:51:52
Match: Event 307129776, Lines 2
Match: Event 307130746, Lines 2
Match: Event 307131433, Lines 2
Match: Event 307132660, Lines 3
Match: Event 307133376, Lines 2
Match: Event 307133513, Lines 2
Match: Event 307133749, Lines 2
Match: Event 307134804, Lines 2
Match: Event 307134865, Lines 2
Match: Event 307135084, Lines 2
Match: Event 307135100, Lines 2
Match: Event 307136630, Lines 2
Match: Event 307137290, Lines 2
Match: Event 307137716, Lines 2
Match: Event 307138552, Lines 2
Match: Event 307138663, Lines 2
Match: Event 307139096, Lines 2
[14%] 	 4,374/31,240 	 00:56:28
Match: Event 307140002, Lines 2
Match: Event 307140122, Lines 2
Match: Event 307140173, Lines 3
Match: Event 307140673, Lines 2
Match: Event 307140780, Lines 2
Match: Event 307141005, Lines 2
Match: Event 307141024, Lines 2
Match: Event 307141853, Lines 2
Match: Event 307143796, Lines 2
Match: Event 307143879, Lines 2
Match: Event 307144563, Lines 2
Match: Event 307145555, Lines 3
Match: Event 307146958, Lines 2
Match: Event 307147401, Lines 2
Match: Event 307147459, Lines 2
Match: Event 307147773, Lines 2
Match: Event 307147902, Lines 2
Match: Event 307148251, Lines 2
Match: Event 307148685, Lines 2
[15%] 	 4,686/31,240 	 01:00:36
Match: Event 307148922, Lines 2
Match: Event 307149150, Lines 2
Match: Event 307149246, Lines 2
Match: Event 307149678, Lines 2
Match: Event 307149806, Lines 2
Match: Event 307150900, Lines 2
Match: Event 307152722, Lines 2
Match: Event 307153385, Lines 2
Match: Event 307154541, Lines 2
Match: Event 307154628, Lines 2
Match: Event 307154966, Lines 2
Match: Event 307155202, Lines 2
Match: Event 307157047, Lines 2
Match: Event 307158963, Lines 2
[16%] 	 4,999/31,240 	 01:04:38
Match: Event 307159584, Lines 2
Match: Event 307159902, Lines 2
Match: Event 307160721, Lines 2
Match: Event 307161711, Lines 2
Match: Event 307162454, Lines 2
Match: Event 307162869, Lines 2
Match: Event 307163349, Lines 2
Match: Event 307163378, Lines 2
Match: Event 307163419, Lines 2
Match: Event 307164783, Lines 2
Match: Event 307165146, Lines 2
Match: Event 307165627, Lines 2
Match: Event 307165701, Lines 2
Match: Event 307168091, Lines 2
[17%] 	 5,311/31,240 	 01:09:05
Match: Event 307169612, Lines 2
Match: Event 307171974, Lines 2
Match: Event 307172399, Lines 2
Match: Event 307173501, Lines 2
Match: Event 307175826, Lines 2
Match: Event 307177125, Lines 2
Match: Event 307178329, Lines 2
Match: Event 307178760, Lines 3
Match: Event 307179002, Lines 2
Match: Event 307179480, Lines 2
[18%] 	 5,624/31,240 	 01:13:18
Match: Event 307179785, Lines 3
Match: Event 307182124, Lines 2
Match: Event 307183018, Lines 2
Match: Event 307183813, Lines 2
Match: Event 307184793, Lines 2
Match: Event 307185743, Lines 2
Match: Event 307187291, Lines 2
[19%] 	 5,936/31,240 	 01:17:28
Match: Event 307189595, Lines 2
Match: Event 307189596, Lines 2
Match: Event 307190026, Lines 2
Match: Event 307190498, Lines 2
Match: Event 307192404, Lines 2
Match: Event 307192512, Lines 2
Match: Event 307193419, Lines 2
Match: Event 307193776, Lines 2
Match: Event 307194850, Lines 2
Match: Event 307194983, Lines 2
Match: Event 307197012, Lines 2
Match: Event 307197776, Lines 2
Match: Event 307198554, Lines 2
[20%] 	 6,248/31,240 	 01:21:54
Match: Event 307200065, Lines 2
Match: Event 307202078, Lines 2
Match: Event 307202165, Lines 2
Match: Event 307202308, Lines 2
Match: Event 307202782, Lines 2
Match: Event 307204396, Lines 2
Match: Event 307205195, Lines 3
Match: Event 307206067, Lines 2
Match: Event 307206645, Lines 2
Match: Event 307207095, Lines 2
[21%] 	 6,561/31,240 	 01:26:46
Match: Event 307208532, Lines 2
Match: Event 307209107, Lines 3
Match: Event 307209480, Lines 2
Match: Event 307210154, Lines 2
Match: Event 307210279, Lines 2
Match: Event 307211440, Lines 2
Match: Event 307213790, Lines 2
Match: Event 307213939, Lines 2
Match: Event 307214110, Lines 2
Match: Event 307214928, Lines 2
Match: Event 307215107, Lines 2
Match: Event 307215455, Lines 2
Match: Event 307215656, Lines 2
Match: Event 307217497, Lines 2
Match: Event 307217738, Lines 2
Match: Event 307217884, Lines 2
[22%] 	 6,873/31,240 	 01:30:52
Match: Event 307218175, Lines 2
Match: Event 307222493, Lines 2
Match: Event 307223547, Lines 2
Match: Event 307223832, Lines 3
Match: Event 307223843, Lines 2
Match: Event 307225161, Lines 2
Match: Event 307225560, Lines 2
Match: Event 307226016, Lines 2
Match: Event 307226345, Lines 2
Match: Event 307226899, Lines 2
[23%] 	 7,186/31,240 	 01:34:49
Match: Event 307228894, Lines 2
Match: Event 307229268, Lines 2
Match: Event 307229530, Lines 2
Match: Event 307232571, Lines 2
Match: Event 307232770, Lines 3
Match: Event 307232942, Lines 2
Match: Event 307233052, Lines 2
Match: Event 307234057, Lines 2
Match: Event 307235632, Lines 2
Match: Event 307237441, Lines 2
Match: Event 307238389, Lines 2
[24%] 	 7,498/31,240 	 01:39:55
Match: Event 307240062, Lines 3
Match: Event 307241989, Lines 2
Match: Event 307245105, Lines 2
Match: Event 307245625, Lines 2
Match: Event 307245716, Lines 2
Match: Event 307246201, Lines 2
Match: Event 307248777, Lines 2
[25%] 	 7,810/31,240 	 01:43:51
Match: Event 307249783, Lines 2
Match: Event 307251076, Lines 2
Match: Event 307251174, Lines 2
Match: Event 307251643, Lines 2
Match: Event 307251748, Lines 2
Match: Event 307252377, Lines 2
Match: Event 307253530, Lines 2
Match: Event 307255073, Lines 2
Match: Event 307255873, Lines 2
Match: Event 307256021, Lines 2
Match: Event 307256404, Lines 2
Match: Event 307256812, Lines 2
[26%] 	 8,123/31,240 	 01:48:05
Match: Event 307258534, Lines 2
Match: Event 307259130, Lines 2
Match: Event 307259155, Lines 2
Match: Event 307260133, Lines 2
Match: Event 307260384, Lines 2
Match: Event 307261052, Lines 3
Match: Event 307262223, Lines 2
Match: Event 307263240, Lines 3
Match: Event 307264030, Lines 2
Match: Event 307267329, Lines 2
Match: Event 307269021, Lines 2
[27%] 	 8,435/31,240 	 01:52:26
Match: Event 307270334, Lines 2
Match: Event 307270799, Lines 2
Match: Event 307271489, Lines 2
Match: Event 307271774, Lines 2
Match: Event 307272689, Lines 2
Match: Event 307273544, Lines 2
Match: Event 307273732, Lines 2
Match: Event 307275674, Lines 2
Match: Event 307276340, Lines 2
Match: Event 307276726, Lines 2
Match: Event 307276832, Lines 2
Match: Event 307276835, Lines 2
Match: Event 307277106, Lines 2
Match: Event 307278051, Lines 2
[28%] 	 8,748/31,240 	 01:56:38
Match: Event 307279672, Lines 2
Match: Event 307279781, Lines 2
Match: Event 307280021, Lines 2
Match: Event 307280910, Lines 2
Match: Event 307281533, Lines 2
Match: Event 307282999, Lines 2
Match: Event 307284169, Lines 2
Match: Event 307285736, Lines 2
Match: Event 307286191, Lines 2
Match: Event 307286746, Lines 2
Match: Event 307286990, Lines 2
Match: Event 307287667, Lines 2
Match: Event 307288544, Lines 3
Match: Event 307288584, Lines 2
Match: Event 307288902, Lines 2
[29%] 	 9,060/31,240 	 02:00:31
Match: Event 307289285, Lines 2
Match: Event 307290891, Lines 2
Match: Event 307291120, Lines 2
Match: Event 307291446, Lines 2
Match: Event 307292430, Lines 2
Match: Event 307292504, Lines 2
Match: Event 307294025, Lines 2
Match: Event 307295092, Lines 2
Match: Event 307295177, Lines 2
Match: Event 307296129, Lines 2
Match: Event 307297379, Lines 2
Match: Event 307297413, Lines 2
Match: Event 307298368, Lines 2
Match: Event 307299046, Lines 2
[30%] 	 9,372/31,240 	 02:04:33
Match: Event 307301076, Lines 3
Match: Event 307302668, Lines 2
Match: Event 307302974, Lines 2
Match: Event 307303043, Lines 2
Match: Event 307304456, Lines 2
Match: Event 307305187, Lines 2
Match: Event 307305627, Lines 2
Match: Event 307306134, Lines 2
Match: Event 307306995, Lines 2
Match: Event 307307751, Lines 2
Match: Event 307308901, Lines 3
Match: Event 307309096, Lines 2
Match: Event 307309200, Lines 2
Match: Event 307309647, Lines 2
[31%] 	 9,685/31,240 	 02:08:52
Match: Event 307311405, Lines 2
Match: Event 307311531, Lines 2
Match: Event 307312751, Lines 2
Match: Event 307313651, Lines 2
Match: Event 307314521, Lines 2
Match: Event 307314956, Lines 2
Match: Event 307315760, Lines 2
Match: Event 307316288, Lines 2
Match: Event 307317172, Lines 2
Match: Event 307318762, Lines 2
Match: Event 307319861, Lines 2
Match: Event 307320085, Lines 3
Match: Event 307320228, Lines 2
[32%] 	 9,997/31,240 	 02:13:21
Match: Event 307321155, Lines 2
Match: Event 307322553, Lines 2
Match: Event 307322884, Lines 2
Match: Event 307323428, Lines 2
Match: Event 307325530, Lines 2
Match: Event 307326221, Lines 2
Match: Event 307326320, Lines 2
Match: Event 307326439, Lines 2
Match: Event 307326588, Lines 2
Match: Event 307326964, Lines 2
Match: Event 307326990, Lines 2
Match: Event 307327208, Lines 3
Match: Event 307327447, Lines 2
Match: Event 307327771, Lines 2
Match: Event 307328215, Lines 2
Match: Event 307328678, Lines 2
Match: Event 307329727, Lines 2
[33%] 	 10,310/31,240 	 02:17:45
Match: Event 307329999, Lines 2
Match: Event 307330333, Lines 2
Match: Event 307331638, Lines 2
Match: Event 307332544, Lines 2
Match: Event 307332936, Lines 2
Match: Event 307333083, Lines 2
Match: Event 307333454, Lines 2
Match: Event 307335109, Lines 2
Match: Event 307335243, Lines 2
Match: Event 307336442, Lines 2
Match: Event 307336929, Lines 2
Match: Event 307338153, Lines 2
Match: Event 307338809, Lines 2
Match: Event 307338934, Lines 2
[34%] 	 10,622/31,240 	 02:21:36
Match: Event 307339995, Lines 2
Match: Event 307342291, Lines 2
Match: Event 307343272, Lines 2
Match: Event 307344244, Lines 2
Match: Event 307346475, Lines 2
Match: Event 307346617, Lines 2
Match: Event 307348453, Lines 2
Match: Event 307348568, Lines 2
Match: Event 307349811, Lines 2
Match: Event 307349916, Lines 2
[35%] 	 10,934/31,240 	 02:26:14
Match: Event 307351519, Lines 2
Match: Event 307352913, Lines 2
Match: Event 307353031, Lines 2
Match: Event 307353107, Lines 2
Match: Event 307353195, Lines 2
Match: Event 307353724, Lines 2
Match: Event 307354300, Lines 2
Match: Event 307354348, Lines 2
Match: Event 307354452, Lines 3
Match: Event 307355165, Lines 2
Match: Event 307355363, Lines 2
Match: Event 307355759, Lines 2
Match: Event 307355868, Lines 3
Match: Event 307357984, Lines 3
Match: Event 307358487, Lines 3
Match: Event 307359008, Lines 2
Match: Event 307359024, Lines 2
Match: Event 307359319, Lines 2
Match: Event 307359444, Lines 2
Match: Event 307359604, Lines 2
[36%] 	 11,247/31,240 	 02:30:11
Match: Event 307361239, Lines 2
Match: Event 307361257, Lines 3
Match: Event 307361260, Lines 2
Match: Event 307361705, Lines 2
Match: Event 307364242, Lines 2
Match: Event 307365120, Lines 2
Match: Event 307366830, Lines 2
Match: Event 307367109, Lines 2
Match: Event 307367617, Lines 2
Match: Event 307368277, Lines 2
Match: Event 307369350, Lines 2
Match: Event 307369460, Lines 2
Match: Event 307369559, Lines 2
Match: Event 307370258, Lines 2
[37%] 	 11,559/31,240 	 02:33:44
Match: Event 307371096, Lines 2
Match: Event 307371418, Lines 2
Match: Event 307371944, Lines 2
Match: Event 307373260, Lines 2
Match: Event 307373475, Lines 2
Match: Event 307374095, Lines 2
Match: Event 307374108, Lines 2
Match: Event 307374812, Lines 2
Match: Event 307375397, Lines 2
Match: Event 307376006, Lines 2
Match: Event 307377387, Lines 2
Match: Event 307378543, Lines 2
[38%] 	 11,872/31,240 	 02:38:01
Match: Event 307380736, Lines 2
Match: Event 307382476, Lines 3
Match: Event 307383694, Lines 2
Match: Event 307383742, Lines 2
Match: Event 307384102, Lines 2
Match: Event 307385943, Lines 2
Match: Event 307387922, Lines 2
[39%] 	 12,184/31,240 	 02:41:44
Match: Event 307391117, Lines 2
Match: Event 307391323, Lines 2
Match: Event 307391536, Lines 2
Match: Event 307391570, Lines 2
Match: Event 307393995, Lines 2
Match: Event 307395441, Lines 2
Match: Event 307395691, Lines 2
Match: Event 307396180, Lines 2
Match: Event 307396836, Lines 2
Match: Event 307397231, Lines 2
Match: Event 307399398, Lines 2
[40%] 	 12,496/31,240 	 02:47:16
Match: Event 307399628, Lines 2
Match: Event 307399635, Lines 2
Match: Event 307400325, Lines 2
Match: Event 307400556, Lines 3
Match: Event 307401710, Lines 2
Match: Event 307402628, Lines 2
Match: Event 307402856, Lines 3
Match: Event 307404622, Lines 2
Match: Event 307406212, Lines 2
Match: Event 307407027, Lines 2
Match: Event 307408100, Lines 2
Match: Event 307408284, Lines 2
Match: Event 307408285, Lines 3
Match: Event 307408652, Lines 2
[41%] 	 12,809/31,240 	 02:53:55
Match: Event 307409986, Lines 2
Match: Event 307410657, Lines 2
Match: Event 307411930, Lines 2
Match: Event 307412732, Lines 2
Match: Event 307413165, Lines 2
Match: Event 307413452, Lines 2
Match: Event 307413504, Lines 2
Match: Event 307414980, Lines 2
Match: Event 307415037, Lines 2
Match: Event 307415270, Lines 2
Match: Event 307415956, Lines 2
Match: Event 307416259, Lines 2
Match: Event 307416545, Lines 3
Match: Event 307419520, Lines 2
Match: Event 307419791, Lines 2
[42%] 	 13,121/31,240 	 02:58:57
Match: Event 307421084, Lines 3
Match: Event 307421308, Lines 2
Match: Event 307423112, Lines 2
Match: Event 307423145, Lines 2
Match: Event 307424004, Lines 2
Match: Event 307424459, Lines 2
Match: Event 307425698, Lines 2
Match: Event 307427526, Lines 2
Match: Event 307427738, Lines 2
Match: Event 307427758, Lines 2
Match: Event 307427979, Lines 2
Match: Event 307428788, Lines 2
Match: Event 307429553, Lines 2
Match: Event 307429596, Lines 2
Match: Event 307429926, Lines 2
Match: Event 307430072, Lines 2
[43%] 	 13,434/31,240 	 03:03:53
Match: Event 307430780, Lines 2
Match: Event 307431734, Lines 2
Match: Event 307432094, Lines 2
Match: Event 307432235, Lines 2
Match: Event 307432501, Lines 2
Match: Event 307432872, Lines 2
Match: Event 307433101, Lines 2
Match: Event 307435362, Lines 2
Match: Event 307435561, Lines 2
Match: Event 307436945, Lines 2
Match: Event 307438016, Lines 2
Match: Event 307438174, Lines 3
Match: Event 307438572, Lines 2
Match: Event 307439471, Lines 2
Match: Event 307439757, Lines 3
[44%] 	 13,746/31,240 	 03:09:49
Match: Event 307440637, Lines 2
Match: Event 307440716, Lines 2
Match: Event 307440770, Lines 2
Match: Event 307441211, Lines 2
Match: Event 307443951, Lines 3
Match: Event 307446937, Lines 2
Match: Event 307448678, Lines 2
Match: Event 307449510, Lines 2
Match: Event 307450252, Lines 2
Match: Event 307450550, Lines 2
Match: Event 307450992, Lines 2
Match: Event 307451251, Lines 2
[45%] 	 14,058/31,240 	 03:17:06
Match: Event 307451997, Lines 2
Match: Event 307452273, Lines 2
Match: Event 307452806, Lines 2
Match: Event 307452861, Lines 2
Match: Event 307452956, Lines 2
Match: Event 307453035, Lines 2
Match: Event 307453642, Lines 2
Match: Event 307454214, Lines 2
Match: Event 307454416, Lines 2
Match: Event 307454587, Lines 2
Match: Event 307456660, Lines 2
Match: Event 307457270, Lines 2
Match: Event 307457677, Lines 2
Match: Event 307458207, Lines 2
Match: Event 307458340, Lines 2
Match: Event 307460251, Lines 2
Match: Event 307460935, Lines 2
[46%] 	 14,371/31,240 	 03:21:15
Match: Event 307462443, Lines 2
Match: Event 307463630, Lines 2
Match: Event 307463662, Lines 2
Match: Event 307463688, Lines 2
Match: Event 307464348, Lines 2
Match: Event 307464807, Lines 2
Match: Event 307465903, Lines 2
Match: Event 307466173, Lines 2
Match: Event 307468030, Lines 2
Match: Event 307469485, Lines 2
Match: Event 307469804, Lines 2
Match: Event 307470767, Lines 2
Match: Event 307470809, Lines 2
Match: Event 307470936, Lines 2
[47%] 	 14,683/31,240 	 03:26:12
Match: Event 307471565, Lines 2
Match: Event 307472723, Lines 3
Match: Event 307474775, Lines 2
Match: Event 307476520, Lines 2
Match: Event 307477310, Lines 3
Match: Event 307478147, Lines 2
Match: Event 307480003, Lines 3
Match: Event 307480365, Lines 2
Match: Event 307481506, Lines 2
Match: Event 307481694, Lines 2
[48%] 	 14,996/31,240 	 03:31:40
Match: Event 307483793, Lines 2
Match: Event 307484367, Lines 2
Match: Event 307485365, Lines 2
Match: Event 307485951, Lines 2
Match: Event 307486547, Lines 2
Match: Event 307486716, Lines 2
Match: Event 307487600, Lines 2
Match: Event 307488607, Lines 2
Match: Event 307490061, Lines 2
Match: Event 307490217, Lines 2
[49%] 	 15,308/31,240 	 03:37:16
Match: Event 307492975, Lines 2
Match: Event 307494613, Lines 3
Match: Event 307494684, Lines 2
Match: Event 307494760, Lines 2
Match: Event 307495922, Lines 2
Match: Event 307496970, Lines 2
Match: Event 307497978, Lines 3
Match: Event 307497990, Lines 2
Match: Event 307498205, Lines 2
Match: Event 307500880, Lines 2
Match: Event 307502078, Lines 2
[50%] 	 15,620/31,240 	 03:42:27
Match: Event 307502966, Lines 2
Match: Event 307503254, Lines 2
Match: Event 307504083, Lines 2
Match: Event 307505928, Lines 2
Match: Event 307506225, Lines 2
Match: Event 307506714, Lines 2
Match: Event 307507645, Lines 2
Match: Event 307509086, Lines 2
Match: Event 307509789, Lines 2
Match: Event 307510278, Lines 2
Match: Event 307510338, Lines 2
Match: Event 307510603, Lines 2
Match: Event 307511175, Lines 2
Match: Event 307511194, Lines 2
Match: Event 307511397, Lines 2
Match: Event 307511573, Lines 2
[51%] 	 15,933/31,240 	 03:47:29
Match: Event 307513400, Lines 2
Match: Event 307513768, Lines 2
Match: Event 307514830, Lines 2
Match: Event 307514983, Lines 2
Match: Event 307515020, Lines 2
Match: Event 307515242, Lines 2
Match: Event 307515395, Lines 2
Match: Event 307515488, Lines 2
Match: Event 307515546, Lines 3
Match: Event 307518275, Lines 3
Match: Event 307518576, Lines 2
Match: Event 307520542, Lines 2
Match: Event 307521211, Lines 2
Match: Event 307521434, Lines 2
Match: Event 307521904, Lines 2
Match: Event 307522086, Lines 2
[52%] 	 16,245/31,240 	 03:53:15
Match: Event 307522978, Lines 2
Match: Event 307523015, Lines 2
Match: Event 307523608, Lines 2
Match: Event 307524846, Lines 2
Match: Event 307525122, Lines 2
Match: Event 307525583, Lines 2
Match: Event 307527414, Lines 2
Match: Event 307527486, Lines 2
Match: Event 307528463, Lines 2
Match: Event 307528503, Lines 2
Match: Event 307529904, Lines 2
Match: Event 307530577, Lines 2
Match: Event 307530937, Lines 2
Match: Event 307531589, Lines 2
[53%] 	 16,558/31,240 	 03:57:54
Match: Event 307532638, Lines 2
Match: Event 307532647, Lines 2
Match: Event 307533246, Lines 2
Match: Event 307533257, Lines 2
Match: Event 307533591, Lines 2
Match: Event 307533648, Lines 2
Match: Event 307534679, Lines 2
Match: Event 307535067, Lines 2
Match: Event 307535390, Lines 2
Match: Event 307535534, Lines 2
Match: Event 307535833, Lines 2
Match: Event 307539271, Lines 2
Match: Event 307539350, Lines 2
Match: Event 307539777, Lines 3
Match: Event 307540142, Lines 2
Match: Event 307540519, Lines 2
Match: Event 307541022, Lines 3
Match: Event 307541536, Lines 3
Match: Event 307541573, Lines 2
[54%] 	 16,870/31,240 	 04:02:47
Match: Event 307542034, Lines 2
Match: Event 307542176, Lines 2
Match: Event 307542458, Lines 2
Match: Event 307543121, Lines 2
Match: Event 307543367, Lines 2
Match: Event 307544850, Lines 2
Match: Event 307546664, Lines 2
Match: Event 307546904, Lines 2
Match: Event 307547481, Lines 2
Match: Event 307548466, Lines 2
[55%] 	 17,182/31,240 	 04:08:06
Match: Event 307552398, Lines 2
Match: Event 307552436, Lines 2
Match: Event 307552573, Lines 2
Match: Event 307553011, Lines 2
Match: Event 307554363, Lines 2
Match: Event 307554528, Lines 2
Match: Event 307554630, Lines 2
Match: Event 307556929, Lines 2
Match: Event 307557328, Lines 2
Match: Event 307557942, Lines 2
Match: Event 307558061, Lines 2
Match: Event 307558605, Lines 2
Match: Event 307559250, Lines 3
Match: Event 307559757, Lines 2
Match: Event 307561231, Lines 3
Match: Event 307561856, Lines 2
Match: Event 307562191, Lines 2
[56%] 	 17,495/31,240 	 04:13:37
Match: Event 307562386, Lines 2
Match: Event 307562935, Lines 2
Match: Event 307563090, Lines 2
Match: Event 307567399, Lines 2
Match: Event 307567578, Lines 2
Match: Event 307567757, Lines 2
Match: Event 307569667, Lines 2
Match: Event 307570282, Lines 2
Match: Event 307571947, Lines 2
[57%] 	 17,807/31,240 	 04:18:16
Match: Event 307573498, Lines 2
Match: Event 307574865, Lines 2
Match: Event 307575467, Lines 2
Match: Event 307575683, Lines 2
Match: Event 307575917, Lines 2
Match: Event 307576270, Lines 3
Match: Event 307576369, Lines 3
Match: Event 307576449, Lines 2
Match: Event 307578211, Lines 2
Match: Event 307579370, Lines 2
Match: Event 307581355, Lines 2
Match: Event 307581649, Lines 2
Match: Event 307582227, Lines 2
[58%] 	 18,120/31,240 	 04:22:38
Match: Event 307582613, Lines 2
Match: Event 307583110, Lines 2
Match: Event 307583465, Lines 2
Match: Event 307583998, Lines 2
Match: Event 307584050, Lines 2
Match: Event 307585407, Lines 2
Match: Event 307586300, Lines 2
Match: Event 307586535, Lines 2
Match: Event 307587426, Lines 2
Match: Event 307588566, Lines 2
Match: Event 307589300, Lines 2
Match: Event 307589646, Lines 2
Match: Event 307589763, Lines 2
Match: Event 307590000, Lines 2
Match: Event 307590349, Lines 2
Match: Event 307590834, Lines 2
Match: Event 307592469, Lines 2
Match: Event 307592704, Lines 2
[59%] 	 18,432/31,240 	 04:26:07
Match: Event 307592964, Lines 2
Match: Event 307595077, Lines 2
Match: Event 307597732, Lines 3
Match: Event 307598867, Lines 2
Match: Event 307598884, Lines 2
Match: Event 307599000, Lines 2
Match: Event 307599538, Lines 2
Match: Event 307601507, Lines 2
Match: Event 307602214, Lines 2
Match: Event 307602773, Lines 2
Match: Event 307602900, Lines 2
Match: Event 307602938, Lines 2
Match: Event 307603135, Lines 2
[60%] 	 18,744/31,240 	 04:29:31
Match: Event 307603938, Lines 2
Match: Event 307605086, Lines 2
Match: Event 307606251, Lines 2
Match: Event 307606614, Lines 2
Match: Event 307606649, Lines 2
Match: Event 307606808, Lines 2
Match: Event 307607435, Lines 2
Match: Event 307607884, Lines 2
Match: Event 307608315, Lines 2
Match: Event 307609645, Lines 2
Match: Event 307610053, Lines 2
Match: Event 307610387, Lines 2
Match: Event 307610557, Lines 3
Match: Event 307610574, Lines 2
Match: Event 307611095, Lines 2
Match: Event 307611134, Lines 2
Match: Event 307612622, Lines 2
Match: Event 307612674, Lines 3
Match: Event 307613582, Lines 2
Match: Event 307613699, Lines 2
Match: Event 307613819, Lines 2
[61%] 	 19,057/31,240 	 04:32:56
Match: Event 307614987, Lines 3
Match: Event 307615677, Lines 2
Match: Event 307616769, Lines 2
Match: Event 307618770, Lines 3
Match: Event 307619740, Lines 2
Match: Event 307619913, Lines 2
Match: Event 307620485, Lines 2
Match: Event 307621556, Lines 2
Match: Event 307621600, Lines 2
Match: Event 307621969, Lines 3
Match: Event 307622216, Lines 2
Match: Event 307623004, Lines 2
[62%] 	 19,369/31,240 	 04:36:15
Match: Event 307623491, Lines 3
Match: Event 307624513, Lines 2
Match: Event 307625128, Lines 2
Match: Event 307625921, Lines 2
Match: Event 307626835, Lines 2
Match: Event 307627344, Lines 2
Match: Event 307628134, Lines 2
Match: Event 307628229, Lines 3
Match: Event 307629180, Lines 2
Match: Event 307629756, Lines 2
Match: Event 307630175, Lines 2
Match: Event 307630230, Lines 2
Match: Event 307632166, Lines 2
[63%] 	 19,682/31,240 	 04:39:38
Match: Event 307635592, Lines 2
Match: Event 307636153, Lines 2
Match: Event 307636192, Lines 2
Match: Event 307636229, Lines 2
Match: Event 307636767, Lines 2
Match: Event 307638624, Lines 2
Match: Event 307639121, Lines 2
Match: Event 307640080, Lines 2
Match: Event 307640290, Lines 2
Match: Event 307640579, Lines 2
Match: Event 307640590, Lines 2
Match: Event 307641574, Lines 2
Match: Event 307641730, Lines 2
Match: Event 307642001, Lines 2
Match: Event 307642380, Lines 2
Match: Event 307642423, Lines 2
Match: Event 307642839, Lines 2
Match: Event 307643446, Lines 2
Match: Event 307643806, Lines 2
[64%] 	 19,994/31,240 	 04:43:07
Match: Event 307644198, Lines 2
Match: Event 307644418, Lines 2
Match: Event 307646057, Lines 2
Match: Event 307648198, Lines 2
Match: Event 307649454, Lines 2
Match: Event 307650107, Lines 2
Match: Event 307650308, Lines 2
Match: Event 307652119, Lines 2
Match: Event 307652542, Lines 2
Match: Event 307652575, Lines 2
Match: Event 307652617, Lines 2
Match: Event 307652811, Lines 3
Match: Event 307652890, Lines 2
Match: Event 307653150, Lines 2
[65%] 	 20,306/31,240 	 04:46:23
Match: Event 307654038, Lines 2
Match: Event 307654302, Lines 2
Match: Event 307654736, Lines 2
Match: Event 307655215, Lines 2
Match: Event 307655609, Lines 2
Match: Event 307656957, Lines 2
Match: Event 307656962, Lines 2
Match: Event 307658581, Lines 2
Match: Event 307658629, Lines 2
Match: Event 307658899, Lines 2
Match: Event 307659192, Lines 2
Match: Event 307659952, Lines 2
Match: Event 307660391, Lines 2
Match: Event 307660602, Lines 2
Match: Event 307661821, Lines 2
Match: Event 307662069, Lines 2
Match: Event 307662100, Lines 2
[66%] 	 20,619/31,240 	 04:49:51
Match: Event 307665291, Lines 2
Match: Event 307665418, Lines 2
Match: Event 307666275, Lines 2
Match: Event 307666920, Lines 2
Match: Event 307668313, Lines 2
Match: Event 307669569, Lines 3
Match: Event 307669987, Lines 2
Match: Event 307671364, Lines 2
Match: Event 307671629, Lines 2
Match: Event 307672192, Lines 2
Match: Event 307672407, Lines 2
[67%] 	 20,931/31,240 	 04:53:26
Match: Event 307673374, Lines 2
Match: Event 307675403, Lines 2
Match: Event 307675757, Lines 3
Match: Event 307677262, Lines 2
Match: Event 307677638, Lines 2
Match: Event 307678414, Lines 2
Match: Event 307678429, Lines 2
Match: Event 307680447, Lines 2
Match: Event 307680852, Lines 2
Match: Event 307681765, Lines 2
Match: Event 307682653, Lines 2
Match: Event 307683293, Lines 2
[68%] 	 21,244/31,240 	 04:57:00
Match: Event 307683845, Lines 2
Match: Event 307684321, Lines 2
Match: Event 307685026, Lines 2
Match: Event 307686009, Lines 2
Match: Event 307687276, Lines 2
Match: Event 307687732, Lines 2
Match: Event 307687771, Lines 2
Match: Event 307687841, Lines 2
Match: Event 307687998, Lines 2
Match: Event 307688561, Lines 2
Match: Event 307688859, Lines 2
Match: Event 307690078, Lines 2
Match: Event 307690229, Lines 2
Match: Event 307690250, Lines 2
Match: Event 307690305, Lines 3
Match: Event 307690416, Lines 2
Match: Event 307690693, Lines 2
Match: Event 307692230, Lines 2
[69%] 	 21,556/31,240 	 05:00:16
Match: Event 307692866, Lines 2
Match: Event 307693454, Lines 2
Match: Event 307693818, Lines 2
Match: Event 307694116, Lines 3
Match: Event 307695954, Lines 2
Match: Event 307696878, Lines 2
Match: Event 307697510, Lines 2
Match: Event 307698612, Lines 2
Match: Event 307698851, Lines 2
Match: Event 307699432, Lines 2
Match: Event 307699943, Lines 2
Match: Event 307700012, Lines 2
Match: Event 307700255, Lines 2
Match: Event 307700301, Lines 2
Match: Event 307700543, Lines 2
Match: Event 307700621, Lines 2
Match: Event 307701634, Lines 2
Match: Event 307701713, Lines 2
Match: Event 307702054, Lines 2
[70%] 	 21,868/31,240 	 05:03:26
Match: Event 307704655, Lines 3
Match: Event 307704692, Lines 2
Match: Event 307705266, Lines 2
Match: Event 307705799, Lines 2
Match: Event 307708572, Lines 2
Match: Event 307708743, Lines 2
Match: Event 307710054, Lines 3
Match: Event 307710341, Lines 2
Match: Event 307710659, Lines 2
Match: Event 307711002, Lines 2
[71%] 	 22,181/31,240 	 05:06:29
Match: Event 307711753, Lines 2
Match: Event 307712229, Lines 2
Match: Event 307712719, Lines 2
Match: Event 307713080, Lines 3
Match: Event 307713789, Lines 2
Match: Event 307714019, Lines 2
Match: Event 307714670, Lines 2
Match: Event 307716317, Lines 2
Match: Event 307716795, Lines 2
Match: Event 307716826, Lines 2
Match: Event 307716985, Lines 2
Match: Event 307717320, Lines 2
Match: Event 307717441, Lines 2
Match: Event 307717709, Lines 2
Match: Event 307718694, Lines 3
Match: Event 307718864, Lines 2
Match: Event 307719092, Lines 2
Match: Event 307719755, Lines 2
Match: Event 307720281, Lines 2
Match: Event 307720784, Lines 3
[72%] 	 22,493/31,240 	 05:09:30
Match: Event 307721239, Lines 2
Match: Event 307721523, Lines 2
Match: Event 307721581, Lines 2
Match: Event 307721743, Lines 2
Match: Event 307722410, Lines 2
Match: Event 307723816, Lines 3
Match: Event 307724097, Lines 2
Match: Event 307724951, Lines 2
Match: Event 307725269, Lines 2
Match: Event 307726558, Lines 2
Match: Event 307726828, Lines 2
Match: Event 307727779, Lines 2
Match: Event 307728461, Lines 2
Match: Event 307729304, Lines 2
Match: Event 307729334, Lines 2
Match: Event 307729980, Lines 2
Match: Event 307730008, Lines 2
Match: Event 307730821, Lines 2
Match: Event 307731139, Lines 2
[73%] 	 22,806/31,240 	 05:12:38
Match: Event 307732084, Lines 2
Match: Event 307733248, Lines 2
Match: Event 307733284, Lines 2
Match: Event 307734238, Lines 2
Match: Event 307734659, Lines 2
Match: Event 307735612, Lines 2
Match: Event 307735656, Lines 2
Match: Event 307735875, Lines 2
Match: Event 307735931, Lines 2
Match: Event 307736026, Lines 2
Match: Event 307736261, Lines 2
Match: Event 307736744, Lines 2
Match: Event 307737712, Lines 2
Match: Event 307738916, Lines 2
Match: Event 307740042, Lines 2
[74%] 	 23,118/31,240 	 05:16:01
Match: Event 307742570, Lines 2
Match: Event 307743047, Lines 3
Match: Event 307743071, Lines 2
Match: Event 307743400, Lines 2
Match: Event 307744331, Lines 2
Match: Event 307744881, Lines 2
Match: Event 307745223, Lines 2
Match: Event 307746805, Lines 2
[75%] 	 23,430/31,240 	 05:19:10
Match: Event 307752797, Lines 2
Match: Event 307755092, Lines 2
Match: Event 307755663, Lines 2
Match: Event 307757691, Lines 2
Match: Event 307758406, Lines 2
Match: Event 307758672, Lines 2
Match: Event 307759703, Lines 2
Match: Event 307759983, Lines 2
[76%] 	 23,743/31,240 	 05:22:21
Match: Event 307760774, Lines 2
Match: Event 307761203, Lines 2
Match: Event 307762591, Lines 2
Match: Event 307762886, Lines 2
Match: Event 307764066, Lines 2
Match: Event 307764542, Lines 2
Match: Event 307765747, Lines 2
Match: Event 307767544, Lines 3
Match: Event 307767566, Lines 2
Match: Event 307768982, Lines 2
Match: Event 307769200, Lines 3
Match: Event 307769732, Lines 2
Match: Event 307769907, Lines 2
[77%] 	 24,055/31,240 	 05:27:24
Match: Event 307771900, Lines 2
Match: Event 307772594, Lines 2
Match: Event 307773691, Lines 2
Match: Event 307773799, Lines 2
Match: Event 307774972, Lines 2
Match: Event 307775401, Lines 2
Match: Event 307776472, Lines 2
Match: Event 307776774, Lines 2
[78%] 	 24,368/31,240 	 05:31:29
Match: Event 307780898, Lines 2
Match: Event 307781162, Lines 2
Match: Event 307782383, Lines 2
Match: Event 307782741, Lines 2
Match: Event 307783428, Lines 2
Match: Event 307784006, Lines 2
Match: Event 307784446, Lines 2
Match: Event 307784958, Lines 2
Match: Event 307785413, Lines 2
Match: Event 307786714, Lines 2
Match: Event 307788766, Lines 2
Match: Event 307789452, Lines 2
Match: Event 307789696, Lines 2
Match: Event 307790132, Lines 2
Match: Event 307790168, Lines 2
[79%] 	 24,680/31,240 	 05:35:07
Match: Event 307791940, Lines 2
Match: Event 307792318, Lines 2
Match: Event 307792418, Lines 2
Match: Event 307793119, Lines 2
Match: Event 307795778, Lines 2
Match: Event 307795938, Lines 2
Match: Event 307796899, Lines 2
Match: Event 307797019, Lines 2
Match: Event 307797447, Lines 2
Match: Event 307797638, Lines 2
Match: Event 307798297, Lines 2
Match: Event 307799515, Lines 2
Match: Event 307799751, Lines 2
Match: Event 307800218, Lines 2
Match: Event 307800250, Lines 2
Match: Event 307800886, Lines 2
[80%] 	 24,992/31,240 	 05:38:43
Match: Event 307802352, Lines 2
Match: Event 307803730, Lines 2
Match: Event 307805580, Lines 2
Match: Event 307806032, Lines 2
Match: Event 307806052, Lines 2
Match: Event 307807266, Lines 2
Match: Event 307807659, Lines 2
Match: Event 307808068, Lines 2
Match: Event 307808197, Lines 3
Match: Event 307808954, Lines 2
Match: Event 307809239, Lines 3
Match: Event 307809769, Lines 2
Match: Event 307809829, Lines 2
Match: Event 307809871, Lines 2
Match: Event 307810736, Lines 2
Match: Event 307811007, Lines 2
Match: Event 307811094, Lines 2
Match: Event 307811199, Lines 2
[81%] 	 25,305/31,240 	 05:42:10
Match: Event 307811249, Lines 2
Match: Event 307812283, Lines 2
Match: Event 307812563, Lines 2
Match: Event 307812626, Lines 2
Match: Event 307814161, Lines 2
Match: Event 307815436, Lines 2
Match: Event 307817068, Lines 2
Match: Event 307817569, Lines 2
Match: Event 307817784, Lines 2
Match: Event 307818708, Lines 2
Match: Event 307819459, Lines 2
Match: Event 307819959, Lines 2
Match: Event 307820512, Lines 3
Match: Event 307820616, Lines 2
Match: Event 307820898, Lines 2
[82%] 	 25,617/31,240 	 05:46:56
Match: Event 307821883, Lines 2
Match: Event 307821939, Lines 2
Match: Event 307822556, Lines 2
Match: Event 307823350, Lines 2
Match: Event 307823658, Lines 2
Match: Event 307825354, Lines 2
Match: Event 307825451, Lines 2
Match: Event 307826001, Lines 2
Match: Event 307826411, Lines 2
Match: Event 307827718, Lines 2
Match: Event 307828266, Lines 2
Match: Event 307829167, Lines 2
Match: Event 307829225, Lines 2
Match: Event 307829779, Lines 3
Match: Event 307830269, Lines 2
Match: Event 307830507, Lines 2
[83%] 	 25,930/31,240 	 05:51:58
Match: Event 307831043, Lines 2
Match: Event 307833032, Lines 2
Match: Event 307835647, Lines 2
Match: Event 307836841, Lines 2
Match: Event 307838808, Lines 2
Match: Event 307839969, Lines 2
Match: Event 307840472, Lines 2
Match: Event 307841364, Lines 2
[84%] 	 26,242/31,240 	 05:55:49
Match: Event 307841781, Lines 2
Match: Event 307842730, Lines 2
Match: Event 307843542, Lines 2
Match: Event 307843893, Lines 2
Match: Event 307844163, Lines 3
Match: Event 307845130, Lines 2
Match: Event 307845860, Lines 2
Match: Event 307846077, Lines 2
Match: Event 307846121, Lines 2
Match: Event 307846137, Lines 2
Match: Event 307846647, Lines 2
Match: Event 307848504, Lines 2
Match: Event 307848689, Lines 2
Match: Event 307848942, Lines 2
Match: Event 307849440, Lines 2
Match: Event 307849891, Lines 2
Match: Event 307850592, Lines 2
Match: Event 307850753, Lines 2
[85%] 	 26,554/31,240 	 05:59:57
Match: Event 307851429, Lines 2
Match: Event 307851690, Lines 2
Match: Event 307852127, Lines 2
Match: Event 307852473, Lines 2
Match: Event 307853070, Lines 2
Match: Event 307855547, Lines 2
Match: Event 307856807, Lines 2
Match: Event 307857135, Lines 2
Match: Event 307857550, Lines 2
Match: Event 307858459, Lines 2
Match: Event 307858544, Lines 2
Match: Event 307860541, Lines 2
Match: Event 307861273, Lines 2
Match: Event 307861316, Lines 2
[86%] 	 26,867/31,240 	 06:03:58
Match: Event 307861694, Lines 2
Match: Event 307863440, Lines 2
Match: Event 307864588, Lines 2
Match: Event 307865407, Lines 2
Match: Event 307865814, Lines 2
Match: Event 307866340, Lines 2
Match: Event 307866355, Lines 2
Match: Event 307866790, Lines 2
Match: Event 307867566, Lines 2
Match: Event 307867596, Lines 2
Match: Event 307868083, Lines 2
Match: Event 307868430, Lines 2
Match: Event 307869861, Lines 3
Match: Event 307870192, Lines 2
Match: Event 307870647, Lines 2
[87%] 	 27,179/31,240 	 06:07:24
Match: Event 307871105, Lines 2
Match: Event 307871120, Lines 2
Match: Event 307871372, Lines 2
Match: Event 307873133, Lines 2
Match: Event 307873346, Lines 2
Match: Event 307873817, Lines 2
Match: Event 307873831, Lines 2
Match: Event 307873944, Lines 2
Match: Event 307874488, Lines 2
Match: Event 307874993, Lines 2
Match: Event 307875838, Lines 2
Match: Event 307876364, Lines 2
Match: Event 307876575, Lines 2
Match: Event 307876811, Lines 2
Match: Event 307878534, Lines 2
Match: Event 307879363, Lines 2
[88%] 	 27,492/31,240 	 06:12:33
Match: Event 307881489, Lines 2
Match: Event 307881804, Lines 2
Match: Event 307882112, Lines 2
Match: Event 307883887, Lines 2
Match: Event 307885129, Lines 2
Match: Event 307885594, Lines 2
Match: Event 307885732, Lines 2
Match: Event 307886124, Lines 2
Match: Event 307886297, Lines 2
Match: Event 307887089, Lines 2
Match: Event 307887334, Lines 2
Match: Event 307887713, Lines 2
Match: Event 307887792, Lines 2
Match: Event 307888246, Lines 2
Match: Event 307888789, Lines 2
Match: Event 307889051, Lines 2
Match: Event 307889831, Lines 2
Match: Event 307890011, Lines 2
Match: Event 307890038, Lines 2
Match: Event 307890245, Lines 2
[89%] 	 27,804/31,240 	 06:18:42
Match: Event 307890843, Lines 2
Match: Event 307891394, Lines 2
Match: Event 307894250, Lines 2
Match: Event 307894936, Lines 2
Match: Event 307896176, Lines 2
Match: Event 307896184, Lines 2
Match: Event 307896186, Lines 2
Match: Event 307896803, Lines 2
Match: Event 307897301, Lines 3
Match: Event 307897854, Lines 2
Match: Event 307898517, Lines 2
Match: Event 307900376, Lines 2
[90%] 	 28,116/31,240 	 06:25:15
Match: Event 307904077, Lines 2
Match: Event 307904548, Lines 2
Match: Event 307904984, Lines 2
Match: Event 307905193, Lines 2
Match: Event 307905994, Lines 2
Match: Event 307906446, Lines 2
Match: Event 307907541, Lines 2
Match: Event 307907676, Lines 2
Match: Event 307909210, Lines 2
Match: Event 307910733, Lines 2
Match: Event 307910735, Lines 2
Match: Event 307911002, Lines 2
Match: Event 307911166, Lines 2
[91%] 	 28,429/31,240 	 06:31:08
Match: Event 307913695, Lines 2
Match: Event 307915551, Lines 2
Match: Event 307915963, Lines 2
Match: Event 307916138, Lines 2
Match: Event 307916685, Lines 2
Match: Event 307917034, Lines 2
Match: Event 307917847, Lines 2
Match: Event 307918245, Lines 2
Match: Event 307918443, Lines 2
Match: Event 307918772, Lines 2
Match: Event 307919443, Lines 2
Match: Event 307919630, Lines 2
Match: Event 307920090, Lines 2
Match: Event 307920404, Lines 2
Match: Event 307920591, Lines 2
Match: Event 307921387, Lines 2
[92%] 	 28,741/31,240 	 06:36:16
Match: Event 307922253, Lines 2
Match: Event 307922271, Lines 2
Match: Event 307923070, Lines 2
Match: Event 307923318, Lines 2
Match: Event 307923654, Lines 2
Match: Event 307924318, Lines 2
Match: Event 307924948, Lines 2
Match: Event 307926397, Lines 2
Match: Event 307926499, Lines 2
Match: Event 307927396, Lines 2
Match: Event 307927595, Lines 2
Match: Event 307927724, Lines 2
Match: Event 307928444, Lines 2
Match: Event 307929575, Lines 2
Match: Event 307930459, Lines 2
Match: Event 307931223, Lines 2
Match: Event 307931464, Lines 2
[93%] 	 29,054/31,240 	 06:41:25
Match: Event 307933220, Lines 2
Match: Event 307933374, Lines 2
Match: Event 307933447, Lines 2
Match: Event 307933572, Lines 2
Match: Event 307933842, Lines 2
Match: Event 307934998, Lines 2
Match: Event 307935865, Lines 2
Match: Event 307936926, Lines 2
Match: Event 307936929, Lines 2
Match: Event 307936933, Lines 2
Match: Event 307937733, Lines 2
Match: Event 307937905, Lines 2
Match: Event 307937967, Lines 2
Match: Event 307938238, Lines 3
Match: Event 307938320, Lines 2
Match: Event 307938326, Lines 2
Match: Event 307938505, Lines 2
Match: Event 307939779, Lines 2
Match: Event 307939871, Lines 2
Match: Event 307940054, Lines 2
Match: Event 307940483, Lines 2
Match: Event 307940679, Lines 2
[94%] 	 29,366/31,240 	 06:46:15
Match: Event 307942177, Lines 2
Match: Event 307942901, Lines 2
Match: Event 307943790, Lines 2
Match: Event 307944225, Lines 2
Match: Event 307944310, Lines 2
Match: Event 307944399, Lines 2
Match: Event 307945682, Lines 2
Match: Event 307947312, Lines 2
Match: Event 307947352, Lines 2
Match: Event 307948774, Lines 2
Match: Event 307950413, Lines 2
Match: Event 307950592, Lines 2
Match: Event 307950670, Lines 2
Match: Event 307950767, Lines 2
Match: Event 307950887, Lines 2
Match: Event 307951457, Lines 2
[95%] 	 29,678/31,240 	 06:51:17
Match: Event 307952626, Lines 2
Match: Event 307952954, Lines 2
Match: Event 307953049, Lines 2
Match: Event 307953558, Lines 2
Match: Event 307955254, Lines 2
Match: Event 307955535, Lines 2
Match: Event 307956632, Lines 2
Match: Event 307956728, Lines 2
Match: Event 307956737, Lines 2
Match: Event 307957654, Lines 2
Match: Event 307959149, Lines 2
Match: Event 307960269, Lines 2
Match: Event 307960713, Lines 2
[96%] 	 29,991/31,240 	 06:55:45
Match: Event 307963173, Lines 2
Match: Event 307963526, Lines 2
Match: Event 307963749, Lines 2
Match: Event 307964731, Lines 2
Match: Event 307965118, Lines 2
Match: Event 307965215, Lines 2
Match: Event 307965435, Lines 2
Match: Event 307965490, Lines 2
Match: Event 307965943, Lines 2
Match: Event 307966604, Lines 2
Match: Event 307966932, Lines 2
Match: Event 307967012, Lines 2
Match: Event 307969134, Lines 2
Match: Event 307969229, Lines 2
Match: Event 307969499, Lines 2
Match: Event 307969879, Lines 2
[97%] 	 30,303/31,240 	 06:59:57
Match: Event 307970521, Lines 2
Match: Event 307972289, Lines 2
Match: Event 307972547, Lines 2
Match: Event 307972702, Lines 2
Match: Event 307974296, Lines 2
Match: Event 307974624, Lines 2
Match: Event 307975822, Lines 2
Match: Event 307977250, Lines 2
Match: Event 307979512, Lines 3
Match: Event 307979528, Lines 2
Match: Event 307979589, Lines 2
[98%] 	 30,616/31,240 	 07:04:15
Match: Event 307981598, Lines 2
Match: Event 307981783, Lines 2
Match: Event 307982644, Lines 2
Match: Event 307983208, Lines 2
Match: Event 307983613, Lines 2
Match: Event 307983874, Lines 2
Match: Event 307983918, Lines 3
Match: Event 307984497, Lines 2
Match: Event 307985919, Lines 2
Match: Event 307986019, Lines 2
Match: Event 307986549, Lines 2
Match: Event 307986568, Lines 2
Match: Event 307987467, Lines 2
Match: Event 307987749, Lines 2
Match: Event 307987900, Lines 2
Match: Event 307989246, Lines 2
Match: Event 307989491, Lines 3
[99%] 	 30,928/31,240 	 07:08:26
Match: Event 307990514, Lines 2
Match: Event 307991876, Lines 2
Match: Event 307992082, Lines 2
Match: Event 307992253, Lines 2
Match: Event 307992938, Lines 2
Match: Event 307993086, Lines 3
Match: Event 307993613, Lines 2
Match: Event 307994162, Lines 2
Match: Event 307995809, Lines 2
Match: Event 307996182, Lines 3
Match: Event 307996327, Lines 2
Match: Event 307997198, Lines 2
Match: Event 307998587, Lines 2
Match: Event 307999535, Lines 2
Match: Event 307999728, Lines 2
Match: Event 307999934, Lines 2
Finished in 26017.30s.
 ~ 5) DONE !
