search libraries in slc9_x86-64
 ~ 1) Base stack loaded.
 ~ Sleeping for 50 seconds to avoid AFS DDOS...
 ~ 2) Loading sndsw environment...
 ~ 3) SNDSW_ROOT is set to: /afs/cern.ch/user/i/idioniso/snd_master/sw-root6.28/rhel9_x86-64/sndsw/master-local1
 ~ 4) Executing tracking script...
[INFO] The input consists out of the following trees and files: 
[INFO]  - rawConv
[INFO]     - root://eoshome-i.cern.ch//eos/user/i/idioniso/tridents/initial_cuts/tridents_sndsw_raw-0004.root
[INFO] FairRootFileSink initialized.
[INFO]  - cbmout
[INFO]     - dummy
[INFO] Parameter and input file are available, Assure that basic info is there for the run!
[INFO] ---FairRootManager::SpecifyRunId --- 
[INFO] --- Initialize with RunId  --- 0

************************************************************* 
     initialisation for run id 0
************************************************************* 
-I- FairRunTimeDB::InitContainer() FairBaseParSet
-I- FairRunTimeDB::InitContainer() FairGeoParSet

************************************************************* 
     initialisation for run id 0
************************************************************* 
-I- FairRunTimeDB::InitContainer() FairBaseParSet
-I- FairRunTimeDB::InitContainer() FairGeoParSet
[INFO]  Branch: Reco_MuonTracks not found in Tree.
using geofile: root://eospublic.cern.ch//eos/experiment/sndlhc/convertedData/physics/2023/geofile_sndlhc_TI18_V3_2023.root
[0%] 	 0/28,379 	 00:00:38
[1%] 	 284/28,379 	 00:04:30
Match: Event 4015015, Lines 2
[2%] 	 568/28,379 	 00:08:19
[3%] 	 852/28,379 	 00:12:02
Match: Event 4036907, Lines 2
Match: Event 4042748, Lines 2
[4%] 	 1,136/28,379 	 00:15:46
[5%] 	 1,419/28,379 	 00:19:25
[6%] 	 1,703/28,379 	 00:23:04
[7%] 	 1,987/28,379 	 00:26:40
Match: Event 4078454, Lines 2
[8%] 	 2,271/28,379 	 00:29:55
[9%] 	 2,555/28,379 	 00:33:26
[10%] 	 2,838/28,379 	 00:37:06
[11%] 	 3,122/28,379 	 00:40:34
Match: Event 4115358, Lines 2
[12%] 	 3,406/28,379 	 00:43:19
Match: Event 4123174, Lines 2
[13%] 	 3,690/28,379 	 00:46:05
Match: Event 4129953, Lines 2
[14%] 	 3,974/28,379 	 00:49:20
[15%] 	 4,257/28,379 	 00:52:19
[16%] 	 4,541/28,379 	 00:54:59
Match: Event 4159978, Lines 2
[17%] 	 4,825/28,379 	 00:57:43
[18%] 	 5,109/28,379 	 01:00:48
[19%] 	 5,393/28,379 	 01:03:47
[20%] 	 5,676/28,379 	 01:07:10
Match: Event 4197572, Lines 2
[21%] 	 5,960/28,379 	 01:10:23
[22%] 	 6,244/28,379 	 01:13:35
[23%] 	 6,528/28,379 	 01:17:06
[24%] 	 6,811/28,379 	 01:20:19
Match: Event 4238557, Lines 2
[25%] 	 7,095/28,379 	 01:23:30
Match: Event 4241956, Lines 2
[26%] 	 7,379/28,379 	 01:27:04
[27%] 	 7,663/28,379 	 01:30:40
Match: Event 4264364, Lines 2
Match: Event 4266504, Lines 2
[28%] 	 7,947/28,379 	 01:34:50
[29%] 	 8,230/28,379 	 01:38:28
Match: Event 4311080, Lines 2
[30%] 	 8,514/28,379 	 01:42:27
Match: Event 4313834, Lines 2
Match: Event 4317167, Lines 2
[31%] 	 8,798/28,379 	 01:46:34
Match: Event 4321667, Lines 2
[32%] 	 9,082/28,379 	 01:50:27
[33%] 	 9,366/28,379 	 01:54:21
[34%] 	 9,649/28,379 	 01:57:12
Match: Event 4354129, Lines 2
[35%] 	 9,933/28,379 	 02:00:33
Match: Event 4362611, Lines 2
[36%] 	 10,217/28,379 	 02:04:27
[37%] 	 10,501/28,379 	 02:08:18
[38%] 	 10,785/28,379 	 02:12:13
[39%] 	 11,068/28,379 	 02:15:54
[40%] 	 11,352/28,379 	 02:19:52
[41%] 	 11,636/28,379 	 02:23:49
Match: Event 4433432, Lines 2
[42%] 	 11,920/28,379 	 02:27:36
Match: Event 4440406, Lines 2
[43%] 	 12,203/28,379 	 02:30:59
[44%] 	 12,487/28,379 	 02:34:27
Match: Event 4459508, Lines 2
[45%] 	 12,771/28,379 	 02:37:55
[46%] 	 13,055/28,379 	 02:41:36
[47%] 	 13,339/28,379 	 02:45:14
[48%] 	 13,622/28,379 	 02:48:59
[49%] 	 13,906/28,379 	 02:52:03
[50%] 	 14,190/28,379 	 02:55:51
Match: Event 4520611, Lines 2
Match: Event 4522458, Lines 2
[51%] 	 14,474/28,379 	 02:59:36
[52%] 	 14,758/28,379 	 03:03:10
Match: Event 4539095, Lines 2
Match: Event 4541848, Lines 2
[53%] 	 15,041/28,379 	 03:06:06
[54%] 	 15,325/28,379 	 03:09:23
[55%] 	 15,609/28,379 	 03:12:56
Match: Event 4561592, Lines 2
[56%] 	 15,893/28,379 	 03:16:31
Match: Event 4568978, Lines 2
[57%] 	 16,177/28,379 	 03:19:42
[58%] 	 16,460/28,379 	 03:22:33
[59%] 	 16,744/28,379 	 03:25:22
[60%] 	 17,028/28,379 	 03:29:25
Match: Event 4611374, Lines 2
[61%] 	 17,312/28,379 	 03:33:29
[62%] 	 17,595/28,379 	 03:37:06
[63%] 	 17,879/28,379 	 03:41:08
[64%] 	 18,163/28,379 	 03:44:25
[65%] 	 18,447/28,379 	 03:47:42
[66%] 	 18,731/28,379 	 03:51:19
Match: Event 4664854, Lines 2
Match: Event 4667620, Lines 2
[67%] 	 19,014/28,379 	 03:54:45
[68%] 	 19,298/28,379 	 03:58:40
Match: Event 4690693, Lines 2
Match: Event 4693301, Lines 2
[69%] 	 19,582/28,379 	 04:02:27
Match: Event 4704068, Lines 2
[70%] 	 19,866/28,379 	 04:06:21
Match: Event 4721243, Lines 2
Match: Event 4724765, Lines 2
[71%] 	 20,150/28,379 	 04:09:54
[72%] 	 20,433/28,379 	 04:13:17
[73%] 	 20,717/28,379 	 04:17:02
[74%] 	 21,001/28,379 	 04:19:54
[75%] 	 21,285/28,379 	 04:23:02
[76%] 	 21,569/28,379 	 04:26:13
Match: Event 4783297, Lines 2
Match: Event 4788934, Lines 2
[77%] 	 21,852/28,379 	 04:29:47
Match: Event 4791327, Lines 2
[78%] 	 22,136/28,379 	 04:34:02
Match: Event 4802665, Lines 2
[79%] 	 22,420/28,379 	 04:37:18
[80%] 	 22,704/28,379 	 04:40:54
[81%] 	 22,987/28,379 	 04:44:34
[82%] 	 23,271/28,379 	 04:48:14
[83%] 	 23,555/28,379 	 04:51:49
[84%] 	 23,839/28,379 	 04:55:17
[85%] 	 24,123/28,379 	 04:59:44
Match: Event 4867256, Lines 2
Match: Event 4868566, Lines 2
[86%] 	 24,406/28,379 	 05:03:53
[87%] 	 24,690/28,379 	 05:08:08
Match: Event 4888493, Lines 2
[88%] 	 24,974/28,379 	 05:12:34
Match: Event 4892289, Lines 2
Match: Event 4894752, Lines 2
[89%] 	 25,258/28,379 	 05:17:05
[90%] 	 25,542/28,379 	 05:21:24
[91%] 	 25,825/28,379 	 05:25:40
[92%] 	 26,109/28,379 	 05:30:04
[93%] 	 26,393/28,379 	 05:33:39
Match: Event 4940538, Lines 2
[94%] 	 26,677/28,379 	 05:37:23
[95%] 	 26,961/28,379 	 05:40:47
[96%] 	 27,244/28,379 	 05:44:59
[97%] 	 27,528/28,379 	 05:48:45
Match: Event 4978618, Lines 2
[98%] 	 27,812/28,379 	 05:51:48
[99%] 	 28,096/28,379 	 05:55:12
Finished in 21525.36s.
 ~ 5) DONE !
