search libraries in slc9_x86-64
 ~ 1) Base stack loaded.
 ~ Sleeping for 18 seconds to avoid AFS DDOS...
 ~ 2) Loading sndsw environment...
 ~ 3) SNDSW_ROOT is set to: /afs/cern.ch/user/i/idioniso/snd_master/sw-root6.28/rhel9_x86-64/sndsw/master-local1
 ~ 4) Executing tracking script...
[INFO] The input consists out of the following trees and files: 
[INFO]  - rawConv
[INFO]     - root://eoshome-i.cern.ch//eos/user/i/idioniso/tridents/initial_cuts/tridents_sndsw_raw-0333.root
[INFO] FairRootFileSink initialized.
[INFO]  - cbmout
[INFO]     - dummy
[INFO] Parameter and input file are available, Assure that basic info is there for the run!
[INFO] ---FairRootManager::SpecifyRunId --- 
[INFO] --- Initialize with RunId  --- 0

************************************************************* 
     initialisation for run id 0
************************************************************* 
-I- FairRunTimeDB::InitContainer() FairBaseParSet
-I- FairRunTimeDB::InitContainer() FairGeoParSet

************************************************************* 
     initialisation for run id 0
************************************************************* 
-I- FairRunTimeDB::InitContainer() FairBaseParSet
-I- FairRunTimeDB::InitContainer() FairGeoParSet
[INFO]  Branch: Reco_MuonTracks not found in Tree.
using geofile: root://eospublic.cern.ch//eos/experiment/sndlhc/convertedData/physics/2023/geofile_sndlhc_TI18_V3_2023.root
[0%] 	 0/31,113 	 00:00:42
Match: Event 333000238, Lines 2
Match: Event 333000305, Lines 2
Match: Event 333000633, Lines 2
Match: Event 333001113, Lines 2
Match: Event 333001214, Lines 2
Match: Event 333001859, Lines 2
Match: Event 333002671, Lines 2
Match: Event 333003702, Lines 2
Match: Event 333004293, Lines 2
Match: Event 333005459, Lines 2
Match: Event 333006176, Lines 2
Match: Event 333006735, Lines 2
Match: Event 333008157, Lines 2
Match: Event 333009449, Lines 2
[1%] 	 312/31,113 	 00:06:06
Match: Event 333009896, Lines 2
Match: Event 333009987, Lines 2
Match: Event 333011182, Lines 2
Match: Event 333011672, Lines 2
Match: Event 333013999, Lines 2
Match: Event 333014481, Lines 2
Match: Event 333015641, Lines 2
Match: Event 333015710, Lines 3
Match: Event 333015985, Lines 2
Match: Event 333016776, Lines 2
Match: Event 333017739, Lines 2
Match: Event 333018079, Lines 2
Match: Event 333018653, Lines 2
[2%] 	 623/31,113 	 00:11:19
Match: Event 333019006, Lines 2
Match: Event 333019157, Lines 2
Match: Event 333019230, Lines 2
Match: Event 333020388, Lines 2
Match: Event 333021276, Lines 3
Match: Event 333021720, Lines 2
Match: Event 333022703, Lines 2
Match: Event 333023040, Lines 2
Match: Event 333023498, Lines 2
Match: Event 333024008, Lines 2
Match: Event 333024381, Lines 2
Match: Event 333025080, Lines 2
Match: Event 333025282, Lines 2
Match: Event 333025697, Lines 2
Match: Event 333027734, Lines 2
[3%] 	 934/31,113 	 00:16:47
Match: Event 333029281, Lines 2
Match: Event 333030760, Lines 2
Match: Event 333032071, Lines 2
Match: Event 333032549, Lines 2
Match: Event 333032946, Lines 2
Match: Event 333033634, Lines 3
Match: Event 333034759, Lines 2
Match: Event 333035015, Lines 2
Match: Event 333035433, Lines 2
Match: Event 333035753, Lines 2
Match: Event 333036238, Lines 2
Match: Event 333036785, Lines 2
Match: Event 333036814, Lines 2
[4%] 	 1,245/31,113 	 00:21:52
Match: Event 333038404, Lines 2
Match: Event 333039282, Lines 2
Match: Event 333039618, Lines 3
Match: Event 333039801, Lines 2
Match: Event 333041253, Lines 2
Match: Event 333041523, Lines 2
Match: Event 333041613, Lines 2
Match: Event 333041724, Lines 2
Match: Event 333041867, Lines 2
Match: Event 333042010, Lines 2
Match: Event 333042148, Lines 2
Match: Event 333042368, Lines 2
Match: Event 333042683, Lines 2
Match: Event 333043376, Lines 2
Match: Event 333043601, Lines 2
Match: Event 333043779, Lines 3
Match: Event 333044347, Lines 2
Match: Event 333044569, Lines 2
Match: Event 333044832, Lines 2
Match: Event 333045610, Lines 2
[5%] 	 1,556/31,113 	 00:27:17
Match: Event 333046859, Lines 2
Match: Event 333047120, Lines 2
Match: Event 333047499, Lines 2
Match: Event 333048622, Lines 2
Match: Event 333050318, Lines 2
Match: Event 333050324, Lines 2
Match: Event 333050695, Lines 3
Match: Event 333050744, Lines 3
Match: Event 333052856, Lines 2
Match: Event 333053062, Lines 2
Match: Event 333054105, Lines 2
Match: Event 333054540, Lines 2
Match: Event 333054972, Lines 2
Match: Event 333055439, Lines 2
Match: Event 333055822, Lines 2
Match: Event 333056712, Lines 2
[6%] 	 1,867/31,113 	 00:32:37
Match: Event 333057216, Lines 3
Match: Event 333057636, Lines 2
Match: Event 333058382, Lines 2
Match: Event 333058455, Lines 2
Match: Event 333059294, Lines 3
Match: Event 333059437, Lines 2
Match: Event 333060654, Lines 2
Match: Event 333061559, Lines 2
Match: Event 333061887, Lines 2
Match: Event 333062130, Lines 3
Match: Event 333062237, Lines 2
Match: Event 333062368, Lines 2
Match: Event 333063168, Lines 2
Match: Event 333063778, Lines 2
Match: Event 333063807, Lines 2
Match: Event 333063999, Lines 2
Match: Event 333064521, Lines 2
Match: Event 333064613, Lines 2
Match: Event 333066833, Lines 2
[7%] 	 2,178/31,113 	 00:38:21
Match: Event 333068034, Lines 2
Match: Event 333068320, Lines 2
Match: Event 333068363, Lines 2
Match: Event 333069054, Lines 2
Match: Event 333069514, Lines 2
Match: Event 333070042, Lines 2
Match: Event 333071259, Lines 2
Match: Event 333071875, Lines 2
Match: Event 333072520, Lines 2
Match: Event 333073559, Lines 2
Match: Event 333073776, Lines 2
Match: Event 333074651, Lines 2
Match: Event 333075597, Lines 2
Match: Event 333075620, Lines 2
Match: Event 333075754, Lines 2
Match: Event 333076437, Lines 2
[8%] 	 2,490/31,113 	 00:43:48
Match: Event 333078244, Lines 2
Match: Event 333079235, Lines 2
Match: Event 333079577, Lines 2
Match: Event 333080992, Lines 2
Match: Event 333081054, Lines 2
Match: Event 333081738, Lines 2
Match: Event 333082029, Lines 2
Match: Event 333083139, Lines 2
Match: Event 333083697, Lines 2
Match: Event 333085329, Lines 3
Match: Event 333085902, Lines 2
Match: Event 333086399, Lines 2
Match: Event 333086611, Lines 3
[9%] 	 2,801/31,113 	 00:49:16
Match: Event 333086889, Lines 2
Match: Event 333087288, Lines 2
Match: Event 333087419, Lines 2
Match: Event 333087674, Lines 2
Match: Event 333088072, Lines 2
Match: Event 333088170, Lines 2
Match: Event 333089549, Lines 2
Match: Event 333092023, Lines 2
Match: Event 333092239, Lines 2
Match: Event 333092834, Lines 2
Match: Event 333093394, Lines 2
Match: Event 333095531, Lines 2
Match: Event 333096264, Lines 2
Match: Event 333096363, Lines 2
Match: Event 333097182, Lines 2
[10%] 	 3,112/31,113 	 00:54:46
Match: Event 333098455, Lines 2
Match: Event 333099419, Lines 2
Match: Event 333100241, Lines 2
Match: Event 333100958, Lines 2
Match: Event 333101404, Lines 3
Match: Event 333102106, Lines 2
Match: Event 333102266, Lines 2
Match: Event 333102733, Lines 2
Match: Event 333104068, Lines 2
Match: Event 333104098, Lines 2
Match: Event 333104341, Lines 2
Match: Event 333105406, Lines 2
Match: Event 333107035, Lines 2
Match: Event 333108031, Lines 2
[11%] 	 3,423/31,113 	 00:59:56
Match: Event 333108897, Lines 2
Match: Event 333109014, Lines 2
Match: Event 333109361, Lines 2
Match: Event 333110537, Lines 2
Match: Event 333110859, Lines 2
Match: Event 333111213, Lines 2
Match: Event 333111712, Lines 2
Match: Event 333112349, Lines 2
Match: Event 333113596, Lines 2
Match: Event 333113704, Lines 2
Match: Event 333113807, Lines 2
Match: Event 333114078, Lines 2
Match: Event 333114257, Lines 2
Match: Event 333115588, Lines 2
Match: Event 333116396, Lines 2
Match: Event 333117217, Lines 2
Match: Event 333117443, Lines 2
Match: Event 333117568, Lines 2
Match: Event 333118639, Lines 2
[12%] 	 3,734/31,113 	 01:04:58
Match: Event 333120406, Lines 2
Match: Event 333120410, Lines 2
Match: Event 333121545, Lines 2
Match: Event 333122121, Lines 2
Match: Event 333123050, Lines 2
Match: Event 333123788, Lines 2
Match: Event 333124244, Lines 2
Match: Event 333124697, Lines 2
Match: Event 333126375, Lines 3
Match: Event 333126525, Lines 2
Match: Event 333126643, Lines 2
Match: Event 333127165, Lines 2
Match: Event 333127509, Lines 2
Match: Event 333127563, Lines 2
Match: Event 333127816, Lines 3
[13%] 	 4,045/31,113 	 01:10:42
Match: Event 333129468, Lines 2
Match: Event 333129858, Lines 2
Match: Event 333130555, Lines 2
Match: Event 333130822, Lines 2
Match: Event 333130835, Lines 2
Match: Event 333131685, Lines 2
Match: Event 333132581, Lines 2
Match: Event 333134686, Lines 2
Match: Event 333134795, Lines 2
Match: Event 333135230, Lines 2
Match: Event 333137020, Lines 2
Match: Event 333138752, Lines 2
Match: Event 333139565, Lines 2
[14%] 	 4,356/31,113 	 01:16:10
Match: Event 333141222, Lines 2
Match: Event 333141632, Lines 2
Match: Event 333142468, Lines 2
Match: Event 333142477, Lines 2
Match: Event 333144883, Lines 2
Match: Event 333146010, Lines 2
Match: Event 333147035, Lines 2
Match: Event 333147642, Lines 2
Match: Event 333147651, Lines 2
Match: Event 333148221, Lines 2
Match: Event 333148386, Lines 2
Match: Event 333148590, Lines 2
Match: Event 333149780, Lines 2
[15%] 	 4,667/31,113 	 01:21:35
Match: Event 333150219, Lines 2
Match: Event 333150429, Lines 2
Match: Event 333153373, Lines 2
Match: Event 333153436, Lines 2
Match: Event 333153663, Lines 2
Match: Event 333154825, Lines 2
Match: Event 333155620, Lines 2
Match: Event 333157674, Lines 2
Match: Event 333157707, Lines 2
Match: Event 333158006, Lines 2
Match: Event 333160198, Lines 2
[16%] 	 4,979/31,113 	 01:26:57
Match: Event 333160762, Lines 2
Match: Event 333160883, Lines 2
Match: Event 333161146, Lines 2
Match: Event 333162977, Lines 2
Match: Event 333163128, Lines 2
Match: Event 333163257, Lines 2
Match: Event 333163555, Lines 2
Match: Event 333163960, Lines 2
Match: Event 333165684, Lines 2
Match: Event 333165806, Lines 2
Match: Event 333166770, Lines 2
Match: Event 333167674, Lines 2
Match: Event 333168223, Lines 2
Match: Event 333168384, Lines 2
Match: Event 333170007, Lines 2
Match: Event 333170484, Lines 2
Match: Event 333170637, Lines 2
Match: Event 333170735, Lines 2
[17%] 	 5,290/31,113 	 01:32:46
Match: Event 333171957, Lines 2
Match: Event 333172049, Lines 2
Match: Event 333172222, Lines 3
Match: Event 333172541, Lines 2
Match: Event 333173947, Lines 2
Match: Event 333174441, Lines 2
Match: Event 333174593, Lines 2
Match: Event 333178420, Lines 2
Match: Event 333179153, Lines 2
[18%] 	 5,601/31,113 	 01:37:56
Match: Event 333180736, Lines 2
Match: Event 333182364, Lines 2
Match: Event 333182601, Lines 2
Match: Event 333185082, Lines 2
Match: Event 333185510, Lines 2
Match: Event 333185840, Lines 2
Match: Event 333185935, Lines 2
Match: Event 333186156, Lines 2
Match: Event 333186624, Lines 2
Match: Event 333186726, Lines 2
Match: Event 333186753, Lines 2
Match: Event 333186853, Lines 2
Match: Event 333186995, Lines 2
Match: Event 333187431, Lines 2
Match: Event 333187634, Lines 3
Match: Event 333187758, Lines 2
Match: Event 333188460, Lines 2
Match: Event 333189768, Lines 2
[19%] 	 5,912/31,113 	 01:43:27
Match: Event 333190257, Lines 2
Match: Event 333190707, Lines 2
Match: Event 333192736, Lines 2
Match: Event 333193058, Lines 2
Match: Event 333193498, Lines 2
Match: Event 333193676, Lines 2
Match: Event 333194012, Lines 2
Match: Event 333194014, Lines 2
Match: Event 333194023, Lines 2
Match: Event 333194093, Lines 2
Match: Event 333194163, Lines 2
Match: Event 333195311, Lines 3
Match: Event 333195455, Lines 2
Match: Event 333195981, Lines 3
Match: Event 333196036, Lines 2
Match: Event 333196298, Lines 2
Match: Event 333196445, Lines 2
Match: Event 333196857, Lines 2
Match: Event 333197447, Lines 2
Match: Event 333197500, Lines 2
Match: Event 333197971, Lines 2
Match: Event 333198106, Lines 3
Match: Event 333198134, Lines 3
Match: Event 333198732, Lines 2
[20%] 	 6,223/31,113 	 01:48:45
Match: Event 333199577, Lines 2
Match: Event 333199725, Lines 2
Match: Event 333200588, Lines 2
Match: Event 333200606, Lines 2
Match: Event 333201542, Lines 2
Match: Event 333201918, Lines 2
Match: Event 333203188, Lines 2
Match: Event 333204147, Lines 2
Match: Event 333204765, Lines 2
Match: Event 333205627, Lines 2
Match: Event 333207463, Lines 2
Match: Event 333208539, Lines 2
[21%] 	 6,534/31,113 	 01:54:15
Match: Event 333209314, Lines 3
Match: Event 333209716, Lines 2
Match: Event 333210375, Lines 2
Match: Event 333210699, Lines 2
Match: Event 333210817, Lines 3
Match: Event 333211932, Lines 2
Match: Event 333213769, Lines 2
Match: Event 333215429, Lines 2
Match: Event 333215875, Lines 2
Match: Event 333216923, Lines 2
Match: Event 333217565, Lines 2
Match: Event 333217964, Lines 2
[22%] 	 6,845/31,113 	 01:59:51
Match: Event 333218849, Lines 2
Match: Event 333221899, Lines 2
Match: Event 333222286, Lines 2
Match: Event 333222454, Lines 2
Match: Event 333224082, Lines 2
Match: Event 333224419, Lines 2
Match: Event 333224660, Lines 2
Match: Event 333224970, Lines 2
Match: Event 333225018, Lines 2
Match: Event 333225311, Lines 3
Match: Event 333226774, Lines 2
Match: Event 333227693, Lines 2
Match: Event 333228202, Lines 2
Match: Event 333228224, Lines 2
[23%] 	 7,156/31,113 	 02:04:52
Match: Event 333229769, Lines 2
Match: Event 333230703, Lines 2
Match: Event 333231313, Lines 2
Match: Event 333231932, Lines 2
Match: Event 333232213, Lines 2
Match: Event 333233171, Lines 2
Match: Event 333234584, Lines 2
Match: Event 333234869, Lines 2
Match: Event 333235174, Lines 3
Match: Event 333235326, Lines 2
Match: Event 333236022, Lines 2
Match: Event 333236061, Lines 2
Match: Event 333236552, Lines 2
Match: Event 333237704, Lines 3
Match: Event 333238192, Lines 2
Match: Event 333238317, Lines 3
Match: Event 333238530, Lines 2
Match: Event 333238666, Lines 2
[24%] 	 7,468/31,113 	 02:10:01
Match: Event 333239028, Lines 2
Match: Event 333239078, Lines 2
Match: Event 333239139, Lines 3
Match: Event 333240024, Lines 2
Match: Event 333240973, Lines 2
Match: Event 333243090, Lines 2
Match: Event 333243552, Lines 2
Match: Event 333244117, Lines 2
Match: Event 333244923, Lines 2
Match: Event 333245026, Lines 2
Match: Event 333245401, Lines 2
Match: Event 333245685, Lines 2
Match: Event 333245739, Lines 2
Match: Event 333246437, Lines 2
Match: Event 333246956, Lines 2
Match: Event 333247037, Lines 2
Match: Event 333247231, Lines 2
Match: Event 333248785, Lines 2
[25%] 	 7,779/31,113 	 02:14:57
Match: Event 333249025, Lines 2
Match: Event 333251383, Lines 2
Match: Event 333251662, Lines 2
Match: Event 333252466, Lines 2
Match: Event 333252919, Lines 2
Match: Event 333253682, Lines 2
Match: Event 333253887, Lines 2
Match: Event 333253888, Lines 2
Match: Event 333254265, Lines 2
Match: Event 333254267, Lines 2
Match: Event 333254762, Lines 2
Match: Event 333254893, Lines 2
Match: Event 333256250, Lines 2
Match: Event 333257511, Lines 2
Match: Event 333257566, Lines 2
[26%] 	 8,090/31,113 	 02:19:59
Match: Event 333259280, Lines 2
Match: Event 333259913, Lines 2
Match: Event 333261207, Lines 2
Match: Event 333261942, Lines 2
Match: Event 333262288, Lines 2
Match: Event 333262610, Lines 2
Match: Event 333263238, Lines 2
Match: Event 333263808, Lines 2
Match: Event 333263872, Lines 2
Match: Event 333264786, Lines 2
Match: Event 333265728, Lines 2
Match: Event 333266222, Lines 2
Match: Event 333266480, Lines 3
Match: Event 333266786, Lines 2
Match: Event 333266963, Lines 2
[27%] 	 8,401/31,113 	 02:24:52
Match: Event 333267849, Lines 2
Match: Event 333268819, Lines 3
Match: Event 333269469, Lines 2
Match: Event 333269480, Lines 3
Match: Event 333270969, Lines 2
Match: Event 333272630, Lines 2
Match: Event 333272679, Lines 2
Match: Event 333273331, Lines 3
Match: Event 333273960, Lines 2
Match: Event 333274157, Lines 2
Match: Event 333274499, Lines 2
Match: Event 333274754, Lines 2
Match: Event 333275353, Lines 2
Match: Event 333275582, Lines 2
Match: Event 333276431, Lines 2
Match: Event 333276971, Lines 2
[28%] 	 8,712/31,113 	 02:29:52
Match: Event 333277337, Lines 3
Match: Event 333278318, Lines 2
Match: Event 333279396, Lines 3
Match: Event 333279636, Lines 2
Match: Event 333279833, Lines 2
Match: Event 333279899, Lines 2
Match: Event 333280722, Lines 2
Match: Event 333280737, Lines 2
Match: Event 333280746, Lines 2
Match: Event 333282601, Lines 2
Match: Event 333282838, Lines 2
Match: Event 333283592, Lines 2
Match: Event 333283606, Lines 2
Match: Event 333285772, Lines 2
Match: Event 333286401, Lines 2
Match: Event 333286404, Lines 2
Match: Event 333286593, Lines 2
[29%] 	 9,023/31,113 	 02:35:01
Match: Event 333289045, Lines 2
Match: Event 333289740, Lines 2
Match: Event 333289849, Lines 2
Match: Event 333289878, Lines 2
Match: Event 333290697, Lines 2
Match: Event 333291577, Lines 2
Match: Event 333291593, Lines 2
Match: Event 333291923, Lines 2
Match: Event 333292238, Lines 2
Match: Event 333292585, Lines 2
Match: Event 333292781, Lines 2
Match: Event 333292794, Lines 2
Match: Event 333292930, Lines 2
Match: Event 333294119, Lines 2
Match: Event 333294497, Lines 2
Match: Event 333295462, Lines 2
Match: Event 333295841, Lines 2
[30%] 	 9,334/31,113 	 02:40:09
Match: Event 333296997, Lines 2
Match: Event 333299188, Lines 2
Match: Event 333300058, Lines 2
Match: Event 333300370, Lines 2
Match: Event 333301717, Lines 2
Match: Event 333302601, Lines 2
Match: Event 333302616, Lines 2
Match: Event 333303173, Lines 2
Match: Event 333303393, Lines 2
Match: Event 333305258, Lines 3
Match: Event 333305947, Lines 2
[31%] 	 9,646/31,113 	 02:45:09
Match: Event 333307243, Lines 2
Match: Event 333310893, Lines 2
Match: Event 333313006, Lines 2
Match: Event 333313094, Lines 2
Match: Event 333314387, Lines 2
Match: Event 333314481, Lines 2
Match: Event 333314839, Lines 2
Match: Event 333315371, Lines 2
Match: Event 333316451, Lines 2
Match: Event 333316604, Lines 2
[32%] 	 9,957/31,113 	 02:50:51
Match: Event 333317768, Lines 2
Match: Event 333318138, Lines 2
Match: Event 333319029, Lines 2
Match: Event 333319609, Lines 2
Match: Event 333319632, Lines 2
Match: Event 333319767, Lines 2
Match: Event 333320125, Lines 2
Match: Event 333320330, Lines 2
Match: Event 333322116, Lines 2
Match: Event 333324276, Lines 2
Match: Event 333324747, Lines 2
Match: Event 333325732, Lines 3
Match: Event 333325942, Lines 2
[33%] 	 10,268/31,113 	 02:56:07
Match: Event 333328366, Lines 2
Match: Event 333329300, Lines 2
Match: Event 333329678, Lines 2
Match: Event 333330463, Lines 2
Match: Event 333331112, Lines 2
Match: Event 333331611, Lines 2
Match: Event 333331636, Lines 2
Match: Event 333332041, Lines 2
Match: Event 333332204, Lines 2
Match: Event 333332683, Lines 2
Match: Event 333333221, Lines 2
Match: Event 333333755, Lines 2
Match: Event 333335592, Lines 2
Match: Event 333336728, Lines 2
Match: Event 333336744, Lines 2
Match: Event 333336831, Lines 2
Match: Event 333337002, Lines 2
Match: Event 333337129, Lines 2
[34%] 	 10,579/31,113 	 03:01:23
Match: Event 333338355, Lines 2
Match: Event 333338967, Lines 3
Match: Event 333339059, Lines 3
Match: Event 333339474, Lines 2
Match: Event 333339608, Lines 2
Match: Event 333340174, Lines 2
Match: Event 333341544, Lines 2
Match: Event 333341793, Lines 2
Match: Event 333342012, Lines 2
Match: Event 333342025, Lines 2
Match: Event 333342069, Lines 2
Match: Event 333342795, Lines 2
Match: Event 333343227, Lines 2
Match: Event 333343253, Lines 2
Match: Event 333343648, Lines 2
Match: Event 333344076, Lines 2
Match: Event 333344707, Lines 2
Match: Event 333345935, Lines 2
Match: Event 333346769, Lines 2
Match: Event 333347390, Lines 2
[35%] 	 10,890/31,113 	 03:06:53
Match: Event 333347959, Lines 2
Match: Event 333348286, Lines 3
Match: Event 333348316, Lines 2
Match: Event 333349022, Lines 2
Match: Event 333349639, Lines 2
Match: Event 333351465, Lines 2
Match: Event 333351484, Lines 2
Match: Event 333352104, Lines 2
Match: Event 333352739, Lines 2
Match: Event 333353574, Lines 2
Match: Event 333353765, Lines 2
Match: Event 333353896, Lines 2
Match: Event 333354175, Lines 2
Match: Event 333354374, Lines 2
Match: Event 333354588, Lines 2
Match: Event 333355407, Lines 3
Match: Event 333356140, Lines 2
[36%] 	 11,201/31,113 	 03:12:36
Match: Event 333356561, Lines 2
Match: Event 333357901, Lines 2
Match: Event 333358483, Lines 2
Match: Event 333358843, Lines 2
Match: Event 333359143, Lines 2
Match: Event 333359495, Lines 2
Match: Event 333362197, Lines 2
Match: Event 333362900, Lines 2
Match: Event 333364955, Lines 2
Match: Event 333365086, Lines 2
Match: Event 333365155, Lines 2
Match: Event 333365377, Lines 2
Match: Event 333365912, Lines 2
[37%] 	 11,512/31,113 	 03:18:20
Match: Event 333366881, Lines 2
Match: Event 333368528, Lines 2
Match: Event 333368694, Lines 2
Match: Event 333368888, Lines 2
Match: Event 333369582, Lines 3
Match: Event 333369665, Lines 2
Match: Event 333370415, Lines 2
Match: Event 333370647, Lines 2
Match: Event 333370971, Lines 2
Match: Event 333371868, Lines 2
Match: Event 333372412, Lines 2
Match: Event 333372777, Lines 2
Match: Event 333372940, Lines 2
Match: Event 333373077, Lines 2
Match: Event 333373522, Lines 2
Match: Event 333373890, Lines 2
Match: Event 333374322, Lines 2
[38%] 	 11,823/31,113 	 03:23:54
Match: Event 333378345, Lines 2
Match: Event 333379283, Lines 2
Match: Event 333379748, Lines 2
Match: Event 333380114, Lines 2
Match: Event 333380774, Lines 2
Match: Event 333381793, Lines 2
Match: Event 333382127, Lines 2
Match: Event 333382200, Lines 2
Match: Event 333382775, Lines 2
Match: Event 333383355, Lines 2
Match: Event 333383533, Lines 2
Match: Event 333383603, Lines 2
Match: Event 333383700, Lines 2
Match: Event 333384156, Lines 2
Match: Event 333384787, Lines 2
Match: Event 333386042, Lines 2
Match: Event 333386587, Lines 2
Match: Event 333386824, Lines 2
Match: Event 333387127, Lines 2
[39%] 	 12,135/31,113 	 03:30:40
Match: Event 333389323, Lines 2
Match: Event 333390350, Lines 2
Match: Event 333392988, Lines 2
Match: Event 333393408, Lines 2
Match: Event 333394228, Lines 2
Match: Event 333394308, Lines 2
Match: Event 333394404, Lines 2
Match: Event 333395388, Lines 2
Match: Event 333395392, Lines 2
Match: Event 333395972, Lines 2
Match: Event 333396756, Lines 2
[40%] 	 12,446/31,113 	 03:36:52
Match: Event 333401865, Lines 2
Match: Event 333402143, Lines 2
Match: Event 333402487, Lines 3
Match: Event 333403892, Lines 2
Match: Event 333405735, Lines 2
Match: Event 333406323, Lines 2
Match: Event 333406734, Lines 2
[41%] 	 12,757/31,113 	 03:43:32
Match: Event 333407497, Lines 2
Match: Event 333407723, Lines 2
Match: Event 333410091, Lines 2
Match: Event 333410361, Lines 2
Match: Event 333410542, Lines 2
Match: Event 333411676, Lines 2
Match: Event 333413335, Lines 2
Match: Event 333414881, Lines 2
Match: Event 333416173, Lines 2
[42%] 	 13,068/31,113 	 03:52:00
Match: Event 333417484, Lines 2
Match: Event 333418141, Lines 2
Match: Event 333418854, Lines 2
Match: Event 333419332, Lines 2
Match: Event 333419526, Lines 2
Match: Event 333420255, Lines 2
Match: Event 333420679, Lines 2
Match: Event 333421215, Lines 2
Match: Event 333421888, Lines 2
Match: Event 333426131, Lines 2
Match: Event 333426775, Lines 2
Match: Event 333426776, Lines 2
Match: Event 333427041, Lines 3
Match: Event 333427547, Lines 2
Match: Event 333427723, Lines 2
[43%] 	 13,379/31,113 	 03:57:37
Match: Event 333427880, Lines 2
Match: Event 333428688, Lines 2
Match: Event 333428758, Lines 2
Match: Event 333428783, Lines 2
Match: Event 333428799, Lines 2
Match: Event 333430295, Lines 2
Match: Event 333431467, Lines 3
Match: Event 333431993, Lines 2
Match: Event 333432753, Lines 2
Match: Event 333432877, Lines 2
Match: Event 333434900, Lines 2
Match: Event 333434937, Lines 2
Match: Event 333436635, Lines 2
[44%] 	 13,690/31,113 	 04:04:00
Match: Event 333438187, Lines 2
Match: Event 333438215, Lines 2
Match: Event 333438322, Lines 2
Match: Event 333438334, Lines 2
Match: Event 333439006, Lines 2
Match: Event 333439557, Lines 2
Match: Event 333440016, Lines 2
Match: Event 333440150, Lines 2
Match: Event 333440579, Lines 2
Match: Event 333440738, Lines 2
Match: Event 333441918, Lines 2
Match: Event 333442565, Lines 2
Match: Event 333442827, Lines 2
Match: Event 333443077, Lines 2
Match: Event 333443091, Lines 2
Match: Event 333444241, Lines 2
Match: Event 333444846, Lines 2
Match: Event 333444889, Lines 2
Match: Event 333446498, Lines 2
Match: Event 333446564, Lines 3
[45%] 	 14,001/31,113 	 04:10:21
Match: Event 333449324, Lines 3
Match: Event 333450857, Lines 2
Match: Event 333451880, Lines 2
Match: Event 333452060, Lines 2
Match: Event 333452434, Lines 2
Match: Event 333455438, Lines 2
Match: Event 333455951, Lines 2
[46%] 	 14,312/31,113 	 04:15:57
Match: Event 333457679, Lines 2
Match: Event 333458252, Lines 2
Match: Event 333461500, Lines 2
Match: Event 333462096, Lines 2
Match: Event 333462212, Lines 2
Match: Event 333462286, Lines 2
Match: Event 333462544, Lines 2
Match: Event 333462602, Lines 2
Match: Event 333464383, Lines 2
Match: Event 333464448, Lines 2
Match: Event 333464495, Lines 2
Match: Event 333464865, Lines 2
Match: Event 333465416, Lines 2
Match: Event 333465805, Lines 2
Match: Event 333466459, Lines 2
Match: Event 333466635, Lines 2
Match: Event 333467153, Lines 2
[47%] 	 14,624/31,113 	 04:23:20
Match: Event 333468788, Lines 2
Match: Event 333469478, Lines 2
Match: Event 333469578, Lines 2
Match: Event 333470080, Lines 2
Match: Event 333470873, Lines 2
Match: Event 333471125, Lines 2
Match: Event 333471477, Lines 2
Match: Event 333471668, Lines 2
Match: Event 333471703, Lines 2
Match: Event 333472811, Lines 2
Match: Event 333473249, Lines 2
Match: Event 333473604, Lines 2
Match: Event 333475396, Lines 2
Match: Event 333475729, Lines 2
[48%] 	 14,935/31,113 	 04:29:16
Match: Event 333478472, Lines 2
Match: Event 333478722, Lines 2
Match: Event 333479549, Lines 2
Match: Event 333479688, Lines 2
Match: Event 333480478, Lines 2
Match: Event 333480676, Lines 2
Match: Event 333482159, Lines 2
Match: Event 333482502, Lines 2
Match: Event 333483336, Lines 2
Match: Event 333483833, Lines 2
Match: Event 333483905, Lines 2
Match: Event 333484627, Lines 2
Match: Event 333484660, Lines 2
Match: Event 333484862, Lines 2
Match: Event 333485425, Lines 2
Match: Event 333486133, Lines 2
Match: Event 333486239, Lines 2
Match: Event 333488273, Lines 2
[49%] 	 15,246/31,113 	 04:35:59
Match: Event 333488336, Lines 2
Match: Event 333488435, Lines 2
Match: Event 333488542, Lines 2
Match: Event 333488892, Lines 2
Match: Event 333491321, Lines 2
Match: Event 333491557, Lines 2
Match: Event 333492189, Lines 2
Match: Event 333492567, Lines 2
Match: Event 333492893, Lines 2
Match: Event 333493118, Lines 2
Match: Event 333493215, Lines 2
Match: Event 333493330, Lines 2
Match: Event 333493673, Lines 2
Match: Event 333493690, Lines 3
Match: Event 333494694, Lines 2
Match: Event 333496004, Lines 2
Match: Event 333496412, Lines 2
Match: Event 333497012, Lines 3
Match: Event 333497098, Lines 2
Match: Event 333497210, Lines 2
Match: Event 333497314, Lines 2
Match: Event 333497597, Lines 2
Match: Event 333497841, Lines 2
Match: Event 333497983, Lines 2
[50%] 	 15,557/31,113 	 04:43:04
Match: Event 333498360, Lines 2
Match: Event 333499212, Lines 2
Match: Event 333499879, Lines 2
Match: Event 333501472, Lines 2
Match: Event 333501490, Lines 2
Match: Event 333502595, Lines 2
Match: Event 333503130, Lines 2
Match: Event 333503310, Lines 2
Match: Event 333504975, Lines 2
Match: Event 333505595, Lines 2
Match: Event 333506667, Lines 2
Match: Event 333506957, Lines 3
Match: Event 333507861, Lines 2
[51%] 	 15,868/31,113 	 04:50:17
Match: Event 333509053, Lines 2
Match: Event 333509076, Lines 2
Match: Event 333509350, Lines 2
Match: Event 333509586, Lines 2
Match: Event 333509923, Lines 2
Match: Event 333511934, Lines 2
Match: Event 333512676, Lines 2
Match: Event 333513082, Lines 2
Match: Event 333513588, Lines 2
Match: Event 333513616, Lines 2
Match: Event 333514204, Lines 2
Match: Event 333514653, Lines 3
Match: Event 333515610, Lines 2
Match: Event 333516823, Lines 2
Match: Event 333517314, Lines 2
[52%] 	 16,179/31,113 	 04:56:57
Match: Event 333517855, Lines 2
Match: Event 333517917, Lines 2
Match: Event 333520076, Lines 3
Match: Event 333520426, Lines 2
Match: Event 333520665, Lines 2
Match: Event 333522144, Lines 2
Match: Event 333525045, Lines 3
Match: Event 333525537, Lines 2
Match: Event 333525962, Lines 2
Match: Event 333526185, Lines 2
Match: Event 333526876, Lines 2
[53%] 	 16,490/31,113 	 05:03:27
Match: Event 333527217, Lines 2
Match: Event 333527705, Lines 2
Match: Event 333527742, Lines 2
Match: Event 333528022, Lines 2
Match: Event 333529470, Lines 2
Match: Event 333529974, Lines 2
Match: Event 333530313, Lines 2
Match: Event 333530649, Lines 2
Match: Event 333530770, Lines 2
Match: Event 333531630, Lines 2
Match: Event 333534436, Lines 2
Match: Event 333534634, Lines 2
Match: Event 333534960, Lines 2
Match: Event 333536704, Lines 2
Match: Event 333537039, Lines 2
Match: Event 333537554, Lines 2
[54%] 	 16,802/31,113 	 05:09:36
Match: Event 333537897, Lines 3
Match: Event 333538408, Lines 2
Match: Event 333538711, Lines 3
Match: Event 333540333, Lines 2
Match: Event 333541414, Lines 2
Match: Event 333542038, Lines 2
Match: Event 333542051, Lines 2
Match: Event 333543347, Lines 2
Match: Event 333543597, Lines 2
Match: Event 333543678, Lines 2
Match: Event 333544937, Lines 3
Match: Event 333545278, Lines 2
Match: Event 333545413, Lines 2
Match: Event 333546675, Lines 2
[55%] 	 17,113/31,113 	 05:17:38
Match: Event 333548620, Lines 2
Match: Event 333549035, Lines 2
Match: Event 333549817, Lines 2
Match: Event 333552306, Lines 2
Match: Event 333552888, Lines 2
Match: Event 333553078, Lines 2
Match: Event 333553644, Lines 2
Match: Event 333554882, Lines 2
Match: Event 333554903, Lines 2
Match: Event 333555966, Lines 2
Match: Event 333556503, Lines 2
Match: Event 333557121, Lines 2
[56%] 	 17,424/31,113 	 05:25:06
Match: Event 333558990, Lines 2
Match: Event 333559228, Lines 2
Match: Event 333559733, Lines 2
Match: Event 333560064, Lines 2
Match: Event 333562142, Lines 2
Match: Event 333562339, Lines 2
Match: Event 333562375, Lines 2
Match: Event 333562694, Lines 3
Match: Event 333563483, Lines 3
Match: Event 333563799, Lines 2
Match: Event 333566086, Lines 3
Match: Event 333567236, Lines 2
[57%] 	 17,735/31,113 	 05:31:29
Match: Event 333568585, Lines 2
Match: Event 333573291, Lines 2
Match: Event 333573613, Lines 3
Match: Event 333573625, Lines 3
Match: Event 333573717, Lines 2
Match: Event 333573911, Lines 2
Match: Event 333574796, Lines 2
Match: Event 333575816, Lines 2
[58%] 	 18,046/31,113 	 05:38:51
Match: Event 333578647, Lines 2
Match: Event 333578813, Lines 2
Match: Event 333579486, Lines 2
Match: Event 333580141, Lines 2
Match: Event 333580791, Lines 2
Match: Event 333580867, Lines 2
Match: Event 333580885, Lines 2
Match: Event 333581036, Lines 2
Match: Event 333581902, Lines 2
Match: Event 333582703, Lines 2
Match: Event 333583400, Lines 2
Match: Event 333583904, Lines 2
Match: Event 333584888, Lines 2
Match: Event 333585305, Lines 2
Match: Event 333585945, Lines 2
Match: Event 333585993, Lines 2
Match: Event 333586088, Lines 2
[59%] 	 18,357/31,113 	 05:45:04
Match: Event 333587252, Lines 2
Match: Event 333589502, Lines 2
Match: Event 333589936, Lines 2
Match: Event 333590703, Lines 2
Match: Event 333591793, Lines 2
Match: Event 333594332, Lines 2
Match: Event 333595062, Lines 2
Match: Event 333595503, Lines 2
Match: Event 333595587, Lines 2
Match: Event 333596021, Lines 2
Match: Event 333597150, Lines 2
Match: Event 333597592, Lines 2
Match: Event 333597640, Lines 2
[60%] 	 18,668/31,113 	 05:50:50
Match: Event 333598746, Lines 2
Match: Event 333598919, Lines 2
Match: Event 333599300, Lines 2
Match: Event 333600192, Lines 2
Match: Event 333600711, Lines 2
Match: Event 333601107, Lines 2
Match: Event 333601774, Lines 2
Match: Event 333601912, Lines 2
Match: Event 333602340, Lines 3
Match: Event 333602919, Lines 2
Match: Event 333602951, Lines 2
Match: Event 333603353, Lines 2
Match: Event 333603700, Lines 3
Match: Event 333604571, Lines 2
Match: Event 333606962, Lines 2
Match: Event 333607193, Lines 2
Match: Event 333607835, Lines 3
[61%] 	 18,979/31,113 	 05:56:25
Match: Event 333609297, Lines 2
Match: Event 333611920, Lines 2
Match: Event 333612018, Lines 2
Match: Event 333612616, Lines 2
Match: Event 333613049, Lines 2
Match: Event 333615136, Lines 2
Match: Event 333616799, Lines 2
Match: Event 333616808, Lines 2
Match: Event 333618486, Lines 2
[62%] 	 19,291/31,113 	 06:01:40
Match: Event 333619571, Lines 2
Match: Event 333619732, Lines 2
Match: Event 333621668, Lines 2
Match: Event 333621956, Lines 2
Match: Event 333622027, Lines 2
Match: Event 333622532, Lines 2
Match: Event 333623289, Lines 2
Match: Event 333623448, Lines 2
Match: Event 333624433, Lines 3
Match: Event 333624503, Lines 2
Match: Event 333624998, Lines 2
Match: Event 333625025, Lines 2
Match: Event 333625280, Lines 2
Match: Event 333627072, Lines 2
Match: Event 333627843, Lines 2
Match: Event 333628886, Lines 2
[63%] 	 19,602/31,113 	 06:07:20
Match: Event 333629155, Lines 2
Match: Event 333630923, Lines 3
Match: Event 333631819, Lines 2
Match: Event 333632472, Lines 2
Match: Event 333633198, Lines 3
Match: Event 333633340, Lines 2
Match: Event 333633906, Lines 2
Match: Event 333634277, Lines 3
Match: Event 333635525, Lines 2
Match: Event 333635791, Lines 2
Match: Event 333637427, Lines 3
Match: Event 333638250, Lines 2
[64%] 	 19,913/31,113 	 06:12:30
Match: Event 333639265, Lines 2
Match: Event 333639521, Lines 2
Match: Event 333639849, Lines 2
Match: Event 333640828, Lines 2
Match: Event 333641446, Lines 2
Match: Event 333641884, Lines 2
Match: Event 333642095, Lines 2
Match: Event 333642317, Lines 2
Match: Event 333643385, Lines 2
Match: Event 333644537, Lines 2
Match: Event 333644894, Lines 2
Match: Event 333645041, Lines 3
Match: Event 333645401, Lines 2
Match: Event 333645883, Lines 2
Match: Event 333646173, Lines 2
Match: Event 333647347, Lines 3
Match: Event 333649160, Lines 2
[65%] 	 20,224/31,113 	 06:17:51
Match: Event 333650227, Lines 2
Match: Event 333650985, Lines 2
Match: Event 333651677, Lines 2
Match: Event 333652077, Lines 2
Match: Event 333652930, Lines 2
Match: Event 333653238, Lines 2
Match: Event 333654973, Lines 2
Match: Event 333655329, Lines 2
Match: Event 333658457, Lines 2
Match: Event 333658847, Lines 2
Match: Event 333658928, Lines 2
Match: Event 333659564, Lines 2
[66%] 	 20,535/31,113 	 06:23:02
Match: Event 333660260, Lines 2
Match: Event 333660292, Lines 2
Match: Event 333660480, Lines 2
Match: Event 333660763, Lines 2
Match: Event 333660975, Lines 3
Match: Event 333661597, Lines 3
Match: Event 333661767, Lines 2
Match: Event 333662424, Lines 2
Match: Event 333662502, Lines 2
Match: Event 333662621, Lines 2
Match: Event 333663025, Lines 2
Match: Event 333663330, Lines 2
Match: Event 333663378, Lines 2
Match: Event 333664869, Lines 2
Match: Event 333665758, Lines 2
Match: Event 333666052, Lines 2
Match: Event 333666310, Lines 2
Match: Event 333666795, Lines 2
Match: Event 333667955, Lines 2
Match: Event 333668863, Lines 2
Match: Event 333669131, Lines 2
Match: Event 333669493, Lines 2
[67%] 	 20,846/31,113 	 06:28:08
Match: Event 333670456, Lines 2
Match: Event 333670555, Lines 2
Match: Event 333670994, Lines 2
Match: Event 333672641, Lines 2
Match: Event 333673060, Lines 2
Match: Event 333673705, Lines 2
Match: Event 333673908, Lines 3
Match: Event 333674148, Lines 2
Match: Event 333674370, Lines 2
Match: Event 333674467, Lines 2
Match: Event 333674569, Lines 2
Match: Event 333676512, Lines 2
Match: Event 333677143, Lines 2
Match: Event 333677600, Lines 2
Match: Event 333678315, Lines 2
Match: Event 333678755, Lines 2
Match: Event 333678870, Lines 2
[68%] 	 21,157/31,113 	 06:33:15
Match: Event 333679492, Lines 2
Match: Event 333679787, Lines 2
Match: Event 333679858, Lines 2
Match: Event 333680481, Lines 2
Match: Event 333681582, Lines 2
Match: Event 333682120, Lines 2
Match: Event 333684429, Lines 3
Match: Event 333684509, Lines 2
Match: Event 333684637, Lines 2
Match: Event 333687031, Lines 2
Match: Event 333687148, Lines 3
Match: Event 333687545, Lines 2
Match: Event 333687648, Lines 2
Match: Event 333687949, Lines 2
Match: Event 333688396, Lines 2
[69%] 	 21,468/31,113 	 06:38:36
Match: Event 333692307, Lines 2
Match: Event 333693360, Lines 2
Match: Event 333693857, Lines 2
Match: Event 333696166, Lines 2
Match: Event 333696721, Lines 2
Match: Event 333697733, Lines 2
Match: Event 333698066, Lines 2
Match: Event 333698646, Lines 2
Match: Event 333698966, Lines 2
Match: Event 333699032, Lines 2
Match: Event 333700620, Lines 2
[70%] 	 21,780/31,113 	 06:44:01
Match: Event 333700939, Lines 2
Match: Event 333700994, Lines 2
Match: Event 333701048, Lines 2
Match: Event 333701669, Lines 2
Match: Event 333702190, Lines 2
Match: Event 333702456, Lines 2
Match: Event 333703897, Lines 2
Match: Event 333704069, Lines 2
Match: Event 333704352, Lines 2
Match: Event 333705126, Lines 2
Match: Event 333706799, Lines 2
Match: Event 333707517, Lines 2
Match: Event 333707906, Lines 2
Match: Event 333708324, Lines 2
Match: Event 333708366, Lines 2
Match: Event 333710016, Lines 2
[71%] 	 22,091/31,113 	 06:48:55
Match: Event 333711365, Lines 2
Match: Event 333711516, Lines 2
Match: Event 333711829, Lines 2
Match: Event 333711891, Lines 3
Match: Event 333712015, Lines 2
Match: Event 333712468, Lines 2
Match: Event 333712469, Lines 2
Match: Event 333713269, Lines 2
Match: Event 333713706, Lines 3
Match: Event 333713905, Lines 2
Match: Event 333714971, Lines 2
Match: Event 333715356, Lines 2
Match: Event 333716187, Lines 2
Match: Event 333717495, Lines 2
Match: Event 333717976, Lines 3
Match: Event 333718559, Lines 2
Match: Event 333719916, Lines 3
Match: Event 333720027, Lines 2
[72%] 	 22,402/31,113 	 06:53:18
Match: Event 333721434, Lines 2
Match: Event 333724161, Lines 2
Match: Event 333724270, Lines 2
Match: Event 333724565, Lines 2
Match: Event 333725191, Lines 2
Match: Event 333725370, Lines 2
Match: Event 333726452, Lines 2
Match: Event 333726931, Lines 2
Match: Event 333730746, Lines 2
[73%] 	 22,713/31,113 	 06:57:28
Match: Event 333731599, Lines 2
Match: Event 333732805, Lines 2
Match: Event 333733607, Lines 2
Match: Event 333734552, Lines 2
Match: Event 333735470, Lines 2
Match: Event 333736574, Lines 2
Match: Event 333737748, Lines 2
Match: Event 333738386, Lines 2
Match: Event 333738655, Lines 2
Match: Event 333738658, Lines 2
Match: Event 333738929, Lines 2
Match: Event 333739039, Lines 2
Match: Event 333739111, Lines 2
Match: Event 333739615, Lines 2
Match: Event 333739625, Lines 2
Match: Event 333739910, Lines 2
Match: Event 333740573, Lines 2
Match: Event 333741061, Lines 2
[74%] 	 23,024/31,113 	 07:02:03
Match: Event 333741639, Lines 2
Match: Event 333742598, Lines 2
Match: Event 333742936, Lines 2
Match: Event 333743648, Lines 2
Match: Event 333745097, Lines 2
Match: Event 333745424, Lines 2
Match: Event 333746803, Lines 2
Match: Event 333747933, Lines 2
Match: Event 333749156, Lines 2
Match: Event 333751211, Lines 2
[75%] 	 23,335/31,113 	 07:06:23
Match: Event 333751745, Lines 2
Match: Event 333752868, Lines 2
Match: Event 333753441, Lines 2
Match: Event 333753652, Lines 2
Match: Event 333754066, Lines 2
Match: Event 333756183, Lines 2
Match: Event 333756196, Lines 2
Match: Event 333756365, Lines 2
Match: Event 333756534, Lines 3
Match: Event 333757034, Lines 2
Match: Event 333757198, Lines 2
Match: Event 333757673, Lines 2
Match: Event 333757708, Lines 2
Match: Event 333758346, Lines 2
Match: Event 333759353, Lines 2
Match: Event 333759517, Lines 2
Match: Event 333760703, Lines 2
[76%] 	 23,646/31,113 	 07:10:42
Match: Event 333762461, Lines 2
Match: Event 333763885, Lines 2
Match: Event 333764147, Lines 2
Match: Event 333764187, Lines 2
Match: Event 333764453, Lines 2
Match: Event 333764874, Lines 2
Match: Event 333765954, Lines 2
Match: Event 333766114, Lines 2
Match: Event 333766149, Lines 2
Match: Event 333766236, Lines 2
Match: Event 333766701, Lines 2
Match: Event 333767881, Lines 2
Match: Event 333768895, Lines 3
Match: Event 333769571, Lines 2
Match: Event 333769595, Lines 2
Match: Event 333769643, Lines 2
Match: Event 333769961, Lines 3
Match: Event 333770183, Lines 2
[77%] 	 23,958/31,113 	 07:15:08
Match: Event 333773114, Lines 2
Match: Event 333774083, Lines 3
Match: Event 333775758, Lines 2
Match: Event 333776515, Lines 2
Match: Event 333776711, Lines 2
Match: Event 333776947, Lines 2
Match: Event 333776951, Lines 2
Match: Event 333780722, Lines 2
[78%] 	 24,269/31,113 	 07:19:22
Match: Event 333782269, Lines 2
Match: Event 333783923, Lines 2
Match: Event 333784609, Lines 2
Match: Event 333784801, Lines 2
Match: Event 333785506, Lines 2
Match: Event 333786775, Lines 2
Match: Event 333787294, Lines 2
Match: Event 333787572, Lines 2
Match: Event 333787584, Lines 2
Match: Event 333789245, Lines 2
Match: Event 333789248, Lines 2
Match: Event 333790534, Lines 2
Match: Event 333790762, Lines 2
[79%] 	 24,580/31,113 	 07:23:34
Match: Event 333791884, Lines 2
Match: Event 333791951, Lines 2
Match: Event 333792311, Lines 2
Match: Event 333792440, Lines 2
Match: Event 333793201, Lines 2
Match: Event 333793438, Lines 2
Match: Event 333794004, Lines 2
Match: Event 333795573, Lines 2
Match: Event 333796563, Lines 2
Match: Event 333796711, Lines 2
Match: Event 333796908, Lines 2
Match: Event 333797919, Lines 2
[80%] 	 24,891/31,113 	 07:27:38
Match: Event 333802095, Lines 2
Match: Event 333802236, Lines 2
Match: Event 333802331, Lines 2
Match: Event 333803584, Lines 2
Match: Event 333804154, Lines 2
Match: Event 333805442, Lines 2
Match: Event 333805598, Lines 2
Match: Event 333807460, Lines 2
Match: Event 333809560, Lines 2
Match: Event 333809641, Lines 2
[81%] 	 25,202/31,113 	 07:32:10
Match: Event 333812462, Lines 2
Match: Event 333812643, Lines 2
Match: Event 333813441, Lines 2
Match: Event 333816210, Lines 2
Match: Event 333816382, Lines 3
Match: Event 333816656, Lines 2
Match: Event 333817069, Lines 2
Match: Event 333817454, Lines 3
Match: Event 333818937, Lines 2
Match: Event 333820701, Lines 2
Match: Event 333821141, Lines 2
[82%] 	 25,513/31,113 	 07:36:32
Match: Event 333821607, Lines 2
Match: Event 333822747, Lines 3
Match: Event 333823277, Lines 2
Match: Event 333823616, Lines 2
Match: Event 333824507, Lines 2
Match: Event 333825767, Lines 2
Match: Event 333825888, Lines 2
Match: Event 333827060, Lines 2
Match: Event 333827243, Lines 2
Match: Event 333827345, Lines 2
Match: Event 333827443, Lines 2
Match: Event 333827769, Lines 2
Match: Event 333827783, Lines 2
Match: Event 333828722, Lines 2
Match: Event 333828996, Lines 2
Match: Event 333829936, Lines 2
Match: Event 333830029, Lines 3
Match: Event 333831862, Lines 2
[83%] 	 25,824/31,113 	 07:40:50
Match: Event 333833085, Lines 2
Match: Event 333836041, Lines 2
Match: Event 333836427, Lines 2
Match: Event 333837776, Lines 2
Match: Event 333838427, Lines 2
Match: Event 333838677, Lines 2
Match: Event 333838919, Lines 2
Match: Event 333839126, Lines 3
Match: Event 333839960, Lines 2
Match: Event 333840365, Lines 3
Match: Event 333840743, Lines 2
Match: Event 333841092, Lines 3
Match: Event 333842745, Lines 3
Match: Event 333842823, Lines 2
[84%] 	 26,135/31,113 	 07:44:53
Match: Event 333844019, Lines 2
Match: Event 333844139, Lines 2
Match: Event 333845838, Lines 2
Match: Event 333845913, Lines 2
Match: Event 333846396, Lines 2
Match: Event 333846614, Lines 2
Match: Event 333846889, Lines 2
Match: Event 333847036, Lines 2
Match: Event 333847634, Lines 2
Match: Event 333848021, Lines 2
Match: Event 333849037, Lines 2
Match: Event 333849382, Lines 2
Match: Event 333850869, Lines 2
Match: Event 333852244, Lines 2
[85%] 	 26,447/31,113 	 07:49:48
Match: Event 333853815, Lines 2
Match: Event 333853933, Lines 2
Match: Event 333853943, Lines 3
Match: Event 333854242, Lines 2
Match: Event 333854659, Lines 2
Match: Event 333855364, Lines 2
Match: Event 333855738, Lines 3
Match: Event 333857682, Lines 2
Match: Event 333858160, Lines 2
Match: Event 333858384, Lines 2
Match: Event 333858515, Lines 2
Match: Event 333858967, Lines 2
Match: Event 333859535, Lines 2
Match: Event 333859992, Lines 2
Match: Event 333861004, Lines 2
Match: Event 333861008, Lines 2
Match: Event 333862017, Lines 2
[86%] 	 26,758/31,113 	 07:54:11
Match: Event 333862635, Lines 2
Match: Event 333862853, Lines 2
Match: Event 333864662, Lines 2
Match: Event 333865549, Lines 3
Match: Event 333865614, Lines 2
Match: Event 333865667, Lines 2
Match: Event 333866508, Lines 2
Match: Event 333866688, Lines 2
Match: Event 333867544, Lines 2
Match: Event 333868006, Lines 2
Match: Event 333869738, Lines 2
Match: Event 333870261, Lines 2
Match: Event 333871662, Lines 2
[87%] 	 27,069/31,113 	 07:58:26
Match: Event 333872653, Lines 2
Match: Event 333874805, Lines 2
Match: Event 333875239, Lines 2
Match: Event 333875830, Lines 2
Match: Event 333876445, Lines 2
Match: Event 333876576, Lines 2
Match: Event 333876732, Lines 2
Match: Event 333877559, Lines 2
Match: Event 333877728, Lines 2
Match: Event 333878711, Lines 2
Match: Event 333879129, Lines 2
Match: Event 333879364, Lines 2
Match: Event 333881851, Lines 2
Match: Event 333882100, Lines 2
[88%] 	 27,380/31,113 	 08:02:43
Match: Event 333882350, Lines 2
Match: Event 333882966, Lines 2
Match: Event 333883085, Lines 2
Match: Event 333883159, Lines 2
Match: Event 333883409, Lines 2
Match: Event 333885760, Lines 2
Match: Event 333886783, Lines 2
Match: Event 333886815, Lines 2
Match: Event 333888433, Lines 2
Match: Event 333891181, Lines 2
Match: Event 333891623, Lines 2
Match: Event 333891815, Lines 2
Match: Event 333892498, Lines 2
[89%] 	 27,691/31,113 	 08:07:03
Match: Event 333892773, Lines 2
Match: Event 333893123, Lines 2
Match: Event 333893540, Lines 2
Match: Event 333894963, Lines 2
Match: Event 333896619, Lines 2
Match: Event 333897759, Lines 2
Match: Event 333898126, Lines 2
Match: Event 333898973, Lines 2
Match: Event 333899582, Lines 2
Match: Event 333900018, Lines 3
Match: Event 333900467, Lines 2
[90%] 	 28,002/31,113 	 08:10:55
Match: Event 333902849, Lines 2
Match: Event 333903338, Lines 2
Match: Event 333905721, Lines 2
Match: Event 333905854, Lines 2
Match: Event 333905991, Lines 2
Match: Event 333906543, Lines 2
Match: Event 333906953, Lines 2
Match: Event 333908829, Lines 3
Match: Event 333909223, Lines 2
Match: Event 333909591, Lines 2
Match: Event 333910663, Lines 2
Match: Event 333911323, Lines 2
[91%] 	 28,313/31,113 	 08:15:00
Match: Event 333912274, Lines 2
Match: Event 333912619, Lines 2
Match: Event 333913922, Lines 2
Match: Event 333914263, Lines 2
Match: Event 333915985, Lines 2
Match: Event 333916588, Lines 2
Match: Event 333916865, Lines 2
Match: Event 333916909, Lines 2
Match: Event 333918109, Lines 2
Match: Event 333918357, Lines 2
Match: Event 333919681, Lines 2
Match: Event 333920157, Lines 2
Match: Event 333920567, Lines 3
[92%] 	 28,624/31,113 	 08:19:08
Match: Event 333920703, Lines 2
Match: Event 333921091, Lines 2
Match: Event 333921500, Lines 2
Match: Event 333921572, Lines 2
Match: Event 333925905, Lines 2
Match: Event 333926390, Lines 2
Match: Event 333926901, Lines 2
Match: Event 333927024, Lines 2
Match: Event 333927288, Lines 2
Match: Event 333927354, Lines 2
Match: Event 333927705, Lines 2
Match: Event 333928533, Lines 2
Match: Event 333929694, Lines 2
Match: Event 333929877, Lines 2
[93%] 	 28,936/31,113 	 08:22:50
Match: Event 333932411, Lines 2
Match: Event 333932459, Lines 2
Match: Event 333933004, Lines 3
Match: Event 333934803, Lines 2
Match: Event 333934815, Lines 2
Match: Event 333937536, Lines 2
Match: Event 333937855, Lines 3
Match: Event 333938653, Lines 2
Match: Event 333938879, Lines 2
Match: Event 333938948, Lines 2
Match: Event 333938984, Lines 2
Match: Event 333939372, Lines 2
Match: Event 333939417, Lines 2
Match: Event 333939812, Lines 2
Match: Event 333939846, Lines 2
Match: Event 333940028, Lines 2
Match: Event 333940573, Lines 2
[94%] 	 29,247/31,113 	 08:26:40
Match: Event 333941486, Lines 2
Match: Event 333941734, Lines 2
Match: Event 333941866, Lines 2
Match: Event 333942746, Lines 2
Match: Event 333943623, Lines 2
Match: Event 333944098, Lines 2
Match: Event 333945183, Lines 2
Match: Event 333945977, Lines 2
Match: Event 333946291, Lines 2
Match: Event 333947234, Lines 2
Match: Event 333947747, Lines 2
Match: Event 333948695, Lines 2
Match: Event 333950082, Lines 2
[95%] 	 29,558/31,113 	 08:30:02
Match: Event 333951390, Lines 2
Match: Event 333952253, Lines 2
Match: Event 333952869, Lines 2
Match: Event 333954305, Lines 2
Match: Event 333955915, Lines 2
Match: Event 333956669, Lines 2
Match: Event 333957168, Lines 2
Match: Event 333957993, Lines 2
Match: Event 333958056, Lines 2
Match: Event 333958659, Lines 3
Match: Event 333958762, Lines 2
Match: Event 333960660, Lines 2
[96%] 	 29,869/31,113 	 08:33:42
Match: Event 333961528, Lines 2
Match: Event 333962065, Lines 3
Match: Event 333962220, Lines 2
Match: Event 333962696, Lines 2
Match: Event 333962880, Lines 2
Match: Event 333963868, Lines 2
Match: Event 333964823, Lines 2
Match: Event 333965111, Lines 2
Match: Event 333965614, Lines 2
Match: Event 333966200, Lines 2
Match: Event 333966907, Lines 2
Match: Event 333967354, Lines 2
Match: Event 333967925, Lines 2
Match: Event 333968623, Lines 2
Match: Event 333969363, Lines 2
[97%] 	 30,180/31,113 	 08:37:29
Match: Event 333970005, Lines 2
Match: Event 333970520, Lines 2
Match: Event 333970546, Lines 2
Match: Event 333971036, Lines 2
Match: Event 333971349, Lines 2
Match: Event 333971669, Lines 2
Match: Event 333973139, Lines 2
Match: Event 333974019, Lines 2
Match: Event 333974401, Lines 2
Match: Event 333974523, Lines 2
Match: Event 333974684, Lines 2
Match: Event 333974986, Lines 2
Match: Event 333975273, Lines 2
Match: Event 333975499, Lines 2
Match: Event 333976173, Lines 2
Match: Event 333976444, Lines 2
Match: Event 333976574, Lines 2
Match: Event 333976590, Lines 2
Match: Event 333977009, Lines 2
Match: Event 333978137, Lines 2
Match: Event 333978933, Lines 2
Match: Event 333979052, Lines 2
Match: Event 333979497, Lines 2
Match: Event 333979558, Lines 2
[98%] 	 30,491/31,113 	 08:40:50
Match: Event 333980594, Lines 2
Match: Event 333981245, Lines 2
Match: Event 333981797, Lines 2
Match: Event 333982383, Lines 2
Match: Event 333983628, Lines 3
Match: Event 333983893, Lines 2
Match: Event 333984204, Lines 2
Match: Event 333985524, Lines 2
Match: Event 333985884, Lines 2
Match: Event 333988458, Lines 2
[99%] 	 30,802/31,113 	 08:44:08
Match: Event 333991136, Lines 2
Match: Event 333992142, Lines 2
Match: Event 333993608, Lines 2
Match: Event 333993734, Lines 2
Match: Event 333994281, Lines 2
Match: Event 333994626, Lines 2
Match: Event 333995783, Lines 2
Match: Event 333996814, Lines 2
Match: Event 333997110, Lines 2
Match: Event 333997308, Lines 2
Match: Event 333998093, Lines 2
Match: Event 333998500, Lines 2
Finished in 31649.52s.
 ~ 5) DONE !
