search libraries in slc9_x86-64
 ~ 1) Base stack loaded.
 ~ Sleeping for 24 seconds to avoid AFS DDOS...
 ~ 2) Loading sndsw environment...
 ~ 3) SNDSW_ROOT is set to: /afs/cern.ch/user/i/idioniso/snd_master/sw-root6.28/rhel9_x86-64/sndsw/master-local1
 ~ 4) Executing tracking script...
[INFO] The input consists out of the following trees and files: 
[INFO]  - rawConv
[INFO]     - root://eoshome-i.cern.ch//eos/user/i/idioniso/tridents/initial_cuts/tridents_sndsw_raw-0099.root
[INFO] FairRootFileSink initialized.
[INFO]  - cbmout
[INFO]     - dummy
[INFO] Parameter and input file are available, Assure that basic info is there for the run!
[INFO] ---FairRootManager::SpecifyRunId --- 
[INFO] --- Initialize with RunId  --- 0

************************************************************* 
     initialisation for run id 0
************************************************************* 
-I- FairRunTimeDB::InitContainer() FairBaseParSet
-I- FairRunTimeDB::InitContainer() FairGeoParSet

************************************************************* 
     initialisation for run id 0
************************************************************* 
-I- FairRunTimeDB::InitContainer() FairBaseParSet
-I- FairRunTimeDB::InitContainer() FairGeoParSet
[INFO]  Branch: Reco_MuonTracks not found in Tree.
using geofile: root://eospublic.cern.ch//eos/experiment/sndlhc/convertedData/physics/2023/geofile_sndlhc_TI18_V3_2023.root
[0%] 	 0/31,879 	 00:00:11
[1%] 	 319/31,879 	 00:03:59
Match: Event 99017221, Lines 2
[2%] 	 638/31,879 	 00:07:43
Match: Event 99020029, Lines 2
[3%] 	 957/31,879 	 00:11:21
Match: Event 99035089, Lines 2
[4%] 	 1,276/31,879 	 00:15:08
[5%] 	 1,594/31,879 	 00:19:09
[6%] 	 1,913/31,879 	 00:22:57
Match: Event 99066205, Lines 2
[7%] 	 2,232/31,879 	 00:26:41
[8%] 	 2,551/31,879 	 00:30:17
[9%] 	 2,870/31,879 	 00:34:04
[10%] 	 3,188/31,879 	 00:37:47
[11%] 	 3,507/31,879 	 00:41:42
[12%] 	 3,826/31,879 	 00:45:49
Match: Event 99124523, Lines 2
[13%] 	 4,145/31,879 	 00:49:42
Match: Event 99138789, Lines 2
[14%] 	 4,464/31,879 	 00:53:43
[15%] 	 4,782/31,879 	 00:57:33
[16%] 	 5,101/31,879 	 01:01:13
[17%] 	 5,420/31,879 	 01:04:58
[18%] 	 5,739/31,879 	 01:08:43
[19%] 	 6,058/31,879 	 01:12:37
[20%] 	 6,376/31,879 	 01:16:25
[21%] 	 6,695/31,879 	 01:20:12
Match: Event 99218978, Lines 2
[22%] 	 7,014/31,879 	 01:24:13
[23%] 	 7,333/31,879 	 01:28:02
[24%] 	 7,651/31,879 	 01:31:34
[25%] 	 7,970/31,879 	 01:35:14
[26%] 	 8,289/31,879 	 01:38:55
Match: Event 99265099, Lines 2
Match: Event 99265275, Lines 2
[27%] 	 8,608/31,879 	 01:42:45
[28%] 	 8,927/31,879 	 01:46:27
Match: Event 99285119, Lines 2
[29%] 	 9,245/31,879 	 01:50:27
[30%] 	 9,564/31,879 	 01:54:11
[31%] 	 9,883/31,879 	 01:57:57
Match: Event 99318810, Lines 2
[32%] 	 10,202/31,879 	 02:01:48
[33%] 	 10,521/31,879 	 02:05:35
[34%] 	 10,839/31,879 	 02:09:18
[35%] 	 11,158/31,879 	 02:13:08
[36%] 	 11,477/31,879 	 02:16:48
Match: Event 99358693, Lines 2
[37%] 	 11,796/31,879 	 02:20:24
Match: Event 99372671, Lines 2
[38%] 	 12,115/31,879 	 02:24:04
[39%] 	 12,433/31,879 	 02:27:47
[40%] 	 12,752/31,879 	 02:31:36
Match: Event 99404709, Lines 2
[41%] 	 13,071/31,879 	 02:35:31
[42%] 	 13,390/31,879 	 02:39:21
[43%] 	 13,708/31,879 	 02:43:27
Match: Event 99431064, Lines 2
Match: Event 99431843, Lines 2
Match: Event 99433427, Lines 2
[44%] 	 14,027/31,879 	 02:47:27
[45%] 	 14,346/31,879 	 02:51:24
Match: Event 99456112, Lines 2
[46%] 	 14,665/31,879 	 02:55:24
Match: Event 99463280, Lines 2
[47%] 	 14,984/31,879 	 02:59:32
Match: Event 99467621, Lines 2
Match: Event 99472770, Lines 2
[48%] 	 15,302/31,879 	 03:03:43
Match: Event 99484199, Lines 2
[49%] 	 15,621/31,879 	 03:07:39
Match: Event 99495166, Lines 2
[50%] 	 15,940/31,879 	 03:11:47
[51%] 	 16,259/31,879 	 03:15:55
Match: Event 99514980, Lines 2
[52%] 	 16,578/31,879 	 03:19:48
Match: Event 99523696, Lines 2
Match: Event 99526649, Lines 2
[53%] 	 16,896/31,879 	 03:23:47
[54%] 	 17,215/31,879 	 03:27:59
Match: Event 99540763, Lines 2
[55%] 	 17,534/31,879 	 03:32:04
[56%] 	 17,853/31,879 	 03:36:09
Match: Event 99559640, Lines 2
Match: Event 99564514, Lines 2
[57%] 	 18,172/31,879 	 03:40:15
[58%] 	 18,490/31,879 	 03:44:15
Match: Event 99584359, Lines 2
[59%] 	 18,809/31,879 	 03:48:16
Match: Event 99591467, Lines 2
[60%] 	 19,128/31,879 	 03:52:16
[61%] 	 19,447/31,879 	 03:56:19
[62%] 	 19,765/31,879 	 04:00:19
[63%] 	 20,084/31,879 	 04:04:28
[64%] 	 20,403/31,879 	 04:08:23
[65%] 	 20,722/31,879 	 04:12:12
Match: Event 99650693, Lines 2
[66%] 	 21,041/31,879 	 04:16:02
[67%] 	 21,359/31,879 	 04:19:37
Match: Event 99669455, Lines 2
[68%] 	 21,678/31,879 	 04:23:09
[69%] 	 21,997/31,879 	 04:26:43
[70%] 	 22,316/31,879 	 04:30:23
Match: Event 99705304, Lines 2
[71%] 	 22,635/31,879 	 04:34:13
Match: Event 99717632, Lines 2
[72%] 	 22,953/31,879 	 04:37:54
Match: Event 99723659, Lines 2
[73%] 	 23,272/31,879 	 04:41:58
[74%] 	 23,591/31,879 	 04:45:44
[75%] 	 23,910/31,879 	 04:49:22
Match: Event 99757337, Lines 2
[76%] 	 24,229/31,879 	 04:52:54
[77%] 	 24,547/31,879 	 04:56:41
[78%] 	 24,866/31,879 	 05:00:33
[79%] 	 25,185/31,879 	 05:04:13
Match: Event 99795910, Lines 2
[80%] 	 25,504/31,879 	 05:07:58
[81%] 	 25,822/31,879 	 05:11:48
[82%] 	 26,141/31,879 	 05:15:23
[83%] 	 26,460/31,879 	 05:19:07
[84%] 	 26,779/31,879 	 05:23:00
[85%] 	 27,098/31,879 	 05:26:45
Match: Event 99856237, Lines 2
[86%] 	 27,416/31,879 	 05:30:28
[87%] 	 27,735/31,879 	 05:34:10
[88%] 	 28,054/31,879 	 05:38:05
Match: Event 99884861, Lines 2
[89%] 	 28,373/31,879 	 05:41:53
Match: Event 99898237, Lines 2
[90%] 	 28,692/31,879 	 05:45:32
[91%] 	 29,010/31,879 	 05:49:20
[92%] 	 29,329/31,879 	 05:52:56
Match: Event 99924572, Lines 2
[93%] 	 29,648/31,879 	 05:56:20
[94%] 	 29,967/31,879 	 05:59:52
[95%] 	 30,286/31,879 	 06:03:17
Match: Event 99952229, Lines 2
[96%] 	 30,604/31,879 	 06:06:57
[97%] 	 30,923/31,879 	 06:10:35
Match: Event 99972006, Lines 2
Match: Event 99977144, Lines 2
[98%] 	 31,242/31,879 	 06:14:14
[99%] 	 31,561/31,879 	 06:17:44
Finished in 22880.86s.
 ~ 5) DONE !
