search libraries in slc9_x86-64
 ~ 1) Base stack loaded.
 ~ Sleeping for 48 seconds to avoid AFS DDOS...
 ~ 2) Loading sndsw environment...
 ~ 3) SNDSW_ROOT is set to: /afs/cern.ch/user/i/idioniso/snd_master/sw-root6.28/rhel9_x86-64/sndsw/master-local1
 ~ 4) Executing tracking script...
[INFO] The input consists out of the following trees and files: 
[INFO]  - rawConv
[INFO]     - root://eoshome-i.cern.ch//eos/user/i/idioniso/tridents/initial_cuts/tridents_sndsw_raw-0229.root
[INFO] FairRootFileSink initialized.
[INFO]  - cbmout
[INFO]     - dummy
[INFO] Parameter and input file are available, Assure that basic info is there for the run!
[INFO] ---FairRootManager::SpecifyRunId --- 
[INFO] --- Initialize with RunId  --- 0

************************************************************* 
     initialisation for run id 0
************************************************************* 
-I- FairRunTimeDB::InitContainer() FairBaseParSet
-I- FairRunTimeDB::InitContainer() FairGeoParSet

************************************************************* 
     initialisation for run id 0
************************************************************* 
-I- FairRunTimeDB::InitContainer() FairBaseParSet
-I- FairRunTimeDB::InitContainer() FairGeoParSet
[INFO]  Branch: Reco_MuonTracks not found in Tree.
using geofile: root://eospublic.cern.ch//eos/experiment/sndlhc/convertedData/physics/2023/geofile_sndlhc_TI18_V3_2023.root
[0%] 	 0/31,536 	 00:00:49
[1%] 	 316/31,536 	 00:08:04
Match: Event 229013320, Lines 2
[2%] 	 631/31,536 	 00:14:17
[3%] 	 947/31,536 	 00:19:15
Match: Event 229034059, Lines 2
[4%] 	 1,262/31,536 	 00:24:13
[5%] 	 1,577/31,536 	 00:29:47
Match: Event 229057662, Lines 2
[6%] 	 1,893/31,536 	 00:36:17
Match: Event 229063357, Lines 2
[7%] 	 2,208/31,536 	 00:41:31
[8%] 	 2,523/31,536 	 00:47:13
[9%] 	 2,839/31,536 	 00:52:05
[10%] 	 3,154/31,536 	 00:56:55
[11%] 	 3,469/31,536 	 01:01:45
[12%] 	 3,785/31,536 	 01:07:16
[13%] 	 4,100/31,536 	 01:12:31
[14%] 	 4,416/31,536 	 01:17:33
Match: Event 229140036, Lines 2
[15%] 	 4,731/31,536 	 01:22:20
[16%] 	 5,046/31,536 	 01:28:28
[17%] 	 5,362/31,536 	 01:34:31
Match: Event 229176372, Lines 2
[18%] 	 5,677/31,536 	 01:40:30
[19%] 	 5,992/31,536 	 01:46:31
[20%] 	 6,308/31,536 	 01:53:01
[21%] 	 6,623/31,536 	 01:59:13
[22%] 	 6,938/31,536 	 02:05:02
Match: Event 229224400, Lines 2
Match: Event 229229157, Lines 2
[23%] 	 7,254/31,536 	 02:10:52
[24%] 	 7,569/31,536 	 02:16:01
[25%] 	 7,884/31,536 	 02:21:36
[26%] 	 8,200/31,536 	 02:27:23
Match: Event 229266292, Lines 2
[27%] 	 8,515/31,536 	 02:32:58
[28%] 	 8,831/31,536 	 02:38:53
[29%] 	 9,146/31,536 	 02:44:51
Match: Event 229291192, Lines 2
[30%] 	 9,461/31,536 	 02:50:38
Match: Event 229308471, Lines 2
[31%] 	 9,777/31,536 	 02:56:29
[32%] 	 10,092/31,536 	 03:01:47
[33%] 	 10,407/31,536 	 03:07:50
Match: Event 229329824, Lines 2
Match: Event 229330104, Lines 2
Match: Event 229333250, Lines 2
[34%] 	 10,723/31,536 	 03:13:06
Match: Event 229347923, Lines 2
[35%] 	 11,038/31,536 	 03:18:08
[36%] 	 11,353/31,536 	 03:23:09
Match: Event 229364967, Lines 2
[37%] 	 11,669/31,536 	 03:28:46
[38%] 	 11,984/31,536 	 03:34:46
[39%] 	 12,300/31,536 	 03:40:22
[40%] 	 12,615/31,536 	 03:45:24
[41%] 	 12,930/31,536 	 03:50:59
Match: Event 229418075, Lines 2
[42%] 	 13,246/31,536 	 03:56:16
Match: Event 229419652, Lines 2
Match: Event 229420731, Lines 2
[43%] 	 13,561/31,536 	 04:01:49
[44%] 	 13,876/31,536 	 04:07:38
[45%] 	 14,192/31,536 	 04:13:52
[46%] 	 14,507/31,536 	 04:18:59
[47%] 	 14,822/31,536 	 04:24:40
Match: Event 229474596, Lines 2
[48%] 	 15,138/31,536 	 04:30:17
[49%] 	 15,453/31,536 	 04:35:51
[50%] 	 15,768/31,536 	 04:41:49
[51%] 	 16,084/31,536 	 04:47:44
Match: Event 229513221, Lines 2
[52%] 	 16,399/31,536 	 04:55:05
[53%] 	 16,715/31,536 	 05:02:18
[54%] 	 17,030/31,536 	 05:08:54
[55%] 	 17,345/31,536 	 05:14:09
Match: Event 229556537, Lines 2
[56%] 	 17,661/31,536 	 05:20:03
Match: Event 229563466, Lines 2
[57%] 	 17,976/31,536 	 05:25:33
[58%] 	 18,291/31,536 	 05:31:20
[59%] 	 18,607/31,536 	 05:37:41
[60%] 	 18,922/31,536 	 05:43:08
[61%] 	 19,237/31,536 	 05:49:30
Match: Event 229614355, Lines 2
[62%] 	 19,553/31,536 	 05:54:58
[63%] 	 19,868/31,536 	 05:59:57
Match: Event 229627922, Lines 2
Match: Event 229629107, Lines 2
[64%] 	 20,184/31,536 	 06:05:35
[65%] 	 20,499/31,536 	 06:11:30
[66%] 	 20,814/31,536 	 06:17:00
[67%] 	 21,130/31,536 	 06:22:13
Match: Event 229672094, Lines 2
[68%] 	 21,445/31,536 	 06:28:01
[69%] 	 21,760/31,536 	 06:34:04
[70%] 	 22,076/31,536 	 06:40:28
[71%] 	 22,391/31,536 	 06:46:04
Match: Event 229712551, Lines 2
[72%] 	 22,706/31,536 	 06:51:20
[73%] 	 23,022/31,536 	 06:57:32
Match: Event 229727488, Lines 2
Match: Event 229735036, Lines 2
[74%] 	 23,337/31,536 	 07:03:06
[75%] 	 23,652/31,536 	 07:09:26
[76%] 	 23,968/31,536 	 07:15:33
[77%] 	 24,283/31,536 	 07:21:27
[78%] 	 24,599/31,536 	 07:26:16
[79%] 	 24,914/31,536 	 07:31:08
[80%] 	 25,229/31,536 	 07:36:12
[81%] 	 25,545/31,536 	 07:41:51
[82%] 	 25,860/31,536 	 07:48:22
[83%] 	 26,175/31,536 	 07:54:59
Match: Event 229836796, Lines 3
Match: Event 229837580, Lines 2
[84%] 	 26,491/31,536 	 08:01:16
[85%] 	 26,806/31,536 	 08:07:32
[86%] 	 27,121/31,536 	 08:14:52
[87%] 	 27,437/31,536 	 08:21:48
Match: Event 229871186, Lines 2
[88%] 	 27,752/31,536 	 08:27:52
Match: Event 229886359, Lines 2
[89%] 	 28,068/31,536 	 08:34:00
[90%] 	 28,383/31,536 	 08:39:50
[91%] 	 28,698/31,536 	 08:45:57
[92%] 	 29,014/31,536 	 08:52:34
Match: Event 229923234, Lines 2
Match: Event 229923443, Lines 2
[93%] 	 29,329/31,536 	 08:58:01
[94%] 	 29,644/31,536 	 09:03:29
Match: Event 229947054, Lines 2
[95%] 	 29,960/31,536 	 09:09:01
Match: Event 229952144, Lines 2
[96%] 	 30,275/31,536 	 09:14:17
[97%] 	 30,590/31,536 	 09:19:10
[98%] 	 30,906/31,536 	 09:24:56
Match: Event 229988233, Lines 2
[99%] 	 31,221/31,536 	 09:30:43
Finished in 34534.18s.
 ~ 5) DONE !
