search libraries in slc9_x86-64
 ~ 1) Base stack loaded.
 ~ Sleeping for 17 seconds to avoid AFS DDOS...
 ~ 2) Loading sndsw environment...
 ~ 3) SNDSW_ROOT is set to: /afs/cern.ch/user/i/idioniso/snd_master/sw-root6.28/rhel9_x86-64/sndsw/master-local1
 ~ 4) Executing tracking script...
[INFO] The input consists out of the following trees and files: 
[INFO]  - rawConv
[INFO]     - root://eoshome-i.cern.ch//eos/user/i/idioniso/tridents/initial_cuts/tridents_sndsw_raw-0185.root
[INFO] FairRootFileSink initialized.
[INFO]  - cbmout
[INFO]     - dummy
[INFO] Parameter and input file are available, Assure that basic info is there for the run!
[INFO] ---FairRootManager::SpecifyRunId --- 
[INFO] --- Initialize with RunId  --- 0

************************************************************* 
     initialisation for run id 0
************************************************************* 
-I- FairRunTimeDB::InitContainer() FairBaseParSet
-I- FairRunTimeDB::InitContainer() FairGeoParSet

************************************************************* 
     initialisation for run id 0
************************************************************* 
-I- FairRunTimeDB::InitContainer() FairBaseParSet
-I- FairRunTimeDB::InitContainer() FairGeoParSet
[INFO]  Branch: Reco_MuonTracks not found in Tree.
using geofile: root://eospublic.cern.ch//eos/experiment/sndlhc/convertedData/physics/2023/geofile_sndlhc_TI18_V3_2023.root
[0%] 	 0/31,959 	 00:00:09
Match: Event 185000073, Lines 2
Match: Event 185002529, Lines 2
Match: Event 185003486, Lines 2
Match: Event 185003647, Lines 2
Match: Event 185004192, Lines 2
Match: Event 185004236, Lines 2
Match: Event 185006072, Lines 2
Match: Event 185006891, Lines 2
Match: Event 185006900, Lines 2
Match: Event 185006974, Lines 2
Match: Event 185007186, Lines 2
Match: Event 185007341, Lines 2
Match: Event 185007751, Lines 2
Match: Event 185007782, Lines 2
Match: Event 185007808, Lines 3
Match: Event 185008412, Lines 2
Match: Event 185009158, Lines 2
Match: Event 185009270, Lines 2
Match: Event 185009496, Lines 2
Match: Event 185009949, Lines 2
[1%] 	 320/31,959 	 00:08:03
Match: Event 185011077, Lines 2
Match: Event 185011328, Lines 2
Match: Event 185012039, Lines 3
Match: Event 185012511, Lines 2
Match: Event 185012799, Lines 2
Match: Event 185012938, Lines 2
Match: Event 185015119, Lines 2
Match: Event 185015534, Lines 2
Match: Event 185015815, Lines 2
Match: Event 185017039, Lines 2
Match: Event 185017206, Lines 2
Match: Event 185018379, Lines 2
Match: Event 185018390, Lines 2
[2%] 	 640/31,959 	 00:15:44
Match: Event 185021658, Lines 2
Match: Event 185022901, Lines 2
Match: Event 185023917, Lines 2
Match: Event 185024521, Lines 2
Match: Event 185026555, Lines 2
Match: Event 185026957, Lines 2
Match: Event 185028209, Lines 2
Match: Event 185028577, Lines 2
Match: Event 185028751, Lines 2
Match: Event 185029179, Lines 2
Match: Event 185029403, Lines 2
Match: Event 185030346, Lines 2
[3%] 	 959/31,959 	 00:23:14
Match: Event 185031283, Lines 2
Match: Event 185031297, Lines 2
Match: Event 185031563, Lines 2
Match: Event 185031605, Lines 2
Match: Event 185032221, Lines 2
Match: Event 185032702, Lines 2
Match: Event 185033052, Lines 2
Match: Event 185033145, Lines 2
Match: Event 185035821, Lines 2
Match: Event 185038001, Lines 2
Match: Event 185038534, Lines 2
Match: Event 185039470, Lines 2
Match: Event 185039901, Lines 2
Match: Event 185039934, Lines 2
Match: Event 185041077, Lines 2
Match: Event 185041134, Lines 2
Match: Event 185041372, Lines 2
[4%] 	 1,279/31,959 	 00:30:54
Match: Event 185041572, Lines 2
Match: Event 185041674, Lines 2
Match: Event 185043075, Lines 2
Match: Event 185043822, Lines 2
Match: Event 185043855, Lines 2
Match: Event 185044129, Lines 2
Match: Event 185044917, Lines 2
Match: Event 185044973, Lines 2
Match: Event 185045531, Lines 2
Match: Event 185046928, Lines 2
Match: Event 185046994, Lines 2
Match: Event 185047346, Lines 2
Match: Event 185047600, Lines 3
Match: Event 185047724, Lines 2
Match: Event 185048510, Lines 2
Match: Event 185049390, Lines 2
Match: Event 185049620, Lines 2
Match: Event 185049767, Lines 2
Match: Event 185049808, Lines 2
Match: Event 185049953, Lines 2
Match: Event 185050012, Lines 2
Match: Event 185050093, Lines 2
Match: Event 185050177, Lines 2
[5%] 	 1,598/31,959 	 00:38:38
Match: Event 185050655, Lines 2
Match: Event 185050686, Lines 2
Match: Event 185050974, Lines 2
Match: Event 185052140, Lines 2
Match: Event 185052548, Lines 2
Match: Event 185053442, Lines 2
Match: Event 185053826, Lines 2
Match: Event 185055114, Lines 2
Match: Event 185055421, Lines 2
Match: Event 185055788, Lines 2
Match: Event 185056017, Lines 2
Match: Event 185056222, Lines 2
Match: Event 185056337, Lines 2
Match: Event 185056401, Lines 2
Match: Event 185056461, Lines 2
Match: Event 185056665, Lines 2
Match: Event 185056794, Lines 2
Match: Event 185057988, Lines 2
Match: Event 185059151, Lines 2
Match: Event 185059627, Lines 2
Match: Event 185060950, Lines 2
Match: Event 185061147, Lines 2
[6%] 	 1,918/31,959 	 00:46:51
Match: Event 185063035, Lines 2
Match: Event 185063524, Lines 2
Match: Event 185063686, Lines 2
Match: Event 185064312, Lines 2
Match: Event 185064385, Lines 2
Match: Event 185064929, Lines 2
Match: Event 185065161, Lines 2
Match: Event 185065482, Lines 2
Match: Event 185065799, Lines 2
Match: Event 185066686, Lines 2
Match: Event 185066790, Lines 2
Match: Event 185066893, Lines 2
Match: Event 185066991, Lines 3
Match: Event 185067023, Lines 2
Match: Event 185067487, Lines 2
Match: Event 185067598, Lines 2
Match: Event 185067616, Lines 2
Match: Event 185068535, Lines 2
[7%] 	 2,238/31,959 	 00:55:31
Match: Event 185072077, Lines 2
Match: Event 185072723, Lines 2
Match: Event 185073911, Lines 2
Match: Event 185074391, Lines 2
Match: Event 185074782, Lines 2
Match: Event 185075049, Lines 2
Match: Event 185075671, Lines 2
Match: Event 185077471, Lines 2
Match: Event 185078198, Lines 2
Match: Event 185078285, Lines 2
Match: Event 185078379, Lines 3
Match: Event 185078558, Lines 2
Match: Event 185078584, Lines 2
Match: Event 185079057, Lines 2
Match: Event 185079518, Lines 2
Match: Event 185080051, Lines 2
[8%] 	 2,557/31,959 	 01:03:49
Match: Event 185080488, Lines 2
Match: Event 185080914, Lines 2
Match: Event 185081525, Lines 2
Match: Event 185083125, Lines 3
Match: Event 185083293, Lines 2
Match: Event 185084268, Lines 2
Match: Event 185084419, Lines 2
Match: Event 185084875, Lines 2
Match: Event 185085568, Lines 2
Match: Event 185087360, Lines 2
Match: Event 185087446, Lines 2
Match: Event 185089154, Lines 2
[9%] 	 2,877/31,959 	 01:11:39
Match: Event 185091420, Lines 2
Match: Event 185091480, Lines 2
Match: Event 185091739, Lines 2
Match: Event 185092837, Lines 2
Match: Event 185093511, Lines 2
Match: Event 185093867, Lines 2
Match: Event 185094657, Lines 3
Match: Event 185095393, Lines 2
Match: Event 185095419, Lines 2
Match: Event 185095845, Lines 2
Match: Event 185096218, Lines 2
Match: Event 185099713, Lines 2
Match: Event 185100081, Lines 3
[10%] 	 3,196/31,959 	 01:20:24
Match: Event 185100998, Lines 2
Match: Event 185101541, Lines 2
Match: Event 185102784, Lines 2
Match: Event 185102865, Lines 2
Match: Event 185103274, Lines 2
Match: Event 185103855, Lines 2
Match: Event 185105436, Lines 2
Match: Event 185107358, Lines 2
Match: Event 185107540, Lines 2
Match: Event 185108590, Lines 2
Match: Event 185108746, Lines 2
Match: Event 185109661, Lines 2
[11%] 	 3,516/31,959 	 01:28:12
Match: Event 185111893, Lines 2
Match: Event 185114735, Lines 2
Match: Event 185120016, Lines 2
Match: Event 185120106, Lines 2
Match: Event 185120233, Lines 2
Match: Event 185120511, Lines 2
Match: Event 185121332, Lines 2
[12%] 	 3,836/31,959 	 01:35:40
Match: Event 185121598, Lines 2
Match: Event 185122035, Lines 2
Match: Event 185124087, Lines 2
Match: Event 185126463, Lines 3
Match: Event 185127524, Lines 2
Match: Event 185128384, Lines 2
Match: Event 185129373, Lines 2
Match: Event 185129612, Lines 2
Match: Event 185131854, Lines 2
[13%] 	 4,155/31,959 	 01:43:26
Match: Event 185132177, Lines 2
Match: Event 185133024, Lines 2
Match: Event 185133043, Lines 2
Match: Event 185133980, Lines 2
Match: Event 185134009, Lines 2
Match: Event 185134128, Lines 2
Match: Event 185135912, Lines 2
Match: Event 185136213, Lines 2
Match: Event 185136641, Lines 2
Match: Event 185136876, Lines 2
Match: Event 185138203, Lines 2
Match: Event 185139375, Lines 2
Match: Event 185139935, Lines 2
Match: Event 185140683, Lines 2
Match: Event 185141413, Lines 2
Match: Event 185141745, Lines 2
[14%] 	 4,475/31,959 	 01:51:24
Match: Event 185142346, Lines 2
Match: Event 185143194, Lines 3
Match: Event 185143857, Lines 2
Match: Event 185145529, Lines 2
Match: Event 185145572, Lines 2
Match: Event 185145800, Lines 2
Match: Event 185147307, Lines 2
Match: Event 185147721, Lines 2
Match: Event 185148592, Lines 2
Match: Event 185148670, Lines 3
Match: Event 185148680, Lines 2
Match: Event 185149325, Lines 2
Match: Event 185149835, Lines 2
Match: Event 185150103, Lines 2
Match: Event 185150195, Lines 2
Match: Event 185151093, Lines 2
[15%] 	 4,794/31,959 	 01:59:35
Match: Event 185152521, Lines 2
Match: Event 185152534, Lines 2
Match: Event 185152683, Lines 2
Match: Event 185154150, Lines 2
Match: Event 185154159, Lines 2
Match: Event 185154553, Lines 2
Match: Event 185154625, Lines 2
Match: Event 185154832, Lines 2
Match: Event 185155919, Lines 2
Match: Event 185156129, Lines 2
Match: Event 185157033, Lines 2
Match: Event 185157089, Lines 2
Match: Event 185158481, Lines 2
Match: Event 185158567, Lines 2
Match: Event 185159141, Lines 3
Match: Event 185160554, Lines 2
Match: Event 185160741, Lines 2
Match: Event 185160838, Lines 2
Match: Event 185161639, Lines 2
Match: Event 185161687, Lines 2
Match: Event 185162275, Lines 2
[16%] 	 5,114/31,959 	 02:07:40
Match: Event 185162500, Lines 2
Match: Event 185163159, Lines 2
Match: Event 185163186, Lines 2
Match: Event 185163527, Lines 2
Match: Event 185164301, Lines 2
Match: Event 185164664, Lines 2
Match: Event 185166925, Lines 3
Match: Event 185168066, Lines 2
Match: Event 185168450, Lines 2
Match: Event 185168515, Lines 2
Match: Event 185170896, Lines 2
Match: Event 185171105, Lines 2
Match: Event 185171940, Lines 2
[17%] 	 5,434/31,959 	 02:15:44
Match: Event 185172531, Lines 2
Match: Event 185172831, Lines 2
Match: Event 185173143, Lines 2
Match: Event 185174238, Lines 2
Match: Event 185174634, Lines 2
Match: Event 185175502, Lines 2
Match: Event 185175654, Lines 2
Match: Event 185176009, Lines 2
Match: Event 185176925, Lines 2
Match: Event 185177338, Lines 2
Match: Event 185178987, Lines 2
Match: Event 185179030, Lines 2
Match: Event 185179289, Lines 2
Match: Event 185180001, Lines 2
Match: Event 185180770, Lines 2
Match: Event 185180872, Lines 2
Match: Event 185181266, Lines 2
Match: Event 185181437, Lines 2
[18%] 	 5,753/31,959 	 02:23:58
Match: Event 185182270, Lines 3
Match: Event 185182338, Lines 2
Match: Event 185182615, Lines 2
Match: Event 185183893, Lines 2
Match: Event 185184084, Lines 2
Match: Event 185184351, Lines 2
Match: Event 185185131, Lines 2
Match: Event 185185603, Lines 2
Match: Event 185188573, Lines 3
Match: Event 185189252, Lines 2
Match: Event 185189538, Lines 2
Match: Event 185189830, Lines 2
Match: Event 185190350, Lines 2
Match: Event 185191084, Lines 2
Match: Event 185191382, Lines 2
Match: Event 185191713, Lines 2
[19%] 	 6,073/31,959 	 02:31:56
Match: Event 185192157, Lines 2
Match: Event 185192459, Lines 2
Match: Event 185193232, Lines 2
Match: Event 185193837, Lines 2
Match: Event 185195647, Lines 2
Match: Event 185196488, Lines 2
Match: Event 185196609, Lines 2
Match: Event 185197731, Lines 2
Match: Event 185197921, Lines 2
Match: Event 185198393, Lines 2
Match: Event 185198601, Lines 2
Match: Event 185199118, Lines 2
Match: Event 185200366, Lines 2
Match: Event 185201563, Lines 2
Match: Event 185201664, Lines 2
[20%] 	 6,392/31,959 	 02:39:33
Match: Event 185204223, Lines 2
Match: Event 185204479, Lines 2
Match: Event 185205276, Lines 2
Match: Event 185205371, Lines 2
Match: Event 185205923, Lines 2
Match: Event 185206085, Lines 2
Match: Event 185206743, Lines 2
Match: Event 185206870, Lines 2
Match: Event 185206914, Lines 2
Match: Event 185207724, Lines 2
Match: Event 185208021, Lines 2
Match: Event 185209056, Lines 2
Match: Event 185209058, Lines 2
Match: Event 185209100, Lines 2
Match: Event 185209860, Lines 2
Match: Event 185210671, Lines 2
Match: Event 185210853, Lines 2
Match: Event 185210935, Lines 3
[21%] 	 6,712/31,959 	 02:47:34
Match: Event 185211378, Lines 2
Match: Event 185211554, Lines 2
Match: Event 185212595, Lines 2
Match: Event 185212981, Lines 2
Match: Event 185213251, Lines 2
Match: Event 185213777, Lines 2
Match: Event 185214815, Lines 2
Match: Event 185215073, Lines 2
Match: Event 185215832, Lines 3
Match: Event 185216451, Lines 2
Match: Event 185217654, Lines 2
Match: Event 185218543, Lines 2
Match: Event 185219706, Lines 2
Match: Event 185219958, Lines 2
Match: Event 185220188, Lines 2
Match: Event 185221453, Lines 2
[22%] 	 7,031/31,959 	 02:55:47
Match: Event 185222133, Lines 2
Match: Event 185223436, Lines 2
Match: Event 185223547, Lines 2
Match: Event 185224361, Lines 2
Match: Event 185224450, Lines 2
Match: Event 185224702, Lines 2
Match: Event 185225641, Lines 2
Match: Event 185225912, Lines 2
Match: Event 185226915, Lines 2
Match: Event 185226976, Lines 2
Match: Event 185228567, Lines 2
Match: Event 185229182, Lines 2
Match: Event 185230058, Lines 3
Match: Event 185230198, Lines 2
Match: Event 185230698, Lines 2
Match: Event 185231260, Lines 2
[23%] 	 7,351/31,959 	 03:03:31
Match: Event 185233093, Lines 2
Match: Event 185233234, Lines 2
Match: Event 185234614, Lines 2
Match: Event 185236365, Lines 2
Match: Event 185236961, Lines 2
Match: Event 185237215, Lines 2
Match: Event 185237400, Lines 2
Match: Event 185238272, Lines 2
Match: Event 185238867, Lines 2
Match: Event 185239878, Lines 3
Match: Event 185239887, Lines 2
Match: Event 185239954, Lines 2
Match: Event 185241064, Lines 2
Match: Event 185241694, Lines 2
Match: Event 185241955, Lines 2
Match: Event 185242238, Lines 2
[24%] 	 7,671/31,959 	 03:11:34
Match: Event 185243221, Lines 2
Match: Event 185243246, Lines 2
Match: Event 185244136, Lines 2
Match: Event 185244780, Lines 2
Match: Event 185245246, Lines 2
Match: Event 185245627, Lines 2
Match: Event 185246045, Lines 2
Match: Event 185248138, Lines 3
Match: Event 185248268, Lines 2
Match: Event 185248464, Lines 2
Match: Event 185249141, Lines 2
Match: Event 185249286, Lines 2
Match: Event 185249372, Lines 2
Match: Event 185250842, Lines 2
Match: Event 185252052, Lines 3
[25%] 	 7,990/31,959 	 03:19:57
Match: Event 185252789, Lines 2
Match: Event 185253075, Lines 3
Match: Event 185253206, Lines 2
Match: Event 185253596, Lines 2
Match: Event 185253823, Lines 2
Match: Event 185253889, Lines 2
Match: Event 185254151, Lines 2
Match: Event 185254361, Lines 2
Match: Event 185254539, Lines 2
Match: Event 185254806, Lines 2
Match: Event 185257606, Lines 2
Match: Event 185258122, Lines 2
Match: Event 185258146, Lines 2
Match: Event 185258368, Lines 2
Match: Event 185258557, Lines 2
Match: Event 185259470, Lines 3
Match: Event 185260035, Lines 2
Match: Event 185260205, Lines 2
Match: Event 185261161, Lines 2
Match: Event 185261349, Lines 2
[26%] 	 8,310/31,959 	 03:28:25
Match: Event 185262161, Lines 2
Match: Event 185262943, Lines 2
Match: Event 185264460, Lines 2
Match: Event 185267571, Lines 2
Match: Event 185268197, Lines 2
Match: Event 185269611, Lines 2
Match: Event 185270685, Lines 2
Match: Event 185270905, Lines 2
Match: Event 185271550, Lines 2
[27%] 	 8,629/31,959 	 03:36:41
Match: Event 185272279, Lines 2
Match: Event 185272557, Lines 2
Match: Event 185272916, Lines 2
Match: Event 185273411, Lines 2
Match: Event 185273542, Lines 2
Match: Event 185274953, Lines 2
Match: Event 185275325, Lines 2
Match: Event 185277665, Lines 2
Match: Event 185278329, Lines 2
Match: Event 185278362, Lines 2
Match: Event 185279284, Lines 2
Match: Event 185279857, Lines 2
Match: Event 185280070, Lines 3
Match: Event 185280961, Lines 2
Match: Event 185281106, Lines 2
Match: Event 185282671, Lines 2
[28%] 	 8,949/31,959 	 03:44:50
Match: Event 185283492, Lines 2
Match: Event 185284210, Lines 2
Match: Event 185285097, Lines 2
Match: Event 185285340, Lines 2
Match: Event 185286323, Lines 2
Match: Event 185286448, Lines 2
Match: Event 185287051, Lines 3
Match: Event 185287351, Lines 2
Match: Event 185287519, Lines 2
Match: Event 185288198, Lines 2
Match: Event 185288414, Lines 2
Match: Event 185289407, Lines 2
Match: Event 185289920, Lines 2
Match: Event 185290662, Lines 2
Match: Event 185291329, Lines 2
Match: Event 185291463, Lines 2
Match: Event 185291920, Lines 2
Match: Event 185292199, Lines 2
Match: Event 185292293, Lines 2
Match: Event 185292468, Lines 2
Match: Event 185292812, Lines 2
[29%] 	 9,269/31,959 	 03:53:03
Match: Event 185293488, Lines 2
Match: Event 185293491, Lines 2
Match: Event 185293577, Lines 2
Match: Event 185294764, Lines 2
Match: Event 185294978, Lines 2
Match: Event 185295956, Lines 2
Match: Event 185296956, Lines 2
Match: Event 185297013, Lines 2
Match: Event 185297570, Lines 2
Match: Event 185299901, Lines 2
Match: Event 185300512, Lines 2
Match: Event 185300583, Lines 2
Match: Event 185302305, Lines 2
Match: Event 185302854, Lines 2
[30%] 	 9,588/31,959 	 04:01:02
Match: Event 185303978, Lines 3
Match: Event 185304170, Lines 2
Match: Event 185304419, Lines 2
Match: Event 185304676, Lines 2
Match: Event 185305156, Lines 2
Match: Event 185305194, Lines 2
Match: Event 185305472, Lines 2
Match: Event 185305795, Lines 3
Match: Event 185307299, Lines 2
Match: Event 185307328, Lines 2
Match: Event 185308567, Lines 2
Match: Event 185308596, Lines 2
Match: Event 185308693, Lines 2
Match: Event 185309612, Lines 2
Match: Event 185310168, Lines 2
Match: Event 185311117, Lines 2
Match: Event 185311194, Lines 2
Match: Event 185311346, Lines 2
Match: Event 185312144, Lines 2
Match: Event 185312668, Lines 2
Match: Event 185313133, Lines 2
Match: Event 185313161, Lines 2
Match: Event 185313985, Lines 2
[31%] 	 9,908/31,959 	 04:09:54
Match: Event 185314542, Lines 2
Match: Event 185316757, Lines 2
Match: Event 185316830, Lines 2
Match: Event 185318205, Lines 2
Match: Event 185318281, Lines 2
Match: Event 185319094, Lines 2
Match: Event 185319497, Lines 3
Match: Event 185319815, Lines 2
Match: Event 185320268, Lines 2
Match: Event 185320422, Lines 2
Match: Event 185320636, Lines 2
Match: Event 185320876, Lines 2
Match: Event 185321749, Lines 2
Match: Event 185322366, Lines 2
[32%] 	 10,227/31,959 	 04:18:15
Match: Event 185325525, Lines 2
Match: Event 185325602, Lines 2
Match: Event 185325695, Lines 3
Match: Event 185325816, Lines 2
Match: Event 185326001, Lines 2
Match: Event 185326142, Lines 2
Match: Event 185326151, Lines 2
Match: Event 185327463, Lines 2
Match: Event 185327626, Lines 2
Match: Event 185328160, Lines 2
Match: Event 185328658, Lines 2
Match: Event 185328812, Lines 2
Match: Event 185330510, Lines 2
Match: Event 185331097, Lines 2
[33%] 	 10,547/31,959 	 04:26:29
Match: Event 185335343, Lines 2
Match: Event 185335745, Lines 3
Match: Event 185337048, Lines 2
Match: Event 185337172, Lines 2
Match: Event 185337228, Lines 2
Match: Event 185337417, Lines 2
Match: Event 185338500, Lines 2
Match: Event 185340153, Lines 2
Match: Event 185341370, Lines 2
Match: Event 185341908, Lines 2
Match: Event 185342195, Lines 2
Match: Event 185344382, Lines 2
[34%] 	 10,867/31,959 	 04:34:36
Match: Event 185345129, Lines 2
Match: Event 185345301, Lines 2
Match: Event 185346789, Lines 3
Match: Event 185346952, Lines 2
Match: Event 185347032, Lines 2
Match: Event 185347236, Lines 2
Match: Event 185348212, Lines 2
Match: Event 185348989, Lines 2
Match: Event 185349055, Lines 2
Match: Event 185349076, Lines 2
Match: Event 185349728, Lines 2
Match: Event 185351870, Lines 2
Match: Event 185352099, Lines 2
Match: Event 185353185, Lines 2
Match: Event 185354267, Lines 2
Match: Event 185354485, Lines 2
[35%] 	 11,186/31,959 	 04:42:52
Match: Event 185355893, Lines 2
Match: Event 185357284, Lines 2
Match: Event 185357373, Lines 2
Match: Event 185359189, Lines 2
Match: Event 185359661, Lines 2
Match: Event 185360025, Lines 2
Match: Event 185361334, Lines 2
Match: Event 185361912, Lines 2
Match: Event 185362153, Lines 2
Match: Event 185362328, Lines 2
Match: Event 185362567, Lines 2
Match: Event 185362651, Lines 2
Match: Event 185363229, Lines 2
Match: Event 185364320, Lines 2
Match: Event 185364337, Lines 2
Match: Event 185364529, Lines 2
Match: Event 185364805, Lines 2
Match: Event 185364948, Lines 2
[36%] 	 11,506/31,959 	 04:51:18
Match: Event 185365705, Lines 2
Match: Event 185367852, Lines 2
Match: Event 185367974, Lines 2
Match: Event 185368574, Lines 2
Match: Event 185370920, Lines 3
Match: Event 185372883, Lines 2
Match: Event 185373491, Lines 2
Match: Event 185374584, Lines 2
[37%] 	 11,825/31,959 	 04:59:16
Match: Event 185375709, Lines 2
Match: Event 185376142, Lines 3
Match: Event 185376305, Lines 2
Match: Event 185376690, Lines 2
Match: Event 185377029, Lines 2
Match: Event 185377401, Lines 2
Match: Event 185377834, Lines 2
Match: Event 185378282, Lines 2
Match: Event 185379063, Lines 2
Match: Event 185379276, Lines 2
Match: Event 185381430, Lines 2
Match: Event 185381663, Lines 2
Match: Event 185382058, Lines 2
Match: Event 185382187, Lines 2
Match: Event 185382514, Lines 2
Match: Event 185382711, Lines 2
Match: Event 185382860, Lines 2
Match: Event 185383132, Lines 2
Match: Event 185384611, Lines 2
[38%] 	 12,145/31,959 	 05:07:15
Match: Event 185385998, Lines 2
Match: Event 185386526, Lines 2
Match: Event 185386547, Lines 2
Match: Event 185386790, Lines 2
Match: Event 185387094, Lines 2
Match: Event 185387193, Lines 2
Match: Event 185388093, Lines 2
Match: Event 185388801, Lines 2
Match: Event 185389319, Lines 2
Match: Event 185390089, Lines 2
Match: Event 185390265, Lines 2
Match: Event 185390648, Lines 2
Match: Event 185391357, Lines 2
Match: Event 185391620, Lines 2
Match: Event 185391638, Lines 2
Match: Event 185392274, Lines 2
Match: Event 185393092, Lines 2
Match: Event 185393816, Lines 2
[39%] 	 12,465/31,959 	 05:15:12
Match: Event 185395738, Lines 2
Match: Event 185398131, Lines 2
Match: Event 185399005, Lines 2
Match: Event 185399130, Lines 2
Match: Event 185400787, Lines 2
Match: Event 185400868, Lines 2
Match: Event 185400959, Lines 2
Match: Event 185401125, Lines 2
Match: Event 185401906, Lines 2
Match: Event 185402178, Lines 2
Match: Event 185402810, Lines 2
Match: Event 185403845, Lines 2
Match: Event 185404164, Lines 2
Match: Event 185404298, Lines 2
Match: Event 185404669, Lines 3
[40%] 	 12,784/31,959 	 05:23:43
Match: Event 185405699, Lines 2
Match: Event 185407230, Lines 2
Match: Event 185407833, Lines 2
Match: Event 185408009, Lines 2
Match: Event 185408523, Lines 2
Match: Event 185409474, Lines 2
Match: Event 185409858, Lines 2
Match: Event 185411428, Lines 2
Match: Event 185412321, Lines 2
Match: Event 185412389, Lines 2
Match: Event 185412696, Lines 3
Match: Event 185413392, Lines 2
[41%] 	 13,104/31,959 	 05:33:01
Match: Event 185415880, Lines 2
Match: Event 185416003, Lines 3
Match: Event 185416304, Lines 2
Match: Event 185418663, Lines 2
Match: Event 185420152, Lines 2
Match: Event 185420179, Lines 2
Match: Event 185421773, Lines 3
Match: Event 185422340, Lines 2
Match: Event 185423064, Lines 2
Match: Event 185424096, Lines 2
Match: Event 185424570, Lines 2
[42%] 	 13,423/31,959 	 05:42:05
Match: Event 185425914, Lines 2
Match: Event 185426113, Lines 2
Match: Event 185431241, Lines 2
Match: Event 185431773, Lines 2
Match: Event 185433262, Lines 2
Match: Event 185434055, Lines 2
Match: Event 185434745, Lines 2
[43%] 	 13,743/31,959 	 05:51:11
Match: Event 185435403, Lines 2
Match: Event 185436566, Lines 2
Match: Event 185436573, Lines 2
Match: Event 185437125, Lines 2
Match: Event 185437639, Lines 2
Match: Event 185438504, Lines 2
Match: Event 185440054, Lines 2
Match: Event 185441318, Lines 2
Match: Event 185441494, Lines 2
Match: Event 185441891, Lines 2
Match: Event 185442869, Lines 2
Match: Event 185443627, Lines 2
[44%] 	 14,062/31,959 	 06:00:30
Match: Event 185445598, Lines 2
Match: Event 185447072, Lines 3
Match: Event 185447684, Lines 2
Match: Event 185448661, Lines 2
Match: Event 185448680, Lines 2
Match: Event 185449395, Lines 2
Match: Event 185450023, Lines 2
Match: Event 185451602, Lines 2
Match: Event 185451882, Lines 2
Match: Event 185454371, Lines 2
[45%] 	 14,382/31,959 	 06:09:43
Match: Event 185456630, Lines 2
Match: Event 185456883, Lines 2
Match: Event 185456888, Lines 2
Match: Event 185457268, Lines 2
Match: Event 185457606, Lines 2
Match: Event 185458222, Lines 2
Match: Event 185458428, Lines 2
Match: Event 185459274, Lines 2
Match: Event 185459469, Lines 3
Match: Event 185462962, Lines 2
Match: Event 185463523, Lines 2
Match: Event 185463814, Lines 2
[46%] 	 14,702/31,959 	 06:18:14
Match: Event 185464996, Lines 2
Match: Event 185465165, Lines 2
Match: Event 185465314, Lines 2
Match: Event 185465742, Lines 2
Match: Event 185465911, Lines 2
Match: Event 185466028, Lines 2
Match: Event 185466295, Lines 2
Match: Event 185466419, Lines 2
Match: Event 185466817, Lines 2
Match: Event 185466841, Lines 2
Match: Event 185467832, Lines 2
Match: Event 185468518, Lines 2
Match: Event 185470393, Lines 2
Match: Event 185470425, Lines 2
Match: Event 185470776, Lines 2
Match: Event 185471041, Lines 2
Match: Event 185471787, Lines 2
Match: Event 185471905, Lines 3
Match: Event 185472143, Lines 2
Match: Event 185472980, Lines 2
[47%] 	 15,021/31,959 	 06:26:34
Match: Event 185473659, Lines 2
Match: Event 185473856, Lines 2
Match: Event 185473890, Lines 2
Match: Event 185474276, Lines 2
Match: Event 185475484, Lines 2
Match: Event 185477475, Lines 2
Match: Event 185477870, Lines 2
Match: Event 185479029, Lines 2
Match: Event 185479498, Lines 2
Match: Event 185480589, Lines 2
Match: Event 185480831, Lines 2
Match: Event 185481119, Lines 2
Match: Event 185481255, Lines 2
Match: Event 185481736, Lines 3
Match: Event 185482806, Lines 2
[48%] 	 15,341/31,959 	 06:34:56
Match: Event 185483262, Lines 2
Match: Event 185483527, Lines 2
Match: Event 185484692, Lines 2
Match: Event 185485020, Lines 2
Match: Event 185485633, Lines 3
Match: Event 185485956, Lines 2
Match: Event 185486776, Lines 2
Match: Event 185486885, Lines 2
Match: Event 185487514, Lines 3
Match: Event 185489259, Lines 3
Match: Event 185490908, Lines 2
Match: Event 185491081, Lines 2
Match: Event 185491772, Lines 2
Match: Event 185492720, Lines 2
Match: Event 185493055, Lines 3
[49%] 	 15,660/31,959 	 06:43:31
Match: Event 185493771, Lines 2
Match: Event 185493917, Lines 2
Match: Event 185494237, Lines 2
Match: Event 185495024, Lines 2
Match: Event 185495088, Lines 2
Match: Event 185495853, Lines 2
Match: Event 185496651, Lines 2
Match: Event 185496738, Lines 2
Match: Event 185496785, Lines 2
Match: Event 185497476, Lines 2
Match: Event 185498640, Lines 2
Match: Event 185498961, Lines 2
Match: Event 185499095, Lines 2
Match: Event 185500103, Lines 2
Match: Event 185500410, Lines 2
Match: Event 185500471, Lines 2
Match: Event 185500586, Lines 2
Match: Event 185500623, Lines 2
Match: Event 185500823, Lines 2
[50%] 	 15,980/31,959 	 06:52:35
Match: Event 185502122, Lines 2
Match: Event 185502772, Lines 2
Match: Event 185503151, Lines 2
Match: Event 185503386, Lines 2
Match: Event 185504220, Lines 2
Match: Event 185505067, Lines 2
Match: Event 185505744, Lines 2
Match: Event 185506437, Lines 2
Match: Event 185506656, Lines 2
Match: Event 185506808, Lines 2
Match: Event 185507386, Lines 2
Match: Event 185507738, Lines 2
Match: Event 185507828, Lines 2
Match: Event 185507853, Lines 3
Match: Event 185508313, Lines 2
Match: Event 185508537, Lines 2
Match: Event 185510169, Lines 2
Match: Event 185510170, Lines 2
Match: Event 185510229, Lines 2
Match: Event 185510912, Lines 2
[51%] 	 16,300/31,959 	 07:01:31
Match: Event 185511865, Lines 2
Match: Event 185513536, Lines 2
Match: Event 185514277, Lines 3
Match: Event 185514471, Lines 2
Match: Event 185516829, Lines 2
Match: Event 185517511, Lines 2
Match: Event 185518304, Lines 2
Match: Event 185519024, Lines 2
Match: Event 185519660, Lines 2
Match: Event 185520726, Lines 3
Match: Event 185520833, Lines 2
[52%] 	 16,619/31,959 	 07:10:03
Match: Event 185522171, Lines 2
Match: Event 185523126, Lines 2
Match: Event 185523339, Lines 2
Match: Event 185524923, Lines 2
Match: Event 185525281, Lines 2
Match: Event 185527116, Lines 2
Match: Event 185528733, Lines 2
Match: Event 185528803, Lines 3
Match: Event 185530450, Lines 2
Match: Event 185530508, Lines 2
[53%] 	 16,939/31,959 	 07:17:13
Match: Event 185531536, Lines 2
Match: Event 185532733, Lines 2
Match: Event 185533151, Lines 2
Match: Event 185533346, Lines 2
Match: Event 185533762, Lines 2
Match: Event 185535290, Lines 2
Match: Event 185535336, Lines 2
Match: Event 185537938, Lines 2
Match: Event 185538484, Lines 2
Match: Event 185539677, Lines 2
Match: Event 185539776, Lines 2
Match: Event 185540227, Lines 2
Match: Event 185542386, Lines 2
[54%] 	 17,258/31,959 	 07:24:37
Match: Event 185544611, Lines 2
Match: Event 185544956, Lines 2
Match: Event 185545388, Lines 2
Match: Event 185545430, Lines 2
Match: Event 185545636, Lines 2
Match: Event 185546480, Lines 3
Match: Event 185546936, Lines 2
Match: Event 185548219, Lines 2
Match: Event 185548287, Lines 2
Match: Event 185548351, Lines 2
Match: Event 185550392, Lines 2
Match: Event 185550435, Lines 2
Match: Event 185552043, Lines 2
Match: Event 185552098, Lines 2
[55%] 	 17,578/31,959 	 07:32:17
Match: Event 185552856, Lines 2
Match: Event 185553832, Lines 2
Match: Event 185555648, Lines 2
Match: Event 185556185, Lines 2
Match: Event 185557243, Lines 2
Match: Event 185557806, Lines 2
Match: Event 185558455, Lines 2
Match: Event 185558905, Lines 2
Match: Event 185560708, Lines 3
Match: Event 185560828, Lines 2
Match: Event 185561706, Lines 2
Match: Event 185562030, Lines 2
[56%] 	 17,898/31,959 	 07:39:58
Match: Event 185564641, Lines 2
Match: Event 185565023, Lines 2
Match: Event 185565915, Lines 2
Match: Event 185566180, Lines 2
Match: Event 185566203, Lines 2
Match: Event 185567452, Lines 2
Match: Event 185567919, Lines 2
Match: Event 185567952, Lines 2
Match: Event 185568053, Lines 2
Match: Event 185568248, Lines 2
Match: Event 185568442, Lines 2
Match: Event 185569502, Lines 2
Match: Event 185569940, Lines 2
Match: Event 185570966, Lines 2
[57%] 	 18,217/31,959 	 07:47:42
Match: Event 185573459, Lines 2
Match: Event 185573657, Lines 2
Match: Event 185574740, Lines 2
Match: Event 185574966, Lines 2
Match: Event 185576048, Lines 2
Match: Event 185576117, Lines 2
Match: Event 185576422, Lines 2
Match: Event 185576570, Lines 3
Match: Event 185576603, Lines 2
Match: Event 185577598, Lines 2
Match: Event 185579956, Lines 2
Match: Event 185580497, Lines 2
Match: Event 185580518, Lines 2
[58%] 	 18,537/31,959 	 07:55:58
Match: Event 185583475, Lines 2
Match: Event 185583676, Lines 2
Match: Event 185584057, Lines 2
Match: Event 185584564, Lines 2
Match: Event 185585233, Lines 2
Match: Event 185587155, Lines 2
Match: Event 185587256, Lines 2
Match: Event 185587268, Lines 2
Match: Event 185587951, Lines 2
Match: Event 185588449, Lines 2
Match: Event 185588614, Lines 2
Match: Event 185588858, Lines 2
[59%] 	 18,856/31,959 	 08:03:59
Match: Event 185590258, Lines 2
Match: Event 185590662, Lines 2
Match: Event 185591000, Lines 2
Match: Event 185591934, Lines 2
Match: Event 185592183, Lines 2
Match: Event 185592286, Lines 2
Match: Event 185592463, Lines 2
Match: Event 185592651, Lines 2
Match: Event 185593098, Lines 2
Match: Event 185596210, Lines 3
Match: Event 185597328, Lines 2
Match: Event 185598356, Lines 2
Match: Event 185598527, Lines 2
Match: Event 185599258, Lines 2
[60%] 	 19,176/31,959 	 08:12:09
Match: Event 185600006, Lines 2
Match: Event 185600030, Lines 2
Match: Event 185600108, Lines 2
Match: Event 185600777, Lines 2
Match: Event 185603258, Lines 2
Match: Event 185603438, Lines 2
Match: Event 185604924, Lines 2
Match: Event 185605302, Lines 2
Match: Event 185605536, Lines 2
Match: Event 185605864, Lines 2
Match: Event 185605874, Lines 2
Match: Event 185606789, Lines 2
Match: Event 185608850, Lines 2
Match: Event 185609031, Lines 2
Match: Event 185609285, Lines 2
Match: Event 185609331, Lines 2
[61%] 	 19,495/31,959 	 08:20:28
Match: Event 185612013, Lines 2
Match: Event 185613676, Lines 3
Match: Event 185615561, Lines 2
Match: Event 185616021, Lines 2
Match: Event 185616085, Lines 2
Match: Event 185616241, Lines 2
Match: Event 185616683, Lines 2
Match: Event 185616704, Lines 2
Match: Event 185616804, Lines 2
Match: Event 185619604, Lines 2
Match: Event 185619727, Lines 2
Match: Event 185619925, Lines 2
[62%] 	 19,815/31,959 	 08:28:09
Match: Event 185620362, Lines 2
Match: Event 185622347, Lines 2
Match: Event 185622390, Lines 2
Match: Event 185622622, Lines 2
Match: Event 185623590, Lines 2
Match: Event 185623648, Lines 2
Match: Event 185623660, Lines 2
Match: Event 185624773, Lines 2
Match: Event 185624835, Lines 2
Match: Event 185625062, Lines 2
Match: Event 185625334, Lines 2
Match: Event 185625830, Lines 2
Match: Event 185625896, Lines 2
Match: Event 185626564, Lines 2
Match: Event 185627365, Lines 2
Match: Event 185628971, Lines 2
Match: Event 185629624, Lines 2
[63%] 	 20,135/31,959 	 08:36:21
Match: Event 185630758, Lines 2
Match: Event 185632466, Lines 2
Match: Event 185634037, Lines 2
Match: Event 185634160, Lines 2
Match: Event 185634968, Lines 3
Match: Event 185635012, Lines 2
Match: Event 185635026, Lines 2
Match: Event 185635760, Lines 2
Match: Event 185635830, Lines 2
Match: Event 185637381, Lines 2
Match: Event 185637403, Lines 2
Match: Event 185638169, Lines 2
Match: Event 185638791, Lines 2
Match: Event 185639222, Lines 2
Match: Event 185639296, Lines 2
Match: Event 185639441, Lines 2
Match: Event 185639455, Lines 2
Match: Event 185639877, Lines 2
[64%] 	 20,454/31,959 	 08:44:49
Match: Event 185642060, Lines 2
Match: Event 185642525, Lines 2
Match: Event 185642556, Lines 2
Match: Event 185642754, Lines 2
Match: Event 185642922, Lines 2
Match: Event 185643773, Lines 2
Match: Event 185644018, Lines 2
Match: Event 185644773, Lines 2
Match: Event 185645958, Lines 2
Match: Event 185646010, Lines 2
Match: Event 185646091, Lines 2
Match: Event 185647639, Lines 2
Match: Event 185647711, Lines 2
Match: Event 185647802, Lines 2
Match: Event 185647866, Lines 2
Match: Event 185648414, Lines 2
[65%] 	 20,774/31,959 	 08:52:34
Match: Event 185651224, Lines 3
Match: Event 185651944, Lines 2
Match: Event 185652477, Lines 2
Match: Event 185652721, Lines 2
Match: Event 185653384, Lines 2
Match: Event 185653569, Lines 2
Match: Event 185653818, Lines 2
Match: Event 185654038, Lines 2
Match: Event 185654643, Lines 2
Match: Event 185656773, Lines 2
Match: Event 185656904, Lines 2
Match: Event 185657706, Lines 2
Match: Event 185658356, Lines 2
Match: Event 185659640, Lines 2
[66%] 	 21,093/31,959 	 08:59:58
Match: Event 185661049, Lines 2
Match: Event 185661849, Lines 2
Match: Event 185662474, Lines 2
Match: Event 185663284, Lines 2
Match: Event 185663518, Lines 2
Match: Event 185663813, Lines 2
Match: Event 185663982, Lines 2
Match: Event 185667346, Lines 2
Match: Event 185667842, Lines 2
Match: Event 185667959, Lines 2
Match: Event 185668624, Lines 2
Match: Event 185669053, Lines 2
Match: Event 185669609, Lines 2
Match: Event 185669722, Lines 2
Match: Event 185669844, Lines 2
[67%] 	 21,413/31,959 	 09:08:25
Match: Event 185671642, Lines 2
Match: Event 185672433, Lines 2
Match: Event 185673739, Lines 2
Match: Event 185673923, Lines 2
Match: Event 185674264, Lines 2
Match: Event 185674665, Lines 3
Match: Event 185675275, Lines 2
Match: Event 185675526, Lines 2
Match: Event 185676297, Lines 2
Match: Event 185676943, Lines 2
Match: Event 185677118, Lines 2
Match: Event 185677177, Lines 2
Match: Event 185677204, Lines 2
Match: Event 185677870, Lines 2
Match: Event 185678339, Lines 2
Match: Event 185678400, Lines 2
Match: Event 185678611, Lines 2
Match: Event 185679093, Lines 2
Match: Event 185679488, Lines 2
Match: Event 185679980, Lines 3
Match: Event 185680039, Lines 2
Match: Event 185680344, Lines 2
Match: Event 185680810, Lines 2
[68%] 	 21,733/31,959 	 09:17:08
Match: Event 185681294, Lines 2
Match: Event 185682530, Lines 2
Match: Event 185685373, Lines 2
Match: Event 185685639, Lines 2
Match: Event 185685929, Lines 2
Match: Event 185685983, Lines 2
Match: Event 185686288, Lines 2
Match: Event 185686318, Lines 2
Match: Event 185688603, Lines 2
Match: Event 185690164, Lines 2
Match: Event 185690485, Lines 2
[69%] 	 22,052/31,959 	 09:24:52
Match: Event 185690863, Lines 3
Match: Event 185691562, Lines 2
Match: Event 185691717, Lines 2
Match: Event 185692196, Lines 2
Match: Event 185692590, Lines 2
Match: Event 185693657, Lines 2
Match: Event 185695014, Lines 2
Match: Event 185695787, Lines 2
Match: Event 185696642, Lines 2
Match: Event 185697350, Lines 2
Match: Event 185699313, Lines 2
Match: Event 185700015, Lines 2
Match: Event 185700178, Lines 2
Match: Event 185700360, Lines 2
Match: Event 185700624, Lines 2
Match: Event 185701233, Lines 2
[70%] 	 22,372/31,959 	 09:32:26
Match: Event 185703016, Lines 2
Match: Event 185703830, Lines 2
Match: Event 185704576, Lines 2
Match: Event 185704597, Lines 2
Match: Event 185704679, Lines 3
Match: Event 185704998, Lines 3
Match: Event 185705287, Lines 2
Match: Event 185705362, Lines 2
Match: Event 185705419, Lines 2
Match: Event 185706303, Lines 2
Match: Event 185707106, Lines 2
Match: Event 185707341, Lines 2
Match: Event 185708050, Lines 2
Match: Event 185708204, Lines 2
Match: Event 185708665, Lines 2
Match: Event 185709740, Lines 2
Match: Event 185709766, Lines 3
Match: Event 185710690, Lines 2
Match: Event 185711129, Lines 2
[71%] 	 22,691/31,959 	 09:40:40
Match: Event 185711631, Lines 2
Match: Event 185712050, Lines 2
Match: Event 185713065, Lines 2
Match: Event 185714243, Lines 2
Match: Event 185715730, Lines 2
Match: Event 185716160, Lines 2
Match: Event 185718582, Lines 2
Match: Event 185719465, Lines 2
Match: Event 185720398, Lines 2
Match: Event 185720436, Lines 2
[72%] 	 23,011/31,959 	 09:48:52
Match: Event 185721476, Lines 2
Match: Event 185722002, Lines 2
Match: Event 185722315, Lines 2
Match: Event 185722411, Lines 2
Match: Event 185723651, Lines 2
Match: Event 185724394, Lines 2
Match: Event 185727109, Lines 2
Match: Event 185727115, Lines 2
Match: Event 185727504, Lines 2
Match: Event 185728433, Lines 2
Match: Event 185729326, Lines 2
Match: Event 185729761, Lines 2
Match: Event 185730067, Lines 2
Match: Event 185730104, Lines 2
[73%] 	 23,331/31,959 	 09:57:38
Match: Event 185731765, Lines 2
Match: Event 185732785, Lines 2
Match: Event 185733277, Lines 2
Match: Event 185734066, Lines 2
Match: Event 185734084, Lines 2
Match: Event 185734369, Lines 2
Match: Event 185734475, Lines 2
Match: Event 185735364, Lines 2
Match: Event 185735849, Lines 2
Match: Event 185736540, Lines 2
Match: Event 185736702, Lines 2
Match: Event 185737019, Lines 2
Match: Event 185737738, Lines 3
Match: Event 185738881, Lines 2
Match: Event 185739715, Lines 2
Match: Event 185739945, Lines 2
Match: Event 185739974, Lines 2
[74%] 	 23,650/31,959 	 10:04:56
Match: Event 185741302, Lines 2
Match: Event 185741329, Lines 2
Match: Event 185741414, Lines 2
Match: Event 185741652, Lines 2
Match: Event 185741693, Lines 2
Match: Event 185741913, Lines 2
Match: Event 185742933, Lines 2
Match: Event 185744798, Lines 2
Match: Event 185747484, Lines 2
Match: Event 185748024, Lines 2
Match: Event 185750870, Lines 2
Match: Event 185751039, Lines 2
Match: Event 185751164, Lines 2
[75%] 	 23,970/31,959 	 10:12:23
Match: Event 185751452, Lines 2
Match: Event 185751926, Lines 2
Match: Event 185752611, Lines 2
Match: Event 185753316, Lines 2
Match: Event 185753921, Lines 2
Match: Event 185754119, Lines 2
Match: Event 185755453, Lines 2
Match: Event 185756225, Lines 2
Match: Event 185756489, Lines 2
Match: Event 185757970, Lines 2
Match: Event 185758323, Lines 3
Match: Event 185758391, Lines 3
Match: Event 185760627, Lines 2
Match: Event 185760679, Lines 2
Match: Event 185760839, Lines 2
[76%] 	 24,289/31,959 	 10:20:33
Match: Event 185762370, Lines 2
Match: Event 185763054, Lines 2
Match: Event 185764142, Lines 2
Match: Event 185764337, Lines 2
Match: Event 185765497, Lines 2
Match: Event 185765503, Lines 2
Match: Event 185765836, Lines 2
Match: Event 185767516, Lines 2
Match: Event 185767616, Lines 2
Match: Event 185768056, Lines 2
Match: Event 185768222, Lines 2
Match: Event 185768679, Lines 2
Match: Event 185769187, Lines 2
Match: Event 185770146, Lines 2
Match: Event 185770413, Lines 3
Match: Event 185770737, Lines 2
Match: Event 185771029, Lines 2
Match: Event 185771328, Lines 2
[77%] 	 24,609/31,959 	 10:29:19
Match: Event 185771723, Lines 2
Match: Event 185772068, Lines 2
Match: Event 185773026, Lines 2
Match: Event 185773235, Lines 2
Match: Event 185774572, Lines 2
Match: Event 185775116, Lines 2
Match: Event 185776488, Lines 2
Match: Event 185777203, Lines 2
Match: Event 185777918, Lines 3
Match: Event 185780667, Lines 3
Match: Event 185780787, Lines 2
Match: Event 185781413, Lines 2
[78%] 	 24,929/31,959 	 10:37:51
Match: Event 185782247, Lines 2
Match: Event 185783208, Lines 2
Match: Event 185783421, Lines 2
Match: Event 185784424, Lines 2
Match: Event 185784890, Lines 2
Match: Event 185784907, Lines 2
Match: Event 185787654, Lines 2
Match: Event 185788543, Lines 2
Match: Event 185788819, Lines 2
Match: Event 185789176, Lines 2
Match: Event 185790467, Lines 2
Match: Event 185791648, Lines 2
[79%] 	 25,248/31,959 	 10:46:53
Match: Event 185793518, Lines 2
Match: Event 185793886, Lines 2
Match: Event 185794374, Lines 2
Match: Event 185794509, Lines 2
Match: Event 185794933, Lines 2
Match: Event 185794942, Lines 2
Match: Event 185795418, Lines 2
Match: Event 185796285, Lines 2
Match: Event 185797055, Lines 2
Match: Event 185797139, Lines 2
Match: Event 185798047, Lines 2
Match: Event 185798184, Lines 2
Match: Event 185799303, Lines 2
Match: Event 185799437, Lines 2
Match: Event 185800172, Lines 2
Match: Event 185800696, Lines 2
Match: Event 185800974, Lines 2
Match: Event 185801901, Lines 2
[80%] 	 25,568/31,959 	 10:54:35
Match: Event 185803315, Lines 2
Match: Event 185803408, Lines 2
Match: Event 185803409, Lines 2
Match: Event 185803679, Lines 2
Match: Event 185803688, Lines 2
Match: Event 185804741, Lines 2
Match: Event 185805328, Lines 2
Match: Event 185805547, Lines 3
Match: Event 185806702, Lines 2
Match: Event 185807249, Lines 2
Match: Event 185808438, Lines 2
Match: Event 185810531, Lines 2
Match: Event 185810920, Lines 2
Match: Event 185811567, Lines 2
[81%] 	 25,887/31,959 	 11:02:35
Match: Event 185811767, Lines 2
Match: Event 185812275, Lines 2
Match: Event 185812374, Lines 2
Match: Event 185812884, Lines 2
Match: Event 185813103, Lines 2
Match: Event 185813167, Lines 2
Match: Event 185815301, Lines 2
Match: Event 185815449, Lines 2
Match: Event 185815592, Lines 2
Match: Event 185816276, Lines 2
Match: Event 185816893, Lines 2
Match: Event 185817283, Lines 2
Match: Event 185818074, Lines 2
Match: Event 185818091, Lines 2
Match: Event 185818424, Lines 2
[82%] 	 26,207/31,959 	 11:10:41
Match: Event 185821811, Lines 2
Match: Event 185822033, Lines 3
Match: Event 185822946, Lines 3
Match: Event 185822968, Lines 2
Match: Event 185824455, Lines 2
Match: Event 185824575, Lines 2
Match: Event 185825803, Lines 2
Match: Event 185828471, Lines 2
Match: Event 185829904, Lines 2
Match: Event 185829939, Lines 2
Match: Event 185830645, Lines 2
Match: Event 185830795, Lines 2
Match: Event 185831144, Lines 3
[83%] 	 26,526/31,959 	 11:19:11
Match: Event 185831405, Lines 2
Match: Event 185831560, Lines 2
Match: Event 185832349, Lines 2
Match: Event 185832479, Lines 2
Match: Event 185833951, Lines 2
Match: Event 185834134, Lines 2
Match: Event 185834196, Lines 2
Match: Event 185834450, Lines 2
Match: Event 185835173, Lines 2
Match: Event 185835269, Lines 2
Match: Event 185835452, Lines 2
Match: Event 185835497, Lines 2
Match: Event 185835570, Lines 2
Match: Event 185836217, Lines 2
Match: Event 185837132, Lines 2
Match: Event 185837946, Lines 2
Match: Event 185837984, Lines 2
Match: Event 185838102, Lines 2
Match: Event 185838900, Lines 2
Match: Event 185840678, Lines 2
Match: Event 185840685, Lines 2
Match: Event 185840839, Lines 2
Match: Event 185840923, Lines 2
[84%] 	 26,846/31,959 	 11:27:54
Match: Event 185841292, Lines 2
Match: Event 185843617, Lines 2
Match: Event 185843916, Lines 2
Match: Event 185844497, Lines 2
Match: Event 185845381, Lines 2
Match: Event 185846962, Lines 2
Match: Event 185847063, Lines 2
Match: Event 185847683, Lines 2
Match: Event 185848801, Lines 2
Match: Event 185848838, Lines 2
Match: Event 185849361, Lines 2
Match: Event 185849387, Lines 2
Match: Event 185850064, Lines 2
Match: Event 185850914, Lines 2
Match: Event 185851148, Lines 2
[85%] 	 27,166/31,959 	 11:35:52
Match: Event 185851962, Lines 2
Match: Event 185852036, Lines 2
Match: Event 185852232, Lines 2
Match: Event 185852266, Lines 3
Match: Event 185853205, Lines 2
Match: Event 185853357, Lines 2
Match: Event 185853480, Lines 2
Match: Event 185853517, Lines 2
Match: Event 185854556, Lines 2
Match: Event 185855303, Lines 2
Match: Event 185855816, Lines 2
Match: Event 185856833, Lines 2
Match: Event 185857233, Lines 3
Match: Event 185858322, Lines 2
Match: Event 185859241, Lines 2
Match: Event 185859252, Lines 2
Match: Event 185860079, Lines 2
[86%] 	 27,485/31,959 	 11:43:43
Match: Event 185861273, Lines 2
Match: Event 185862828, Lines 2
Match: Event 185862983, Lines 2
Match: Event 185863086, Lines 2
Match: Event 185863805, Lines 2
Match: Event 185864579, Lines 2
Match: Event 185864698, Lines 2
Match: Event 185866719, Lines 2
Match: Event 185866898, Lines 2
Match: Event 185867189, Lines 2
Match: Event 185867586, Lines 2
Match: Event 185869405, Lines 2
Match: Event 185869808, Lines 2
Match: Event 185870897, Lines 2
[87%] 	 27,805/31,959 	 11:51:47
Match: Event 185872532, Lines 2
Match: Event 185872563, Lines 2
Match: Event 185873614, Lines 2
Match: Event 185873843, Lines 2
Match: Event 185873973, Lines 2
Match: Event 185874097, Lines 2
Match: Event 185874698, Lines 2
Match: Event 185875304, Lines 2
Match: Event 185876798, Lines 2
Match: Event 185877071, Lines 2
Match: Event 185877209, Lines 2
Match: Event 185877438, Lines 2
Match: Event 185879813, Lines 2
Match: Event 185880218, Lines 2
[88%] 	 28,124/31,959 	 12:01:09
Match: Event 185881000, Lines 2
Match: Event 185882054, Lines 2
Match: Event 185883067, Lines 2
Match: Event 185883263, Lines 2
Match: Event 185883625, Lines 2
Match: Event 185884208, Lines 2
Match: Event 185884338, Lines 2
Match: Event 185884871, Lines 2
Match: Event 185885295, Lines 3
Match: Event 185885464, Lines 2
Match: Event 185886959, Lines 2
Match: Event 185888051, Lines 2
Match: Event 185888397, Lines 3
Match: Event 185888977, Lines 2
Match: Event 185890254, Lines 2
Match: Event 185890418, Lines 2
Match: Event 185890649, Lines 2
[89%] 	 28,444/31,959 	 12:11:18
Match: Event 185892948, Lines 2
Match: Event 185893334, Lines 2
Match: Event 185893943, Lines 2
Match: Event 185894231, Lines 2
Match: Event 185896588, Lines 2
Match: Event 185897422, Lines 2
Match: Event 185898240, Lines 2
Match: Event 185898544, Lines 2
Match: Event 185898995, Lines 2
Match: Event 185899770, Lines 2
Match: Event 185900112, Lines 2
Match: Event 185900657, Lines 3
[90%] 	 28,764/31,959 	 12:20:19
Match: Event 185901395, Lines 2
Match: Event 185901635, Lines 2
Match: Event 185901940, Lines 2
Match: Event 185902886, Lines 2
Match: Event 185902900, Lines 2
Match: Event 185903632, Lines 2
Match: Event 185903666, Lines 2
Match: Event 185904178, Lines 2
Match: Event 185904921, Lines 2
Match: Event 185907824, Lines 2
Match: Event 185908334, Lines 2
[91%] 	 29,083/31,959 	 12:30:34
Match: Event 185910801, Lines 2
Match: Event 185911418, Lines 2
Match: Event 185913668, Lines 2
Match: Event 185913765, Lines 3
Match: Event 185913859, Lines 2
Match: Event 185915580, Lines 2
Match: Event 185916292, Lines 2
Match: Event 185916459, Lines 2
Match: Event 185916707, Lines 2
Match: Event 185917029, Lines 2
Match: Event 185918396, Lines 2
Match: Event 185918628, Lines 2
Match: Event 185919462, Lines 3
Match: Event 185920300, Lines 2
Match: Event 185920912, Lines 2
[92%] 	 29,403/31,959 	 12:39:04
Match: Event 185921042, Lines 2
Match: Event 185921590, Lines 2
Match: Event 185922530, Lines 2
Match: Event 185923537, Lines 2
Match: Event 185923742, Lines 3
Match: Event 185925981, Lines 2
Match: Event 185929609, Lines 3
Match: Event 185929943, Lines 2
Match: Event 185930028, Lines 2
[93%] 	 29,722/31,959 	 12:47:08
Match: Event 185930693, Lines 2
Match: Event 185932498, Lines 2
Match: Event 185934339, Lines 2
Match: Event 185934943, Lines 2
Match: Event 185935342, Lines 2
Match: Event 185936852, Lines 2
Match: Event 185936941, Lines 2
Match: Event 185937207, Lines 2
Match: Event 185937501, Lines 2
Match: Event 185937502, Lines 2
Match: Event 185937556, Lines 2
Match: Event 185939126, Lines 2
Match: Event 185939326, Lines 2
Match: Event 185939458, Lines 2
[94%] 	 30,042/31,959 	 12:55:00
Match: Event 185940105, Lines 2
Match: Event 185940482, Lines 2
Match: Event 185942920, Lines 2
Match: Event 185943403, Lines 2
Match: Event 185945103, Lines 2
Match: Event 185945668, Lines 2
Match: Event 185945945, Lines 2
Match: Event 185947220, Lines 2
Match: Event 185948377, Lines 2
Match: Event 185948581, Lines 2
[95%] 	 30,362/31,959 	 13:04:07
Match: Event 185951737, Lines 2
Match: Event 185953337, Lines 2
Match: Event 185953473, Lines 2
Match: Event 185953921, Lines 2
Match: Event 185954319, Lines 2
Match: Event 185954434, Lines 2
Match: Event 185956218, Lines 2
Match: Event 185957244, Lines 2
Match: Event 185957290, Lines 2
Match: Event 185957328, Lines 2
Match: Event 185957739, Lines 2
Match: Event 185958245, Lines 2
Match: Event 185958507, Lines 2
Match: Event 185958574, Lines 2
Match: Event 185959461, Lines 2
[96%] 	 30,681/31,959 	 13:11:48
Match: Event 185960410, Lines 2
Match: Event 185961377, Lines 2
Match: Event 185961702, Lines 2
Match: Event 185963091, Lines 2
Match: Event 185964882, Lines 2
Match: Event 185964938, Lines 2
Match: Event 185965120, Lines 2
Match: Event 185965588, Lines 2
Match: Event 185965743, Lines 2
Match: Event 185966826, Lines 2
Match: Event 185966954, Lines 2
Match: Event 185967229, Lines 2
Match: Event 185968735, Lines 2
Match: Event 185969522, Lines 2
[97%] 	 31,001/31,959 	 13:20:35
Match: Event 185969923, Lines 2
Match: Event 185969931, Lines 2
Match: Event 185970192, Lines 2
Match: Event 185971983, Lines 2
Match: Event 185972808, Lines 2
Match: Event 185973571, Lines 2
Match: Event 185974373, Lines 2
Match: Event 185975398, Lines 2
Match: Event 185975743, Lines 2
Match: Event 185976078, Lines 2
Match: Event 185976239, Lines 2
Match: Event 185976298, Lines 2
Match: Event 185976365, Lines 2
Match: Event 185976900, Lines 2
Match: Event 185978253, Lines 2
Match: Event 185978318, Lines 2
Match: Event 185978525, Lines 2
Match: Event 185979204, Lines 3
[98%] 	 31,320/31,959 	 13:30:48
Match: Event 185979574, Lines 2
Match: Event 185979767, Lines 2
Match: Event 185980004, Lines 2
Match: Event 185982308, Lines 2
Match: Event 185982402, Lines 2
Match: Event 185983790, Lines 2
Match: Event 185984455, Lines 2
Match: Event 185985014, Lines 2
Match: Event 185985758, Lines 2
Match: Event 185987495, Lines 2
Match: Event 185988440, Lines 2
Match: Event 185989123, Lines 2
Match: Event 185989162, Lines 2
[99%] 	 31,640/31,959 	 13:39:55
Match: Event 185991432, Lines 2
Match: Event 185991692, Lines 2
Match: Event 185992999, Lines 2
Match: Event 185993718, Lines 2
Match: Event 185994225, Lines 3
Match: Event 185994506, Lines 2
Match: Event 185995130, Lines 2
Match: Event 185995131, Lines 2
Match: Event 185995153, Lines 2
Match: Event 185997631, Lines 2
Match: Event 185999003, Lines 2
Match: Event 185999321, Lines 3
Finished in 49704.07s.
 ~ 5) DONE !
