search libraries in slc9_x86-64
 ~ 1) Base stack loaded.
 ~ Sleeping for 27 seconds to avoid AFS DDOS...
 ~ 2) Loading sndsw environment...
 ~ 3) SNDSW_ROOT is set to: /afs/cern.ch/user/i/idioniso/snd_master/sw-root6.28/rhel9_x86-64/sndsw/master-local1
 ~ 4) Executing tracking script...
[INFO] The input consists out of the following trees and files: 
[INFO]  - rawConv
[INFO]     - root://eoshome-i.cern.ch//eos/user/i/idioniso/tridents/initial_cuts/tridents_sndsw_raw-0118.root
[INFO] FairRootFileSink initialized.
[INFO]  - cbmout
[INFO]     - dummy
[INFO] Parameter and input file are available, Assure that basic info is there for the run!
[INFO] ---FairRootManager::SpecifyRunId --- 
[INFO] --- Initialize with RunId  --- 0

************************************************************* 
     initialisation for run id 0
************************************************************* 
-I- FairRunTimeDB::InitContainer() FairBaseParSet
-I- FairRunTimeDB::InitContainer() FairGeoParSet

************************************************************* 
     initialisation for run id 0
************************************************************* 
-I- FairRunTimeDB::InitContainer() FairBaseParSet
-I- FairRunTimeDB::InitContainer() FairGeoParSet
[INFO]  Branch: Reco_MuonTracks not found in Tree.
using geofile: root://eospublic.cern.ch//eos/experiment/sndlhc/convertedData/physics/2023/geofile_sndlhc_TI18_V3_2023.root
[0%] 	 0/32,137 	 00:00:08
Match: Event 118000286, Lines 2
Match: Event 118001811, Lines 2
Match: Event 118002012, Lines 2
Match: Event 118002352, Lines 2
Match: Event 118003517, Lines 2
Match: Event 118003626, Lines 2
Match: Event 118003698, Lines 2
Match: Event 118004026, Lines 2
Match: Event 118004297, Lines 2
Match: Event 118004513, Lines 2
Match: Event 118006734, Lines 2
Match: Event 118006999, Lines 3
Match: Event 118008237, Lines 2
Match: Event 118008964, Lines 2
Match: Event 118009271, Lines 2
Match: Event 118010876, Lines 2
[1%] 	 322/32,137 	 00:07:22
Match: Event 118012707, Lines 2
Match: Event 118012849, Lines 2
Match: Event 118015411, Lines 2
Match: Event 118016010, Lines 2
Match: Event 118016126, Lines 2
Match: Event 118016488, Lines 2
Match: Event 118017675, Lines 2
Match: Event 118018647, Lines 2
Match: Event 118020164, Lines 2
[2%] 	 643/32,137 	 00:14:49
Match: Event 118020463, Lines 2
Match: Event 118020674, Lines 2
Match: Event 118021152, Lines 2
Match: Event 118022579, Lines 2
Match: Event 118023402, Lines 2
Match: Event 118025428, Lines 2
Match: Event 118025657, Lines 2
Match: Event 118025818, Lines 2
Match: Event 118025914, Lines 2
Match: Event 118026696, Lines 2
Match: Event 118027028, Lines 2
Match: Event 118027435, Lines 2
Match: Event 118027470, Lines 2
Match: Event 118028123, Lines 2
Match: Event 118028311, Lines 2
Match: Event 118028901, Lines 2
[3%] 	 965/32,137 	 00:22:19
Match: Event 118030571, Lines 2
Match: Event 118030666, Lines 2
Match: Event 118031005, Lines 2
Match: Event 118031016, Lines 3
Match: Event 118031872, Lines 2
Match: Event 118032132, Lines 2
Match: Event 118034039, Lines 2
Match: Event 118035132, Lines 2
Match: Event 118035889, Lines 2
Match: Event 118036246, Lines 2
Match: Event 118036663, Lines 2
Match: Event 118036868, Lines 2
Match: Event 118037610, Lines 2
Match: Event 118038230, Lines 3
Match: Event 118038786, Lines 2
Match: Event 118039645, Lines 2
[4%] 	 1,286/32,137 	 00:29:57
Match: Event 118040242, Lines 2
Match: Event 118040356, Lines 2
Match: Event 118040809, Lines 2
Match: Event 118041531, Lines 2
Match: Event 118042700, Lines 2
Match: Event 118043166, Lines 2
Match: Event 118044859, Lines 3
Match: Event 118045150, Lines 2
Match: Event 118045751, Lines 2
Match: Event 118045881, Lines 2
Match: Event 118045884, Lines 2
Match: Event 118046544, Lines 2
Match: Event 118046746, Lines 3
Match: Event 118047029, Lines 3
Match: Event 118047086, Lines 2
Match: Event 118049408, Lines 2
[5%] 	 1,607/32,137 	 00:37:51
Match: Event 118050089, Lines 2
Match: Event 118050307, Lines 2
Match: Event 118051219, Lines 2
Match: Event 118052109, Lines 2
Match: Event 118052330, Lines 2
Match: Event 118053382, Lines 2
Match: Event 118053784, Lines 2
Match: Event 118053813, Lines 2
Match: Event 118053832, Lines 2
Match: Event 118053908, Lines 3
Match: Event 118054053, Lines 2
Match: Event 118054607, Lines 2
Match: Event 118054726, Lines 2
Match: Event 118055712, Lines 2
Match: Event 118057257, Lines 2
Match: Event 118057758, Lines 2
Match: Event 118058201, Lines 2
Match: Event 118059234, Lines 2
Match: Event 118059511, Lines 2
Match: Event 118060191, Lines 2
[6%] 	 1,929/32,137 	 00:45:21
Match: Event 118060219, Lines 2
Match: Event 118060517, Lines 2
Match: Event 118063104, Lines 2
Match: Event 118063281, Lines 2
Match: Event 118063544, Lines 2
Match: Event 118064633, Lines 2
Match: Event 118065020, Lines 2
Match: Event 118065864, Lines 2
Match: Event 118066477, Lines 2
Match: Event 118066900, Lines 2
Match: Event 118067818, Lines 2
Match: Event 118068716, Lines 2
Match: Event 118068986, Lines 2
Match: Event 118069365, Lines 2
[7%] 	 2,250/32,137 	 00:52:41
Match: Event 118070043, Lines 2
Match: Event 118070295, Lines 2
Match: Event 118071177, Lines 3
Match: Event 118073114, Lines 2
Match: Event 118073908, Lines 2
Match: Event 118074656, Lines 2
Match: Event 118075449, Lines 2
Match: Event 118076047, Lines 2
Match: Event 118076899, Lines 2
Match: Event 118078298, Lines 2
Match: Event 118080461, Lines 2
[8%] 	 2,571/32,137 	 01:00:01
Match: Event 118081395, Lines 2
Match: Event 118081505, Lines 2
Match: Event 118081680, Lines 2
Match: Event 118082930, Lines 2
Match: Event 118083059, Lines 2
Match: Event 118083849, Lines 2
Match: Event 118084429, Lines 2
Match: Event 118084957, Lines 2
Match: Event 118085012, Lines 2
Match: Event 118085459, Lines 2
Match: Event 118087165, Lines 2
Match: Event 118087348, Lines 2
Match: Event 118087389, Lines 2
Match: Event 118089824, Lines 2
Match: Event 118090070, Lines 3
Match: Event 118090652, Lines 2
[9%] 	 2,893/32,137 	 01:07:30
Match: Event 118091602, Lines 2
Match: Event 118091838, Lines 2
Match: Event 118092304, Lines 2
Match: Event 118092586, Lines 2
Match: Event 118092643, Lines 2
Match: Event 118095505, Lines 2
Match: Event 118095616, Lines 2
Match: Event 118097168, Lines 2
Match: Event 118097360, Lines 2
Match: Event 118098276, Lines 2
Match: Event 118099306, Lines 3
Match: Event 118099625, Lines 2
Match: Event 118099876, Lines 2
Match: Event 118100460, Lines 2
Match: Event 118100912, Lines 3
[10%] 	 3,214/32,137 	 01:15:05
Match: Event 118101963, Lines 2
Match: Event 118102429, Lines 2
Match: Event 118102873, Lines 2
Match: Event 118103084, Lines 2
Match: Event 118103302, Lines 2
Match: Event 118103879, Lines 2
Match: Event 118103977, Lines 2
Match: Event 118105235, Lines 2
Match: Event 118105447, Lines 2
Match: Event 118105451, Lines 2
Match: Event 118106058, Lines 3
Match: Event 118106737, Lines 2
Match: Event 118107536, Lines 2
Match: Event 118110835, Lines 2
Match: Event 118111544, Lines 2
[11%] 	 3,536/32,137 	 01:22:25
Match: Event 118112148, Lines 2
Match: Event 118112577, Lines 2
Match: Event 118112931, Lines 2
Match: Event 118113892, Lines 2
Match: Event 118114251, Lines 2
Match: Event 118114820, Lines 2
Match: Event 118114880, Lines 2
Match: Event 118115231, Lines 2
Match: Event 118115322, Lines 2
Match: Event 118115449, Lines 2
Match: Event 118116122, Lines 2
Match: Event 118116439, Lines 2
Match: Event 118116515, Lines 2
Match: Event 118116672, Lines 2
Match: Event 118117928, Lines 2
Match: Event 118118209, Lines 2
Match: Event 118118422, Lines 2
Match: Event 118119553, Lines 2
Match: Event 118119718, Lines 2
Match: Event 118120859, Lines 2
[12%] 	 3,857/32,137 	 01:29:51
Match: Event 118121664, Lines 2
Match: Event 118121784, Lines 2
Match: Event 118121909, Lines 2
Match: Event 118123260, Lines 2
Match: Event 118123787, Lines 3
Match: Event 118123871, Lines 2
Match: Event 118124021, Lines 2
Match: Event 118124161, Lines 2
Match: Event 118124412, Lines 2
Match: Event 118125376, Lines 2
Match: Event 118125534, Lines 3
Match: Event 118126041, Lines 2
Match: Event 118126318, Lines 2
Match: Event 118126361, Lines 2
Match: Event 118126830, Lines 2
Match: Event 118127258, Lines 2
Match: Event 118127274, Lines 2
Match: Event 118128111, Lines 2
Match: Event 118128985, Lines 2
Match: Event 118130601, Lines 2
Match: Event 118131042, Lines 2
[13%] 	 4,178/32,137 	 01:37:26
Match: Event 118132520, Lines 2
Match: Event 118132809, Lines 2
Match: Event 118132841, Lines 2
Match: Event 118133921, Lines 2
Match: Event 118133933, Lines 2
Match: Event 118134558, Lines 2
Match: Event 118134617, Lines 2
Match: Event 118135271, Lines 2
Match: Event 118135319, Lines 2
Match: Event 118136161, Lines 2
Match: Event 118139239, Lines 2
Match: Event 118140606, Lines 2
[14%] 	 4,500/32,137 	 01:44:50
Match: Event 118141098, Lines 2
Match: Event 118141525, Lines 2
Match: Event 118142015, Lines 2
Match: Event 118142477, Lines 2
Match: Event 118144816, Lines 3
Match: Event 118145654, Lines 2
Match: Event 118145669, Lines 2
Match: Event 118145790, Lines 2
Match: Event 118145994, Lines 2
Match: Event 118146072, Lines 2
Match: Event 118146643, Lines 2
Match: Event 118147095, Lines 2
Match: Event 118148273, Lines 2
Match: Event 118148459, Lines 2
[15%] 	 4,821/32,137 	 01:52:10
Match: Event 118151219, Lines 2
Match: Event 118151855, Lines 2
Match: Event 118152458, Lines 2
Match: Event 118154105, Lines 2
Match: Event 118155863, Lines 3
Match: Event 118156853, Lines 2
Match: Event 118157179, Lines 2
Match: Event 118157520, Lines 2
Match: Event 118157769, Lines 2
Match: Event 118157991, Lines 2
Match: Event 118159556, Lines 2
Match: Event 118159982, Lines 2
Match: Event 118160911, Lines 2
Match: Event 118161119, Lines 2
[16%] 	 5,142/32,137 	 01:59:39
Match: Event 118161982, Lines 2
Match: Event 118162460, Lines 3
Match: Event 118162668, Lines 2
Match: Event 118162891, Lines 2
Match: Event 118163685, Lines 2
Match: Event 118164132, Lines 2
Match: Event 118164753, Lines 2
Match: Event 118164776, Lines 2
Match: Event 118166248, Lines 2
Match: Event 118167940, Lines 2
Match: Event 118168850, Lines 2
Match: Event 118168959, Lines 2
Match: Event 118169178, Lines 2
Match: Event 118169315, Lines 2
Match: Event 118170106, Lines 2
Match: Event 118170274, Lines 2
[17%] 	 5,464/32,137 	 02:06:58
Match: Event 118171440, Lines 2
Match: Event 118172324, Lines 2
Match: Event 118172562, Lines 2
Match: Event 118173046, Lines 2
Match: Event 118173674, Lines 2
Match: Event 118173731, Lines 2
Match: Event 118174334, Lines 2
Match: Event 118175125, Lines 2
Match: Event 118175144, Lines 2
Match: Event 118175929, Lines 2
Match: Event 118176094, Lines 2
Match: Event 118177080, Lines 2
Match: Event 118177102, Lines 2
Match: Event 118177267, Lines 2
Match: Event 118177984, Lines 2
Match: Event 118178329, Lines 2
[18%] 	 5,785/32,137 	 02:14:36
Match: Event 118181513, Lines 2
Match: Event 118184938, Lines 2
Match: Event 118185421, Lines 2
Match: Event 118186800, Lines 2
Match: Event 118187846, Lines 2
Match: Event 118188594, Lines 2
Match: Event 118188704, Lines 2
[19%] 	 6,107/32,137 	 02:22:07
Match: Event 118191821, Lines 2
Match: Event 118192979, Lines 2
Match: Event 118193194, Lines 2
Match: Event 118193427, Lines 2
Match: Event 118194912, Lines 2
Match: Event 118195703, Lines 2
Match: Event 118196154, Lines 2
Match: Event 118196988, Lines 2
Match: Event 118198134, Lines 2
Match: Event 118198343, Lines 2
Match: Event 118198483, Lines 2
Match: Event 118198768, Lines 2
Match: Event 118199457, Lines 2
Match: Event 118199754, Lines 2
[20%] 	 6,428/32,137 	 02:29:25
Match: Event 118201762, Lines 2
Match: Event 118202515, Lines 2
Match: Event 118204386, Lines 2
Match: Event 118204910, Lines 2
Match: Event 118205359, Lines 2
Match: Event 118205875, Lines 2
Match: Event 118208327, Lines 2
Match: Event 118208342, Lines 2
Match: Event 118210324, Lines 2
Match: Event 118210795, Lines 2
Match: Event 118211437, Lines 2
Match: Event 118211469, Lines 2
[21%] 	 6,749/32,137 	 02:37:22
Match: Event 118212901, Lines 2
Match: Event 118213130, Lines 2
Match: Event 118213344, Lines 2
Match: Event 118215402, Lines 2
Match: Event 118215686, Lines 2
Match: Event 118216282, Lines 2
Match: Event 118216529, Lines 2
Match: Event 118218725, Lines 2
Match: Event 118219157, Lines 2
Match: Event 118219184, Lines 2
Match: Event 118220696, Lines 2
Match: Event 118220843, Lines 2
[22%] 	 7,071/32,137 	 02:44:37
Match: Event 118222097, Lines 2
Match: Event 118222436, Lines 2
Match: Event 118222665, Lines 2
Match: Event 118224600, Lines 2
Match: Event 118224852, Lines 2
Match: Event 118225712, Lines 2
Match: Event 118226804, Lines 2
Match: Event 118226848, Lines 2
Match: Event 118227158, Lines 2
Match: Event 118227374, Lines 2
Match: Event 118227400, Lines 2
Match: Event 118227462, Lines 3
Match: Event 118228235, Lines 3
Match: Event 118229175, Lines 2
Match: Event 118229805, Lines 2
Match: Event 118229839, Lines 2
Match: Event 118230580, Lines 2
[23%] 	 7,392/32,137 	 02:53:23
Match: Event 118232287, Lines 2
Match: Event 118232990, Lines 2
Match: Event 118233954, Lines 2
Match: Event 118234152, Lines 2
Match: Event 118234442, Lines 2
Match: Event 118236123, Lines 2
Match: Event 118236277, Lines 2
Match: Event 118236386, Lines 2
Match: Event 118236484, Lines 3
Match: Event 118236766, Lines 2
Match: Event 118237064, Lines 2
Match: Event 118237067, Lines 2
Match: Event 118237752, Lines 2
Match: Event 118238122, Lines 2
Match: Event 118240495, Lines 2
[24%] 	 7,713/32,137 	 03:01:44
Match: Event 118242079, Lines 3
Match: Event 118242545, Lines 2
Match: Event 118242553, Lines 2
Match: Event 118242691, Lines 2
Match: Event 118242756, Lines 2
Match: Event 118244048, Lines 2
Match: Event 118246187, Lines 2
Match: Event 118247057, Lines 2
Match: Event 118247127, Lines 2
Match: Event 118247368, Lines 2
Match: Event 118248846, Lines 2
Match: Event 118249875, Lines 2
Match: Event 118250604, Lines 2
Match: Event 118251372, Lines 2
Match: Event 118251468, Lines 2
Match: Event 118251712, Lines 2
Match: Event 118252053, Lines 2
Match: Event 118252310, Lines 2
[25%] 	 8,035/32,137 	 03:10:11
Match: Event 118253503, Lines 2
Match: Event 118253791, Lines 3
Match: Event 118254061, Lines 2
Match: Event 118254796, Lines 2
Match: Event 118255287, Lines 2
Match: Event 118255475, Lines 2
Match: Event 118255958, Lines 2
Match: Event 118256107, Lines 2
Match: Event 118259384, Lines 2
Match: Event 118259509, Lines 2
Match: Event 118259554, Lines 2
Match: Event 118259720, Lines 2
Match: Event 118259896, Lines 2
Match: Event 118260404, Lines 2
Match: Event 118260833, Lines 2
Match: Event 118260985, Lines 2
Match: Event 118261074, Lines 2
Match: Event 118262619, Lines 2
[26%] 	 8,356/32,137 	 03:18:12
Match: Event 118262874, Lines 2
Match: Event 118263549, Lines 2
Match: Event 118264120, Lines 2
Match: Event 118265182, Lines 2
Match: Event 118265342, Lines 2
Match: Event 118266185, Lines 2
Match: Event 118266565, Lines 2
Match: Event 118267603, Lines 2
Match: Event 118268296, Lines 2
Match: Event 118269338, Lines 2
Match: Event 118269826, Lines 2
Match: Event 118272254, Lines 2
Match: Event 118272539, Lines 2
Match: Event 118272555, Lines 2
[27%] 	 8,677/32,137 	 03:26:03
Match: Event 118274340, Lines 2
Match: Event 118274897, Lines 2
Match: Event 118276921, Lines 2
Match: Event 118277665, Lines 2
Match: Event 118278116, Lines 2
Match: Event 118278196, Lines 2
Match: Event 118278274, Lines 2
Match: Event 118278812, Lines 2
Match: Event 118279248, Lines 2
Match: Event 118280837, Lines 2
Match: Event 118281049, Lines 2
Match: Event 118281165, Lines 2
Match: Event 118283128, Lines 2
[28%] 	 8,999/32,137 	 03:34:01
Match: Event 118283533, Lines 2
Match: Event 118283770, Lines 2
Match: Event 118285011, Lines 2
Match: Event 118286185, Lines 2
Match: Event 118286589, Lines 2
Match: Event 118287015, Lines 2
Match: Event 118287237, Lines 2
Match: Event 118288103, Lines 2
Match: Event 118289965, Lines 2
Match: Event 118290330, Lines 2
Match: Event 118291010, Lines 2
Match: Event 118291088, Lines 2
Match: Event 118291306, Lines 2
[29%] 	 9,320/32,137 	 03:42:08
Match: Event 118292026, Lines 2
Match: Event 118292814, Lines 2
Match: Event 118292876, Lines 2
Match: Event 118292902, Lines 2
Match: Event 118293602, Lines 2
Match: Event 118293779, Lines 2
Match: Event 118294208, Lines 2
Match: Event 118294614, Lines 2
Match: Event 118294806, Lines 2
Match: Event 118295495, Lines 2
Match: Event 118296613, Lines 2
Match: Event 118299073, Lines 2
Match: Event 118300401, Lines 2
Match: Event 118300483, Lines 2
Match: Event 118300872, Lines 2
Match: Event 118300991, Lines 2
Match: Event 118301087, Lines 2
Match: Event 118301880, Lines 2
[30%] 	 9,642/32,137 	 03:51:03
Match: Event 118303901, Lines 2
Match: Event 118304746, Lines 2
Match: Event 118305861, Lines 2
Match: Event 118307712, Lines 3
Match: Event 118308386, Lines 3
Match: Event 118309661, Lines 2
Match: Event 118309793, Lines 2
Match: Event 118310201, Lines 2
Match: Event 118310756, Lines 2
Match: Event 118311256, Lines 2
Match: Event 118311826, Lines 2
[31%] 	 9,963/32,137 	 03:58:30
Match: Event 118312969, Lines 2
Match: Event 118313124, Lines 2
Match: Event 118313208, Lines 2
Match: Event 118313423, Lines 2
Match: Event 118313484, Lines 2
Match: Event 118313644, Lines 2
Match: Event 118314709, Lines 3
Match: Event 118315371, Lines 2
Match: Event 118315701, Lines 2
Match: Event 118316160, Lines 2
Match: Event 118316295, Lines 3
Match: Event 118316693, Lines 3
Match: Event 118316949, Lines 2
Match: Event 118317067, Lines 3
Match: Event 118317213, Lines 2
Match: Event 118318135, Lines 2
Match: Event 118318195, Lines 2
Match: Event 118318756, Lines 2
Match: Event 118318765, Lines 2
Match: Event 118318916, Lines 2
Match: Event 118319110, Lines 2
Match: Event 118320199, Lines 2
Match: Event 118320387, Lines 2
[32%] 	 10,284/32,137 	 04:09:11
Match: Event 118322290, Lines 2
Match: Event 118322574, Lines 2
Match: Event 118323635, Lines 2
Match: Event 118325388, Lines 2
Match: Event 118325962, Lines 2
Match: Event 118325979, Lines 2
Match: Event 118327368, Lines 2
Match: Event 118327589, Lines 2
Match: Event 118327692, Lines 2
Match: Event 118328989, Lines 2
Match: Event 118329071, Lines 2
Match: Event 118329199, Lines 2
Match: Event 118329420, Lines 2
Match: Event 118330708, Lines 2
[33%] 	 10,606/32,137 	 04:16:42
Match: Event 118331091, Lines 2
Match: Event 118331771, Lines 2
Match: Event 118332748, Lines 2
Match: Event 118332977, Lines 2
Match: Event 118334026, Lines 2
Match: Event 118334197, Lines 2
Match: Event 118335020, Lines 2
Match: Event 118338220, Lines 2
Match: Event 118338647, Lines 2
Match: Event 118338784, Lines 2
Match: Event 118339227, Lines 2
Match: Event 118339254, Lines 2
Match: Event 118339839, Lines 2
Match: Event 118340157, Lines 2
[34%] 	 10,927/32,137 	 04:24:15
Match: Event 118340851, Lines 2
Match: Event 118340953, Lines 2
Match: Event 118343064, Lines 2
Match: Event 118343123, Lines 3
Match: Event 118343636, Lines 2
Match: Event 118343911, Lines 2
Match: Event 118344034, Lines 2
Match: Event 118344135, Lines 2
Match: Event 118344661, Lines 2
Match: Event 118346846, Lines 2
Match: Event 118347820, Lines 2
Match: Event 118347948, Lines 2
Match: Event 118348148, Lines 2
Match: Event 118348570, Lines 2
Match: Event 118349080, Lines 2
[35%] 	 11,248/32,137 	 04:32:20
Match: Event 118351359, Lines 2
Match: Event 118351826, Lines 2
Match: Event 118352470, Lines 2
Match: Event 118352983, Lines 2
Match: Event 118353994, Lines 3
Match: Event 118354391, Lines 2
Match: Event 118355316, Lines 2
Match: Event 118355578, Lines 2
Match: Event 118356263, Lines 2
Match: Event 118357446, Lines 2
Match: Event 118358985, Lines 2
Match: Event 118359510, Lines 2
Match: Event 118361592, Lines 2
Match: Event 118361673, Lines 3
Match: Event 118361741, Lines 2
[36%] 	 11,570/32,137 	 04:40:57
Match: Event 118362994, Lines 2
Match: Event 118363234, Lines 2
Match: Event 118364596, Lines 2
Match: Event 118364859, Lines 2
Match: Event 118365741, Lines 2
Match: Event 118365854, Lines 2
Match: Event 118366297, Lines 2
Match: Event 118366903, Lines 2
Match: Event 118368146, Lines 2
Match: Event 118368153, Lines 2
Match: Event 118368249, Lines 3
Match: Event 118368294, Lines 2
Match: Event 118369539, Lines 2
Match: Event 118370364, Lines 2
Match: Event 118370954, Lines 3
Match: Event 118370965, Lines 3
Match: Event 118370989, Lines 2
[37%] 	 11,891/32,137 	 04:49:20
Match: Event 118372206, Lines 2
Match: Event 118372932, Lines 2
Match: Event 118373862, Lines 2
Match: Event 118374914, Lines 2
Match: Event 118376871, Lines 2
Match: Event 118378548, Lines 2
Match: Event 118379084, Lines 2
Match: Event 118379206, Lines 2
Match: Event 118379453, Lines 2
Match: Event 118380042, Lines 2
[38%] 	 12,213/32,137 	 04:57:38
Match: Event 118382078, Lines 3
Match: Event 118383472, Lines 3
Match: Event 118383517, Lines 2
Match: Event 118384456, Lines 2
Match: Event 118385435, Lines 2
Match: Event 118386672, Lines 2
Match: Event 118387176, Lines 2
Match: Event 118387393, Lines 2
Match: Event 118390001, Lines 2
Match: Event 118390201, Lines 2
Match: Event 118390306, Lines 2
[39%] 	 12,534/32,137 	 05:05:52
Match: Event 118390668, Lines 2
Match: Event 118391141, Lines 2
Match: Event 118391831, Lines 2
Match: Event 118392250, Lines 2
Match: Event 118392439, Lines 2
Match: Event 118392731, Lines 2
Match: Event 118392851, Lines 2
Match: Event 118393856, Lines 2
Match: Event 118396966, Lines 2
Match: Event 118398431, Lines 2
Match: Event 118398478, Lines 2
Match: Event 118398671, Lines 2
Match: Event 118398908, Lines 3
Match: Event 118398939, Lines 2
[40%] 	 12,855/32,137 	 05:14:12
Match: Event 118399497, Lines 2
Match: Event 118400149, Lines 2
Match: Event 118400331, Lines 2
Match: Event 118401180, Lines 2
Match: Event 118401489, Lines 2
Match: Event 118402092, Lines 2
Match: Event 118402385, Lines 2
Match: Event 118403249, Lines 2
Match: Event 118404464, Lines 2
Match: Event 118404889, Lines 2
Match: Event 118405542, Lines 2
Match: Event 118405552, Lines 3
Match: Event 118406014, Lines 2
Match: Event 118406493, Lines 2
Match: Event 118406583, Lines 2
Match: Event 118407041, Lines 2
Match: Event 118408059, Lines 2
Match: Event 118408156, Lines 2
[41%] 	 13,177/32,137 	 05:22:41
Match: Event 118410149, Lines 2
Match: Event 118410710, Lines 2
Match: Event 118411856, Lines 2
Match: Event 118412170, Lines 2
Match: Event 118412277, Lines 2
Match: Event 118412503, Lines 2
Match: Event 118413288, Lines 3
Match: Event 118414076, Lines 2
Match: Event 118414709, Lines 3
Match: Event 118416076, Lines 2
Match: Event 118418775, Lines 2
[42%] 	 13,498/32,137 	 05:31:33
Match: Event 118420262, Lines 2
Match: Event 118421173, Lines 2
Match: Event 118421698, Lines 2
Match: Event 118421956, Lines 2
Match: Event 118422067, Lines 2
Match: Event 118422793, Lines 2
Match: Event 118423121, Lines 2
Match: Event 118424861, Lines 2
Match: Event 118424943, Lines 2
Match: Event 118425000, Lines 2
Match: Event 118427369, Lines 2
[43%] 	 13,819/32,137 	 05:40:41
Match: Event 118430332, Lines 2
Match: Event 118431651, Lines 2
Match: Event 118432195, Lines 2
Match: Event 118433488, Lines 2
Match: Event 118434612, Lines 2
Match: Event 118434726, Lines 2
Match: Event 118435497, Lines 2
Match: Event 118435962, Lines 2
Match: Event 118436817, Lines 2
Match: Event 118436901, Lines 2
Match: Event 118437044, Lines 2
Match: Event 118437753, Lines 2
[44%] 	 14,141/32,137 	 05:48:07
Match: Event 118439657, Lines 2
Match: Event 118440392, Lines 2
Match: Event 118440405, Lines 2
Match: Event 118441335, Lines 2
Match: Event 118441985, Lines 2
Match: Event 118443027, Lines 2
Match: Event 118445085, Lines 2
Match: Event 118445553, Lines 2
Match: Event 118445722, Lines 2
Match: Event 118446545, Lines 3
Match: Event 118446646, Lines 2
Match: Event 118446710, Lines 2
Match: Event 118447102, Lines 2
Match: Event 118447286, Lines 2
Match: Event 118447864, Lines 2
[45%] 	 14,462/32,137 	 05:56:18
Match: Event 118448744, Lines 2
Match: Event 118449140, Lines 2
Match: Event 118449194, Lines 2
Match: Event 118449656, Lines 2
Match: Event 118451267, Lines 2
Match: Event 118451272, Lines 2
Match: Event 118452386, Lines 2
Match: Event 118453155, Lines 2
Match: Event 118454927, Lines 2
Match: Event 118455280, Lines 2
Match: Event 118456341, Lines 2
Match: Event 118456358, Lines 2
Match: Event 118456479, Lines 2
Match: Event 118457067, Lines 2
[46%] 	 14,784/32,137 	 06:03:43
Match: Event 118457912, Lines 2
Match: Event 118457951, Lines 2
Match: Event 118457960, Lines 2
Match: Event 118459390, Lines 2
Match: Event 118460258, Lines 2
Match: Event 118460615, Lines 2
Match: Event 118460863, Lines 2
Match: Event 118462090, Lines 2
Match: Event 118463117, Lines 2
Match: Event 118463458, Lines 2
Match: Event 118463552, Lines 2
Match: Event 118463700, Lines 2
Match: Event 118463850, Lines 2
Match: Event 118464168, Lines 2
Match: Event 118464712, Lines 3
Match: Event 118467473, Lines 2
[47%] 	 15,105/32,137 	 06:11:29
Match: Event 118469401, Lines 2
Match: Event 118469849, Lines 2
Match: Event 118471037, Lines 2
Match: Event 118471101, Lines 2
Match: Event 118471351, Lines 2
Match: Event 118471716, Lines 2
Match: Event 118471751, Lines 2
Match: Event 118472595, Lines 2
Match: Event 118474023, Lines 3
Match: Event 118476210, Lines 2
Match: Event 118476612, Lines 2
Match: Event 118478225, Lines 2
[48%] 	 15,426/32,137 	 06:19:04
Match: Event 118479455, Lines 2
Match: Event 118480687, Lines 2
Match: Event 118480967, Lines 2
Match: Event 118482607, Lines 2
Match: Event 118482631, Lines 2
Match: Event 118482796, Lines 2
Match: Event 118483680, Lines 2
Match: Event 118486759, Lines 2
Match: Event 118487042, Lines 2
Match: Event 118488058, Lines 2
[49%] 	 15,748/32,137 	 06:26:39
Match: Event 118488852, Lines 2
Match: Event 118489121, Lines 2
Match: Event 118489272, Lines 2
Match: Event 118491940, Lines 2
Match: Event 118491953, Lines 3
Match: Event 118492325, Lines 2
Match: Event 118492440, Lines 2
Match: Event 118492983, Lines 2
Match: Event 118493282, Lines 3
Match: Event 118493590, Lines 2
Match: Event 118494265, Lines 2
Match: Event 118494354, Lines 2
Match: Event 118495589, Lines 2
Match: Event 118496765, Lines 2
Match: Event 118498326, Lines 2
Match: Event 118498459, Lines 2
Match: Event 118498613, Lines 3
Match: Event 118499010, Lines 2
[50%] 	 16,069/32,137 	 06:34:40
Match: Event 118499043, Lines 2
Match: Event 118500656, Lines 2
Match: Event 118502368, Lines 2
Match: Event 118504462, Lines 3
Match: Event 118504828, Lines 2
Match: Event 118505364, Lines 2
Match: Event 118505403, Lines 2
Match: Event 118505793, Lines 2
Match: Event 118506395, Lines 2
Match: Event 118507665, Lines 2
Match: Event 118507896, Lines 2
Match: Event 118508420, Lines 2
[51%] 	 16,390/32,137 	 06:42:22
Match: Event 118508981, Lines 2
Match: Event 118509105, Lines 2
Match: Event 118509584, Lines 2
Match: Event 118509868, Lines 2
Match: Event 118510842, Lines 2
Match: Event 118511367, Lines 2
Match: Event 118512070, Lines 2
Match: Event 118513824, Lines 2
Match: Event 118514231, Lines 2
Match: Event 118514488, Lines 2
Match: Event 118514565, Lines 2
Match: Event 118514739, Lines 2
Match: Event 118515265, Lines 2
Match: Event 118516703, Lines 2
Match: Event 118517567, Lines 2
Match: Event 118517568, Lines 2
Match: Event 118517788, Lines 2
Match: Event 118517888, Lines 2
Match: Event 118517910, Lines 2
Match: Event 118517935, Lines 2
[52%] 	 16,712/32,137 	 06:49:47
Match: Event 118518218, Lines 2
Match: Event 118519056, Lines 2
Match: Event 118520730, Lines 2
Match: Event 118521115, Lines 2
Match: Event 118521464, Lines 2
Match: Event 118522883, Lines 2
Match: Event 118523073, Lines 2
Match: Event 118523141, Lines 2
Match: Event 118524097, Lines 2
Match: Event 118524154, Lines 2
Match: Event 118524727, Lines 2
Match: Event 118525289, Lines 2
Match: Event 118526234, Lines 2
Match: Event 118526685, Lines 3
Match: Event 118526759, Lines 2
Match: Event 118528146, Lines 2
[53%] 	 17,033/32,137 	 06:58:20
Match: Event 118528557, Lines 2
Match: Event 118529685, Lines 2
Match: Event 118530795, Lines 2
Match: Event 118531074, Lines 2
Match: Event 118531263, Lines 2
Match: Event 118532131, Lines 2
Match: Event 118532221, Lines 2
Match: Event 118532781, Lines 2
Match: Event 118532884, Lines 2
Match: Event 118533105, Lines 2
Match: Event 118535095, Lines 2
Match: Event 118535413, Lines 3
Match: Event 118535606, Lines 2
Match: Event 118536487, Lines 2
Match: Event 118536626, Lines 2
Match: Event 118537672, Lines 2
[54%] 	 17,354/32,137 	 07:07:11
Match: Event 118538830, Lines 2
Match: Event 118538875, Lines 2
Match: Event 118539644, Lines 2
Match: Event 118540278, Lines 2
Match: Event 118540485, Lines 2
Match: Event 118541095, Lines 2
Match: Event 118541130, Lines 2
Match: Event 118541368, Lines 2
Match: Event 118541690, Lines 2
Match: Event 118542069, Lines 2
Match: Event 118542394, Lines 2
Match: Event 118543896, Lines 2
Match: Event 118544312, Lines 2
Match: Event 118544331, Lines 2
Match: Event 118544768, Lines 2
Match: Event 118545000, Lines 2
Match: Event 118547369, Lines 2
Match: Event 118547864, Lines 2
[55%] 	 17,676/32,137 	 07:14:41
Match: Event 118548795, Lines 2
Match: Event 118549493, Lines 2
Match: Event 118551327, Lines 2
Match: Event 118552217, Lines 2
Match: Event 118552787, Lines 3
Match: Event 118553167, Lines 2
Match: Event 118557219, Lines 2
Match: Event 118557842, Lines 2
Match: Event 118558218, Lines 2
Match: Event 118558295, Lines 2
Match: Event 118558448, Lines 2
[56%] 	 17,997/32,137 	 07:22:11
Match: Event 118559085, Lines 2
Match: Event 118559205, Lines 2
Match: Event 118559986, Lines 2
Match: Event 118560113, Lines 2
Match: Event 118560196, Lines 2
Match: Event 118560435, Lines 2
Match: Event 118561290, Lines 2
Match: Event 118561822, Lines 2
Match: Event 118562068, Lines 2
Match: Event 118563624, Lines 2
Match: Event 118564965, Lines 2
Match: Event 118565881, Lines 2
Match: Event 118566559, Lines 2
Match: Event 118567564, Lines 2
Match: Event 118568029, Lines 2
[57%] 	 18,319/32,137 	 07:29:44
Match: Event 118570246, Lines 2
Match: Event 118570279, Lines 2
Match: Event 118570434, Lines 2
Match: Event 118572476, Lines 2
Match: Event 118572802, Lines 2
Match: Event 118573793, Lines 2
Match: Event 118573794, Lines 2
Match: Event 118574189, Lines 2
Match: Event 118576722, Lines 2
Match: Event 118577896, Lines 2
Match: Event 118578308, Lines 2
[58%] 	 18,640/32,137 	 07:37:40
Match: Event 118578715, Lines 2
Match: Event 118578805, Lines 2
Match: Event 118579091, Lines 2
Match: Event 118579406, Lines 2
Match: Event 118579723, Lines 2
Match: Event 118580553, Lines 2
Match: Event 118581382, Lines 2
Match: Event 118581773, Lines 2
Match: Event 118582255, Lines 2
Match: Event 118582383, Lines 2
Match: Event 118583066, Lines 2
Match: Event 118584608, Lines 2
Match: Event 118585927, Lines 3
[59%] 	 18,961/32,137 	 07:45:42
Match: Event 118587808, Lines 2
Match: Event 118587889, Lines 2
Match: Event 118587959, Lines 2
Match: Event 118588238, Lines 2
Match: Event 118588473, Lines 2
Match: Event 118588666, Lines 2
Match: Event 118589035, Lines 2
Match: Event 118589692, Lines 2
Match: Event 118589912, Lines 3
Match: Event 118591129, Lines 2
Match: Event 118591830, Lines 2
Match: Event 118591942, Lines 2
Match: Event 118592867, Lines 2
Match: Event 118593498, Lines 2
Match: Event 118594950, Lines 2
Match: Event 118595416, Lines 2
Match: Event 118595669, Lines 2
Match: Event 118595811, Lines 2
Match: Event 118596153, Lines 2
Match: Event 118596391, Lines 2
Match: Event 118596793, Lines 2
Match: Event 118597299, Lines 3
[60%] 	 19,283/32,137 	 07:54:04
Match: Event 118597541, Lines 3
Match: Event 118598386, Lines 2
Match: Event 118598958, Lines 2
Match: Event 118599414, Lines 2
Match: Event 118599463, Lines 2
Match: Event 118599660, Lines 2
Match: Event 118599987, Lines 2
Match: Event 118600003, Lines 2
Match: Event 118600185, Lines 2
Match: Event 118600549, Lines 2
Match: Event 118601370, Lines 2
Match: Event 118601970, Lines 2
Match: Event 118602408, Lines 2
Match: Event 118602434, Lines 2
Match: Event 118602521, Lines 2
Match: Event 118604874, Lines 2
Match: Event 118605265, Lines 2
Match: Event 118605637, Lines 2
Match: Event 118605924, Lines 2
Match: Event 118605948, Lines 2
Match: Event 118605960, Lines 2
Match: Event 118607428, Lines 3
[61%] 	 19,604/32,137 	 08:01:36
Match: Event 118607569, Lines 2
Match: Event 118607647, Lines 2
Match: Event 118610163, Lines 2
Match: Event 118610203, Lines 2
Match: Event 118610728, Lines 2
Match: Event 118612341, Lines 2
Match: Event 118612577, Lines 2
Match: Event 118613644, Lines 2
Match: Event 118613764, Lines 2
Match: Event 118614580, Lines 2
Match: Event 118614927, Lines 3
Match: Event 118615571, Lines 2
Match: Event 118616883, Lines 2
[62%] 	 19,925/32,137 	 08:09:10
Match: Event 118617890, Lines 2
Match: Event 118619339, Lines 2
Match: Event 118619637, Lines 2
Match: Event 118621062, Lines 2
Match: Event 118621459, Lines 2
Match: Event 118623920, Lines 2
Match: Event 118624967, Lines 2
Match: Event 118625579, Lines 2
Match: Event 118626562, Lines 2
Match: Event 118626608, Lines 2
Match: Event 118626663, Lines 2
Match: Event 118626727, Lines 2
Match: Event 118627120, Lines 2
[63%] 	 20,247/32,137 	 08:16:48
Match: Event 118627932, Lines 2
Match: Event 118628231, Lines 2
Match: Event 118628380, Lines 2
Match: Event 118629904, Lines 2
Match: Event 118631807, Lines 2
Match: Event 118631847, Lines 2
Match: Event 118632034, Lines 3
Match: Event 118633088, Lines 2
Match: Event 118633148, Lines 3
Match: Event 118634407, Lines 2
[64%] 	 20,568/32,137 	 08:23:59
Match: Event 118636952, Lines 2
Match: Event 118637640, Lines 2
Match: Event 118637717, Lines 2
Match: Event 118638483, Lines 2
Match: Event 118638707, Lines 2
Match: Event 118639962, Lines 2
Match: Event 118642472, Lines 2
Match: Event 118642794, Lines 2
Match: Event 118643408, Lines 2
Match: Event 118643502, Lines 2
Match: Event 118643622, Lines 2
Match: Event 118643792, Lines 2
Match: Event 118644047, Lines 2
Match: Event 118644181, Lines 2
Match: Event 118644349, Lines 3
Match: Event 118644792, Lines 2
Match: Event 118645712, Lines 2
Match: Event 118645729, Lines 2
Match: Event 118646314, Lines 2
Match: Event 118646466, Lines 2
[65%] 	 20,890/32,137 	 08:31:24
Match: Event 118648440, Lines 2
Match: Event 118650458, Lines 2
Match: Event 118651042, Lines 2
Match: Event 118651263, Lines 2
Match: Event 118651414, Lines 2
Match: Event 118651698, Lines 2
Match: Event 118652019, Lines 2
Match: Event 118652752, Lines 3
Match: Event 118653593, Lines 3
Match: Event 118655339, Lines 2
Match: Event 118655416, Lines 3
Match: Event 118655529, Lines 2
Match: Event 118656237, Lines 2
Match: Event 118656411, Lines 2
[66%] 	 21,211/32,137 	 08:38:58
Match: Event 118657297, Lines 2
Match: Event 118657401, Lines 2
Match: Event 118657854, Lines 2
Match: Event 118658380, Lines 2
Match: Event 118660104, Lines 2
Match: Event 118660134, Lines 2
Match: Event 118661702, Lines 2
Match: Event 118661784, Lines 2
Match: Event 118662910, Lines 3
Match: Event 118663104, Lines 2
Match: Event 118663174, Lines 2
Match: Event 118663945, Lines 2
Match: Event 118664637, Lines 2
Match: Event 118665664, Lines 2
Match: Event 118665993, Lines 2
Match: Event 118668815, Lines 2
[67%] 	 21,532/32,137 	 08:46:29
Match: Event 118669222, Lines 3
Match: Event 118669827, Lines 2
Match: Event 118670979, Lines 2
Match: Event 118672088, Lines 2
Match: Event 118672152, Lines 2
Match: Event 118674000, Lines 2
Match: Event 118674197, Lines 2
Match: Event 118674813, Lines 2
Match: Event 118674906, Lines 2
Match: Event 118675179, Lines 2
Match: Event 118676993, Lines 2
Match: Event 118677284, Lines 2
Match: Event 118678705, Lines 2
[68%] 	 21,854/32,137 	 08:53:49
Match: Event 118679185, Lines 2
Match: Event 118679777, Lines 2
Match: Event 118681235, Lines 2
Match: Event 118682056, Lines 2
Match: Event 118682219, Lines 2
Match: Event 118683176, Lines 2
Match: Event 118683468, Lines 2
Match: Event 118688442, Lines 2
[69%] 	 22,175/32,137 	 09:00:57
Match: Event 118690323, Lines 2
Match: Event 118690605, Lines 2
Match: Event 118691330, Lines 2
Match: Event 118693292, Lines 2
Match: Event 118695268, Lines 2
Match: Event 118695309, Lines 2
Match: Event 118695712, Lines 2
Match: Event 118696321, Lines 2
Match: Event 118696608, Lines 2
Match: Event 118697208, Lines 2
Match: Event 118698629, Lines 2
[70%] 	 22,496/32,137 	 09:08:16
Match: Event 118699340, Lines 2
Match: Event 118700686, Lines 2
Match: Event 118701207, Lines 2
Match: Event 118702182, Lines 2
Match: Event 118703155, Lines 2
Match: Event 118704856, Lines 2
Match: Event 118705453, Lines 2
Match: Event 118706578, Lines 2
Match: Event 118706650, Lines 2
Match: Event 118707312, Lines 2
Match: Event 118708224, Lines 2
[71%] 	 22,818/32,137 	 09:15:22
Match: Event 118709779, Lines 2
Match: Event 118709856, Lines 2
Match: Event 118711159, Lines 2
Match: Event 118712267, Lines 2
Match: Event 118712679, Lines 2
Match: Event 118713205, Lines 2
Match: Event 118713829, Lines 2
Match: Event 118714173, Lines 2
Match: Event 118714367, Lines 2
Match: Event 118714650, Lines 2
Match: Event 118714842, Lines 2
Match: Event 118717254, Lines 2
[72%] 	 23,139/32,137 	 09:22:58
Match: Event 118719151, Lines 2
Match: Event 118719455, Lines 2
Match: Event 118719984, Lines 2
Match: Event 118720119, Lines 2
Match: Event 118720817, Lines 2
Match: Event 118721586, Lines 2
Match: Event 118722179, Lines 2
Match: Event 118722344, Lines 2
Match: Event 118722856, Lines 3
Match: Event 118723034, Lines 2
Match: Event 118723149, Lines 2
Match: Event 118724242, Lines 2
Match: Event 118724800, Lines 2
Match: Event 118724882, Lines 2
Match: Event 118724940, Lines 2
Match: Event 118725112, Lines 2
Match: Event 118725292, Lines 2
Match: Event 118725585, Lines 2
Match: Event 118726518, Lines 2
Match: Event 118726831, Lines 2
Match: Event 118726972, Lines 2
[73%] 	 23,461/32,137 	 09:30:29
Match: Event 118727610, Lines 2
Match: Event 118727618, Lines 2
Match: Event 118729115, Lines 2
Match: Event 118730201, Lines 2
Match: Event 118730440, Lines 3
Match: Event 118730563, Lines 2
Match: Event 118731059, Lines 2
Match: Event 118731167, Lines 2
Match: Event 118731629, Lines 2
Match: Event 118731808, Lines 2
Match: Event 118732023, Lines 2
Match: Event 118732151, Lines 2
Match: Event 118732229, Lines 2
Match: Event 118732951, Lines 2
Match: Event 118733016, Lines 2
Match: Event 118734786, Lines 2
Match: Event 118735527, Lines 2
Match: Event 118735932, Lines 2
Match: Event 118736750, Lines 2
Match: Event 118737293, Lines 2
[74%] 	 23,782/32,137 	 09:37:56
Match: Event 118738592, Lines 2
Match: Event 118738647, Lines 2
Match: Event 118738674, Lines 2
Match: Event 118740015, Lines 2
Match: Event 118741183, Lines 2
Match: Event 118741429, Lines 2
Match: Event 118741431, Lines 2
Match: Event 118742173, Lines 2
Match: Event 118743436, Lines 3
Match: Event 118744512, Lines 2
Match: Event 118744851, Lines 2
Match: Event 118744956, Lines 2
Match: Event 118744987, Lines 2
Match: Event 118746272, Lines 2
Match: Event 118748251, Lines 2
[75%] 	 24,103/32,137 	 09:45:19
Match: Event 118749907, Lines 3
Match: Event 118750107, Lines 3
Match: Event 118750822, Lines 2
Match: Event 118752095, Lines 2
Match: Event 118752261, Lines 2
Match: Event 118752483, Lines 2
Match: Event 118753251, Lines 2
Match: Event 118753263, Lines 2
Match: Event 118753428, Lines 3
Match: Event 118753581, Lines 3
Match: Event 118754908, Lines 2
Match: Event 118755170, Lines 2
Match: Event 118756097, Lines 2
Match: Event 118757400, Lines 2
Match: Event 118757627, Lines 2
Match: Event 118758249, Lines 3
[76%] 	 24,425/32,137 	 09:52:48
Match: Event 118758909, Lines 2
Match: Event 118759758, Lines 2
Match: Event 118760141, Lines 2
Match: Event 118760218, Lines 2
Match: Event 118763228, Lines 2
Match: Event 118763410, Lines 2
Match: Event 118763448, Lines 2
Match: Event 118765203, Lines 3
Match: Event 118765816, Lines 2
Match: Event 118766663, Lines 3
Match: Event 118766947, Lines 2
Match: Event 118767055, Lines 2
Match: Event 118767379, Lines 2
[77%] 	 24,746/32,137 	 10:00:00
Match: Event 118767875, Lines 3
Match: Event 118768044, Lines 2
Match: Event 118768140, Lines 2
Match: Event 118768365, Lines 2
Match: Event 118769156, Lines 2
Match: Event 118769752, Lines 2
Match: Event 118769990, Lines 2
Match: Event 118771065, Lines 2
Match: Event 118771321, Lines 2
Match: Event 118772224, Lines 3
Match: Event 118772907, Lines 2
Match: Event 118773819, Lines 2
Match: Event 118774427, Lines 2
Match: Event 118774588, Lines 2
Match: Event 118775060, Lines 2
Match: Event 118776711, Lines 2
[78%] 	 25,067/32,137 	 10:07:25
Match: Event 118777196, Lines 2
Match: Event 118777247, Lines 3
Match: Event 118777817, Lines 2
Match: Event 118777893, Lines 2
Match: Event 118778460, Lines 3
Match: Event 118778801, Lines 2
Match: Event 118779257, Lines 2
Match: Event 118779986, Lines 2
Match: Event 118780074, Lines 2
Match: Event 118780276, Lines 2
Match: Event 118780655, Lines 3
Match: Event 118782217, Lines 2
Match: Event 118782646, Lines 2
Match: Event 118782766, Lines 2
Match: Event 118783058, Lines 2
Match: Event 118783084, Lines 2
Match: Event 118784869, Lines 2
Match: Event 118785072, Lines 2
Match: Event 118786258, Lines 2
Match: Event 118786496, Lines 2
Match: Event 118786965, Lines 2
[79%] 	 25,389/32,137 	 10:14:41
Match: Event 118787635, Lines 2
Match: Event 118787706, Lines 2
Match: Event 118788345, Lines 2
Match: Event 118789806, Lines 2
Match: Event 118790164, Lines 2
Match: Event 118790295, Lines 2
Match: Event 118790585, Lines 2
Match: Event 118791567, Lines 2
Match: Event 118791614, Lines 2
Match: Event 118791772, Lines 2
Match: Event 118793060, Lines 2
Match: Event 118793246, Lines 2
Match: Event 118793335, Lines 2
Match: Event 118793399, Lines 2
Match: Event 118794647, Lines 2
Match: Event 118794921, Lines 2
Match: Event 118795233, Lines 2
Match: Event 118795999, Lines 3
[80%] 	 25,710/32,137 	 10:22:01
Match: Event 118798517, Lines 2
Match: Event 118801087, Lines 2
Match: Event 118801735, Lines 2
Match: Event 118801754, Lines 2
Match: Event 118801895, Lines 2
Match: Event 118802480, Lines 2
Match: Event 118803248, Lines 2
Match: Event 118803598, Lines 2
Match: Event 118804272, Lines 2
Match: Event 118804370, Lines 2
Match: Event 118804896, Lines 2
Match: Event 118804980, Lines 2
Match: Event 118805934, Lines 2
Match: Event 118806425, Lines 2
[81%] 	 26,031/32,137 	 10:29:14
Match: Event 118807198, Lines 2
Match: Event 118810297, Lines 2
Match: Event 118810720, Lines 3
Match: Event 118811639, Lines 2
Match: Event 118813125, Lines 2
Match: Event 118813251, Lines 2
Match: Event 118814777, Lines 2
Match: Event 118815049, Lines 2
Match: Event 118815874, Lines 2
Match: Event 118816422, Lines 2
Match: Event 118816641, Lines 2
Match: Event 118817650, Lines 2
Match: Event 118817689, Lines 2
[82%] 	 26,353/32,137 	 10:36:31
Match: Event 118818154, Lines 3
Match: Event 118818661, Lines 2
Match: Event 118819793, Lines 2
Match: Event 118820456, Lines 2
Match: Event 118820790, Lines 2
Match: Event 118821097, Lines 2
Match: Event 118821694, Lines 2
Match: Event 118821860, Lines 2
Match: Event 118821913, Lines 2
Match: Event 118822402, Lines 2
Match: Event 118823558, Lines 2
Match: Event 118823796, Lines 2
Match: Event 118824093, Lines 2
Match: Event 118825301, Lines 2
Match: Event 118826364, Lines 2
Match: Event 118826577, Lines 2
Match: Event 118826891, Lines 2
Match: Event 118827005, Lines 2
[83%] 	 26,674/32,137 	 10:43:42
Match: Event 118829264, Lines 2
Match: Event 118829486, Lines 2
Match: Event 118829794, Lines 2
Match: Event 118829962, Lines 2
Match: Event 118829995, Lines 2
Match: Event 118830071, Lines 2
Match: Event 118830093, Lines 2
Match: Event 118831463, Lines 2
Match: Event 118832139, Lines 2
Match: Event 118833093, Lines 2
Match: Event 118834935, Lines 2
Match: Event 118835317, Lines 2
Match: Event 118835722, Lines 2
Match: Event 118836299, Lines 2
Match: Event 118836746, Lines 2
Match: Event 118836900, Lines 2
Match: Event 118836956, Lines 2
Match: Event 118837274, Lines 2
[84%] 	 26,996/32,137 	 10:50:56
Match: Event 118838438, Lines 2
Match: Event 118839726, Lines 2
Match: Event 118840156, Lines 2
Match: Event 118840557, Lines 2
Match: Event 118841265, Lines 2
Match: Event 118841563, Lines 2
Match: Event 118841949, Lines 2
Match: Event 118842029, Lines 2
Match: Event 118842670, Lines 2
Match: Event 118843544, Lines 2
Match: Event 118843553, Lines 2
Match: Event 118843843, Lines 2
Match: Event 118844870, Lines 2
Match: Event 118845943, Lines 2
[85%] 	 27,317/32,137 	 10:58:04
Match: Event 118848065, Lines 2
Match: Event 118848125, Lines 2
Match: Event 118848399, Lines 2
Match: Event 118848547, Lines 2
Match: Event 118849977, Lines 2
Match: Event 118850457, Lines 2
Match: Event 118851259, Lines 2
Match: Event 118851613, Lines 2
Match: Event 118851705, Lines 2
Match: Event 118852365, Lines 2
Match: Event 118852419, Lines 2
Match: Event 118853752, Lines 3
Match: Event 118857304, Lines 2
[86%] 	 27,638/32,137 	 11:05:19
Match: Event 118858323, Lines 2
Match: Event 118859961, Lines 2
Match: Event 118861853, Lines 2
Match: Event 118862507, Lines 2
Match: Event 118863270, Lines 2
Match: Event 118863606, Lines 2
Match: Event 118863659, Lines 2
Match: Event 118863835, Lines 2
Match: Event 118864833, Lines 2
Match: Event 118866307, Lines 2
Match: Event 118866792, Lines 2
[87%] 	 27,960/32,137 	 11:12:25
Match: Event 118868232, Lines 2
Match: Event 118868348, Lines 2
Match: Event 118869475, Lines 2
Match: Event 118869836, Lines 2
Match: Event 118870514, Lines 2
Match: Event 118870575, Lines 2
Match: Event 118871911, Lines 2
Match: Event 118872470, Lines 2
Match: Event 118872600, Lines 2
Match: Event 118873408, Lines 2
Match: Event 118873639, Lines 2
Match: Event 118874222, Lines 2
Match: Event 118874660, Lines 2
Match: Event 118876387, Lines 3
[88%] 	 28,281/32,137 	 11:19:42
Match: Event 118878720, Lines 2
Match: Event 118878796, Lines 2
Match: Event 118878926, Lines 3
Match: Event 118879284, Lines 2
Match: Event 118880388, Lines 2
Match: Event 118880651, Lines 2
Match: Event 118880705, Lines 2
Match: Event 118880750, Lines 2
Match: Event 118881207, Lines 2
Match: Event 118881254, Lines 2
Match: Event 118883441, Lines 2
Match: Event 118884928, Lines 2
Match: Event 118885169, Lines 2
Match: Event 118886955, Lines 2
Match: Event 118887549, Lines 2
[89%] 	 28,602/32,137 	 11:26:53
Match: Event 118888381, Lines 2
Match: Event 118888534, Lines 2
Match: Event 118889487, Lines 2
Match: Event 118892294, Lines 2
Match: Event 118893232, Lines 2
Match: Event 118893246, Lines 2
Match: Event 118896257, Lines 2
Match: Event 118898573, Lines 2
[90%] 	 28,924/32,137 	 11:34:14
Match: Event 118900128, Lines 2
Match: Event 118900242, Lines 2
Match: Event 118901704, Lines 3
Match: Event 118901769, Lines 2
Match: Event 118902247, Lines 2
Match: Event 118903461, Lines 2
Match: Event 118904955, Lines 2
Match: Event 118905042, Lines 2
Match: Event 118905102, Lines 2
Match: Event 118906023, Lines 2
Match: Event 118906570, Lines 2
Match: Event 118906950, Lines 2
Match: Event 118907339, Lines 2
Match: Event 118907794, Lines 2
Match: Event 118908157, Lines 2
Match: Event 118908274, Lines 2
[91%] 	 29,245/32,137 	 11:41:22
Match: Event 118911508, Lines 2
Match: Event 118911656, Lines 2
Match: Event 118912053, Lines 2
Match: Event 118913054, Lines 3
Match: Event 118913266, Lines 2
Match: Event 118913581, Lines 2
Match: Event 118913623, Lines 2
Match: Event 118914261, Lines 2
Match: Event 118914651, Lines 2
Match: Event 118915321, Lines 2
Match: Event 118915780, Lines 2
Match: Event 118916033, Lines 2
Match: Event 118916490, Lines 2
Match: Event 118917538, Lines 2
Match: Event 118917919, Lines 2
Match: Event 118920063, Lines 3
Match: Event 118920178, Lines 2
[92%] 	 29,567/32,137 	 11:48:40
Match: Event 118920602, Lines 2
Match: Event 118922018, Lines 2
Match: Event 118922051, Lines 3
Match: Event 118922179, Lines 2
Match: Event 118923016, Lines 2
Match: Event 118923712, Lines 2
Match: Event 118923783, Lines 2
Match: Event 118924463, Lines 2
Match: Event 118926225, Lines 2
Match: Event 118926594, Lines 2
Match: Event 118927878, Lines 2
Match: Event 118928499, Lines 2
Match: Event 118928833, Lines 2
Match: Event 118928912, Lines 2
Match: Event 118929205, Lines 2
Match: Event 118929425, Lines 2
Match: Event 118929845, Lines 2
Match: Event 118930148, Lines 2
[93%] 	 29,888/32,137 	 11:56:04
Match: Event 118930521, Lines 2
Match: Event 118930622, Lines 2
Match: Event 118931312, Lines 2
Match: Event 118931799, Lines 2
Match: Event 118932055, Lines 2
Match: Event 118932988, Lines 2
Match: Event 118933145, Lines 2
Match: Event 118933310, Lines 2
Match: Event 118934003, Lines 2
Match: Event 118934076, Lines 2
Match: Event 118934588, Lines 2
Match: Event 118935545, Lines 2
Match: Event 118935633, Lines 2
Match: Event 118938919, Lines 2
Match: Event 118939389, Lines 2
[94%] 	 30,209/32,137 	 12:03:23
Match: Event 118940259, Lines 2
Match: Event 118941767, Lines 2
Match: Event 118942460, Lines 2
Match: Event 118943490, Lines 2
Match: Event 118944008, Lines 2
Match: Event 118945141, Lines 2
Match: Event 118945887, Lines 2
Match: Event 118945896, Lines 2
Match: Event 118946047, Lines 3
Match: Event 118946690, Lines 2
Match: Event 118947356, Lines 2
Match: Event 118947371, Lines 2
Match: Event 118948037, Lines 2
Match: Event 118948336, Lines 2
Match: Event 118948806, Lines 2
[95%] 	 30,531/32,137 	 12:10:39
Match: Event 118952620, Lines 2
Match: Event 118953176, Lines 2
Match: Event 118953512, Lines 2
Match: Event 118953639, Lines 2
Match: Event 118954048, Lines 2
Match: Event 118954625, Lines 2
Match: Event 118955521, Lines 2
Match: Event 118957713, Lines 2
Match: Event 118957817, Lines 2
Match: Event 118958576, Lines 2
Match: Event 118959707, Lines 2
Match: Event 118960754, Lines 2
[96%] 	 30,852/32,137 	 12:18:03
Match: Event 118961341, Lines 2
Match: Event 118961445, Lines 2
Match: Event 118961449, Lines 2
Match: Event 118961877, Lines 2
Match: Event 118962018, Lines 2
Match: Event 118962864, Lines 2
Match: Event 118963955, Lines 2
Match: Event 118964164, Lines 3
Match: Event 118964900, Lines 2
Match: Event 118965156, Lines 2
Match: Event 118965406, Lines 2
Match: Event 118965834, Lines 2
Match: Event 118965954, Lines 2
Match: Event 118966031, Lines 2
Match: Event 118967988, Lines 2
Match: Event 118968001, Lines 2
Match: Event 118968287, Lines 2
Match: Event 118968480, Lines 2
Match: Event 118968568, Lines 2
Match: Event 118969298, Lines 2
[97%] 	 31,173/32,137 	 12:25:13
Match: Event 118970894, Lines 2
Match: Event 118971779, Lines 2
Match: Event 118972307, Lines 2
Match: Event 118972982, Lines 2
Match: Event 118973313, Lines 2
Match: Event 118973906, Lines 2
Match: Event 118976108, Lines 2
Match: Event 118976138, Lines 2
Match: Event 118977044, Lines 2
Match: Event 118977699, Lines 2
Match: Event 118978551, Lines 2
Match: Event 118979056, Lines 2
Match: Event 118979389, Lines 2
[98%] 	 31,495/32,137 	 12:32:49
Match: Event 118981226, Lines 2
Match: Event 118981359, Lines 2
Match: Event 118981861, Lines 2
Match: Event 118982700, Lines 2
Match: Event 118982787, Lines 2
Match: Event 118984148, Lines 2
Match: Event 118984180, Lines 2
Match: Event 118984540, Lines 2
Match: Event 118984970, Lines 2
Match: Event 118985096, Lines 2
Match: Event 118985529, Lines 2
Match: Event 118985905, Lines 2
Match: Event 118987044, Lines 2
Match: Event 118987061, Lines 2
Match: Event 118987074, Lines 2
Match: Event 118987129, Lines 2
Match: Event 118987462, Lines 3
Match: Event 118987830, Lines 2
Match: Event 118987997, Lines 2
Match: Event 118988281, Lines 2
Match: Event 118988635, Lines 2
Match: Event 118989297, Lines 2
Match: Event 118989328, Lines 2
[99%] 	 31,816/32,137 	 12:40:13
Match: Event 118990971, Lines 2
Match: Event 118991155, Lines 2
Match: Event 118991484, Lines 3
Match: Event 118991804, Lines 2
Match: Event 118992421, Lines 2
Match: Event 118994819, Lines 2
Match: Event 118994833, Lines 3
Match: Event 118994879, Lines 2
Match: Event 118994899, Lines 2
Match: Event 118995030, Lines 3
Match: Event 118995293, Lines 2
Match: Event 118995390, Lines 2
Match: Event 118995833, Lines 2
Match: Event 118996160, Lines 2
Match: Event 118998576, Lines 2
Match: Event 118999617, Lines 2
Match: Event 118999792, Lines 2
Finished in 46047.23s.
 ~ 5) DONE !
