search libraries in slc9_x86-64
 ~ 1) Base stack loaded.
 ~ Sleeping for 34 seconds to avoid AFS DDOS...
 ~ 2) Loading sndsw environment...
 ~ 3) SNDSW_ROOT is set to: /afs/cern.ch/user/i/idioniso/snd_master/sw-root6.28/rhel9_x86-64/sndsw/master-local1
 ~ 4) Executing tracking script...
[INFO] The input consists out of the following trees and files: 
[INFO]  - rawConv
[INFO]     - root://eoshome-i.cern.ch//eos/user/i/idioniso/tridents/initial_cuts/tridents_sndsw_raw-0104.root
[INFO] FairRootFileSink initialized.
[INFO]  - cbmout
[INFO]     - dummy
[INFO] Parameter and input file are available, Assure that basic info is there for the run!
[INFO] ---FairRootManager::SpecifyRunId --- 
[INFO] --- Initialize with RunId  --- 0

************************************************************* 
     initialisation for run id 0
************************************************************* 
-I- FairRunTimeDB::InitContainer() FairBaseParSet
-I- FairRunTimeDB::InitContainer() FairGeoParSet

************************************************************* 
     initialisation for run id 0
************************************************************* 
-I- FairRunTimeDB::InitContainer() FairBaseParSet
-I- FairRunTimeDB::InitContainer() FairGeoParSet
[INFO]  Branch: Reco_MuonTracks not found in Tree.
using geofile: root://eospublic.cern.ch//eos/experiment/sndlhc/convertedData/physics/2023/geofile_sndlhc_TI18_V3_2023.root
[0%] 	 0/32,101 	 00:00:12
[1%] 	 322/32,101 	 00:06:08
[2%] 	 643/32,101 	 00:12:05
[3%] 	 964/32,101 	 00:18:13
[4%] 	 1,285/32,101 	 00:24:29
[5%] 	 1,606/32,101 	 00:29:30
[6%] 	 1,927/32,101 	 00:34:43
[7%] 	 2,248/32,101 	 00:40:13
[8%] 	 2,569/32,101 	 00:45:12
Match: Event 104090126, Lines 2
Match: Event 104090303, Lines 2
[9%] 	 2,890/32,101 	 00:50:11
[10%] 	 3,211/32,101 	 00:55:43
Match: Event 104106038, Lines 2
[11%] 	 3,532/32,101 	 01:00:44
[12%] 	 3,853/32,101 	 01:05:10
Match: Event 104122867, Lines 2
[13%] 	 4,174/32,101 	 01:09:59
[14%] 	 4,495/32,101 	 01:14:41
Match: Event 104145439, Lines 2
Match: Event 104153284, Lines 2
[15%] 	 4,816/32,101 	 01:19:56
[16%] 	 5,137/32,101 	 01:24:36
[17%] 	 5,458/32,101 	 01:29:04
[18%] 	 5,779/32,101 	 01:33:40
[19%] 	 6,100/32,101 	 01:39:12
[20%] 	 6,421/32,101 	 01:43:39
Match: Event 104209293, Lines 2
Match: Event 104209543, Lines 2
[21%] 	 6,742/32,101 	 01:48:18
Match: Event 104219897, Lines 2
[22%] 	 7,063/32,101 	 01:52:55
[23%] 	 7,384/32,101 	 01:57:55
[24%] 	 7,705/32,101 	 02:02:56
[25%] 	 8,026/32,101 	 02:07:50
[26%] 	 8,347/32,101 	 02:13:03
[27%] 	 8,668/32,101 	 02:18:20
[28%] 	 8,989/32,101 	 02:23:48
Match: Event 104281822, Lines 2
[29%] 	 9,310/32,101 	 02:28:47
[30%] 	 9,631/32,101 	 02:33:32
[31%] 	 9,952/32,101 	 02:39:08
[32%] 	 10,273/32,101 	 02:44:12
Match: Event 104324571, Lines 2
[33%] 	 10,594/32,101 	 02:49:13
[34%] 	 10,915/32,101 	 02:54:08
Match: Event 104339485, Lines 2
[35%] 	 11,236/32,101 	 02:58:59
[36%] 	 11,557/32,101 	 03:03:53
[37%] 	 11,878/32,101 	 03:08:40
[38%] 	 12,199/32,101 	 03:13:35
[39%] 	 12,520/32,101 	 03:18:30
Match: Event 104393711, Lines 2
[40%] 	 12,841/32,101 	 03:23:27
[41%] 	 13,162/32,101 	 03:28:25
Match: Event 104415894, Lines 2
Match: Event 104416346, Lines 2
[42%] 	 13,483/32,101 	 03:33:22
[43%] 	 13,804/32,101 	 03:38:22
[44%] 	 14,125/32,101 	 03:43:28
[45%] 	 14,446/32,101 	 03:48:14
[46%] 	 14,767/32,101 	 03:53:24
Match: Event 104460470, Lines 2
[47%] 	 15,088/32,101 	 03:59:17
[48%] 	 15,409/32,101 	 04:05:05
Match: Event 104480533, Lines 2
[49%] 	 15,730/32,101 	 04:12:40
[50%] 	 16,051/32,101 	 04:18:59
Match: Event 104505281, Lines 2
[51%] 	 16,372/32,101 	 04:24:49
Match: Event 104513758, Lines 3
Match: Event 104515445, Lines 2
[52%] 	 16,693/32,101 	 04:30:50
Match: Event 104524415, Lines 2
[53%] 	 17,014/32,101 	 04:36:43
[54%] 	 17,335/32,101 	 04:42:49
[55%] 	 17,656/32,101 	 04:48:55
[56%] 	 17,977/32,101 	 04:55:07
[57%] 	 18,298/32,101 	 05:01:21
Match: Event 104572232, Lines 2
[58%] 	 18,619/32,101 	 05:07:23
[59%] 	 18,940/32,101 	 05:13:31
Match: Event 104591831, Lines 2
[60%] 	 19,261/32,101 	 05:19:21
[61%] 	 19,582/32,101 	 05:24:54
[62%] 	 19,903/32,101 	 05:31:22
[63%] 	 20,224/32,101 	 05:37:33
[64%] 	 20,545/32,101 	 05:42:53
Match: Event 104640353, Lines 2
[65%] 	 20,866/32,101 	 05:48:40
Match: Event 104647139, Lines 2
[66%] 	 21,187/32,101 	 05:53:59
[67%] 	 21,508/32,101 	 05:59:29
Match: Event 104671089, Lines 2
[68%] 	 21,829/32,101 	 06:05:17
[69%] 	 22,150/32,101 	 06:11:33
[70%] 	 22,471/32,101 	 06:17:28
Match: Event 104697127, Lines 2
[71%] 	 22,792/32,101 	 06:23:20
[72%] 	 23,113/32,101 	 06:28:37
[73%] 	 23,434/32,101 	 06:34:58
Match: Event 104727974, Lines 2
Match: Event 104731455, Lines 2
[74%] 	 23,755/32,101 	 06:40:47
Match: Event 104739614, Lines 2
[75%] 	 24,076/32,101 	 06:45:56
[76%] 	 24,397/32,101 	 06:50:46
Match: Event 104759906, Lines 2
[77%] 	 24,718/32,101 	 06:55:36
[78%] 	 25,039/32,101 	 07:00:20
[79%] 	 25,360/32,101 	 07:05:23
[80%] 	 25,681/32,101 	 07:10:51
Match: Event 104800809, Lines 2
[81%] 	 26,002/32,101 	 07:16:52
[82%] 	 26,323/32,101 	 07:21:49
[83%] 	 26,644/32,101 	 07:27:16
Match: Event 104830194, Lines 2
[84%] 	 26,965/32,101 	 07:33:02
[85%] 	 27,286/32,101 	 07:38:41
Match: Event 104851508, Lines 2
Match: Event 104860046, Lines 2
[86%] 	 27,607/32,101 	 07:44:18
[87%] 	 27,928/32,101 	 07:49:33
[88%] 	 28,249/32,101 	 07:54:57
[89%] 	 28,570/32,101 	 08:00:42
Match: Event 104892787, Lines 2
Match: Event 104899166, Lines 2
[90%] 	 28,891/32,101 	 08:06:49
[91%] 	 29,212/32,101 	 08:13:57
[92%] 	 29,533/32,101 	 08:20:51
[93%] 	 29,854/32,101 	 08:27:47
Match: Event 104930972, Lines 2
Match: Event 104939460, Lines 2
[94%] 	 30,175/32,101 	 08:35:15
Match: Event 104948623, Lines 3
[95%] 	 30,496/32,101 	 08:43:11
[96%] 	 30,817/32,101 	 08:51:54
[97%] 	 31,138/32,101 	 09:00:35
[98%] 	 31,459/32,101 	 09:09:12
[99%] 	 31,780/32,101 	 09:18:14
Match: Event 104991434, Lines 2
Finished in 34048.87s.
 ~ 5) DONE !
