search libraries in slc9_x86-64
 ~ 1) Base stack loaded.
 ~ Sleeping for 47 seconds to avoid AFS DDOS...
 ~ 2) Loading sndsw environment...
 ~ 3) SNDSW_ROOT is set to: /afs/cern.ch/user/i/idioniso/snd_master/sw-root6.28/rhel9_x86-64/sndsw/master-local1
 ~ 4) Executing tracking script...
[INFO] The input consists out of the following trees and files: 
[INFO]  - rawConv
[INFO]     - root://eoshome-i.cern.ch//eos/user/i/idioniso/tridents/initial_cuts/tridents_sndsw_raw-0351.root
[INFO] FairRootFileSink initialized.
[INFO]  - cbmout
[INFO]     - dummy
[INFO] Parameter and input file are available, Assure that basic info is there for the run!
[INFO] ---FairRootManager::SpecifyRunId --- 
[INFO] --- Initialize with RunId  --- 0

************************************************************* 
     initialisation for run id 0
************************************************************* 
-I- FairRunTimeDB::InitContainer() FairBaseParSet
-I- FairRunTimeDB::InitContainer() FairGeoParSet

************************************************************* 
     initialisation for run id 0
************************************************************* 
-I- FairRunTimeDB::InitContainer() FairBaseParSet
-I- FairRunTimeDB::InitContainer() FairGeoParSet
[INFO]  Branch: Reco_MuonTracks not found in Tree.
using geofile: root://eospublic.cern.ch//eos/experiment/sndlhc/convertedData/physics/2023/geofile_sndlhc_TI18_V3_2023.root
[0%] 	 0/31,057 	 00:00:50
Match: Event 351001060, Lines 2
Match: Event 351001532, Lines 2
Match: Event 351002015, Lines 2
Match: Event 351002322, Lines 2
Match: Event 351003519, Lines 2
Match: Event 351003688, Lines 2
Match: Event 351005153, Lines 2
Match: Event 351005297, Lines 2
Match: Event 351005457, Lines 2
Match: Event 351005516, Lines 2
Match: Event 351005631, Lines 2
Match: Event 351006465, Lines 2
Match: Event 351008619, Lines 2
Match: Event 351009012, Lines 2
Match: Event 351009119, Lines 2
[1%] 	 311/31,057 	 00:09:32
Match: Event 351009846, Lines 2
Match: Event 351009953, Lines 2
Match: Event 351011005, Lines 2
Match: Event 351011588, Lines 2
Match: Event 351011602, Lines 2
Match: Event 351012665, Lines 2
Match: Event 351013062, Lines 2
Match: Event 351015663, Lines 2
Match: Event 351015904, Lines 2
Match: Event 351015959, Lines 2
Match: Event 351015984, Lines 2
Match: Event 351016465, Lines 2
Match: Event 351016600, Lines 2
Match: Event 351016899, Lines 2
Match: Event 351018472, Lines 3
Match: Event 351019648, Lines 2
Match: Event 351019721, Lines 2
[2%] 	 622/31,057 	 00:17:39
Match: Event 351020784, Lines 2
Match: Event 351021055, Lines 2
Match: Event 351022836, Lines 2
Match: Event 351022918, Lines 2
Match: Event 351024176, Lines 2
Match: Event 351024572, Lines 2
Match: Event 351025243, Lines 2
Match: Event 351026671, Lines 3
Match: Event 351026943, Lines 2
Match: Event 351027178, Lines 2
Match: Event 351027975, Lines 2
Match: Event 351028615, Lines 2
Match: Event 351029507, Lines 2
[3%] 	 932/31,057 	 00:25:32
Match: Event 351031449, Lines 2
Match: Event 351031642, Lines 2
Match: Event 351031728, Lines 2
Match: Event 351032427, Lines 2
Match: Event 351032785, Lines 2
Match: Event 351033342, Lines 2
Match: Event 351034196, Lines 2
Match: Event 351035652, Lines 2
Match: Event 351037788, Lines 2
Match: Event 351037874, Lines 2
Match: Event 351038930, Lines 2
Match: Event 351039163, Lines 2
Match: Event 351039250, Lines 3
Match: Event 351040269, Lines 3
[4%] 	 1,243/31,057 	 00:33:31
Match: Event 351040562, Lines 2
Match: Event 351042801, Lines 2
Match: Event 351042815, Lines 2
Match: Event 351044980, Lines 2
Match: Event 351045298, Lines 2
Match: Event 351045334, Lines 2
Match: Event 351046075, Lines 2
Match: Event 351047349, Lines 3
Match: Event 351047426, Lines 2
Match: Event 351047662, Lines 2
Match: Event 351049156, Lines 2
Match: Event 351049246, Lines 2
Match: Event 351049480, Lines 2
Match: Event 351050326, Lines 2
[5%] 	 1,553/31,057 	 00:41:30
Match: Event 351051654, Lines 2
Match: Event 351052880, Lines 2
Match: Event 351054097, Lines 2
Match: Event 351054100, Lines 2
Match: Event 351056643, Lines 2
Match: Event 351056711, Lines 2
Match: Event 351056840, Lines 2
Match: Event 351057398, Lines 2
Match: Event 351057688, Lines 2
Match: Event 351057906, Lines 2
Match: Event 351058305, Lines 2
Match: Event 351058396, Lines 2
Match: Event 351058770, Lines 2
Match: Event 351058839, Lines 2
Match: Event 351058944, Lines 2
Match: Event 351058949, Lines 2
[6%] 	 1,864/31,057 	 00:49:40
Match: Event 351059950, Lines 2
Match: Event 351061262, Lines 2
Match: Event 351061347, Lines 2
Match: Event 351061668, Lines 2
Match: Event 351062264, Lines 2
Match: Event 351063076, Lines 2
Match: Event 351063267, Lines 2
Match: Event 351063917, Lines 2
Match: Event 351064839, Lines 2
Match: Event 351066418, Lines 2
Match: Event 351066879, Lines 2
Match: Event 351067415, Lines 2
Match: Event 351067711, Lines 2
[7%] 	 2,174/31,057 	 00:57:29
Match: Event 351069922, Lines 2
Match: Event 351071738, Lines 2
Match: Event 351071851, Lines 2
Match: Event 351071913, Lines 2
Match: Event 351072255, Lines 2
Match: Event 351072848, Lines 2
Match: Event 351073598, Lines 2
Match: Event 351074281, Lines 2
Match: Event 351074371, Lines 2
Match: Event 351074593, Lines 2
Match: Event 351075553, Lines 2
Match: Event 351075588, Lines 3
Match: Event 351076921, Lines 2
Match: Event 351078465, Lines 2
Match: Event 351078783, Lines 2
Match: Event 351078865, Lines 2
[8%] 	 2,485/31,057 	 01:05:35
Match: Event 351079219, Lines 2
Match: Event 351079966, Lines 2
Match: Event 351081960, Lines 2
Match: Event 351081998, Lines 2
Match: Event 351082200, Lines 2
Match: Event 351082282, Lines 2
Match: Event 351082299, Lines 2
Match: Event 351082884, Lines 2
Match: Event 351083096, Lines 3
Match: Event 351083456, Lines 2
Match: Event 351085207, Lines 2
Match: Event 351085393, Lines 2
Match: Event 351088864, Lines 2
[9%] 	 2,796/31,057 	 01:13:33
Match: Event 351089324, Lines 2
Match: Event 351090337, Lines 2
Match: Event 351092105, Lines 2
Match: Event 351092575, Lines 2
Match: Event 351093625, Lines 2
Match: Event 351093883, Lines 2
Match: Event 351094027, Lines 2
Match: Event 351094720, Lines 3
Match: Event 351095308, Lines 2
Match: Event 351095559, Lines 2
Match: Event 351095597, Lines 2
Match: Event 351095973, Lines 2
Match: Event 351096301, Lines 2
Match: Event 351097733, Lines 2
Match: Event 351098015, Lines 2
Match: Event 351098566, Lines 2
Match: Event 351098843, Lines 2
Match: Event 351098848, Lines 2
[10%] 	 3,106/31,057 	 01:21:41
Match: Event 351101433, Lines 2
Match: Event 351101456, Lines 2
Match: Event 351102847, Lines 2
Match: Event 351105391, Lines 2
Match: Event 351105608, Lines 2
Match: Event 351106213, Lines 2
Match: Event 351106679, Lines 2
Match: Event 351106826, Lines 2
Match: Event 351107615, Lines 2
Match: Event 351108850, Lines 2
Match: Event 351109195, Lines 2
[11%] 	 3,417/31,057 	 01:29:33
Match: Event 351110272, Lines 2
Match: Event 351111578, Lines 2
Match: Event 351112240, Lines 2
Match: Event 351112872, Lines 3
Match: Event 351113555, Lines 2
Match: Event 351114417, Lines 2
Match: Event 351114768, Lines 2
Match: Event 351117117, Lines 2
Match: Event 351117407, Lines 2
Match: Event 351117454, Lines 2
Match: Event 351117528, Lines 2
[12%] 	 3,727/31,057 	 01:37:56
Match: Event 351120961, Lines 2
Match: Event 351122604, Lines 2
Match: Event 351123537, Lines 2
Match: Event 351124288, Lines 2
Match: Event 351124514, Lines 2
Match: Event 351124863, Lines 2
Match: Event 351126507, Lines 2
Match: Event 351126822, Lines 3
Match: Event 351127005, Lines 2
Match: Event 351127968, Lines 2
Match: Event 351128040, Lines 2
Match: Event 351129510, Lines 2
Match: Event 351129570, Lines 2
[13%] 	 4,038/31,057 	 01:46:24
Match: Event 351131059, Lines 2
Match: Event 351131498, Lines 2
Match: Event 351131512, Lines 2
Match: Event 351131588, Lines 2
Match: Event 351131970, Lines 2
Match: Event 351132301, Lines 2
Match: Event 351132496, Lines 2
Match: Event 351133136, Lines 2
Match: Event 351133234, Lines 2
Match: Event 351133983, Lines 2
Match: Event 351134768, Lines 2
Match: Event 351135529, Lines 2
Match: Event 351136409, Lines 2
Match: Event 351136491, Lines 2
Match: Event 351137370, Lines 2
Match: Event 351137988, Lines 2
Match: Event 351138682, Lines 2
Match: Event 351139124, Lines 2
Match: Event 351139844, Lines 2
Match: Event 351140020, Lines 2
Match: Event 351140193, Lines 2
Match: Event 351140444, Lines 2
[14%] 	 4,348/31,057 	 01:55:00
Match: Event 351140777, Lines 2
Match: Event 351142830, Lines 2
Match: Event 351144686, Lines 2
Match: Event 351144944, Lines 2
Match: Event 351145474, Lines 2
Match: Event 351145613, Lines 2
Match: Event 351147758, Lines 2
Match: Event 351147949, Lines 2
Match: Event 351150170, Lines 2
Match: Event 351150479, Lines 2
Match: Event 351150519, Lines 2
[15%] 	 4,659/31,057 	 02:03:01
Match: Event 351150934, Lines 2
Match: Event 351151341, Lines 2
Match: Event 351151395, Lines 2
Match: Event 351153555, Lines 2
Match: Event 351153971, Lines 2
Match: Event 351154594, Lines 2
Match: Event 351155576, Lines 2
Match: Event 351155681, Lines 2
Match: Event 351156727, Lines 2
Match: Event 351158494, Lines 2
Match: Event 351159094, Lines 2
Match: Event 351159245, Lines 2
Match: Event 351160698, Lines 2
[16%] 	 4,970/31,057 	 02:11:10
Match: Event 351163132, Lines 2
Match: Event 351163226, Lines 2
Match: Event 351164264, Lines 2
Match: Event 351164626, Lines 2
Match: Event 351165069, Lines 2
Match: Event 351165082, Lines 2
Match: Event 351165785, Lines 2
Match: Event 351166421, Lines 2
Match: Event 351166654, Lines 2
Match: Event 351166683, Lines 2
Match: Event 351167140, Lines 2
Match: Event 351167775, Lines 2
Match: Event 351171273, Lines 3
[17%] 	 5,280/31,057 	 02:19:12
Match: Event 351172940, Lines 2
Match: Event 351173169, Lines 2
Match: Event 351173553, Lines 2
Match: Event 351174755, Lines 3
Match: Event 351174800, Lines 2
Match: Event 351175395, Lines 2
Match: Event 351177378, Lines 2
Match: Event 351179084, Lines 2
Match: Event 351179450, Lines 2
Match: Event 351180137, Lines 2
Match: Event 351180682, Lines 2
[18%] 	 5,591/31,057 	 02:26:58
Match: Event 351182087, Lines 2
Match: Event 351182832, Lines 2
Match: Event 351182853, Lines 2
Match: Event 351184651, Lines 2
Match: Event 351184751, Lines 2
Match: Event 351185398, Lines 2
Match: Event 351185718, Lines 2
Match: Event 351186262, Lines 2
Match: Event 351186579, Lines 2
Match: Event 351186618, Lines 2
Match: Event 351188748, Lines 2
Match: Event 351188956, Lines 3
Match: Event 351189518, Lines 2
Match: Event 351190187, Lines 2
Match: Event 351192535, Lines 2
[19%] 	 5,901/31,057 	 02:34:33
Match: Event 351193101, Lines 2
Match: Event 351193404, Lines 2
Match: Event 351193477, Lines 2
Match: Event 351193596, Lines 2
Match: Event 351194199, Lines 2
Match: Event 351195771, Lines 3
Match: Event 351198141, Lines 2
Match: Event 351199080, Lines 2
Match: Event 351199247, Lines 2
Match: Event 351200288, Lines 2
Match: Event 351202315, Lines 2
[20%] 	 6,212/31,057 	 02:42:20
Match: Event 351202659, Lines 2
Match: Event 351202993, Lines 2
Match: Event 351203053, Lines 2
Match: Event 351203226, Lines 2
Match: Event 351203298, Lines 2
Match: Event 351204120, Lines 2
Match: Event 351204467, Lines 2
Match: Event 351205601, Lines 2
Match: Event 351207545, Lines 2
Match: Event 351208330, Lines 2
Match: Event 351208379, Lines 3
Match: Event 351208861, Lines 2
Match: Event 351210547, Lines 2
Match: Event 351210948, Lines 2
Match: Event 351211366, Lines 2
Match: Event 351211497, Lines 2
Match: Event 351211514, Lines 2
Match: Event 351212262, Lines 3
[21%] 	 6,522/31,057 	 02:49:49
Match: Event 351213248, Lines 2
Match: Event 351213924, Lines 2
Match: Event 351216386, Lines 2
Match: Event 351216959, Lines 2
Match: Event 351216967, Lines 2
Match: Event 351216971, Lines 2
Match: Event 351217404, Lines 2
Match: Event 351217731, Lines 2
Match: Event 351219809, Lines 2
[22%] 	 6,833/31,057 	 02:57:29
Match: Event 351223001, Lines 2
Match: Event 351224351, Lines 2
Match: Event 351225990, Lines 2
Match: Event 351226622, Lines 2
Match: Event 351226682, Lines 2
Match: Event 351226775, Lines 2
Match: Event 351226826, Lines 2
Match: Event 351227370, Lines 2
Match: Event 351227507, Lines 2
Match: Event 351227908, Lines 2
Match: Event 351228073, Lines 2
Match: Event 351228268, Lines 2
Match: Event 351228482, Lines 2
Match: Event 351228786, Lines 2
Match: Event 351230759, Lines 2
Match: Event 351232208, Lines 2
Match: Event 351232492, Lines 2
[23%] 	 7,144/31,057 	 03:05:19
Match: Event 351232553, Lines 2
Match: Event 351232796, Lines 2
Match: Event 351233408, Lines 2
Match: Event 351233761, Lines 2
Match: Event 351234175, Lines 2
Match: Event 351235081, Lines 2
Match: Event 351235379, Lines 2
Match: Event 351235585, Lines 2
Match: Event 351235772, Lines 2
Match: Event 351235966, Lines 2
Match: Event 351236451, Lines 2
Match: Event 351236656, Lines 2
Match: Event 351237389, Lines 2
Match: Event 351237597, Lines 2
Match: Event 351238112, Lines 2
Match: Event 351238938, Lines 2
Match: Event 351241542, Lines 2
Match: Event 351241606, Lines 2
Match: Event 351241801, Lines 2
[24%] 	 7,454/31,057 	 03:13:32
Match: Event 351244198, Lines 2
Match: Event 351245152, Lines 2
Match: Event 351245884, Lines 2
Match: Event 351246776, Lines 2
Match: Event 351246805, Lines 2
Match: Event 351247479, Lines 2
Match: Event 351247932, Lines 2
Match: Event 351248365, Lines 2
Match: Event 351248497, Lines 3
Match: Event 351248671, Lines 2
Match: Event 351250508, Lines 2
Match: Event 351251145, Lines 2
Match: Event 351251463, Lines 2
Match: Event 351252887, Lines 2
[25%] 	 7,765/31,057 	 03:21:39
Match: Event 351255419, Lines 2
Match: Event 351256528, Lines 2
Match: Event 351256826, Lines 2
Match: Event 351257586, Lines 3
Match: Event 351257750, Lines 2
Match: Event 351259219, Lines 2
Match: Event 351259877, Lines 3
Match: Event 351261579, Lines 3
Match: Event 351262518, Lines 2
Match: Event 351263760, Lines 2
[26%] 	 8,075/31,057 	 03:29:58
Match: Event 351264733, Lines 2
Match: Event 351266051, Lines 2
Match: Event 351266517, Lines 2
Match: Event 351268082, Lines 2
Match: Event 351270043, Lines 2
Match: Event 351270272, Lines 2
Match: Event 351270405, Lines 2
Match: Event 351270971, Lines 2
Match: Event 351271917, Lines 2
Match: Event 351273179, Lines 2
Match: Event 351273336, Lines 2
[27%] 	 8,386/31,057 	 03:38:31
Match: Event 351273449, Lines 2
Match: Event 351273610, Lines 2
Match: Event 351273911, Lines 2
Match: Event 351274027, Lines 2
Match: Event 351274182, Lines 2
Match: Event 351274715, Lines 2
Match: Event 351275023, Lines 2
Match: Event 351275067, Lines 2
Match: Event 351275084, Lines 2
Match: Event 351276593, Lines 2
Match: Event 351276934, Lines 2
Match: Event 351277130, Lines 3
Match: Event 351278376, Lines 2
Match: Event 351279950, Lines 2
Match: Event 351279986, Lines 2
Match: Event 351281895, Lines 2
Match: Event 351282718, Lines 3
Match: Event 351282730, Lines 2
[28%] 	 8,696/31,057 	 03:46:56
Match: Event 351284996, Lines 2
Match: Event 351285014, Lines 2
Match: Event 351285175, Lines 2
Match: Event 351286635, Lines 2
Match: Event 351287441, Lines 2
Match: Event 351288185, Lines 2
Match: Event 351288196, Lines 2
Match: Event 351288780, Lines 2
Match: Event 351289132, Lines 2
Match: Event 351289350, Lines 2
Match: Event 351290090, Lines 2
Match: Event 351290157, Lines 2
Match: Event 351291695, Lines 2
Match: Event 351292161, Lines 2
Match: Event 351292313, Lines 2
Match: Event 351292809, Lines 2
[29%] 	 9,007/31,057 	 03:55:03
Match: Event 351293652, Lines 2
Match: Event 351294033, Lines 2
Match: Event 351294366, Lines 3
Match: Event 351296335, Lines 2
Match: Event 351297236, Lines 2
Match: Event 351298826, Lines 2
Match: Event 351299227, Lines 2
Match: Event 351299571, Lines 2
Match: Event 351299637, Lines 2
Match: Event 351300039, Lines 2
Match: Event 351301654, Lines 2
Match: Event 351301783, Lines 2
Match: Event 351302686, Lines 2
Match: Event 351302940, Lines 2
Match: Event 351303116, Lines 2
Match: Event 351303635, Lines 2
[30%] 	 9,318/31,057 	 04:02:57
Match: Event 351304400, Lines 2
Match: Event 351304864, Lines 2
Match: Event 351306327, Lines 2
Match: Event 351306737, Lines 2
Match: Event 351306897, Lines 2
Match: Event 351308134, Lines 2
Match: Event 351308885, Lines 2
Match: Event 351308937, Lines 3
Match: Event 351309323, Lines 2
Match: Event 351309628, Lines 2
Match: Event 351309944, Lines 2
Match: Event 351311736, Lines 2
Match: Event 351311816, Lines 2
Match: Event 351311978, Lines 2
Match: Event 351312055, Lines 2
Match: Event 351313259, Lines 2
[31%] 	 9,628/31,057 	 04:11:15
Match: Event 351316232, Lines 2
Match: Event 351318753, Lines 2
Match: Event 351318825, Lines 2
Match: Event 351318996, Lines 2
Match: Event 351319290, Lines 2
Match: Event 351320507, Lines 2
Match: Event 351320523, Lines 2
Match: Event 351321095, Lines 2
Match: Event 351323408, Lines 3
Match: Event 351323546, Lines 2
Match: Event 351324047, Lines 2
Match: Event 351324205, Lines 2
Match: Event 351324479, Lines 2
[32%] 	 9,939/31,057 	 04:18:47
Match: Event 351325416, Lines 2
Match: Event 351325650, Lines 2
Match: Event 351326338, Lines 2
Match: Event 351326544, Lines 3
Match: Event 351326783, Lines 2
Match: Event 351327172, Lines 2
Match: Event 351327657, Lines 2
Match: Event 351327781, Lines 2
Match: Event 351328263, Lines 2
Match: Event 351329221, Lines 2
Match: Event 351331318, Lines 2
Match: Event 351331804, Lines 2
Match: Event 351332286, Lines 3
Match: Event 351332416, Lines 2
Match: Event 351333686, Lines 2
Match: Event 351335359, Lines 3
[33%] 	 10,249/31,057 	 04:26:25
Match: Event 351336516, Lines 2
Match: Event 351336623, Lines 2
Match: Event 351337234, Lines 2
Match: Event 351337440, Lines 2
Match: Event 351337762, Lines 2
Match: Event 351337999, Lines 2
Match: Event 351338296, Lines 2
Match: Event 351339605, Lines 2
Match: Event 351339795, Lines 2
Match: Event 351339996, Lines 2
Match: Event 351340034, Lines 2
Match: Event 351340260, Lines 2
Match: Event 351341572, Lines 2
Match: Event 351341765, Lines 2
Match: Event 351342475, Lines 2
[34%] 	 10,560/31,057 	 04:34:07
Match: Event 351345428, Lines 2
Match: Event 351346321, Lines 3
Match: Event 351346451, Lines 2
Match: Event 351346592, Lines 2
Match: Event 351346663, Lines 2
Match: Event 351346739, Lines 2
Match: Event 351347405, Lines 2
Match: Event 351347757, Lines 2
Match: Event 351348022, Lines 2
Match: Event 351348155, Lines 2
Match: Event 351348450, Lines 2
Match: Event 351348582, Lines 3
Match: Event 351348611, Lines 2
Match: Event 351349647, Lines 2
Match: Event 351350170, Lines 2
Match: Event 351350749, Lines 2
Match: Event 351352165, Lines 2
Match: Event 351352890, Lines 2
Match: Event 351353939, Lines 2
Match: Event 351354174, Lines 2
[35%] 	 10,870/31,057 	 04:42:14
Match: Event 351355801, Lines 2
Match: Event 351356186, Lines 2
Match: Event 351357796, Lines 2
Match: Event 351357871, Lines 2
Match: Event 351357944, Lines 2
Match: Event 351358274, Lines 2
Match: Event 351360037, Lines 2
Match: Event 351360046, Lines 2
Match: Event 351361081, Lines 2
Match: Event 351361149, Lines 2
Match: Event 351361306, Lines 2
Match: Event 351361367, Lines 3
Match: Event 351361418, Lines 2
Match: Event 351362546, Lines 2
Match: Event 351362612, Lines 3
Match: Event 351364616, Lines 2
Match: Event 351365104, Lines 2
[36%] 	 11,181/31,057 	 04:50:01
Match: Event 351365997, Lines 2
Match: Event 351366169, Lines 2
Match: Event 351369388, Lines 2
Match: Event 351369518, Lines 2
Match: Event 351370003, Lines 2
Match: Event 351370359, Lines 2
Match: Event 351370434, Lines 2
Match: Event 351370915, Lines 2
Match: Event 351371550, Lines 2
Match: Event 351371691, Lines 2
Match: Event 351372317, Lines 2
Match: Event 351373524, Lines 2
Match: Event 351373990, Lines 2
Match: Event 351374399, Lines 2
Match: Event 351375789, Lines 2
[37%] 	 11,492/31,057 	 04:58:09
Match: Event 351377238, Lines 2
Match: Event 351377403, Lines 2
Match: Event 351377858, Lines 2
Match: Event 351378588, Lines 2
Match: Event 351379580, Lines 2
Match: Event 351379630, Lines 2
Match: Event 351380158, Lines 2
Match: Event 351380861, Lines 2
Match: Event 351382079, Lines 2
Match: Event 351383440, Lines 2
Match: Event 351383464, Lines 2
Match: Event 351383482, Lines 2
Match: Event 351384246, Lines 2
Match: Event 351384708, Lines 2
Match: Event 351384906, Lines 2
Match: Event 351385046, Lines 2
Match: Event 351385463, Lines 2
Match: Event 351385490, Lines 2
Match: Event 351386940, Lines 2
[38%] 	 11,802/31,057 	 05:06:16
Match: Event 351388567, Lines 2
Match: Event 351388580, Lines 2
Match: Event 351389239, Lines 3
Match: Event 351390015, Lines 2
Match: Event 351390288, Lines 2
Match: Event 351390453, Lines 2
Match: Event 351390786, Lines 2
Match: Event 351390896, Lines 2
Match: Event 351391614, Lines 3
Match: Event 351391729, Lines 2
Match: Event 351392583, Lines 3
Match: Event 351392678, Lines 2
Match: Event 351393431, Lines 2
Match: Event 351395311, Lines 2
Match: Event 351396973, Lines 2
Match: Event 351397207, Lines 2
[39%] 	 12,113/31,057 	 05:14:18
Match: Event 351397699, Lines 3
Match: Event 351398001, Lines 2
Match: Event 351398038, Lines 2
Match: Event 351398531, Lines 2
Match: Event 351398585, Lines 3
Match: Event 351398793, Lines 2
Match: Event 351400696, Lines 2
Match: Event 351400733, Lines 2
Match: Event 351401364, Lines 2
Match: Event 351401392, Lines 2
Match: Event 351402315, Lines 2
Match: Event 351402869, Lines 2
Match: Event 351402969, Lines 2
Match: Event 351403335, Lines 2
Match: Event 351403774, Lines 2
Match: Event 351403984, Lines 3
Match: Event 351404399, Lines 2
Match: Event 351404747, Lines 2
Match: Event 351405080, Lines 2
Match: Event 351405921, Lines 2
Match: Event 351406787, Lines 2
[40%] 	 12,423/31,057 	 05:22:41
Match: Event 351407476, Lines 2
Match: Event 351407817, Lines 2
Match: Event 351408423, Lines 2
Match: Event 351408536, Lines 2
Match: Event 351409438, Lines 2
Match: Event 351409902, Lines 2
Match: Event 351410445, Lines 2
Match: Event 351410664, Lines 2
Match: Event 351411753, Lines 2
Match: Event 351413016, Lines 2
Match: Event 351413455, Lines 2
Match: Event 351417291, Lines 3
Match: Event 351417406, Lines 2
[41%] 	 12,734/31,057 	 05:30:37
Match: Event 351418406, Lines 2
Match: Event 351418510, Lines 2
Match: Event 351419201, Lines 2
Match: Event 351419739, Lines 2
Match: Event 351420191, Lines 2
Match: Event 351422303, Lines 2
Match: Event 351422769, Lines 2
Match: Event 351423265, Lines 2
Match: Event 351423386, Lines 2
Match: Event 351426466, Lines 2
Match: Event 351427072, Lines 2
[42%] 	 13,044/31,057 	 05:39:03
Match: Event 351427396, Lines 2
Match: Event 351427774, Lines 2
Match: Event 351427825, Lines 2
Match: Event 351428549, Lines 2
Match: Event 351429176, Lines 2
Match: Event 351429445, Lines 2
Match: Event 351429523, Lines 2
Match: Event 351430571, Lines 2
Match: Event 351430928, Lines 2
Match: Event 351431279, Lines 2
Match: Event 351431488, Lines 2
Match: Event 351432512, Lines 2
Match: Event 351432635, Lines 2
Match: Event 351433998, Lines 2
Match: Event 351434509, Lines 2
Match: Event 351434700, Lines 2
Match: Event 351435303, Lines 2
Match: Event 351435537, Lines 2
Match: Event 351435782, Lines 2
Match: Event 351436188, Lines 2
Match: Event 351436241, Lines 2
[43%] 	 13,355/31,057 	 05:47:34
Match: Event 351437355, Lines 2
Match: Event 351439085, Lines 3
Match: Event 351439402, Lines 2
Match: Event 351440114, Lines 2
Match: Event 351441983, Lines 2
Match: Event 351442341, Lines 2
Match: Event 351442561, Lines 2
Match: Event 351443488, Lines 2
Match: Event 351444026, Lines 2
Match: Event 351444684, Lines 2
Match: Event 351446422, Lines 2
Match: Event 351446446, Lines 2
Match: Event 351446524, Lines 2
[44%] 	 13,666/31,057 	 05:55:06
Match: Event 351448844, Lines 2
Match: Event 351448979, Lines 2
Match: Event 351449567, Lines 2
Match: Event 351449626, Lines 2
Match: Event 351450793, Lines 2
Match: Event 351452581, Lines 2
Match: Event 351452756, Lines 2
Match: Event 351452956, Lines 2
Match: Event 351454968, Lines 2
Match: Event 351455702, Lines 2
Match: Event 351455886, Lines 2
Match: Event 351456251, Lines 2
Match: Event 351456536, Lines 2
[45%] 	 13,976/31,057 	 06:02:39
Match: Event 351459058, Lines 2
Match: Event 351459197, Lines 2
Match: Event 351460294, Lines 2
Match: Event 351460302, Lines 2
Match: Event 351460794, Lines 2
Match: Event 351460873, Lines 2
Match: Event 351460892, Lines 2
Match: Event 351461054, Lines 2
Match: Event 351462307, Lines 2
Match: Event 351462516, Lines 2
Match: Event 351462718, Lines 2
Match: Event 351463502, Lines 2
Match: Event 351463580, Lines 2
Match: Event 351464513, Lines 2
Match: Event 351464626, Lines 2
Match: Event 351464725, Lines 2
Match: Event 351465155, Lines 2
Match: Event 351465619, Lines 2
Match: Event 351465636, Lines 2
Match: Event 351466837, Lines 2
[46%] 	 14,287/31,057 	 06:10:27
Match: Event 351467517, Lines 2
Match: Event 351469088, Lines 2
Match: Event 351469283, Lines 2
Match: Event 351470744, Lines 2
Match: Event 351471020, Lines 2
Match: Event 351472206, Lines 2
Match: Event 351473082, Lines 2
Match: Event 351476969, Lines 2
[47%] 	 14,597/31,057 	 06:18:09
Match: Event 351478536, Lines 2
Match: Event 351478621, Lines 2
Match: Event 351482244, Lines 2
Match: Event 351482864, Lines 2
Match: Event 351483044, Lines 2
Match: Event 351483513, Lines 2
Match: Event 351483894, Lines 3
Match: Event 351484579, Lines 2
Match: Event 351484967, Lines 2
Match: Event 351487228, Lines 2
Match: Event 351487379, Lines 2
Match: Event 351487440, Lines 2
[48%] 	 14,908/31,057 	 06:25:48
Match: Event 351488143, Lines 2
Match: Event 351488680, Lines 2
Match: Event 351489211, Lines 2
Match: Event 351489862, Lines 2
Match: Event 351490463, Lines 2
Match: Event 351491741, Lines 3
Match: Event 351492184, Lines 2
Match: Event 351493069, Lines 2
Match: Event 351493292, Lines 3
Match: Event 351493446, Lines 2
Match: Event 351494037, Lines 2
Match: Event 351495362, Lines 2
Match: Event 351495392, Lines 2
Match: Event 351495548, Lines 2
Match: Event 351496053, Lines 2
Match: Event 351496120, Lines 2
Match: Event 351497047, Lines 2
[49%] 	 15,218/31,057 	 06:33:14
Match: Event 351497848, Lines 2
Match: Event 351498265, Lines 2
Match: Event 351499785, Lines 2
Match: Event 351499998, Lines 2
Match: Event 351500230, Lines 2
Match: Event 351502087, Lines 2
Match: Event 351502238, Lines 2
Match: Event 351502388, Lines 2
Match: Event 351502626, Lines 3
Match: Event 351503190, Lines 2
Match: Event 351503787, Lines 2
Match: Event 351504084, Lines 3
Match: Event 351504672, Lines 2
Match: Event 351504816, Lines 2
Match: Event 351505624, Lines 2
Match: Event 351505727, Lines 2
Match: Event 351506969, Lines 2
[50%] 	 15,529/31,057 	 06:40:45
Match: Event 351508686, Lines 2
Match: Event 351509509, Lines 2
Match: Event 351509821, Lines 2
Match: Event 351510113, Lines 3
Match: Event 351510286, Lines 2
Match: Event 351510956, Lines 2
Match: Event 351511294, Lines 2
Match: Event 351512487, Lines 2
Match: Event 351512555, Lines 2
Match: Event 351512675, Lines 2
Match: Event 351513828, Lines 2
Match: Event 351516627, Lines 2
Match: Event 351517568, Lines 2
Match: Event 351517825, Lines 2
[51%] 	 15,840/31,057 	 06:48:04
Match: Event 351518954, Lines 2
Match: Event 351519079, Lines 2
Match: Event 351519713, Lines 2
Match: Event 351520116, Lines 2
Match: Event 351520252, Lines 2
Match: Event 351521266, Lines 2
Match: Event 351521841, Lines 2
Match: Event 351521896, Lines 2
Match: Event 351522180, Lines 2
Match: Event 351523751, Lines 2
Match: Event 351525286, Lines 2
Match: Event 351526106, Lines 2
Match: Event 351526213, Lines 2
Match: Event 351527321, Lines 2
Match: Event 351527488, Lines 2
[52%] 	 16,150/31,057 	 06:55:31
Match: Event 351527935, Lines 2
Match: Event 351528299, Lines 3
Match: Event 351529990, Lines 2
Match: Event 351530143, Lines 2
Match: Event 351530361, Lines 2
Match: Event 351530369, Lines 2
Match: Event 351530491, Lines 2
Match: Event 351530555, Lines 2
Match: Event 351530842, Lines 2
Match: Event 351531480, Lines 2
Match: Event 351532183, Lines 2
Match: Event 351532506, Lines 2
Match: Event 351533324, Lines 2
Match: Event 351533743, Lines 2
Match: Event 351534420, Lines 2
Match: Event 351534576, Lines 2
Match: Event 351534625, Lines 2
Match: Event 351534684, Lines 3
Match: Event 351534775, Lines 2
Match: Event 351535297, Lines 2
Match: Event 351535696, Lines 2
[53%] 	 16,461/31,057 	 07:03:13
Match: Event 351537464, Lines 2
Match: Event 351537863, Lines 2
Match: Event 351537891, Lines 2
Match: Event 351539184, Lines 2
Match: Event 351539653, Lines 2
Match: Event 351539866, Lines 2
Match: Event 351541355, Lines 2
Match: Event 351541509, Lines 2
Match: Event 351543213, Lines 2
Match: Event 351543968, Lines 2
Match: Event 351544155, Lines 2
Match: Event 351544617, Lines 2
Match: Event 351544647, Lines 3
Match: Event 351544865, Lines 2
Match: Event 351545094, Lines 2
Match: Event 351545928, Lines 2
[54%] 	 16,771/31,057 	 07:11:08
Match: Event 351546654, Lines 2
Match: Event 351548008, Lines 2
Match: Event 351548027, Lines 2
Match: Event 351549458, Lines 2
Match: Event 351549785, Lines 2
Match: Event 351550059, Lines 2
Match: Event 351550100, Lines 2
Match: Event 351550696, Lines 2
Match: Event 351551602, Lines 2
Match: Event 351553621, Lines 2
Match: Event 351553744, Lines 2
Match: Event 351553763, Lines 2
Match: Event 351553783, Lines 2
Match: Event 351554540, Lines 2
[55%] 	 17,082/31,057 	 07:19:05
Match: Event 351556455, Lines 2
Match: Event 351557356, Lines 2
Match: Event 351558731, Lines 2
Match: Event 351559067, Lines 2
Match: Event 351560138, Lines 2
Match: Event 351560172, Lines 2
Match: Event 351561565, Lines 2
Match: Event 351562943, Lines 2
Match: Event 351563730, Lines 2
Match: Event 351563752, Lines 2
Match: Event 351564492, Lines 2
Match: Event 351564504, Lines 2
Match: Event 351564858, Lines 2
[56%] 	 17,392/31,057 	 07:27:02
Match: Event 351566804, Lines 2
Match: Event 351567178, Lines 2
Match: Event 351567600, Lines 2
Match: Event 351568115, Lines 2
Match: Event 351568186, Lines 2
Match: Event 351568862, Lines 2
Match: Event 351569567, Lines 2
Match: Event 351570076, Lines 2
Match: Event 351571160, Lines 2
Match: Event 351571784, Lines 2
Match: Event 351571921, Lines 2
Match: Event 351572798, Lines 2
Match: Event 351573011, Lines 2
Match: Event 351573533, Lines 2
Match: Event 351574901, Lines 2
Match: Event 351576276, Lines 2
Match: Event 351576532, Lines 2
[57%] 	 17,703/31,057 	 07:34:53
Match: Event 351577678, Lines 2
Match: Event 351577735, Lines 2
Match: Event 351578163, Lines 2
Match: Event 351578524, Lines 2
Match: Event 351578972, Lines 2
Match: Event 351579882, Lines 2
Match: Event 351580059, Lines 2
Match: Event 351580369, Lines 2
Match: Event 351580803, Lines 2
Match: Event 351581032, Lines 2
Match: Event 351581359, Lines 2
Match: Event 351581683, Lines 2
Match: Event 351582385, Lines 2
Match: Event 351583457, Lines 2
Match: Event 351583637, Lines 2
Match: Event 351584650, Lines 2
Match: Event 351585555, Lines 2
[58%] 	 18,014/31,057 	 07:42:55
Match: Event 351586722, Lines 2
Match: Event 351586815, Lines 3
Match: Event 351586914, Lines 2
Match: Event 351588875, Lines 2
Match: Event 351590653, Lines 2
Match: Event 351590754, Lines 2
Match: Event 351592645, Lines 2
Match: Event 351593354, Lines 2
Match: Event 351594185, Lines 2
Match: Event 351594474, Lines 2
[59%] 	 18,324/31,057 	 07:50:38
Match: Event 351595382, Lines 2
Match: Event 351595742, Lines 2
Match: Event 351595843, Lines 2
Match: Event 351595931, Lines 3
Match: Event 351596070, Lines 2
Match: Event 351596594, Lines 2
Match: Event 351596704, Lines 2
Match: Event 351596957, Lines 2
Match: Event 351597941, Lines 2
Match: Event 351598219, Lines 2
Match: Event 351599665, Lines 2
Match: Event 351600358, Lines 2
Match: Event 351601051, Lines 2
Match: Event 351601255, Lines 2
Match: Event 351601395, Lines 2
Match: Event 351602965, Lines 2
Match: Event 351603087, Lines 2
Match: Event 351603160, Lines 2
Match: Event 351603750, Lines 2
Match: Event 351604133, Lines 2
Match: Event 351604355, Lines 2
Match: Event 351604546, Lines 2
Match: Event 351605267, Lines 2
Match: Event 351605460, Lines 2
Match: Event 351605660, Lines 2
[60%] 	 18,635/31,057 	 07:58:30
Match: Event 351605980, Lines 2
Match: Event 351606846, Lines 2
Match: Event 351607410, Lines 2
Match: Event 351608167, Lines 2
Match: Event 351608553, Lines 2
Match: Event 351610384, Lines 2
Match: Event 351611560, Lines 2
Match: Event 351611608, Lines 2
Match: Event 351611651, Lines 3
Match: Event 351613864, Lines 2
Match: Event 351614876, Lines 2
[61%] 	 18,945/31,057 	 08:06:20
Match: Event 351615953, Lines 2
Match: Event 351616704, Lines 2
Match: Event 351618064, Lines 2
Match: Event 351618886, Lines 2
Match: Event 351619719, Lines 2
Match: Event 351619868, Lines 2
Match: Event 351619932, Lines 2
Match: Event 351620665, Lines 3
Match: Event 351622758, Lines 2
Match: Event 351623208, Lines 2
Match: Event 351623371, Lines 2
[62%] 	 19,256/31,057 	 08:15:14
Match: Event 351626529, Lines 2
Match: Event 351626799, Lines 2
Match: Event 351627040, Lines 2
Match: Event 351627479, Lines 2
Match: Event 351627822, Lines 2
Match: Event 351628635, Lines 2
Match: Event 351628718, Lines 3
Match: Event 351631665, Lines 2
Match: Event 351631694, Lines 2
Match: Event 351632337, Lines 2
Match: Event 351634179, Lines 2
Match: Event 351634504, Lines 2
Match: Event 351634545, Lines 2
Match: Event 351636063, Lines 2
[63%] 	 19,566/31,057 	 08:23:30
Match: Event 351637424, Lines 2
Match: Event 351638835, Lines 2
Match: Event 351641711, Lines 2
Match: Event 351641733, Lines 2
Match: Event 351643752, Lines 2
Match: Event 351643770, Lines 2
Match: Event 351644058, Lines 2
Match: Event 351645146, Lines 2
[64%] 	 19,877/31,057 	 08:31:23
Match: Event 351647377, Lines 2
Match: Event 351647477, Lines 2
Match: Event 351647631, Lines 2
Match: Event 351648684, Lines 2
Match: Event 351649680, Lines 2
Match: Event 351651767, Lines 2
Match: Event 351652240, Lines 2
Match: Event 351653902, Lines 2
Match: Event 351653944, Lines 2
Match: Event 351653971, Lines 2
Match: Event 351654448, Lines 2
Match: Event 351654764, Lines 2
Match: Event 351655360, Lines 2
[65%] 	 20,188/31,057 	 08:39:42
Match: Event 351656796, Lines 2
Match: Event 351657478, Lines 2
Match: Event 351657622, Lines 2
Match: Event 351657806, Lines 2
Match: Event 351657922, Lines 2
Match: Event 351658501, Lines 2
Match: Event 351658511, Lines 2
Match: Event 351658743, Lines 2
Match: Event 351660138, Lines 2
Match: Event 351660147, Lines 2
Match: Event 351660831, Lines 2
Match: Event 351661558, Lines 2
Match: Event 351662088, Lines 2
Match: Event 351664670, Lines 2
Match: Event 351664970, Lines 2
Match: Event 351665805, Lines 2
[66%] 	 20,498/31,057 	 08:48:01
Match: Event 351666273, Lines 2
Match: Event 351667156, Lines 2
Match: Event 351667306, Lines 2
Match: Event 351667974, Lines 2
Match: Event 351668451, Lines 2
Match: Event 351669040, Lines 2
Match: Event 351672387, Lines 2
Match: Event 351672409, Lines 2
Match: Event 351673562, Lines 2
Match: Event 351673600, Lines 3
Match: Event 351673641, Lines 2
Match: Event 351673710, Lines 2
Match: Event 351673831, Lines 2
Match: Event 351675218, Lines 2
Match: Event 351675439, Lines 2
Match: Event 351675732, Lines 2
Match: Event 351675804, Lines 2
[67%] 	 20,809/31,057 	 08:55:37
Match: Event 351675929, Lines 2
Match: Event 351678455, Lines 2
Match: Event 351678752, Lines 2
Match: Event 351680860, Lines 2
Match: Event 351682629, Lines 2
Match: Event 351683057, Lines 2
Match: Event 351683068, Lines 3
Match: Event 351683238, Lines 2
Match: Event 351683482, Lines 2
Match: Event 351683689, Lines 2
Match: Event 351683800, Lines 2
Match: Event 351684024, Lines 2
Match: Event 351684559, Lines 2
[68%] 	 21,119/31,057 	 09:03:31
Match: Event 351685506, Lines 2
Match: Event 351685953, Lines 2
Match: Event 351686033, Lines 3
Match: Event 351687242, Lines 2
Match: Event 351688051, Lines 2
Match: Event 351688315, Lines 3
Match: Event 351688734, Lines 2
Match: Event 351688819, Lines 2
Match: Event 351690075, Lines 2
Match: Event 351690137, Lines 2
Match: Event 351690602, Lines 2
Match: Event 351690792, Lines 2
Match: Event 351690855, Lines 2
Match: Event 351691257, Lines 2
Match: Event 351691500, Lines 2
Match: Event 351691531, Lines 2
Match: Event 351691987, Lines 2
Match: Event 351692811, Lines 2
Match: Event 351693234, Lines 2
Match: Event 351693821, Lines 2
Match: Event 351694087, Lines 2
Match: Event 351695014, Lines 2
Match: Event 351695387, Lines 2
[69%] 	 21,430/31,057 	 09:11:24
Match: Event 351696302, Lines 2
Match: Event 351696746, Lines 2
Match: Event 351696846, Lines 2
Match: Event 351697009, Lines 2
Match: Event 351697827, Lines 2
Match: Event 351700082, Lines 2
Match: Event 351700323, Lines 2
Match: Event 351700865, Lines 2
Match: Event 351702281, Lines 2
Match: Event 351702548, Lines 2
Match: Event 351702878, Lines 3
Match: Event 351702939, Lines 2
Match: Event 351702951, Lines 2
Match: Event 351703058, Lines 2
[70%] 	 21,740/31,057 	 09:19:12
Match: Event 351707510, Lines 2
Match: Event 351708219, Lines 2
Match: Event 351708476, Lines 2
Match: Event 351710256, Lines 2
Match: Event 351710832, Lines 2
Match: Event 351710945, Lines 2
Match: Event 351711191, Lines 2
Match: Event 351711407, Lines 2
Match: Event 351712342, Lines 2
Match: Event 351713168, Lines 2
Match: Event 351713449, Lines 2
Match: Event 351714782, Lines 2
Match: Event 351715566, Lines 2
Match: Event 351715822, Lines 2
Match: Event 351716062, Lines 2
[71%] 	 22,051/31,057 	 09:27:03
Match: Event 351716275, Lines 2
Match: Event 351716515, Lines 3
Match: Event 351716609, Lines 2
Match: Event 351717336, Lines 2
Match: Event 351718262, Lines 2
Match: Event 351718571, Lines 2
Match: Event 351718754, Lines 2
Match: Event 351719115, Lines 2
Match: Event 351719820, Lines 2
Match: Event 351720586, Lines 2
Match: Event 351720983, Lines 2
Match: Event 351724226, Lines 2
[72%] 	 22,362/31,057 	 09:35:08
Match: Event 351726485, Lines 2
Match: Event 351727013, Lines 2
Match: Event 351728250, Lines 2
Match: Event 351728480, Lines 2
Match: Event 351728638, Lines 2
Match: Event 351728978, Lines 2
Match: Event 351729299, Lines 2
Match: Event 351729487, Lines 2
Match: Event 351730774, Lines 2
Match: Event 351732229, Lines 2
Match: Event 351733317, Lines 2
Match: Event 351734211, Lines 2
[73%] 	 22,672/31,057 	 09:43:01
Match: Event 351736526, Lines 2
Match: Event 351736550, Lines 2
Match: Event 351736580, Lines 2
Match: Event 351737682, Lines 2
Match: Event 351738060, Lines 2
Match: Event 351738153, Lines 2
Match: Event 351739664, Lines 2
Match: Event 351740730, Lines 2
Match: Event 351741036, Lines 2
Match: Event 351741175, Lines 2
Match: Event 351742063, Lines 2
Match: Event 351742634, Lines 2
Match: Event 351742895, Lines 2
Match: Event 351742902, Lines 2
Match: Event 351744592, Lines 2
[74%] 	 22,983/31,057 	 09:52:16
Match: Event 351746089, Lines 2
Match: Event 351746298, Lines 2
Match: Event 351746482, Lines 2
Match: Event 351746607, Lines 2
Match: Event 351747183, Lines 2
Match: Event 351748006, Lines 2
Match: Event 351748021, Lines 2
Match: Event 351749664, Lines 2
Match: Event 351749915, Lines 2
Match: Event 351750803, Lines 2
Match: Event 351751554, Lines 2
Match: Event 351752491, Lines 2
Match: Event 351753118, Lines 2
Match: Event 351753705, Lines 2
Match: Event 351753749, Lines 2
[75%] 	 23,293/31,057 	 10:01:34
Match: Event 351754075, Lines 2
Match: Event 351754178, Lines 2
Match: Event 351754908, Lines 2
Match: Event 351754994, Lines 2
Match: Event 351755811, Lines 2
Match: Event 351759218, Lines 2
Match: Event 351759276, Lines 2
Match: Event 351759320, Lines 2
Match: Event 351760709, Lines 2
Match: Event 351760882, Lines 2
Match: Event 351760962, Lines 2
Match: Event 351762740, Lines 2
Match: Event 351763090, Lines 2
Match: Event 351763450, Lines 2
[76%] 	 23,604/31,057 	 10:10:40
Match: Event 351765932, Lines 2
Match: Event 351767045, Lines 2
Match: Event 351767992, Lines 2
Match: Event 351769740, Lines 2
Match: Event 351769834, Lines 2
Match: Event 351771635, Lines 2
Match: Event 351772565, Lines 2
Match: Event 351772909, Lines 2
Match: Event 351773148, Lines 2
Match: Event 351773526, Lines 2
Match: Event 351774021, Lines 2
[77%] 	 23,914/31,057 	 10:19:02
Match: Event 351774541, Lines 2
Match: Event 351775009, Lines 2
Match: Event 351775373, Lines 2
Match: Event 351776770, Lines 2
Match: Event 351777173, Lines 2
Match: Event 351777293, Lines 2
Match: Event 351777692, Lines 2
Match: Event 351777892, Lines 2
Match: Event 351778680, Lines 2
Match: Event 351779124, Lines 2
Match: Event 351779139, Lines 2
Match: Event 351779231, Lines 2
Match: Event 351779757, Lines 2
Match: Event 351779831, Lines 2
Match: Event 351779961, Lines 2
Match: Event 351780410, Lines 2
Match: Event 351780534, Lines 2
Match: Event 351783690, Lines 2
[78%] 	 24,225/31,057 	 10:27:27
Match: Event 351783836, Lines 2
Match: Event 351785423, Lines 2
Match: Event 351787045, Lines 2
Match: Event 351787071, Lines 2
Match: Event 351787219, Lines 2
Match: Event 351788084, Lines 2
Match: Event 351788096, Lines 3
Match: Event 351788873, Lines 2
Match: Event 351789992, Lines 2
Match: Event 351790030, Lines 2
Match: Event 351790304, Lines 2
Match: Event 351790534, Lines 2
Match: Event 351791130, Lines 2
Match: Event 351791266, Lines 2
Match: Event 351791727, Lines 3
Match: Event 351792764, Lines 2
Match: Event 351793332, Lines 2
[79%] 	 24,536/31,057 	 10:35:24
Match: Event 351793894, Lines 3
Match: Event 351794710, Lines 2
Match: Event 351794725, Lines 2
Match: Event 351795817, Lines 2
Match: Event 351796857, Lines 2
Match: Event 351797286, Lines 2
Match: Event 351797762, Lines 2
Match: Event 351797969, Lines 2
Match: Event 351799096, Lines 2
Match: Event 351799759, Lines 2
Match: Event 351799789, Lines 3
Match: Event 351800416, Lines 2
Match: Event 351801644, Lines 2
Match: Event 351802795, Lines 2
[80%] 	 24,846/31,057 	 10:43:09
Match: Event 351804037, Lines 2
Match: Event 351805835, Lines 2
Match: Event 351806363, Lines 2
Match: Event 351806481, Lines 2
Match: Event 351806499, Lines 2
Match: Event 351807875, Lines 2
Match: Event 351808031, Lines 2
Match: Event 351808422, Lines 2
Match: Event 351808859, Lines 2
Match: Event 351809088, Lines 2
Match: Event 351809980, Lines 2
Match: Event 351810442, Lines 2
Match: Event 351810739, Lines 2
Match: Event 351810762, Lines 3
Match: Event 351810983, Lines 2
[81%] 	 25,157/31,057 	 10:50:47
Match: Event 351812013, Lines 2
Match: Event 351813412, Lines 2
Match: Event 351813482, Lines 2
Match: Event 351813658, Lines 3
Match: Event 351813746, Lines 2
Match: Event 351813755, Lines 2
Match: Event 351813812, Lines 2
Match: Event 351814123, Lines 2
Match: Event 351815609, Lines 2
Match: Event 351817547, Lines 2
Match: Event 351817756, Lines 2
Match: Event 351818980, Lines 2
Match: Event 351819027, Lines 2
Match: Event 351819277, Lines 2
Match: Event 351819820, Lines 2
Match: Event 351820705, Lines 2
Match: Event 351821453, Lines 2
[82%] 	 25,467/31,057 	 10:58:18
Match: Event 351822001, Lines 2
Match: Event 351822615, Lines 2
Match: Event 351822816, Lines 2
Match: Event 351824339, Lines 2
Match: Event 351824529, Lines 3
Match: Event 351825185, Lines 2
Match: Event 351825752, Lines 2
Match: Event 351826406, Lines 2
Match: Event 351828143, Lines 2
Match: Event 351829022, Lines 2
Match: Event 351829227, Lines 2
Match: Event 351829241, Lines 2
Match: Event 351829452, Lines 2
Match: Event 351830324, Lines 2
Match: Event 351830844, Lines 2
[83%] 	 25,778/31,057 	 11:07:05
Match: Event 351831628, Lines 2
Match: Event 351832928, Lines 2
Match: Event 351833500, Lines 3
Match: Event 351834004, Lines 2
Match: Event 351834342, Lines 2
Match: Event 351834420, Lines 2
Match: Event 351834570, Lines 2
Match: Event 351837448, Lines 2
Match: Event 351838910, Lines 2
Match: Event 351839673, Lines 2
Match: Event 351840188, Lines 2
Match: Event 351840251, Lines 2
[84%] 	 26,088/31,057 	 11:17:49
Match: Event 351841586, Lines 2
Match: Event 351841972, Lines 2
Match: Event 351845153, Lines 2
Match: Event 351845392, Lines 2
Match: Event 351846213, Lines 2
Match: Event 351846414, Lines 3
Match: Event 351847375, Lines 2
Match: Event 351848806, Lines 2
Match: Event 351849719, Lines 2
Match: Event 351849851, Lines 2
Match: Event 351849972, Lines 2
Match: Event 351850029, Lines 2
[85%] 	 26,399/31,057 	 11:26:15
Match: Event 351851708, Lines 2
Match: Event 351851912, Lines 2
Match: Event 351852111, Lines 2
Match: Event 351852336, Lines 2
Match: Event 351852934, Lines 2
Match: Event 351853153, Lines 2
Match: Event 351855344, Lines 2
Match: Event 351856712, Lines 2
Match: Event 351857103, Lines 2
Match: Event 351857127, Lines 2
Match: Event 351857361, Lines 2
Match: Event 351859353, Lines 2
Match: Event 351859561, Lines 2
[86%] 	 26,710/31,057 	 11:34:23
Match: Event 351861224, Lines 2
Match: Event 351861371, Lines 2
Match: Event 351861431, Lines 3
Match: Event 351861491, Lines 2
Match: Event 351861613, Lines 2
Match: Event 351862891, Lines 2
Match: Event 351866135, Lines 2
Match: Event 351866334, Lines 3
Match: Event 351867564, Lines 2
Match: Event 351867684, Lines 2
Match: Event 351867847, Lines 2
Match: Event 351867979, Lines 2
Match: Event 351868843, Lines 2
Match: Event 351868847, Lines 2
Match: Event 351869391, Lines 2
[87%] 	 27,020/31,057 	 11:42:21
Match: Event 351869392, Lines 2
Match: Event 351869628, Lines 2
Match: Event 351870085, Lines 2
Match: Event 351870791, Lines 2
Match: Event 351870852, Lines 2
Match: Event 351871931, Lines 2
Match: Event 351872186, Lines 2
Match: Event 351872955, Lines 2
Match: Event 351873236, Lines 2
Match: Event 351873362, Lines 2
Match: Event 351873366, Lines 2
Match: Event 351873519, Lines 2
Match: Event 351873960, Lines 2
Match: Event 351874391, Lines 2
Match: Event 351875095, Lines 2
Match: Event 351875638, Lines 2
Match: Event 351876272, Lines 2
Match: Event 351877458, Lines 2
Match: Event 351878119, Lines 2
Match: Event 351878820, Lines 2
[88%] 	 27,331/31,057 	 11:50:27
Match: Event 351879704, Lines 3
Match: Event 351880057, Lines 2
Match: Event 351880182, Lines 2
Match: Event 351880334, Lines 2
Match: Event 351880653, Lines 2
Match: Event 351880973, Lines 2
Match: Event 351881938, Lines 2
Match: Event 351882441, Lines 2
Match: Event 351882633, Lines 2
Match: Event 351882690, Lines 2
Match: Event 351882821, Lines 2
Match: Event 351884091, Lines 2
Match: Event 351884148, Lines 2
Match: Event 351884273, Lines 2
Match: Event 351884454, Lines 2
Match: Event 351884548, Lines 2
Match: Event 351885949, Lines 2
Match: Event 351886805, Lines 2
Match: Event 351887413, Lines 2
Match: Event 351887865, Lines 2
Match: Event 351888028, Lines 2
Match: Event 351888723, Lines 2
[89%] 	 27,641/31,057 	 11:58:07
Match: Event 351889100, Lines 2
Match: Event 351889181, Lines 2
Match: Event 351890022, Lines 2
Match: Event 351890761, Lines 2
Match: Event 351890879, Lines 2
Match: Event 351891104, Lines 2
Match: Event 351891790, Lines 2
Match: Event 351892330, Lines 2
Match: Event 351894487, Lines 2
Match: Event 351894811, Lines 2
Match: Event 351894902, Lines 2
Match: Event 351895011, Lines 2
Match: Event 351895408, Lines 2
Match: Event 351895746, Lines 3
Match: Event 351896078, Lines 2
Match: Event 351896437, Lines 2
Match: Event 351896624, Lines 2
Match: Event 351896693, Lines 2
[90%] 	 27,952/31,057 	 12:06:48
Match: Event 351898370, Lines 2
Match: Event 351898721, Lines 2
Match: Event 351899219, Lines 2
Match: Event 351899622, Lines 3
Match: Event 351900026, Lines 2
Match: Event 351900829, Lines 2
Match: Event 351900832, Lines 3
Match: Event 351900911, Lines 2
Match: Event 351901051, Lines 2
Match: Event 351902358, Lines 2
Match: Event 351902495, Lines 2
Match: Event 351902648, Lines 2
Match: Event 351905503, Lines 2
Match: Event 351906964, Lines 2
Match: Event 351907222, Lines 2
Match: Event 351908358, Lines 2
[91%] 	 28,262/31,057 	 12:15:27
Match: Event 351909009, Lines 2
Match: Event 351910869, Lines 3
Match: Event 351912913, Lines 2
Match: Event 351913085, Lines 2
Match: Event 351914364, Lines 2
Match: Event 351916669, Lines 3
Match: Event 351917119, Lines 2
Match: Event 351917968, Lines 2
[92%] 	 28,573/31,057 	 12:23:56
Match: Event 351920076, Lines 2
Match: Event 351920157, Lines 2
Match: Event 351920295, Lines 2
Match: Event 351921327, Lines 2
Match: Event 351921678, Lines 2
Match: Event 351922308, Lines 2
Match: Event 351925373, Lines 2
Match: Event 351925429, Lines 2
Match: Event 351926596, Lines 2
Match: Event 351927368, Lines 2
Match: Event 351928148, Lines 2
[93%] 	 28,884/31,057 	 12:32:11
Match: Event 351930807, Lines 2
Match: Event 351931190, Lines 2
Match: Event 351934363, Lines 2
Match: Event 351935238, Lines 2
Match: Event 351935804, Lines 3
Match: Event 351936393, Lines 2
Match: Event 351936740, Lines 2
Match: Event 351937672, Lines 2
Match: Event 351937795, Lines 2
[94%] 	 29,194/31,057 	 12:40:54
Match: Event 351938695, Lines 2
Match: Event 351938823, Lines 2
Match: Event 351939315, Lines 2
Match: Event 351939550, Lines 3
Match: Event 351940773, Lines 2
Match: Event 351940819, Lines 2
Match: Event 351941604, Lines 2
Match: Event 351941645, Lines 2
Match: Event 351942555, Lines 2
Match: Event 351942556, Lines 3
Match: Event 351942779, Lines 2
Match: Event 351942797, Lines 2
Match: Event 351943431, Lines 2
Match: Event 351945113, Lines 2
Match: Event 351945875, Lines 2
Match: Event 351948634, Lines 2
[95%] 	 29,505/31,057 	 12:50:05
Match: Event 351949931, Lines 2
Match: Event 351950094, Lines 2
Match: Event 351951313, Lines 2
Match: Event 351951467, Lines 2
Match: Event 351951761, Lines 2
Match: Event 351952187, Lines 2
Match: Event 351952381, Lines 2
Match: Event 351953722, Lines 2
Match: Event 351955195, Lines 2
Match: Event 351958075, Lines 2
Match: Event 351958087, Lines 2
Match: Event 351958283, Lines 2
[96%] 	 29,815/31,057 	 12:58:17
Match: Event 351959027, Lines 2
Match: Event 351959400, Lines 2
Match: Event 351960463, Lines 2
Match: Event 351960841, Lines 2
Match: Event 351961215, Lines 2
Match: Event 351961450, Lines 2
Match: Event 351961964, Lines 2
Match: Event 351961968, Lines 2
Match: Event 351962329, Lines 2
Match: Event 351963195, Lines 2
Match: Event 351963216, Lines 2
Match: Event 351963284, Lines 3
Match: Event 351963473, Lines 2
Match: Event 351967577, Lines 2
Match: Event 351967595, Lines 2
Match: Event 351967868, Lines 2
Match: Event 351967956, Lines 3
Match: Event 351968224, Lines 2
Match: Event 351968518, Lines 2
Match: Event 351969082, Lines 2
[97%] 	 30,126/31,057 	 13:06:21
Match: Event 351969378, Lines 2
Match: Event 351970363, Lines 2
Match: Event 351971189, Lines 2
Match: Event 351971412, Lines 2
Match: Event 351972176, Lines 2
Match: Event 351972623, Lines 2
Match: Event 351972985, Lines 2
Match: Event 351973244, Lines 2
Match: Event 351974369, Lines 2
Match: Event 351974597, Lines 2
Match: Event 351974614, Lines 2
Match: Event 351974939, Lines 2
Match: Event 351975233, Lines 2
Match: Event 351975449, Lines 2
Match: Event 351977612, Lines 2
Match: Event 351979386, Lines 2
[98%] 	 30,436/31,057 	 13:14:03
Match: Event 351979448, Lines 2
Match: Event 351979488, Lines 2
Match: Event 351979529, Lines 2
Match: Event 351980358, Lines 2
Match: Event 351980650, Lines 3
Match: Event 351981094, Lines 2
Match: Event 351983390, Lines 2
Match: Event 351985162, Lines 2
Match: Event 351986752, Lines 2
Match: Event 351989448, Lines 3
[99%] 	 30,747/31,057 	 13:21:58
Match: Event 351989849, Lines 2
Match: Event 351991470, Lines 2
Match: Event 351991633, Lines 2
Match: Event 351991657, Lines 2
Match: Event 351992416, Lines 2
Match: Event 351992554, Lines 2
Match: Event 351992861, Lines 2
Match: Event 351994121, Lines 2
Match: Event 351994628, Lines 2
Match: Event 351996369, Lines 2
Match: Event 351996923, Lines 2
Match: Event 351997026, Lines 2
Match: Event 351997374, Lines 2
Match: Event 351998293, Lines 2
Match: Event 351999190, Lines 2
Match: Event 351999416, Lines 2
Match: Event 351999616, Lines 2
Finished in 48617.75s.
 ~ 5) DONE !
