search libraries in slc9_x86-64
 ~ 1) Base stack loaded.
 ~ Sleeping for 33 seconds to avoid AFS DDOS...
 ~ 2) Loading sndsw environment...
 ~ 3) SNDSW_ROOT is set to: /afs/cern.ch/user/i/idioniso/snd_master/sw-root6.28/rhel9_x86-64/sndsw/master-local1
 ~ 4) Executing tracking script...
[INFO] The input consists out of the following trees and files: 
[INFO]  - rawConv
[INFO]     - root://eoshome-i.cern.ch//eos/user/i/idioniso/tridents/initial_cuts/tridents_sndsw_raw-0337.root
[INFO] FairRootFileSink initialized.
[INFO]  - cbmout
[INFO]     - dummy
[INFO] Parameter and input file are available, Assure that basic info is there for the run!
[INFO] ---FairRootManager::SpecifyRunId --- 
[INFO] --- Initialize with RunId  --- 0

************************************************************* 
     initialisation for run id 0
************************************************************* 
-I- FairRunTimeDB::InitContainer() FairBaseParSet
-I- FairRunTimeDB::InitContainer() FairGeoParSet

************************************************************* 
     initialisation for run id 0
************************************************************* 
-I- FairRunTimeDB::InitContainer() FairBaseParSet
-I- FairRunTimeDB::InitContainer() FairGeoParSet
[INFO]  Branch: Reco_MuonTracks not found in Tree.
using geofile: root://eospublic.cern.ch//eos/experiment/sndlhc/convertedData/physics/2023/geofile_sndlhc_TI18_V3_2023.root
[0%] 	 0/31,277 	 00:00:35
Match: Event 337000063, Lines 2
Match: Event 337001532, Lines 2
Match: Event 337001602, Lines 3
Match: Event 337002018, Lines 2
Match: Event 337002770, Lines 2
Match: Event 337003738, Lines 2
Match: Event 337003890, Lines 2
Match: Event 337004414, Lines 2
Match: Event 337005359, Lines 2
Match: Event 337006276, Lines 2
Match: Event 337006585, Lines 2
Match: Event 337007043, Lines 2
Match: Event 337007226, Lines 2
Match: Event 337008778, Lines 2
Match: Event 337008923, Lines 2
Match: Event 337009312, Lines 2
[1%] 	 313/31,277 	 00:07:58
Match: Event 337009840, Lines 2
Match: Event 337010197, Lines 2
Match: Event 337010365, Lines 2
Match: Event 337010752, Lines 2
Match: Event 337011022, Lines 2
Match: Event 337011476, Lines 2
Match: Event 337012307, Lines 2
Match: Event 337014964, Lines 2
Match: Event 337015663, Lines 2
Match: Event 337015974, Lines 2
Match: Event 337017694, Lines 2
Match: Event 337019114, Lines 2
Match: Event 337019420, Lines 2
[2%] 	 626/31,277 	 00:15:24
Match: Event 337020842, Lines 2
Match: Event 337021708, Lines 2
Match: Event 337021999, Lines 2
Match: Event 337022072, Lines 2
Match: Event 337022289, Lines 2
Match: Event 337022511, Lines 2
Match: Event 337025429, Lines 2
Match: Event 337025456, Lines 2
Match: Event 337025739, Lines 2
Match: Event 337029124, Lines 2
[3%] 	 939/31,277 	 00:23:02
Match: Event 337029955, Lines 2
Match: Event 337030159, Lines 2
Match: Event 337030813, Lines 2
Match: Event 337031198, Lines 2
Match: Event 337032068, Lines 2
Match: Event 337032136, Lines 2
Match: Event 337032840, Lines 2
Match: Event 337033299, Lines 2
Match: Event 337033687, Lines 2
Match: Event 337035185, Lines 2
Match: Event 337036475, Lines 2
Match: Event 337036517, Lines 2
Match: Event 337036578, Lines 2
Match: Event 337036860, Lines 2
Match: Event 337037477, Lines 2
Match: Event 337037689, Lines 2
Match: Event 337038405, Lines 2
[4%] 	 1,252/31,277 	 00:30:32
Match: Event 337039903, Lines 2
Match: Event 337044709, Lines 2
Match: Event 337045849, Lines 2
Match: Event 337045947, Lines 2
Match: Event 337046647, Lines 2
Match: Event 337046835, Lines 2
Match: Event 337047005, Lines 2
Match: Event 337047789, Lines 2
Match: Event 337048771, Lines 3
Match: Event 337048992, Lines 2
[5%] 	 1,564/31,277 	 00:37:52
Match: Event 337049484, Lines 2
Match: Event 337050577, Lines 2
Match: Event 337051358, Lines 3
Match: Event 337052809, Lines 3
Match: Event 337054986, Lines 2
Match: Event 337055940, Lines 3
Match: Event 337055980, Lines 2
Match: Event 337056928, Lines 2
Match: Event 337057356, Lines 2
Match: Event 337057453, Lines 2
[6%] 	 1,877/31,277 	 00:45:25
Match: Event 337059901, Lines 2
Match: Event 337060204, Lines 2
Match: Event 337062817, Lines 2
Match: Event 337063537, Lines 3
Match: Event 337064091, Lines 2
Match: Event 337064488, Lines 2
Match: Event 337064869, Lines 2
Match: Event 337065220, Lines 3
Match: Event 337065668, Lines 2
Match: Event 337066152, Lines 2
Match: Event 337067528, Lines 2
Match: Event 337067703, Lines 2
Match: Event 337068404, Lines 2
Match: Event 337068564, Lines 2
Match: Event 337069490, Lines 2
[7%] 	 2,190/31,277 	 00:52:47
Match: Event 337069776, Lines 2
Match: Event 337070159, Lines 2
Match: Event 337070452, Lines 2
Match: Event 337071095, Lines 2
Match: Event 337071228, Lines 2
Match: Event 337071828, Lines 2
Match: Event 337072162, Lines 2
Match: Event 337073174, Lines 3
Match: Event 337073429, Lines 2
Match: Event 337074213, Lines 2
Match: Event 337076851, Lines 2
[8%] 	 2,503/31,277 	 01:00:17
Match: Event 337078833, Lines 2
Match: Event 337078867, Lines 2
Match: Event 337079334, Lines 2
Match: Event 337080441, Lines 2
Match: Event 337081145, Lines 2
Match: Event 337082838, Lines 2
Match: Event 337083426, Lines 2
Match: Event 337084074, Lines 2
Match: Event 337085382, Lines 2
Match: Event 337085497, Lines 2
Match: Event 337086725, Lines 2
Match: Event 337087107, Lines 2
Match: Event 337087145, Lines 2
Match: Event 337087268, Lines 2
Match: Event 337088503, Lines 2
Match: Event 337088765, Lines 2
[9%] 	 2,815/31,277 	 01:07:40
Match: Event 337091910, Lines 2
Match: Event 337092196, Lines 2
Match: Event 337093074, Lines 2
Match: Event 337093816, Lines 2
Match: Event 337094102, Lines 2
Match: Event 337094133, Lines 2
Match: Event 337094399, Lines 2
Match: Event 337094484, Lines 2
Match: Event 337095222, Lines 2
Match: Event 337095762, Lines 2
Match: Event 337096807, Lines 2
Match: Event 337096946, Lines 2
Match: Event 337098216, Lines 2
Match: Event 337098363, Lines 2
Match: Event 337098487, Lines 2
Match: Event 337098658, Lines 2
Match: Event 337098749, Lines 2
Match: Event 337099189, Lines 2
[10%] 	 3,128/31,277 	 01:14:50
Match: Event 337100128, Lines 3
Match: Event 337101724, Lines 2
Match: Event 337104454, Lines 2
Match: Event 337105584, Lines 2
Match: Event 337105954, Lines 2
Match: Event 337107374, Lines 2
Match: Event 337108383, Lines 2
Match: Event 337108461, Lines 2
[11%] 	 3,441/31,277 	 01:22:29
Match: Event 337108877, Lines 2
Match: Event 337110452, Lines 2
Match: Event 337110552, Lines 2
Match: Event 337111145, Lines 2
Match: Event 337113260, Lines 2
Match: Event 337113261, Lines 2
Match: Event 337113644, Lines 2
Match: Event 337114373, Lines 2
Match: Event 337116641, Lines 2
Match: Event 337116832, Lines 2
Match: Event 337116965, Lines 2
Match: Event 337117540, Lines 2
[12%] 	 3,754/31,277 	 01:30:11
Match: Event 337118958, Lines 2
Match: Event 337120173, Lines 3
Match: Event 337121367, Lines 2
Match: Event 337122499, Lines 2
Match: Event 337123960, Lines 2
Match: Event 337125081, Lines 2
Match: Event 337125174, Lines 3
Match: Event 337125274, Lines 2
Match: Event 337127293, Lines 2
Match: Event 337127380, Lines 2
Match: Event 337127489, Lines 2
Match: Event 337127637, Lines 2
Match: Event 337127761, Lines 2
Match: Event 337128269, Lines 3
Match: Event 337128480, Lines 3
Match: Event 337128533, Lines 2
[13%] 	 4,067/31,277 	 01:38:20
Match: Event 337128789, Lines 2
Match: Event 337129561, Lines 2
Match: Event 337129673, Lines 2
Match: Event 337130385, Lines 2
Match: Event 337130473, Lines 2
Match: Event 337130658, Lines 2
Match: Event 337130677, Lines 2
Match: Event 337132051, Lines 2
Match: Event 337133536, Lines 2
Match: Event 337133971, Lines 2
Match: Event 337134499, Lines 2
Match: Event 337135986, Lines 2
Match: Event 337136290, Lines 2
Match: Event 337136599, Lines 2
Match: Event 337137091, Lines 3
Match: Event 337137106, Lines 2
[14%] 	 4,379/31,277 	 01:46:02
Match: Event 337139067, Lines 2
Match: Event 337139323, Lines 2
Match: Event 337139980, Lines 2
Match: Event 337140970, Lines 2
Match: Event 337141208, Lines 2
Match: Event 337141524, Lines 2
Match: Event 337142501, Lines 2
Match: Event 337143618, Lines 2
Match: Event 337143641, Lines 2
Match: Event 337143689, Lines 2
Match: Event 337143875, Lines 2
Match: Event 337143880, Lines 2
Match: Event 337144833, Lines 2
Match: Event 337146056, Lines 2
[15%] 	 4,692/31,277 	 01:53:48
Match: Event 337147461, Lines 2
Match: Event 337147592, Lines 2
Match: Event 337148123, Lines 2
Match: Event 337148378, Lines 2
Match: Event 337149396, Lines 2
Match: Event 337149481, Lines 2
Match: Event 337149684, Lines 3
Match: Event 337150997, Lines 2
Match: Event 337152449, Lines 2
Match: Event 337152651, Lines 2
Match: Event 337153818, Lines 2
Match: Event 337154885, Lines 2
Match: Event 337154986, Lines 2
Match: Event 337155250, Lines 2
Match: Event 337155280, Lines 2
Match: Event 337155476, Lines 2
Match: Event 337156593, Lines 2
[16%] 	 5,005/31,277 	 02:02:51
Match: Event 337157143, Lines 2
Match: Event 337157174, Lines 2
Match: Event 337157721, Lines 2
Match: Event 337158222, Lines 2
Match: Event 337160391, Lines 2
Match: Event 337160850, Lines 2
Match: Event 337162868, Lines 2
Match: Event 337164079, Lines 3
Match: Event 337164649, Lines 3
Match: Event 337164699, Lines 2
Match: Event 337165365, Lines 2
Match: Event 337165502, Lines 2
Match: Event 337166142, Lines 2
Match: Event 337166261, Lines 2
Match: Event 337166736, Lines 2
[17%] 	 5,318/31,277 	 02:10:17
Match: Event 337167135, Lines 3
Match: Event 337167870, Lines 2
Match: Event 337168009, Lines 3
Match: Event 337169904, Lines 2
Match: Event 337170958, Lines 2
Match: Event 337171862, Lines 2
Match: Event 337173198, Lines 2
Match: Event 337174373, Lines 2
Match: Event 337174539, Lines 2
Match: Event 337174981, Lines 2
Match: Event 337175214, Lines 2
Match: Event 337175548, Lines 2
Match: Event 337176169, Lines 2
Match: Event 337176486, Lines 2
[18%] 	 5,630/31,277 	 02:17:52
Match: Event 337177327, Lines 2
Match: Event 337178846, Lines 2
Match: Event 337179509, Lines 2
Match: Event 337180171, Lines 2
Match: Event 337181247, Lines 2
Match: Event 337182465, Lines 2
Match: Event 337184838, Lines 2
Match: Event 337184988, Lines 2
Match: Event 337185376, Lines 2
[19%] 	 5,943/31,277 	 02:25:39
Match: Event 337186324, Lines 2
Match: Event 337186512, Lines 2
Match: Event 337186576, Lines 2
Match: Event 337187290, Lines 2
Match: Event 337189899, Lines 2
Match: Event 337193645, Lines 2
Match: Event 337193970, Lines 2
Match: Event 337196234, Lines 2
[20%] 	 6,256/31,277 	 02:33:56
Match: Event 337197205, Lines 2
Match: Event 337197605, Lines 3
Match: Event 337198006, Lines 2
Match: Event 337199980, Lines 2
Match: Event 337200693, Lines 2
Match: Event 337201981, Lines 2
Match: Event 337202221, Lines 2
Match: Event 337204497, Lines 2
Match: Event 337204908, Lines 2
Match: Event 337204964, Lines 2
Match: Event 337205147, Lines 2
Match: Event 337205196, Lines 2
[21%] 	 6,569/31,277 	 02:41:32
Match: Event 337207620, Lines 2
Match: Event 337207665, Lines 2
Match: Event 337207690, Lines 2
Match: Event 337207793, Lines 2
Match: Event 337208587, Lines 2
Match: Event 337208697, Lines 2
Match: Event 337210477, Lines 3
Match: Event 337211106, Lines 2
Match: Event 337211715, Lines 2
Match: Event 337212924, Lines 2
Match: Event 337213087, Lines 2
Match: Event 337215092, Lines 2
[22%] 	 6,881/31,277 	 02:48:57
Match: Event 337217642, Lines 3
Match: Event 337218242, Lines 2
Match: Event 337218684, Lines 3
Match: Event 337219224, Lines 2
Match: Event 337219460, Lines 2
Match: Event 337221519, Lines 2
Match: Event 337222052, Lines 2
Match: Event 337222183, Lines 2
Match: Event 337222254, Lines 2
Match: Event 337222866, Lines 2
Match: Event 337222885, Lines 2
Match: Event 337222985, Lines 2
Match: Event 337223210, Lines 2
Match: Event 337223718, Lines 2
Match: Event 337225020, Lines 2
Match: Event 337225652, Lines 2
Match: Event 337226362, Lines 2
Match: Event 337226796, Lines 2
[23%] 	 7,194/31,277 	 02:56:48
Match: Event 337227712, Lines 2
Match: Event 337227890, Lines 2
Match: Event 337228649, Lines 2
Match: Event 337229549, Lines 2
Match: Event 337229676, Lines 2
Match: Event 337230453, Lines 2
Match: Event 337230493, Lines 2
Match: Event 337231068, Lines 2
Match: Event 337232420, Lines 2
Match: Event 337233408, Lines 2
Match: Event 337234794, Lines 3
Match: Event 337236422, Lines 2
Match: Event 337236455, Lines 2
[24%] 	 7,507/31,277 	 03:04:50
Match: Event 337237652, Lines 2
Match: Event 337238900, Lines 2
Match: Event 337239497, Lines 2
Match: Event 337239697, Lines 2
Match: Event 337239807, Lines 2
Match: Event 337242974, Lines 2
Match: Event 337242987, Lines 3
Match: Event 337244329, Lines 2
[25%] 	 7,820/31,277 	 03:13:28
Match: Event 337247814, Lines 2
Match: Event 337247881, Lines 2
Match: Event 337248588, Lines 2
Match: Event 337249397, Lines 2
Match: Event 337249723, Lines 2
Match: Event 337250332, Lines 2
Match: Event 337252104, Lines 2
Match: Event 337252801, Lines 2
Match: Event 337255879, Lines 2
Match: Event 337256592, Lines 2
[26%] 	 8,133/31,277 	 03:22:02
Match: Event 337259534, Lines 3
Match: Event 337259829, Lines 2
Match: Event 337260294, Lines 2
Match: Event 337261247, Lines 2
Match: Event 337261922, Lines 2
Match: Event 337261924, Lines 2
Match: Event 337262629, Lines 3
Match: Event 337262678, Lines 2
Match: Event 337263238, Lines 2
Match: Event 337263537, Lines 2
Match: Event 337265242, Lines 2
Match: Event 337266086, Lines 2
Match: Event 337266736, Lines 2
Match: Event 337267102, Lines 2
[27%] 	 8,445/31,277 	 03:30:57
Match: Event 337269352, Lines 2
Match: Event 337273263, Lines 3
Match: Event 337273494, Lines 2
Match: Event 337274154, Lines 2
Match: Event 337275452, Lines 2
Match: Event 337275805, Lines 3
Match: Event 337276018, Lines 2
Match: Event 337276839, Lines 2
Match: Event 337277598, Lines 2
[28%] 	 8,758/31,277 	 03:38:45
Match: Event 337279288, Lines 2
Match: Event 337279722, Lines 2
Match: Event 337280267, Lines 2
Match: Event 337280343, Lines 2
Match: Event 337280786, Lines 2
Match: Event 337281414, Lines 2
Match: Event 337281561, Lines 2
Match: Event 337283180, Lines 2
Match: Event 337284343, Lines 2
Match: Event 337284578, Lines 2
Match: Event 337285342, Lines 2
Match: Event 337285471, Lines 2
Match: Event 337285897, Lines 2
Match: Event 337287224, Lines 2
[29%] 	 9,071/31,277 	 03:46:27
Match: Event 337288117, Lines 2
Match: Event 337289216, Lines 2
Match: Event 337289908, Lines 3
Match: Event 337294184, Lines 2
Match: Event 337296539, Lines 2
Match: Event 337296949, Lines 2
Match: Event 337297419, Lines 3
Match: Event 337297910, Lines 2
Match: Event 337299902, Lines 2
[30%] 	 9,384/31,277 	 03:54:29
Match: Event 337301216, Lines 2
Match: Event 337301755, Lines 3
Match: Event 337302049, Lines 2
Match: Event 337302402, Lines 2
Match: Event 337302710, Lines 2
Match: Event 337302733, Lines 2
Match: Event 337302878, Lines 2
Match: Event 337303045, Lines 2
Match: Event 337303240, Lines 2
Match: Event 337303547, Lines 2
Match: Event 337304299, Lines 2
Match: Event 337304722, Lines 2
Match: Event 337306023, Lines 2
Match: Event 337308488, Lines 2
Match: Event 337308605, Lines 2
[31%] 	 9,696/31,277 	 04:02:28
Match: Event 337310119, Lines 2
Match: Event 337311163, Lines 3
Match: Event 337311295, Lines 3
Match: Event 337312215, Lines 2
Match: Event 337313105, Lines 3
Match: Event 337313380, Lines 2
Match: Event 337313903, Lines 2
Match: Event 337314244, Lines 2
Match: Event 337314288, Lines 2
Match: Event 337315181, Lines 2
Match: Event 337315356, Lines 2
Match: Event 337315635, Lines 2
Match: Event 337315871, Lines 2
Match: Event 337315967, Lines 2
Match: Event 337317013, Lines 2
Match: Event 337317452, Lines 2
Match: Event 337317509, Lines 2
Match: Event 337318060, Lines 2
Match: Event 337318843, Lines 2
[32%] 	 10,009/31,277 	 04:10:32
Match: Event 337320094, Lines 2
Match: Event 337320112, Lines 2
Match: Event 337320882, Lines 2
Match: Event 337321106, Lines 2
Match: Event 337321315, Lines 2
Match: Event 337322805, Lines 2
Match: Event 337323131, Lines 2
Match: Event 337323387, Lines 2
Match: Event 337324011, Lines 2
Match: Event 337324401, Lines 2
Match: Event 337325180, Lines 2
Match: Event 337325674, Lines 2
Match: Event 337325949, Lines 2
Match: Event 337326330, Lines 2
Match: Event 337326354, Lines 2
Match: Event 337327921, Lines 2
Match: Event 337328583, Lines 2
Match: Event 337328968, Lines 2
[33%] 	 10,322/31,277 	 04:18:35
Match: Event 337329590, Lines 2
Match: Event 337329645, Lines 2
Match: Event 337329767, Lines 2
Match: Event 337329920, Lines 2
Match: Event 337330661, Lines 2
Match: Event 337330723, Lines 2
Match: Event 337330861, Lines 2
Match: Event 337331154, Lines 2
Match: Event 337333060, Lines 2
Match: Event 337333309, Lines 3
Match: Event 337333480, Lines 3
Match: Event 337333631, Lines 2
Match: Event 337334759, Lines 2
Match: Event 337335506, Lines 2
Match: Event 337336746, Lines 2
Match: Event 337336791, Lines 2
Match: Event 337336809, Lines 2
Match: Event 337337064, Lines 2
Match: Event 337337938, Lines 2
Match: Event 337338035, Lines 2
[34%] 	 10,635/31,277 	 04:26:53
Match: Event 337339775, Lines 2
Match: Event 337341579, Lines 2
Match: Event 337343513, Lines 2
Match: Event 337343607, Lines 2
Match: Event 337344336, Lines 2
Match: Event 337345070, Lines 2
Match: Event 337345744, Lines 2
Match: Event 337346062, Lines 3
Match: Event 337346650, Lines 2
Match: Event 337346848, Lines 2
[35%] 	 10,947/31,277 	 04:35:33
Match: Event 337349517, Lines 2
Match: Event 337349772, Lines 2
Match: Event 337349810, Lines 3
Match: Event 337350159, Lines 2
Match: Event 337350559, Lines 2
Match: Event 337351388, Lines 2
Match: Event 337352267, Lines 2
Match: Event 337353205, Lines 2
Match: Event 337353707, Lines 2
Match: Event 337354296, Lines 2
Match: Event 337354357, Lines 2
Match: Event 337354840, Lines 2
Match: Event 337356303, Lines 2
Match: Event 337356407, Lines 2
Match: Event 337356522, Lines 2
Match: Event 337357000, Lines 2
Match: Event 337357666, Lines 2
Match: Event 337357874, Lines 2
Match: Event 337358360, Lines 2
Match: Event 337358718, Lines 2
[36%] 	 11,260/31,277 	 04:44:04
Match: Event 337358917, Lines 2
Match: Event 337360164, Lines 2
Match: Event 337360978, Lines 2
Match: Event 337362889, Lines 2
Match: Event 337363291, Lines 3
Match: Event 337364774, Lines 2
Match: Event 337365208, Lines 2
Match: Event 337367454, Lines 2
Match: Event 337367478, Lines 2
Match: Event 337367943, Lines 2
Match: Event 337368081, Lines 2
Match: Event 337368508, Lines 2
Match: Event 337368514, Lines 2
Match: Event 337368965, Lines 2
[37%] 	 11,573/31,277 	 04:52:19
Match: Event 337369567, Lines 2
Match: Event 337369903, Lines 2
Match: Event 337370889, Lines 2
Match: Event 337372259, Lines 2
Match: Event 337373272, Lines 2
Match: Event 337377277, Lines 2
Match: Event 337378367, Lines 2
Match: Event 337378432, Lines 2
Match: Event 337378449, Lines 2
Match: Event 337378535, Lines 2
[38%] 	 11,886/31,277 	 05:00:49
Match: Event 337379383, Lines 2
Match: Event 337380108, Lines 2
Match: Event 337380477, Lines 2
Match: Event 337380621, Lines 2
Match: Event 337381137, Lines 2
Match: Event 337381785, Lines 2
Match: Event 337381879, Lines 2
Match: Event 337381950, Lines 2
Match: Event 337383581, Lines 3
Match: Event 337384740, Lines 2
Match: Event 337385262, Lines 2
Match: Event 337385960, Lines 2
[39%] 	 12,199/31,277 	 05:08:32
Match: Event 337388297, Lines 2
Match: Event 337389139, Lines 2
Match: Event 337390579, Lines 2
Match: Event 337391184, Lines 2
Match: Event 337391709, Lines 2
Match: Event 337392345, Lines 2
Match: Event 337392710, Lines 2
Match: Event 337393783, Lines 2
Match: Event 337395608, Lines 2
Match: Event 337397840, Lines 2
Match: Event 337398104, Lines 2
Match: Event 337398874, Lines 2
[40%] 	 12,511/31,277 	 05:16:18
Match: Event 337401088, Lines 2
Match: Event 337401374, Lines 2
Match: Event 337401609, Lines 2
Match: Event 337402495, Lines 3
Match: Event 337402526, Lines 2
Match: Event 337402836, Lines 3
Match: Event 337403527, Lines 2
Match: Event 337406267, Lines 2
Match: Event 337406295, Lines 2
Match: Event 337406619, Lines 2
Match: Event 337408248, Lines 2
[41%] 	 12,824/31,277 	 05:24:08
Match: Event 337409911, Lines 3
Match: Event 337411728, Lines 2
Match: Event 337411998, Lines 2
Match: Event 337412773, Lines 2
Match: Event 337412845, Lines 2
Match: Event 337413060, Lines 2
Match: Event 337413479, Lines 2
Match: Event 337413952, Lines 2
[42%] 	 13,137/31,277 	 05:31:33
Match: Event 337419464, Lines 3
Match: Event 337419473, Lines 2
Match: Event 337420062, Lines 3
Match: Event 337420489, Lines 2
Match: Event 337421420, Lines 2
Match: Event 337421894, Lines 3
Match: Event 337422386, Lines 2
Match: Event 337423359, Lines 2
Match: Event 337424299, Lines 2
Match: Event 337424507, Lines 2
Match: Event 337424776, Lines 2
Match: Event 337425121, Lines 2
Match: Event 337425876, Lines 2
Match: Event 337425905, Lines 2
Match: Event 337426623, Lines 2
Match: Event 337426982, Lines 2
Match: Event 337428733, Lines 2
[43%] 	 13,450/31,277 	 05:39:18
Match: Event 337430206, Lines 2
Match: Event 337431364, Lines 2
Match: Event 337433229, Lines 2
Match: Event 337434312, Lines 3
Match: Event 337434568, Lines 2
Match: Event 337434901, Lines 2
Match: Event 337435139, Lines 2
Match: Event 337435589, Lines 2
Match: Event 337435917, Lines 2
Match: Event 337436038, Lines 2
Match: Event 337436449, Lines 2
Match: Event 337437371, Lines 2
Match: Event 337437429, Lines 2
Match: Event 337437497, Lines 2
Match: Event 337438016, Lines 2
Match: Event 337438171, Lines 2
[44%] 	 13,762/31,277 	 05:47:35
Match: Event 337438704, Lines 2
Match: Event 337438894, Lines 2
Match: Event 337438896, Lines 2
Match: Event 337439366, Lines 2
Match: Event 337440665, Lines 2
Match: Event 337440926, Lines 2
Match: Event 337441090, Lines 2
Match: Event 337442204, Lines 2
Match: Event 337442280, Lines 2
Match: Event 337442981, Lines 2
Match: Event 337443017, Lines 2
Match: Event 337443110, Lines 2
Match: Event 337443386, Lines 2
Match: Event 337443817, Lines 2
Match: Event 337444590, Lines 2
Match: Event 337444813, Lines 2
Match: Event 337445691, Lines 2
Match: Event 337445757, Lines 2
Match: Event 337448216, Lines 2
Match: Event 337448268, Lines 2
Match: Event 337448352, Lines 2
Match: Event 337448537, Lines 2
[45%] 	 14,075/31,277 	 05:56:00
Match: Event 337449383, Lines 2
Match: Event 337450049, Lines 2
Match: Event 337450985, Lines 2
Match: Event 337452396, Lines 2
Match: Event 337452507, Lines 2
Match: Event 337453314, Lines 2
Match: Event 337454698, Lines 2
Match: Event 337455086, Lines 2
Match: Event 337455608, Lines 2
Match: Event 337456515, Lines 2
Match: Event 337456781, Lines 2
[46%] 	 14,388/31,277 	 06:04:25
Match: Event 337458040, Lines 3
Match: Event 337458710, Lines 2
Match: Event 337460666, Lines 2
Match: Event 337461871, Lines 2
Match: Event 337462845, Lines 2
Match: Event 337463096, Lines 2
Match: Event 337463248, Lines 2
Match: Event 337463315, Lines 2
Match: Event 337463986, Lines 2
Match: Event 337464121, Lines 3
Match: Event 337465046, Lines 2
Match: Event 337465864, Lines 2
Match: Event 337466122, Lines 2
Match: Event 337466158, Lines 2
Match: Event 337467038, Lines 2
Match: Event 337467111, Lines 2
Match: Event 337467439, Lines 2
Match: Event 337467685, Lines 2
Match: Event 337468145, Lines 2
Match: Event 337468314, Lines 2
[47%] 	 14,701/31,277 	 06:13:04
Match: Event 337468671, Lines 2
Match: Event 337469223, Lines 2
Match: Event 337469624, Lines 2
Match: Event 337471440, Lines 3
Match: Event 337471841, Lines 2
Match: Event 337472336, Lines 2
Match: Event 337472860, Lines 2
Match: Event 337473543, Lines 2
Match: Event 337474283, Lines 2
Match: Event 337474378, Lines 2
Match: Event 337474498, Lines 2
Match: Event 337475516, Lines 3
Match: Event 337476012, Lines 2
Match: Event 337476300, Lines 2
Match: Event 337476737, Lines 2
Match: Event 337476749, Lines 2
Match: Event 337477705, Lines 3
Match: Event 337477914, Lines 2
[48%] 	 15,013/31,277 	 06:21:11
Match: Event 337479470, Lines 2
Match: Event 337480541, Lines 2
Match: Event 337480645, Lines 2
Match: Event 337480698, Lines 2
Match: Event 337482590, Lines 2
Match: Event 337482683, Lines 2
Match: Event 337483168, Lines 2
Match: Event 337484270, Lines 2
Match: Event 337484807, Lines 2
Match: Event 337484987, Lines 2
Match: Event 337487661, Lines 2
[49%] 	 15,326/31,277 	 06:29:43
Match: Event 337488442, Lines 3
Match: Event 337488675, Lines 2
Match: Event 337488918, Lines 2
Match: Event 337489286, Lines 2
Match: Event 337489670, Lines 3
Match: Event 337490313, Lines 2
Match: Event 337490625, Lines 2
Match: Event 337490979, Lines 2
Match: Event 337491395, Lines 2
Match: Event 337491645, Lines 2
Match: Event 337491751, Lines 2
Match: Event 337492097, Lines 2
Match: Event 337492545, Lines 2
Match: Event 337492968, Lines 3
Match: Event 337497087, Lines 2
[50%] 	 15,639/31,277 	 06:39:01
Match: Event 337497577, Lines 2
Match: Event 337497953, Lines 2
Match: Event 337501367, Lines 2
Match: Event 337502232, Lines 2
Match: Event 337502267, Lines 2
Match: Event 337504464, Lines 2
Match: Event 337505322, Lines 2
Match: Event 337505699, Lines 2
Match: Event 337506022, Lines 2
Match: Event 337506988, Lines 2
Match: Event 337507022, Lines 2
Match: Event 337507097, Lines 2
Match: Event 337507194, Lines 2
[51%] 	 15,952/31,277 	 06:48:23
Match: Event 337508534, Lines 2
Match: Event 337508891, Lines 2
Match: Event 337509169, Lines 2
Match: Event 337510217, Lines 2
Match: Event 337510371, Lines 2
Match: Event 337510896, Lines 2
Match: Event 337511501, Lines 2
Match: Event 337511651, Lines 2
Match: Event 337512359, Lines 2
Match: Event 337512602, Lines 2
Match: Event 337513126, Lines 2
Match: Event 337513963, Lines 2
Match: Event 337514357, Lines 2
Match: Event 337514766, Lines 2
Match: Event 337515675, Lines 2
Match: Event 337518173, Lines 2
[52%] 	 16,265/31,277 	 06:57:48
Match: Event 337518883, Lines 2
Match: Event 337519126, Lines 2
Match: Event 337519671, Lines 2
Match: Event 337520029, Lines 2
Match: Event 337520364, Lines 2
Match: Event 337520859, Lines 2
Match: Event 337520951, Lines 2
Match: Event 337521158, Lines 2
Match: Event 337521200, Lines 2
Match: Event 337522017, Lines 2
Match: Event 337522087, Lines 2
Match: Event 337522727, Lines 2
Match: Event 337523230, Lines 2
Match: Event 337523581, Lines 3
Match: Event 337524629, Lines 2
Match: Event 337525001, Lines 2
Match: Event 337525007, Lines 2
Match: Event 337526141, Lines 2
Match: Event 337526277, Lines 2
Match: Event 337527275, Lines 2
Match: Event 337527896, Lines 2
Match: Event 337527978, Lines 2
[53%] 	 16,577/31,277 	 07:06:46
Match: Event 337528532, Lines 2
Match: Event 337528758, Lines 2
Match: Event 337529097, Lines 2
Match: Event 337529739, Lines 2
Match: Event 337530988, Lines 2
Match: Event 337531824, Lines 2
Match: Event 337532772, Lines 2
Match: Event 337532984, Lines 2
Match: Event 337533350, Lines 2
Match: Event 337533696, Lines 2
Match: Event 337534586, Lines 3
Match: Event 337535580, Lines 2
Match: Event 337535837, Lines 2
Match: Event 337536778, Lines 2
Match: Event 337537070, Lines 2
Match: Event 337537675, Lines 2
Match: Event 337537792, Lines 2
Match: Event 337537863, Lines 2
Match: Event 337538047, Lines 2
[54%] 	 16,890/31,277 	 07:16:05
Match: Event 337538572, Lines 2
Match: Event 337541164, Lines 2
Match: Event 337541493, Lines 2
Match: Event 337542074, Lines 2
Match: Event 337542694, Lines 2
Match: Event 337543393, Lines 2
Match: Event 337544801, Lines 2
Match: Event 337545434, Lines 2
Match: Event 337546481, Lines 2
Match: Event 337546485, Lines 2
Match: Event 337547097, Lines 2
Match: Event 337547279, Lines 2
Match: Event 337547635, Lines 2
[55%] 	 17,203/31,277 	 07:24:59
Match: Event 337549639, Lines 2
Match: Event 337550559, Lines 2
Match: Event 337551288, Lines 2
Match: Event 337552753, Lines 2
Match: Event 337553357, Lines 2
Match: Event 337553882, Lines 2
Match: Event 337556221, Lines 2
Match: Event 337556288, Lines 3
Match: Event 337556757, Lines 2
Match: Event 337556953, Lines 2
Match: Event 337558063, Lines 2
Match: Event 337558241, Lines 3
[56%] 	 17,516/31,277 	 07:32:45
Match: Event 337559752, Lines 2
Match: Event 337559964, Lines 2
Match: Event 337560935, Lines 2
Match: Event 337561777, Lines 2
Match: Event 337561820, Lines 2
Match: Event 337563010, Lines 2
Match: Event 337563150, Lines 2
Match: Event 337563677, Lines 2
Match: Event 337563716, Lines 2
Match: Event 337564076, Lines 2
Match: Event 337568347, Lines 2
Match: Event 337569285, Lines 2
Match: Event 337569553, Lines 2
Match: Event 337569614, Lines 2
[57%] 	 17,828/31,277 	 07:41:18
Match: Event 337570126, Lines 2
Match: Event 337571453, Lines 2
Match: Event 337571567, Lines 2
Match: Event 337574316, Lines 2
Match: Event 337574770, Lines 2
Match: Event 337575648, Lines 2
Match: Event 337576236, Lines 2
Match: Event 337576670, Lines 2
Match: Event 337577940, Lines 2
Match: Event 337579305, Lines 2
Match: Event 337579346, Lines 2
Match: Event 337579390, Lines 2
[58%] 	 18,141/31,277 	 07:52:58
Match: Event 337580040, Lines 2
Match: Event 337581248, Lines 2
Match: Event 337583420, Lines 2
Match: Event 337583504, Lines 3
Match: Event 337584088, Lines 2
Match: Event 337584316, Lines 2
Match: Event 337584791, Lines 2
Match: Event 337585723, Lines 2
Match: Event 337585917, Lines 2
Match: Event 337586474, Lines 2
Match: Event 337586832, Lines 2
Match: Event 337588384, Lines 2
Match: Event 337589019, Lines 2
[59%] 	 18,454/31,277 	 08:03:14
Match: Event 337589244, Lines 2
Match: Event 337589381, Lines 2
Match: Event 337590872, Lines 2
Match: Event 337591451, Lines 2
Match: Event 337591570, Lines 2
Match: Event 337594155, Lines 2
Match: Event 337594579, Lines 2
Match: Event 337594840, Lines 2
Match: Event 337595767, Lines 2
[60%] 	 18,767/31,277 	 08:11:20
Match: Event 337599710, Lines 2
Match: Event 337600476, Lines 2
Match: Event 337601210, Lines 2
Match: Event 337601518, Lines 2
Match: Event 337601674, Lines 2
Match: Event 337601697, Lines 2
Match: Event 337604813, Lines 2
Match: Event 337605330, Lines 2
Match: Event 337605820, Lines 2
Match: Event 337607636, Lines 3
Match: Event 337608062, Lines 2
Match: Event 337608340, Lines 2
Match: Event 337609327, Lines 3
Match: Event 337609352, Lines 2
Match: Event 337609426, Lines 2
Match: Event 337609727, Lines 2
Match: Event 337609971, Lines 2
[61%] 	 19,079/31,277 	 08:19:40
Match: Event 337611118, Lines 2
Match: Event 337611337, Lines 2
Match: Event 337612482, Lines 2
Match: Event 337612731, Lines 2
Match: Event 337613447, Lines 2
Match: Event 337613877, Lines 2
Match: Event 337615552, Lines 2
Match: Event 337616149, Lines 2
Match: Event 337616660, Lines 2
Match: Event 337616709, Lines 2
Match: Event 337618965, Lines 2
[62%] 	 19,392/31,277 	 08:28:17
Match: Event 337620264, Lines 2
Match: Event 337620306, Lines 2
Match: Event 337621085, Lines 2
Match: Event 337621167, Lines 2
Match: Event 337621312, Lines 2
Match: Event 337621469, Lines 2
Match: Event 337621588, Lines 2
Match: Event 337623659, Lines 2
Match: Event 337624160, Lines 2
Match: Event 337624311, Lines 2
Match: Event 337624932, Lines 2
Match: Event 337625523, Lines 2
Match: Event 337625992, Lines 2
Match: Event 337626200, Lines 2
Match: Event 337626963, Lines 2
Match: Event 337627470, Lines 2
Match: Event 337627937, Lines 2
Match: Event 337629032, Lines 2
Match: Event 337630093, Lines 2
Match: Event 337630135, Lines 2
Match: Event 337630320, Lines 3
[63%] 	 19,705/31,277 	 08:36:53
Match: Event 337630911, Lines 2
Match: Event 337631025, Lines 2
Match: Event 337632407, Lines 2
Match: Event 337633257, Lines 2
Match: Event 337633301, Lines 2
Match: Event 337633887, Lines 2
Match: Event 337634945, Lines 2
Match: Event 337635066, Lines 2
Match: Event 337635693, Lines 2
Match: Event 337637083, Lines 2
Match: Event 337638046, Lines 2
Match: Event 337638696, Lines 2
Match: Event 337638797, Lines 2
Match: Event 337640721, Lines 2
[64%] 	 20,018/31,277 	 08:45:07
Match: Event 337641804, Lines 2
Match: Event 337644351, Lines 3
Match: Event 337644394, Lines 3
Match: Event 337645083, Lines 2
Match: Event 337645111, Lines 2
Match: Event 337645371, Lines 2
Match: Event 337646594, Lines 2
Match: Event 337646726, Lines 2
Match: Event 337647000, Lines 2
Match: Event 337648801, Lines 3
Match: Event 337650813, Lines 2
Match: Event 337651448, Lines 2
Match: Event 337651992, Lines 2
[65%] 	 20,331/31,277 	 08:52:35
Match: Event 337653807, Lines 2
Match: Event 337654609, Lines 2
Match: Event 337655038, Lines 2
Match: Event 337656192, Lines 2
Match: Event 337659244, Lines 2
Match: Event 337660922, Lines 2
Match: Event 337661386, Lines 2
Match: Event 337661640, Lines 2
Match: Event 337661875, Lines 2
[66%] 	 20,643/31,277 	 08:59:46
Match: Event 337665773, Lines 2
Match: Event 337665827, Lines 2
Match: Event 337665895, Lines 2
Match: Event 337665903, Lines 3
Match: Event 337669028, Lines 2
Match: Event 337670425, Lines 2
Match: Event 337670622, Lines 2
Match: Event 337670788, Lines 2
Match: Event 337671429, Lines 2
Match: Event 337671553, Lines 2
Match: Event 337672569, Lines 2
[67%] 	 20,956/31,277 	 09:07:10
Match: Event 337674607, Lines 2
Match: Event 337674890, Lines 2
Match: Event 337675166, Lines 2
Match: Event 337675738, Lines 3
Match: Event 337676065, Lines 2
Match: Event 337679353, Lines 2
Match: Event 337679429, Lines 2
Match: Event 337679687, Lines 2
Match: Event 337679948, Lines 2
Match: Event 337681288, Lines 2
Match: Event 337682275, Lines 2
[68%] 	 21,269/31,277 	 09:14:35
Match: Event 337682630, Lines 2
Match: Event 337683957, Lines 2
Match: Event 337684336, Lines 2
Match: Event 337685154, Lines 2
Match: Event 337686734, Lines 2
Match: Event 337686854, Lines 2
Match: Event 337687208, Lines 2
Match: Event 337688899, Lines 2
Match: Event 337689682, Lines 2
Match: Event 337689893, Lines 3
Match: Event 337690736, Lines 2
[69%] 	 21,582/31,277 	 09:21:56
Match: Event 337691733, Lines 3
Match: Event 337692128, Lines 2
Match: Event 337694017, Lines 2
Match: Event 337694203, Lines 2
Match: Event 337694220, Lines 2
Match: Event 337694638, Lines 3
Match: Event 337695520, Lines 2
Match: Event 337695913, Lines 2
Match: Event 337696294, Lines 2
Match: Event 337697052, Lines 2
Match: Event 337697272, Lines 2
Match: Event 337697886, Lines 2
Match: Event 337698588, Lines 3
Match: Event 337700357, Lines 2
Match: Event 337700632, Lines 2
[70%] 	 21,894/31,277 	 09:29:22
Match: Event 337700971, Lines 2
Match: Event 337701211, Lines 2
Match: Event 337701846, Lines 2
Match: Event 337702926, Lines 2
Match: Event 337705325, Lines 2
Match: Event 337705880, Lines 2
Match: Event 337705883, Lines 2
Match: Event 337706139, Lines 2
Match: Event 337706381, Lines 2
Match: Event 337706818, Lines 2
Match: Event 337707262, Lines 2
Match: Event 337708253, Lines 2
Match: Event 337708493, Lines 2
Match: Event 337708842, Lines 2
Match: Event 337710110, Lines 2
Match: Event 337710375, Lines 2
Match: Event 337710439, Lines 2
[71%] 	 22,207/31,277 	 09:36:55
Match: Event 337711825, Lines 2
Match: Event 337712418, Lines 2
Match: Event 337712587, Lines 2
Match: Event 337713001, Lines 2
Match: Event 337714162, Lines 2
Match: Event 337714789, Lines 2
Match: Event 337715337, Lines 2
Match: Event 337716515, Lines 2
Match: Event 337718908, Lines 2
Match: Event 337719591, Lines 2
Match: Event 337720035, Lines 2
[72%] 	 22,520/31,277 	 09:44:31
Match: Event 337722855, Lines 2
Match: Event 337724394, Lines 2
Match: Event 337724547, Lines 2
Match: Event 337725303, Lines 2
Match: Event 337726907, Lines 2
Match: Event 337729129, Lines 2
Match: Event 337729289, Lines 2
Match: Event 337729812, Lines 2
Match: Event 337729895, Lines 2
Match: Event 337730908, Lines 2
Match: Event 337731041, Lines 2
[73%] 	 22,833/31,277 	 09:51:48
Match: Event 337731430, Lines 2
Match: Event 337733043, Lines 2
Match: Event 337734099, Lines 2
Match: Event 337734382, Lines 2
Match: Event 337736062, Lines 2
Match: Event 337737717, Lines 2
Match: Event 337738261, Lines 2
Match: Event 337738682, Lines 2
Match: Event 337740569, Lines 2
Match: Event 337740842, Lines 2
Match: Event 337741269, Lines 2
Match: Event 337741934, Lines 3
Match: Event 337742105, Lines 2
[74%] 	 23,145/31,277 	 09:59:29
Match: Event 337743188, Lines 2
Match: Event 337743865, Lines 2
Match: Event 337744067, Lines 2
Match: Event 337746353, Lines 2
Match: Event 337747211, Lines 2
Match: Event 337747533, Lines 2
Match: Event 337748068, Lines 2
Match: Event 337748537, Lines 2
Match: Event 337749111, Lines 2
Match: Event 337750396, Lines 2
Match: Event 337750522, Lines 2
Match: Event 337750631, Lines 2
Match: Event 337750874, Lines 2
Match: Event 337751269, Lines 2
[75%] 	 23,458/31,277 	 10:08:11
Match: Event 337752281, Lines 2
Match: Event 337752740, Lines 2
Match: Event 337753428, Lines 2
Match: Event 337753460, Lines 2
Match: Event 337754659, Lines 2
Match: Event 337755936, Lines 2
Match: Event 337757952, Lines 3
Match: Event 337757998, Lines 2
Match: Event 337759594, Lines 2
Match: Event 337759750, Lines 2
Match: Event 337760999, Lines 2
[76%] 	 23,771/31,277 	 10:15:36
Match: Event 337761533, Lines 2
Match: Event 337761709, Lines 2
Match: Event 337762711, Lines 2
Match: Event 337763567, Lines 3
Match: Event 337764200, Lines 2
Match: Event 337764379, Lines 2
Match: Event 337764821, Lines 3
Match: Event 337766603, Lines 2
Match: Event 337766935, Lines 2
Match: Event 337767658, Lines 2
Match: Event 337767861, Lines 2
Match: Event 337768705, Lines 2
Match: Event 337768961, Lines 2
Match: Event 337769445, Lines 2
Match: Event 337769660, Lines 2
Match: Event 337769684, Lines 3
Match: Event 337770368, Lines 2
Match: Event 337770899, Lines 2
[77%] 	 24,084/31,277 	 10:23:31
Match: Event 337772102, Lines 2
Match: Event 337772688, Lines 3
Match: Event 337772772, Lines 2
Match: Event 337773243, Lines 2
Match: Event 337774888, Lines 3
Match: Event 337775064, Lines 2
Match: Event 337776569, Lines 2
Match: Event 337776711, Lines 2
Match: Event 337777114, Lines 2
Match: Event 337777160, Lines 3
Match: Event 337777943, Lines 2
Match: Event 337780715, Lines 2
[78%] 	 24,397/31,277 	 10:31:26
Match: Event 337781738, Lines 2
Match: Event 337782527, Lines 2
Match: Event 337782531, Lines 2
Match: Event 337782640, Lines 2
Match: Event 337784967, Lines 2
Match: Event 337785070, Lines 2
Match: Event 337785861, Lines 2
Match: Event 337786107, Lines 2
Match: Event 337786137, Lines 2
Match: Event 337786357, Lines 2
Match: Event 337786380, Lines 2
Match: Event 337786792, Lines 2
Match: Event 337787221, Lines 2
Match: Event 337787794, Lines 2
[79%] 	 24,709/31,277 	 10:39:19
Match: Event 337791441, Lines 2
Match: Event 337793017, Lines 2
Match: Event 337793170, Lines 2
Match: Event 337795327, Lines 2
Match: Event 337795873, Lines 2
Match: Event 337795977, Lines 2
Match: Event 337796547, Lines 2
Match: Event 337797641, Lines 2
Match: Event 337798380, Lines 2
Match: Event 337798819, Lines 2
Match: Event 337799050, Lines 2
Match: Event 337799118, Lines 2
Match: Event 337799511, Lines 2
[80%] 	 25,022/31,277 	 10:47:04
Match: Event 337800432, Lines 2
Match: Event 337801127, Lines 2
Match: Event 337803281, Lines 2
Match: Event 337805093, Lines 2
Match: Event 337805676, Lines 2
Match: Event 337805897, Lines 2
Match: Event 337806798, Lines 3
Match: Event 337807717, Lines 2
Match: Event 337808268, Lines 2
Match: Event 337809527, Lines 2
Match: Event 337809930, Lines 2
[81%] 	 25,335/31,277 	 10:54:30
Match: Event 337811065, Lines 2
Match: Event 337811495, Lines 2
Match: Event 337811989, Lines 2
Match: Event 337812793, Lines 2
Match: Event 337813352, Lines 2
Match: Event 337814830, Lines 2
Match: Event 337814954, Lines 2
Match: Event 337815963, Lines 2
Match: Event 337818037, Lines 2
Match: Event 337818537, Lines 2
Match: Event 337818862, Lines 2
Match: Event 337819389, Lines 2
Match: Event 337819746, Lines 2
[82%] 	 25,648/31,277 	 11:03:05
Match: Event 337821134, Lines 2
Match: Event 337821311, Lines 2
Match: Event 337821757, Lines 2
Match: Event 337822103, Lines 2
Match: Event 337823319, Lines 2
Match: Event 337823463, Lines 2
Match: Event 337824602, Lines 2
Match: Event 337824995, Lines 2
Match: Event 337826181, Lines 2
Match: Event 337827695, Lines 2
Match: Event 337827820, Lines 2
Match: Event 337828806, Lines 2
Match: Event 337829901, Lines 2
[83%] 	 25,960/31,277 	 11:13:14
Match: Event 337831750, Lines 2
Match: Event 337832918, Lines 2
Match: Event 337834970, Lines 2
Match: Event 337835266, Lines 2
Match: Event 337836139, Lines 3
Match: Event 337836287, Lines 2
Match: Event 337836921, Lines 2
Match: Event 337836973, Lines 2
Match: Event 337837543, Lines 2
Match: Event 337837594, Lines 2
Match: Event 337837864, Lines 2
Match: Event 337838257, Lines 2
[84%] 	 26,273/31,277 	 11:21:13
Match: Event 337840607, Lines 2
Match: Event 337840827, Lines 2
Match: Event 337840837, Lines 2
Match: Event 337841220, Lines 2
Match: Event 337841717, Lines 2
Match: Event 337841791, Lines 2
Match: Event 337842350, Lines 2
Match: Event 337842818, Lines 2
Match: Event 337843507, Lines 2
Match: Event 337844668, Lines 2
Match: Event 337844923, Lines 2
Match: Event 337845020, Lines 2
Match: Event 337845807, Lines 2
Match: Event 337846770, Lines 3
Match: Event 337847061, Lines 2
Match: Event 337847446, Lines 2
Match: Event 337848203, Lines 2
Match: Event 337848307, Lines 2
Match: Event 337848571, Lines 2
Match: Event 337848979, Lines 2
Match: Event 337849079, Lines 2
[85%] 	 26,586/31,277 	 11:29:15
Match: Event 337849686, Lines 2
Match: Event 337850483, Lines 2
Match: Event 337850992, Lines 2
Match: Event 337851759, Lines 2
Match: Event 337852286, Lines 2
Match: Event 337855114, Lines 2
Match: Event 337855852, Lines 2
Match: Event 337855983, Lines 2
Match: Event 337856966, Lines 2
Match: Event 337857136, Lines 2
[86%] 	 26,899/31,277 	 11:37:48
Match: Event 337860895, Lines 2
Match: Event 337861160, Lines 2
Match: Event 337861248, Lines 2
Match: Event 337870291, Lines 2
Match: Event 337870571, Lines 2
[87%] 	 27,211/31,277 	 11:45:27
Match: Event 337873159, Lines 2
Match: Event 337873427, Lines 2
Match: Event 337874079, Lines 2
Match: Event 337874257, Lines 2
Match: Event 337876805, Lines 2
Match: Event 337878605, Lines 2
Match: Event 337879021, Lines 2
Match: Event 337879041, Lines 2
Match: Event 337879255, Lines 2
Match: Event 337880193, Lines 2
Match: Event 337881038, Lines 2
[88%] 	 27,524/31,277 	 11:53:18
Match: Event 337881571, Lines 2
Match: Event 337883450, Lines 2
Match: Event 337883869, Lines 2
Match: Event 337884297, Lines 2
Match: Event 337885952, Lines 2
Match: Event 337886697, Lines 2
Match: Event 337887339, Lines 2
Match: Event 337888372, Lines 2
Match: Event 337888492, Lines 3
Match: Event 337888638, Lines 2
Match: Event 337888923, Lines 2
Match: Event 337889635, Lines 2
Match: Event 337890130, Lines 2
[89%] 	 27,837/31,277 	 12:01:27
Match: Event 337891939, Lines 2
Match: Event 337891953, Lines 2
Match: Event 337892051, Lines 2
Match: Event 337893715, Lines 2
Match: Event 337893725, Lines 2
Match: Event 337894790, Lines 2
Match: Event 337894823, Lines 2
Match: Event 337895137, Lines 2
Match: Event 337895492, Lines 2
Match: Event 337896092, Lines 2
Match: Event 337897603, Lines 2
Match: Event 337899031, Lines 2
Match: Event 337899248, Lines 2
Match: Event 337900782, Lines 2
Match: Event 337900914, Lines 2
Match: Event 337901613, Lines 2
[90%] 	 28,150/31,277 	 12:09:47
Match: Event 337907058, Lines 2
Match: Event 337909074, Lines 2
Match: Event 337909383, Lines 2
Match: Event 337909617, Lines 2
Match: Event 337909734, Lines 2
Match: Event 337910132, Lines 2
Match: Event 337910829, Lines 2
[91%] 	 28,463/31,277 	 12:17:12
Match: Event 337912848, Lines 2
Match: Event 337913126, Lines 2
Match: Event 337915120, Lines 2
Match: Event 337915566, Lines 2
Match: Event 337915624, Lines 2
Match: Event 337915791, Lines 2
Match: Event 337915960, Lines 2
Match: Event 337916408, Lines 2
Match: Event 337918345, Lines 2
Match: Event 337919240, Lines 2
Match: Event 337919268, Lines 2
Match: Event 337919644, Lines 2
Match: Event 337919911, Lines 2
Match: Event 337920389, Lines 2
Match: Event 337921171, Lines 3
[92%] 	 28,775/31,277 	 12:25:13
Match: Event 337922006, Lines 2
Match: Event 337922208, Lines 3
Match: Event 337923721, Lines 2
Match: Event 337923909, Lines 2
Match: Event 337924476, Lines 2
Match: Event 337925766, Lines 2
Match: Event 337926035, Lines 2
Match: Event 337926093, Lines 3
Match: Event 337926600, Lines 2
Match: Event 337926695, Lines 2
Match: Event 337926835, Lines 2
Match: Event 337927542, Lines 2
Match: Event 337927675, Lines 2
Match: Event 337928340, Lines 2
Match: Event 337929075, Lines 2
Match: Event 337929486, Lines 2
Match: Event 337929903, Lines 2
[93%] 	 29,088/31,277 	 12:33:10
Match: Event 337931095, Lines 2
Match: Event 337931645, Lines 2
Match: Event 337931697, Lines 2
Match: Event 337931970, Lines 2
Match: Event 337932050, Lines 2
Match: Event 337932798, Lines 2
Match: Event 337932942, Lines 2
Match: Event 337933404, Lines 2
Match: Event 337933431, Lines 2
Match: Event 337933842, Lines 3
Match: Event 337933891, Lines 2
Match: Event 337934282, Lines 2
Match: Event 337935496, Lines 2
Match: Event 337935798, Lines 2
Match: Event 337938479, Lines 2
Match: Event 337938485, Lines 2
Match: Event 337938723, Lines 2
Match: Event 337939422, Lines 2
Match: Event 337939599, Lines 2
Match: Event 337939695, Lines 2
[94%] 	 29,401/31,277 	 12:41:31
Match: Event 337941858, Lines 2
Match: Event 337941931, Lines 2
Match: Event 337942585, Lines 2
Match: Event 337943180, Lines 2
Match: Event 337944765, Lines 2
Match: Event 337945676, Lines 2
Match: Event 337945846, Lines 2
Match: Event 337946699, Lines 2
Match: Event 337947998, Lines 2
Match: Event 337949590, Lines 2
Match: Event 337950416, Lines 2
[95%] 	 29,714/31,277 	 12:49:32
Match: Event 337951723, Lines 2
Match: Event 337952199, Lines 2
Match: Event 337953337, Lines 2
Match: Event 337954167, Lines 2
Match: Event 337954284, Lines 2
Match: Event 337954437, Lines 2
Match: Event 337954509, Lines 3
Match: Event 337954686, Lines 2
Match: Event 337954804, Lines 2
Match: Event 337955325, Lines 2
Match: Event 337955463, Lines 2
Match: Event 337955707, Lines 2
Match: Event 337956404, Lines 2
Match: Event 337956867, Lines 2
Match: Event 337957482, Lines 2
Match: Event 337959100, Lines 2
[96%] 	 30,026/31,277 	 12:58:58
Match: Event 337960266, Lines 3
Match: Event 337960939, Lines 2
Match: Event 337961922, Lines 2
Match: Event 337962564, Lines 2
Match: Event 337963751, Lines 2
Match: Event 337964096, Lines 2
Match: Event 337965197, Lines 2
Match: Event 337965857, Lines 2
Match: Event 337966297, Lines 2
Match: Event 337966490, Lines 2
Match: Event 337967352, Lines 2
Match: Event 337968090, Lines 2
Match: Event 337968179, Lines 2
[97%] 	 30,339/31,277 	 13:07:23
Match: Event 337969560, Lines 2
Match: Event 337970247, Lines 2
Match: Event 337970458, Lines 2
Match: Event 337971145, Lines 2
Match: Event 337971914, Lines 2
Match: Event 337972519, Lines 2
Match: Event 337972920, Lines 2
Match: Event 337973947, Lines 2
Match: Event 337974069, Lines 2
Match: Event 337974231, Lines 2
Match: Event 337976560, Lines 2
Match: Event 337976855, Lines 2
Match: Event 337977101, Lines 3
Match: Event 337979515, Lines 2
[98%] 	 30,652/31,277 	 13:15:36
Match: Event 337980122, Lines 2
Match: Event 337980967, Lines 2
Match: Event 337981649, Lines 2
Match: Event 337982549, Lines 2
Match: Event 337982954, Lines 2
Match: Event 337983560, Lines 2
Match: Event 337984433, Lines 2
Match: Event 337985895, Lines 2
Match: Event 337986091, Lines 2
Match: Event 337986140, Lines 2
Match: Event 337986512, Lines 2
Match: Event 337987977, Lines 2
Match: Event 337989007, Lines 2
Match: Event 337989761, Lines 2
Match: Event 337990032, Lines 2
[99%] 	 30,965/31,277 	 13:23:48
Match: Event 337992161, Lines 2
Match: Event 337994468, Lines 2
Match: Event 337994527, Lines 2
Match: Event 337994656, Lines 2
Match: Event 337994761, Lines 2
Match: Event 337994910, Lines 2
Match: Event 337996318, Lines 2
Match: Event 337996525, Lines 2
Match: Event 337996921, Lines 2
Match: Event 337997806, Lines 2
Match: Event 337997931, Lines 2
Match: Event 337998975, Lines 2
Match: Event 337999422, Lines 2
Match: Event 337999684, Lines 2
Finished in 48709.56s.
 ~ 5) DONE !
