search libraries in slc9_x86-64
 ~ 1) Base stack loaded.
 ~ Sleeping for 52 seconds to avoid AFS DDOS...
 ~ 2) Loading sndsw environment...
 ~ 3) SNDSW_ROOT is set to: /afs/cern.ch/user/i/idioniso/snd_master/sw-root6.28/rhel9_x86-64/sndsw/master-local1
 ~ 4) Executing tracking script...
[INFO] The input consists out of the following trees and files: 
[INFO]  - rawConv
[INFO]     - root://eoshome-i.cern.ch//eos/user/i/idioniso/tridents/initial_cuts/tridents_sndsw_raw-0067.root
[INFO] FairRootFileSink initialized.
[INFO]  - cbmout
[INFO]     - dummy
[INFO] Parameter and input file are available, Assure that basic info is there for the run!
[INFO] ---FairRootManager::SpecifyRunId --- 
[INFO] --- Initialize with RunId  --- 0

************************************************************* 
     initialisation for run id 0
************************************************************* 
-I- FairRunTimeDB::InitContainer() FairBaseParSet
-I- FairRunTimeDB::InitContainer() FairGeoParSet

************************************************************* 
     initialisation for run id 0
************************************************************* 
-I- FairRunTimeDB::InitContainer() FairBaseParSet
-I- FairRunTimeDB::InitContainer() FairGeoParSet
[INFO]  Branch: Reco_MuonTracks not found in Tree.
using geofile: root://eospublic.cern.ch//eos/experiment/sndlhc/convertedData/physics/2023/geofile_sndlhc_TI18_V3_2023.root
[0%] 	 0/31,984 	 00:00:30
[1%] 	 320/31,984 	 00:09:13
[2%] 	 640/31,984 	 00:17:10
[3%] 	 960/31,984 	 00:25:30
[4%] 	 1,280/31,984 	 00:33:57
[5%] 	 1,600/31,984 	 00:41:51
[6%] 	 1,920/31,984 	 00:49:55
Match: Event 67065762, Lines 2
[7%] 	 2,239/31,984 	 00:58:35
Match: Event 67076558, Lines 2
[8%] 	 2,559/31,984 	 01:06:51
Match: Event 67086353, Lines 2
Match: Event 67088264, Lines 2
[9%] 	 2,879/31,984 	 01:15:45
[10%] 	 3,199/31,984 	 01:25:39
[11%] 	 3,519/31,984 	 01:34:58
[12%] 	 3,839/31,984 	 01:43:30
[13%] 	 4,158/31,984 	 01:51:45
[14%] 	 4,478/31,984 	 01:59:12
[15%] 	 4,798/31,984 	 02:07:09
Match: Event 67153671, Lines 2
Match: Event 67156746, Lines 2
[16%] 	 5,118/31,984 	 02:14:28
Match: Event 67163333, Lines 2
Match: Event 67164118, Lines 2
[17%] 	 5,438/31,984 	 02:22:22
[18%] 	 5,758/31,984 	 02:30:02
Match: Event 67183784, Lines 2
[19%] 	 6,077/31,984 	 02:37:31
[20%] 	 6,397/31,984 	 02:45:28
[21%] 	 6,717/31,984 	 02:53:14
Match: Event 67214075, Lines 2
[22%] 	 7,037/31,984 	 03:01:17
[23%] 	 7,357/31,984 	 03:09:12
[24%] 	 7,677/31,984 	 03:17:29
[25%] 	 7,996/31,984 	 03:25:40
Match: Event 67260206, Lines 2
[26%] 	 8,316/31,984 	 03:34:06
Match: Event 67269265, Lines 2
[27%] 	 8,636/31,984 	 03:42:58
Match: Event 67278908, Lines 2
[28%] 	 8,956/31,984 	 03:51:52
Match: Event 67285080, Lines 2
[29%] 	 9,276/31,984 	 04:00:59
[30%] 	 9,596/31,984 	 04:09:44
[31%] 	 9,916/31,984 	 04:19:00
[32%] 	 10,235/31,984 	 04:27:10
[33%] 	 10,555/31,984 	 04:35:48
[34%] 	 10,875/31,984 	 04:43:42
[35%] 	 11,195/31,984 	 04:52:06
[36%] 	 11,515/31,984 	 05:00:28
[37%] 	 11,835/31,984 	 05:08:57
Match: Event 67379401, Lines 2
[38%] 	 12,154/31,984 	 05:16:56
[39%] 	 12,474/31,984 	 05:24:35
[40%] 	 12,794/31,984 	 05:32:31
[41%] 	 13,114/31,984 	 05:39:56
[42%] 	 13,434/31,984 	 05:47:57
[43%] 	 13,754/31,984 	 05:56:27
[44%] 	 14,073/31,984 	 06:03:52
Match: Event 67446717, Lines 2
[45%] 	 14,393/31,984 	 06:11:35
[46%] 	 14,713/31,984 	 06:20:28
Match: Event 67467602, Lines 2
[47%] 	 15,033/31,984 	 06:29:55
[48%] 	 15,353/31,984 	 06:38:52
[49%] 	 15,673/31,984 	 06:46:17
[50%] 	 15,992/31,984 	 06:52:43
Match: Event 67501885, Lines 2
[51%] 	 16,312/31,984 	 06:59:22
[52%] 	 16,632/31,984 	 07:07:26
[53%] 	 16,952/31,984 	 07:14:29
[54%] 	 17,272/31,984 	 07:20:56
[55%] 	 17,592/31,984 	 07:27:52
[56%] 	 17,912/31,984 	 07:34:50
[57%] 	 18,231/31,984 	 07:41:17
[58%] 	 18,551/31,984 	 07:47:48
[59%] 	 18,871/31,984 	 07:54:22
[60%] 	 19,191/31,984 	 08:00:53
[61%] 	 19,511/31,984 	 08:07:24
[62%] 	 19,831/31,984 	 08:14:02
[63%] 	 20,150/31,984 	 08:20:30
Match: Event 67633083, Lines 2
[64%] 	 20,470/31,984 	 08:27:13
[65%] 	 20,790/31,984 	 08:33:34
[66%] 	 21,110/31,984 	 08:39:47
[67%] 	 21,430/31,984 	 08:46:05
[68%] 	 21,750/31,984 	 08:52:57
[69%] 	 22,069/31,984 	 08:59:37
Match: Event 67690983, Lines 2
Match: Event 67693979, Lines 2
[70%] 	 22,389/31,984 	 09:06:16
Match: Event 67702376, Lines 2
Match: Event 67704857, Lines 2
[71%] 	 22,709/31,984 	 09:13:51
[72%] 	 23,029/31,984 	 09:21:02
[73%] 	 23,349/31,984 	 09:28:52
Match: Event 67731511, Lines 3
[74%] 	 23,669/31,984 	 09:35:30
[75%] 	 23,988/31,984 	 09:42:22
[76%] 	 24,308/31,984 	 09:49:11
[77%] 	 24,628/31,984 	 09:55:59
Match: Event 67772904, Lines 2
Match: Event 67776363, Lines 2
[78%] 	 24,948/31,984 	 10:03:06
Match: Event 67784479, Lines 2
[79%] 	 25,268/31,984 	 10:09:27
Match: Event 67794670, Lines 2
[80%] 	 25,588/31,984 	 10:15:38
[81%] 	 25,908/31,984 	 10:21:59
[82%] 	 26,227/31,984 	 10:28:34
[83%] 	 26,547/31,984 	 10:35:12
[84%] 	 26,867/31,984 	 10:41:24
[85%] 	 27,187/31,984 	 10:48:13
[86%] 	 27,507/31,984 	 10:54:46
[87%] 	 27,827/31,984 	 11:02:06
[88%] 	 28,146/31,984 	 11:08:55
Match: Event 67883566, Lines 2
Match: Event 67887189, Lines 2
[89%] 	 28,466/31,984 	 11:15:14
[90%] 	 28,786/31,984 	 11:21:12
Match: Event 67901421, Lines 2
[91%] 	 29,106/31,984 	 11:27:39
Match: Event 67913252, Lines 2
[92%] 	 29,426/31,984 	 11:34:00
[93%] 	 29,746/31,984 	 11:40:30
Match: Event 67936332, Lines 2
[94%] 	 30,065/31,984 	 11:46:49
[95%] 	 30,385/31,984 	 11:53:14
Match: Event 67951324, Lines 2
[96%] 	 30,705/31,984 	 11:59:39
[97%] 	 31,025/31,984 	 12:05:49
[98%] 	 31,345/31,984 	 12:12:15
[99%] 	 31,665/31,984 	 12:18:26
Finished in 44679.07s.
 ~ 5) DONE !
