search libraries in slc9_x86-64
 ~ 1) Base stack loaded.
 ~ Sleeping for 22 seconds to avoid AFS DDOS...
 ~ 2) Loading sndsw environment...
 ~ 3) SNDSW_ROOT is set to: /afs/cern.ch/user/i/idioniso/snd_master/sw-root6.28/rhel9_x86-64/sndsw/master-local1
 ~ 4) Executing tracking script...
[INFO] The input consists out of the following trees and files: 
[INFO]  - rawConv
[INFO]     - root://eoshome-i.cern.ch//eos/user/i/idioniso/tridents/initial_cuts/tridents_sndsw_raw-0244.root
[INFO] FairRootFileSink initialized.
[INFO]  - cbmout
[INFO]     - dummy
[INFO] Parameter and input file are available, Assure that basic info is there for the run!
[INFO] ---FairRootManager::SpecifyRunId --- 
[INFO] --- Initialize with RunId  --- 0

************************************************************* 
     initialisation for run id 0
************************************************************* 
-I- FairRunTimeDB::InitContainer() FairBaseParSet
-I- FairRunTimeDB::InitContainer() FairGeoParSet

************************************************************* 
     initialisation for run id 0
************************************************************* 
-I- FairRunTimeDB::InitContainer() FairBaseParSet
-I- FairRunTimeDB::InitContainer() FairGeoParSet
[INFO]  Branch: Reco_MuonTracks not found in Tree.
using geofile: root://eospublic.cern.ch//eos/experiment/sndlhc/convertedData/physics/2023/geofile_sndlhc_TI18_V3_2023.root
[0%] 	 0/31,452 	 00:00:06
Match: Event 244000422, Lines 2
Match: Event 244000587, Lines 2
Match: Event 244000978, Lines 2
Match: Event 244003072, Lines 2
Match: Event 244003462, Lines 2
Match: Event 244004313, Lines 2
Match: Event 244005710, Lines 2
Match: Event 244008100, Lines 2
Match: Event 244008176, Lines 2
[1%] 	 315/31,452 	 00:08:12
Match: Event 244010194, Lines 2
Match: Event 244010829, Lines 2
Match: Event 244011098, Lines 2
Match: Event 244011576, Lines 2
Match: Event 244011635, Lines 2
Match: Event 244012938, Lines 2
Match: Event 244013296, Lines 2
Match: Event 244014345, Lines 2
Match: Event 244015258, Lines 2
Match: Event 244015458, Lines 2
Match: Event 244016362, Lines 2
Match: Event 244016978, Lines 2
Match: Event 244017431, Lines 2
Match: Event 244017932, Lines 2
Match: Event 244019305, Lines 2
Match: Event 244019424, Lines 2
Match: Event 244019708, Lines 2
Match: Event 244020404, Lines 2
[2%] 	 630/31,452 	 00:15:20
Match: Event 244021095, Lines 2
Match: Event 244023564, Lines 2
Match: Event 244024086, Lines 2
Match: Event 244024794, Lines 2
Match: Event 244024846, Lines 2
Match: Event 244026161, Lines 2
Match: Event 244026552, Lines 2
Match: Event 244029385, Lines 2
Match: Event 244030130, Lines 2
Match: Event 244030175, Lines 2
[3%] 	 944/31,452 	 00:22:21
Match: Event 244030459, Lines 2
Match: Event 244031088, Lines 3
Match: Event 244031328, Lines 2
Match: Event 244033162, Lines 2
Match: Event 244033391, Lines 2
Match: Event 244033542, Lines 2
Match: Event 244033874, Lines 2
Match: Event 244034420, Lines 2
Match: Event 244036549, Lines 2
Match: Event 244036919, Lines 2
Match: Event 244037168, Lines 2
Match: Event 244038215, Lines 3
Match: Event 244040116, Lines 2
[4%] 	 1,259/31,452 	 00:29:31
Match: Event 244041873, Lines 2
Match: Event 244042007, Lines 2
Match: Event 244043240, Lines 2
Match: Event 244044174, Lines 2
Match: Event 244045203, Lines 2
Match: Event 244045843, Lines 2
Match: Event 244046265, Lines 2
Match: Event 244047484, Lines 2
Match: Event 244048598, Lines 2
Match: Event 244048988, Lines 2
Match: Event 244049776, Lines 2
Match: Event 244050907, Lines 2
Match: Event 244051037, Lines 2
[5%] 	 1,573/31,452 	 00:36:51
Match: Event 244051117, Lines 2
Match: Event 244051286, Lines 2
Match: Event 244051583, Lines 3
Match: Event 244051867, Lines 2
Match: Event 244052187, Lines 2
Match: Event 244052451, Lines 2
Match: Event 244052803, Lines 2
Match: Event 244053321, Lines 2
Match: Event 244054783, Lines 2
Match: Event 244055341, Lines 2
Match: Event 244055715, Lines 2
Match: Event 244056641, Lines 2
Match: Event 244056801, Lines 2
Match: Event 244057034, Lines 2
Match: Event 244057234, Lines 2
Match: Event 244058124, Lines 2
Match: Event 244058673, Lines 3
Match: Event 244059286, Lines 2
[6%] 	 1,888/31,452 	 00:43:42
Match: Event 244061918, Lines 2
Match: Event 244062134, Lines 2
Match: Event 244063196, Lines 2
Match: Event 244063348, Lines 2
Match: Event 244064990, Lines 2
Match: Event 244065126, Lines 2
Match: Event 244066359, Lines 2
Match: Event 244066633, Lines 2
Match: Event 244067217, Lines 2
Match: Event 244067315, Lines 2
Match: Event 244067600, Lines 2
Match: Event 244067747, Lines 2
Match: Event 244068817, Lines 2
Match: Event 244068961, Lines 2
Match: Event 244069068, Lines 2
[7%] 	 2,202/31,452 	 00:50:30
Match: Event 244071528, Lines 2
Match: Event 244072710, Lines 2
Match: Event 244073124, Lines 2
Match: Event 244073296, Lines 2
Match: Event 244073859, Lines 2
Match: Event 244075090, Lines 2
Match: Event 244075332, Lines 2
Match: Event 244075409, Lines 2
Match: Event 244075474, Lines 2
Match: Event 244075522, Lines 2
Match: Event 244076821, Lines 2
Match: Event 244077399, Lines 2
Match: Event 244078561, Lines 2
Match: Event 244078720, Lines 2
Match: Event 244078891, Lines 2
Match: Event 244079144, Lines 2
[8%] 	 2,517/31,452 	 00:57:13
Match: Event 244081637, Lines 2
Match: Event 244081920, Lines 2
Match: Event 244082569, Lines 2
Match: Event 244083261, Lines 2
Match: Event 244083628, Lines 2
Match: Event 244083762, Lines 2
Match: Event 244084477, Lines 3
Match: Event 244085871, Lines 2
Match: Event 244086812, Lines 2
Match: Event 244087558, Lines 2
Match: Event 244087731, Lines 2
Match: Event 244087932, Lines 2
Match: Event 244088193, Lines 2
[9%] 	 2,831/31,452 	 01:03:41
Match: Event 244090770, Lines 2
Match: Event 244091703, Lines 2
Match: Event 244092231, Lines 2
Match: Event 244092909, Lines 2
Match: Event 244093065, Lines 2
Match: Event 244093411, Lines 2
Match: Event 244093747, Lines 2
Match: Event 244095120, Lines 2
Match: Event 244095808, Lines 2
Match: Event 244096307, Lines 2
Match: Event 244097963, Lines 2
Match: Event 244098526, Lines 2
Match: Event 244099730, Lines 2
Match: Event 244100942, Lines 2
[10%] 	 3,146/31,452 	 01:10:34
Match: Event 244101153, Lines 2
Match: Event 244102773, Lines 2
Match: Event 244102867, Lines 2
Match: Event 244103022, Lines 2
Match: Event 244104776, Lines 3
Match: Event 244105597, Lines 2
Match: Event 244106262, Lines 2
Match: Event 244106734, Lines 2
Match: Event 244107118, Lines 2
Match: Event 244108241, Lines 2
Match: Event 244108413, Lines 2
Match: Event 244108431, Lines 2
Match: Event 244110188, Lines 2
Match: Event 244110424, Lines 2
[11%] 	 3,460/31,452 	 01:17:35
Match: Event 244111016, Lines 2
Match: Event 244112639, Lines 2
Match: Event 244112772, Lines 2
Match: Event 244113680, Lines 2
Match: Event 244113913, Lines 2
Match: Event 244114333, Lines 2
Match: Event 244114533, Lines 2
Match: Event 244114772, Lines 3
Match: Event 244115065, Lines 2
Match: Event 244115746, Lines 2
Match: Event 244116128, Lines 2
Match: Event 244116502, Lines 2
Match: Event 244116561, Lines 2
Match: Event 244117314, Lines 2
Match: Event 244117356, Lines 2
Match: Event 244117495, Lines 2
Match: Event 244117507, Lines 3
Match: Event 244118176, Lines 2
Match: Event 244118434, Lines 2
Match: Event 244118550, Lines 2
Match: Event 244119808, Lines 2
Match: Event 244119866, Lines 2
Match: Event 244120617, Lines 2
Match: Event 244120797, Lines 2
Match: Event 244120811, Lines 2
[12%] 	 3,775/31,452 	 01:24:57
Match: Event 244121142, Lines 2
Match: Event 244121926, Lines 2
Match: Event 244122808, Lines 2
Match: Event 244123565, Lines 2
Match: Event 244123953, Lines 3
Match: Event 244124141, Lines 2
Match: Event 244124177, Lines 2
Match: Event 244124781, Lines 2
Match: Event 244125549, Lines 2
Match: Event 244126268, Lines 2
Match: Event 244129074, Lines 2
Match: Event 244129917, Lines 2
[13%] 	 4,089/31,452 	 01:31:53
Match: Event 244131246, Lines 2
Match: Event 244132126, Lines 2
Match: Event 244133330, Lines 2
Match: Event 244134902, Lines 2
Match: Event 244135722, Lines 2
Match: Event 244136465, Lines 2
Match: Event 244137172, Lines 2
Match: Event 244137648, Lines 2
Match: Event 244138608, Lines 2
Match: Event 244139320, Lines 2
Match: Event 244139462, Lines 2
[14%] 	 4,404/31,452 	 01:39:08
Match: Event 244139824, Lines 2
Match: Event 244140300, Lines 2
Match: Event 244140471, Lines 2
Match: Event 244141059, Lines 2
Match: Event 244142337, Lines 2
Match: Event 244143151, Lines 2
Match: Event 244144857, Lines 2
Match: Event 244145203, Lines 2
Match: Event 244148237, Lines 2
Match: Event 244148273, Lines 2
[15%] 	 4,718/31,452 	 01:46:18
Match: Event 244150488, Lines 2
Match: Event 244150503, Lines 2
Match: Event 244151217, Lines 2
Match: Event 244151298, Lines 2
Match: Event 244151522, Lines 2
Match: Event 244151536, Lines 2
Match: Event 244152335, Lines 2
Match: Event 244153300, Lines 2
Match: Event 244154184, Lines 2
Match: Event 244155137, Lines 2
Match: Event 244155268, Lines 2
Match: Event 244156550, Lines 2
Match: Event 244157465, Lines 2
Match: Event 244157559, Lines 2
Match: Event 244157611, Lines 2
Match: Event 244158256, Lines 2
[16%] 	 5,033/31,452 	 01:53:51
Match: Event 244160123, Lines 2
Match: Event 244160541, Lines 2
Match: Event 244161339, Lines 2
Match: Event 244162729, Lines 2
Match: Event 244163202, Lines 2
Match: Event 244163555, Lines 2
Match: Event 244164878, Lines 2
Match: Event 244165585, Lines 2
Match: Event 244165798, Lines 2
Match: Event 244166138, Lines 2
Match: Event 244166420, Lines 2
Match: Event 244167114, Lines 2
Match: Event 244168979, Lines 2
Match: Event 244169490, Lines 2
[17%] 	 5,347/31,452 	 02:00:51
Match: Event 244170521, Lines 2
Match: Event 244174177, Lines 2
Match: Event 244174946, Lines 2
Match: Event 244175363, Lines 2
Match: Event 244175499, Lines 2
Match: Event 244175590, Lines 2
Match: Event 244176546, Lines 2
Match: Event 244177463, Lines 2
Match: Event 244177781, Lines 2
Match: Event 244177973, Lines 2
Match: Event 244178256, Lines 2
Match: Event 244178736, Lines 2
Match: Event 244179297, Lines 2
Match: Event 244179602, Lines 2
Match: Event 244179862, Lines 2
Match: Event 244179868, Lines 2
Match: Event 244179927, Lines 2
Match: Event 244179958, Lines 2
Match: Event 244180030, Lines 2
[18%] 	 5,662/31,452 	 02:08:03
Match: Event 244182153, Lines 2
Match: Event 244182371, Lines 2
Match: Event 244182478, Lines 2
Match: Event 244182612, Lines 2
Match: Event 244183301, Lines 2
Match: Event 244183437, Lines 2
Match: Event 244183456, Lines 2
Match: Event 244183488, Lines 2
Match: Event 244184482, Lines 2
Match: Event 244184741, Lines 2
Match: Event 244184836, Lines 3
Match: Event 244185250, Lines 2
Match: Event 244188670, Lines 2
Match: Event 244189000, Lines 2
Match: Event 244189749, Lines 2
Match: Event 244189813, Lines 2
Match: Event 244190091, Lines 2
[19%] 	 5,976/31,452 	 02:14:48
Match: Event 244190944, Lines 2
Match: Event 244192060, Lines 2
Match: Event 244192078, Lines 2
Match: Event 244192901, Lines 2
Match: Event 244198457, Lines 2
Match: Event 244198781, Lines 2
Match: Event 244199378, Lines 3
Match: Event 244199517, Lines 2
Match: Event 244199562, Lines 2
Match: Event 244200768, Lines 2
Match: Event 244200863, Lines 2
[20%] 	 6,291/31,452 	 02:21:42
Match: Event 244202819, Lines 2
Match: Event 244203714, Lines 2
Match: Event 244203785, Lines 2
Match: Event 244204317, Lines 2
Match: Event 244204698, Lines 2
Match: Event 244204827, Lines 2
Match: Event 244204985, Lines 2
Match: Event 244205125, Lines 3
Match: Event 244205146, Lines 2
Match: Event 244205408, Lines 2
Match: Event 244207389, Lines 2
Match: Event 244209115, Lines 2
Match: Event 244209983, Lines 2
Match: Event 244210009, Lines 2
Match: Event 244210462, Lines 2
Match: Event 244210699, Lines 2
Match: Event 244210780, Lines 2
[21%] 	 6,605/31,452 	 02:29:02
Match: Event 244211832, Lines 2
Match: Event 244211897, Lines 2
Match: Event 244212625, Lines 2
Match: Event 244213435, Lines 2
Match: Event 244214155, Lines 2
Match: Event 244214325, Lines 2
Match: Event 244214629, Lines 2
Match: Event 244215500, Lines 2
Match: Event 244216269, Lines 3
Match: Event 244216500, Lines 2
Match: Event 244216710, Lines 2
Match: Event 244216824, Lines 2
Match: Event 244217814, Lines 3
Match: Event 244217836, Lines 2
Match: Event 244218232, Lines 3
Match: Event 244218855, Lines 2
Match: Event 244219532, Lines 2
Match: Event 244219717, Lines 2
Match: Event 244220127, Lines 2
[22%] 	 6,920/31,452 	 02:36:17
Match: Event 244221799, Lines 2
Match: Event 244221954, Lines 2
Match: Event 244222622, Lines 2
Match: Event 244223189, Lines 2
Match: Event 244224172, Lines 2
Match: Event 244225480, Lines 3
Match: Event 244225492, Lines 2
Match: Event 244226483, Lines 2
Match: Event 244227083, Lines 2
Match: Event 244227482, Lines 2
Match: Event 244229292, Lines 3
Match: Event 244231105, Lines 2
[23%] 	 7,234/31,452 	 02:43:21
Match: Event 244232626, Lines 2
Match: Event 244233321, Lines 2
Match: Event 244233788, Lines 3
Match: Event 244234940, Lines 2
Match: Event 244235062, Lines 2
Match: Event 244235262, Lines 2
Match: Event 244236275, Lines 2
Match: Event 244236661, Lines 2
Match: Event 244236796, Lines 2
Match: Event 244239494, Lines 2
Match: Event 244239822, Lines 2
[24%] 	 7,549/31,452 	 02:50:21
Match: Event 244241577, Lines 2
Match: Event 244241836, Lines 2
Match: Event 244247548, Lines 2
Match: Event 244247612, Lines 2
Match: Event 244248611, Lines 2
Match: Event 244249655, Lines 2
Match: Event 244249968, Lines 2
Match: Event 244250025, Lines 2
Match: Event 244250298, Lines 2
[25%] 	 7,863/31,452 	 02:57:22
Match: Event 244253563, Lines 2
Match: Event 244254261, Lines 2
Match: Event 244254595, Lines 2
Match: Event 244255021, Lines 2
Match: Event 244255580, Lines 2
Match: Event 244255613, Lines 3
Match: Event 244256777, Lines 2
Match: Event 244257102, Lines 2
Match: Event 244257184, Lines 2
Match: Event 244257452, Lines 2
Match: Event 244258445, Lines 2
Match: Event 244258903, Lines 2
[26%] 	 8,178/31,452 	 03:04:12
Match: Event 244261002, Lines 2
Match: Event 244261418, Lines 3
Match: Event 244261467, Lines 2
Match: Event 244262511, Lines 2
Match: Event 244262749, Lines 2
Match: Event 244263074, Lines 2
Match: Event 244263116, Lines 2
Match: Event 244263247, Lines 2
Match: Event 244263368, Lines 2
Match: Event 244264557, Lines 2
Match: Event 244265725, Lines 2
Match: Event 244265821, Lines 2
Match: Event 244266776, Lines 2
Match: Event 244268101, Lines 2
Match: Event 244268284, Lines 2
Match: Event 244268668, Lines 2
Match: Event 244268691, Lines 2
Match: Event 244268928, Lines 2
Match: Event 244269425, Lines 2
[27%] 	 8,493/31,452 	 03:11:04
Match: Event 244270515, Lines 3
Match: Event 244270553, Lines 2
Match: Event 244270866, Lines 2
Match: Event 244273672, Lines 2
Match: Event 244274394, Lines 2
Match: Event 244275825, Lines 2
Match: Event 244275869, Lines 2
Match: Event 244276443, Lines 2
Match: Event 244277916, Lines 2
Match: Event 244278130, Lines 2
Match: Event 244278263, Lines 2
Match: Event 244278418, Lines 2
Match: Event 244278969, Lines 2
Match: Event 244279068, Lines 2
Match: Event 244280304, Lines 2
[28%] 	 8,807/31,452 	 03:18:18
Match: Event 244280800, Lines 2
Match: Event 244280943, Lines 2
Match: Event 244282870, Lines 2
Match: Event 244283321, Lines 2
Match: Event 244283438, Lines 2
Match: Event 244283601, Lines 2
Match: Event 244283636, Lines 2
Match: Event 244284075, Lines 2
Match: Event 244284607, Lines 2
Match: Event 244284988, Lines 2
Match: Event 244285157, Lines 2
Match: Event 244285312, Lines 2
Match: Event 244286113, Lines 2
Match: Event 244286471, Lines 2
Match: Event 244286702, Lines 2
Match: Event 244287706, Lines 2
Match: Event 244287806, Lines 2
Match: Event 244288970, Lines 2
Match: Event 244289059, Lines 2
Match: Event 244289195, Lines 2
[29%] 	 9,122/31,452 	 03:25:22
Match: Event 244290874, Lines 2
Match: Event 244291294, Lines 2
Match: Event 244294911, Lines 2
Match: Event 244295658, Lines 2
Match: Event 244297260, Lines 2
Match: Event 244297587, Lines 2
Match: Event 244298665, Lines 2
Match: Event 244299048, Lines 2
Match: Event 244300068, Lines 2
[30%] 	 9,436/31,452 	 03:32:08
Match: Event 244300741, Lines 2
Match: Event 244300895, Lines 2
Match: Event 244300944, Lines 2
Match: Event 244301563, Lines 2
Match: Event 244302017, Lines 2
Match: Event 244302489, Lines 2
Match: Event 244303365, Lines 2
Match: Event 244304095, Lines 2
Match: Event 244304366, Lines 2
Match: Event 244304416, Lines 2
Match: Event 244305095, Lines 2
Match: Event 244305239, Lines 2
Match: Event 244306319, Lines 2
Match: Event 244306472, Lines 2
Match: Event 244307083, Lines 2
Match: Event 244307487, Lines 2
Match: Event 244307689, Lines 2
Match: Event 244307747, Lines 2
Match: Event 244308074, Lines 2
Match: Event 244308382, Lines 2
Match: Event 244309596, Lines 2
[31%] 	 9,751/31,452 	 03:39:11
Match: Event 244310936, Lines 2
Match: Event 244311205, Lines 2
Match: Event 244311589, Lines 2
Match: Event 244311646, Lines 2
Match: Event 244311658, Lines 2
Match: Event 244312207, Lines 2
Match: Event 244312241, Lines 2
Match: Event 244313864, Lines 2
Match: Event 244316239, Lines 2
Match: Event 244316261, Lines 2
Match: Event 244316607, Lines 2
Match: Event 244316866, Lines 2
Match: Event 244317314, Lines 2
Match: Event 244317662, Lines 2
Match: Event 244317669, Lines 2
Match: Event 244317803, Lines 2
Match: Event 244317910, Lines 2
Match: Event 244318212, Lines 2
Match: Event 244318838, Lines 2
Match: Event 244320138, Lines 2
Match: Event 244320666, Lines 3
[32%] 	 10,065/31,452 	 03:46:31
Match: Event 244321513, Lines 2
Match: Event 244322263, Lines 2
Match: Event 244324169, Lines 2
Match: Event 244324904, Lines 2
Match: Event 244325019, Lines 2
Match: Event 244325230, Lines 2
Match: Event 244325987, Lines 2
Match: Event 244326080, Lines 2
Match: Event 244326428, Lines 2
Match: Event 244326916, Lines 2
Match: Event 244329167, Lines 2
Match: Event 244329871, Lines 2
Match: Event 244330651, Lines 2
Match: Event 244330709, Lines 2
[33%] 	 10,380/31,452 	 03:54:18
Match: Event 244331597, Lines 2
Match: Event 244331902, Lines 2
Match: Event 244332302, Lines 2
Match: Event 244332536, Lines 2
Match: Event 244332690, Lines 2
Match: Event 244333376, Lines 2
Match: Event 244335146, Lines 2
Match: Event 244335351, Lines 2
Match: Event 244336351, Lines 2
Match: Event 244336939, Lines 2
Match: Event 244337735, Lines 2
Match: Event 244338835, Lines 2
Match: Event 244338896, Lines 2
Match: Event 244339099, Lines 2
Match: Event 244339242, Lines 2
Match: Event 244339653, Lines 2
[34%] 	 10,694/31,452 	 04:01:46
Match: Event 244340225, Lines 2
Match: Event 244341025, Lines 2
Match: Event 244341093, Lines 2
Match: Event 244341594, Lines 2
Match: Event 244343871, Lines 2
Match: Event 244344023, Lines 2
Match: Event 244344971, Lines 2
Match: Event 244345075, Lines 2
Match: Event 244345388, Lines 2
Match: Event 244346221, Lines 2
Match: Event 244346391, Lines 2
Match: Event 244346911, Lines 2
Match: Event 244347906, Lines 2
Match: Event 244348354, Lines 2
Match: Event 244348921, Lines 2
Match: Event 244349071, Lines 2
Match: Event 244349557, Lines 2
[35%] 	 11,009/31,452 	 04:08:51
Match: Event 244350271, Lines 2
Match: Event 244351876, Lines 2
Match: Event 244352902, Lines 2
Match: Event 244353556, Lines 2
Match: Event 244356681, Lines 2
Match: Event 244357455, Lines 2
Match: Event 244358098, Lines 3
Match: Event 244358480, Lines 2
Match: Event 244359797, Lines 2
Match: Event 244361265, Lines 2
[36%] 	 11,323/31,452 	 04:16:08
Match: Event 244361885, Lines 2
Match: Event 244362337, Lines 2
Match: Event 244362397, Lines 2
Match: Event 244363574, Lines 2
Match: Event 244364410, Lines 2
Match: Event 244364901, Lines 2
Match: Event 244365296, Lines 2
Match: Event 244365967, Lines 2
Match: Event 244366446, Lines 2
Match: Event 244367602, Lines 2
Match: Event 244368156, Lines 2
Match: Event 244368198, Lines 2
Match: Event 244368563, Lines 2
Match: Event 244369189, Lines 2
Match: Event 244369310, Lines 2
Match: Event 244369752, Lines 2
Match: Event 244370374, Lines 2
Match: Event 244371120, Lines 2
[37%] 	 11,638/31,452 	 04:23:27
Match: Event 244372260, Lines 2
Match: Event 244372860, Lines 2
Match: Event 244374574, Lines 2
Match: Event 244374706, Lines 2
Match: Event 244375075, Lines 2
Match: Event 244375334, Lines 2
Match: Event 244375540, Lines 2
Match: Event 244376012, Lines 2
Match: Event 244376303, Lines 2
Match: Event 244376912, Lines 2
Match: Event 244377409, Lines 2
Match: Event 244377887, Lines 2
Match: Event 244378846, Lines 2
Match: Event 244379599, Lines 2
Match: Event 244380465, Lines 2
Match: Event 244380751, Lines 2
[38%] 	 11,952/31,452 	 04:30:36
Match: Event 244383368, Lines 2
Match: Event 244386810, Lines 3
Match: Event 244388193, Lines 2
Match: Event 244388942, Lines 2
Match: Event 244389429, Lines 2
Match: Event 244390043, Lines 2
[39%] 	 12,267/31,452 	 04:37:50
Match: Event 244392803, Lines 2
Match: Event 244392844, Lines 2
Match: Event 244393987, Lines 2
Match: Event 244394369, Lines 2
Match: Event 244395154, Lines 2
Match: Event 244395163, Lines 2
Match: Event 244396444, Lines 3
Match: Event 244397375, Lines 2
Match: Event 244397858, Lines 2
Match: Event 244398156, Lines 2
Match: Event 244398992, Lines 2
Match: Event 244399482, Lines 2
Match: Event 244400392, Lines 3
Match: Event 244401359, Lines 2
[40%] 	 12,581/31,452 	 04:44:23
Match: Event 244401590, Lines 2
Match: Event 244401925, Lines 2
Match: Event 244402258, Lines 2
Match: Event 244403248, Lines 2
Match: Event 244404363, Lines 2
Match: Event 244404477, Lines 2
Match: Event 244404837, Lines 2
Match: Event 244405069, Lines 2
Match: Event 244405658, Lines 2
Match: Event 244405995, Lines 2
Match: Event 244406294, Lines 2
Match: Event 244407154, Lines 2
Match: Event 244407649, Lines 2
Match: Event 244408129, Lines 2
Match: Event 244408663, Lines 2
Match: Event 244409306, Lines 2
Match: Event 244409912, Lines 2
Match: Event 244410315, Lines 2
Match: Event 244410548, Lines 3
Match: Event 244410848, Lines 2
[41%] 	 12,896/31,452 	 04:51:02
Match: Event 244413158, Lines 2
Match: Event 244413428, Lines 2
Match: Event 244414213, Lines 2
Match: Event 244414496, Lines 2
Match: Event 244414551, Lines 2
Match: Event 244414650, Lines 2
Match: Event 244414739, Lines 2
Match: Event 244414856, Lines 2
Match: Event 244415857, Lines 2
Match: Event 244417635, Lines 2
Match: Event 244418182, Lines 2
Match: Event 244419190, Lines 2
Match: Event 244419765, Lines 2
Match: Event 244420248, Lines 2
Match: Event 244420523, Lines 2
Match: Event 244420529, Lines 2
Match: Event 244421198, Lines 2
Match: Event 244421638, Lines 2
[42%] 	 13,210/31,452 	 04:58:15
Match: Event 244422836, Lines 2
Match: Event 244422847, Lines 2
Match: Event 244424263, Lines 2
Match: Event 244424277, Lines 2
Match: Event 244424433, Lines 2
Match: Event 244425934, Lines 2
Match: Event 244427274, Lines 2
Match: Event 244427461, Lines 2
Match: Event 244427597, Lines 2
Match: Event 244428953, Lines 2
Match: Event 244428996, Lines 2
Match: Event 244429572, Lines 2
Match: Event 244429700, Lines 2
Match: Event 244430200, Lines 2
Match: Event 244430745, Lines 2
[43%] 	 13,525/31,452 	 05:05:17
Match: Event 244432016, Lines 2
Match: Event 244432264, Lines 2
Match: Event 244433759, Lines 2
Match: Event 244434074, Lines 2
Match: Event 244434162, Lines 2
Match: Event 244437000, Lines 2
Match: Event 244438456, Lines 2
Match: Event 244439197, Lines 2
Match: Event 244439218, Lines 2
Match: Event 244439337, Lines 2
Match: Event 244439464, Lines 2
Match: Event 244440345, Lines 2
Match: Event 244440690, Lines 2
Match: Event 244441997, Lines 2
[44%] 	 13,839/31,452 	 05:12:10
Match: Event 244442175, Lines 2
Match: Event 244442692, Lines 2
Match: Event 244445112, Lines 3
Match: Event 244446673, Lines 2
Match: Event 244447328, Lines 2
Match: Event 244447355, Lines 2
Match: Event 244448850, Lines 2
Match: Event 244449552, Lines 2
Match: Event 244449594, Lines 2
Match: Event 244449646, Lines 3
Match: Event 244450093, Lines 2
Match: Event 244450983, Lines 2
Match: Event 244452321, Lines 2
[45%] 	 14,154/31,452 	 05:19:07
Match: Event 244453056, Lines 2
Match: Event 244453908, Lines 2
Match: Event 244453988, Lines 2
Match: Event 244454402, Lines 2
Match: Event 244454488, Lines 2
Match: Event 244456691, Lines 2
Match: Event 244457895, Lines 2
Match: Event 244458026, Lines 2
Match: Event 244459440, Lines 2
Match: Event 244460767, Lines 2
Match: Event 244463203, Lines 2
Match: Event 244464108, Lines 2
[46%] 	 14,468/31,452 	 05:26:05
Match: Event 244465090, Lines 2
Match: Event 244465110, Lines 2
Match: Event 244465204, Lines 2
Match: Event 244466079, Lines 2
Match: Event 244466496, Lines 2
Match: Event 244467056, Lines 2
Match: Event 244467238, Lines 2
Match: Event 244467475, Lines 3
Match: Event 244469921, Lines 2
Match: Event 244470676, Lines 2
Match: Event 244470806, Lines 2
Match: Event 244471269, Lines 2
Match: Event 244472027, Lines 2
Match: Event 244472090, Lines 2
Match: Event 244472953, Lines 2
Match: Event 244473811, Lines 2
Match: Event 244474741, Lines 2
[47%] 	 14,783/31,452 	 05:32:54
Match: Event 244475962, Lines 2
Match: Event 244475969, Lines 2
Match: Event 244476411, Lines 2
Match: Event 244476440, Lines 2
Match: Event 244476605, Lines 2
Match: Event 244476812, Lines 2
Match: Event 244477858, Lines 2
Match: Event 244483231, Lines 2
Match: Event 244483936, Lines 2
[48%] 	 15,097/31,452 	 05:39:29
Match: Event 244487037, Lines 2
Match: Event 244488194, Lines 2
Match: Event 244488786, Lines 2
Match: Event 244489911, Lines 2
Match: Event 244490187, Lines 2
Match: Event 244490213, Lines 2
Match: Event 244490675, Lines 2
Match: Event 244491493, Lines 2
Match: Event 244491672, Lines 2
Match: Event 244492504, Lines 2
Match: Event 244494066, Lines 2
[49%] 	 15,412/31,452 	 05:46:06
Match: Event 244496846, Lines 2
Match: Event 244498287, Lines 2
Match: Event 244498732, Lines 2
Match: Event 244500154, Lines 2
Match: Event 244500347, Lines 2
Match: Event 244502398, Lines 2
Match: Event 244504823, Lines 2
Match: Event 244504956, Lines 2
[50%] 	 15,726/31,452 	 05:52:32
Match: Event 244505497, Lines 2
Match: Event 244506890, Lines 2
Match: Event 244507060, Lines 2
Match: Event 244507682, Lines 2
Match: Event 244508109, Lines 2
Match: Event 244509209, Lines 2
Match: Event 244509484, Lines 2
Match: Event 244509812, Lines 2
Match: Event 244510859, Lines 2
Match: Event 244511064, Lines 2
Match: Event 244511181, Lines 2
Match: Event 244512481, Lines 2
Match: Event 244513044, Lines 3
Match: Event 244514164, Lines 3
Match: Event 244514240, Lines 2
Match: Event 244514432, Lines 2
[51%] 	 16,041/31,452 	 05:59:14
Match: Event 244516105, Lines 2
Match: Event 244516120, Lines 2
Match: Event 244517202, Lines 2
Match: Event 244517211, Lines 2
Match: Event 244517485, Lines 2
Match: Event 244518442, Lines 2
Match: Event 244518812, Lines 2
Match: Event 244519638, Lines 2
Match: Event 244519864, Lines 2
Match: Event 244520267, Lines 2
Match: Event 244521473, Lines 2
Match: Event 244521933, Lines 2
Match: Event 244522206, Lines 2
Match: Event 244523691, Lines 2
Match: Event 244523740, Lines 2
Match: Event 244524668, Lines 2
[52%] 	 16,356/31,452 	 06:05:52
Match: Event 244526989, Lines 2
Match: Event 244527668, Lines 2
Match: Event 244528336, Lines 2
Match: Event 244531167, Lines 2
Match: Event 244531467, Lines 2
Match: Event 244532020, Lines 2
Match: Event 244533502, Lines 2
Match: Event 244534332, Lines 2
Match: Event 244534830, Lines 2
[53%] 	 16,670/31,452 	 06:12:26
Match: Event 244535752, Lines 2
Match: Event 244535793, Lines 3
Match: Event 244536652, Lines 2
Match: Event 244536710, Lines 2
Match: Event 244537758, Lines 3
Match: Event 244538437, Lines 2
Match: Event 244538447, Lines 2
Match: Event 244538666, Lines 2
Match: Event 244539690, Lines 2
Match: Event 244541898, Lines 2
Match: Event 244542457, Lines 2
Match: Event 244542746, Lines 2
Match: Event 244542828, Lines 2
Match: Event 244542862, Lines 2
Match: Event 244543002, Lines 2
Match: Event 244543710, Lines 2
Match: Event 244545781, Lines 2
[54%] 	 16,985/31,452 	 06:19:19
Match: Event 244546181, Lines 2
Match: Event 244547094, Lines 2
Match: Event 244547854, Lines 2
Match: Event 244548477, Lines 2
Match: Event 244548932, Lines 2
Match: Event 244552002, Lines 2
Match: Event 244552818, Lines 2
Match: Event 244552873, Lines 2
Match: Event 244554719, Lines 2
[55%] 	 17,299/31,452 	 06:26:05
Match: Event 244555072, Lines 2
Match: Event 244555573, Lines 2
Match: Event 244556646, Lines 2
Match: Event 244557283, Lines 2
Match: Event 244557306, Lines 2
Match: Event 244558485, Lines 2
Match: Event 244559131, Lines 2
Match: Event 244560062, Lines 2
Match: Event 244560532, Lines 2
Match: Event 244561475, Lines 2
Match: Event 244562702, Lines 2
Match: Event 244564399, Lines 2
Match: Event 244564845, Lines 3
Match: Event 244565017, Lines 2
Match: Event 244565343, Lines 2
[56%] 	 17,614/31,452 	 06:32:58
Match: Event 244565998, Lines 2
Match: Event 244566530, Lines 2
Match: Event 244566849, Lines 2
Match: Event 244567981, Lines 2
Match: Event 244568162, Lines 2
Match: Event 244568437, Lines 2
Match: Event 244568785, Lines 2
Match: Event 244569493, Lines 2
Match: Event 244572558, Lines 2
Match: Event 244573213, Lines 2
Match: Event 244573387, Lines 2
Match: Event 244573455, Lines 2
Match: Event 244573632, Lines 2
Match: Event 244575895, Lines 2
[57%] 	 17,928/31,452 	 06:39:51
Match: Event 244577117, Lines 2
Match: Event 244577338, Lines 2
Match: Event 244577359, Lines 2
Match: Event 244577750, Lines 2
Match: Event 244578506, Lines 2
Match: Event 244578656, Lines 2
Match: Event 244580003, Lines 2
Match: Event 244580272, Lines 2
Match: Event 244580783, Lines 2
Match: Event 244581147, Lines 2
Match: Event 244581412, Lines 2
Match: Event 244584188, Lines 2
Match: Event 244585120, Lines 2
Match: Event 244585598, Lines 2
Match: Event 244585646, Lines 2
Match: Event 244585863, Lines 2
Match: Event 244585932, Lines 2
[58%] 	 18,243/31,452 	 06:46:39
Match: Event 244587335, Lines 2
Match: Event 244587467, Lines 2
Match: Event 244587821, Lines 2
Match: Event 244588112, Lines 2
Match: Event 244588151, Lines 2
Match: Event 244589065, Lines 2
Match: Event 244589403, Lines 2
Match: Event 244589794, Lines 2
Match: Event 244589797, Lines 3
Match: Event 244589852, Lines 2
Match: Event 244591276, Lines 2
Match: Event 244591688, Lines 2
Match: Event 244591898, Lines 2
Match: Event 244592111, Lines 2
Match: Event 244593895, Lines 2
Match: Event 244593907, Lines 2
Match: Event 244594350, Lines 2
Match: Event 244595470, Lines 2
[59%] 	 18,557/31,452 	 06:53:40
Match: Event 244596342, Lines 2
Match: Event 244597290, Lines 2
Match: Event 244597425, Lines 2
Match: Event 244598247, Lines 3
Match: Event 244598731, Lines 2
Match: Event 244599891, Lines 2
Match: Event 244600362, Lines 2
Match: Event 244601127, Lines 2
Match: Event 244603842, Lines 2
Match: Event 244604033, Lines 2
Match: Event 244604251, Lines 2
Match: Event 244604450, Lines 2
Match: Event 244604593, Lines 2
Match: Event 244604765, Lines 2
[60%] 	 18,872/31,452 	 07:00:39
Match: Event 244606141, Lines 2
Match: Event 244606849, Lines 2
Match: Event 244607745, Lines 2
Match: Event 244608082, Lines 2
Match: Event 244608968, Lines 2
Match: Event 244609250, Lines 2
Match: Event 244609453, Lines 2
Match: Event 244609543, Lines 2
Match: Event 244609760, Lines 2
Match: Event 244609761, Lines 2
Match: Event 244609837, Lines 2
Match: Event 244610604, Lines 2
Match: Event 244611032, Lines 2
Match: Event 244612470, Lines 2
Match: Event 244613205, Lines 2
Match: Event 244614527, Lines 2
Match: Event 244614935, Lines 2
Match: Event 244615135, Lines 2
[61%] 	 19,186/31,452 	 07:07:27
Match: Event 244615483, Lines 2
Match: Event 244617162, Lines 2
Match: Event 244617828, Lines 2
Match: Event 244617848, Lines 2
Match: Event 244618792, Lines 2
Match: Event 244620170, Lines 2
Match: Event 244620719, Lines 2
Match: Event 244621035, Lines 2
Match: Event 244622236, Lines 2
Match: Event 244622439, Lines 2
Match: Event 244623002, Lines 2
Match: Event 244624176, Lines 2
Match: Event 244624613, Lines 2
Match: Event 244624944, Lines 2
[62%] 	 19,501/31,452 	 07:13:56
Match: Event 244626515, Lines 2
Match: Event 244626629, Lines 2
Match: Event 244627432, Lines 2
Match: Event 244628308, Lines 2
Match: Event 244628339, Lines 3
Match: Event 244628870, Lines 2
Match: Event 244628972, Lines 2
Match: Event 244629091, Lines 3
Match: Event 244629505, Lines 3
Match: Event 244629599, Lines 2
Match: Event 244629710, Lines 2
Match: Event 244630949, Lines 2
Match: Event 244631111, Lines 2
Match: Event 244631142, Lines 2
Match: Event 244631510, Lines 2
Match: Event 244631843, Lines 2
Match: Event 244632128, Lines 2
Match: Event 244632297, Lines 2
Match: Event 244632438, Lines 2
Match: Event 244633465, Lines 2
Match: Event 244633806, Lines 2
Match: Event 244634421, Lines 2
Match: Event 244634615, Lines 2
[63%] 	 19,815/31,452 	 07:20:30
Match: Event 244634916, Lines 2
Match: Event 244635273, Lines 2
Match: Event 244637828, Lines 2
Match: Event 244638000, Lines 2
Match: Event 244638163, Lines 2
Match: Event 244638286, Lines 2
Match: Event 244638375, Lines 3
Match: Event 244639847, Lines 2
Match: Event 244641614, Lines 2
Match: Event 244642043, Lines 3
Match: Event 244642553, Lines 2
Match: Event 244643195, Lines 2
Match: Event 244643815, Lines 2
Match: Event 244644028, Lines 2
[64%] 	 20,130/31,452 	 07:26:45
Match: Event 244645742, Lines 2
Match: Event 244646052, Lines 2
Match: Event 244646549, Lines 2
Match: Event 244647414, Lines 2
Match: Event 244650186, Lines 2
Match: Event 244650318, Lines 2
Match: Event 244650709, Lines 2
Match: Event 244650712, Lines 2
Match: Event 244650818, Lines 3
Match: Event 244651946, Lines 2
Match: Event 244652343, Lines 2
Match: Event 244653433, Lines 2
Match: Event 244653664, Lines 2
Match: Event 244653671, Lines 2
[65%] 	 20,444/31,452 	 07:33:06
Match: Event 244653980, Lines 3
Match: Event 244655595, Lines 2
Match: Event 244655690, Lines 3
Match: Event 244656943, Lines 2
Match: Event 244658154, Lines 2
Match: Event 244658232, Lines 2
Match: Event 244658238, Lines 2
Match: Event 244658467, Lines 3
Match: Event 244658743, Lines 2
Match: Event 244658791, Lines 2
Match: Event 244659881, Lines 2
Match: Event 244660722, Lines 2
Match: Event 244660765, Lines 2
Match: Event 244661422, Lines 2
Match: Event 244662084, Lines 2
Match: Event 244663148, Lines 2
Match: Event 244663658, Lines 2
[66%] 	 20,759/31,452 	 07:39:30
Match: Event 244664795, Lines 2
Match: Event 244665701, Lines 2
Match: Event 244666672, Lines 3
Match: Event 244667261, Lines 2
Match: Event 244667869, Lines 2
Match: Event 244668210, Lines 2
Match: Event 244668993, Lines 2
Match: Event 244669035, Lines 2
Match: Event 244669196, Lines 2
Match: Event 244669266, Lines 2
Match: Event 244669411, Lines 2
Match: Event 244669804, Lines 2
Match: Event 244671106, Lines 2
Match: Event 244672074, Lines 2
Match: Event 244673320, Lines 2
Match: Event 244673675, Lines 2
Match: Event 244673801, Lines 2
[67%] 	 21,073/31,452 	 07:46:04
Match: Event 244675003, Lines 2
Match: Event 244675536, Lines 2
Match: Event 244675679, Lines 2
Match: Event 244675921, Lines 2
Match: Event 244676399, Lines 2
Match: Event 244676565, Lines 2
Match: Event 244677726, Lines 2
Match: Event 244679991, Lines 2
Match: Event 244680136, Lines 2
Match: Event 244682151, Lines 2
Match: Event 244682902, Lines 2
[68%] 	 21,388/31,452 	 07:52:31
Match: Event 244685631, Lines 2
Match: Event 244685842, Lines 2
Match: Event 244686764, Lines 2
Match: Event 244687017, Lines 2
Match: Event 244688216, Lines 2
Match: Event 244688527, Lines 2
Match: Event 244688616, Lines 2
Match: Event 244689970, Lines 2
Match: Event 244690604, Lines 2
Match: Event 244691203, Lines 2
[69%] 	 21,702/31,452 	 07:58:58
Match: Event 244693426, Lines 2
Match: Event 244694456, Lines 2
Match: Event 244694492, Lines 2
Match: Event 244695540, Lines 2
Match: Event 244696187, Lines 2
Match: Event 244696323, Lines 2
Match: Event 244697715, Lines 2
Match: Event 244698657, Lines 2
Match: Event 244698965, Lines 3
Match: Event 244699432, Lines 2
Match: Event 244700212, Lines 2
Match: Event 244700314, Lines 2
Match: Event 244700767, Lines 2
Match: Event 244700828, Lines 2
Match: Event 244701958, Lines 2
Match: Event 244702040, Lines 2
[70%] 	 22,017/31,452 	 08:05:31
Match: Event 244702464, Lines 2
Match: Event 244703483, Lines 2
Match: Event 244704502, Lines 2
Match: Event 244706781, Lines 2
Match: Event 244707039, Lines 2
Match: Event 244707437, Lines 2
Match: Event 244708160, Lines 2
Match: Event 244709861, Lines 2
Match: Event 244709896, Lines 2
Match: Event 244710413, Lines 2
Match: Event 244710889, Lines 2
Match: Event 244711187, Lines 2
Match: Event 244712517, Lines 2
Match: Event 244712966, Lines 2
[71%] 	 22,331/31,452 	 08:12:07
Match: Event 244713082, Lines 2
Match: Event 244713871, Lines 2
Match: Event 244713912, Lines 2
Match: Event 244714308, Lines 2
Match: Event 244714423, Lines 2
Match: Event 244715204, Lines 2
Match: Event 244715318, Lines 2
Match: Event 244716230, Lines 2
Match: Event 244717755, Lines 2
Match: Event 244718714, Lines 2
Match: Event 244721132, Lines 2
Match: Event 244721396, Lines 2
Match: Event 244721740, Lines 2
[72%] 	 22,646/31,452 	 08:18:37
Match: Event 244722969, Lines 2
Match: Event 244723712, Lines 2
Match: Event 244724509, Lines 2
Match: Event 244726785, Lines 2
Match: Event 244727127, Lines 2
Match: Event 244727205, Lines 2
Match: Event 244727271, Lines 2
Match: Event 244727744, Lines 2
Match: Event 244730346, Lines 2
Match: Event 244730475, Lines 2
Match: Event 244730692, Lines 2
[73%] 	 22,960/31,452 	 08:25:00
Match: Event 244732515, Lines 2
Match: Event 244732834, Lines 2
Match: Event 244733664, Lines 2
Match: Event 244734632, Lines 2
Match: Event 244735254, Lines 2
Match: Event 244735842, Lines 2
Match: Event 244736144, Lines 2
Match: Event 244736193, Lines 2
Match: Event 244737407, Lines 2
Match: Event 244742189, Lines 2
[74%] 	 23,275/31,452 	 08:31:28
Match: Event 244743578, Lines 2
Match: Event 244745190, Lines 2
Match: Event 244746503, Lines 3
Match: Event 244746690, Lines 2
Match: Event 244746879, Lines 2
Match: Event 244747019, Lines 2
Match: Event 244747313, Lines 2
Match: Event 244747545, Lines 2
Match: Event 244748851, Lines 2
Match: Event 244749225, Lines 2
Match: Event 244749335, Lines 2
Match: Event 244749767, Lines 2
Match: Event 244750133, Lines 2
[75%] 	 23,589/31,452 	 08:37:57
Match: Event 244753200, Lines 2
Match: Event 244753323, Lines 3
Match: Event 244753529, Lines 3
Match: Event 244755975, Lines 2
Match: Event 244756059, Lines 2
Match: Event 244757139, Lines 2
Match: Event 244757199, Lines 2
Match: Event 244758781, Lines 2
Match: Event 244759735, Lines 2
Match: Event 244760209, Lines 2
Match: Event 244760497, Lines 2
Match: Event 244760693, Lines 2
Match: Event 244760982, Lines 2
[76%] 	 23,904/31,452 	 08:44:45
Match: Event 244762736, Lines 2
Match: Event 244762758, Lines 2
Match: Event 244763779, Lines 2
Match: Event 244764956, Lines 2
Match: Event 244765830, Lines 2
Match: Event 244766599, Lines 2
Match: Event 244767326, Lines 2
Match: Event 244770413, Lines 2
Match: Event 244770923, Lines 2
[77%] 	 24,219/31,452 	 08:51:07
Match: Event 244771311, Lines 2
Match: Event 244771755, Lines 2
Match: Event 244773182, Lines 2
Match: Event 244773391, Lines 2
Match: Event 244774322, Lines 2
Match: Event 244775121, Lines 3
Match: Event 244775309, Lines 2
Match: Event 244776013, Lines 2
Match: Event 244777390, Lines 2
Match: Event 244778391, Lines 2
Match: Event 244778526, Lines 2
Match: Event 244778887, Lines 2
Match: Event 244779305, Lines 2
Match: Event 244779436, Lines 2
Match: Event 244779996, Lines 2
Match: Event 244780554, Lines 3
Match: Event 244780561, Lines 2
[78%] 	 24,533/31,452 	 08:57:43
Match: Event 244780907, Lines 2
Match: Event 244781565, Lines 2
Match: Event 244781771, Lines 2
Match: Event 244783927, Lines 2
Match: Event 244783982, Lines 2
Match: Event 244785180, Lines 2
Match: Event 244785312, Lines 2
Match: Event 244785539, Lines 3
Match: Event 244786229, Lines 2
Match: Event 244786566, Lines 3
Match: Event 244787706, Lines 2
Match: Event 244788637, Lines 2
Match: Event 244790071, Lines 2
[79%] 	 24,848/31,452 	 09:04:28
Match: Event 244791094, Lines 2
Match: Event 244791552, Lines 2
Match: Event 244791873, Lines 2
Match: Event 244791968, Lines 2
Match: Event 244792019, Lines 2
Match: Event 244792843, Lines 2
Match: Event 244792898, Lines 2
Match: Event 244793311, Lines 2
Match: Event 244793778, Lines 2
Match: Event 244794058, Lines 3
Match: Event 244795431, Lines 2
Match: Event 244795922, Lines 2
Match: Event 244796849, Lines 2
Match: Event 244797422, Lines 2
Match: Event 244797965, Lines 2
Match: Event 244798192, Lines 2
Match: Event 244798612, Lines 2
Match: Event 244798727, Lines 2
Match: Event 244799344, Lines 2
Match: Event 244799807, Lines 2
[80%] 	 25,162/31,452 	 09:11:16
Match: Event 244800492, Lines 2
Match: Event 244800929, Lines 2
Match: Event 244801535, Lines 2
Match: Event 244802579, Lines 2
Match: Event 244802801, Lines 2
Match: Event 244803266, Lines 2
Match: Event 244803271, Lines 2
Match: Event 244806670, Lines 2
Match: Event 244807431, Lines 2
Match: Event 244807891, Lines 2
Match: Event 244808782, Lines 2
Match: Event 244809404, Lines 2
Match: Event 244809840, Lines 2
Match: Event 244810497, Lines 2
Match: Event 244810791, Lines 2
[81%] 	 25,477/31,452 	 09:18:03
Match: Event 244811708, Lines 2
Match: Event 244811721, Lines 2
Match: Event 244812551, Lines 2
Match: Event 244812839, Lines 2
Match: Event 244814764, Lines 2
Match: Event 244814901, Lines 2
Match: Event 244816007, Lines 2
Match: Event 244818214, Lines 2
Match: Event 244820515, Lines 3
Match: Event 244821198, Lines 2
[82%] 	 25,791/31,452 	 09:24:28
Match: Event 244821655, Lines 2
Match: Event 244821730, Lines 2
Match: Event 244822200, Lines 2
Match: Event 244822965, Lines 2
Match: Event 244824425, Lines 3
Match: Event 244825791, Lines 2
Match: Event 244825797, Lines 2
Match: Event 244827103, Lines 2
Match: Event 244827837, Lines 2
Match: Event 244828485, Lines 2
Match: Event 244828573, Lines 2
Match: Event 244828715, Lines 2
Match: Event 244829157, Lines 2
Match: Event 244829365, Lines 2
Match: Event 244829544, Lines 2
Match: Event 244829565, Lines 2
Match: Event 244830467, Lines 2
[83%] 	 26,106/31,452 	 09:31:06
Match: Event 244832153, Lines 2
Match: Event 244832256, Lines 2
Match: Event 244832693, Lines 2
Match: Event 244834366, Lines 3
Match: Event 244835503, Lines 2
Match: Event 244835631, Lines 2
Match: Event 244836483, Lines 2
Match: Event 244838012, Lines 2
Match: Event 244839165, Lines 2
Match: Event 244839225, Lines 2
Match: Event 244839462, Lines 2
Match: Event 244840005, Lines 2
[84%] 	 26,420/31,452 	 09:37:35
Match: Event 244841622, Lines 2
Match: Event 244842102, Lines 2
Match: Event 244842224, Lines 2
Match: Event 244842664, Lines 2
Match: Event 244842989, Lines 2
Match: Event 244843063, Lines 2
Match: Event 244844174, Lines 2
Match: Event 244844341, Lines 2
Match: Event 244844540, Lines 2
Match: Event 244844578, Lines 2
Match: Event 244844942, Lines 2
Match: Event 244845580, Lines 2
Match: Event 244848321, Lines 3
Match: Event 244848946, Lines 2
Match: Event 244849679, Lines 2
Match: Event 244849771, Lines 2
Match: Event 244850191, Lines 2
Match: Event 244850376, Lines 2
[85%] 	 26,735/31,452 	 09:44:23
Match: Event 244852763, Lines 2
Match: Event 244853041, Lines 2
Match: Event 244854358, Lines 2
Match: Event 244854497, Lines 2
Match: Event 244854763, Lines 2
Match: Event 244854895, Lines 2
Match: Event 244856024, Lines 2
Match: Event 244857007, Lines 2
Match: Event 244859486, Lines 2
[86%] 	 27,049/31,452 	 09:51:03
Match: Event 244861825, Lines 2
Match: Event 244862256, Lines 2
Match: Event 244862677, Lines 2
Match: Event 244862798, Lines 2
Match: Event 244863081, Lines 2
Match: Event 244863109, Lines 2
Match: Event 244864695, Lines 2
Match: Event 244865139, Lines 2
Match: Event 244865780, Lines 2
Match: Event 244866059, Lines 2
Match: Event 244866431, Lines 2
Match: Event 244867713, Lines 2
Match: Event 244868379, Lines 2
Match: Event 244869436, Lines 2
[87%] 	 27,364/31,452 	 09:58:11
Match: Event 244870380, Lines 2
Match: Event 244871183, Lines 2
Match: Event 244871654, Lines 2
Match: Event 244872164, Lines 2
Match: Event 244872897, Lines 2
Match: Event 244874308, Lines 2
Match: Event 244875438, Lines 2
Match: Event 244875588, Lines 2
Match: Event 244876411, Lines 2
Match: Event 244877326, Lines 2
Match: Event 244878037, Lines 3
Match: Event 244878138, Lines 2
Match: Event 244879232, Lines 2
Match: Event 244879682, Lines 2
[88%] 	 27,678/31,452 	 10:05:21
Match: Event 244881934, Lines 2
Match: Event 244882199, Lines 2
Match: Event 244882233, Lines 2
Match: Event 244882670, Lines 2
Match: Event 244882948, Lines 2
Match: Event 244882971, Lines 2
Match: Event 244883303, Lines 2
Match: Event 244884174, Lines 2
Match: Event 244887106, Lines 2
Match: Event 244887346, Lines 2
Match: Event 244888547, Lines 2
Match: Event 244889131, Lines 2
Match: Event 244889340, Lines 2
Match: Event 244889412, Lines 2
[89%] 	 27,993/31,452 	 10:12:29
Match: Event 244889847, Lines 2
Match: Event 244890503, Lines 2
Match: Event 244890737, Lines 2
Match: Event 244890775, Lines 2
Match: Event 244891818, Lines 2
Match: Event 244892585, Lines 2
Match: Event 244892788, Lines 2
Match: Event 244893737, Lines 2
Match: Event 244893760, Lines 2
Match: Event 244893982, Lines 2
Match: Event 244894772, Lines 2
Match: Event 244895119, Lines 2
Match: Event 244895195, Lines 2
Match: Event 244895711, Lines 2
Match: Event 244896228, Lines 2
Match: Event 244896923, Lines 2
Match: Event 244898230, Lines 2
Match: Event 244898363, Lines 2
[90%] 	 28,307/31,452 	 10:20:00
Match: Event 244899249, Lines 2
Match: Event 244901507, Lines 2
Match: Event 244902074, Lines 2
Match: Event 244903006, Lines 2
Match: Event 244903115, Lines 3
Match: Event 244903999, Lines 2
Match: Event 244904452, Lines 2
Match: Event 244905885, Lines 2
Match: Event 244906083, Lines 2
Match: Event 244906664, Lines 2
Match: Event 244907533, Lines 2
Match: Event 244908438, Lines 2
Match: Event 244908844, Lines 2
[91%] 	 28,622/31,452 	 10:27:10
Match: Event 244909280, Lines 2
Match: Event 244910304, Lines 2
Match: Event 244911050, Lines 2
Match: Event 244911069, Lines 2
Match: Event 244911939, Lines 3
Match: Event 244912475, Lines 2
Match: Event 244912584, Lines 2
Match: Event 244915228, Lines 2
Match: Event 244915521, Lines 2
Match: Event 244916571, Lines 2
Match: Event 244916777, Lines 2
Match: Event 244916835, Lines 2
Match: Event 244916837, Lines 2
Match: Event 244917507, Lines 2
[92%] 	 28,936/31,452 	 10:34:01
Match: Event 244918527, Lines 2
Match: Event 244918757, Lines 3
Match: Event 244919025, Lines 2
Match: Event 244920351, Lines 2
Match: Event 244920822, Lines 2
Match: Event 244922365, Lines 2
Match: Event 244922897, Lines 2
Match: Event 244923334, Lines 2
Match: Event 244923463, Lines 2
Match: Event 244923746, Lines 2
Match: Event 244924349, Lines 2
Match: Event 244924440, Lines 2
Match: Event 244926707, Lines 2
Match: Event 244927870, Lines 3
Match: Event 244927967, Lines 2
Match: Event 244928148, Lines 2
[93%] 	 29,251/31,452 	 10:41:13
Match: Event 244930995, Lines 2
Match: Event 244932055, Lines 2
Match: Event 244933368, Lines 2
Match: Event 244933403, Lines 2
Match: Event 244934066, Lines 2
Match: Event 244934281, Lines 2
Match: Event 244935327, Lines 2
Match: Event 244935576, Lines 2
Match: Event 244936563, Lines 2
Match: Event 244936700, Lines 2
Match: Event 244938104, Lines 2
Match: Event 244938139, Lines 2
Match: Event 244938205, Lines 2
Match: Event 244938642, Lines 2
[94%] 	 29,565/31,452 	 10:48:25
Match: Event 244941547, Lines 2
Match: Event 244942643, Lines 2
Match: Event 244942797, Lines 2
Match: Event 244943376, Lines 2
Match: Event 244943576, Lines 2
Match: Event 244943635, Lines 3
Match: Event 244943668, Lines 2
Match: Event 244944497, Lines 2
Match: Event 244944818, Lines 2
Match: Event 244947206, Lines 2
Match: Event 244948139, Lines 2
Match: Event 244948744, Lines 2
Match: Event 244949007, Lines 2
[95%] 	 29,880/31,452 	 10:55:24
Match: Event 244949688, Lines 2
Match: Event 244950013, Lines 2
Match: Event 244950685, Lines 2
Match: Event 244953672, Lines 2
Match: Event 244954186, Lines 2
Match: Event 244954338, Lines 3
Match: Event 244954963, Lines 2
Match: Event 244956136, Lines 2
Match: Event 244956200, Lines 2
Match: Event 244956243, Lines 2
Match: Event 244956531, Lines 2
Match: Event 244957446, Lines 2
Match: Event 244958056, Lines 2
Match: Event 244958355, Lines 2
Match: Event 244958907, Lines 2
Match: Event 244959129, Lines 2
[96%] 	 30,194/31,452 	 11:03:00
Match: Event 244959392, Lines 2
Match: Event 244959492, Lines 2
Match: Event 244960470, Lines 2
Match: Event 244960840, Lines 2
Match: Event 244961523, Lines 2
Match: Event 244961636, Lines 2
Match: Event 244962180, Lines 2
Match: Event 244963101, Lines 2
Match: Event 244963943, Lines 2
Match: Event 244964002, Lines 2
Match: Event 244964815, Lines 2
Match: Event 244965669, Lines 2
Match: Event 244965866, Lines 2
Match: Event 244966742, Lines 2
Match: Event 244967730, Lines 2
Match: Event 244968315, Lines 2
Match: Event 244969187, Lines 2
Match: Event 244969299, Lines 2
[97%] 	 30,509/31,452 	 11:10:17
Match: Event 244970227, Lines 2
Match: Event 244970277, Lines 2
Match: Event 244971056, Lines 2
Match: Event 244972395, Lines 2
Match: Event 244973892, Lines 2
Match: Event 244974599, Lines 2
Match: Event 244974749, Lines 2
Match: Event 244975670, Lines 2
Match: Event 244976622, Lines 2
Match: Event 244977265, Lines 2
Match: Event 244977367, Lines 2
Match: Event 244977834, Lines 2
Match: Event 244978598, Lines 2
Match: Event 244980211, Lines 2
[98%] 	 30,823/31,452 	 11:17:13
Match: Event 244980582, Lines 2
Match: Event 244980652, Lines 2
Match: Event 244981524, Lines 2
Match: Event 244981821, Lines 2
Match: Event 244982158, Lines 2
Match: Event 244982166, Lines 2
Match: Event 244982500, Lines 2
Match: Event 244985458, Lines 2
Match: Event 244986014, Lines 2
Match: Event 244986907, Lines 2
Match: Event 244987896, Lines 2
Match: Event 244989088, Lines 2
Match: Event 244990270, Lines 2
Match: Event 244990330, Lines 2
[99%] 	 31,138/31,452 	 11:24:16
Match: Event 244990883, Lines 2
Match: Event 244991428, Lines 2
Match: Event 244992482, Lines 2
Match: Event 244993202, Lines 2
Match: Event 244993537, Lines 2
Match: Event 244994274, Lines 2
Match: Event 244994669, Lines 2
Match: Event 244994679, Lines 2
Match: Event 244995068, Lines 2
Match: Event 244995071, Lines 2
Match: Event 244995947, Lines 2
Match: Event 244997265, Lines 3
Match: Event 244997703, Lines 2
Match: Event 244998261, Lines 2
Match: Event 244998359, Lines 2
Match: Event 244998557, Lines 2
Match: Event 244998975, Lines 2
Match: Event 244999411, Lines 2
Finished in 41456.68s.
 ~ 5) DONE !
