search libraries in slc9_x86-64
 ~ 1) Base stack loaded.
 ~ Sleeping for 45 seconds to avoid AFS DDOS...
 ~ 2) Loading sndsw environment...
 ~ 3) SNDSW_ROOT is set to: /afs/cern.ch/user/i/idioniso/snd_master/sw-root6.28/rhel9_x86-64/sndsw/master-local1
 ~ 4) Executing tracking script...
[INFO] The input consists out of the following trees and files: 
[INFO]  - rawConv
[INFO]     - root://eoshome-i.cern.ch//eos/user/i/idioniso/tridents/initial_cuts/tridents_sndsw_raw-0071.root
[INFO] FairRootFileSink initialized.
[INFO]  - cbmout
[INFO]     - dummy
[INFO] Parameter and input file are available, Assure that basic info is there for the run!
[INFO] ---FairRootManager::SpecifyRunId --- 
[INFO] --- Initialize with RunId  --- 0

************************************************************* 
     initialisation for run id 0
************************************************************* 
-I- FairRunTimeDB::InitContainer() FairBaseParSet
-I- FairRunTimeDB::InitContainer() FairGeoParSet

************************************************************* 
     initialisation for run id 0
************************************************************* 
-I- FairRunTimeDB::InitContainer() FairBaseParSet
-I- FairRunTimeDB::InitContainer() FairGeoParSet
[INFO]  Branch: Reco_MuonTracks not found in Tree.
using geofile: root://eospublic.cern.ch//eos/experiment/sndlhc/convertedData/physics/2023/geofile_sndlhc_TI18_V3_2023.root
[0%] 	 0/31,761 	 00:00:07
Match: Event 71001079, Lines 2
Match: Event 71001332, Lines 2
Match: Event 71001646, Lines 2
Match: Event 71001833, Lines 2
Match: Event 71003540, Lines 2
Match: Event 71004808, Lines 2
Match: Event 71004961, Lines 2
Match: Event 71005226, Lines 2
Match: Event 71007152, Lines 2
Match: Event 71007299, Lines 2
Match: Event 71007591, Lines 2
Match: Event 71008360, Lines 2
Match: Event 71008588, Lines 2
Match: Event 71009142, Lines 2
Match: Event 71009272, Lines 2
[1%] 	 318/31,761 	 00:11:25
Match: Event 71009841, Lines 2
Match: Event 71010677, Lines 2
Match: Event 71011057, Lines 2
Match: Event 71012121, Lines 2
Match: Event 71013611, Lines 2
Match: Event 71013634, Lines 2
Match: Event 71013821, Lines 2
Match: Event 71013925, Lines 2
Match: Event 71015229, Lines 2
Match: Event 71016438, Lines 2
Match: Event 71017685, Lines 2
Match: Event 71017691, Lines 2
Match: Event 71018712, Lines 2
[2%] 	 636/31,761 	 00:26:05
Match: Event 71020773, Lines 2
Match: Event 71022272, Lines 2
Match: Event 71022573, Lines 2
Match: Event 71022716, Lines 2
Match: Event 71022923, Lines 2
Match: Event 71023721, Lines 3
Match: Event 71025258, Lines 2
Match: Event 71025842, Lines 2
Match: Event 71026486, Lines 2
Match: Event 71027582, Lines 2
Match: Event 71028870, Lines 2
[3%] 	 953/31,761 	 00:41:58
Match: Event 71031182, Lines 2
Match: Event 71033062, Lines 2
Match: Event 71033656, Lines 2
Match: Event 71033738, Lines 2
Match: Event 71034123, Lines 2
Match: Event 71034502, Lines 2
Match: Event 71035333, Lines 2
Match: Event 71035616, Lines 2
Match: Event 71035754, Lines 2
Match: Event 71036456, Lines 2
Match: Event 71036884, Lines 2
Match: Event 71039154, Lines 2
Match: Event 71039658, Lines 2
[4%] 	 1,271/31,761 	 00:59:09
Match: Event 71041210, Lines 2
Match: Event 71041543, Lines 2
Match: Event 71043609, Lines 2
Match: Event 71043950, Lines 2
Match: Event 71044748, Lines 2
Match: Event 71044866, Lines 2
Match: Event 71045452, Lines 2
Match: Event 71045919, Lines 2
Match: Event 71046197, Lines 2
Match: Event 71047720, Lines 2
Match: Event 71049720, Lines 2
[5%] 	 1,589/31,761 	 01:17:06
Match: Event 71050525, Lines 2
Match: Event 71052177, Lines 3
Match: Event 71052544, Lines 2
Match: Event 71052915, Lines 2
Match: Event 71054505, Lines 2
Match: Event 71054960, Lines 2
Match: Event 71055919, Lines 3
Match: Event 71056405, Lines 2
Match: Event 71057362, Lines 2
Match: Event 71058889, Lines 2
[6%] 	 1,906/31,761 	 01:34:38
Match: Event 71061371, Lines 2
Match: Event 71061527, Lines 2
Match: Event 71061710, Lines 2
Match: Event 71063316, Lines 2
Match: Event 71063498, Lines 2
Match: Event 71063602, Lines 3
Match: Event 71064812, Lines 2
Match: Event 71065376, Lines 2
Match: Event 71065875, Lines 2
Match: Event 71067335, Lines 2
Match: Event 71067646, Lines 2
Match: Event 71067661, Lines 2
Match: Event 71068030, Lines 2
Match: Event 71068198, Lines 2
Match: Event 71068199, Lines 2
Match: Event 71068502, Lines 2
Match: Event 71068950, Lines 2
Match: Event 71069233, Lines 2
Match: Event 71069298, Lines 2
Match: Event 71069781, Lines 2
Match: Event 71069862, Lines 2
Match: Event 71070065, Lines 2
[7%] 	 2,224/31,761 	 01:50:47
Match: Event 71070634, Lines 2
Match: Event 71070772, Lines 2
Match: Event 71071125, Lines 2
Match: Event 71071723, Lines 2
Match: Event 71071874, Lines 2
Match: Event 71071909, Lines 2
Match: Event 71072200, Lines 2
Match: Event 71072466, Lines 2
Match: Event 71073300, Lines 2
Match: Event 71075150, Lines 2
Match: Event 71075875, Lines 2
Match: Event 71077385, Lines 2
Match: Event 71077461, Lines 2
Match: Event 71079022, Lines 2
[8%] 	 2,541/31,761 	 02:06:46
Match: Event 71080361, Lines 2
Match: Event 71081021, Lines 2
Match: Event 71081558, Lines 2
Match: Event 71081601, Lines 2
Match: Event 71082350, Lines 2
Match: Event 71082852, Lines 2
Match: Event 71083438, Lines 2
Match: Event 71083806, Lines 2
Match: Event 71084446, Lines 2
Match: Event 71085274, Lines 2
Match: Event 71085577, Lines 2
Match: Event 71086168, Lines 2
Match: Event 71086549, Lines 2
Match: Event 71086965, Lines 2
Match: Event 71087502, Lines 2
Match: Event 71087631, Lines 2
Match: Event 71087743, Lines 2
Match: Event 71088725, Lines 2
[9%] 	 2,859/31,761 	 02:18:32
Match: Event 71089227, Lines 2
Match: Event 71092855, Lines 2
Match: Event 71092936, Lines 2
Match: Event 71093130, Lines 2
Match: Event 71093565, Lines 2
Match: Event 71093870, Lines 2
Match: Event 71094572, Lines 2
Match: Event 71095929, Lines 2
Match: Event 71096028, Lines 2
Match: Event 71096751, Lines 2
Match: Event 71097479, Lines 2
Match: Event 71098363, Lines 2
Match: Event 71098818, Lines 2
Match: Event 71099351, Lines 2
[10%] 	 3,177/31,761 	 02:27:12
Match: Event 71100860, Lines 2
Match: Event 71102409, Lines 2
Match: Event 71102545, Lines 2
Match: Event 71103658, Lines 2
Match: Event 71103913, Lines 2
Match: Event 71104641, Lines 2
Match: Event 71104676, Lines 2
Match: Event 71104800, Lines 2
Match: Event 71104888, Lines 2
Match: Event 71105304, Lines 2
Match: Event 71105384, Lines 2
Match: Event 71108525, Lines 2
[11%] 	 3,494/31,761 	 02:37:26
Match: Event 71108715, Lines 2
Match: Event 71109304, Lines 2
Match: Event 71111752, Lines 2
Match: Event 71113040, Lines 3
Match: Event 71113468, Lines 2
Match: Event 71113738, Lines 2
Match: Event 71113775, Lines 2
Match: Event 71114449, Lines 2
Match: Event 71115357, Lines 2
Match: Event 71116489, Lines 2
Match: Event 71116884, Lines 2
Match: Event 71117426, Lines 3
Match: Event 71117622, Lines 2
[12%] 	 3,812/31,761 	 02:54:05
Match: Event 71118535, Lines 2
Match: Event 71118784, Lines 2
Match: Event 71118831, Lines 2
Match: Event 71119751, Lines 2
Match: Event 71122714, Lines 2
Match: Event 71123156, Lines 2
Match: Event 71123394, Lines 2
Match: Event 71123745, Lines 2
Match: Event 71123958, Lines 2
Match: Event 71124105, Lines 2
Match: Event 71124197, Lines 2
Match: Event 71124684, Lines 2
Match: Event 71125989, Lines 3
Match: Event 71127283, Lines 2
Match: Event 71127666, Lines 2
Match: Event 71128315, Lines 2
Match: Event 71128603, Lines 2
[13%] 	 4,129/31,761 	 03:09:14
Match: Event 71131084, Lines 3
Match: Event 71131177, Lines 2
Match: Event 71132275, Lines 2
Match: Event 71132813, Lines 2
Match: Event 71133145, Lines 2
Match: Event 71134377, Lines 2
Match: Event 71135624, Lines 2
Match: Event 71135997, Lines 2
Match: Event 71136564, Lines 2
Match: Event 71137034, Lines 2
Match: Event 71137342, Lines 3
Match: Event 71137875, Lines 2
Match: Event 71137917, Lines 2
Match: Event 71139016, Lines 2
Match: Event 71139032, Lines 2
Match: Event 71139885, Lines 2
[14%] 	 4,447/31,761 	 03:23:51
Match: Event 71140974, Lines 2
Match: Event 71141116, Lines 2
Match: Event 71141407, Lines 2
Match: Event 71142337, Lines 2
Match: Event 71142602, Lines 3
Match: Event 71142678, Lines 2
Match: Event 71143574, Lines 2
Match: Event 71145203, Lines 2
Match: Event 71145493, Lines 2
Match: Event 71146352, Lines 2
Match: Event 71147605, Lines 2
Match: Event 71147613, Lines 2
Match: Event 71147950, Lines 2
Match: Event 71148571, Lines 2
Match: Event 71149729, Lines 2
Match: Event 71150021, Lines 2
[15%] 	 4,765/31,761 	 03:36:29
Match: Event 71151210, Lines 2
Match: Event 71151742, Lines 2
Match: Event 71152832, Lines 2
Match: Event 71152977, Lines 2
Match: Event 71153411, Lines 2
Match: Event 71154114, Lines 2
Match: Event 71155832, Lines 2
Match: Event 71156757, Lines 2
Match: Event 71157943, Lines 2
Match: Event 71159337, Lines 2
Match: Event 71159629, Lines 3
[16%] 	 5,082/31,761 	 03:45:01
Match: Event 71162224, Lines 2
Match: Event 71164086, Lines 2
Match: Event 71164452, Lines 2
Match: Event 71164975, Lines 2
Match: Event 71165090, Lines 2
Match: Event 71165755, Lines 2
Match: Event 71166425, Lines 2
Match: Event 71167736, Lines 2
Match: Event 71168943, Lines 2
Match: Event 71169145, Lines 2
[17%] 	 5,400/31,761 	 03:53:46
Match: Event 71170766, Lines 2
Match: Event 71170829, Lines 3
Match: Event 71172216, Lines 2
Match: Event 71173468, Lines 2
Match: Event 71173686, Lines 2
Match: Event 71173773, Lines 2
Match: Event 71173852, Lines 2
Match: Event 71175174, Lines 2
Match: Event 71175838, Lines 2
Match: Event 71176174, Lines 2
Match: Event 71176772, Lines 2
Match: Event 71176993, Lines 2
Match: Event 71177491, Lines 3
Match: Event 71177764, Lines 2
Match: Event 71178611, Lines 2
Match: Event 71178809, Lines 2
Match: Event 71179470, Lines 2
[18%] 	 5,717/31,761 	 04:02:46
Match: Event 71179488, Lines 3
Match: Event 71179894, Lines 2
Match: Event 71180386, Lines 2
Match: Event 71180418, Lines 2
Match: Event 71180989, Lines 2
Match: Event 71183807, Lines 2
Match: Event 71185501, Lines 3
Match: Event 71185708, Lines 2
Match: Event 71186631, Lines 2
Match: Event 71188334, Lines 2
Match: Event 71188407, Lines 2
Match: Event 71188773, Lines 2
[19%] 	 6,035/31,761 	 04:10:33
Match: Event 71189642, Lines 2
Match: Event 71190440, Lines 2
Match: Event 71190646, Lines 2
Match: Event 71190719, Lines 2
Match: Event 71190732, Lines 2
Match: Event 71192688, Lines 2
Match: Event 71193226, Lines 2
Match: Event 71193979, Lines 2
Match: Event 71194003, Lines 2
Match: Event 71195283, Lines 2
Match: Event 71197262, Lines 2
Match: Event 71197619, Lines 2
Match: Event 71198202, Lines 2
[20%] 	 6,353/31,761 	 04:18:16
Match: Event 71199242, Lines 2
Match: Event 71200239, Lines 2
Match: Event 71200412, Lines 2
Match: Event 71200686, Lines 2
Match: Event 71201166, Lines 2
Match: Event 71202869, Lines 2
Match: Event 71203014, Lines 2
Match: Event 71203564, Lines 2
Match: Event 71205139, Lines 2
Match: Event 71206392, Lines 2
Match: Event 71207765, Lines 2
Match: Event 71209152, Lines 2
[21%] 	 6,670/31,761 	 04:26:06
Match: Event 71210770, Lines 2
Match: Event 71210885, Lines 2
Match: Event 71212585, Lines 2
Match: Event 71212858, Lines 2
Match: Event 71213471, Lines 2
Match: Event 71214126, Lines 2
Match: Event 71214406, Lines 2
Match: Event 71216179, Lines 2
Match: Event 71216658, Lines 2
Match: Event 71218399, Lines 2
Match: Event 71219336, Lines 2
Match: Event 71219378, Lines 2
Match: Event 71220025, Lines 2
[22%] 	 6,988/31,761 	 04:34:53
Match: Event 71220333, Lines 2
Match: Event 71220760, Lines 3
Match: Event 71221397, Lines 2
Match: Event 71221552, Lines 2
Match: Event 71221585, Lines 2
Match: Event 71223237, Lines 2
Match: Event 71223953, Lines 2
Match: Event 71223980, Lines 2
Match: Event 71224094, Lines 2
Match: Event 71224771, Lines 2
Match: Event 71225716, Lines 2
Match: Event 71225883, Lines 2
Match: Event 71226080, Lines 2
Match: Event 71226864, Lines 2
Match: Event 71227369, Lines 2
Match: Event 71227578, Lines 2
Match: Event 71227650, Lines 2
Match: Event 71227738, Lines 2
Match: Event 71230073, Lines 2
[23%] 	 7,306/31,761 	 04:43:56
Match: Event 71231021, Lines 2
Match: Event 71231068, Lines 2
Match: Event 71231865, Lines 2
Match: Event 71232337, Lines 2
Match: Event 71233188, Lines 2
Match: Event 71234266, Lines 2
Match: Event 71234460, Lines 2
Match: Event 71234635, Lines 2
Match: Event 71235117, Lines 2
Match: Event 71236466, Lines 2
Match: Event 71237465, Lines 2
[24%] 	 7,623/31,761 	 04:52:08
Match: Event 71242429, Lines 2
Match: Event 71242746, Lines 2
Match: Event 71243099, Lines 2
Match: Event 71243330, Lines 2
Match: Event 71243358, Lines 2
Match: Event 71244433, Lines 2
Match: Event 71244449, Lines 2
Match: Event 71244720, Lines 2
Match: Event 71244926, Lines 2
Match: Event 71245532, Lines 2
Match: Event 71248060, Lines 2
Match: Event 71249760, Lines 2
[25%] 	 7,941/31,761 	 05:00:49
Match: Event 71251399, Lines 2
Match: Event 71251996, Lines 2
Match: Event 71252322, Lines 2
Match: Event 71253293, Lines 2
Match: Event 71253377, Lines 2
Match: Event 71253821, Lines 2
Match: Event 71254906, Lines 2
Match: Event 71255655, Lines 2
Match: Event 71256036, Lines 2
Match: Event 71256132, Lines 2
Match: Event 71257685, Lines 2
Match: Event 71258639, Lines 3
Match: Event 71258741, Lines 2
Match: Event 71259188, Lines 2
Match: Event 71260422, Lines 2
[26%] 	 8,258/31,761 	 05:09:28
Match: Event 71261004, Lines 2
Match: Event 71261044, Lines 2
Match: Event 71261201, Lines 2
Match: Event 71261847, Lines 3
Match: Event 71262411, Lines 2
Match: Event 71262483, Lines 2
Match: Event 71262590, Lines 2
Match: Event 71263019, Lines 2
Match: Event 71267389, Lines 2
Match: Event 71267417, Lines 2
Match: Event 71267981, Lines 2
Match: Event 71268278, Lines 2
Match: Event 71268647, Lines 2
Match: Event 71269415, Lines 2
[27%] 	 8,576/31,761 	 05:17:34
Match: Event 71271004, Lines 3
Match: Event 71272020, Lines 2
Match: Event 71272074, Lines 2
Match: Event 71272188, Lines 2
Match: Event 71272475, Lines 3
Match: Event 71272567, Lines 2
Match: Event 71273881, Lines 2
Match: Event 71274107, Lines 2
Match: Event 71274243, Lines 2
Match: Event 71275091, Lines 2
Match: Event 71275292, Lines 2
Match: Event 71275387, Lines 2
Match: Event 71276474, Lines 2
Match: Event 71276509, Lines 2
Match: Event 71276548, Lines 2
Match: Event 71276651, Lines 2
Match: Event 71278664, Lines 2
Match: Event 71279268, Lines 2
Match: Event 71279938, Lines 2
Match: Event 71280310, Lines 2
Match: Event 71281294, Lines 2
[28%] 	 8,894/31,761 	 05:26:13
Match: Event 71281498, Lines 2
Match: Event 71282635, Lines 2
Match: Event 71282997, Lines 2
Match: Event 71284601, Lines 2
Match: Event 71285427, Lines 2
Match: Event 71286478, Lines 2
Match: Event 71288383, Lines 2
Match: Event 71288811, Lines 2
Match: Event 71289330, Lines 2
Match: Event 71291274, Lines 2
Match: Event 71291450, Lines 2
Match: Event 71291651, Lines 2
[29%] 	 9,211/31,761 	 05:34:23
Match: Event 71291916, Lines 2
Match: Event 71292348, Lines 2
Match: Event 71293355, Lines 2
Match: Event 71294340, Lines 2
Match: Event 71294849, Lines 2
Match: Event 71295627, Lines 2
Match: Event 71295969, Lines 2
Match: Event 71296367, Lines 2
Match: Event 71297169, Lines 2
Match: Event 71297590, Lines 2
Match: Event 71297603, Lines 2
Match: Event 71297812, Lines 2
Match: Event 71298933, Lines 2
Match: Event 71299030, Lines 2
Match: Event 71299122, Lines 2
Match: Event 71299199, Lines 2
Match: Event 71299451, Lines 2
Match: Event 71300056, Lines 2
Match: Event 71300494, Lines 2
Match: Event 71301588, Lines 2
[30%] 	 9,529/31,761 	 05:43:38
Match: Event 71301774, Lines 2
Match: Event 71301915, Lines 2
Match: Event 71302755, Lines 2
Match: Event 71303417, Lines 2
Match: Event 71304615, Lines 2
Match: Event 71305472, Lines 2
Match: Event 71305743, Lines 2
Match: Event 71306444, Lines 2
Match: Event 71306510, Lines 2
Match: Event 71306887, Lines 2
Match: Event 71307691, Lines 2
Match: Event 71307828, Lines 2
Match: Event 71307865, Lines 2
Match: Event 71307985, Lines 3
Match: Event 71308235, Lines 2
Match: Event 71309597, Lines 2
Match: Event 71309907, Lines 3
Match: Event 71310107, Lines 2
[31%] 	 9,846/31,761 	 05:52:29
Match: Event 71311459, Lines 2
Match: Event 71311843, Lines 2
Match: Event 71312485, Lines 2
Match: Event 71312914, Lines 2
Match: Event 71313112, Lines 2
Match: Event 71314474, Lines 2
Match: Event 71314590, Lines 2
Match: Event 71314842, Lines 2
Match: Event 71315067, Lines 2
Match: Event 71315260, Lines 2
Match: Event 71316586, Lines 2
Match: Event 71316912, Lines 2
Match: Event 71317327, Lines 2
Match: Event 71318398, Lines 2
Match: Event 71320269, Lines 2
Match: Event 71320610, Lines 2
Match: Event 71321186, Lines 2
Match: Event 71321711, Lines 2
Match: Event 71321791, Lines 2
Match: Event 71321903, Lines 2
[32%] 	 10,164/31,761 	 06:01:10
Match: Event 71322257, Lines 3
Match: Event 71323536, Lines 2
Match: Event 71323609, Lines 2
Match: Event 71323611, Lines 2
Match: Event 71324665, Lines 2
Match: Event 71325686, Lines 2
Match: Event 71327082, Lines 2
Match: Event 71327479, Lines 2
Match: Event 71328180, Lines 2
Match: Event 71328364, Lines 2
Match: Event 71329786, Lines 2
Match: Event 71331362, Lines 3
Match: Event 71331492, Lines 2
[33%] 	 10,482/31,761 	 06:09:32
Match: Event 71333522, Lines 2
Match: Event 71333744, Lines 2
Match: Event 71334134, Lines 2
Match: Event 71335834, Lines 2
Match: Event 71336934, Lines 2
Match: Event 71337187, Lines 2
Match: Event 71337483, Lines 2
Match: Event 71338463, Lines 2
Match: Event 71340529, Lines 2
Match: Event 71340631, Lines 2
Match: Event 71340693, Lines 2
[34%] 	 10,799/31,761 	 06:18:41
Match: Event 71342364, Lines 2
Match: Event 71342877, Lines 2
Match: Event 71343357, Lines 2
Match: Event 71344796, Lines 2
Match: Event 71346305, Lines 2
Match: Event 71348065, Lines 2
Match: Event 71349037, Lines 2
Match: Event 71349315, Lines 2
Match: Event 71351502, Lines 2
Match: Event 71352087, Lines 2
Match: Event 71352088, Lines 2
[35%] 	 11,117/31,761 	 06:27:12
Match: Event 71353207, Lines 2
Match: Event 71354120, Lines 2
Match: Event 71354602, Lines 2
Match: Event 71355255, Lines 2
Match: Event 71356453, Lines 2
Match: Event 71356790, Lines 2
Match: Event 71357452, Lines 2
Match: Event 71357660, Lines 2
Match: Event 71359213, Lines 2
Match: Event 71359517, Lines 2
Match: Event 71359931, Lines 2
Match: Event 71360775, Lines 2
Match: Event 71361048, Lines 2
Match: Event 71362306, Lines 2
Match: Event 71362473, Lines 2
[36%] 	 11,434/31,761 	 06:35:57
Match: Event 71364554, Lines 2
Match: Event 71364985, Lines 2
Match: Event 71366107, Lines 2
Match: Event 71366736, Lines 2
Match: Event 71368795, Lines 2
Match: Event 71370196, Lines 2
Match: Event 71370267, Lines 2
Match: Event 71370746, Lines 2
Match: Event 71371629, Lines 2
Match: Event 71371912, Lines 2
Match: Event 71372424, Lines 2
[37%] 	 11,752/31,761 	 06:43:40
Match: Event 71373090, Lines 2
Match: Event 71373728, Lines 2
Match: Event 71373767, Lines 2
Match: Event 71373791, Lines 2
Match: Event 71377185, Lines 2
Match: Event 71377631, Lines 2
Match: Event 71377646, Lines 3
Match: Event 71378831, Lines 2
Match: Event 71379914, Lines 2
Match: Event 71380444, Lines 2
Match: Event 71381105, Lines 2
Match: Event 71381293, Lines 2
Match: Event 71382111, Lines 3
[38%] 	 12,070/31,761 	 06:51:25
Match: Event 71382675, Lines 3
Match: Event 71382750, Lines 2
Match: Event 71383058, Lines 2
Match: Event 71383666, Lines 2
Match: Event 71384493, Lines 2
Match: Event 71384713, Lines 2
Match: Event 71385200, Lines 2
Match: Event 71386105, Lines 2
Match: Event 71386336, Lines 2
Match: Event 71389263, Lines 2
[39%] 	 12,387/31,761 	 07:00:20
Match: Event 71391273, Lines 2
Match: Event 71391410, Lines 2
Match: Event 71391819, Lines 2
Match: Event 71393107, Lines 2
Match: Event 71393386, Lines 2
Match: Event 71393945, Lines 2
Match: Event 71394618, Lines 2
Match: Event 71395028, Lines 2
Match: Event 71395456, Lines 2
Match: Event 71395742, Lines 2
Match: Event 71398721, Lines 2
Match: Event 71399220, Lines 2
Match: Event 71399727, Lines 2
Match: Event 71400086, Lines 2
[40%] 	 12,705/31,761 	 07:08:48
Match: Event 71401459, Lines 2
Match: Event 71403517, Lines 2
Match: Event 71404844, Lines 2
Match: Event 71405086, Lines 2
Match: Event 71405386, Lines 2
Match: Event 71405469, Lines 2
Match: Event 71405588, Lines 2
Match: Event 71406243, Lines 2
Match: Event 71406527, Lines 2
Match: Event 71407426, Lines 2
Match: Event 71407643, Lines 2
Match: Event 71408105, Lines 2
Match: Event 71409431, Lines 2
Match: Event 71409871, Lines 2
Match: Event 71410028, Lines 2
[41%] 	 13,023/31,761 	 07:16:35
Match: Event 71410196, Lines 2
Match: Event 71412151, Lines 2
Match: Event 71412242, Lines 2
Match: Event 71413088, Lines 2
Match: Event 71413657, Lines 2
Match: Event 71414241, Lines 2
Match: Event 71414645, Lines 2
Match: Event 71414957, Lines 2
Match: Event 71415591, Lines 2
Match: Event 71418413, Lines 2
Match: Event 71418706, Lines 2
Match: Event 71419762, Lines 2
[42%] 	 13,340/31,761 	 07:24:21
Match: Event 71421056, Lines 2
Match: Event 71421187, Lines 2
Match: Event 71421569, Lines 2
Match: Event 71421667, Lines 2
Match: Event 71421718, Lines 2
Match: Event 71421743, Lines 2
Match: Event 71422161, Lines 2
Match: Event 71422926, Lines 2
Match: Event 71423075, Lines 2
Match: Event 71423353, Lines 2
Match: Event 71423532, Lines 2
Match: Event 71423648, Lines 2
Match: Event 71424757, Lines 2
Match: Event 71425107, Lines 2
Match: Event 71425294, Lines 2
Match: Event 71426190, Lines 2
Match: Event 71426406, Lines 2
Match: Event 71426511, Lines 2
Match: Event 71426538, Lines 2
Match: Event 71426867, Lines 2
Match: Event 71427178, Lines 2
Match: Event 71427336, Lines 2
Match: Event 71427653, Lines 2
Match: Event 71427776, Lines 2
Match: Event 71427996, Lines 2
Match: Event 71428201, Lines 2
Match: Event 71428294, Lines 2
Match: Event 71428647, Lines 2
Match: Event 71428799, Lines 2
[43%] 	 13,658/31,761 	 07:33:17
Match: Event 71431315, Lines 2
Match: Event 71432161, Lines 2
Match: Event 71432474, Lines 2
Match: Event 71432729, Lines 2
Match: Event 71435078, Lines 2
Match: Event 71436174, Lines 3
Match: Event 71436655, Lines 3
Match: Event 71436826, Lines 2
Match: Event 71437253, Lines 2
Match: Event 71437485, Lines 2
Match: Event 71437715, Lines 2
Match: Event 71437856, Lines 2
Match: Event 71437983, Lines 2
Match: Event 71438104, Lines 2
Match: Event 71438493, Lines 2
[44%] 	 13,975/31,761 	 07:41:00
Match: Event 71440684, Lines 2
Match: Event 71441517, Lines 2
Match: Event 71441520, Lines 2
Match: Event 71441598, Lines 3
Match: Event 71442090, Lines 2
Match: Event 71443036, Lines 2
Match: Event 71443820, Lines 2
Match: Event 71444106, Lines 2
Match: Event 71444584, Lines 2
Match: Event 71446334, Lines 2
Match: Event 71447978, Lines 2
[45%] 	 14,293/31,761 	 07:49:12
Match: Event 71450928, Lines 2
Match: Event 71452441, Lines 2
Match: Event 71452621, Lines 2
Match: Event 71453427, Lines 2
Match: Event 71453608, Lines 2
Match: Event 71454116, Lines 2
Match: Event 71455843, Lines 2
Match: Event 71456333, Lines 2
Match: Event 71458286, Lines 2
Match: Event 71458622, Lines 2
Match: Event 71458788, Lines 2
[46%] 	 14,611/31,761 	 07:57:00
Match: Event 71459439, Lines 3
Match: Event 71460037, Lines 2
Match: Event 71460106, Lines 2
Match: Event 71460238, Lines 3
Match: Event 71461033, Lines 2
Match: Event 71461736, Lines 2
Match: Event 71462284, Lines 2
Match: Event 71462617, Lines 2
Match: Event 71463294, Lines 2
Match: Event 71463475, Lines 2
Match: Event 71464180, Lines 2
Match: Event 71464319, Lines 2
Match: Event 71464465, Lines 2
Match: Event 71465376, Lines 2
Match: Event 71466736, Lines 2
Match: Event 71468072, Lines 2
Match: Event 71468356, Lines 2
[47%] 	 14,928/31,761 	 08:05:07
Match: Event 71468873, Lines 3
Match: Event 71470608, Lines 2
Match: Event 71470809, Lines 2
Match: Event 71472173, Lines 2
Match: Event 71473267, Lines 2
Match: Event 71475253, Lines 2
Match: Event 71475674, Lines 2
Match: Event 71477192, Lines 2
Match: Event 71477219, Lines 2
[48%] 	 15,246/31,761 	 08:13:05
Match: Event 71478157, Lines 2
Match: Event 71478330, Lines 2
Match: Event 71478745, Lines 2
Match: Event 71480105, Lines 2
Match: Event 71480854, Lines 2
Match: Event 71481680, Lines 2
Match: Event 71483348, Lines 2
Match: Event 71483918, Lines 2
Match: Event 71484137, Lines 2
Match: Event 71485213, Lines 2
Match: Event 71485874, Lines 2
Match: Event 71486593, Lines 2
Match: Event 71487504, Lines 2
[49%] 	 15,563/31,761 	 08:21:11
Match: Event 71488435, Lines 3
Match: Event 71488848, Lines 2
Match: Event 71489629, Lines 2
Match: Event 71489663, Lines 2
Match: Event 71490018, Lines 2
Match: Event 71490192, Lines 2
Match: Event 71490390, Lines 2
Match: Event 71490536, Lines 2
Match: Event 71490605, Lines 2
Match: Event 71491205, Lines 2
Match: Event 71491979, Lines 2
Match: Event 71493204, Lines 2
Match: Event 71493342, Lines 2
Match: Event 71494696, Lines 2
Match: Event 71494853, Lines 3
Match: Event 71496383, Lines 2
Match: Event 71496939, Lines 2
Match: Event 71497586, Lines 2
[50%] 	 15,881/31,761 	 08:29:16
Match: Event 71498976, Lines 2
Match: Event 71499247, Lines 2
Match: Event 71499282, Lines 2
Match: Event 71499299, Lines 2
Match: Event 71499416, Lines 2
Match: Event 71499679, Lines 2
Match: Event 71500048, Lines 2
Match: Event 71500191, Lines 3
Match: Event 71500199, Lines 2
Match: Event 71501535, Lines 2
Match: Event 71501800, Lines 2
Match: Event 71502102, Lines 2
Match: Event 71502311, Lines 2
Match: Event 71502494, Lines 2
Match: Event 71502619, Lines 3
Match: Event 71502897, Lines 2
Match: Event 71503586, Lines 2
Match: Event 71504424, Lines 2
Match: Event 71504895, Lines 2
Match: Event 71505828, Lines 2
Match: Event 71506032, Lines 2
Match: Event 71506414, Lines 2
Match: Event 71506736, Lines 3
Match: Event 71506799, Lines 2
[51%] 	 16,199/31,761 	 08:37:41
Match: Event 71508546, Lines 2
Match: Event 71509125, Lines 2
Match: Event 71509380, Lines 2
Match: Event 71509719, Lines 2
Match: Event 71510263, Lines 2
Match: Event 71510272, Lines 2
Match: Event 71510436, Lines 2
Match: Event 71510709, Lines 2
Match: Event 71511016, Lines 2
Match: Event 71511905, Lines 2
Match: Event 71512137, Lines 2
Match: Event 71513759, Lines 2
Match: Event 71517367, Lines 2
Match: Event 71517468, Lines 2
Match: Event 71517527, Lines 2
Match: Event 71517889, Lines 2
[52%] 	 16,516/31,761 	 08:45:42
Match: Event 71519093, Lines 2
Match: Event 71519282, Lines 2
Match: Event 71520139, Lines 2
Match: Event 71520701, Lines 2
Match: Event 71520818, Lines 2
Match: Event 71522173, Lines 2
Match: Event 71523426, Lines 2
Match: Event 71523767, Lines 2
Match: Event 71523990, Lines 2
Match: Event 71525164, Lines 2
Match: Event 71525404, Lines 2
Match: Event 71527253, Lines 2
Match: Event 71527726, Lines 2
Match: Event 71528598, Lines 2
[53%] 	 16,834/31,761 	 08:53:54
Match: Event 71528809, Lines 2
Match: Event 71529266, Lines 2
Match: Event 71530790, Lines 2
Match: Event 71531803, Lines 2
Match: Event 71532073, Lines 2
Match: Event 71532373, Lines 2
Match: Event 71534566, Lines 2
Match: Event 71535486, Lines 2
Match: Event 71535840, Lines 2
Match: Event 71536085, Lines 2
Match: Event 71536650, Lines 2
Match: Event 71537838, Lines 2
[54%] 	 17,151/31,761 	 09:02:33
Match: Event 71538485, Lines 2
Match: Event 71543871, Lines 2
Match: Event 71546383, Lines 2
Match: Event 71547425, Lines 2
Match: Event 71548493, Lines 2
[55%] 	 17,469/31,761 	 09:11:37
Match: Event 71549096, Lines 2
Match: Event 71549581, Lines 2
Match: Event 71550239, Lines 2
Match: Event 71552655, Lines 2
Match: Event 71552863, Lines 2
Match: Event 71553647, Lines 2
Match: Event 71553652, Lines 2
Match: Event 71556744, Lines 2
Match: Event 71557020, Lines 2
Match: Event 71558511, Lines 2
Match: Event 71558688, Lines 2
[56%] 	 17,787/31,761 	 09:19:57
Match: Event 71559319, Lines 2
Match: Event 71560228, Lines 2
Match: Event 71561130, Lines 2
Match: Event 71561223, Lines 2
Match: Event 71561502, Lines 2
Match: Event 71561559, Lines 2
Match: Event 71561560, Lines 2
Match: Event 71561669, Lines 2
Match: Event 71562369, Lines 2
Match: Event 71562407, Lines 2
Match: Event 71563311, Lines 2
Match: Event 71563496, Lines 2
Match: Event 71563691, Lines 2
Match: Event 71564448, Lines 2
Match: Event 71564536, Lines 2
Match: Event 71565534, Lines 2
Match: Event 71565960, Lines 2
Match: Event 71566697, Lines 2
Match: Event 71566747, Lines 2
Match: Event 71567396, Lines 2
Match: Event 71567899, Lines 2
Match: Event 71567928, Lines 2
Match: Event 71568106, Lines 2
Match: Event 71568159, Lines 2
[57%] 	 18,104/31,761 	 09:28:02
Match: Event 71569030, Lines 2
Match: Event 71569702, Lines 2
Match: Event 71570611, Lines 2
Match: Event 71570948, Lines 2
Match: Event 71571826, Lines 2
Match: Event 71572221, Lines 2
Match: Event 71572588, Lines 2
Match: Event 71574887, Lines 2
Match: Event 71575311, Lines 2
Match: Event 71576233, Lines 2
Match: Event 71576463, Lines 2
Match: Event 71576937, Lines 2
Match: Event 71577025, Lines 2
Match: Event 71577499, Lines 2
[58%] 	 18,422/31,761 	 09:35:42
Match: Event 71578090, Lines 2
Match: Event 71578437, Lines 2
Match: Event 71578515, Lines 2
Match: Event 71579364, Lines 2
Match: Event 71580058, Lines 2
Match: Event 71581391, Lines 2
Match: Event 71582464, Lines 2
Match: Event 71582619, Lines 2
Match: Event 71584112, Lines 2
Match: Event 71584548, Lines 2
Match: Event 71584697, Lines 2
Match: Event 71584729, Lines 2
Match: Event 71585229, Lines 2
Match: Event 71585990, Lines 2
Match: Event 71586035, Lines 2
Match: Event 71586256, Lines 2
[59%] 	 18,739/31,761 	 09:43:53
Match: Event 71587914, Lines 2
Match: Event 71588067, Lines 2
Match: Event 71589317, Lines 2
Match: Event 71590250, Lines 2
Match: Event 71591028, Lines 2
Match: Event 71591425, Lines 2
Match: Event 71591507, Lines 2
Match: Event 71591620, Lines 2
Match: Event 71591884, Lines 2
Match: Event 71592009, Lines 2
Match: Event 71592926, Lines 2
Match: Event 71593761, Lines 2
Match: Event 71595205, Lines 2
Match: Event 71595686, Lines 2
Match: Event 71596880, Lines 2
Match: Event 71597079, Lines 2
Match: Event 71597598, Lines 2
Match: Event 71597864, Lines 2
[60%] 	 19,057/31,761 	 09:52:23
Match: Event 71599470, Lines 2
Match: Event 71599543, Lines 2
Match: Event 71600140, Lines 2
Match: Event 71600801, Lines 2
Match: Event 71601190, Lines 2
Match: Event 71601500, Lines 2
Match: Event 71602013, Lines 2
Match: Event 71602529, Lines 2
Match: Event 71602934, Lines 2
Match: Event 71603006, Lines 2
Match: Event 71603036, Lines 2
Match: Event 71603887, Lines 2
Match: Event 71604124, Lines 3
Match: Event 71604483, Lines 2
Match: Event 71605068, Lines 2
Match: Event 71605083, Lines 2
Match: Event 71605126, Lines 2
Match: Event 71605632, Lines 2
Match: Event 71607357, Lines 3
[61%] 	 19,375/31,761 	 10:00:58
Match: Event 71608588, Lines 2
Match: Event 71609046, Lines 2
Match: Event 71610084, Lines 2
Match: Event 71610734, Lines 2
Match: Event 71610807, Lines 2
Match: Event 71610986, Lines 2
Match: Event 71610993, Lines 2
Match: Event 71611261, Lines 2
Match: Event 71611997, Lines 3
Match: Event 71612465, Lines 2
Match: Event 71613519, Lines 2
Match: Event 71614314, Lines 2
Match: Event 71615037, Lines 2
Match: Event 71615199, Lines 2
Match: Event 71615351, Lines 2
Match: Event 71617120, Lines 2
[62%] 	 19,692/31,761 	 10:08:54
Match: Event 71617637, Lines 2
Match: Event 71618450, Lines 2
Match: Event 71618676, Lines 2
Match: Event 71619563, Lines 2
Match: Event 71620123, Lines 2
Match: Event 71621821, Lines 2
Match: Event 71622003, Lines 2
Match: Event 71622299, Lines 2
Match: Event 71623523, Lines 2
Match: Event 71625818, Lines 2
Match: Event 71627174, Lines 2
Match: Event 71627268, Lines 2
[63%] 	 20,010/31,761 	 10:17:05
Match: Event 71628963, Lines 2
Match: Event 71629126, Lines 2
Match: Event 71630129, Lines 2
Match: Event 71630564, Lines 2
Match: Event 71631433, Lines 2
Match: Event 71631815, Lines 2
Match: Event 71632379, Lines 2
Match: Event 71633377, Lines 2
Match: Event 71633437, Lines 2
Match: Event 71633702, Lines 3
Match: Event 71633963, Lines 2
Match: Event 71634197, Lines 2
Match: Event 71635675, Lines 2
Match: Event 71636912, Lines 2
Match: Event 71636921, Lines 2
[64%] 	 20,328/31,761 	 10:25:52
Match: Event 71637149, Lines 2
Match: Event 71637912, Lines 2
Match: Event 71639055, Lines 2
Match: Event 71639996, Lines 2
Match: Event 71640869, Lines 2
Match: Event 71641261, Lines 2
Match: Event 71641276, Lines 2
Match: Event 71643857, Lines 2
Match: Event 71644725, Lines 2
Match: Event 71644849, Lines 2
Match: Event 71645235, Lines 2
Match: Event 71645548, Lines 2
Match: Event 71645648, Lines 2
[65%] 	 20,645/31,761 	 10:34:20
Match: Event 71645725, Lines 2
Match: Event 71648296, Lines 2
Match: Event 71650680, Lines 2
Match: Event 71651071, Lines 2
Match: Event 71653164, Lines 3
Match: Event 71653178, Lines 3
Match: Event 71653435, Lines 2
Match: Event 71654315, Lines 2
Match: Event 71654444, Lines 2
Match: Event 71655686, Lines 2
[66%] 	 20,963/31,761 	 10:42:45
Match: Event 71656485, Lines 2
Match: Event 71656658, Lines 2
Match: Event 71657009, Lines 2
Match: Event 71657831, Lines 2
Match: Event 71658278, Lines 2
Match: Event 71661103, Lines 2
Match: Event 71663339, Lines 2
Match: Event 71663608, Lines 2
Match: Event 71664024, Lines 2
Match: Event 71664601, Lines 2
Match: Event 71665388, Lines 2
Match: Event 71665632, Lines 2
[67%] 	 21,280/31,761 	 10:50:43
Match: Event 71667265, Lines 2
Match: Event 71667984, Lines 2
Match: Event 71668545, Lines 2
Match: Event 71669153, Lines 2
Match: Event 71669318, Lines 2
Match: Event 71670800, Lines 2
Match: Event 71671442, Lines 2
Match: Event 71672862, Lines 2
Match: Event 71673132, Lines 2
Match: Event 71673438, Lines 2
Match: Event 71674051, Lines 2
Match: Event 71674388, Lines 3
Match: Event 71674852, Lines 2
Match: Event 71675727, Lines 2
Match: Event 71677411, Lines 2
Match: Event 71677868, Lines 2
[68%] 	 21,598/31,761 	 10:58:27
Match: Event 71678628, Lines 2
Match: Event 71678659, Lines 2
Match: Event 71679638, Lines 2
Match: Event 71682073, Lines 2
Match: Event 71684571, Lines 2
Match: Event 71684736, Lines 2
Match: Event 71685435, Lines 2
Match: Event 71685837, Lines 2
Match: Event 71686831, Lines 2
[69%] 	 21,916/31,761 	 11:06:33
Match: Event 71688184, Lines 2
Match: Event 71688207, Lines 2
Match: Event 71688707, Lines 2
Match: Event 71691174, Lines 2
Match: Event 71693685, Lines 2
Match: Event 71694286, Lines 2
Match: Event 71694604, Lines 2
Match: Event 71695637, Lines 2
Match: Event 71696213, Lines 2
[70%] 	 22,233/31,761 	 11:14:18
Match: Event 71699746, Lines 2
Match: Event 71700225, Lines 2
Match: Event 71702024, Lines 2
Match: Event 71702294, Lines 2
Match: Event 71703009, Lines 2
Match: Event 71704060, Lines 2
Match: Event 71705599, Lines 2
Match: Event 71705738, Lines 2
Match: Event 71706297, Lines 2
Match: Event 71706872, Lines 2
Match: Event 71707524, Lines 2
[71%] 	 22,551/31,761 	 11:22:18
Match: Event 71708175, Lines 3
Match: Event 71708210, Lines 2
Match: Event 71708477, Lines 2
Match: Event 71709055, Lines 2
Match: Event 71709216, Lines 2
Match: Event 71709530, Lines 2
Match: Event 71711275, Lines 2
Match: Event 71712315, Lines 2
Match: Event 71712426, Lines 2
Match: Event 71712683, Lines 3
Match: Event 71713306, Lines 3
Match: Event 71713549, Lines 2
Match: Event 71714568, Lines 2
Match: Event 71715118, Lines 2
Match: Event 71715796, Lines 2
Match: Event 71716151, Lines 2
Match: Event 71716581, Lines 3
[72%] 	 22,868/31,761 	 11:30:13
Match: Event 71718375, Lines 2
Match: Event 71719008, Lines 2
Match: Event 71719093, Lines 2
Match: Event 71719394, Lines 2
Match: Event 71719497, Lines 2
Match: Event 71722834, Lines 2
Match: Event 71723063, Lines 2
Match: Event 71723824, Lines 2
Match: Event 71724218, Lines 2
Match: Event 71725146, Lines 2
Match: Event 71725431, Lines 2
Match: Event 71725689, Lines 2
Match: Event 71726219, Lines 2
Match: Event 71726596, Lines 2
[73%] 	 23,186/31,761 	 11:38:18
Match: Event 71728425, Lines 2
Match: Event 71729282, Lines 2
Match: Event 71729860, Lines 2
Match: Event 71732991, Lines 2
Match: Event 71733086, Lines 2
Match: Event 71734695, Lines 2
Match: Event 71734751, Lines 2
Match: Event 71735584, Lines 2
Match: Event 71735969, Lines 2
Match: Event 71736092, Lines 2
Match: Event 71736213, Lines 2
Match: Event 71736594, Lines 2
Match: Event 71736902, Lines 2
Match: Event 71737254, Lines 2
Match: Event 71738181, Lines 2
[74%] 	 23,504/31,761 	 11:46:17
Match: Event 71739068, Lines 2
Match: Event 71739080, Lines 2
Match: Event 71739105, Lines 2
Match: Event 71739442, Lines 2
Match: Event 71739980, Lines 3
Match: Event 71740226, Lines 2
Match: Event 71740396, Lines 2
Match: Event 71740451, Lines 2
Match: Event 71740481, Lines 3
Match: Event 71742204, Lines 2
Match: Event 71742839, Lines 3
Match: Event 71743214, Lines 2
Match: Event 71743692, Lines 2
Match: Event 71743781, Lines 2
Match: Event 71743913, Lines 2
Match: Event 71744469, Lines 2
Match: Event 71744929, Lines 2
Match: Event 71746257, Lines 2
Match: Event 71748078, Lines 2
Match: Event 71748598, Lines 2
[75%] 	 23,821/31,761 	 11:54:04
Match: Event 71750167, Lines 2
Match: Event 71750359, Lines 2
Match: Event 71751154, Lines 2
Match: Event 71752434, Lines 2
Match: Event 71752904, Lines 2
Match: Event 71752991, Lines 2
Match: Event 71753167, Lines 2
Match: Event 71754820, Lines 2
Match: Event 71754917, Lines 2
Match: Event 71755242, Lines 2
Match: Event 71756163, Lines 2
Match: Event 71756435, Lines 2
Match: Event 71756484, Lines 2
Match: Event 71757326, Lines 2
Match: Event 71757870, Lines 2
Match: Event 71758173, Lines 2
[76%] 	 24,139/31,761 	 12:01:51
Match: Event 71758397, Lines 2
Match: Event 71758902, Lines 2
Match: Event 71759121, Lines 2
Match: Event 71759199, Lines 2
Match: Event 71759244, Lines 2
Match: Event 71760779, Lines 3
Match: Event 71760896, Lines 2
Match: Event 71762229, Lines 2
Match: Event 71762441, Lines 2
Match: Event 71763173, Lines 2
Match: Event 71763290, Lines 2
Match: Event 71765788, Lines 2
Match: Event 71766671, Lines 2
Match: Event 71766676, Lines 2
Match: Event 71767319, Lines 2
Match: Event 71767574, Lines 2
[77%] 	 24,456/31,761 	 12:09:45
Match: Event 71768333, Lines 2
Match: Event 71768583, Lines 2
Match: Event 71768974, Lines 2
Match: Event 71769088, Lines 2
Match: Event 71769560, Lines 2
Match: Event 71769929, Lines 2
Match: Event 71770655, Lines 2
Match: Event 71770683, Lines 3
Match: Event 71770791, Lines 2
Match: Event 71771778, Lines 2
Match: Event 71772237, Lines 2
Match: Event 71773074, Lines 3
Match: Event 71773213, Lines 2
Match: Event 71774137, Lines 2
Match: Event 71775380, Lines 2
Match: Event 71775503, Lines 2
Match: Event 71776040, Lines 2
Match: Event 71776636, Lines 2
Match: Event 71776660, Lines 2
[78%] 	 24,774/31,761 	 12:17:45
Match: Event 71777680, Lines 2
Match: Event 71778747, Lines 2
Match: Event 71779102, Lines 2
Match: Event 71779114, Lines 2
Match: Event 71779582, Lines 2
Match: Event 71779775, Lines 2
Match: Event 71779873, Lines 2
Match: Event 71780739, Lines 2
Match: Event 71781013, Lines 2
Match: Event 71781172, Lines 2
Match: Event 71781182, Lines 2
Match: Event 71781619, Lines 2
Match: Event 71783191, Lines 2
Match: Event 71783627, Lines 2
Match: Event 71783780, Lines 2
Match: Event 71784007, Lines 2
Match: Event 71784184, Lines 2
Match: Event 71784458, Lines 2
Match: Event 71784681, Lines 2
Match: Event 71784810, Lines 2
Match: Event 71785022, Lines 2
Match: Event 71785185, Lines 2
Match: Event 71785712, Lines 2
Match: Event 71786234, Lines 2
Match: Event 71786527, Lines 2
Match: Event 71786946, Lines 2
Match: Event 71787025, Lines 2
[79%] 	 25,092/31,761 	 12:25:44
Match: Event 71787256, Lines 2
Match: Event 71787597, Lines 2
Match: Event 71788822, Lines 2
Match: Event 71789002, Lines 2
Match: Event 71789897, Lines 2
Match: Event 71790524, Lines 2
Match: Event 71790586, Lines 2
Match: Event 71791676, Lines 2
Match: Event 71792310, Lines 2
Match: Event 71793200, Lines 2
Match: Event 71793760, Lines 2
Match: Event 71794396, Lines 3
Match: Event 71794772, Lines 2
Match: Event 71796663, Lines 2
Match: Event 71796780, Lines 2
Match: Event 71796897, Lines 2
Match: Event 71796964, Lines 2
[80%] 	 25,409/31,761 	 12:34:16
Match: Event 71798492, Lines 2
Match: Event 71799408, Lines 2
Match: Event 71800422, Lines 2
Match: Event 71801777, Lines 2
Match: Event 71802236, Lines 2
Match: Event 71802341, Lines 2
Match: Event 71802463, Lines 2
Match: Event 71802667, Lines 2
Match: Event 71802886, Lines 2
Match: Event 71803346, Lines 3
Match: Event 71805246, Lines 2
Match: Event 71805481, Lines 2
Match: Event 71806104, Lines 2
[81%] 	 25,727/31,761 	 12:42:25
Match: Event 71808621, Lines 2
Match: Event 71811714, Lines 2
Match: Event 71811719, Lines 2
Match: Event 71813344, Lines 2
Match: Event 71813448, Lines 2
Match: Event 71814251, Lines 2
Match: Event 71814852, Lines 2
Match: Event 71814916, Lines 2
Match: Event 71816836, Lines 2
Match: Event 71816977, Lines 2
Match: Event 71817079, Lines 2
Match: Event 71817276, Lines 2
Match: Event 71817523, Lines 2
Match: Event 71818134, Lines 2
[82%] 	 26,045/31,761 	 12:50:43
Match: Event 71819817, Lines 2
Match: Event 71821846, Lines 2
Match: Event 71822133, Lines 2
Match: Event 71822145, Lines 2
Match: Event 71822306, Lines 2
Match: Event 71822583, Lines 2
Match: Event 71823918, Lines 3
Match: Event 71826324, Lines 2
Match: Event 71827505, Lines 2
[83%] 	 26,362/31,761 	 12:58:31
Match: Event 71827693, Lines 2
Match: Event 71829804, Lines 2
Match: Event 71830061, Lines 2
Match: Event 71831063, Lines 2
Match: Event 71831730, Lines 2
Match: Event 71832024, Lines 2
Match: Event 71832137, Lines 2
Match: Event 71832171, Lines 2
Match: Event 71832940, Lines 2
Match: Event 71833746, Lines 2
Match: Event 71834496, Lines 2
Match: Event 71834948, Lines 2
Match: Event 71835426, Lines 2
Match: Event 71837467, Lines 2
[84%] 	 26,680/31,761 	 13:06:23
Match: Event 71837789, Lines 2
Match: Event 71837925, Lines 2
Match: Event 71838952, Lines 2
Match: Event 71841106, Lines 2
Match: Event 71841351, Lines 2
Match: Event 71842750, Lines 2
Match: Event 71846981, Lines 2
[85%] 	 26,997/31,761 	 13:14:00
Match: Event 71847678, Lines 2
Match: Event 71847874, Lines 2
Match: Event 71848868, Lines 2
Match: Event 71849098, Lines 2
Match: Event 71849299, Lines 2
Match: Event 71849692, Lines 2
Match: Event 71850318, Lines 2
Match: Event 71850954, Lines 2
Match: Event 71851339, Lines 2
Match: Event 71852101, Lines 2
Match: Event 71852125, Lines 2
Match: Event 71853450, Lines 2
Match: Event 71853890, Lines 2
Match: Event 71854520, Lines 2
Match: Event 71855291, Lines 2
Match: Event 71855922, Lines 2
Match: Event 71856516, Lines 2
[86%] 	 27,315/31,761 	 13:21:54
Match: Event 71860510, Lines 2
Match: Event 71862733, Lines 2
Match: Event 71863031, Lines 2
Match: Event 71863047, Lines 2
Match: Event 71866984, Lines 2
Match: Event 71867242, Lines 2
Match: Event 71867454, Lines 2
[87%] 	 27,633/31,761 	 13:29:35
Match: Event 71867861, Lines 2
Match: Event 71868361, Lines 2
Match: Event 71868755, Lines 2
Match: Event 71868778, Lines 2
Match: Event 71869188, Lines 2
Match: Event 71869500, Lines 2
Match: Event 71870558, Lines 2
Match: Event 71870581, Lines 2
Match: Event 71870661, Lines 2
Match: Event 71870818, Lines 2
Match: Event 71871557, Lines 2
Match: Event 71874910, Lines 2
Match: Event 71875142, Lines 2
Match: Event 71875387, Lines 2
[88%] 	 27,950/31,761 	 13:37:29
Match: Event 71877625, Lines 2
Match: Event 71878242, Lines 2
Match: Event 71878274, Lines 2
Match: Event 71878827, Lines 2
Match: Event 71879078, Lines 2
Match: Event 71879909, Lines 2
Match: Event 71881082, Lines 2
Match: Event 71882194, Lines 2
Match: Event 71882410, Lines 2
Match: Event 71882619, Lines 2
Match: Event 71885916, Lines 2
[89%] 	 28,268/31,761 	 13:45:21
Match: Event 71887586, Lines 2
Match: Event 71888338, Lines 2
Match: Event 71888351, Lines 2
Match: Event 71889625, Lines 2
Match: Event 71889751, Lines 2
Match: Event 71889923, Lines 2
Match: Event 71890131, Lines 2
Match: Event 71891227, Lines 2
Match: Event 71892245, Lines 2
Match: Event 71892331, Lines 2
Match: Event 71894011, Lines 2
Match: Event 71895917, Lines 2
Match: Event 71896549, Lines 2
Match: Event 71897604, Lines 2
[90%] 	 28,585/31,761 	 13:53:35
Match: Event 71897803, Lines 2
Match: Event 71897913, Lines 2
Match: Event 71898398, Lines 3
Match: Event 71898469, Lines 2
Match: Event 71899332, Lines 2
Match: Event 71899583, Lines 2
Match: Event 71899825, Lines 2
Match: Event 71900381, Lines 2
Match: Event 71900704, Lines 2
Match: Event 71901066, Lines 2
Match: Event 71901203, Lines 2
Match: Event 71903195, Lines 2
Match: Event 71903634, Lines 2
Match: Event 71904131, Lines 2
Match: Event 71904240, Lines 2
Match: Event 71905004, Lines 2
Match: Event 71905399, Lines 2
[91%] 	 28,903/31,761 	 14:01:34
Match: Event 71906905, Lines 2
Match: Event 71908665, Lines 2
Match: Event 71909797, Lines 2
Match: Event 71910714, Lines 2
Match: Event 71911876, Lines 2
Match: Event 71911888, Lines 2
Match: Event 71911932, Lines 2
Match: Event 71911969, Lines 2
Match: Event 71911978, Lines 2
Match: Event 71916371, Lines 2
[92%] 	 29,221/31,761 	 14:09:32
Match: Event 71917822, Lines 2
Match: Event 71918048, Lines 2
Match: Event 71918061, Lines 2
Match: Event 71919100, Lines 2
Match: Event 71919874, Lines 2
Match: Event 71920442, Lines 2
Match: Event 71920836, Lines 2
Match: Event 71921771, Lines 2
Match: Event 71921813, Lines 2
Match: Event 71921935, Lines 2
Match: Event 71922032, Lines 2
Match: Event 71922497, Lines 2
Match: Event 71923041, Lines 2
Match: Event 71923448, Lines 2
Match: Event 71923513, Lines 2
Match: Event 71924678, Lines 2
Match: Event 71924741, Lines 3
Match: Event 71925616, Lines 2
Match: Event 71926020, Lines 2
Match: Event 71926731, Lines 2
Match: Event 71926745, Lines 3
Match: Event 71927647, Lines 2
Match: Event 71927806, Lines 2
Match: Event 71927900, Lines 2
[93%] 	 29,538/31,761 	 14:18:05
Match: Event 71929921, Lines 3
Match: Event 71933313, Lines 2
Match: Event 71934163, Lines 2
Match: Event 71934402, Lines 2
Match: Event 71934510, Lines 2
Match: Event 71934856, Lines 2
Match: Event 71935386, Lines 2
Match: Event 71935422, Lines 3
Match: Event 71935493, Lines 2
Match: Event 71936806, Lines 2
Match: Event 71937028, Lines 2
[94%] 	 29,856/31,761 	 14:26:15
Match: Event 71938699, Lines 2
Match: Event 71938908, Lines 2
Match: Event 71939256, Lines 2
Match: Event 71939640, Lines 2
Match: Event 71939860, Lines 2
Match: Event 71940016, Lines 2
Match: Event 71940452, Lines 3
Match: Event 71940555, Lines 2
Match: Event 71941627, Lines 2
Match: Event 71943147, Lines 2
Match: Event 71944046, Lines 2
Match: Event 71946084, Lines 2
Match: Event 71946270, Lines 2
Match: Event 71947875, Lines 2
Match: Event 71947890, Lines 2
[95%] 	 30,173/31,761 	 14:34:56
Match: Event 71948533, Lines 2
Match: Event 71949335, Lines 2
Match: Event 71950145, Lines 2
Match: Event 71950989, Lines 2
Match: Event 71952530, Lines 2
Match: Event 71953235, Lines 2
Match: Event 71953498, Lines 2
Match: Event 71953998, Lines 2
Match: Event 71954416, Lines 2
Match: Event 71955869, Lines 2
Match: Event 71956572, Lines 2
Match: Event 71956883, Lines 2
Match: Event 71957083, Lines 2
Match: Event 71957551, Lines 2
Match: Event 71957639, Lines 2
[96%] 	 30,491/31,761 	 14:43:24
Match: Event 71959019, Lines 2
Match: Event 71959297, Lines 3
Match: Event 71959462, Lines 2
Match: Event 71959469, Lines 2
Match: Event 71959892, Lines 2
Match: Event 71960252, Lines 2
Match: Event 71961247, Lines 2
Match: Event 71962341, Lines 2
Match: Event 71965954, Lines 2
Match: Event 71966125, Lines 2
Match: Event 71966474, Lines 2
Match: Event 71967462, Lines 2
Match: Event 71968751, Lines 2
[97%] 	 30,809/31,761 	 14:51:26
Match: Event 71969098, Lines 3
Match: Event 71969176, Lines 2
Match: Event 71969188, Lines 2
Match: Event 71970838, Lines 2
Match: Event 71970929, Lines 2
Match: Event 71970973, Lines 2
Match: Event 71970986, Lines 2
Match: Event 71972257, Lines 2
Match: Event 71972538, Lines 2
Match: Event 71972686, Lines 2
Match: Event 71972778, Lines 2
Match: Event 71974742, Lines 3
Match: Event 71975174, Lines 2
Match: Event 71975721, Lines 2
Match: Event 71976256, Lines 2
Match: Event 71976335, Lines 2
Match: Event 71978845, Lines 2
[98%] 	 31,126/31,761 	 15:00:06
Match: Event 71979662, Lines 2
Match: Event 71979786, Lines 2
Match: Event 71980923, Lines 2
Match: Event 71984654, Lines 3
Match: Event 71986060, Lines 2
Match: Event 71987269, Lines 2
Match: Event 71987552, Lines 2
Match: Event 71988069, Lines 2
Match: Event 71989483, Lines 2
[99%] 	 31,444/31,761 	 15:08:44
Match: Event 71989848, Lines 2
Match: Event 71990179, Lines 2
Match: Event 71990533, Lines 2
Match: Event 71990663, Lines 2
Match: Event 71990707, Lines 2
Match: Event 71991065, Lines 2
Match: Event 71991493, Lines 2
Match: Event 71991507, Lines 2
Match: Event 71991842, Lines 2
Match: Event 71991940, Lines 2
Match: Event 71993656, Lines 2
Match: Event 71993677, Lines 2
Match: Event 71994353, Lines 2
Match: Event 71997033, Lines 2
Match: Event 71997387, Lines 2
Match: Event 71997434, Lines 3
Match: Event 71997623, Lines 2
Match: Event 71998922, Lines 2
Match: Event 71999266, Lines 2
Match: Event 71999529, Lines 2
Finished in 55150.11s.
 ~ 5) DONE !
