search libraries in slc9_x86-64
 ~ 1) Base stack loaded.
 ~ Sleeping for 41 seconds to avoid AFS DDOS...
 ~ 2) Loading sndsw environment...
 ~ 3) SNDSW_ROOT is set to: /afs/cern.ch/user/i/idioniso/snd_master/sw-root6.28/rhel9_x86-64/sndsw/master-local1
 ~ 4) Executing tracking script...
[INFO] The input consists out of the following trees and files: 
[INFO]  - rawConv
[INFO]     - root://eoshome-i.cern.ch//eos/user/i/idioniso/tridents/initial_cuts/tridents_sndsw_raw-0272.root
[INFO] FairRootFileSink initialized.
[INFO]  - cbmout
[INFO]     - dummy
[INFO] Parameter and input file are available, Assure that basic info is there for the run!
[INFO] ---FairRootManager::SpecifyRunId --- 
[INFO] --- Initialize with RunId  --- 0

************************************************************* 
     initialisation for run id 0
************************************************************* 
-I- FairRunTimeDB::InitContainer() FairBaseParSet
-I- FairRunTimeDB::InitContainer() FairGeoParSet

************************************************************* 
     initialisation for run id 0
************************************************************* 
-I- FairRunTimeDB::InitContainer() FairBaseParSet
-I- FairRunTimeDB::InitContainer() FairGeoParSet
[INFO]  Branch: Reco_MuonTracks not found in Tree.
using geofile: root://eospublic.cern.ch//eos/experiment/sndlhc/convertedData/physics/2023/geofile_sndlhc_TI18_V3_2023.root
[0%] 	 0/31,326 	 00:00:12
Match: Event 272000563, Lines 2
Match: Event 272001430, Lines 2
Match: Event 272002213, Lines 2
Match: Event 272003706, Lines 2
Match: Event 272005006, Lines 2
Match: Event 272005120, Lines 2
Match: Event 272005527, Lines 2
Match: Event 272005597, Lines 2
Match: Event 272005703, Lines 2
Match: Event 272007082, Lines 2
Match: Event 272007466, Lines 2
Match: Event 272007714, Lines 2
Match: Event 272007858, Lines 2
Match: Event 272007959, Lines 2
Match: Event 272008323, Lines 2
Match: Event 272008388, Lines 2
Match: Event 272009077, Lines 2
Match: Event 272009129, Lines 2
Match: Event 272009541, Lines 2
Match: Event 272009586, Lines 3
[1%] 	 314/31,326 	 00:08:09
Match: Event 272011263, Lines 2
Match: Event 272011560, Lines 2
Match: Event 272011714, Lines 2
Match: Event 272011733, Lines 2
Match: Event 272013116, Lines 2
Match: Event 272013202, Lines 2
Match: Event 272013477, Lines 2
Match: Event 272014883, Lines 2
Match: Event 272015226, Lines 2
Match: Event 272015810, Lines 2
Match: Event 272016970, Lines 2
Match: Event 272018383, Lines 2
Match: Event 272018396, Lines 2
Match: Event 272018644, Lines 2
Match: Event 272018947, Lines 2
Match: Event 272018991, Lines 2
Match: Event 272020274, Lines 2
[2%] 	 627/31,326 	 00:16:03
Match: Event 272021205, Lines 2
Match: Event 272021812, Lines 2
Match: Event 272022257, Lines 2
Match: Event 272024351, Lines 2
Match: Event 272024867, Lines 2
Match: Event 272025928, Lines 2
Match: Event 272026608, Lines 2
Match: Event 272026929, Lines 2
Match: Event 272026949, Lines 2
Match: Event 272027744, Lines 2
Match: Event 272028146, Lines 2
Match: Event 272028674, Lines 3
Match: Event 272028916, Lines 2
Match: Event 272029403, Lines 2
[3%] 	 940/31,326 	 00:23:34
Match: Event 272032457, Lines 2
Match: Event 272032973, Lines 2
Match: Event 272034478, Lines 3
Match: Event 272036323, Lines 2
Match: Event 272037751, Lines 2
Match: Event 272038204, Lines 2
Match: Event 272038268, Lines 2
Match: Event 272038553, Lines 2
Match: Event 272038822, Lines 2
Match: Event 272039118, Lines 2
Match: Event 272039406, Lines 2
Match: Event 272039934, Lines 2
Match: Event 272040669, Lines 2
Match: Event 272040780, Lines 2
[4%] 	 1,254/31,326 	 00:31:12
Match: Event 272041206, Lines 2
Match: Event 272041881, Lines 2
Match: Event 272041938, Lines 2
Match: Event 272042167, Lines 2
Match: Event 272043254, Lines 2
Match: Event 272043577, Lines 2
Match: Event 272045529, Lines 2
Match: Event 272045773, Lines 2
Match: Event 272049064, Lines 2
Match: Event 272049732, Lines 2
[5%] 	 1,567/31,326 	 00:38:46
Match: Event 272050533, Lines 3
Match: Event 272050583, Lines 2
Match: Event 272051234, Lines 2
Match: Event 272051698, Lines 2
Match: Event 272051868, Lines 2
Match: Event 272052230, Lines 2
Match: Event 272052338, Lines 2
Match: Event 272053560, Lines 2
Match: Event 272054063, Lines 2
Match: Event 272054821, Lines 2
Match: Event 272055739, Lines 2
Match: Event 272056969, Lines 3
Match: Event 272057349, Lines 2
Match: Event 272057997, Lines 2
Match: Event 272058258, Lines 2
Match: Event 272059702, Lines 2
Match: Event 272060003, Lines 2
[6%] 	 1,880/31,326 	 00:46:38
Match: Event 272062539, Lines 2
Match: Event 272063411, Lines 2
Match: Event 272064857, Lines 2
Match: Event 272066091, Lines 2
Match: Event 272066900, Lines 2
Match: Event 272070051, Lines 2
Match: Event 272071159, Lines 2
Match: Event 272071372, Lines 2
[7%] 	 2,193/31,326 	 00:54:21
Match: Event 272071882, Lines 2
Match: Event 272072076, Lines 3
Match: Event 272072946, Lines 2
Match: Event 272072971, Lines 3
Match: Event 272073070, Lines 2
Match: Event 272076883, Lines 3
Match: Event 272077430, Lines 2
Match: Event 272078000, Lines 2
Match: Event 272078153, Lines 2
Match: Event 272078162, Lines 2
Match: Event 272078794, Lines 2
Match: Event 272080440, Lines 2
Match: Event 272080927, Lines 2
[8%] 	 2,507/31,326 	 01:02:26
Match: Event 272081951, Lines 2
Match: Event 272082969, Lines 2
Match: Event 272085293, Lines 2
Match: Event 272085372, Lines 2
Match: Event 272085717, Lines 2
Match: Event 272086586, Lines 2
Match: Event 272088374, Lines 2
Match: Event 272088530, Lines 2
[9%] 	 2,820/31,326 	 01:10:02
Match: Event 272092069, Lines 3
Match: Event 272092456, Lines 2
Match: Event 272093872, Lines 2
Match: Event 272094118, Lines 2
Match: Event 272094187, Lines 2
Match: Event 272095075, Lines 2
Match: Event 272095283, Lines 2
Match: Event 272095835, Lines 2
Match: Event 272098218, Lines 2
Match: Event 272099024, Lines 2
Match: Event 272099035, Lines 2
Match: Event 272099295, Lines 2
Match: Event 272099558, Lines 2
Match: Event 272100964, Lines 2
Match: Event 272101438, Lines 2
Match: Event 272101458, Lines 2
Match: Event 272101475, Lines 2
Match: Event 272101749, Lines 2
Match: Event 272102190, Lines 2
[10%] 	 3,133/31,326 	 01:17:48
Match: Event 272102571, Lines 2
Match: Event 272103302, Lines 2
Match: Event 272103522, Lines 2
Match: Event 272104840, Lines 2
Match: Event 272105021, Lines 2
Match: Event 272106045, Lines 2
Match: Event 272107570, Lines 2
Match: Event 272107599, Lines 2
Match: Event 272107738, Lines 2
Match: Event 272107771, Lines 2
Match: Event 272107990, Lines 2
Match: Event 272108567, Lines 2
Match: Event 272109297, Lines 2
Match: Event 272110734, Lines 2
Match: Event 272112173, Lines 3
Match: Event 272112180, Lines 2
[11%] 	 3,446/31,326 	 01:25:43
Match: Event 272112796, Lines 2
Match: Event 272112882, Lines 2
Match: Event 272113300, Lines 2
Match: Event 272114737, Lines 2
Match: Event 272115010, Lines 2
Match: Event 272117724, Lines 2
Match: Event 272118853, Lines 3
Match: Event 272119036, Lines 2
Match: Event 272121850, Lines 2
Match: Event 272122191, Lines 2
[12%] 	 3,760/31,326 	 01:33:31
Match: Event 272122519, Lines 2
Match: Event 272122721, Lines 2
Match: Event 272122761, Lines 2
Match: Event 272123801, Lines 3
Match: Event 272124924, Lines 2
Match: Event 272124973, Lines 2
Match: Event 272125641, Lines 2
Match: Event 272126486, Lines 2
Match: Event 272126496, Lines 2
Match: Event 272127128, Lines 2
Match: Event 272127261, Lines 2
Match: Event 272127751, Lines 2
Match: Event 272128324, Lines 2
Match: Event 272128914, Lines 2
Match: Event 272130616, Lines 2
Match: Event 272130871, Lines 2
Match: Event 272130910, Lines 2
Match: Event 272131997, Lines 2
Match: Event 272132390, Lines 2
[13%] 	 4,073/31,326 	 01:41:10
Match: Event 272133636, Lines 2
Match: Event 272135071, Lines 2
Match: Event 272135511, Lines 2
Match: Event 272135700, Lines 2
Match: Event 272135760, Lines 2
Match: Event 272138377, Lines 2
Match: Event 272138617, Lines 2
Match: Event 272138963, Lines 2
Match: Event 272139385, Lines 2
Match: Event 272140148, Lines 2
[14%] 	 4,386/31,326 	 01:49:00
Match: Event 272142226, Lines 2
Match: Event 272142569, Lines 2
Match: Event 272142725, Lines 2
Match: Event 272143367, Lines 2
Match: Event 272143674, Lines 2
Match: Event 272143928, Lines 2
Match: Event 272144647, Lines 2
Match: Event 272145127, Lines 2
Match: Event 272145352, Lines 2
Match: Event 272147766, Lines 2
Match: Event 272148236, Lines 2
Match: Event 272148384, Lines 2
Match: Event 272148603, Lines 2
Match: Event 272148725, Lines 2
[15%] 	 4,699/31,326 	 01:56:59
Match: Event 272151866, Lines 2
Match: Event 272152315, Lines 2
Match: Event 272153384, Lines 2
Match: Event 272154092, Lines 3
Match: Event 272155161, Lines 2
Match: Event 272156181, Lines 2
Match: Event 272156961, Lines 2
Match: Event 272157297, Lines 2
Match: Event 272157571, Lines 2
Match: Event 272160166, Lines 2
[16%] 	 5,013/31,326 	 02:04:44
Match: Event 272162277, Lines 2
Match: Event 272162486, Lines 2
Match: Event 272162659, Lines 2
Match: Event 272162923, Lines 2
Match: Event 272163602, Lines 2
Match: Event 272164092, Lines 2
Match: Event 272164456, Lines 3
Match: Event 272165352, Lines 2
Match: Event 272166762, Lines 2
Match: Event 272166864, Lines 2
Match: Event 272166919, Lines 2
Match: Event 272167089, Lines 2
Match: Event 272167443, Lines 2
Match: Event 272168084, Lines 3
Match: Event 272168089, Lines 2
Match: Event 272169381, Lines 2
Match: Event 272169594, Lines 2
Match: Event 272171777, Lines 2
[17%] 	 5,326/31,326 	 02:12:29
Match: Event 272172076, Lines 2
Match: Event 272172708, Lines 2
Match: Event 272173053, Lines 2
Match: Event 272173959, Lines 2
Match: Event 272176464, Lines 2
Match: Event 272177473, Lines 2
Match: Event 272177731, Lines 2
Match: Event 272177892, Lines 2
Match: Event 272178191, Lines 2
Match: Event 272178437, Lines 2
Match: Event 272179527, Lines 2
Match: Event 272180727, Lines 2
[18%] 	 5,639/31,326 	 02:20:10
Match: Event 272181032, Lines 2
Match: Event 272181727, Lines 2
Match: Event 272182049, Lines 2
Match: Event 272182077, Lines 2
Match: Event 272182752, Lines 2
Match: Event 272183822, Lines 2
Match: Event 272184891, Lines 2
Match: Event 272185838, Lines 2
Match: Event 272186242, Lines 2
Match: Event 272186368, Lines 2
Match: Event 272186986, Lines 2
Match: Event 272187063, Lines 2
Match: Event 272187895, Lines 2
Match: Event 272189507, Lines 2
Match: Event 272190691, Lines 2
[19%] 	 5,952/31,326 	 02:27:48
Match: Event 272190868, Lines 2
Match: Event 272191042, Lines 2
Match: Event 272191121, Lines 2
Match: Event 272191280, Lines 2
Match: Event 272191389, Lines 2
Match: Event 272191945, Lines 3
Match: Event 272191946, Lines 2
Match: Event 272192312, Lines 3
Match: Event 272192790, Lines 2
Match: Event 272193000, Lines 2
Match: Event 272194395, Lines 2
Match: Event 272194426, Lines 2
Match: Event 272194866, Lines 2
Match: Event 272196015, Lines 2
Match: Event 272196196, Lines 2
Match: Event 272196539, Lines 2
Match: Event 272196776, Lines 2
Match: Event 272196909, Lines 2
Match: Event 272197235, Lines 2
[20%] 	 6,266/31,326 	 02:35:45
Match: Event 272201876, Lines 3
Match: Event 272202088, Lines 2
Match: Event 272202645, Lines 2
Match: Event 272204830, Lines 3
Match: Event 272204963, Lines 2
Match: Event 272206395, Lines 2
Match: Event 272206668, Lines 2
Match: Event 272206777, Lines 3
Match: Event 272207045, Lines 2
Match: Event 272207053, Lines 2
Match: Event 272207103, Lines 2
Match: Event 272207552, Lines 2
Match: Event 272207958, Lines 2
Match: Event 272208038, Lines 2
Match: Event 272208061, Lines 2
Match: Event 272208273, Lines 2
Match: Event 272208821, Lines 2
Match: Event 272209010, Lines 2
Match: Event 272210918, Lines 2
Match: Event 272211091, Lines 2
[21%] 	 6,579/31,326 	 02:43:31
Match: Event 272212385, Lines 2
Match: Event 272212987, Lines 2
Match: Event 272213027, Lines 2
Match: Event 272214468, Lines 2
Match: Event 272214983, Lines 2
Match: Event 272215856, Lines 2
Match: Event 272218655, Lines 2
Match: Event 272219661, Lines 2
Match: Event 272220240, Lines 2
Match: Event 272220839, Lines 3
Match: Event 272221094, Lines 2
Match: Event 272221167, Lines 2
Match: Event 272221764, Lines 2
[22%] 	 6,892/31,326 	 02:51:21
Match: Event 272222513, Lines 2
Match: Event 272222605, Lines 2
Match: Event 272222949, Lines 2
Match: Event 272223722, Lines 2
Match: Event 272226231, Lines 2
Match: Event 272226338, Lines 2
Match: Event 272226357, Lines 2
Match: Event 272226637, Lines 2
Match: Event 272227474, Lines 2
Match: Event 272228105, Lines 2
Match: Event 272228615, Lines 2
Match: Event 272229159, Lines 2
Match: Event 272229382, Lines 2
Match: Event 272229594, Lines 2
Match: Event 272230025, Lines 3
Match: Event 272230641, Lines 2
[23%] 	 7,205/31,326 	 02:58:56
Match: Event 272231751, Lines 2
Match: Event 272232360, Lines 2
Match: Event 272232417, Lines 2
Match: Event 272232559, Lines 2
Match: Event 272232756, Lines 2
Match: Event 272233770, Lines 2
Match: Event 272234809, Lines 2
Match: Event 272235814, Lines 3
Match: Event 272236786, Lines 2
Match: Event 272236863, Lines 2
Match: Event 272237326, Lines 3
Match: Event 272237717, Lines 2
Match: Event 272238068, Lines 3
Match: Event 272238797, Lines 2
Match: Event 272240126, Lines 2
Match: Event 272240214, Lines 2
Match: Event 272240399, Lines 2
[24%] 	 7,519/31,326 	 03:06:35
Match: Event 272241809, Lines 2
Match: Event 272242315, Lines 2
Match: Event 272244004, Lines 2
Match: Event 272244712, Lines 2
Match: Event 272245921, Lines 2
Match: Event 272247200, Lines 2
Match: Event 272248045, Lines 2
Match: Event 272248046, Lines 2
Match: Event 272248948, Lines 2
Match: Event 272250192, Lines 3
Match: Event 272251203, Lines 2
Match: Event 272251829, Lines 2
Match: Event 272251993, Lines 2
[25%] 	 7,832/31,326 	 03:14:28
Match: Event 272252127, Lines 2
Match: Event 272252312, Lines 3
Match: Event 272252867, Lines 2
Match: Event 272252996, Lines 2
Match: Event 272253116, Lines 3
Match: Event 272253915, Lines 2
Match: Event 272255118, Lines 2
Match: Event 272255193, Lines 2
Match: Event 272256281, Lines 2
Match: Event 272257279, Lines 2
Match: Event 272257374, Lines 2
Match: Event 272258495, Lines 2
Match: Event 272259516, Lines 3
Match: Event 272259696, Lines 2
Match: Event 272259823, Lines 2
Match: Event 272260577, Lines 2
Match: Event 272260608, Lines 2
[26%] 	 8,145/31,326 	 03:22:15
Match: Event 272261996, Lines 2
Match: Event 272264519, Lines 2
Match: Event 272264555, Lines 2
Match: Event 272264913, Lines 2
Match: Event 272265576, Lines 2
Match: Event 272266797, Lines 2
Match: Event 272266825, Lines 2
Match: Event 272267146, Lines 2
Match: Event 272267794, Lines 2
Match: Event 272267947, Lines 2
Match: Event 272268195, Lines 2
Match: Event 272268226, Lines 2
Match: Event 272268602, Lines 2
Match: Event 272269324, Lines 2
Match: Event 272270330, Lines 2
Match: Event 272270967, Lines 2
Match: Event 272271332, Lines 2
Match: Event 272271481, Lines 2
Match: Event 272271592, Lines 2
[27%] 	 8,459/31,326 	 03:29:53
Match: Event 272272671, Lines 2
Match: Event 272273437, Lines 2
Match: Event 272274055, Lines 3
Match: Event 272274710, Lines 2
Match: Event 272274885, Lines 2
Match: Event 272275522, Lines 2
Match: Event 272277763, Lines 2
Match: Event 272278156, Lines 2
Match: Event 272280853, Lines 2
Match: Event 272281380, Lines 2
[28%] 	 8,772/31,326 	 03:37:28
Match: Event 272283704, Lines 2
Match: Event 272285318, Lines 3
Match: Event 272286351, Lines 2
Match: Event 272286658, Lines 2
Match: Event 272286786, Lines 2
Match: Event 272287043, Lines 2
Match: Event 272287571, Lines 2
Match: Event 272288039, Lines 2
Match: Event 272288161, Lines 2
Match: Event 272288947, Lines 2
Match: Event 272289037, Lines 2
Match: Event 272289799, Lines 2
Match: Event 272290488, Lines 2
Match: Event 272290826, Lines 2
Match: Event 272291064, Lines 2
[29%] 	 9,085/31,326 	 03:45:11
Match: Event 272294757, Lines 2
Match: Event 272295996, Lines 2
Match: Event 272296256, Lines 2
Match: Event 272296340, Lines 2
Match: Event 272296801, Lines 2
Match: Event 272296916, Lines 2
Match: Event 272300997, Lines 2
Match: Event 272301903, Lines 2
[30%] 	 9,398/31,326 	 03:52:48
Match: Event 272303432, Lines 3
Match: Event 272304246, Lines 2
Match: Event 272304589, Lines 2
Match: Event 272305451, Lines 2
Match: Event 272305952, Lines 2
Match: Event 272306217, Lines 2
Match: Event 272306244, Lines 2
Match: Event 272306531, Lines 2
Match: Event 272307295, Lines 2
Match: Event 272307539, Lines 2
Match: Event 272309052, Lines 2
Match: Event 272310764, Lines 2
Match: Event 272311467, Lines 2
Match: Event 272312415, Lines 2
Match: Event 272312419, Lines 2
Match: Event 272312634, Lines 2
Match: Event 272312737, Lines 2
Match: Event 272312874, Lines 2
Match: Event 272313344, Lines 2
Match: Event 272313569, Lines 2
[31%] 	 9,712/31,326 	 04:00:37
Match: Event 272314571, Lines 2
Match: Event 272315851, Lines 2
Match: Event 272316658, Lines 2
Match: Event 272317458, Lines 2
Match: Event 272318087, Lines 2
Match: Event 272318384, Lines 2
Match: Event 272318633, Lines 2
Match: Event 272320044, Lines 3
Match: Event 272320240, Lines 2
Match: Event 272320975, Lines 3
Match: Event 272321658, Lines 2
Match: Event 272321922, Lines 2
Match: Event 272322449, Lines 2
Match: Event 272322527, Lines 2
Match: Event 272322541, Lines 2
Match: Event 272322559, Lines 2
[32%] 	 10,025/31,326 	 04:08:31
Match: Event 272324240, Lines 2
Match: Event 272324420, Lines 2
Match: Event 272325224, Lines 2
Match: Event 272325897, Lines 2
Match: Event 272326463, Lines 2
Match: Event 272328129, Lines 2
Match: Event 272328682, Lines 2
Match: Event 272329126, Lines 2
Match: Event 272329833, Lines 2
Match: Event 272330686, Lines 2
Match: Event 272332206, Lines 2
Match: Event 272332523, Lines 2
Match: Event 272332727, Lines 2
Match: Event 272332846, Lines 3
Match: Event 272332959, Lines 2
[33%] 	 10,338/31,326 	 04:16:26
Match: Event 272333617, Lines 2
Match: Event 272334038, Lines 2
Match: Event 272335276, Lines 3
Match: Event 272335381, Lines 2
Match: Event 272337391, Lines 2
Match: Event 272337583, Lines 3
Match: Event 272338697, Lines 2
Match: Event 272338829, Lines 2
Match: Event 272339077, Lines 2
Match: Event 272339258, Lines 2
Match: Event 272339785, Lines 2
Match: Event 272340468, Lines 2
Match: Event 272340641, Lines 2
Match: Event 272341020, Lines 2
Match: Event 272341852, Lines 2
Match: Event 272342087, Lines 2
Match: Event 272342264, Lines 2
Match: Event 272343058, Lines 3
Match: Event 272343061, Lines 2
Match: Event 272343270, Lines 2
Match: Event 272343695, Lines 2
Match: Event 272343998, Lines 2
[34%] 	 10,651/31,326 	 04:24:24
Match: Event 272345365, Lines 2
Match: Event 272345511, Lines 2
Match: Event 272345889, Lines 2
Match: Event 272347156, Lines 2
Match: Event 272347971, Lines 2
Match: Event 272348794, Lines 2
Match: Event 272349574, Lines 2
Match: Event 272351196, Lines 2
Match: Event 272351831, Lines 2
Match: Event 272352743, Lines 2
Match: Event 272353854, Lines 2
Match: Event 272353980, Lines 2
[35%] 	 10,965/31,326 	 04:32:09
Match: Event 272354541, Lines 2
Match: Event 272354743, Lines 2
Match: Event 272354959, Lines 3
Match: Event 272355089, Lines 3
Match: Event 272355727, Lines 2
Match: Event 272357253, Lines 2
Match: Event 272357447, Lines 2
Match: Event 272357708, Lines 2
Match: Event 272358332, Lines 3
Match: Event 272358585, Lines 2
Match: Event 272359024, Lines 2
Match: Event 272359503, Lines 2
Match: Event 272361024, Lines 2
Match: Event 272362845, Lines 2
Match: Event 272363289, Lines 2
Match: Event 272363305, Lines 2
[36%] 	 11,278/31,326 	 04:40:06
Match: Event 272364813, Lines 2
Match: Event 272364818, Lines 2
Match: Event 272365061, Lines 2
Match: Event 272365735, Lines 2
Match: Event 272366540, Lines 3
Match: Event 272369069, Lines 2
Match: Event 272369405, Lines 2
Match: Event 272370691, Lines 2
Match: Event 272370839, Lines 2
Match: Event 272371115, Lines 2
Match: Event 272371682, Lines 2
Match: Event 272371835, Lines 2
Match: Event 272371895, Lines 2
Match: Event 272372311, Lines 3
[37%] 	 11,591/31,326 	 04:48:10
Match: Event 272376587, Lines 3
Match: Event 272377047, Lines 2
Match: Event 272378018, Lines 2
Match: Event 272378847, Lines 2
Match: Event 272378999, Lines 2
Match: Event 272380300, Lines 2
Match: Event 272381416, Lines 2
Match: Event 272382314, Lines 2
Match: Event 272382664, Lines 2
Match: Event 272383248, Lines 2
Match: Event 272384246, Lines 2
[38%] 	 11,904/31,326 	 04:55:53
Match: Event 272384856, Lines 2
Match: Event 272385203, Lines 2
Match: Event 272386371, Lines 2
Match: Event 272386974, Lines 2
Match: Event 272388118, Lines 2
Match: Event 272388963, Lines 2
Match: Event 272390282, Lines 2
Match: Event 272390550, Lines 3
Match: Event 272391064, Lines 2
Match: Event 272391823, Lines 2
Match: Event 272392376, Lines 2
Match: Event 272392810, Lines 2
Match: Event 272393083, Lines 2
Match: Event 272393513, Lines 2
Match: Event 272394013, Lines 2
[39%] 	 12,218/31,326 	 05:03:52
Match: Event 272394679, Lines 2
Match: Event 272394712, Lines 2
Match: Event 272395779, Lines 2
Match: Event 272396698, Lines 2
Match: Event 272397166, Lines 2
Match: Event 272398212, Lines 2
Match: Event 272398461, Lines 2
Match: Event 272398835, Lines 2
Match: Event 272399098, Lines 2
Match: Event 272399132, Lines 2
Match: Event 272399384, Lines 2
Match: Event 272399553, Lines 2
Match: Event 272399916, Lines 2
Match: Event 272400037, Lines 2
Match: Event 272400144, Lines 2
Match: Event 272400961, Lines 2
Match: Event 272401326, Lines 2
Match: Event 272401737, Lines 2
[40%] 	 12,531/31,326 	 05:12:10
Match: Event 272404587, Lines 2
Match: Event 272405420, Lines 3
Match: Event 272405893, Lines 2
Match: Event 272406189, Lines 2
Match: Event 272406217, Lines 2
Match: Event 272406930, Lines 2
Match: Event 272407977, Lines 2
Match: Event 272408728, Lines 2
Match: Event 272409248, Lines 2
Match: Event 272411097, Lines 2
Match: Event 272411415, Lines 2
Match: Event 272412084, Lines 2
Match: Event 272412807, Lines 2
[41%] 	 12,844/31,326 	 05:20:10
Match: Event 272412903, Lines 2
Match: Event 272413513, Lines 2
Match: Event 272413681, Lines 2
Match: Event 272414076, Lines 2
Match: Event 272415649, Lines 2
Match: Event 272415956, Lines 2
Match: Event 272415970, Lines 2
Match: Event 272415994, Lines 2
Match: Event 272418997, Lines 2
Match: Event 272420112, Lines 3
Match: Event 272421911, Lines 2
Match: Event 272422246, Lines 2
Match: Event 272422356, Lines 2
[42%] 	 13,157/31,326 	 05:28:11
Match: Event 272424110, Lines 2
Match: Event 272425162, Lines 2
Match: Event 272425256, Lines 3
Match: Event 272425464, Lines 2
Match: Event 272425650, Lines 2
Match: Event 272425969, Lines 2
Match: Event 272426044, Lines 2
Match: Event 272426076, Lines 2
Match: Event 272426863, Lines 2
Match: Event 272427355, Lines 3
Match: Event 272429136, Lines 2
Match: Event 272429339, Lines 2
Match: Event 272429647, Lines 3
Match: Event 272430937, Lines 2
Match: Event 272431165, Lines 2
Match: Event 272432690, Lines 2
Match: Event 272433448, Lines 2
[43%] 	 13,471/31,326 	 05:36:37
Match: Event 272433987, Lines 2
Match: Event 272434415, Lines 2
Match: Event 272435319, Lines 2
Match: Event 272435363, Lines 2
Match: Event 272436119, Lines 2
Match: Event 272436187, Lines 2
Match: Event 272436219, Lines 2
Match: Event 272436858, Lines 2
Match: Event 272437080, Lines 2
Match: Event 272437476, Lines 2
Match: Event 272438395, Lines 2
Match: Event 272439244, Lines 2
Match: Event 272439743, Lines 3
Match: Event 272439968, Lines 2
Match: Event 272440685, Lines 2
Match: Event 272440805, Lines 3
Match: Event 272440874, Lines 2
Match: Event 272441785, Lines 2
Match: Event 272442061, Lines 2
[44%] 	 13,784/31,326 	 05:44:51
Match: Event 272442571, Lines 2
Match: Event 272442596, Lines 2
Match: Event 272442795, Lines 3
Match: Event 272442949, Lines 2
Match: Event 272444456, Lines 2
Match: Event 272446404, Lines 2
Match: Event 272446720, Lines 2
Match: Event 272447049, Lines 2
Match: Event 272447316, Lines 2
Match: Event 272448226, Lines 2
Match: Event 272449391, Lines 2
Match: Event 272450011, Lines 2
Match: Event 272450180, Lines 2
Match: Event 272450428, Lines 2
Match: Event 272450494, Lines 2
Match: Event 272450776, Lines 2
Match: Event 272450836, Lines 2
Match: Event 272451409, Lines 2
[45%] 	 14,097/31,326 	 05:52:38
Match: Event 272452702, Lines 2
Match: Event 272453031, Lines 2
Match: Event 272453131, Lines 3
Match: Event 272453456, Lines 3
Match: Event 272454650, Lines 2
Match: Event 272455157, Lines 2
Match: Event 272457160, Lines 2
Match: Event 272457240, Lines 2
Match: Event 272458043, Lines 2
Match: Event 272458364, Lines 2
Match: Event 272458924, Lines 2
Match: Event 272460774, Lines 2
Match: Event 272461572, Lines 2
Match: Event 272462337, Lines 2
[46%] 	 14,410/31,326 	 06:00:16
Match: Event 272463908, Lines 2
Match: Event 272464168, Lines 2
Match: Event 272464207, Lines 2
Match: Event 272464464, Lines 2
Match: Event 272464894, Lines 2
Match: Event 272465820, Lines 2
Match: Event 272466460, Lines 3
Match: Event 272466548, Lines 2
Match: Event 272466553, Lines 2
Match: Event 272467623, Lines 2
Match: Event 272468730, Lines 2
Match: Event 272471593, Lines 2
Match: Event 272471601, Lines 2
Match: Event 272471718, Lines 2
Match: Event 272471976, Lines 2
[47%] 	 14,724/31,326 	 06:08:00
Match: Event 272472486, Lines 2
Match: Event 272473013, Lines 2
Match: Event 272473450, Lines 2
Match: Event 272473695, Lines 2
Match: Event 272475090, Lines 2
Match: Event 272475247, Lines 3
Match: Event 272475605, Lines 2
Match: Event 272476816, Lines 2
Match: Event 272477231, Lines 2
Match: Event 272478762, Lines 2
Match: Event 272479001, Lines 2
Match: Event 272479517, Lines 2
Match: Event 272480192, Lines 3
Match: Event 272480983, Lines 2
Match: Event 272481002, Lines 2
Match: Event 272481390, Lines 2
Match: Event 272481606, Lines 2
Match: Event 272481922, Lines 2
[48%] 	 15,037/31,326 	 06:15:34
Match: Event 272483560, Lines 2
Match: Event 272483628, Lines 2
Match: Event 272483705, Lines 3
Match: Event 272484681, Lines 2
Match: Event 272485332, Lines 2
Match: Event 272485565, Lines 2
Match: Event 272487109, Lines 2
Match: Event 272488384, Lines 2
Match: Event 272488632, Lines 2
Match: Event 272488922, Lines 2
Match: Event 272489163, Lines 2
Match: Event 272489509, Lines 2
Match: Event 272489723, Lines 3
Match: Event 272489932, Lines 2
Match: Event 272491083, Lines 2
Match: Event 272491466, Lines 2
Match: Event 272491716, Lines 2
[49%] 	 15,350/31,326 	 06:23:15
Match: Event 272492487, Lines 2
Match: Event 272492788, Lines 2
Match: Event 272493102, Lines 2
Match: Event 272493479, Lines 2
Match: Event 272494613, Lines 2
Match: Event 272496353, Lines 2
Match: Event 272496391, Lines 2
Match: Event 272496921, Lines 2
Match: Event 272497010, Lines 2
Match: Event 272497153, Lines 2
Match: Event 272497556, Lines 2
Match: Event 272500699, Lines 2
Match: Event 272501847, Lines 3
[50%] 	 15,663/31,326 	 06:31:04
Match: Event 272502716, Lines 2
Match: Event 272502926, Lines 3
Match: Event 272503260, Lines 3
Match: Event 272503362, Lines 2
Match: Event 272503404, Lines 2
Match: Event 272504843, Lines 2
Match: Event 272506314, Lines 2
Match: Event 272508462, Lines 2
Match: Event 272508774, Lines 2
Match: Event 272509241, Lines 2
Match: Event 272511569, Lines 2
[51%] 	 15,977/31,326 	 06:38:48
Match: Event 272513585, Lines 2
Match: Event 272515898, Lines 2
Match: Event 272516028, Lines 2
Match: Event 272516181, Lines 2
Match: Event 272516741, Lines 2
Match: Event 272516945, Lines 2
Match: Event 272516998, Lines 2
Match: Event 272517971, Lines 2
Match: Event 272519774, Lines 2
Match: Event 272520103, Lines 2
Match: Event 272520670, Lines 2
Match: Event 272521200, Lines 2
[52%] 	 16,290/31,326 	 06:46:26
Match: Event 272521823, Lines 2
Match: Event 272522227, Lines 2
Match: Event 272523578, Lines 2
Match: Event 272524043, Lines 2
Match: Event 272525086, Lines 2
Match: Event 272525160, Lines 2
Match: Event 272526664, Lines 2
Match: Event 272526837, Lines 2
Match: Event 272527749, Lines 2
Match: Event 272528548, Lines 2
Match: Event 272529875, Lines 2
Match: Event 272529880, Lines 3
Match: Event 272529991, Lines 2
Match: Event 272530060, Lines 3
Match: Event 272530388, Lines 2
Match: Event 272530972, Lines 2
[53%] 	 16,603/31,326 	 06:54:36
Match: Event 272531146, Lines 2
Match: Event 272531390, Lines 2
Match: Event 272531980, Lines 2
Match: Event 272532092, Lines 2
Match: Event 272533079, Lines 3
Match: Event 272533631, Lines 2
Match: Event 272534828, Lines 2
Match: Event 272535063, Lines 2
Match: Event 272536185, Lines 2
Match: Event 272538567, Lines 2
Match: Event 272539360, Lines 2
Match: Event 272540038, Lines 2
Match: Event 272540355, Lines 2
Match: Event 272540372, Lines 2
Match: Event 272540514, Lines 2
Match: Event 272541184, Lines 2
Match: Event 272541700, Lines 2
[54%] 	 16,917/31,326 	 07:02:10
Match: Event 272542686, Lines 2
Match: Event 272543331, Lines 2
Match: Event 272544032, Lines 2
Match: Event 272544499, Lines 2
Match: Event 272545087, Lines 2
Match: Event 272545236, Lines 2
Match: Event 272545483, Lines 2
Match: Event 272547339, Lines 2
Match: Event 272547394, Lines 2
Match: Event 272548366, Lines 2
Match: Event 272549232, Lines 3
Match: Event 272549947, Lines 2
Match: Event 272550060, Lines 2
Match: Event 272550235, Lines 2
Match: Event 272551045, Lines 2
[55%] 	 17,230/31,326 	 07:09:54
Match: Event 272551535, Lines 3
Match: Event 272551739, Lines 2
Match: Event 272553275, Lines 2
Match: Event 272553565, Lines 2
Match: Event 272553607, Lines 2
Match: Event 272553868, Lines 2
Match: Event 272554617, Lines 2
Match: Event 272555628, Lines 2
Match: Event 272556988, Lines 2
Match: Event 272557280, Lines 2
Match: Event 272557478, Lines 2
Match: Event 272557504, Lines 2
Match: Event 272558173, Lines 2
Match: Event 272559594, Lines 2
Match: Event 272560376, Lines 2
Match: Event 272561396, Lines 2
Match: Event 272561645, Lines 2
Match: Event 272562143, Lines 2
[56%] 	 17,543/31,326 	 07:17:40
Match: Event 272563158, Lines 2
Match: Event 272563797, Lines 2
Match: Event 272564223, Lines 2
Match: Event 272564633, Lines 2
Match: Event 272565024, Lines 2
Match: Event 272565130, Lines 2
Match: Event 272565666, Lines 2
Match: Event 272565898, Lines 2
Match: Event 272565968, Lines 2
Match: Event 272566029, Lines 2
Match: Event 272567135, Lines 2
Match: Event 272567275, Lines 2
Match: Event 272567834, Lines 2
Match: Event 272568662, Lines 2
Match: Event 272569856, Lines 2
Match: Event 272570358, Lines 2
Match: Event 272570843, Lines 2
Match: Event 272571039, Lines 2
Match: Event 272571138, Lines 2
Match: Event 272572218, Lines 2
Match: Event 272572322, Lines 2
Match: Event 272572521, Lines 2
[57%] 	 17,856/31,326 	 07:25:22
Match: Event 272573627, Lines 2
Match: Event 272573658, Lines 2
Match: Event 272574198, Lines 3
Match: Event 272574369, Lines 2
Match: Event 272574379, Lines 2
Match: Event 272575770, Lines 2
Match: Event 272576204, Lines 2
Match: Event 272576515, Lines 3
Match: Event 272576550, Lines 2
Match: Event 272576812, Lines 2
Match: Event 272576873, Lines 2
Match: Event 272577104, Lines 2
Match: Event 272578773, Lines 2
Match: Event 272578971, Lines 2
Match: Event 272580822, Lines 2
[58%] 	 18,170/31,326 	 07:33:19
Match: Event 272582938, Lines 2
Match: Event 272583284, Lines 2
Match: Event 272583663, Lines 2
Match: Event 272586348, Lines 2
Match: Event 272586867, Lines 2
Match: Event 272587190, Lines 2
Match: Event 272588322, Lines 2
Match: Event 272588529, Lines 2
Match: Event 272589130, Lines 2
Match: Event 272589462, Lines 2
Match: Event 272590323, Lines 2
Match: Event 272591247, Lines 2
Match: Event 272592051, Lines 2
Match: Event 272592532, Lines 2
[59%] 	 18,483/31,326 	 07:40:48
Match: Event 272592938, Lines 2
Match: Event 272594119, Lines 2
Match: Event 272595162, Lines 2
Match: Event 272598813, Lines 2
Match: Event 272599125, Lines 2
Match: Event 272599259, Lines 2
Match: Event 272601146, Lines 2
Match: Event 272601878, Lines 2
[60%] 	 18,796/31,326 	 07:47:50
Match: Event 272604400, Lines 2
Match: Event 272605110, Lines 2
Match: Event 272605181, Lines 2
Match: Event 272605211, Lines 2
Match: Event 272605279, Lines 2
Match: Event 272605584, Lines 2
Match: Event 272605686, Lines 2
Match: Event 272606345, Lines 2
Match: Event 272606619, Lines 2
Match: Event 272608526, Lines 2
Match: Event 272611483, Lines 2
Match: Event 272612287, Lines 2
[61%] 	 19,109/31,326 	 07:55:09
Match: Event 272613340, Lines 2
Match: Event 272614973, Lines 2
Match: Event 272615055, Lines 2
Match: Event 272615957, Lines 2
Match: Event 272616704, Lines 2
Match: Event 272616826, Lines 2
Match: Event 272617539, Lines 2
Match: Event 272617774, Lines 2
Match: Event 272618340, Lines 2
Match: Event 272618646, Lines 2
Match: Event 272619625, Lines 2
Match: Event 272620067, Lines 2
Match: Event 272620756, Lines 2
[62%] 	 19,423/31,326 	 08:02:42
Match: Event 272623184, Lines 3
Match: Event 272623649, Lines 2
Match: Event 272624262, Lines 2
Match: Event 272625000, Lines 2
Match: Event 272626896, Lines 2
Match: Event 272627310, Lines 2
Match: Event 272627357, Lines 2
Match: Event 272627715, Lines 2
Match: Event 272628035, Lines 2
Match: Event 272628139, Lines 2
Match: Event 272628586, Lines 2
Match: Event 272628795, Lines 2
Match: Event 272629545, Lines 2
Match: Event 272630423, Lines 2
Match: Event 272631644, Lines 2
[63%] 	 19,736/31,326 	 08:09:56
Match: Event 272632457, Lines 2
Match: Event 272633178, Lines 2
Match: Event 272635497, Lines 2
Match: Event 272636649, Lines 2
Match: Event 272636700, Lines 2
Match: Event 272637209, Lines 2
Match: Event 272637978, Lines 2
Match: Event 272638835, Lines 2
Match: Event 272639485, Lines 2
Match: Event 272640180, Lines 2
Match: Event 272640677, Lines 2
[64%] 	 20,049/31,326 	 08:17:07
Match: Event 272642107, Lines 2
Match: Event 272643133, Lines 2
Match: Event 272643553, Lines 2
Match: Event 272644312, Lines 2
Match: Event 272644910, Lines 2
Match: Event 272645839, Lines 2
Match: Event 272646144, Lines 2
Match: Event 272646363, Lines 2
Match: Event 272646571, Lines 2
Match: Event 272647313, Lines 2
Match: Event 272648406, Lines 2
Match: Event 272649106, Lines 2
Match: Event 272649125, Lines 2
Match: Event 272649550, Lines 2
Match: Event 272649577, Lines 2
Match: Event 272649947, Lines 2
Match: Event 272650530, Lines 2
Match: Event 272651730, Lines 2
[65%] 	 20,362/31,326 	 08:24:46
Match: Event 272651944, Lines 2
Match: Event 272652247, Lines 2
Match: Event 272652645, Lines 2
Match: Event 272653605, Lines 2
Match: Event 272654048, Lines 3
Match: Event 272654315, Lines 2
Match: Event 272654958, Lines 3
Match: Event 272655309, Lines 2
Match: Event 272656009, Lines 2
Match: Event 272656030, Lines 2
Match: Event 272657195, Lines 2
Match: Event 272658002, Lines 2
Match: Event 272660481, Lines 2
Match: Event 272660688, Lines 2
[66%] 	 20,676/31,326 	 08:32:42
Match: Event 272661997, Lines 2
Match: Event 272662416, Lines 3
Match: Event 272662712, Lines 2
Match: Event 272666877, Lines 2
Match: Event 272667508, Lines 2
Match: Event 272668093, Lines 2
Match: Event 272669093, Lines 2
Match: Event 272669523, Lines 2
Match: Event 272670611, Lines 2
[67%] 	 20,989/31,326 	 08:40:10
Match: Event 272670955, Lines 2
Match: Event 272671501, Lines 2
Match: Event 272671884, Lines 2
Match: Event 272671936, Lines 2
Match: Event 272672003, Lines 2
Match: Event 272672960, Lines 2
Match: Event 272673130, Lines 2
Match: Event 272674303, Lines 2
Match: Event 272674439, Lines 2
Match: Event 272674620, Lines 3
Match: Event 272675051, Lines 2
Match: Event 272675694, Lines 2
Match: Event 272675868, Lines 2
Match: Event 272676020, Lines 2
Match: Event 272676518, Lines 2
Match: Event 272678653, Lines 2
Match: Event 272679344, Lines 3
Match: Event 272679762, Lines 2
Match: Event 272679808, Lines 2
[68%] 	 21,302/31,326 	 08:47:28
Match: Event 272684275, Lines 2
Match: Event 272685164, Lines 2
Match: Event 272685390, Lines 2
Match: Event 272687523, Lines 2
Match: Event 272688975, Lines 2
[69%] 	 21,615/31,326 	 08:54:50
Match: Event 272691472, Lines 2
Match: Event 272691950, Lines 2
Match: Event 272692058, Lines 2
Match: Event 272692076, Lines 2
Match: Event 272692595, Lines 2
Match: Event 272697127, Lines 2
Match: Event 272697610, Lines 2
Match: Event 272698127, Lines 2
Match: Event 272699275, Lines 2
Match: Event 272699583, Lines 2
[70%] 	 21,929/31,326 	 09:02:12
Match: Event 272701051, Lines 2
Match: Event 272701076, Lines 2
Match: Event 272701085, Lines 2
Match: Event 272701681, Lines 2
Match: Event 272701939, Lines 2
Match: Event 272702149, Lines 2
Match: Event 272702357, Lines 2
Match: Event 272703282, Lines 2
Match: Event 272703305, Lines 2
Match: Event 272703795, Lines 2
Match: Event 272704215, Lines 2
Match: Event 272704824, Lines 2
Match: Event 272705012, Lines 2
Match: Event 272705568, Lines 2
Match: Event 272705936, Lines 2
Match: Event 272706410, Lines 2
Match: Event 272708442, Lines 2
[71%] 	 22,242/31,326 	 09:10:03
Match: Event 272711785, Lines 2
Match: Event 272711844, Lines 2
Match: Event 272712787, Lines 3
Match: Event 272713650, Lines 2
Match: Event 272713682, Lines 2
Match: Event 272714061, Lines 3
Match: Event 272715107, Lines 2
Match: Event 272715160, Lines 2
Match: Event 272715491, Lines 2
Match: Event 272716904, Lines 2
[72%] 	 22,555/31,326 	 09:19:06
Match: Event 272719940, Lines 2
Match: Event 272720164, Lines 2
Match: Event 272720306, Lines 2
Match: Event 272720468, Lines 2
Match: Event 272721084, Lines 2
Match: Event 272721710, Lines 2
Match: Event 272722134, Lines 2
Match: Event 272722564, Lines 2
Match: Event 272723938, Lines 2
Match: Event 272724362, Lines 2
Match: Event 272724815, Lines 2
Match: Event 272726261, Lines 2
Match: Event 272726619, Lines 2
Match: Event 272726633, Lines 2
Match: Event 272726889, Lines 2
Match: Event 272727430, Lines 2
Match: Event 272728069, Lines 2
Match: Event 272728122, Lines 2
Match: Event 272728709, Lines 2
[73%] 	 22,868/31,326 	 09:29:00
Match: Event 272729402, Lines 2
Match: Event 272730230, Lines 2
Match: Event 272730874, Lines 2
Match: Event 272731023, Lines 2
Match: Event 272731119, Lines 2
Match: Event 272731369, Lines 2
Match: Event 272732290, Lines 2
Match: Event 272732819, Lines 2
Match: Event 272733018, Lines 2
Match: Event 272734853, Lines 2
Match: Event 272735089, Lines 2
Match: Event 272735619, Lines 2
Match: Event 272737017, Lines 2
Match: Event 272737490, Lines 2
Match: Event 272737576, Lines 2
Match: Event 272737703, Lines 2
Match: Event 272737733, Lines 2
Match: Event 272738321, Lines 2
[74%] 	 23,182/31,326 	 09:38:30
Match: Event 272739014, Lines 2
Match: Event 272739770, Lines 2
Match: Event 272739848, Lines 2
Match: Event 272741114, Lines 2
Match: Event 272742013, Lines 2
Match: Event 272742184, Lines 2
Match: Event 272744775, Lines 2
Match: Event 272744938, Lines 2
Match: Event 272745157, Lines 2
Match: Event 272748428, Lines 2
[75%] 	 23,495/31,326 	 09:48:19
Match: Event 272748585, Lines 2
Match: Event 272749132, Lines 2
Match: Event 272749471, Lines 2
Match: Event 272750072, Lines 2
Match: Event 272751746, Lines 2
Match: Event 272752143, Lines 2
Match: Event 272752867, Lines 2
Match: Event 272754203, Lines 2
Match: Event 272754554, Lines 2
Match: Event 272754649, Lines 2
Match: Event 272755036, Lines 2
Match: Event 272755041, Lines 2
Match: Event 272755290, Lines 2
Match: Event 272755946, Lines 2
Match: Event 272756908, Lines 2
Match: Event 272757044, Lines 2
[76%] 	 23,808/31,326 	 09:57:36
Match: Event 272759285, Lines 3
Match: Event 272759853, Lines 3
Match: Event 272759984, Lines 2
Match: Event 272760469, Lines 2
Match: Event 272760668, Lines 2
Match: Event 272761153, Lines 2
Match: Event 272761455, Lines 2
Match: Event 272763152, Lines 2
Match: Event 272763207, Lines 2
Match: Event 272764014, Lines 2
Match: Event 272764357, Lines 2
Match: Event 272764667, Lines 2
Match: Event 272764770, Lines 2
Match: Event 272764898, Lines 2
Match: Event 272765199, Lines 2
Match: Event 272765383, Lines 3
Match: Event 272765420, Lines 2
Match: Event 272765727, Lines 3
Match: Event 272766343, Lines 2
Match: Event 272766735, Lines 2
Match: Event 272766797, Lines 2
Match: Event 272768260, Lines 2
Match: Event 272769043, Lines 2
[77%] 	 24,122/31,326 	 10:06:03
Match: Event 272769723, Lines 2
Match: Event 272770935, Lines 2
Match: Event 272773278, Lines 2
Match: Event 272773411, Lines 2
Match: Event 272774079, Lines 2
Match: Event 272774526, Lines 2
Match: Event 272775491, Lines 2
Match: Event 272776266, Lines 2
Match: Event 272776690, Lines 2
Match: Event 272777534, Lines 2
Match: Event 272778252, Lines 2
Match: Event 272779255, Lines 3
Match: Event 272779385, Lines 2
[78%] 	 24,435/31,326 	 10:13:40
Match: Event 272782767, Lines 2
Match: Event 272783491, Lines 2
Match: Event 272783810, Lines 2
Match: Event 272783902, Lines 2
Match: Event 272784019, Lines 2
Match: Event 272784956, Lines 2
Match: Event 272786390, Lines 2
[79%] 	 24,748/31,326 	 10:21:22
Match: Event 272791064, Lines 2
Match: Event 272791506, Lines 2
Match: Event 272792682, Lines 2
Match: Event 272794340, Lines 2
Match: Event 272795928, Lines 2
Match: Event 272796486, Lines 2
Match: Event 272796710, Lines 2
Match: Event 272798100, Lines 2
Match: Event 272798735, Lines 2
Match: Event 272799442, Lines 2
Match: Event 272799544, Lines 2
[80%] 	 25,061/31,326 	 10:28:48
Match: Event 272800227, Lines 2
Match: Event 272802059, Lines 3
Match: Event 272802186, Lines 2
Match: Event 272802896, Lines 2
Match: Event 272804082, Lines 2
Match: Event 272804164, Lines 2
Match: Event 272804607, Lines 2
Match: Event 272805902, Lines 2
Match: Event 272806672, Lines 2
Match: Event 272806847, Lines 2
Match: Event 272807730, Lines 3
Match: Event 272808071, Lines 2
Match: Event 272808984, Lines 2
[81%] 	 25,375/31,326 	 10:36:39
Match: Event 272809944, Lines 2
Match: Event 272810426, Lines 2
Match: Event 272810701, Lines 2
Match: Event 272810828, Lines 2
Match: Event 272812228, Lines 2
Match: Event 272812623, Lines 2
Match: Event 272812723, Lines 2
Match: Event 272813130, Lines 3
Match: Event 272813498, Lines 2
Match: Event 272813742, Lines 2
Match: Event 272814240, Lines 2
Match: Event 272814973, Lines 2
Match: Event 272815110, Lines 2
Match: Event 272815122, Lines 2
Match: Event 272815417, Lines 2
Match: Event 272815655, Lines 2
Match: Event 272816230, Lines 2
Match: Event 272816704, Lines 2
Match: Event 272817374, Lines 2
Match: Event 272817766, Lines 2
Match: Event 272817943, Lines 2
Match: Event 272818073, Lines 2
Match: Event 272818100, Lines 2
Match: Event 272818440, Lines 2
[82%] 	 25,688/31,326 	 10:45:12
Match: Event 272820777, Lines 2
Match: Event 272821913, Lines 2
Match: Event 272822328, Lines 2
Match: Event 272824281, Lines 2
Match: Event 272824378, Lines 2
Match: Event 272824523, Lines 2
Match: Event 272824973, Lines 3
Match: Event 272825384, Lines 2
Match: Event 272825723, Lines 2
Match: Event 272826632, Lines 2
Match: Event 272828104, Lines 2
Match: Event 272828643, Lines 2
[83%] 	 26,001/31,326 	 10:53:53
Match: Event 272829534, Lines 2
Match: Event 272830266, Lines 2
Match: Event 272832471, Lines 2
Match: Event 272832936, Lines 2
Match: Event 272833594, Lines 2
Match: Event 272834663, Lines 2
Match: Event 272834785, Lines 2
Match: Event 272834817, Lines 2
Match: Event 272835027, Lines 2
Match: Event 272835231, Lines 2
Match: Event 272836036, Lines 2
Match: Event 272836046, Lines 2
Match: Event 272836153, Lines 2
Match: Event 272836284, Lines 2
Match: Event 272837756, Lines 3
Match: Event 272838490, Lines 2
[84%] 	 26,314/31,326 	 11:02:15
Match: Event 272839365, Lines 2
Match: Event 272840369, Lines 2
Match: Event 272840561, Lines 2
Match: Event 272841350, Lines 2
Match: Event 272841503, Lines 2
Match: Event 272843103, Lines 2
Match: Event 272843280, Lines 2
Match: Event 272843660, Lines 2
Match: Event 272844218, Lines 2
Match: Event 272845124, Lines 2
Match: Event 272846078, Lines 3
Match: Event 272848073, Lines 3
[85%] 	 26,628/31,326 	 11:10:25
Match: Event 272850005, Lines 2
Match: Event 272850031, Lines 3
Match: Event 272850777, Lines 2
Match: Event 272850913, Lines 2
Match: Event 272851372, Lines 2
Match: Event 272851500, Lines 2
Match: Event 272852063, Lines 2
Match: Event 272852080, Lines 2
Match: Event 272852389, Lines 2
Match: Event 272852459, Lines 2
Match: Event 272853486, Lines 2
Match: Event 272853616, Lines 2
Match: Event 272853840, Lines 2
Match: Event 272854202, Lines 2
Match: Event 272854553, Lines 2
Match: Event 272854622, Lines 2
Match: Event 272854988, Lines 3
Match: Event 272855386, Lines 2
Match: Event 272855677, Lines 2
Match: Event 272856536, Lines 2
Match: Event 272856684, Lines 2
Match: Event 272857237, Lines 2
Match: Event 272857239, Lines 2
Match: Event 272857720, Lines 2
[86%] 	 26,941/31,326 	 11:18:20
Match: Event 272858765, Lines 2
Match: Event 272858896, Lines 3
Match: Event 272859399, Lines 2
Match: Event 272860443, Lines 2
Match: Event 272862405, Lines 2
Match: Event 272864460, Lines 2
Match: Event 272864533, Lines 2
Match: Event 272865788, Lines 2
Match: Event 272866230, Lines 2
Match: Event 272866520, Lines 2
Match: Event 272866623, Lines 2
Match: Event 272866632, Lines 2
Match: Event 272866872, Lines 2
Match: Event 272866989, Lines 2
Match: Event 272867096, Lines 2
[87%] 	 27,254/31,326 	 11:25:57
Match: Event 272868117, Lines 2
Match: Event 272868546, Lines 2
Match: Event 272869020, Lines 2
Match: Event 272869464, Lines 2
Match: Event 272869887, Lines 2
Match: Event 272870206, Lines 2
Match: Event 272870610, Lines 2
Match: Event 272870862, Lines 2
Match: Event 272871281, Lines 2
Match: Event 272871672, Lines 2
Match: Event 272873836, Lines 2
Match: Event 272875283, Lines 2
Match: Event 272875810, Lines 2
Match: Event 272877374, Lines 2
Match: Event 272877767, Lines 2
[88%] 	 27,567/31,326 	 11:33:52
Match: Event 272878622, Lines 2
Match: Event 272879935, Lines 3
Match: Event 272880832, Lines 2
Match: Event 272882039, Lines 2
Match: Event 272882301, Lines 2
Match: Event 272882884, Lines 2
Match: Event 272883324, Lines 2
Match: Event 272883923, Lines 2
Match: Event 272884160, Lines 2
Match: Event 272884490, Lines 3
[89%] 	 27,881/31,326 	 11:41:26
Match: Event 272888093, Lines 2
Match: Event 272888229, Lines 2
Match: Event 272888312, Lines 2
Match: Event 272888948, Lines 2
Match: Event 272889542, Lines 2
Match: Event 272889619, Lines 2
Match: Event 272890069, Lines 3
Match: Event 272890958, Lines 2
Match: Event 272892480, Lines 2
Match: Event 272893989, Lines 2
Match: Event 272894530, Lines 2
Match: Event 272895047, Lines 2
Match: Event 272895488, Lines 2
Match: Event 272895511, Lines 2
Match: Event 272896001, Lines 3
Match: Event 272896280, Lines 2
[90%] 	 28,194/31,326 	 11:49:20
Match: Event 272898233, Lines 2
Match: Event 272900024, Lines 2
Match: Event 272900522, Lines 3
Match: Event 272900748, Lines 2
Match: Event 272901689, Lines 2
Match: Event 272903188, Lines 2
Match: Event 272903190, Lines 2
Match: Event 272903916, Lines 2
Match: Event 272904001, Lines 2
Match: Event 272905331, Lines 2
Match: Event 272905554, Lines 2
Match: Event 272905581, Lines 3
Match: Event 272905594, Lines 2
Match: Event 272906965, Lines 2
[91%] 	 28,507/31,326 	 11:56:51
Match: Event 272908274, Lines 2
Match: Event 272909418, Lines 2
Match: Event 272909428, Lines 2
Match: Event 272911449, Lines 2
Match: Event 272912067, Lines 2
Match: Event 272912521, Lines 2
Match: Event 272913555, Lines 2
Match: Event 272913685, Lines 2
Match: Event 272915802, Lines 2
Match: Event 272916438, Lines 2
[92%] 	 28,820/31,326 	 12:04:31
Match: Event 272918891, Lines 2
Match: Event 272919132, Lines 2
Match: Event 272919317, Lines 2
Match: Event 272919835, Lines 2
Match: Event 272920244, Lines 2
Match: Event 272921437, Lines 2
Match: Event 272921914, Lines 2
Match: Event 272922885, Lines 2
Match: Event 272923122, Lines 2
Match: Event 272924569, Lines 2
Match: Event 272924575, Lines 2
Match: Event 272924944, Lines 2
Match: Event 272925235, Lines 2
Match: Event 272927330, Lines 2
Match: Event 272927733, Lines 2
[93%] 	 29,134/31,326 	 12:11:58
Match: Event 272928295, Lines 2
Match: Event 272929283, Lines 3
Match: Event 272929411, Lines 2
Match: Event 272929831, Lines 2
Match: Event 272930681, Lines 2
Match: Event 272932114, Lines 2
Match: Event 272933991, Lines 2
Match: Event 272934876, Lines 2
Match: Event 272934891, Lines 2
Match: Event 272936523, Lines 2
Match: Event 272936541, Lines 2
Match: Event 272936971, Lines 2
Match: Event 272937379, Lines 2
[94%] 	 29,447/31,326 	 12:19:26
Match: Event 272938740, Lines 2
Match: Event 272941586, Lines 2
Match: Event 272942010, Lines 2
Match: Event 272943655, Lines 2
Match: Event 272943881, Lines 2
Match: Event 272944781, Lines 2
Match: Event 272946339, Lines 2
Match: Event 272948392, Lines 2
[95%] 	 29,760/31,326 	 12:26:49
Match: Event 272949553, Lines 2
Match: Event 272950263, Lines 2
Match: Event 272950956, Lines 2
Match: Event 272952866, Lines 2
Match: Event 272954161, Lines 2
Match: Event 272955040, Lines 2
Match: Event 272955119, Lines 2
Match: Event 272955236, Lines 2
Match: Event 272955544, Lines 2
[96%] 	 30,073/31,326 	 12:34:23
Match: Event 272958193, Lines 2
Match: Event 272958266, Lines 2
Match: Event 272958390, Lines 2
Match: Event 272959075, Lines 2
Match: Event 272959779, Lines 2
Match: Event 272960001, Lines 2
Match: Event 272960453, Lines 2
Match: Event 272960817, Lines 2
Match: Event 272960983, Lines 2
Match: Event 272961513, Lines 2
Match: Event 272961517, Lines 2
Match: Event 272961798, Lines 2
Match: Event 272962048, Lines 2
Match: Event 272962401, Lines 2
Match: Event 272963496, Lines 2
Match: Event 272964807, Lines 2
Match: Event 272965340, Lines 2
Match: Event 272965502, Lines 2
Match: Event 272967706, Lines 2
Match: Event 272967787, Lines 2
Match: Event 272967826, Lines 2
Match: Event 272967901, Lines 2
Match: Event 272968038, Lines 2
Match: Event 272968204, Lines 2
[97%] 	 30,387/31,326 	 12:42:14
Match: Event 272968731, Lines 2
Match: Event 272968927, Lines 2
Match: Event 272970233, Lines 2
Match: Event 272970467, Lines 2
Match: Event 272970504, Lines 2
Match: Event 272971072, Lines 2
Match: Event 272971392, Lines 2
Match: Event 272971771, Lines 2
Match: Event 272975205, Lines 2
Match: Event 272975308, Lines 2
Match: Event 272975809, Lines 3
Match: Event 272978854, Lines 2
Match: Event 272978949, Lines 2
Match: Event 272979078, Lines 2
Match: Event 272979292, Lines 3
[98%] 	 30,700/31,326 	 12:49:37
Match: Event 272980076, Lines 2
Match: Event 272980291, Lines 2
Match: Event 272982030, Lines 2
Match: Event 272982638, Lines 2
Match: Event 272982891, Lines 2
Match: Event 272983311, Lines 2
Match: Event 272984443, Lines 2
Match: Event 272985126, Lines 2
Match: Event 272985579, Lines 2
Match: Event 272985798, Lines 2
Match: Event 272987276, Lines 2
Match: Event 272988798, Lines 2
Match: Event 272989853, Lines 2
[99%] 	 31,013/31,326 	 12:56:59
Match: Event 272990264, Lines 2
Match: Event 272993047, Lines 2
Match: Event 272993665, Lines 2
Match: Event 272993695, Lines 2
Match: Event 272993910, Lines 2
Match: Event 272995831, Lines 2
Match: Event 272996000, Lines 2
Match: Event 272996091, Lines 2
Match: Event 272996851, Lines 2
Match: Event 272997046, Lines 2
Match: Event 272997729, Lines 2
Match: Event 272998351, Lines 3
Match: Event 272998664, Lines 2
Match: Event 272999400, Lines 2
Match: Event 272999602, Lines 2
Finished in 47063.81s.
 ~ 5) DONE !
