search libraries in slc9_x86-64
 ~ 1) Base stack loaded.
 ~ Sleeping for 13 seconds to avoid AFS DDOS...
 ~ 2) Loading sndsw environment...
 ~ 3) SNDSW_ROOT is set to: /afs/cern.ch/user/i/idioniso/snd_master/sw-root6.28/rhel9_x86-64/sndsw/master-local1
 ~ 4) Executing tracking script...
[INFO] The input consists out of the following trees and files: 
[INFO]  - rawConv
[INFO]     - root://eoshome-i.cern.ch//eos/user/i/idioniso/tridents/initial_cuts/tridents_sndsw_raw-0266.root
[INFO] FairRootFileSink initialized.
[INFO]  - cbmout
[INFO]     - dummy
[INFO] Parameter and input file are available, Assure that basic info is there for the run!
[INFO] ---FairRootManager::SpecifyRunId --- 
[INFO] --- Initialize with RunId  --- 0

************************************************************* 
     initialisation for run id 0
************************************************************* 
-I- FairRunTimeDB::InitContainer() FairBaseParSet
-I- FairRunTimeDB::InitContainer() FairGeoParSet

************************************************************* 
     initialisation for run id 0
************************************************************* 
-I- FairRunTimeDB::InitContainer() FairBaseParSet
-I- FairRunTimeDB::InitContainer() FairGeoParSet
[INFO]  Branch: Reco_MuonTracks not found in Tree.
using geofile: root://eospublic.cern.ch//eos/experiment/sndlhc/convertedData/physics/2023/geofile_sndlhc_TI18_V3_2023.root
[0%] 	 0/31,577 	 00:00:08
Match: Event 266000005, Lines 2
Match: Event 266000622, Lines 2
Match: Event 266001018, Lines 2
Match: Event 266001993, Lines 2
Match: Event 266002622, Lines 2
Match: Event 266003399, Lines 2
Match: Event 266003757, Lines 2
Match: Event 266008116, Lines 2
Match: Event 266008574, Lines 2
Match: Event 266009437, Lines 2
Match: Event 266009485, Lines 2
Match: Event 266009614, Lines 2
[1%] 	 316/31,577 	 00:08:25
Match: Event 266010553, Lines 2
Match: Event 266010562, Lines 2
Match: Event 266010622, Lines 2
Match: Event 266011042, Lines 2
Match: Event 266011669, Lines 2
Match: Event 266012574, Lines 2
Match: Event 266012841, Lines 2
Match: Event 266013221, Lines 2
Match: Event 266013504, Lines 2
Match: Event 266013802, Lines 2
Match: Event 266013906, Lines 2
Match: Event 266013995, Lines 2
Match: Event 266014227, Lines 2
Match: Event 266014452, Lines 2
Match: Event 266015639, Lines 2
Match: Event 266016374, Lines 2
Match: Event 266016541, Lines 2
Match: Event 266017077, Lines 2
Match: Event 266017273, Lines 2
Match: Event 266017355, Lines 2
Match: Event 266017691, Lines 2
Match: Event 266018657, Lines 2
Match: Event 266019683, Lines 2
[2%] 	 632/31,577 	 00:16:39
Match: Event 266019914, Lines 2
Match: Event 266020174, Lines 2
Match: Event 266020928, Lines 2
Match: Event 266025149, Lines 2
Match: Event 266025392, Lines 2
Match: Event 266025409, Lines 2
Match: Event 266026372, Lines 2
Match: Event 266026890, Lines 2
Match: Event 266027724, Lines 2
Match: Event 266028772, Lines 3
Match: Event 266029224, Lines 2
Match: Event 266029514, Lines 2
[3%] 	 948/31,577 	 00:24:39
Match: Event 266029572, Lines 2
Match: Event 266030116, Lines 2
Match: Event 266030310, Lines 2
Match: Event 266030842, Lines 2
Match: Event 266032142, Lines 2
Match: Event 266032208, Lines 2
Match: Event 266033112, Lines 2
Match: Event 266033536, Lines 2
Match: Event 266033715, Lines 2
Match: Event 266035301, Lines 2
Match: Event 266035975, Lines 2
Match: Event 266036232, Lines 2
Match: Event 266038079, Lines 2
[4%] 	 1,264/31,577 	 00:32:44
Match: Event 266039164, Lines 2
Match: Event 266039241, Lines 2
Match: Event 266039253, Lines 2
Match: Event 266039516, Lines 2
Match: Event 266039608, Lines 2
Match: Event 266039623, Lines 2
Match: Event 266041171, Lines 2
Match: Event 266042733, Lines 2
Match: Event 266043174, Lines 2
Match: Event 266043193, Lines 2
Match: Event 266044232, Lines 2
Match: Event 266044326, Lines 2
Match: Event 266044551, Lines 2
Match: Event 266045797, Lines 2
Match: Event 266046934, Lines 2
Match: Event 266047183, Lines 2
Match: Event 266047230, Lines 2
Match: Event 266047964, Lines 2
[5%] 	 1,579/31,577 	 00:40:44
Match: Event 266051411, Lines 2
Match: Event 266053248, Lines 2
Match: Event 266053981, Lines 2
Match: Event 266054328, Lines 2
Match: Event 266054390, Lines 3
Match: Event 266054533, Lines 2
Match: Event 266054799, Lines 2
Match: Event 266055883, Lines 2
Match: Event 266056236, Lines 2
Match: Event 266058389, Lines 2
[6%] 	 1,895/31,577 	 00:48:51
Match: Event 266059613, Lines 2
Match: Event 266059864, Lines 2
Match: Event 266060025, Lines 2
Match: Event 266061758, Lines 2
Match: Event 266062041, Lines 3
Match: Event 266062109, Lines 2
Match: Event 266062193, Lines 2
Match: Event 266062963, Lines 2
Match: Event 266064257, Lines 2
Match: Event 266064719, Lines 2
Match: Event 266066322, Lines 3
Match: Event 266066691, Lines 2
Match: Event 266067120, Lines 2
Match: Event 266068405, Lines 2
[7%] 	 2,211/31,577 	 00:57:06
Match: Event 266069706, Lines 2
Match: Event 266069834, Lines 2
Match: Event 266070001, Lines 2
Match: Event 266070208, Lines 2
Match: Event 266070255, Lines 2
Match: Event 266072269, Lines 2
Match: Event 266074155, Lines 2
Match: Event 266074267, Lines 2
Match: Event 266074495, Lines 2
Match: Event 266076920, Lines 2
Match: Event 266077169, Lines 2
Match: Event 266077464, Lines 2
Match: Event 266077832, Lines 2
Match: Event 266078280, Lines 2
[8%] 	 2,527/31,577 	 01:05:12
Match: Event 266078609, Lines 2
Match: Event 266078942, Lines 2
Match: Event 266079175, Lines 2
Match: Event 266079421, Lines 2
Match: Event 266079706, Lines 2
Match: Event 266079928, Lines 2
Match: Event 266080485, Lines 2
Match: Event 266082863, Lines 2
Match: Event 266082965, Lines 2
Match: Event 266084417, Lines 2
Match: Event 266085443, Lines 2
Match: Event 266086090, Lines 2
Match: Event 266086472, Lines 2
Match: Event 266086675, Lines 2
Match: Event 266086918, Lines 2
[9%] 	 2,842/31,577 	 01:13:02
Match: Event 266088263, Lines 2
Match: Event 266088589, Lines 2
Match: Event 266089146, Lines 2
Match: Event 266089554, Lines 2
Match: Event 266089613, Lines 2
Match: Event 266089633, Lines 2
Match: Event 266090674, Lines 2
Match: Event 266091364, Lines 2
Match: Event 266092063, Lines 3
Match: Event 266095619, Lines 2
Match: Event 266096106, Lines 2
Match: Event 266096110, Lines 2
Match: Event 266096397, Lines 2
Match: Event 266097710, Lines 2
[10%] 	 3,158/31,577 	 01:21:23
Match: Event 266100572, Lines 2
Match: Event 266101334, Lines 2
Match: Event 266101945, Lines 2
Match: Event 266103384, Lines 2
Match: Event 266103395, Lines 2
Match: Event 266103411, Lines 2
Match: Event 266103415, Lines 2
Match: Event 266104929, Lines 2
Match: Event 266105560, Lines 2
Match: Event 266105725, Lines 2
Match: Event 266107766, Lines 2
Match: Event 266108515, Lines 2
[11%] 	 3,474/31,577 	 01:29:21
Match: Event 266109596, Lines 2
Match: Event 266109665, Lines 2
Match: Event 266111723, Lines 2
Match: Event 266112009, Lines 2
Match: Event 266115261, Lines 2
Match: Event 266116816, Lines 3
Match: Event 266118320, Lines 2
Match: Event 266120007, Lines 2
[12%] 	 3,790/31,577 	 01:37:14
Match: Event 266120622, Lines 2
Match: Event 266121034, Lines 2
Match: Event 266121046, Lines 3
Match: Event 266121269, Lines 2
Match: Event 266123946, Lines 2
Match: Event 266124012, Lines 2
Match: Event 266124119, Lines 2
Match: Event 266124399, Lines 2
Match: Event 266124569, Lines 2
Match: Event 266126234, Lines 2
Match: Event 266126321, Lines 2
Match: Event 266126601, Lines 2
Match: Event 266127178, Lines 2
Match: Event 266128456, Lines 3
Match: Event 266129119, Lines 2
[13%] 	 4,106/31,577 	 01:45:56
Match: Event 266130855, Lines 2
Match: Event 266131556, Lines 2
Match: Event 266132503, Lines 2
Match: Event 266133930, Lines 2
Match: Event 266135460, Lines 2
Match: Event 266135481, Lines 3
Match: Event 266136517, Lines 2
Match: Event 266136667, Lines 2
Match: Event 266138815, Lines 2
Match: Event 266139300, Lines 2
[14%] 	 4,421/31,577 	 01:54:03
Match: Event 266140952, Lines 2
Match: Event 266141361, Lines 2
Match: Event 266141805, Lines 3
Match: Event 266141941, Lines 2
Match: Event 266142091, Lines 2
Match: Event 266142812, Lines 3
Match: Event 266142890, Lines 2
Match: Event 266143412, Lines 2
Match: Event 266145173, Lines 2
Match: Event 266146437, Lines 2
Match: Event 266147612, Lines 2
Match: Event 266147904, Lines 2
Match: Event 266148199, Lines 2
Match: Event 266148246, Lines 2
Match: Event 266148783, Lines 2
Match: Event 266148968, Lines 2
Match: Event 266149493, Lines 2
Match: Event 266149757, Lines 2
Match: Event 266149829, Lines 2
[15%] 	 4,737/31,577 	 02:02:06
Match: Event 266151476, Lines 2
Match: Event 266151573, Lines 3
Match: Event 266151907, Lines 2
Match: Event 266153411, Lines 2
Match: Event 266153691, Lines 2
Match: Event 266153822, Lines 2
Match: Event 266153938, Lines 2
Match: Event 266154038, Lines 2
Match: Event 266154497, Lines 2
Match: Event 266154779, Lines 2
Match: Event 266154817, Lines 2
Match: Event 266155282, Lines 2
Match: Event 266155398, Lines 2
Match: Event 266155430, Lines 2
Match: Event 266155557, Lines 2
Match: Event 266157035, Lines 2
Match: Event 266157171, Lines 2
Match: Event 266157305, Lines 2
Match: Event 266157719, Lines 2
Match: Event 266157848, Lines 2
[16%] 	 5,053/31,577 	 02:10:10
Match: Event 266160447, Lines 2
Match: Event 266161106, Lines 2
Match: Event 266161308, Lines 2
Match: Event 266163149, Lines 2
Match: Event 266163412, Lines 2
Match: Event 266164787, Lines 2
Match: Event 266166660, Lines 2
Match: Event 266167618, Lines 2
Match: Event 266167926, Lines 2
Match: Event 266169339, Lines 2
[17%] 	 5,369/31,577 	 02:17:58
Match: Event 266172041, Lines 2
Match: Event 266172240, Lines 2
Match: Event 266172316, Lines 2
Match: Event 266173335, Lines 2
Match: Event 266173538, Lines 2
Match: Event 266173881, Lines 2
Match: Event 266174377, Lines 3
Match: Event 266174495, Lines 2
Match: Event 266174575, Lines 3
Match: Event 266174979, Lines 2
Match: Event 266175614, Lines 2
Match: Event 266176086, Lines 2
Match: Event 266177623, Lines 2
Match: Event 266177710, Lines 2
Match: Event 266179078, Lines 2
[18%] 	 5,684/31,577 	 02:25:52
Match: Event 266179361, Lines 2
Match: Event 266179479, Lines 2
Match: Event 266179594, Lines 2
Match: Event 266180056, Lines 2
Match: Event 266180586, Lines 2
Match: Event 266182055, Lines 2
Match: Event 266182328, Lines 2
Match: Event 266183642, Lines 2
Match: Event 266184470, Lines 2
Match: Event 266185635, Lines 2
Match: Event 266185738, Lines 2
Match: Event 266187349, Lines 2
[19%] 	 6,000/31,577 	 02:34:08
Match: Event 266188962, Lines 2
Match: Event 266190489, Lines 2
Match: Event 266191150, Lines 2
Match: Event 266191570, Lines 2
Match: Event 266191623, Lines 2
Match: Event 266192259, Lines 2
Match: Event 266194006, Lines 2
Match: Event 266194205, Lines 2
Match: Event 266194965, Lines 2
Match: Event 266195029, Lines 2
Match: Event 266195793, Lines 2
Match: Event 266196537, Lines 2
Match: Event 266196710, Lines 3
Match: Event 266197602, Lines 2
Match: Event 266197603, Lines 2
Match: Event 266197756, Lines 2
Match: Event 266198044, Lines 2
Match: Event 266198851, Lines 2
Match: Event 266199149, Lines 2
[20%] 	 6,316/31,577 	 02:42:05
Match: Event 266199173, Lines 2
Match: Event 266199788, Lines 2
Match: Event 266200084, Lines 2
Match: Event 266200486, Lines 2
Match: Event 266200843, Lines 2
Match: Event 266201269, Lines 2
Match: Event 266202687, Lines 2
Match: Event 266203158, Lines 2
Match: Event 266203751, Lines 2
Match: Event 266203780, Lines 2
Match: Event 266207903, Lines 2
Match: Event 266208969, Lines 2
[21%] 	 6,632/31,577 	 02:49:44
Match: Event 266209943, Lines 2
Match: Event 266210308, Lines 2
Match: Event 266210553, Lines 2
Match: Event 266210646, Lines 2
Match: Event 266211803, Lines 2
Match: Event 266212545, Lines 2
Match: Event 266212914, Lines 2
Match: Event 266215115, Lines 2
Match: Event 266215280, Lines 2
Match: Event 266215585, Lines 2
Match: Event 266215659, Lines 2
Match: Event 266216297, Lines 2
Match: Event 266216569, Lines 2
Match: Event 266217930, Lines 2
Match: Event 266218495, Lines 2
Match: Event 266218975, Lines 2
Match: Event 266218994, Lines 2
[22%] 	 6,947/31,577 	 02:57:25
Match: Event 266220316, Lines 2
Match: Event 266220958, Lines 2
Match: Event 266221170, Lines 2
Match: Event 266221501, Lines 2
Match: Event 266221901, Lines 2
Match: Event 266222658, Lines 2
Match: Event 266223173, Lines 2
Match: Event 266225043, Lines 2
Match: Event 266225888, Lines 2
Match: Event 266226768, Lines 2
Match: Event 266227129, Lines 2
Match: Event 266227150, Lines 2
Match: Event 266227930, Lines 2
Match: Event 266228550, Lines 2
Match: Event 266228746, Lines 2
Match: Event 266229057, Lines 2
[23%] 	 7,263/31,577 	 03:05:18
Match: Event 266232039, Lines 2
Match: Event 266235880, Lines 2
Match: Event 266235994, Lines 2
Match: Event 266236048, Lines 2
Match: Event 266236209, Lines 2
Match: Event 266237711, Lines 2
Match: Event 266237729, Lines 2
Match: Event 266238144, Lines 2
Match: Event 266238383, Lines 2
[24%] 	 7,579/31,577 	 03:12:58
Match: Event 266241478, Lines 2
Match: Event 266241499, Lines 2
Match: Event 266242659, Lines 2
Match: Event 266242782, Lines 3
Match: Event 266244223, Lines 2
Match: Event 266244577, Lines 2
Match: Event 266244652, Lines 2
Match: Event 266244778, Lines 2
Match: Event 266246249, Lines 2
Match: Event 266247161, Lines 2
Match: Event 266247391, Lines 2
Match: Event 266248550, Lines 2
Match: Event 266248987, Lines 2
Match: Event 266249041, Lines 2
Match: Event 266249584, Lines 2
[25%] 	 7,895/31,577 	 03:21:00
Match: Event 266251118, Lines 2
Match: Event 266251942, Lines 2
Match: Event 266252552, Lines 2
Match: Event 266253253, Lines 2
Match: Event 266256967, Lines 2
Match: Event 266257074, Lines 2
Match: Event 266259276, Lines 2
[26%] 	 8,211/31,577 	 03:28:57
Match: Event 266260601, Lines 2
Match: Event 266260998, Lines 2
Match: Event 266261925, Lines 2
Match: Event 266263000, Lines 2
Match: Event 266263040, Lines 2
Match: Event 266263226, Lines 2
Match: Event 266264302, Lines 3
Match: Event 266264680, Lines 2
Match: Event 266266739, Lines 2
Match: Event 266267032, Lines 2
Match: Event 266267107, Lines 2
Match: Event 266267848, Lines 2
Match: Event 266268451, Lines 2
Match: Event 266268702, Lines 2
[27%] 	 8,526/31,577 	 03:36:57
Match: Event 266269428, Lines 2
Match: Event 266269632, Lines 2
Match: Event 266269720, Lines 2
Match: Event 266270348, Lines 2
Match: Event 266270613, Lines 2
Match: Event 266274135, Lines 2
Match: Event 266274205, Lines 2
Match: Event 266275396, Lines 2
Match: Event 266276185, Lines 2
Match: Event 266276958, Lines 2
Match: Event 266277019, Lines 2
Match: Event 266278101, Lines 2
Match: Event 266278613, Lines 2
[28%] 	 8,842/31,577 	 03:45:36
Match: Event 266280079, Lines 2
Match: Event 266280605, Lines 2
Match: Event 266281054, Lines 2
Match: Event 266281823, Lines 2
Match: Event 266283942, Lines 2
Match: Event 266284580, Lines 2
Match: Event 266284928, Lines 2
Match: Event 266286672, Lines 2
Match: Event 266287135, Lines 2
Match: Event 266287309, Lines 2
Match: Event 266288110, Lines 2
Match: Event 266289183, Lines 2
Match: Event 266289472, Lines 2
[29%] 	 9,158/31,577 	 03:53:46
Match: Event 266290394, Lines 2
Match: Event 266290844, Lines 2
Match: Event 266291244, Lines 3
Match: Event 266292161, Lines 3
Match: Event 266292203, Lines 2
Match: Event 266292396, Lines 2
Match: Event 266292855, Lines 2
Match: Event 266293093, Lines 2
Match: Event 266294081, Lines 2
Match: Event 266295040, Lines 2
Match: Event 266295186, Lines 2
Match: Event 266295693, Lines 2
Match: Event 266297411, Lines 2
Match: Event 266297523, Lines 2
Match: Event 266297642, Lines 2
Match: Event 266297698, Lines 2
Match: Event 266299029, Lines 2
[30%] 	 9,474/31,577 	 04:01:53
Match: Event 266301218, Lines 2
Match: Event 266301478, Lines 2
Match: Event 266302167, Lines 2
Match: Event 266303277, Lines 3
Match: Event 266304200, Lines 2
Match: Event 266304462, Lines 2
Match: Event 266304877, Lines 2
Match: Event 266305063, Lines 3
Match: Event 266305333, Lines 2
Match: Event 266305580, Lines 2
Match: Event 266305642, Lines 2
Match: Event 266307999, Lines 3
Match: Event 266308475, Lines 3
Match: Event 266309911, Lines 2
Match: Event 266310007, Lines 2
[31%] 	 9,789/31,577 	 04:09:38
Match: Event 266310911, Lines 2
Match: Event 266311623, Lines 2
Match: Event 266311862, Lines 2
Match: Event 266312745, Lines 2
Match: Event 266312857, Lines 2
Match: Event 266313253, Lines 2
Match: Event 266313548, Lines 2
Match: Event 266313869, Lines 2
Match: Event 266314131, Lines 2
Match: Event 266314626, Lines 2
Match: Event 266315142, Lines 2
Match: Event 266316284, Lines 2
Match: Event 266316677, Lines 2
Match: Event 266318438, Lines 2
Match: Event 266318783, Lines 2
Match: Event 266318993, Lines 2
Match: Event 266319702, Lines 2
[32%] 	 10,105/31,577 	 04:17:24
Match: Event 266320494, Lines 2
Match: Event 266321334, Lines 2
Match: Event 266321547, Lines 2
Match: Event 266322926, Lines 2
Match: Event 266323039, Lines 2
Match: Event 266323040, Lines 2
Match: Event 266323320, Lines 3
Match: Event 266323632, Lines 2
Match: Event 266323798, Lines 2
Match: Event 266323871, Lines 2
Match: Event 266324262, Lines 2
Match: Event 266324903, Lines 2
Match: Event 266325348, Lines 2
Match: Event 266325738, Lines 2
Match: Event 266325857, Lines 2
Match: Event 266326342, Lines 2
Match: Event 266327394, Lines 3
Match: Event 266328038, Lines 2
Match: Event 266328108, Lines 2
Match: Event 266329058, Lines 2
Match: Event 266329267, Lines 2
Match: Event 266329297, Lines 2
Match: Event 266329750, Lines 2
[33%] 	 10,421/31,577 	 04:25:47
Match: Event 266330679, Lines 2
Match: Event 266330705, Lines 2
Match: Event 266330904, Lines 2
Match: Event 266331360, Lines 3
Match: Event 266331677, Lines 2
Match: Event 266332675, Lines 2
Match: Event 266332779, Lines 2
Match: Event 266333149, Lines 2
Match: Event 266333982, Lines 2
Match: Event 266334268, Lines 2
Match: Event 266335965, Lines 2
Match: Event 266336143, Lines 2
Match: Event 266337010, Lines 2
Match: Event 266337805, Lines 2
Match: Event 266337940, Lines 2
Match: Event 266338052, Lines 2
Match: Event 266338238, Lines 2
Match: Event 266338565, Lines 3
Match: Event 266339164, Lines 2
Match: Event 266339491, Lines 2
[34%] 	 10,737/31,577 	 04:33:58
Match: Event 266341905, Lines 2
Match: Event 266342073, Lines 2
Match: Event 266342200, Lines 2
Match: Event 266342232, Lines 2
Match: Event 266343362, Lines 2
Match: Event 266343774, Lines 2
Match: Event 266344843, Lines 2
Match: Event 266345637, Lines 2
Match: Event 266346453, Lines 2
Match: Event 266348544, Lines 2
Match: Event 266348744, Lines 2
Match: Event 266348887, Lines 3
[35%] 	 11,052/31,577 	 04:41:58
Match: Event 266349645, Lines 2
Match: Event 266349710, Lines 2
Match: Event 266350613, Lines 2
Match: Event 266350848, Lines 2
Match: Event 266353323, Lines 2
Match: Event 266353478, Lines 2
Match: Event 266354288, Lines 2
Match: Event 266354502, Lines 2
Match: Event 266355150, Lines 2
Match: Event 266356099, Lines 2
Match: Event 266356683, Lines 2
Match: Event 266357838, Lines 2
Match: Event 266358098, Lines 2
Match: Event 266358651, Lines 2
Match: Event 266358963, Lines 2
[36%] 	 11,368/31,577 	 04:49:47
Match: Event 266359441, Lines 2
Match: Event 266360126, Lines 2
Match: Event 266361296, Lines 2
Match: Event 266361320, Lines 2
Match: Event 266362438, Lines 2
Match: Event 266363670, Lines 2
Match: Event 266363879, Lines 2
Match: Event 266365785, Lines 2
Match: Event 266368732, Lines 2
[37%] 	 11,684/31,577 	 04:57:39
Match: Event 266368944, Lines 2
Match: Event 266368996, Lines 2
Match: Event 266369754, Lines 2
Match: Event 266370031, Lines 2
Match: Event 266370311, Lines 2
Match: Event 266371166, Lines 2
Match: Event 266371432, Lines 2
Match: Event 266371507, Lines 2
Match: Event 266372112, Lines 2
Match: Event 266373089, Lines 3
Match: Event 266373144, Lines 2
Match: Event 266373488, Lines 2
Match: Event 266374754, Lines 2
Match: Event 266375137, Lines 2
Match: Event 266375177, Lines 2
Match: Event 266376141, Lines 2
Match: Event 266376769, Lines 2
[38%] 	 12,000/31,577 	 05:05:17
Match: Event 266378592, Lines 2
Match: Event 266379878, Lines 2
Match: Event 266380257, Lines 2
Match: Event 266380775, Lines 2
Match: Event 266381016, Lines 2
Match: Event 266381474, Lines 2
Match: Event 266381866, Lines 2
Match: Event 266382094, Lines 2
Match: Event 266382546, Lines 2
Match: Event 266382768, Lines 3
Match: Event 266384940, Lines 2
Match: Event 266385431, Lines 2
Match: Event 266385829, Lines 2
Match: Event 266386828, Lines 2
Match: Event 266387665, Lines 2
[39%] 	 12,316/31,577 	 05:13:05
Match: Event 266388152, Lines 3
Match: Event 266389018, Lines 2
Match: Event 266389083, Lines 2
Match: Event 266390147, Lines 2
Match: Event 266392989, Lines 2
Match: Event 266393203, Lines 2
Match: Event 266393532, Lines 2
Match: Event 266393672, Lines 2
Match: Event 266394683, Lines 2
Match: Event 266395072, Lines 2
Match: Event 266397376, Lines 2
Match: Event 266397516, Lines 2
Match: Event 266399431, Lines 2
[40%] 	 12,631/31,577 	 05:20:46
Match: Event 266400003, Lines 2
Match: Event 266400470, Lines 2
Match: Event 266400577, Lines 2
Match: Event 266400806, Lines 3
Match: Event 266400955, Lines 2
Match: Event 266401707, Lines 2
Match: Event 266403415, Lines 2
Match: Event 266403459, Lines 2
Match: Event 266403663, Lines 2
Match: Event 266404022, Lines 2
Match: Event 266404397, Lines 2
Match: Event 266404560, Lines 2
Match: Event 266405487, Lines 2
Match: Event 266405571, Lines 2
Match: Event 266406088, Lines 2
Match: Event 266406652, Lines 2
Match: Event 266407054, Lines 2
Match: Event 266407867, Lines 2
Match: Event 266408295, Lines 3
Match: Event 266408620, Lines 2
[41%] 	 12,947/31,577 	 05:29:04
Match: Event 266409548, Lines 2
Match: Event 266409711, Lines 2
Match: Event 266409999, Lines 2
Match: Event 266410443, Lines 2
Match: Event 266410699, Lines 2
Match: Event 266410973, Lines 2
Match: Event 266411497, Lines 2
Match: Event 266411919, Lines 2
Match: Event 266412056, Lines 2
Match: Event 266412956, Lines 2
Match: Event 266413198, Lines 2
Match: Event 266413716, Lines 2
Match: Event 266413750, Lines 2
Match: Event 266415811, Lines 2
Match: Event 266416490, Lines 3
Match: Event 266416770, Lines 2
Match: Event 266417568, Lines 2
Match: Event 266417795, Lines 2
Match: Event 266418403, Lines 2
Match: Event 266418516, Lines 2
[42%] 	 13,263/31,577 	 05:37:06
Match: Event 266419171, Lines 2
Match: Event 266419685, Lines 2
Match: Event 266420071, Lines 3
Match: Event 266420726, Lines 2
Match: Event 266420981, Lines 2
Match: Event 266422975, Lines 2
Match: Event 266423029, Lines 3
Match: Event 266424259, Lines 2
Match: Event 266425974, Lines 2
Match: Event 266427955, Lines 3
Match: Event 266428350, Lines 2
Match: Event 266428421, Lines 2
[43%] 	 13,579/31,577 	 05:45:10
Match: Event 266429263, Lines 2
Match: Event 266429931, Lines 2
Match: Event 266429997, Lines 2
Match: Event 266431075, Lines 2
Match: Event 266431094, Lines 2
Match: Event 266431492, Lines 2
Match: Event 266432133, Lines 2
Match: Event 266432549, Lines 2
Match: Event 266433852, Lines 2
Match: Event 266434038, Lines 2
Match: Event 266435263, Lines 2
Match: Event 266435894, Lines 2
Match: Event 266436416, Lines 2
Match: Event 266436863, Lines 2
Match: Event 266437097, Lines 2
Match: Event 266437593, Lines 2
Match: Event 266437907, Lines 3
Match: Event 266437959, Lines 2
[44%] 	 13,894/31,577 	 05:53:06
Match: Event 266438190, Lines 2
Match: Event 266440621, Lines 2
Match: Event 266440819, Lines 2
Match: Event 266441568, Lines 2
Match: Event 266441750, Lines 2
Match: Event 266442343, Lines 2
Match: Event 266443853, Lines 2
[45%] 	 14,210/31,577 	 06:00:52
Match: Event 266447870, Lines 2
Match: Event 266448590, Lines 2
Match: Event 266448612, Lines 2
Match: Event 266450582, Lines 2
Match: Event 266450891, Lines 2
Match: Event 266450916, Lines 2
Match: Event 266451145, Lines 2
Match: Event 266451566, Lines 2
Match: Event 266451722, Lines 2
Match: Event 266452309, Lines 2
Match: Event 266452493, Lines 2
Match: Event 266452698, Lines 2
Match: Event 266453258, Lines 2
Match: Event 266454247, Lines 2
Match: Event 266455051, Lines 2
Match: Event 266455158, Lines 2
Match: Event 266456014, Lines 2
Match: Event 266456196, Lines 2
[46%] 	 14,526/31,577 	 06:08:32
Match: Event 266456895, Lines 2
Match: Event 266458184, Lines 2
Match: Event 266458534, Lines 2
Match: Event 266458869, Lines 2
Match: Event 266459642, Lines 2
Match: Event 266460686, Lines 2
Match: Event 266460861, Lines 2
Match: Event 266463237, Lines 3
Match: Event 266463385, Lines 2
Match: Event 266465197, Lines 2
Match: Event 266465425, Lines 2
[47%] 	 14,842/31,577 	 06:16:26
Match: Event 266468296, Lines 2
Match: Event 266469124, Lines 2
Match: Event 266470098, Lines 2
Match: Event 266470151, Lines 2
Match: Event 266470477, Lines 2
Match: Event 266470525, Lines 2
Match: Event 266471063, Lines 2
Match: Event 266472161, Lines 2
Match: Event 266473324, Lines 2
Match: Event 266473782, Lines 2
Match: Event 266474039, Lines 2
Match: Event 266474442, Lines 2
Match: Event 266475290, Lines 2
Match: Event 266476032, Lines 2
Match: Event 266476326, Lines 2
[48%] 	 15,157/31,577 	 06:24:32
Match: Event 266477249, Lines 2
Match: Event 266477588, Lines 2
Match: Event 266478710, Lines 2
Match: Event 266479776, Lines 2
Match: Event 266481503, Lines 2
Match: Event 266481561, Lines 2
Match: Event 266484091, Lines 2
Match: Event 266485070, Lines 2
Match: Event 266485811, Lines 2
Match: Event 266486715, Lines 2
[49%] 	 15,473/31,577 	 06:32:41
Match: Event 266487697, Lines 2
Match: Event 266487976, Lines 2
Match: Event 266488188, Lines 2
Match: Event 266488759, Lines 2
Match: Event 266488861, Lines 2
Match: Event 266489208, Lines 2
Match: Event 266489399, Lines 2
Match: Event 266489616, Lines 2
Match: Event 266491408, Lines 2
Match: Event 266492069, Lines 2
Match: Event 266492208, Lines 2
Match: Event 266492919, Lines 3
Match: Event 266492985, Lines 2
Match: Event 266493276, Lines 2
Match: Event 266493378, Lines 2
Match: Event 266494139, Lines 2
Match: Event 266494421, Lines 2
Match: Event 266494816, Lines 2
Match: Event 266495202, Lines 2
Match: Event 266496270, Lines 2
[50%] 	 15,789/31,577 	 06:40:56
Match: Event 266498908, Lines 2
Match: Event 266499043, Lines 2
Match: Event 266499998, Lines 2
Match: Event 266500417, Lines 2
Match: Event 266500990, Lines 2
Match: Event 266501171, Lines 2
Match: Event 266501412, Lines 2
Match: Event 266502075, Lines 2
Match: Event 266502597, Lines 2
Match: Event 266502660, Lines 2
Match: Event 266505153, Lines 2
Match: Event 266506199, Lines 2
Match: Event 266506293, Lines 2
Match: Event 266506618, Lines 2
Match: Event 266506773, Lines 2
Match: Event 266506947, Lines 2
[51%] 	 16,105/31,577 	 06:49:33
Match: Event 266508004, Lines 2
Match: Event 266508025, Lines 2
Match: Event 266509252, Lines 2
Match: Event 266510270, Lines 2
Match: Event 266510887, Lines 2
Match: Event 266512262, Lines 2
Match: Event 266512334, Lines 2
Match: Event 266513104, Lines 2
Match: Event 266513288, Lines 3
Match: Event 266514492, Lines 2
Match: Event 266515281, Lines 2
Match: Event 266515414, Lines 2
Match: Event 266515865, Lines 2
Match: Event 266517298, Lines 2
[52%] 	 16,421/31,577 	 06:58:50
Match: Event 266519568, Lines 2
Match: Event 266519715, Lines 2
Match: Event 266522565, Lines 2
Match: Event 266522917, Lines 2
Match: Event 266523683, Lines 2
Match: Event 266523942, Lines 2
Match: Event 266523984, Lines 2
Match: Event 266525104, Lines 2
Match: Event 266525926, Lines 2
Match: Event 266526195, Lines 3
Match: Event 266526223, Lines 3
Match: Event 266527083, Lines 3
Match: Event 266528812, Lines 2
[53%] 	 16,736/31,577 	 07:08:51
Match: Event 266529983, Lines 2
Match: Event 266530159, Lines 3
Match: Event 266530484, Lines 2
Match: Event 266530656, Lines 2
Match: Event 266531164, Lines 2
Match: Event 266531349, Lines 2
Match: Event 266532198, Lines 2
Match: Event 266532261, Lines 2
Match: Event 266532942, Lines 2
Match: Event 266533118, Lines 2
Match: Event 266533611, Lines 2
Match: Event 266533975, Lines 2
Match: Event 266535005, Lines 2
Match: Event 266535302, Lines 2
Match: Event 266535477, Lines 2
Match: Event 266537496, Lines 2
Match: Event 266537527, Lines 2
Match: Event 266537594, Lines 2
Match: Event 266538652, Lines 2
Match: Event 266539011, Lines 2
Match: Event 266539103, Lines 2
Match: Event 266539114, Lines 2
Match: Event 266539334, Lines 2
Match: Event 266539615, Lines 2
Match: Event 266539718, Lines 2
[54%] 	 17,052/31,577 	 07:18:05
Match: Event 266540348, Lines 2
Match: Event 266540465, Lines 2
Match: Event 266541324, Lines 2
Match: Event 266541510, Lines 2
Match: Event 266542210, Lines 2
Match: Event 266544467, Lines 2
Match: Event 266544972, Lines 2
Match: Event 266545063, Lines 2
Match: Event 266545314, Lines 2
Match: Event 266546441, Lines 2
Match: Event 266546634, Lines 2
Match: Event 266547029, Lines 2
Match: Event 266547414, Lines 2
Match: Event 266547439, Lines 2
Match: Event 266547855, Lines 2
Match: Event 266548193, Lines 2
Match: Event 266548301, Lines 3
Match: Event 266548485, Lines 2
Match: Event 266548749, Lines 2
[55%] 	 17,368/31,577 	 07:27:09
Match: Event 266548837, Lines 2
Match: Event 266551037, Lines 2
Match: Event 266551343, Lines 2
Match: Event 266551453, Lines 2
Match: Event 266551667, Lines 2
Match: Event 266552505, Lines 2
Match: Event 266553249, Lines 2
Match: Event 266553607, Lines 2
Match: Event 266554643, Lines 2
Match: Event 266554803, Lines 2
Match: Event 266554866, Lines 2
Match: Event 266554906, Lines 2
Match: Event 266556503, Lines 2
Match: Event 266557709, Lines 2
Match: Event 266558389, Lines 2
[56%] 	 17,684/31,577 	 07:35:43
Match: Event 266558932, Lines 2
Match: Event 266559023, Lines 2
Match: Event 266559493, Lines 2
Match: Event 266559878, Lines 3
Match: Event 266560626, Lines 2
Match: Event 266561007, Lines 2
Match: Event 266561084, Lines 2
Match: Event 266561821, Lines 2
Match: Event 266563541, Lines 2
Match: Event 266564274, Lines 2
Match: Event 266564822, Lines 2
Match: Event 266566646, Lines 2
Match: Event 266566721, Lines 2
Match: Event 266566891, Lines 2
Match: Event 266567024, Lines 2
[57%] 	 17,999/31,577 	 07:43:28
Match: Event 266570434, Lines 2
Match: Event 266570616, Lines 3
Match: Event 266571564, Lines 2
Match: Event 266572857, Lines 2
Match: Event 266572912, Lines 2
Match: Event 266573539, Lines 2
Match: Event 266574937, Lines 2
Match: Event 266575246, Lines 2
Match: Event 266576163, Lines 2
Match: Event 266576497, Lines 2
Match: Event 266577442, Lines 2
Match: Event 266577957, Lines 2
[58%] 	 18,315/31,577 	 07:52:12
Match: Event 266580434, Lines 3
Match: Event 266581864, Lines 2
Match: Event 266582275, Lines 2
Match: Event 266582284, Lines 2
Match: Event 266583570, Lines 2
Match: Event 266583797, Lines 2
Match: Event 266584178, Lines 2
Match: Event 266584403, Lines 2
Match: Event 266584654, Lines 2
Match: Event 266585975, Lines 2
Match: Event 266586544, Lines 2
Match: Event 266588527, Lines 2
Match: Event 266589306, Lines 2
[59%] 	 18,631/31,577 	 08:02:07
Match: Event 266590083, Lines 2
Match: Event 266590275, Lines 2
Match: Event 266590727, Lines 2
Match: Event 266591465, Lines 2
Match: Event 266593031, Lines 2
Match: Event 266593509, Lines 2
Match: Event 266594336, Lines 2
Match: Event 266594575, Lines 2
Match: Event 266594950, Lines 2
Match: Event 266595046, Lines 2
Match: Event 266595087, Lines 2
Match: Event 266595315, Lines 2
Match: Event 266596097, Lines 2
Match: Event 266596537, Lines 2
Match: Event 266598206, Lines 2
[60%] 	 18,947/31,577 	 08:10:25
Match: Event 266601459, Lines 2
Match: Event 266602311, Lines 2
Match: Event 266603375, Lines 3
Match: Event 266603740, Lines 2
Match: Event 266603749, Lines 2
Match: Event 266604116, Lines 3
Match: Event 266605868, Lines 2
Match: Event 266606632, Lines 2
[61%] 	 19,262/31,577 	 08:18:27
Match: Event 266609516, Lines 2
Match: Event 266609563, Lines 2
Match: Event 266610795, Lines 2
Match: Event 266610932, Lines 3
Match: Event 266611356, Lines 2
Match: Event 266611645, Lines 2
Match: Event 266611893, Lines 2
Match: Event 266613174, Lines 2
Match: Event 266613620, Lines 2
Match: Event 266614424, Lines 2
Match: Event 266616140, Lines 2
Match: Event 266616373, Lines 2
Match: Event 266616872, Lines 2
[62%] 	 19,578/31,577 	 08:26:59
Match: Event 266619400, Lines 2
Match: Event 266621338, Lines 2
Match: Event 266621382, Lines 2
Match: Event 266621780, Lines 3
Match: Event 266622217, Lines 2
Match: Event 266622728, Lines 2
Match: Event 266623753, Lines 2
Match: Event 266624200, Lines 2
Match: Event 266624612, Lines 2
Match: Event 266624654, Lines 2
Match: Event 266625127, Lines 2
Match: Event 266626834, Lines 2
Match: Event 266627226, Lines 2
Match: Event 266627256, Lines 2
[63%] 	 19,894/31,577 	 08:35:07
Match: Event 266629121, Lines 2
Match: Event 266629180, Lines 2
Match: Event 266629292, Lines 2
Match: Event 266629432, Lines 2
Match: Event 266629730, Lines 2
Match: Event 266629957, Lines 2
Match: Event 266629984, Lines 2
Match: Event 266631908, Lines 2
Match: Event 266632253, Lines 2
Match: Event 266632451, Lines 2
Match: Event 266633309, Lines 2
Match: Event 266634292, Lines 2
Match: Event 266635220, Lines 2
Match: Event 266635584, Lines 2
[64%] 	 20,210/31,577 	 08:43:10
Match: Event 266637616, Lines 2
Match: Event 266638430, Lines 2
Match: Event 266638687, Lines 2
Match: Event 266639447, Lines 2
Match: Event 266640595, Lines 2
Match: Event 266641110, Lines 2
Match: Event 266641858, Lines 2
Match: Event 266645323, Lines 2
Match: Event 266645435, Lines 2
Match: Event 266645624, Lines 2
Match: Event 266645670, Lines 3
Match: Event 266645955, Lines 2
Match: Event 266646156, Lines 2
[65%] 	 20,526/31,577 	 08:51:30
Match: Event 266647163, Lines 2
Match: Event 266647451, Lines 2
Match: Event 266647907, Lines 3
Match: Event 266649365, Lines 2
Match: Event 266650922, Lines 2
Match: Event 266651189, Lines 2
Match: Event 266651628, Lines 2
Match: Event 266652489, Lines 2
Match: Event 266652767, Lines 3
Match: Event 266654724, Lines 2
Match: Event 266654823, Lines 2
Match: Event 266654959, Lines 2
Match: Event 266655511, Lines 2
Match: Event 266655563, Lines 2
Match: Event 266655768, Lines 2
Match: Event 266656066, Lines 2
Match: Event 266656203, Lines 2
Match: Event 266656668, Lines 2
Match: Event 266656802, Lines 2
[66%] 	 20,841/31,577 	 09:00:08
Match: Event 266657721, Lines 2
Match: Event 266657892, Lines 2
Match: Event 266657981, Lines 2
Match: Event 266659693, Lines 2
Match: Event 266660084, Lines 2
Match: Event 266661200, Lines 2
Match: Event 266661270, Lines 2
Match: Event 266662885, Lines 2
Match: Event 266663783, Lines 2
Match: Event 266664886, Lines 2
Match: Event 266664925, Lines 2
Match: Event 266665156, Lines 2
Match: Event 266666487, Lines 2
Match: Event 266666669, Lines 2
[67%] 	 21,157/31,577 	 09:08:29
Match: Event 266668181, Lines 3
Match: Event 266668489, Lines 3
Match: Event 266669484, Lines 2
Match: Event 266670564, Lines 2
Match: Event 266671809, Lines 2
Match: Event 266672101, Lines 2
Match: Event 266673441, Lines 2
Match: Event 266673972, Lines 2
Match: Event 266675748, Lines 2
Match: Event 266677079, Lines 2
Match: Event 266677566, Lines 2
Match: Event 266678191, Lines 2
[68%] 	 21,473/31,577 	 09:16:15
Match: Event 266678682, Lines 2
Match: Event 266678938, Lines 2
Match: Event 266679947, Lines 2
Match: Event 266680277, Lines 2
Match: Event 266680559, Lines 2
Match: Event 266681021, Lines 2
Match: Event 266681397, Lines 2
Match: Event 266681713, Lines 2
Match: Event 266682414, Lines 2
Match: Event 266683581, Lines 2
Match: Event 266684150, Lines 3
Match: Event 266684161, Lines 2
Match: Event 266684449, Lines 2
Match: Event 266684700, Lines 2
Match: Event 266684797, Lines 2
Match: Event 266685014, Lines 2
Match: Event 266685295, Lines 2
Match: Event 266685558, Lines 2
Match: Event 266686312, Lines 2
Match: Event 266686579, Lines 2
Match: Event 266686708, Lines 2
Match: Event 266686749, Lines 2
Match: Event 266688264, Lines 2
[69%] 	 21,789/31,577 	 09:23:44
Match: Event 266688466, Lines 2
Match: Event 266688526, Lines 2
Match: Event 266689674, Lines 2
Match: Event 266690225, Lines 2
Match: Event 266690531, Lines 2
Match: Event 266691375, Lines 2
Match: Event 266691578, Lines 2
Match: Event 266692173, Lines 2
Match: Event 266692321, Lines 2
Match: Event 266692571, Lines 2
Match: Event 266693137, Lines 2
Match: Event 266693692, Lines 2
Match: Event 266694372, Lines 2
Match: Event 266694874, Lines 2
Match: Event 266696434, Lines 2
Match: Event 266696547, Lines 2
Match: Event 266696885, Lines 3
Match: Event 266697440, Lines 2
Match: Event 266697588, Lines 2
Match: Event 266697676, Lines 3
Match: Event 266697978, Lines 2
[70%] 	 22,104/31,577 	 09:31:20
Match: Event 266699507, Lines 2
Match: Event 266699760, Lines 2
Match: Event 266700107, Lines 2
Match: Event 266700808, Lines 2
Match: Event 266701159, Lines 3
Match: Event 266701268, Lines 2
Match: Event 266701365, Lines 2
Match: Event 266701438, Lines 2
Match: Event 266701570, Lines 2
Match: Event 266701719, Lines 2
Match: Event 266703018, Lines 2
Match: Event 266704101, Lines 2
Match: Event 266704731, Lines 2
Match: Event 266704917, Lines 2
Match: Event 266705233, Lines 2
Match: Event 266705433, Lines 2
Match: Event 266706262, Lines 2
Match: Event 266707983, Lines 2
[71%] 	 22,420/31,577 	 09:38:46
Match: Event 266708372, Lines 2
Match: Event 266708685, Lines 2
Match: Event 266709430, Lines 2
Match: Event 266709975, Lines 2
Match: Event 266710032, Lines 2
Match: Event 266711043, Lines 2
Match: Event 266711128, Lines 2
Match: Event 266711259, Lines 2
Match: Event 266711467, Lines 2
Match: Event 266711867, Lines 2
Match: Event 266712067, Lines 2
Match: Event 266712179, Lines 2
Match: Event 266712504, Lines 2
Match: Event 266713135, Lines 2
Match: Event 266713855, Lines 3
Match: Event 266714989, Lines 2
Match: Event 266715271, Lines 2
Match: Event 266715401, Lines 2
Match: Event 266716564, Lines 2
[72%] 	 22,736/31,577 	 09:46:35
Match: Event 266716655, Lines 2
Match: Event 266716729, Lines 2
Match: Event 266717800, Lines 2
Match: Event 266718543, Lines 2
Match: Event 266718891, Lines 2
Match: Event 266719010, Lines 2
Match: Event 266719144, Lines 2
Match: Event 266720151, Lines 2
Match: Event 266720394, Lines 2
Match: Event 266720940, Lines 2
Match: Event 266721947, Lines 2
Match: Event 266722899, Lines 2
[73%] 	 23,052/31,577 	 09:54:20
Match: Event 266725077, Lines 2
Match: Event 266725140, Lines 2
Match: Event 266725738, Lines 2
Match: Event 266725836, Lines 2
Match: Event 266725948, Lines 2
Match: Event 266726413, Lines 2
Match: Event 266727140, Lines 2
Match: Event 266728628, Lines 2
Match: Event 266729163, Lines 2
Match: Event 266730802, Lines 2
Match: Event 266730955, Lines 2
Match: Event 266731085, Lines 2
Match: Event 266731501, Lines 2
Match: Event 266731993, Lines 2
Match: Event 266732200, Lines 2
Match: Event 266732268, Lines 2
Match: Event 266732721, Lines 2
Match: Event 266732941, Lines 2
Match: Event 266733285, Lines 2
Match: Event 266733596, Lines 2
Match: Event 266734393, Lines 2
Match: Event 266734748, Lines 2
[74%] 	 23,367/31,577 	 10:01:58
Match: Event 266735294, Lines 2
Match: Event 266736263, Lines 2
Match: Event 266737446, Lines 2
Match: Event 266738873, Lines 2
Match: Event 266739266, Lines 2
Match: Event 266739323, Lines 2
Match: Event 266739341, Lines 3
Match: Event 266739525, Lines 2
Match: Event 266739939, Lines 2
Match: Event 266740322, Lines 2
Match: Event 266740660, Lines 2
Match: Event 266741587, Lines 2
Match: Event 266741853, Lines 2
Match: Event 266742632, Lines 2
Match: Event 266742686, Lines 2
Match: Event 266742773, Lines 2
Match: Event 266745918, Lines 2
Match: Event 266746182, Lines 2
[75%] 	 23,683/31,577 	 10:09:46
Match: Event 266747142, Lines 2
Match: Event 266747558, Lines 2
Match: Event 266747972, Lines 2
Match: Event 266748433, Lines 2
Match: Event 266749013, Lines 2
Match: Event 266749817, Lines 2
Match: Event 266749926, Lines 2
Match: Event 266750743, Lines 2
Match: Event 266751433, Lines 3
Match: Event 266751970, Lines 2
Match: Event 266753972, Lines 2
Match: Event 266753973, Lines 2
Match: Event 266754076, Lines 2
Match: Event 266755247, Lines 2
Match: Event 266755258, Lines 2
Match: Event 266755572, Lines 2
Match: Event 266755901, Lines 2
Match: Event 266757118, Lines 2
[76%] 	 23,999/31,577 	 10:17:25
Match: Event 266757334, Lines 2
Match: Event 266757899, Lines 2
Match: Event 266758090, Lines 3
Match: Event 266758729, Lines 2
Match: Event 266759481, Lines 2
Match: Event 266760397, Lines 2
Match: Event 266761812, Lines 2
Match: Event 266764872, Lines 2
Match: Event 266765029, Lines 2
Match: Event 266765222, Lines 2
Match: Event 266766335, Lines 2
Match: Event 266767566, Lines 2
[77%] 	 24,315/31,577 	 10:25:24
Match: Event 266768793, Lines 2
Match: Event 266769136, Lines 2
Match: Event 266770083, Lines 2
Match: Event 266770233, Lines 2
Match: Event 266772531, Lines 2
Match: Event 266772716, Lines 2
Match: Event 266773287, Lines 2
Match: Event 266774228, Lines 2
Match: Event 266774978, Lines 2
Match: Event 266775850, Lines 2
Match: Event 266777124, Lines 2
[78%] 	 24,631/31,577 	 10:33:22
Match: Event 266778396, Lines 2
Match: Event 266778674, Lines 2
Match: Event 266779295, Lines 2
Match: Event 266779296, Lines 2
Match: Event 266779842, Lines 2
Match: Event 266780602, Lines 2
Match: Event 266782346, Lines 2
Match: Event 266783361, Lines 2
Match: Event 266784160, Lines 2
Match: Event 266784600, Lines 2
Match: Event 266785496, Lines 2
Match: Event 266785508, Lines 2
Match: Event 266786488, Lines 2
Match: Event 266786832, Lines 2
Match: Event 266787285, Lines 2
[79%] 	 24,946/31,577 	 10:41:22
Match: Event 266788598, Lines 2
Match: Event 266788720, Lines 2
Match: Event 266790435, Lines 2
Match: Event 266790791, Lines 2
Match: Event 266790795, Lines 2
Match: Event 266791047, Lines 2
Match: Event 266791099, Lines 2
Match: Event 266791326, Lines 2
Match: Event 266792889, Lines 2
Match: Event 266793492, Lines 2
Match: Event 266793506, Lines 2
Match: Event 266793646, Lines 2
Match: Event 266794045, Lines 2
Match: Event 266794431, Lines 2
Match: Event 266795333, Lines 2
Match: Event 266795873, Lines 2
Match: Event 266798472, Lines 2
[80%] 	 25,262/31,577 	 10:49:38
Match: Event 266804122, Lines 2
Match: Event 266804939, Lines 2
Match: Event 266805705, Lines 2
Match: Event 266806121, Lines 2
Match: Event 266806855, Lines 2
Match: Event 266807272, Lines 3
Match: Event 266807688, Lines 2
Match: Event 266807817, Lines 2
Match: Event 266809036, Lines 2
Match: Event 266809082, Lines 2
Match: Event 266809288, Lines 2
[81%] 	 25,578/31,577 	 10:58:06
Match: Event 266810064, Lines 2
Match: Event 266811022, Lines 2
Match: Event 266812408, Lines 2
Match: Event 266813456, Lines 2
Match: Event 266814191, Lines 2
Match: Event 266815163, Lines 2
Match: Event 266815318, Lines 2
Match: Event 266815439, Lines 2
Match: Event 266815752, Lines 2
Match: Event 266816202, Lines 2
Match: Event 266817965, Lines 2
[82%] 	 25,894/31,577 	 11:06:46
Match: Event 266818496, Lines 2
Match: Event 266819007, Lines 2
Match: Event 266819011, Lines 2
Match: Event 266820752, Lines 2
Match: Event 266821258, Lines 2
Match: Event 266821262, Lines 2
Match: Event 266822021, Lines 2
Match: Event 266822035, Lines 2
Match: Event 266822733, Lines 2
Match: Event 266822841, Lines 2
Match: Event 266824069, Lines 2
Match: Event 266824760, Lines 2
Match: Event 266825408, Lines 2
Match: Event 266826010, Lines 2
Match: Event 266826296, Lines 2
Match: Event 266827263, Lines 2
Match: Event 266827501, Lines 2
Match: Event 266827756, Lines 2
[83%] 	 26,209/31,577 	 11:15:00
Match: Event 266828304, Lines 2
Match: Event 266828759, Lines 2
Match: Event 266830417, Lines 2
Match: Event 266831050, Lines 2
Match: Event 266833507, Lines 2
Match: Event 266834195, Lines 2
Match: Event 266835101, Lines 2
Match: Event 266836349, Lines 2
Match: Event 266837015, Lines 2
Match: Event 266838092, Lines 2
Match: Event 266838679, Lines 2
[84%] 	 26,525/31,577 	 11:23:00
Match: Event 266840007, Lines 2
Match: Event 266840281, Lines 2
Match: Event 266840463, Lines 2
Match: Event 266840717, Lines 2
Match: Event 266841376, Lines 3
Match: Event 266841659, Lines 2
Match: Event 266842196, Lines 2
Match: Event 266842448, Lines 2
Match: Event 266842590, Lines 2
Match: Event 266843876, Lines 2
Match: Event 266844812, Lines 2
Match: Event 266845235, Lines 2
Match: Event 266845704, Lines 2
Match: Event 266848153, Lines 2
[85%] 	 26,841/31,577 	 11:31:07
Match: Event 266848543, Lines 2
Match: Event 266848599, Lines 2
Match: Event 266849311, Lines 2
Match: Event 266849778, Lines 2
Match: Event 266850849, Lines 2
Match: Event 266850872, Lines 2
Match: Event 266852041, Lines 2
Match: Event 266852062, Lines 3
Match: Event 266852679, Lines 2
Match: Event 266852831, Lines 2
Match: Event 266853401, Lines 2
Match: Event 266854154, Lines 2
Match: Event 266855175, Lines 2
Match: Event 266855301, Lines 2
Match: Event 266856032, Lines 2
Match: Event 266858307, Lines 2
[86%] 	 27,157/31,577 	 11:39:39
Match: Event 266859776, Lines 2
Match: Event 266860263, Lines 2
Match: Event 266861477, Lines 2
Match: Event 266863169, Lines 3
Match: Event 266865562, Lines 2
Match: Event 266865884, Lines 2
Match: Event 266866633, Lines 2
Match: Event 266867007, Lines 2
[87%] 	 27,472/31,577 	 11:48:03
Match: Event 266868630, Lines 2
Match: Event 266868758, Lines 2
Match: Event 266868836, Lines 2
Match: Event 266869235, Lines 2
Match: Event 266870512, Lines 2
Match: Event 266870821, Lines 2
Match: Event 266871706, Lines 2
Match: Event 266872031, Lines 2
Match: Event 266872742, Lines 2
Match: Event 266872833, Lines 2
Match: Event 266874207, Lines 2
Match: Event 266874292, Lines 2
Match: Event 266874614, Lines 2
Match: Event 266875450, Lines 2
Match: Event 266876574, Lines 2
Match: Event 266876645, Lines 2
Match: Event 266876916, Lines 2
Match: Event 266876996, Lines 2
Match: Event 266877297, Lines 2
[88%] 	 27,788/31,577 	 11:56:50
Match: Event 266878219, Lines 2
Match: Event 266878435, Lines 2
Match: Event 266879135, Lines 2
Match: Event 266879275, Lines 2
Match: Event 266879778, Lines 2
Match: Event 266880801, Lines 3
Match: Event 266881222, Lines 2
Match: Event 266882294, Lines 2
Match: Event 266883465, Lines 2
Match: Event 266884629, Lines 2
Match: Event 266886370, Lines 2
Match: Event 266886903, Lines 2
Match: Event 266887044, Lines 2
Match: Event 266887100, Lines 2
Match: Event 266887302, Lines 2
[89%] 	 28,104/31,577 	 12:06:25
Match: Event 266887869, Lines 2
Match: Event 266888538, Lines 2
Match: Event 266889266, Lines 2
Match: Event 266890040, Lines 2
Match: Event 266890619, Lines 2
Match: Event 266891885, Lines 2
Match: Event 266892142, Lines 2
Match: Event 266892876, Lines 2
Match: Event 266893770, Lines 2
Match: Event 266893941, Lines 2
Match: Event 266895117, Lines 2
Match: Event 266895876, Lines 2
Match: Event 266897056, Lines 2
[90%] 	 28,420/31,577 	 12:15:21
Match: Event 266898228, Lines 2
Match: Event 266898921, Lines 2
Match: Event 266899377, Lines 2
Match: Event 266899597, Lines 2
Match: Event 266901061, Lines 2
Match: Event 266901087, Lines 2
Match: Event 266902219, Lines 2
Match: Event 266903783, Lines 2
Match: Event 266903793, Lines 2
Match: Event 266904301, Lines 2
Match: Event 266904554, Lines 2
Match: Event 266904861, Lines 2
Match: Event 266905527, Lines 2
Match: Event 266906603, Lines 2
Match: Event 266906898, Lines 2
[91%] 	 28,736/31,577 	 12:23:50
Match: Event 266908116, Lines 2
Match: Event 266908884, Lines 2
Match: Event 266910040, Lines 2
Match: Event 266910472, Lines 2
Match: Event 266910847, Lines 2
Match: Event 266911414, Lines 2
Match: Event 266911897, Lines 2
Match: Event 266912464, Lines 2
Match: Event 266912696, Lines 2
Match: Event 266915203, Lines 2
Match: Event 266915511, Lines 2
Match: Event 266917098, Lines 2
[92%] 	 29,051/31,577 	 12:32:22
Match: Event 266918384, Lines 2
Match: Event 266919706, Lines 2
Match: Event 266920096, Lines 2
Match: Event 266920517, Lines 2
Match: Event 266921360, Lines 2
Match: Event 266922047, Lines 2
Match: Event 266923527, Lines 2
Match: Event 266923782, Lines 3
Match: Event 266925202, Lines 2
Match: Event 266925309, Lines 2
Match: Event 266925555, Lines 2
Match: Event 266927082, Lines 2
Match: Event 266927588, Lines 2
Match: Event 266927911, Lines 2
[93%] 	 29,367/31,577 	 12:44:20
Match: Event 266928701, Lines 2
Match: Event 266929603, Lines 3
Match: Event 266930579, Lines 2
Match: Event 266930936, Lines 2
Match: Event 266930964, Lines 2
Match: Event 266931568, Lines 2
Match: Event 266931926, Lines 2
Match: Event 266931978, Lines 3
Match: Event 266932739, Lines 2
Match: Event 266933325, Lines 2
Match: Event 266933649, Lines 2
Match: Event 266935093, Lines 2
Match: Event 266935179, Lines 2
Match: Event 266937479, Lines 2
Match: Event 266937735, Lines 2
[94%] 	 29,683/31,577 	 12:58:16
Match: Event 266938558, Lines 2
Match: Event 266938640, Lines 2
Match: Event 266938800, Lines 2
Match: Event 266941790, Lines 2
Match: Event 266942027, Lines 2
Match: Event 266942050, Lines 2
Match: Event 266942510, Lines 2
Match: Event 266945495, Lines 2
Match: Event 266946017, Lines 2
Match: Event 266947732, Lines 2
[95%] 	 29,999/31,577 	 13:15:10
Match: Event 266949508, Lines 2
Match: Event 266949625, Lines 2
Match: Event 266951148, Lines 2
Match: Event 266952320, Lines 2
Match: Event 266952821, Lines 2
Match: Event 266954130, Lines 2
Match: Event 266954893, Lines 2
Match: Event 266955980, Lines 2
Match: Event 266956175, Lines 2
Match: Event 266956438, Lines 2
Match: Event 266956516, Lines 2
Match: Event 266956807, Lines 2
Match: Event 266957102, Lines 2
[96%] 	 30,314/31,577 	 13:29:33
Match: Event 266959465, Lines 2
Match: Event 266959474, Lines 2
Match: Event 266960276, Lines 2
Match: Event 266960835, Lines 2
Match: Event 266964992, Lines 2
Match: Event 266965439, Lines 2
Match: Event 266966000, Lines 2
Match: Event 266966108, Lines 2
Match: Event 266966130, Lines 2
Match: Event 266966162, Lines 2
Match: Event 266967232, Lines 2
Match: Event 266969050, Lines 2
[97%] 	 30,630/31,577 	 13:40:27
Match: Event 266970170, Lines 2
Match: Event 266970854, Lines 2
Match: Event 266971001, Lines 2
Match: Event 266971787, Lines 3
Match: Event 266972324, Lines 2
Match: Event 266972371, Lines 3
Match: Event 266973659, Lines 2
Match: Event 266974572, Lines 2
Match: Event 266974914, Lines 2
Match: Event 266974918, Lines 2
Match: Event 266975295, Lines 2
Match: Event 266975598, Lines 2
Match: Event 266977008, Lines 2
Match: Event 266977517, Lines 2
Match: Event 266978206, Lines 3
[98%] 	 30,946/31,577 	 13:49:57
Match: Event 266981302, Lines 2
Match: Event 266981640, Lines 2
Match: Event 266982291, Lines 2
Match: Event 266983368, Lines 2
Match: Event 266983487, Lines 2
Match: Event 266983850, Lines 3
Match: Event 266985159, Lines 2
Match: Event 266985414, Lines 2
Match: Event 266986808, Lines 2
Match: Event 266986906, Lines 2
Match: Event 266986957, Lines 3
Match: Event 266989130, Lines 2
Match: Event 266989226, Lines 2
[99%] 	 31,262/31,577 	 14:00:01
Match: Event 266990767, Lines 2
Match: Event 266990912, Lines 2
Match: Event 266992368, Lines 2
Match: Event 266992594, Lines 2
Match: Event 266993512, Lines 2
Match: Event 266993720, Lines 2
Match: Event 266994057, Lines 2
Match: Event 266995573, Lines 2
Match: Event 266995800, Lines 2
Match: Event 266996041, Lines 2
Match: Event 266996666, Lines 2
Match: Event 266997576, Lines 2
Match: Event 266997827, Lines 2
Match: Event 266997927, Lines 2
Match: Event 266999263, Lines 2
Finished in 51030.70s.
 ~ 5) DONE !
