000 (7020620.414.000) 03/15 11:56:15 Job submitted from host: <188.185.125.71:9618?addrs=188.185.125.71-9618+[2001-1458-d00-4a--100-15e]-9618&alias=bigbird28.cern.ch&noUDP&sock=schedd_2603_051c>
...
040 (7020620.414.000) 03/16 05:08:11 Started transferring input files
	Transferring to host: <128.142.192.194:9618?addrs=128.142.192.194-9618&alias=b9g18p2454.cern.ch&noUDP&sock=slot1_2_6505_1c62_52520>
...
040 (7020620.414.000) 03/16 05:08:11 Finished transferring input files
...
001 (7020620.414.000) 03/16 05:08:12 Job executing on host: <128.142.192.194:9618?addrs=128.142.192.194-9618&alias=b9g18p2454.cern.ch&noUDP&sock=startd_5749_ea0f>
	SlotName: slot1_2@b9g18p2454.cern.ch
	CondorScratchDir = "/pool/condor/dir_3247918"
	Cpus = 1
	Disk = 3671
	GPUs = 0
	Memory = 3000
...
006 (7020620.414.000) 03/16 05:08:25 Image size of job updated: 876
	1  -  MemoryUsage of job (MB)
	876  -  ResidentSetSize of job (KB)
...
006 (7020620.414.000) 03/16 05:09:28 Image size of job updated: 720584
	1  -  MemoryUsage of job (MB)
	876  -  ResidentSetSize of job (KB)
...
040 (7020620.414.000) 03/16 05:09:28 Started transferring output files
...
040 (7020620.414.000) 03/16 05:09:28 Finished transferring output files
...
005 (7020620.414.000) 03/16 05:09:28 Job terminated.
	(1) Normal termination (return value 0)
		Usr 0 00:00:24, Sys 0 00:00:06  -  Run Remote Usage
		Usr 0 00:00:00, Sys 0 00:00:00  -  Run Local Usage
		Usr 0 00:00:24, Sys 0 00:00:06  -  Total Remote Usage
		Usr 0 00:00:00, Sys 0 00:00:00  -  Total Local Usage
	35058  -  Run Bytes Sent By Job
	1379  -  Run Bytes Received By Job
	35058  -  Total Bytes Sent By Job
	1379  -  Total Bytes Received By Job
	Partitionable Resources :    Usage  Request Allocated 
	   Cpus                 :        0        1         1 
	   Disk (KB)            :       75        2      3671 
	   GPUs                 :                           0 
	   Memory (MB)          :        1     3000      3000 
	   TimeExecute (s)      :       76                    
	   TimeSlotBusy (s)     :       78                    

	Job terminated of its own accord at 2026-03-16T04:09:28Z with exit-code 0.
...
