000 (7020620.455.000) 03/15 11:56:15 Job submitted from host: <188.185.125.71:9618?addrs=188.185.125.71-9618+[2001-1458-d00-4a--100-15e]-9618&alias=bigbird28.cern.ch&noUDP&sock=schedd_2603_051c>
...
040 (7020620.455.000) 03/16 05:08:44 Started transferring input files
	Transferring to host: <188.185.213.154:9618?addrs=188.185.213.154-9618+[2001-1458-303-1b--100-16]-9618&alias=b9p28p7495.cern.ch&noUDP&sock=slot1_16_4085_007f_34090>
...
040 (7020620.455.000) 03/16 05:08:44 Finished transferring input files
...
001 (7020620.455.000) 03/16 05:08:45 Job executing on host: <188.185.213.154:9618?addrs=188.185.213.154-9618+[2001-1458-303-1b--100-16]-9618&alias=b9p28p7495.cern.ch&noUDP&sock=startd_3400_b217>
	SlotName: slot1_16@b9p28p7495.cern.ch
	CondorScratchDir = "/pool/condor/dir_406672"
	Cpus = 1
	Disk = 3887
	GPUs = 0
	Memory = 3000
...
006 (7020620.455.000) 03/16 05:08:58 Image size of job updated: 884
	1  -  MemoryUsage of job (MB)
	884  -  ResidentSetSize of job (KB)
...
006 (7020620.455.000) 03/16 05:13:58 Image size of job updated: 672388
	635  -  MemoryUsage of job (MB)
	649528  -  ResidentSetSize of job (KB)
...
006 (7020620.455.000) 03/16 05:18:59 Image size of job updated: 672388
	635  -  MemoryUsage of job (MB)
	649588  -  ResidentSetSize of job (KB)
...
006 (7020620.455.000) 03/16 05:24:00 Image size of job updated: 701184
	685  -  MemoryUsage of job (MB)
	701184  -  ResidentSetSize of job (KB)
...
006 (7020620.455.000) 03/16 05:29:00 Image size of job updated: 726064
	710  -  MemoryUsage of job (MB)
	726064  -  ResidentSetSize of job (KB)
...
006 (7020620.455.000) 03/16 05:39:02 Image size of job updated: 749904
	733  -  MemoryUsage of job (MB)
	749904  -  ResidentSetSize of job (KB)
...
006 (7020620.455.000) 03/16 05:54:04 Image size of job updated: 763016
	746  -  MemoryUsage of job (MB)
	763016  -  ResidentSetSize of job (KB)
...
006 (7020620.455.000) 03/16 07:04:09 Image size of job updated: 772500
	755  -  MemoryUsage of job (MB)
	772500  -  ResidentSetSize of job (KB)
...
006 (7020620.455.000) 03/16 07:09:10 Image size of job updated: 778416
	761  -  MemoryUsage of job (MB)
	778416  -  ResidentSetSize of job (KB)
...
006 (7020620.455.000) 03/16 07:34:13 Image size of job updated: 778428
	761  -  MemoryUsage of job (MB)
	778428  -  ResidentSetSize of job (KB)
...
006 (7020620.455.000) 03/16 07:39:13 Image size of job updated: 778436
	761  -  MemoryUsage of job (MB)
	778436  -  ResidentSetSize of job (KB)
...
006 (7020620.455.000) 03/16 07:54:14 Image size of job updated: 778580
	761  -  MemoryUsage of job (MB)
	778580  -  ResidentSetSize of job (KB)
...
006 (7020620.455.000) 03/16 07:59:15 Image size of job updated: 778584
	761  -  MemoryUsage of job (MB)
	778584  -  ResidentSetSize of job (KB)
...
040 (7020620.455.000) 03/16 09:36:01 Started transferring output files
...
040 (7020620.455.000) 03/16 09:36:01 Finished transferring output files
...
005 (7020620.455.000) 03/16 09:36:01 Job terminated.
	(1) Normal termination (return value 0)
		Usr 0 04:24:05, Sys 0 00:00:12  -  Run Remote Usage
		Usr 0 00:00:00, Sys 0 00:00:00  -  Run Local Usage
		Usr 0 04:24:05, Sys 0 00:00:12  -  Total Remote Usage
		Usr 0 00:00:00, Sys 0 00:00:00  -  Total Local Usage
	12008  -  Run Bytes Sent By Job
	1379  -  Run Bytes Received By Job
	12008  -  Total Bytes Sent By Job
	1379  -  Total Bytes Received By Job
	Partitionable Resources :    Usage  Request Allocated 
	   Cpus                 :     0.99        1         1 
	   Disk (KB)            :    41           2      3887 
	   GPUs                 :                           0 
	   Memory (MB)          :   761        3000      3000 
	   TimeExecute (s)      : 16036                       
	   TimeSlotBusy (s)     : 16037                       

	Job terminated of its own accord at 2026-03-16T08:36:01Z with exit-code 0.
...
