000 (7020620.454.000) 03/15 11:56:15 Job submitted from host: <188.185.125.71:9618?addrs=188.185.125.71-9618+[2001-1458-d00-4a--100-15e]-9618&alias=bigbird28.cern.ch&noUDP&sock=schedd_2603_051c>
...
040 (7020620.454.000) 03/16 05:08:44 Started transferring input files
	Transferring to host: <188.185.214.9:9618?addrs=188.185.214.9-9618+[2001-1458-303-1c--100-5]-9618&alias=b9p29p0597.cern.ch&noUDP&sock=slot1_22_202017_0070_5641>
...
040 (7020620.454.000) 03/16 05:08:44 Finished transferring input files
...
001 (7020620.454.000) 03/16 05:08:45 Job executing on host: <188.185.214.9:9618?addrs=188.185.214.9-9618+[2001-1458-303-1c--100-5]-9618&alias=b9p29p0597.cern.ch&noUDP&sock=startd_201974_f168>
	SlotName: slot1_22@b9p29p0597.cern.ch
	CondorScratchDir = "/pool/condor/dir_1311354"
	Cpus = 1
	Disk = 3843
	GPUs = 0
	Memory = 3000
...
006 (7020620.454.000) 03/16 05:08:58 Image size of job updated: 876
	1  -  MemoryUsage of job (MB)
	876  -  ResidentSetSize of job (KB)
...
006 (7020620.454.000) 03/16 05:13:58 Image size of job updated: 695588
	680  -  MemoryUsage of job (MB)
	695588  -  ResidentSetSize of job (KB)
...
006 (7020620.454.000) 03/16 05:18:59 Image size of job updated: 695684
	680  -  MemoryUsage of job (MB)
	695684  -  ResidentSetSize of job (KB)
...
006 (7020620.454.000) 03/16 05:23:59 Image size of job updated: 695688
	680  -  MemoryUsage of job (MB)
	695688  -  ResidentSetSize of job (KB)
...
006 (7020620.454.000) 03/16 05:44:00 Image size of job updated: 695712
	680  -  MemoryUsage of job (MB)
	695712  -  ResidentSetSize of job (KB)
...
006 (7020620.454.000) 03/16 05:49:01 Image size of job updated: 695764
	680  -  MemoryUsage of job (MB)
	695764  -  ResidentSetSize of job (KB)
...
006 (7020620.454.000) 03/16 05:54:02 Image size of job updated: 745812
	729  -  MemoryUsage of job (MB)
	745812  -  ResidentSetSize of job (KB)
...
006 (7020620.454.000) 03/16 06:04:03 Image size of job updated: 748724
	732  -  MemoryUsage of job (MB)
	748724  -  ResidentSetSize of job (KB)
...
006 (7020620.454.000) 03/16 06:34:06 Image size of job updated: 762788
	745  -  MemoryUsage of job (MB)
	762788  -  ResidentSetSize of job (KB)
...
006 (7020620.454.000) 03/16 06:39:07 Image size of job updated: 762792
	745  -  MemoryUsage of job (MB)
	762792  -  ResidentSetSize of job (KB)
...
006 (7020620.454.000) 03/16 06:44:07 Image size of job updated: 762880
	745  -  MemoryUsage of job (MB)
	762880  -  ResidentSetSize of job (KB)
...
006 (7020620.454.000) 03/16 07:29:10 Image size of job updated: 763088
	746  -  MemoryUsage of job (MB)
	763088  -  ResidentSetSize of job (KB)
...
006 (7020620.454.000) 03/16 07:34:10 Image size of job updated: 778264
	761  -  MemoryUsage of job (MB)
	778264  -  ResidentSetSize of job (KB)
...
006 (7020620.454.000) 03/16 07:39:11 Image size of job updated: 778352
	761  -  MemoryUsage of job (MB)
	778352  -  ResidentSetSize of job (KB)
...
006 (7020620.454.000) 03/16 08:19:14 Image size of job updated: 778356
	761  -  MemoryUsage of job (MB)
	778356  -  ResidentSetSize of job (KB)
...
006 (7020620.454.000) 03/16 08:34:15 Image size of job updated: 778368
	761  -  MemoryUsage of job (MB)
	778368  -  ResidentSetSize of job (KB)
...
006 (7020620.454.000) 03/16 08:54:17 Image size of job updated: 795668
	778  -  MemoryUsage of job (MB)
	795668  -  ResidentSetSize of job (KB)
...
006 (7020620.454.000) 03/16 08:59:17 Image size of job updated: 795680
	778  -  MemoryUsage of job (MB)
	795680  -  ResidentSetSize of job (KB)
...
006 (7020620.454.000) 03/16 10:39:28 Image size of job updated: 796036
	778  -  MemoryUsage of job (MB)
	796036  -  ResidentSetSize of job (KB)
...
006 (7020620.454.000) 03/16 10:44:28 Image size of job updated: 796096
	778  -  MemoryUsage of job (MB)
	796096  -  ResidentSetSize of job (KB)
...
006 (7020620.454.000) 03/16 11:09:32 Image size of job updated: 796108
	778  -  MemoryUsage of job (MB)
	796108  -  ResidentSetSize of job (KB)
...
006 (7020620.454.000) 03/16 11:19:33 Image size of job updated: 796116
	778  -  MemoryUsage of job (MB)
	796116  -  ResidentSetSize of job (KB)
...
006 (7020620.454.000) 03/16 12:59:45 Image size of job updated: 799772
	782  -  MemoryUsage of job (MB)
	799772  -  ResidentSetSize of job (KB)
...
006 (7020620.454.000) 03/16 14:04:49 Image size of job updated: 799788
	782  -  MemoryUsage of job (MB)
	799788  -  ResidentSetSize of job (KB)
...
006 (7020620.454.000) 03/16 15:04:57 Image size of job updated: 799796
	782  -  MemoryUsage of job (MB)
	799796  -  ResidentSetSize of job (KB)
...
040 (7020620.454.000) 03/16 21:10:12 Started transferring output files
...
040 (7020620.454.000) 03/16 21:10:12 Finished transferring output files
...
005 (7020620.454.000) 03/16 21:10:12 Job terminated.
	(1) Normal termination (return value 0)
		Usr 0 15:50:04, Sys 0 00:00:41  -  Run Remote Usage
		Usr 0 00:00:00, Sys 0 00:00:00  -  Run Local Usage
		Usr 0 15:50:04, Sys 0 00:00:41  -  Total Remote Usage
		Usr 0 00:00:00, Sys 0 00:00:00  -  Total Local Usage
	12714  -  Run Bytes Sent By Job
	1379  -  Run Bytes Received By Job
	12714  -  Total Bytes Sent By Job
	1379  -  Total Bytes Received By Job
	Partitionable Resources :    Usage  Request Allocated 
	   Cpus                 :     0.99        1         1 
	   Disk (KB)            :    40           2      3843 
	   GPUs                 :                           0 
	   Memory (MB)          :   782        3000      3000 
	   TimeExecute (s)      : 57687                       
	   TimeSlotBusy (s)     : 57688                       

	Job terminated of its own accord at 2026-03-16T20:10:12Z with exit-code 0.
...
