000 (7020620.030.000) 03/15 11:56:14 Job submitted from host: <188.185.125.71:9618?addrs=188.185.125.71-9618+[2001-1458-d00-4a--100-15e]-9618&alias=bigbird28.cern.ch&noUDP&sock=schedd_2603_051c>
...
040 (7020620.030.000) 03/15 12:30:53 Started transferring input files
	Transferring to host: <188.185.214.8:9618?addrs=188.185.214.8-9618+[2001-1458-303-1c--100-4]-9618&alias=b9p29p9409.cern.ch&noUDP&sock=slot1_20_5235_47ee_225201>
...
040 (7020620.030.000) 03/15 12:30:53 Finished transferring input files
...
001 (7020620.030.000) 03/15 12:30:54 Job executing on host: <188.185.214.8:9618?addrs=188.185.214.8-9618+[2001-1458-303-1c--100-4]-9618&alias=b9p29p9409.cern.ch&noUDP&sock=startd_4261_4522>
	SlotName: slot1_20@b9p29p9409.cern.ch
	CondorScratchDir = "/pool/condor/dir_831734"
	Cpus = 1
	Disk = 3738
	GPUs = 0
	Memory = 3000
...
006 (7020620.030.000) 03/15 12:31:07 Image size of job updated: 876
	1  -  MemoryUsage of job (MB)
	876  -  ResidentSetSize of job (KB)
...
006 (7020620.030.000) 03/15 12:36:07 Image size of job updated: 666252
	625  -  MemoryUsage of job (MB)
	639852  -  ResidentSetSize of job (KB)
...
006 (7020620.030.000) 03/15 12:41:08 Image size of job updated: 695456
	680  -  MemoryUsage of job (MB)
	695456  -  ResidentSetSize of job (KB)
...
006 (7020620.030.000) 03/15 12:46:08 Image size of job updated: 698352
	682  -  MemoryUsage of job (MB)
	698352  -  ResidentSetSize of job (KB)
...
006 (7020620.030.000) 03/15 12:51:08 Image size of job updated: 698360
	682  -  MemoryUsage of job (MB)
	698360  -  ResidentSetSize of job (KB)
...
006 (7020620.030.000) 03/15 13:01:09 Image size of job updated: 699692
	684  -  MemoryUsage of job (MB)
	699692  -  ResidentSetSize of job (KB)
...
006 (7020620.030.000) 03/15 13:11:10 Image size of job updated: 716872
	701  -  MemoryUsage of job (MB)
	716872  -  ResidentSetSize of job (KB)
...
006 (7020620.030.000) 03/15 13:16:10 Image size of job updated: 724036
	708  -  MemoryUsage of job (MB)
	724036  -  ResidentSetSize of job (KB)
...
006 (7020620.030.000) 03/15 13:41:14 Image size of job updated: 724380
	708  -  MemoryUsage of job (MB)
	724380  -  ResidentSetSize of job (KB)
...
006 (7020620.030.000) 03/15 13:46:14 Image size of job updated: 725756
	709  -  MemoryUsage of job (MB)
	725756  -  ResidentSetSize of job (KB)
...
006 (7020620.030.000) 03/15 14:06:15 Image size of job updated: 725872
	709  -  MemoryUsage of job (MB)
	725872  -  ResidentSetSize of job (KB)
...
006 (7020620.030.000) 03/15 14:16:16 Image size of job updated: 728812
	712  -  MemoryUsage of job (MB)
	728812  -  ResidentSetSize of job (KB)
...
006 (7020620.030.000) 03/15 14:26:17 Image size of job updated: 732368
	716  -  MemoryUsage of job (MB)
	732368  -  ResidentSetSize of job (KB)
...
006 (7020620.030.000) 03/15 14:31:17 Image size of job updated: 747828
	721  -  MemoryUsage of job (MB)
	738228  -  ResidentSetSize of job (KB)
...
006 (7020620.030.000) 03/15 14:36:17 Image size of job updated: 747828
	730  -  MemoryUsage of job (MB)
	746796  -  ResidentSetSize of job (KB)
...
006 (7020620.030.000) 03/15 15:36:23 Image size of job updated: 747828
	730  -  MemoryUsage of job (MB)
	746892  -  ResidentSetSize of job (KB)
...
006 (7020620.030.000) 03/15 15:41:24 Image size of job updated: 747828
	730  -  MemoryUsage of job (MB)
	746940  -  ResidentSetSize of job (KB)
...
006 (7020620.030.000) 03/15 16:06:27 Image size of job updated: 747828
	730  -  MemoryUsage of job (MB)
	746956  -  ResidentSetSize of job (KB)
...
006 (7020620.030.000) 03/15 16:56:30 Image size of job updated: 747828
	730  -  MemoryUsage of job (MB)
	746972  -  ResidentSetSize of job (KB)
...
006 (7020620.030.000) 03/15 17:31:33 Image size of job updated: 748028
	731  -  MemoryUsage of job (MB)
	748028  -  ResidentSetSize of job (KB)
...
006 (7020620.030.000) 03/15 17:41:34 Image size of job updated: 748052
	731  -  MemoryUsage of job (MB)
	748052  -  ResidentSetSize of job (KB)
...
006 (7020620.030.000) 03/15 19:11:40 Image size of job updated: 748056
	731  -  MemoryUsage of job (MB)
	748056  -  ResidentSetSize of job (KB)
...
006 (7020620.030.000) 03/15 19:21:41 Image size of job updated: 748096
	731  -  MemoryUsage of job (MB)
	748096  -  ResidentSetSize of job (KB)
...
006 (7020620.030.000) 03/15 19:31:42 Image size of job updated: 748128
	731  -  MemoryUsage of job (MB)
	748128  -  ResidentSetSize of job (KB)
...
006 (7020620.030.000) 03/15 19:36:43 Image size of job updated: 748164
	731  -  MemoryUsage of job (MB)
	748164  -  ResidentSetSize of job (KB)
...
006 (7020620.030.000) 03/15 20:01:46 Image size of job updated: 750272
	733  -  MemoryUsage of job (MB)
	750272  -  ResidentSetSize of job (KB)
...
006 (7020620.030.000) 03/15 20:06:47 Image size of job updated: 750388
	733  -  MemoryUsage of job (MB)
	750388  -  ResidentSetSize of job (KB)
...
006 (7020620.030.000) 03/15 20:21:48 Image size of job updated: 750420
	733  -  MemoryUsage of job (MB)
	750420  -  ResidentSetSize of job (KB)
...
006 (7020620.030.000) 03/15 21:01:50 Image size of job updated: 750540
	733  -  MemoryUsage of job (MB)
	750540  -  ResidentSetSize of job (KB)
...
006 (7020620.030.000) 03/15 21:06:51 Image size of job updated: 750632
	734  -  MemoryUsage of job (MB)
	750632  -  ResidentSetSize of job (KB)
...
006 (7020620.030.000) 03/15 21:11:51 Image size of job updated: 750712
	734  -  MemoryUsage of job (MB)
	750712  -  ResidentSetSize of job (KB)
...
006 (7020620.030.000) 03/15 21:56:57 Image size of job updated: 750812
	734  -  MemoryUsage of job (MB)
	750812  -  ResidentSetSize of job (KB)
...
006 (7020620.030.000) 03/15 22:01:57 Image size of job updated: 750856
	734  -  MemoryUsage of job (MB)
	750856  -  ResidentSetSize of job (KB)
...
006 (7020620.030.000) 03/15 22:32:00 Image size of job updated: 750900
	734  -  MemoryUsage of job (MB)
	750900  -  ResidentSetSize of job (KB)
...
006 (7020620.030.000) 03/15 23:17:04 Image size of job updated: 750932
	734  -  MemoryUsage of job (MB)
	750932  -  ResidentSetSize of job (KB)
...
006 (7020620.030.000) 03/15 23:22:04 Image size of job updated: 750964
	734  -  MemoryUsage of job (MB)
	750964  -  ResidentSetSize of job (KB)
...
006 (7020620.030.000) 03/16 00:02:10 Image size of job updated: 751072
	734  -  MemoryUsage of job (MB)
	751072  -  ResidentSetSize of job (KB)
...
006 (7020620.030.000) 03/16 00:22:11 Image size of job updated: 751156
	734  -  MemoryUsage of job (MB)
	751156  -  ResidentSetSize of job (KB)
...
006 (7020620.030.000) 03/16 00:47:13 Image size of job updated: 751232
	734  -  MemoryUsage of job (MB)
	751232  -  ResidentSetSize of job (KB)
...
006 (7020620.030.000) 03/16 01:02:14 Image size of job updated: 753372
	736  -  MemoryUsage of job (MB)
	753372  -  ResidentSetSize of job (KB)
...
006 (7020620.030.000) 03/16 01:17:15 Image size of job updated: 753396
	736  -  MemoryUsage of job (MB)
	753396  -  ResidentSetSize of job (KB)
...
006 (7020620.030.000) 03/16 02:32:23 Image size of job updated: 753440
	736  -  MemoryUsage of job (MB)
	753440  -  ResidentSetSize of job (KB)
...
006 (7020620.030.000) 03/16 02:42:24 Image size of job updated: 753500
	736  -  MemoryUsage of job (MB)
	753500  -  ResidentSetSize of job (KB)
...
006 (7020620.030.000) 03/16 03:47:32 Image size of job updated: 753520
	736  -  MemoryUsage of job (MB)
	753520  -  ResidentSetSize of job (KB)
...
006 (7020620.030.000) 03/16 04:17:36 Image size of job updated: 753584
	736  -  MemoryUsage of job (MB)
	753584  -  ResidentSetSize of job (KB)
...
006 (7020620.030.000) 03/16 04:19:16 Image size of job updated: 753644
	736  -  MemoryUsage of job (MB)
	753584  -  ResidentSetSize of job (KB)
...
040 (7020620.030.000) 03/16 04:19:16 Started transferring output files
...
040 (7020620.030.000) 03/16 04:19:16 Finished transferring output files
...
005 (7020620.030.000) 03/16 04:19:16 Job terminated.
	(1) Normal termination (return value 0)
		Usr 0 15:36:01, Sys 0 00:00:24  -  Run Remote Usage
		Usr 0 00:00:00, Sys 0 00:00:00  -  Run Local Usage
		Usr 0 15:36:01, Sys 0 00:00:24  -  Total Remote Usage
		Usr 0 00:00:00, Sys 0 00:00:00  -  Total Local Usage
	7055  -  Run Bytes Sent By Job
	1379  -  Run Bytes Received By Job
	7055  -  Total Bytes Sent By Job
	1379  -  Total Bytes Received By Job
	Partitionable Resources :    Usage  Request Allocated 
	   Cpus                 :     0.99        1         1 
	   Disk (KB)            :    47           2      3738 
	   GPUs                 :                           0 
	   Memory (MB)          :   736        3000      3000 
	   TimeExecute (s)      : 56902                       
	   TimeSlotBusy (s)     : 56903                       

	Job terminated of its own accord at 2026-03-16T03:19:16Z with exit-code 0.
...
