000 (7020620.320.000) 03/15 11:56:15 Job submitted from host: <188.185.125.71:9618?addrs=188.185.125.71-9618+[2001-1458-d00-4a--100-15e]-9618&alias=bigbird28.cern.ch&noUDP&sock=schedd_2603_051c>
...
040 (7020620.320.000) 03/15 12:35:52 Started transferring input files
	Transferring to host: <188.185.195.63:9618?addrs=188.185.195.63-9618+[2001-1458-303-22--100-3b]-9618&alias=b9p17p3309.cern.ch&noUDP&sock=slot1_19_6549_1ce3_176703>
...
040 (7020620.320.000) 03/15 12:35:52 Finished transferring input files
...
001 (7020620.320.000) 03/15 12:35:53 Job executing on host: <188.185.195.63:9618?addrs=188.185.195.63-9618+[2001-1458-303-22--100-3b]-9618&alias=b9p17p3309.cern.ch&noUDP&sock=startd_5847_2257>
	SlotName: slot1_19@b9p17p3309.cern.ch
	CondorScratchDir = "/pool/condor/dir_372967"
	Cpus = 1
	Disk = 3895
	GPUs = 0
	Memory = 3000
...
006 (7020620.320.000) 03/15 12:36:06 Image size of job updated: 888
	1  -  MemoryUsage of job (MB)
	888  -  ResidentSetSize of job (KB)
...
006 (7020620.320.000) 03/15 12:41:06 Image size of job updated: 480528
	470  -  MemoryUsage of job (MB)
	480528  -  ResidentSetSize of job (KB)
...
006 (7020620.320.000) 03/15 12:46:07 Image size of job updated: 487240
	476  -  MemoryUsage of job (MB)
	487240  -  ResidentSetSize of job (KB)
...
006 (7020620.320.000) 03/15 12:51:07 Image size of job updated: 536716
	525  -  MemoryUsage of job (MB)
	536716  -  ResidentSetSize of job (KB)
...
006 (7020620.320.000) 03/15 12:56:08 Image size of job updated: 537208
	525  -  MemoryUsage of job (MB)
	537208  -  ResidentSetSize of job (KB)
...
006 (7020620.320.000) 03/15 13:01:09 Image size of job updated: 538824
	527  -  MemoryUsage of job (MB)
	538824  -  ResidentSetSize of job (KB)
...
006 (7020620.320.000) 03/15 13:06:09 Image size of job updated: 539520
	527  -  MemoryUsage of job (MB)
	539520  -  ResidentSetSize of job (KB)
...
006 (7020620.320.000) 03/15 13:11:10 Image size of job updated: 540156
	528  -  MemoryUsage of job (MB)
	540156  -  ResidentSetSize of job (KB)
...
006 (7020620.320.000) 03/15 13:16:11 Image size of job updated: 540304
	528  -  MemoryUsage of job (MB)
	540304  -  ResidentSetSize of job (KB)
...
006 (7020620.320.000) 03/15 13:26:11 Image size of job updated: 541948
	530  -  MemoryUsage of job (MB)
	541948  -  ResidentSetSize of job (KB)
...
006 (7020620.320.000) 03/15 13:41:12 Image size of job updated: 543212
	531  -  MemoryUsage of job (MB)
	543212  -  ResidentSetSize of job (KB)
...
006 (7020620.320.000) 03/15 14:21:15 Image size of job updated: 543216
	531  -  MemoryUsage of job (MB)
	543216  -  ResidentSetSize of job (KB)
...
006 (7020620.320.000) 03/15 14:36:16 Image size of job updated: 554184
	542  -  MemoryUsage of job (MB)
	554184  -  ResidentSetSize of job (KB)
...
006 (7020620.320.000) 03/15 16:06:23 Image size of job updated: 554188
	542  -  MemoryUsage of job (MB)
	554188  -  ResidentSetSize of job (KB)
...
006 (7020620.320.000) 03/15 17:36:32 Image size of job updated: 560156
	548  -  MemoryUsage of job (MB)
	560156  -  ResidentSetSize of job (KB)
...
006 (7020620.320.000) 03/15 17:46:33 Image size of job updated: 562096
	549  -  MemoryUsage of job (MB)
	562096  -  ResidentSetSize of job (KB)
...
006 (7020620.320.000) 03/15 17:56:34 Image size of job updated: 562168
	549  -  MemoryUsage of job (MB)
	562168  -  ResidentSetSize of job (KB)
...
006 (7020620.320.000) 03/15 18:46:39 Image size of job updated: 562264
	550  -  MemoryUsage of job (MB)
	562264  -  ResidentSetSize of job (KB)
...
006 (7020620.320.000) 03/15 19:46:47 Image size of job updated: 562300
	550  -  MemoryUsage of job (MB)
	562300  -  ResidentSetSize of job (KB)
...
006 (7020620.320.000) 03/15 19:51:47 Image size of job updated: 708568
	692  -  MemoryUsage of job (MB)
	708568  -  ResidentSetSize of job (KB)
...
006 (7020620.320.000) 03/15 19:56:48 Image size of job updated: 709496
	693  -  MemoryUsage of job (MB)
	709496  -  ResidentSetSize of job (KB)
...
006 (7020620.320.000) 03/15 20:01:49 Image size of job updated: 709796
	694  -  MemoryUsage of job (MB)
	709796  -  ResidentSetSize of job (KB)
...
006 (7020620.320.000) 03/15 20:06:49 Image size of job updated: 728464
	712  -  MemoryUsage of job (MB)
	728464  -  ResidentSetSize of job (KB)
...
006 (7020620.320.000) 03/15 20:11:50 Image size of job updated: 731492
	715  -  MemoryUsage of job (MB)
	731492  -  ResidentSetSize of job (KB)
...
006 (7020620.320.000) 03/15 22:02:03 Image size of job updated: 731568
	715  -  MemoryUsage of job (MB)
	731568  -  ResidentSetSize of job (KB)
...
006 (7020620.320.000) 03/16 01:47:25 Image size of job updated: 731608
	715  -  MemoryUsage of job (MB)
	731608  -  ResidentSetSize of job (KB)
...
006 (7020620.320.000) 03/16 02:22:28 Image size of job updated: 731764
	715  -  MemoryUsage of job (MB)
	731764  -  ResidentSetSize of job (KB)
...
006 (7020620.320.000) 03/16 02:27:28 Image size of job updated: 736564
	720  -  MemoryUsage of job (MB)
	736564  -  ResidentSetSize of job (KB)
...
006 (7020620.320.000) 03/16 02:32:28 Image size of job updated: 741008
	724  -  MemoryUsage of job (MB)
	741008  -  ResidentSetSize of job (KB)
...
006 (7020620.320.000) 03/16 02:42:29 Image size of job updated: 741196
	724  -  MemoryUsage of job (MB)
	741196  -  ResidentSetSize of job (KB)
...
006 (7020620.320.000) 03/16 03:32:32 Image size of job updated: 741240
	724  -  MemoryUsage of job (MB)
	741240  -  ResidentSetSize of job (KB)
...
006 (7020620.320.000) 03/16 04:52:40 Image size of job updated: 743816
	724  -  MemoryUsage of job (MB)
	741240  -  ResidentSetSize of job (KB)
...
006 (7020620.320.000) 03/16 04:57:41 Image size of job updated: 743816
	725  -  MemoryUsage of job (MB)
	742024  -  ResidentSetSize of job (KB)
...
006 (7020620.320.000) 03/16 05:07:41 Image size of job updated: 746332
	725  -  MemoryUsage of job (MB)
	742024  -  ResidentSetSize of job (KB)
...
006 (7020620.320.000) 03/16 05:12:42 Image size of job updated: 746332
	727  -  MemoryUsage of job (MB)
	743768  -  ResidentSetSize of job (KB)
...
006 (7020620.320.000) 03/16 05:22:42 Image size of job updated: 746332
	727  -  MemoryUsage of job (MB)
	743948  -  ResidentSetSize of job (KB)
...
006 (7020620.320.000) 03/16 06:07:47 Image size of job updated: 746332
	727  -  MemoryUsage of job (MB)
	744008  -  ResidentSetSize of job (KB)
...
006 (7020620.320.000) 03/16 06:32:49 Image size of job updated: 746332
	727  -  MemoryUsage of job (MB)
	744068  -  ResidentSetSize of job (KB)
...
006 (7020620.320.000) 03/16 07:22:54 Image size of job updated: 746332
	727  -  MemoryUsage of job (MB)
	744092  -  ResidentSetSize of job (KB)
...
006 (7020620.320.000) 03/16 07:32:54 Image size of job updated: 746332
	727  -  MemoryUsage of job (MB)
	744156  -  ResidentSetSize of job (KB)
...
006 (7020620.320.000) 03/16 08:07:58 Image size of job updated: 746332
	727  -  MemoryUsage of job (MB)
	744184  -  ResidentSetSize of job (KB)
...
006 (7020620.320.000) 03/16 09:38:07 Image size of job updated: 746332
	729  -  MemoryUsage of job (MB)
	745956  -  ResidentSetSize of job (KB)
...
040 (7020620.320.000) 03/16 12:36:27 Started transferring output files
...
040 (7020620.320.000) 03/16 12:36:27 Finished transferring output files
...
009 (7020620.320.000) 03/16 12:36:27 Job was aborted.
	Job removed by SYSTEM_PERIODIC_REMOVE due to wall time exceeded allowed max.
...
