000 (7020620.064.000) 03/15 11:56:14 Job submitted from host: <188.185.125.71:9618?addrs=188.185.125.71-9618+[2001-1458-d00-4a--100-15e]-9618&alias=bigbird28.cern.ch&noUDP&sock=schedd_2603_051c>
...
040 (7020620.064.000) 03/15 12:31:05 Started transferring input files
	Transferring to host: <188.185.206.186:9618?addrs=188.185.206.186-9618+[2001-1458-303-c--100-37]-9618&alias=b9p06p1726.cern.ch&noUDP&sock=slot1_5_6557_bfe4_167269>
...
040 (7020620.064.000) 03/15 12:31:05 Finished transferring input files
...
001 (7020620.064.000) 03/15 12:31:06 Job executing on host: <188.185.206.186:9618?addrs=188.185.206.186-9618+[2001-1458-303-c--100-37]-9618&alias=b9p06p1726.cern.ch&noUDP&sock=startd_5633_5912>
	SlotName: slot1_5@b9p06p1726.cern.ch
	CondorScratchDir = "/pool/condor/dir_2545623"
	Cpus = 1
	Disk = 3692
	GPUs = 0
	Memory = 3000
...
006 (7020620.064.000) 03/15 12:31:20 Image size of job updated: 896
	1  -  MemoryUsage of job (MB)
	896  -  ResidentSetSize of job (KB)
...
006 (7020620.064.000) 03/15 12:36:21 Image size of job updated: 186448
	183  -  MemoryUsage of job (MB)
	186448  -  ResidentSetSize of job (KB)
...
006 (7020620.064.000) 03/15 12:41:22 Image size of job updated: 517708
	506  -  MemoryUsage of job (MB)
	517708  -  ResidentSetSize of job (KB)
...
006 (7020620.064.000) 03/15 12:46:22 Image size of job updated: 527180
	515  -  MemoryUsage of job (MB)
	527180  -  ResidentSetSize of job (KB)
...
006 (7020620.064.000) 03/15 12:51:23 Image size of job updated: 531292
	519  -  MemoryUsage of job (MB)
	531292  -  ResidentSetSize of job (KB)
...
006 (7020620.064.000) 03/15 12:56:23 Image size of job updated: 531500
	520  -  MemoryUsage of job (MB)
	531500  -  ResidentSetSize of job (KB)
...
006 (7020620.064.000) 03/15 13:01:23 Image size of job updated: 532144
	520  -  MemoryUsage of job (MB)
	532144  -  ResidentSetSize of job (KB)
...
006 (7020620.064.000) 03/15 13:06:24 Image size of job updated: 537756
	526  -  MemoryUsage of job (MB)
	537756  -  ResidentSetSize of job (KB)
...
006 (7020620.064.000) 03/15 13:11:24 Image size of job updated: 537800
	526  -  MemoryUsage of job (MB)
	537800  -  ResidentSetSize of job (KB)
...
006 (7020620.064.000) 03/15 13:46:28 Image size of job updated: 577348
	564  -  MemoryUsage of job (MB)
	577348  -  ResidentSetSize of job (KB)
...
006 (7020620.064.000) 03/15 13:51:28 Image size of job updated: 580492
	567  -  MemoryUsage of job (MB)
	580492  -  ResidentSetSize of job (KB)
...
006 (7020620.064.000) 03/15 13:56:30 Image size of job updated: 580964
	568  -  MemoryUsage of job (MB)
	580964  -  ResidentSetSize of job (KB)
...
006 (7020620.064.000) 03/15 14:01:30 Image size of job updated: 581780
	569  -  MemoryUsage of job (MB)
	581780  -  ResidentSetSize of job (KB)
...
006 (7020620.064.000) 03/15 14:06:30 Image size of job updated: 585020
	572  -  MemoryUsage of job (MB)
	585020  -  ResidentSetSize of job (KB)
...
006 (7020620.064.000) 03/15 14:16:31 Image size of job updated: 598324
	585  -  MemoryUsage of job (MB)
	598324  -  ResidentSetSize of job (KB)
...
006 (7020620.064.000) 03/15 15:41:39 Image size of job updated: 598328
	585  -  MemoryUsage of job (MB)
	598328  -  ResidentSetSize of job (KB)
...
006 (7020620.064.000) 03/15 16:21:43 Image size of job updated: 599936
	586  -  MemoryUsage of job (MB)
	599936  -  ResidentSetSize of job (KB)
...
006 (7020620.064.000) 03/15 16:26:44 Image size of job updated: 600472
	587  -  MemoryUsage of job (MB)
	600472  -  ResidentSetSize of job (KB)
...
006 (7020620.064.000) 03/15 16:36:45 Image size of job updated: 605288
	587  -  MemoryUsage of job (MB)
	600472  -  ResidentSetSize of job (KB)
...
006 (7020620.064.000) 03/15 17:41:50 Image size of job updated: 781632
	764  -  MemoryUsage of job (MB)
	781632  -  ResidentSetSize of job (KB)
...
006 (7020620.064.000) 03/15 18:01:51 Image size of job updated: 781636
	764  -  MemoryUsage of job (MB)
	781636  -  ResidentSetSize of job (KB)
...
006 (7020620.064.000) 03/15 19:01:56 Image size of job updated: 781644
	764  -  MemoryUsage of job (MB)
	781644  -  ResidentSetSize of job (KB)
...
006 (7020620.064.000) 03/15 19:06:57 Image size of job updated: 787032
	767  -  MemoryUsage of job (MB)
	784864  -  ResidentSetSize of job (KB)
...
006 (7020620.064.000) 03/15 19:16:58 Image size of job updated: 787032
	767  -  MemoryUsage of job (MB)
	784868  -  ResidentSetSize of job (KB)
...
006 (7020620.064.000) 03/15 19:26:59 Image size of job updated: 787032
	767  -  MemoryUsage of job (MB)
	784876  -  ResidentSetSize of job (KB)
...
006 (7020620.064.000) 03/15 20:12:04 Image size of job updated: 787032
	767  -  MemoryUsage of job (MB)
	784880  -  ResidentSetSize of job (KB)
...
006 (7020620.064.000) 03/15 20:47:07 Image size of job updated: 799952
	782  -  MemoryUsage of job (MB)
	799952  -  ResidentSetSize of job (KB)
...
006 (7020620.064.000) 03/15 20:52:08 Image size of job updated: 801228
	783  -  MemoryUsage of job (MB)
	801228  -  ResidentSetSize of job (KB)
...
006 (7020620.064.000) 03/15 21:07:10 Image size of job updated: 801236
	783  -  MemoryUsage of job (MB)
	801236  -  ResidentSetSize of job (KB)
...
006 (7020620.064.000) 03/15 21:47:14 Image size of job updated: 806404
	783  -  MemoryUsage of job (MB)
	801236  -  ResidentSetSize of job (KB)
...
006 (7020620.064.000) 03/15 23:07:21 Image size of job updated: 808944
	783  -  MemoryUsage of job (MB)
	801236  -  ResidentSetSize of job (KB)
...
006 (7020620.064.000) 03/15 23:12:21 Image size of job updated: 808944
	784  -  MemoryUsage of job (MB)
	802064  -  ResidentSetSize of job (KB)
...
006 (7020620.064.000) 03/15 23:17:22 Image size of job updated: 808944
	784  -  MemoryUsage of job (MB)
	802068  -  ResidentSetSize of job (KB)
...
006 (7020620.064.000) 03/15 23:22:23 Image size of job updated: 808944
	784  -  MemoryUsage of job (MB)
	802076  -  ResidentSetSize of job (KB)
...
006 (7020620.064.000) 03/15 23:27:23 Image size of job updated: 808944
	784  -  MemoryUsage of job (MB)
	802080  -  ResidentSetSize of job (KB)
...
006 (7020620.064.000) 03/16 01:17:34 Image size of job updated: 808944
	784  -  MemoryUsage of job (MB)
	802088  -  ResidentSetSize of job (KB)
...
006 (7020620.064.000) 03/16 01:42:37 Image size of job updated: 808944
	784  -  MemoryUsage of job (MB)
	802092  -  ResidentSetSize of job (KB)
...
040 (7020620.064.000) 03/16 12:04:13 Started transferring output files
...
040 (7020620.064.000) 03/16 12:04:14 Finished transferring output files
...
005 (7020620.064.000) 03/16 12:04:14 Job terminated.
	(1) Normal termination (return value 0)
		Usr 0 23:00:47, Sys 0 00:01:57  -  Run Remote Usage
		Usr 0 00:00:00, Sys 0 00:00:00  -  Run Local Usage
		Usr 0 23:00:47, Sys 0 00:01:57  -  Total Remote Usage
		Usr 0 00:00:00, Sys 0 00:00:00  -  Total Local Usage
	12905  -  Run Bytes Sent By Job
	1379  -  Run Bytes Received By Job
	12905  -  Total Bytes Sent By Job
	1379  -  Total Bytes Received By Job
	Partitionable Resources :    Usage  Request Allocated 
	   Cpus                 :     0.99        1         1 
	   Disk (KB)            :    45           2      3692 
	   GPUs                 :                           0 
	   Memory (MB)          :   784        3000      3000 
	   TimeExecute (s)      : 84787                       
	   TimeSlotBusy (s)     : 84790                       

	Job terminated of its own accord at 2026-03-16T11:04:13Z with exit-code 0.
...
