000 (7020620.476.000) 03/15 11:56:15 Job submitted from host: <188.185.125.71:9618?addrs=188.185.125.71-9618+[2001-1458-d00-4a--100-15e]-9618&alias=bigbird28.cern.ch&noUDP&sock=schedd_2603_051c>
...
040 (7020620.476.000) 03/16 05:08:51 Started transferring input files
	Transferring to host: <188.185.213.142:9618?addrs=188.185.213.142-9618+[2001-1458-303-1b--100-a]-9618&alias=b9p28p1864.cern.ch&noUDP&sock=slot1_20_4280_65a7_31915>
...
040 (7020620.476.000) 03/16 05:08:51 Finished transferring input files
...
001 (7020620.476.000) 03/16 05:08:52 Job executing on host: <188.185.213.142:9618?addrs=188.185.213.142-9618+[2001-1458-303-1b--100-a]-9618&alias=b9p28p1864.cern.ch&noUDP&sock=startd_3644_0f33>
	SlotName: slot1_20@b9p28p1864.cern.ch
	CondorScratchDir = "/pool/condor/dir_1940824"
	Cpus = 1
	Disk = 3808
	GPUs = 0
	Memory = 3000
...
006 (7020620.476.000) 03/16 05:09:00 Image size of job updated: 892
	1  -  MemoryUsage of job (MB)
	892  -  ResidentSetSize of job (KB)
...
006 (7020620.476.000) 03/16 05:14:00 Image size of job updated: 503752
	492  -  MemoryUsage of job (MB)
	503752  -  ResidentSetSize of job (KB)
...
040 (7020620.476.000) 03/16 05:14:16 Started transferring output files
...
040 (7020620.476.000) 03/16 05:14:16 Finished transferring output files
...
005 (7020620.476.000) 03/16 05:14:16 Job terminated.
	(1) Normal termination (return value 0)
		Usr 0 00:03:44, Sys 0 00:00:02  -  Run Remote Usage
		Usr 0 00:00:00, Sys 0 00:00:00  -  Run Local Usage
		Usr 0 00:03:44, Sys 0 00:00:02  -  Total Remote Usage
		Usr 0 00:00:00, Sys 0 00:00:00  -  Total Local Usage
	11770  -  Run Bytes Sent By Job
	1379  -  Run Bytes Received By Job
	11770  -  Total Bytes Sent By Job
	1379  -  Total Bytes Received By Job
	Partitionable Resources :    Usage  Request Allocated 
	   Cpus                 :     0.99        1         1 
	   Disk (KB)            :    41           2      3808 
	   GPUs                 :                           0 
	   Memory (MB)          :   492        3000      3000 
	   TimeExecute (s)      :   324                       
	   TimeSlotBusy (s)     :   325                       
...
