000 (7020620.469.000) 03/15 11:56:15 Job submitted from host: <188.185.125.71:9618?addrs=188.185.125.71-9618+[2001-1458-d00-4a--100-15e]-9618&alias=bigbird28.cern.ch&noUDP&sock=schedd_2603_051c>
...
040 (7020620.469.000) 03/16 05:08:50 Started transferring input files
	Transferring to host: <188.185.211.32:9618?addrs=188.185.211.32-9618+[2001-1458-303-16--100-1c]-9618&alias=b9p23p8411.cern.ch&noUDP&sock=slot1_13_6036_a86f_186750>
...
040 (7020620.469.000) 03/16 05:08:50 Finished transferring input files
...
001 (7020620.469.000) 03/16 05:08:51 Job executing on host: <188.185.211.32:9618?addrs=188.185.211.32-9618+[2001-1458-303-16--100-1c]-9618&alias=b9p23p8411.cern.ch&noUDP&sock=startd_5331_3378>
	SlotName: slot1_13@b9p23p8411.cern.ch
	CondorScratchDir = "/pool/condor/dir_1630879"
	Cpus = 1
	Disk = 3791
	GPUs = 0
	Memory = 3000
...
006 (7020620.469.000) 03/16 05:09:04 Image size of job updated: 876
	1  -  MemoryUsage of job (MB)
	876  -  ResidentSetSize of job (KB)
...
006 (7020620.469.000) 03/16 05:14:00 Image size of job updated: 728056
	1  -  MemoryUsage of job (MB)
	876  -  ResidentSetSize of job (KB)
...
040 (7020620.469.000) 03/16 05:14:00 Started transferring output files
...
040 (7020620.469.000) 03/16 05:14:00 Finished transferring output files
...
005 (7020620.469.000) 03/16 05:14:00 Job terminated.
	(1) Normal termination (return value 0)
		Usr 0 00:04:03, Sys 0 00:00:03  -  Run Remote Usage
		Usr 0 00:00:00, Sys 0 00:00:00  -  Run Local Usage
		Usr 0 00:04:03, Sys 0 00:00:03  -  Total Remote Usage
		Usr 0 00:00:00, Sys 0 00:00:00  -  Total Local Usage
	11770  -  Run Bytes Sent By Job
	1379  -  Run Bytes Received By Job
	11770  -  Total Bytes Sent By Job
	1379  -  Total Bytes Received By Job
	Partitionable Resources :    Usage  Request Allocated 
	   Cpus                 :        0        1         1 
	   Disk (KB)            :       41        2      3791 
	   GPUs                 :                           0 
	   Memory (MB)          :        1     3000      3000 
	   TimeExecute (s)      :      309                    
	   TimeSlotBusy (s)     :      311                    

	Job terminated of its own accord at 2026-03-16T04:14:00Z with exit-code 0.
...
