000 (7020620.133.000) 03/15 11:56:14 Job submitted from host: <188.185.125.71:9618?addrs=188.185.125.71-9618+[2001-1458-d00-4a--100-15e]-9618&alias=bigbird28.cern.ch&noUDP&sock=schedd_2603_051c>
...
040 (7020620.133.000) 03/15 12:32:07 Started transferring input files
	Transferring to host: <188.185.212.188:9618?addrs=188.185.212.188-9618+[2001-1458-303-19--100-38]-9618&alias=b9p26p4851.cern.ch&noUDP&sock=slot1_13_8293_eb2a_225031>
...
040 (7020620.133.000) 03/15 12:32:07 Finished transferring input files
...
001 (7020620.133.000) 03/15 12:32:08 Job executing on host: <188.185.212.188:9618?addrs=188.185.212.188-9618+[2001-1458-303-19--100-38]-9618&alias=b9p26p4851.cern.ch&noUDP&sock=startd_7230_c1d2>
	SlotName: slot1_13@b9p26p4851.cern.ch
	CondorScratchDir = "/pool/condor/dir_2835712"
	Cpus = 1
	Disk = 3760
	GPUs = 0
	Memory = 3000
...
006 (7020620.133.000) 03/15 12:32:21 Image size of job updated: 884
	1  -  MemoryUsage of job (MB)
	884  -  ResidentSetSize of job (KB)
...
006 (7020620.133.000) 03/15 12:37:21 Image size of job updated: 190864
	187  -  MemoryUsage of job (MB)
	190864  -  ResidentSetSize of job (KB)
...
006 (7020620.133.000) 03/15 12:42:22 Image size of job updated: 653164
	637  -  MemoryUsage of job (MB)
	652132  -  ResidentSetSize of job (KB)
...
006 (7020620.133.000) 03/15 12:47:22 Image size of job updated: 653164
	637  -  MemoryUsage of job (MB)
	652136  -  ResidentSetSize of job (KB)
...
006 (7020620.133.000) 03/15 12:52:22 Image size of job updated: 653164
	637  -  MemoryUsage of job (MB)
	652144  -  ResidentSetSize of job (KB)
...
006 (7020620.133.000) 03/15 12:57:23 Image size of job updated: 655568
	641  -  MemoryUsage of job (MB)
	655568  -  ResidentSetSize of job (KB)
...
006 (7020620.133.000) 03/15 13:02:23 Image size of job updated: 661744
	647  -  MemoryUsage of job (MB)
	661744  -  ResidentSetSize of job (KB)
...
006 (7020620.133.000) 03/15 13:12:24 Image size of job updated: 701596
	686  -  MemoryUsage of job (MB)
	701596  -  ResidentSetSize of job (KB)
...
006 (7020620.133.000) 03/15 13:17:24 Image size of job updated: 706988
	691  -  MemoryUsage of job (MB)
	706988  -  ResidentSetSize of job (KB)
...
006 (7020620.133.000) 03/15 13:22:24 Image size of job updated: 712796
	697  -  MemoryUsage of job (MB)
	712796  -  ResidentSetSize of job (KB)
...
006 (7020620.133.000) 03/15 13:27:25 Image size of job updated: 713380
	697  -  MemoryUsage of job (MB)
	713380  -  ResidentSetSize of job (KB)
...
006 (7020620.133.000) 03/15 13:37:25 Image size of job updated: 716908
	701  -  MemoryUsage of job (MB)
	716908  -  ResidentSetSize of job (KB)
...
006 (7020620.133.000) 03/15 13:42:26 Image size of job updated: 716972
	701  -  MemoryUsage of job (MB)
	716972  -  ResidentSetSize of job (KB)
...
006 (7020620.133.000) 03/15 14:02:28 Image size of job updated: 719336
	703  -  MemoryUsage of job (MB)
	719336  -  ResidentSetSize of job (KB)
...
006 (7020620.133.000) 03/15 14:12:30 Image size of job updated: 721200
	705  -  MemoryUsage of job (MB)
	721200  -  ResidentSetSize of job (KB)
...
006 (7020620.133.000) 03/15 14:17:30 Image size of job updated: 722604
	706  -  MemoryUsage of job (MB)
	722604  -  ResidentSetSize of job (KB)
...
006 (7020620.133.000) 03/15 14:22:31 Image size of job updated: 739684
	723  -  MemoryUsage of job (MB)
	739684  -  ResidentSetSize of job (KB)
...
006 (7020620.133.000) 03/15 14:27:32 Image size of job updated: 740784
	724  -  MemoryUsage of job (MB)
	740784  -  ResidentSetSize of job (KB)
...
006 (7020620.133.000) 03/15 15:02:34 Image size of job updated: 740796
	724  -  MemoryUsage of job (MB)
	740796  -  ResidentSetSize of job (KB)
...
006 (7020620.133.000) 03/15 15:07:34 Image size of job updated: 743556
	727  -  MemoryUsage of job (MB)
	743556  -  ResidentSetSize of job (KB)
...
006 (7020620.133.000) 03/15 15:17:36 Image size of job updated: 743580
	727  -  MemoryUsage of job (MB)
	743580  -  ResidentSetSize of job (KB)
...
006 (7020620.133.000) 03/15 15:42:39 Image size of job updated: 745652
	729  -  MemoryUsage of job (MB)
	745652  -  ResidentSetSize of job (KB)
...
006 (7020620.133.000) 03/15 17:12:48 Image size of job updated: 745720
	729  -  MemoryUsage of job (MB)
	745720  -  ResidentSetSize of job (KB)
...
006 (7020620.133.000) 03/15 17:27:50 Image size of job updated: 745804
	729  -  MemoryUsage of job (MB)
	745804  -  ResidentSetSize of job (KB)
...
006 (7020620.133.000) 03/15 17:37:52 Image size of job updated: 745836
	729  -  MemoryUsage of job (MB)
	745836  -  ResidentSetSize of job (KB)
...
006 (7020620.133.000) 03/15 18:22:58 Image size of job updated: 745860
	729  -  MemoryUsage of job (MB)
	745860  -  ResidentSetSize of job (KB)
...
006 (7020620.133.000) 03/15 18:37:59 Image size of job updated: 745876
	729  -  MemoryUsage of job (MB)
	745876  -  ResidentSetSize of job (KB)
...
006 (7020620.133.000) 03/15 19:48:07 Image size of job updated: 747116
	730  -  MemoryUsage of job (MB)
	747116  -  ResidentSetSize of job (KB)
...
006 (7020620.133.000) 03/15 19:53:07 Image size of job updated: 747148
	730  -  MemoryUsage of job (MB)
	747148  -  ResidentSetSize of job (KB)
...
006 (7020620.133.000) 03/15 20:23:10 Image size of job updated: 747172
	730  -  MemoryUsage of job (MB)
	747172  -  ResidentSetSize of job (KB)
...
006 (7020620.133.000) 03/15 21:08:14 Image size of job updated: 747220
	730  -  MemoryUsage of job (MB)
	747220  -  ResidentSetSize of job (KB)
...
006 (7020620.133.000) 03/15 21:23:15 Image size of job updated: 747308
	730  -  MemoryUsage of job (MB)
	747308  -  ResidentSetSize of job (KB)
...
006 (7020620.133.000) 03/15 21:28:15 Image size of job updated: 749048
	732  -  MemoryUsage of job (MB)
	749048  -  ResidentSetSize of job (KB)
...
006 (7020620.133.000) 03/15 22:33:21 Image size of job updated: 749488
	732  -  MemoryUsage of job (MB)
	749488  -  ResidentSetSize of job (KB)
...
006 (7020620.133.000) 03/15 22:38:21 Image size of job updated: 749588
	733  -  MemoryUsage of job (MB)
	749588  -  ResidentSetSize of job (KB)
...
006 (7020620.133.000) 03/15 22:43:22 Image size of job updated: 749640
	733  -  MemoryUsage of job (MB)
	749640  -  ResidentSetSize of job (KB)
...
006 (7020620.133.000) 03/15 22:53:23 Image size of job updated: 749668
	733  -  MemoryUsage of job (MB)
	749668  -  ResidentSetSize of job (KB)
...
006 (7020620.133.000) 03/15 23:08:25 Image size of job updated: 751728
	735  -  MemoryUsage of job (MB)
	751728  -  ResidentSetSize of job (KB)
...
006 (7020620.133.000) 03/16 00:08:31 Image size of job updated: 751784
	735  -  MemoryUsage of job (MB)
	751784  -  ResidentSetSize of job (KB)
...
006 (7020620.133.000) 03/16 00:58:34 Image size of job updated: 751800
	735  -  MemoryUsage of job (MB)
	751800  -  ResidentSetSize of job (KB)
...
006 (7020620.133.000) 03/16 01:48:40 Image size of job updated: 751888
	735  -  MemoryUsage of job (MB)
	751888  -  ResidentSetSize of job (KB)
...
006 (7020620.133.000) 03/16 03:23:50 Image size of job updated: 751952
	735  -  MemoryUsage of job (MB)
	751952  -  ResidentSetSize of job (KB)
...
006 (7020620.133.000) 03/16 03:53:53 Image size of job updated: 751992
	735  -  MemoryUsage of job (MB)
	751992  -  ResidentSetSize of job (KB)
...
006 (7020620.133.000) 03/16 04:03:54 Image size of job updated: 752100
	735  -  MemoryUsage of job (MB)
	752100  -  ResidentSetSize of job (KB)
...
040 (7020620.133.000) 03/16 04:07:53 Started transferring output files
...
040 (7020620.133.000) 03/16 04:07:53 Finished transferring output files
...
005 (7020620.133.000) 03/16 04:07:53 Job terminated.
	(1) Normal termination (return value 0)
		Usr 0 15:21:44, Sys 0 00:00:24  -  Run Remote Usage
		Usr 0 00:00:00, Sys 0 00:00:00  -  Run Local Usage
		Usr 0 15:21:44, Sys 0 00:00:24  -  Total Remote Usage
		Usr 0 00:00:00, Sys 0 00:00:00  -  Total Local Usage
	7007  -  Run Bytes Sent By Job
	1379  -  Run Bytes Received By Job
	7007  -  Total Bytes Sent By Job
	1379  -  Total Bytes Received By Job
	Partitionable Resources :    Usage  Request Allocated 
	   Cpus                 :     0.99        1         1 
	   Disk (KB)            :    47           2      3760 
	   GPUs                 :                           0 
	   Memory (MB)          :   735        3000      3000 
	   TimeExecute (s)      : 56145                       
	   TimeSlotBusy (s)     : 56147                       

	Job terminated of its own accord at 2026-03-16T03:07:53Z with exit-code 0.
...
