000 (7020620.071.000) 03/15 11:56:14 Job submitted from host: <188.185.125.71:9618?addrs=188.185.125.71-9618+[2001-1458-d00-4a--100-15e]-9618&alias=bigbird28.cern.ch&noUDP&sock=schedd_2603_051c>
...
040 (7020620.071.000) 03/15 12:31:07 Started transferring input files
	Transferring to host: <128.142.132.133:9618?addrs=128.142.132.133-9618+[2001-1458-301-5a--100-79]-9618&alias=b9g12p1637.cern.ch&noUDP&sock=slot1_32_2833_dacc_126310>
...
040 (7020620.071.000) 03/15 12:31:07 Finished transferring input files
...
001 (7020620.071.000) 03/15 12:31:08 Job executing on host: <128.142.132.133:9618?addrs=128.142.132.133-9618+[2001-1458-301-5a--100-79]-9618&alias=b9g12p1637.cern.ch&noUDP&sock=startd_2464_ad72>
	SlotName: slot1_32@b9g12p1637.cern.ch
	CondorScratchDir = "/pool/condor/dir_3891414"
	Cpus = 1
	Disk = 2679
	GPUs = 0
	Memory = 3000
...
006 (7020620.071.000) 03/15 12:31:21 Image size of job updated: 884
	1  -  MemoryUsage of job (MB)
	884  -  ResidentSetSize of job (KB)
...
006 (7020620.071.000) 03/15 12:36:21 Image size of job updated: 208148
	204  -  MemoryUsage of job (MB)
	208148  -  ResidentSetSize of job (KB)
...
006 (7020620.071.000) 03/15 12:41:22 Image size of job updated: 675824
	643  -  MemoryUsage of job (MB)
	657868  -  ResidentSetSize of job (KB)
...
006 (7020620.071.000) 03/15 12:46:22 Image size of job updated: 675824
	643  -  MemoryUsage of job (MB)
	657888  -  ResidentSetSize of job (KB)
...
006 (7020620.071.000) 03/15 12:51:22 Image size of job updated: 675824
	645  -  MemoryUsage of job (MB)
	660448  -  ResidentSetSize of job (KB)
...
006 (7020620.071.000) 03/15 12:56:23 Image size of job updated: 676760
	661  -  MemoryUsage of job (MB)
	676760  -  ResidentSetSize of job (KB)
...
006 (7020620.071.000) 03/15 13:06:23 Image size of job updated: 717012
	701  -  MemoryUsage of job (MB)
	717012  -  ResidentSetSize of job (KB)
...
006 (7020620.071.000) 03/15 13:11:24 Image size of job updated: 720956
	705  -  MemoryUsage of job (MB)
	720956  -  ResidentSetSize of job (KB)
...
006 (7020620.071.000) 03/15 13:16:25 Image size of job updated: 721476
	705  -  MemoryUsage of job (MB)
	721476  -  ResidentSetSize of job (KB)
...
006 (7020620.071.000) 03/15 13:21:25 Image size of job updated: 721492
	705  -  MemoryUsage of job (MB)
	721492  -  ResidentSetSize of job (KB)
...
006 (7020620.071.000) 03/15 13:31:27 Image size of job updated: 727724
	711  -  MemoryUsage of job (MB)
	727724  -  ResidentSetSize of job (KB)
...
006 (7020620.071.000) 03/15 13:36:27 Image size of job updated: 727736
	711  -  MemoryUsage of job (MB)
	727736  -  ResidentSetSize of job (KB)
...
006 (7020620.071.000) 03/15 14:01:30 Image size of job updated: 732412
	716  -  MemoryUsage of job (MB)
	732412  -  ResidentSetSize of job (KB)
...
006 (7020620.071.000) 03/15 15:01:35 Image size of job updated: 733124
	716  -  MemoryUsage of job (MB)
	733124  -  ResidentSetSize of job (KB)
...
006 (7020620.071.000) 03/15 15:16:36 Image size of job updated: 733360
	717  -  MemoryUsage of job (MB)
	733360  -  ResidentSetSize of job (KB)
...
006 (7020620.071.000) 03/15 15:21:37 Image size of job updated: 733364
	717  -  MemoryUsage of job (MB)
	733364  -  ResidentSetSize of job (KB)
...
006 (7020620.071.000) 03/15 15:26:38 Image size of job updated: 733676
	717  -  MemoryUsage of job (MB)
	733676  -  ResidentSetSize of job (KB)
...
006 (7020620.071.000) 03/15 16:21:43 Image size of job updated: 733680
	717  -  MemoryUsage of job (MB)
	733680  -  ResidentSetSize of job (KB)
...
006 (7020620.071.000) 03/15 16:31:45 Image size of job updated: 733972
	717  -  MemoryUsage of job (MB)
	733972  -  ResidentSetSize of job (KB)
...
006 (7020620.071.000) 03/15 16:36:45 Image size of job updated: 733980
	717  -  MemoryUsage of job (MB)
	733980  -  ResidentSetSize of job (KB)
...
006 (7020620.071.000) 03/15 17:26:50 Image size of job updated: 733996
	717  -  MemoryUsage of job (MB)
	733996  -  ResidentSetSize of job (KB)
...
006 (7020620.071.000) 03/15 18:26:57 Image size of job updated: 737092
	720  -  MemoryUsage of job (MB)
	737092  -  ResidentSetSize of job (KB)
...
006 (7020620.071.000) 03/15 18:31:57 Image size of job updated: 743952
	727  -  MemoryUsage of job (MB)
	743952  -  ResidentSetSize of job (KB)
...
006 (7020620.071.000) 03/15 18:36:58 Image size of job updated: 743964
	727  -  MemoryUsage of job (MB)
	743964  -  ResidentSetSize of job (KB)
...
006 (7020620.071.000) 03/15 18:46:59 Image size of job updated: 743968
	727  -  MemoryUsage of job (MB)
	743968  -  ResidentSetSize of job (KB)
...
006 (7020620.071.000) 03/15 19:42:04 Image size of job updated: 744196
	727  -  MemoryUsage of job (MB)
	744196  -  ResidentSetSize of job (KB)
...
006 (7020620.071.000) 03/15 19:47:05 Image size of job updated: 756692
	739  -  MemoryUsage of job (MB)
	756692  -  ResidentSetSize of job (KB)
...
006 (7020620.071.000) 03/15 19:52:05 Image size of job updated: 758468
	741  -  MemoryUsage of job (MB)
	758468  -  ResidentSetSize of job (KB)
...
006 (7020620.071.000) 03/15 20:57:11 Image size of job updated: 758484
	741  -  MemoryUsage of job (MB)
	758484  -  ResidentSetSize of job (KB)
...
006 (7020620.071.000) 03/15 21:52:17 Image size of job updated: 758500
	741  -  MemoryUsage of job (MB)
	758500  -  ResidentSetSize of job (KB)
...
006 (7020620.071.000) 03/15 22:52:23 Image size of job updated: 758508
	741  -  MemoryUsage of job (MB)
	758508  -  ResidentSetSize of job (KB)
...
006 (7020620.071.000) 03/15 23:17:24 Image size of job updated: 758512
	741  -  MemoryUsage of job (MB)
	758512  -  ResidentSetSize of job (KB)
...
006 (7020620.071.000) 03/16 00:07:29 Image size of job updated: 758532
	741  -  MemoryUsage of job (MB)
	758532  -  ResidentSetSize of job (KB)
...
040 (7020620.071.000) 03/16 12:31:45 Started transferring output files
...
040 (7020620.071.000) 03/16 12:31:45 Finished transferring output files
...
009 (7020620.071.000) 03/16 12:31:45 Job was aborted.
	Job removed by SYSTEM_PERIODIC_REMOVE due to wall time exceeded allowed max.
...
