000 (7020620.022.000) 03/15 11:56:14 Job submitted from host: <188.185.125.71:9618?addrs=188.185.125.71-9618+[2001-1458-d00-4a--100-15e]-9618&alias=bigbird28.cern.ch&noUDP&sock=schedd_2603_051c>
...
040 (7020620.022.000) 03/15 12:30:51 Started transferring input files
	Transferring to host: <188.185.207.157:9618?addrs=188.185.207.157-9618+[2001-1458-303-e--100-1a]-9618&alias=b9p08p5760.cern.ch&noUDP&sock=slot1_23_376940_1459_155117>
...
040 (7020620.022.000) 03/15 12:30:51 Finished transferring input files
...
001 (7020620.022.000) 03/15 12:30:52 Job executing on host: <188.185.207.157:9618?addrs=188.185.207.157-9618+[2001-1458-303-e--100-1a]-9618&alias=b9p08p5760.cern.ch&noUDP&sock=startd_5046_b6fb>
	SlotName: slot1_23@b9p08p5760.cern.ch
	CondorScratchDir = "/pool/condor/dir_1988544"
	Cpus = 1
	Disk = 3664
	GPUs = 0
	Memory = 3000
...
006 (7020620.022.000) 03/15 12:31:05 Image size of job updated: 872
	1  -  MemoryUsage of job (MB)
	872  -  ResidentSetSize of job (KB)
...
006 (7020620.022.000) 03/15 12:36:05 Image size of job updated: 203092
	199  -  MemoryUsage of job (MB)
	203092  -  ResidentSetSize of job (KB)
...
006 (7020620.022.000) 03/15 12:41:06 Image size of job updated: 649744
	635  -  MemoryUsage of job (MB)
	649744  -  ResidentSetSize of job (KB)
...
006 (7020620.022.000) 03/15 12:46:06 Image size of job updated: 688628
	673  -  MemoryUsage of job (MB)
	688628  -  ResidentSetSize of job (KB)
...
006 (7020620.022.000) 03/15 12:51:07 Image size of job updated: 695564
	680  -  MemoryUsage of job (MB)
	695564  -  ResidentSetSize of job (KB)
...
006 (7020620.022.000) 03/15 12:56:08 Image size of job updated: 695812
	680  -  MemoryUsage of job (MB)
	695812  -  ResidentSetSize of job (KB)
...
006 (7020620.022.000) 03/15 13:01:08 Image size of job updated: 696660
	681  -  MemoryUsage of job (MB)
	696660  -  ResidentSetSize of job (KB)
...
006 (7020620.022.000) 03/15 13:11:10 Image size of job updated: 723340
	707  -  MemoryUsage of job (MB)
	723340  -  ResidentSetSize of job (KB)
...
006 (7020620.022.000) 03/15 13:16:10 Image size of job updated: 724368
	708  -  MemoryUsage of job (MB)
	724368  -  ResidentSetSize of job (KB)
...
006 (7020620.022.000) 03/15 13:21:11 Image size of job updated: 729400
	713  -  MemoryUsage of job (MB)
	729400  -  ResidentSetSize of job (KB)
...
006 (7020620.022.000) 03/15 13:56:13 Image size of job updated: 729408
	713  -  MemoryUsage of job (MB)
	729408  -  ResidentSetSize of job (KB)
...
006 (7020620.022.000) 03/15 14:56:19 Image size of job updated: 729416
	713  -  MemoryUsage of job (MB)
	729416  -  ResidentSetSize of job (KB)
...
006 (7020620.022.000) 03/15 15:36:23 Image size of job updated: 730356
	714  -  MemoryUsage of job (MB)
	730356  -  ResidentSetSize of job (KB)
...
006 (7020620.022.000) 03/15 15:46:23 Image size of job updated: 738792
	722  -  MemoryUsage of job (MB)
	738792  -  ResidentSetSize of job (KB)
...
006 (7020620.022.000) 03/15 15:51:24 Image size of job updated: 738804
	722  -  MemoryUsage of job (MB)
	738804  -  ResidentSetSize of job (KB)
...
006 (7020620.022.000) 03/15 16:01:25 Image size of job updated: 738812
	722  -  MemoryUsage of job (MB)
	738812  -  ResidentSetSize of job (KB)
...
006 (7020620.022.000) 03/15 16:21:27 Image size of job updated: 738832
	722  -  MemoryUsage of job (MB)
	738832  -  ResidentSetSize of job (KB)
...
006 (7020620.022.000) 03/15 16:26:27 Image size of job updated: 738840
	722  -  MemoryUsage of job (MB)
	738840  -  ResidentSetSize of job (KB)
...
006 (7020620.022.000) 03/15 16:31:28 Image size of job updated: 741984
	725  -  MemoryUsage of job (MB)
	741984  -  ResidentSetSize of job (KB)
...
006 (7020620.022.000) 03/15 16:36:28 Image size of job updated: 742132
	725  -  MemoryUsage of job (MB)
	742132  -  ResidentSetSize of job (KB)
...
006 (7020620.022.000) 03/15 16:46:29 Image size of job updated: 742144
	725  -  MemoryUsage of job (MB)
	742144  -  ResidentSetSize of job (KB)
...
006 (7020620.022.000) 03/15 17:11:32 Image size of job updated: 742200
	725  -  MemoryUsage of job (MB)
	742200  -  ResidentSetSize of job (KB)
...
006 (7020620.022.000) 03/15 17:41:34 Image size of job updated: 742208
	725  -  MemoryUsage of job (MB)
	742208  -  ResidentSetSize of job (KB)
...
006 (7020620.022.000) 03/15 18:06:36 Image size of job updated: 742216
	725  -  MemoryUsage of job (MB)
	742216  -  ResidentSetSize of job (KB)
...
006 (7020620.022.000) 03/15 18:16:37 Image size of job updated: 742220
	725  -  MemoryUsage of job (MB)
	742220  -  ResidentSetSize of job (KB)
...
006 (7020620.022.000) 03/15 18:46:40 Image size of job updated: 742420
	726  -  MemoryUsage of job (MB)
	742420  -  ResidentSetSize of job (KB)
...
006 (7020620.022.000) 03/15 18:51:41 Image size of job updated: 752144
	735  -  MemoryUsage of job (MB)
	752144  -  ResidentSetSize of job (KB)
...
006 (7020620.022.000) 03/15 18:56:41 Image size of job updated: 752300
	735  -  MemoryUsage of job (MB)
	752300  -  ResidentSetSize of job (KB)
...
006 (7020620.022.000) 03/15 19:31:45 Image size of job updated: 752312
	735  -  MemoryUsage of job (MB)
	752312  -  ResidentSetSize of job (KB)
...
006 (7020620.022.000) 03/15 20:01:48 Image size of job updated: 752316
	735  -  MemoryUsage of job (MB)
	752316  -  ResidentSetSize of job (KB)
...
006 (7020620.022.000) 03/15 20:16:49 Image size of job updated: 752732
	736  -  MemoryUsage of job (MB)
	752732  -  ResidentSetSize of job (KB)
...
006 (7020620.022.000) 03/15 20:21:50 Image size of job updated: 752892
	736  -  MemoryUsage of job (MB)
	752892  -  ResidentSetSize of job (KB)
...
006 (7020620.022.000) 03/15 20:31:51 Image size of job updated: 755708
	738  -  MemoryUsage of job (MB)
	755708  -  ResidentSetSize of job (KB)
...
006 (7020620.022.000) 03/16 00:27:16 Image size of job updated: 757848
	741  -  MemoryUsage of job (MB)
	757848  -  ResidentSetSize of job (KB)
...
006 (7020620.022.000) 03/16 00:37:16 Image size of job updated: 757892
	741  -  MemoryUsage of job (MB)
	757892  -  ResidentSetSize of job (KB)
...
006 (7020620.022.000) 03/16 01:02:18 Image size of job updated: 757900
	741  -  MemoryUsage of job (MB)
	757900  -  ResidentSetSize of job (KB)
...
006 (7020620.022.000) 03/16 01:47:21 Image size of job updated: 757916
	741  -  MemoryUsage of job (MB)
	757916  -  ResidentSetSize of job (KB)
...
006 (7020620.022.000) 03/16 01:52:22 Image size of job updated: 757924
	741  -  MemoryUsage of job (MB)
	757924  -  ResidentSetSize of job (KB)
...
006 (7020620.022.000) 03/16 02:07:24 Image size of job updated: 757932
	741  -  MemoryUsage of job (MB)
	757932  -  ResidentSetSize of job (KB)
...
006 (7020620.022.000) 03/16 02:22:26 Image size of job updated: 757940
	741  -  MemoryUsage of job (MB)
	757940  -  ResidentSetSize of job (KB)
...
006 (7020620.022.000) 03/16 02:37:28 Image size of job updated: 758308
	741  -  MemoryUsage of job (MB)
	758308  -  ResidentSetSize of job (KB)
...
006 (7020620.022.000) 03/16 03:32:33 Image size of job updated: 758448
	741  -  MemoryUsage of job (MB)
	758448  -  ResidentSetSize of job (KB)
...
006 (7020620.022.000) 03/16 03:52:35 Image size of job updated: 758460
	741  -  MemoryUsage of job (MB)
	758460  -  ResidentSetSize of job (KB)
...
006 (7020620.022.000) 03/16 04:57:43 Image size of job updated: 758472
	741  -  MemoryUsage of job (MB)
	758472  -  ResidentSetSize of job (KB)
...
006 (7020620.022.000) 03/16 05:12:44 Image size of job updated: 758484
	741  -  MemoryUsage of job (MB)
	758484  -  ResidentSetSize of job (KB)
...
006 (7020620.022.000) 03/16 05:27:45 Image size of job updated: 758492
	741  -  MemoryUsage of job (MB)
	758492  -  ResidentSetSize of job (KB)
...
006 (7020620.022.000) 03/16 07:47:59 Image size of job updated: 758580
	741  -  MemoryUsage of job (MB)
	758580  -  ResidentSetSize of job (KB)
...
006 (7020620.022.000) 03/16 08:28:03 Image size of job updated: 758592
	741  -  MemoryUsage of job (MB)
	758592  -  ResidentSetSize of job (KB)
...
006 (7020620.022.000) 03/16 08:53:06 Image size of job updated: 758600
	741  -  MemoryUsage of job (MB)
	758600  -  ResidentSetSize of job (KB)
...
040 (7020620.022.000) 03/16 08:54:11 Started transferring output files
...
040 (7020620.022.000) 03/16 08:54:11 Finished transferring output files
...
005 (7020620.022.000) 03/16 08:54:11 Job terminated.
	(1) Normal termination (return value 0)
		Usr 0 20:03:09, Sys 0 00:01:01  -  Run Remote Usage
		Usr 0 00:00:00, Sys 0 00:00:00  -  Run Local Usage
		Usr 0 20:03:09, Sys 0 00:01:01  -  Total Remote Usage
		Usr 0 00:00:00, Sys 0 00:00:00  -  Total Local Usage
	13090  -  Run Bytes Sent By Job
	1379  -  Run Bytes Received By Job
	13090  -  Total Bytes Sent By Job
	1379  -  Total Bytes Received By Job
	Partitionable Resources :    Usage  Request Allocated 
	   Cpus                 :     0.99        1         1 
	   Disk (KB)            :    46           2      3664 
	   GPUs                 :                           0 
	   Memory (MB)          :   741        3000      3000 
	   TimeExecute (s)      : 73399                       
	   TimeSlotBusy (s)     : 73401                       

	Job terminated of its own accord at 2026-03-16T07:54:11Z with exit-code 0.
...
