000 (7020620.464.000) 03/15 11:56:15 Job submitted from host: <188.185.125.71:9618?addrs=188.185.125.71-9618+[2001-1458-d00-4a--100-15e]-9618&alias=bigbird28.cern.ch&noUDP&sock=schedd_2603_051c>
...
040 (7020620.464.000) 03/16 05:08:48 Started transferring input files
	Transferring to host: <188.185.213.193:9618?addrs=188.185.213.193-9618+[2001-1458-303-1b--100-3d]-9618&alias=b9p28p6761.cern.ch&noUDP&sock=slot1_17_7044_e298_233840>
...
040 (7020620.464.000) 03/16 05:08:48 Finished transferring input files
...
001 (7020620.464.000) 03/16 05:08:49 Job executing on host: <188.185.213.193:9618?addrs=188.185.213.193-9618+[2001-1458-303-1b--100-3d]-9618&alias=b9p28p6761.cern.ch&noUDP&sock=startd_6222_5a5b>
	SlotName: slot1_17@b9p28p6761.cern.ch
	CondorScratchDir = "/pool/condor/dir_2871180"
	Cpus = 1
	Disk = 3902
	GPUs = 0
	Memory = 3000
...
006 (7020620.464.000) 03/16 05:09:02 Image size of job updated: 884
	1  -  MemoryUsage of job (MB)
	884  -  ResidentSetSize of job (KB)
...
006 (7020620.464.000) 03/16 05:14:02 Image size of job updated: 566640
	554  -  MemoryUsage of job (MB)
	566640  -  ResidentSetSize of job (KB)
...
040 (7020620.464.000) 03/16 05:14:14 Started transferring output files
...
040 (7020620.464.000) 03/16 05:14:14 Finished transferring output files
...
005 (7020620.464.000) 03/16 05:14:14 Job terminated.
	(1) Normal termination (return value 0)
		Usr 0 00:04:37, Sys 0 00:00:04  -  Run Remote Usage
		Usr 0 00:00:00, Sys 0 00:00:00  -  Run Local Usage
		Usr 0 00:04:37, Sys 0 00:00:04  -  Total Remote Usage
		Usr 0 00:00:00, Sys 0 00:00:00  -  Total Local Usage
	11770  -  Run Bytes Sent By Job
	1379  -  Run Bytes Received By Job
	11770  -  Total Bytes Sent By Job
	1379  -  Total Bytes Received By Job
	Partitionable Resources :    Usage  Request Allocated 
	   Cpus                 :     0.99        1         1 
	   Disk (KB)            :    41           2      3902 
	   GPUs                 :                           0 
	   Memory (MB)          :   554        3000      3000 
	   TimeExecute (s)      :   325                       
	   TimeSlotBusy (s)     :   327                       

	Job terminated of its own accord at 2026-03-16T04:14:14Z with exit-code 0.
...
