000 (7020620.154.000) 03/15 11:56:15 Job submitted from host: <188.185.125.71:9618?addrs=188.185.125.71-9618+[2001-1458-d00-4a--100-15e]-9618&alias=bigbird28.cern.ch&noUDP&sock=schedd_2603_051c>
...
040 (7020620.154.000) 03/15 12:32:13 Started transferring input files
	Transferring to host: <188.185.211.153:9618?addrs=188.185.211.153-9618+[2001-1458-303-17--100-15]-9618&alias=b9p24p0629.cern.ch&noUDP&sock=slot1_18_1715689_dbe1_109185>
...
040 (7020620.154.000) 03/15 12:32:13 Finished transferring input files
...
001 (7020620.154.000) 03/15 12:32:14 Job executing on host: <188.185.211.153:9618?addrs=188.185.211.153-9618+[2001-1458-303-17--100-15]-9618&alias=b9p24p0629.cern.ch&noUDP&sock=startd_3900_a772>
	SlotName: slot1_18@b9p24p0629.cern.ch
	CondorScratchDir = "/pool/condor/dir_539999"
	Cpus = 1
	Disk = 3872
	GPUs = 0
	Memory = 3000
...
006 (7020620.154.000) 03/15 12:32:27 Image size of job updated: 888
	1  -  MemoryUsage of job (MB)
	888  -  ResidentSetSize of job (KB)
...
006 (7020620.154.000) 03/15 12:37:27 Image size of job updated: 197464
	193  -  MemoryUsage of job (MB)
	197464  -  ResidentSetSize of job (KB)
...
006 (7020620.154.000) 03/15 12:42:28 Image size of job updated: 649952
	615  -  MemoryUsage of job (MB)
	629224  -  ResidentSetSize of job (KB)
...
006 (7020620.154.000) 03/15 12:47:28 Image size of job updated: 680400
	665  -  MemoryUsage of job (MB)
	680400  -  ResidentSetSize of job (KB)
...
006 (7020620.154.000) 03/15 12:52:28 Image size of job updated: 680408
	665  -  MemoryUsage of job (MB)
	680408  -  ResidentSetSize of job (KB)
...
006 (7020620.154.000) 03/15 12:57:29 Image size of job updated: 685812
	670  -  MemoryUsage of job (MB)
	685812  -  ResidentSetSize of job (KB)
...
006 (7020620.154.000) 03/15 13:07:30 Image size of job updated: 710748
	695  -  MemoryUsage of job (MB)
	710748  -  ResidentSetSize of job (KB)
...
006 (7020620.154.000) 03/15 13:12:31 Image size of job updated: 710896
	695  -  MemoryUsage of job (MB)
	710896  -  ResidentSetSize of job (KB)
...
006 (7020620.154.000) 03/15 13:22:32 Image size of job updated: 716600
	700  -  MemoryUsage of job (MB)
	716600  -  ResidentSetSize of job (KB)
...
006 (7020620.154.000) 03/15 13:37:34 Image size of job updated: 716632
	700  -  MemoryUsage of job (MB)
	716632  -  ResidentSetSize of job (KB)
...
006 (7020620.154.000) 03/15 13:47:35 Image size of job updated: 725248
	709  -  MemoryUsage of job (MB)
	725248  -  ResidentSetSize of job (KB)
...
006 (7020620.154.000) 03/15 13:52:36 Image size of job updated: 725396
	709  -  MemoryUsage of job (MB)
	725396  -  ResidentSetSize of job (KB)
...
006 (7020620.154.000) 03/15 14:12:39 Image size of job updated: 727528
	711  -  MemoryUsage of job (MB)
	727528  -  ResidentSetSize of job (KB)
...
006 (7020620.154.000) 03/15 14:47:43 Image size of job updated: 727584
	711  -  MemoryUsage of job (MB)
	727584  -  ResidentSetSize of job (KB)
...
006 (7020620.154.000) 03/15 15:17:47 Image size of job updated: 727632
	711  -  MemoryUsage of job (MB)
	727632  -  ResidentSetSize of job (KB)
...
006 (7020620.154.000) 03/15 15:27:49 Image size of job updated: 727636
	711  -  MemoryUsage of job (MB)
	727636  -  ResidentSetSize of job (KB)
...
006 (7020620.154.000) 03/15 15:37:50 Image size of job updated: 735208
	711  -  MemoryUsage of job (MB)
	727636  -  ResidentSetSize of job (KB)
...
006 (7020620.154.000) 03/15 15:42:51 Image size of job updated: 735208
	714  -  MemoryUsage of job (MB)
	730188  -  ResidentSetSize of job (KB)
...
006 (7020620.154.000) 03/15 15:47:51 Image size of job updated: 735208
	714  -  MemoryUsage of job (MB)
	730196  -  ResidentSetSize of job (KB)
...
006 (7020620.154.000) 03/15 15:52:52 Image size of job updated: 735208
	714  -  MemoryUsage of job (MB)
	730240  -  ResidentSetSize of job (KB)
...
006 (7020620.154.000) 03/15 15:57:53 Image size of job updated: 735208
	714  -  MemoryUsage of job (MB)
	730264  -  ResidentSetSize of job (KB)
...
006 (7020620.154.000) 03/15 16:27:57 Image size of job updated: 735208
	714  -  MemoryUsage of job (MB)
	730336  -  ResidentSetSize of job (KB)
...
006 (7020620.154.000) 03/15 16:42:59 Image size of job updated: 735208
	716  -  MemoryUsage of job (MB)
	732388  -  ResidentSetSize of job (KB)
...
006 (7020620.154.000) 03/15 17:33:04 Image size of job updated: 737856
	721  -  MemoryUsage of job (MB)
	737856  -  ResidentSetSize of job (KB)
...
006 (7020620.154.000) 03/15 17:38:05 Image size of job updated: 747564
	731  -  MemoryUsage of job (MB)
	747564  -  ResidentSetSize of job (KB)
...
006 (7020620.154.000) 03/15 17:43:05 Image size of job updated: 747640
	731  -  MemoryUsage of job (MB)
	747640  -  ResidentSetSize of job (KB)
...
006 (7020620.154.000) 03/15 18:13:07 Image size of job updated: 747700
	731  -  MemoryUsage of job (MB)
	747700  -  ResidentSetSize of job (KB)
...
006 (7020620.154.000) 03/15 18:18:07 Image size of job updated: 747784
	731  -  MemoryUsage of job (MB)
	747784  -  ResidentSetSize of job (KB)
...
006 (7020620.154.000) 03/15 19:43:16 Image size of job updated: 752172
	735  -  MemoryUsage of job (MB)
	752172  -  ResidentSetSize of job (KB)
...
006 (7020620.154.000) 03/15 20:33:19 Image size of job updated: 753536
	736  -  MemoryUsage of job (MB)
	753536  -  ResidentSetSize of job (KB)
...
006 (7020620.154.000) 03/15 20:53:21 Image size of job updated: 753552
	736  -  MemoryUsage of job (MB)
	753552  -  ResidentSetSize of job (KB)
...
006 (7020620.154.000) 03/15 21:13:23 Image size of job updated: 753576
	736  -  MemoryUsage of job (MB)
	753576  -  ResidentSetSize of job (KB)
...
006 (7020620.154.000) 03/15 21:28:25 Image size of job updated: 754772
	736  -  MemoryUsage of job (MB)
	753576  -  ResidentSetSize of job (KB)
...
006 (7020620.154.000) 03/15 23:38:39 Image size of job updated: 754772
	737  -  MemoryUsage of job (MB)
	753956  -  ResidentSetSize of job (KB)
...
006 (7020620.154.000) 03/15 23:53:40 Image size of job updated: 754772
	737  -  MemoryUsage of job (MB)
	753964  -  ResidentSetSize of job (KB)
...
006 (7020620.154.000) 03/16 00:13:42 Image size of job updated: 754772
	737  -  MemoryUsage of job (MB)
	753972  -  ResidentSetSize of job (KB)
...
006 (7020620.154.000) 03/16 00:23:43 Image size of job updated: 754772
	737  -  MemoryUsage of job (MB)
	753984  -  ResidentSetSize of job (KB)
...
006 (7020620.154.000) 03/16 00:38:45 Image size of job updated: 754772
	737  -  MemoryUsage of job (MB)
	753996  -  ResidentSetSize of job (KB)
...
006 (7020620.154.000) 03/16 01:13:47 Image size of job updated: 754772
	737  -  MemoryUsage of job (MB)
	754000  -  ResidentSetSize of job (KB)
...
006 (7020620.154.000) 03/16 02:58:58 Image size of job updated: 755936
	737  -  MemoryUsage of job (MB)
	754140  -  ResidentSetSize of job (KB)
...
006 (7020620.154.000) 03/16 03:08:58 Image size of job updated: 755936
	737  -  MemoryUsage of job (MB)
	754152  -  ResidentSetSize of job (KB)
...
006 (7020620.154.000) 03/16 03:13:59 Image size of job updated: 755936
	737  -  MemoryUsage of job (MB)
	754168  -  ResidentSetSize of job (KB)
...
006 (7020620.154.000) 03/16 03:54:01 Image size of job updated: 755936
	737  -  MemoryUsage of job (MB)
	754176  -  ResidentSetSize of job (KB)
...
006 (7020620.154.000) 03/16 04:34:04 Image size of job updated: 755936
	737  -  MemoryUsage of job (MB)
	754184  -  ResidentSetSize of job (KB)
...
006 (7020620.154.000) 03/16 04:49:06 Image size of job updated: 755936
	737  -  MemoryUsage of job (MB)
	754188  -  ResidentSetSize of job (KB)
...
006 (7020620.154.000) 03/16 05:19:08 Image size of job updated: 755936
	737  -  MemoryUsage of job (MB)
	754200  -  ResidentSetSize of job (KB)
...
006 (7020620.154.000) 03/16 07:09:20 Image size of job updated: 755936
	737  -  MemoryUsage of job (MB)
	754208  -  ResidentSetSize of job (KB)
...
006 (7020620.154.000) 03/16 07:24:22 Image size of job updated: 755936
	737  -  MemoryUsage of job (MB)
	754212  -  ResidentSetSize of job (KB)
...
040 (7020620.154.000) 03/16 07:45:04 Started transferring output files
...
040 (7020620.154.000) 03/16 07:45:04 Finished transferring output files
...
005 (7020620.154.000) 03/16 07:45:04 Job terminated.
	(1) Normal termination (return value 0)
		Usr 0 18:51:56, Sys 0 00:01:24  -  Run Remote Usage
		Usr 0 00:00:00, Sys 0 00:00:00  -  Run Local Usage
		Usr 0 18:51:56, Sys 0 00:01:24  -  Total Remote Usage
		Usr 0 00:00:00, Sys 0 00:00:00  -  Total Local Usage
	13138  -  Run Bytes Sent By Job
	1379  -  Run Bytes Received By Job
	13138  -  Total Bytes Sent By Job
	1379  -  Total Bytes Received By Job
	Partitionable Resources :    Usage  Request Allocated 
	   Cpus                 :     0.99        1         1 
	   Disk (KB)            :    43           2      3872 
	   GPUs                 :                           0 
	   Memory (MB)          :   737        3000      3000 
	   TimeExecute (s)      : 69170                       
	   TimeSlotBusy (s)     : 69172                       

	Job terminated of its own accord at 2026-03-16T06:45:04Z with exit-code 0.
...
