000 (7020620.172.000) 03/15 11:56:15 Job submitted from host: <188.185.125.71:9618?addrs=188.185.125.71-9618+[2001-1458-d00-4a--100-15e]-9618&alias=bigbird28.cern.ch&noUDP&sock=schedd_2603_051c>
...
040 (7020620.172.000) 03/15 12:35:05 Started transferring input files
	Transferring to host: <188.185.204.169:9618?addrs=188.185.204.169-9618+[2001-1458-303-8--100-9d]-9618&alias=b9p02p9794.cern.ch&noUDP&sock=slot1_35_525961_dae5_156889>
...
040 (7020620.172.000) 03/15 12:35:05 Finished transferring input files
...
001 (7020620.172.000) 03/15 12:35:06 Job executing on host: <188.185.204.169:9618?addrs=188.185.204.169-9618+[2001-1458-303-8--100-9d]-9618&alias=b9p02p9794.cern.ch&noUDP&sock=startd_7226_0371>
	SlotName: slot1_35@b9p02p9794.cern.ch
	CondorScratchDir = "/pool/condor/dir_2409788"
	Cpus = 1
	Disk = 3687
	GPUs = 0
	Memory = 3000
...
006 (7020620.172.000) 03/15 12:35:19 Image size of job updated: 872
	1  -  MemoryUsage of job (MB)
	872  -  ResidentSetSize of job (KB)
...
006 (7020620.172.000) 03/15 12:40:19 Image size of job updated: 359868
	352  -  MemoryUsage of job (MB)
	359868  -  ResidentSetSize of job (KB)
...
006 (7020620.172.000) 03/15 12:45:20 Image size of job updated: 495720
	485  -  MemoryUsage of job (MB)
	495720  -  ResidentSetSize of job (KB)
...
006 (7020620.172.000) 03/15 12:50:20 Image size of job updated: 513300
	502  -  MemoryUsage of job (MB)
	513300  -  ResidentSetSize of job (KB)
...
006 (7020620.172.000) 03/15 12:55:20 Image size of job updated: 513324
	502  -  MemoryUsage of job (MB)
	513324  -  ResidentSetSize of job (KB)
...
006 (7020620.172.000) 03/15 13:00:21 Image size of job updated: 514024
	502  -  MemoryUsage of job (MB)
	514024  -  ResidentSetSize of job (KB)
...
006 (7020620.172.000) 03/15 13:05:21 Image size of job updated: 514028
	502  -  MemoryUsage of job (MB)
	514028  -  ResidentSetSize of job (KB)
...
006 (7020620.172.000) 03/15 14:05:28 Image size of job updated: 514032
	502  -  MemoryUsage of job (MB)
	514032  -  ResidentSetSize of job (KB)
...
006 (7020620.172.000) 03/15 14:15:29 Image size of job updated: 514040
	502  -  MemoryUsage of job (MB)
	514040  -  ResidentSetSize of job (KB)
...
006 (7020620.172.000) 03/15 14:35:32 Image size of job updated: 521352
	510  -  MemoryUsage of job (MB)
	521352  -  ResidentSetSize of job (KB)
...
006 (7020620.172.000) 03/15 14:40:33 Image size of job updated: 565188
	552  -  MemoryUsage of job (MB)
	565188  -  ResidentSetSize of job (KB)
...
006 (7020620.172.000) 03/15 15:00:34 Image size of job updated: 567596
	555  -  MemoryUsage of job (MB)
	567596  -  ResidentSetSize of job (KB)
...
006 (7020620.172.000) 03/15 15:05:35 Image size of job updated: 569208
	556  -  MemoryUsage of job (MB)
	569208  -  ResidentSetSize of job (KB)
...
006 (7020620.172.000) 03/15 15:15:35 Image size of job updated: 569456
	557  -  MemoryUsage of job (MB)
	569456  -  ResidentSetSize of job (KB)
...
006 (7020620.172.000) 03/15 15:40:37 Image size of job updated: 569460
	557  -  MemoryUsage of job (MB)
	569460  -  ResidentSetSize of job (KB)
...
006 (7020620.172.000) 03/15 15:45:38 Image size of job updated: 570400
	558  -  MemoryUsage of job (MB)
	570400  -  ResidentSetSize of job (KB)
...
006 (7020620.172.000) 03/15 16:10:41 Image size of job updated: 586248
	570  -  MemoryUsage of job (MB)
	583284  -  ResidentSetSize of job (KB)
...
006 (7020620.172.000) 03/15 16:20:42 Image size of job updated: 747372
	730  -  MemoryUsage of job (MB)
	747372  -  ResidentSetSize of job (KB)
...
006 (7020620.172.000) 03/15 16:25:42 Image size of job updated: 748180
	731  -  MemoryUsage of job (MB)
	748180  -  ResidentSetSize of job (KB)
...
006 (7020620.172.000) 03/15 16:30:43 Image size of job updated: 758436
	741  -  MemoryUsage of job (MB)
	758436  -  ResidentSetSize of job (KB)
...
006 (7020620.172.000) 03/15 16:40:43 Image size of job updated: 758444
	741  -  MemoryUsage of job (MB)
	758444  -  ResidentSetSize of job (KB)
...
006 (7020620.172.000) 03/15 16:50:44 Image size of job updated: 760420
	743  -  MemoryUsage of job (MB)
	760420  -  ResidentSetSize of job (KB)
...
006 (7020620.172.000) 03/15 17:15:47 Image size of job updated: 760428
	743  -  MemoryUsage of job (MB)
	760428  -  ResidentSetSize of job (KB)
...
006 (7020620.172.000) 03/15 17:40:50 Image size of job updated: 760432
	743  -  MemoryUsage of job (MB)
	760432  -  ResidentSetSize of job (KB)
...
006 (7020620.172.000) 03/15 17:55:51 Image size of job updated: 760440
	743  -  MemoryUsage of job (MB)
	760440  -  ResidentSetSize of job (KB)
...
006 (7020620.172.000) 03/15 19:26:00 Image size of job updated: 761952
	745  -  MemoryUsage of job (MB)
	761952  -  ResidentSetSize of job (KB)
...
006 (7020620.172.000) 03/15 19:46:02 Image size of job updated: 761960
	745  -  MemoryUsage of job (MB)
	761960  -  ResidentSetSize of job (KB)
...
006 (7020620.172.000) 03/15 20:01:04 Image size of job updated: 762100
	745  -  MemoryUsage of job (MB)
	762100  -  ResidentSetSize of job (KB)
...
006 (7020620.172.000) 03/15 20:06:04 Image size of job updated: 765392
	748  -  MemoryUsage of job (MB)
	765392  -  ResidentSetSize of job (KB)
...
006 (7020620.172.000) 03/15 20:11:05 Image size of job updated: 773744
	756  -  MemoryUsage of job (MB)
	773744  -  ResidentSetSize of job (KB)
...
006 (7020620.172.000) 03/15 20:16:05 Image size of job updated: 774704
	757  -  MemoryUsage of job (MB)
	774704  -  ResidentSetSize of job (KB)
...
006 (7020620.172.000) 03/15 21:31:13 Image size of job updated: 774716
	757  -  MemoryUsage of job (MB)
	774716  -  ResidentSetSize of job (KB)
...
006 (7020620.172.000) 03/15 21:41:14 Image size of job updated: 774724
	757  -  MemoryUsage of job (MB)
	774724  -  ResidentSetSize of job (KB)
...
006 (7020620.172.000) 03/15 22:41:20 Image size of job updated: 774736
	757  -  MemoryUsage of job (MB)
	774736  -  ResidentSetSize of job (KB)
...
006 (7020620.172.000) 03/15 23:06:23 Image size of job updated: 774740
	757  -  MemoryUsage of job (MB)
	774740  -  ResidentSetSize of job (KB)
...
006 (7020620.172.000) 03/15 23:36:25 Image size of job updated: 774748
	757  -  MemoryUsage of job (MB)
	774748  -  ResidentSetSize of job (KB)
...
006 (7020620.172.000) 03/16 00:36:32 Image size of job updated: 774752
	757  -  MemoryUsage of job (MB)
	774752  -  ResidentSetSize of job (KB)
...
006 (7020620.172.000) 03/16 01:21:38 Image size of job updated: 779264
	761  -  MemoryUsage of job (MB)
	779264  -  ResidentSetSize of job (KB)
...
006 (7020620.172.000) 03/16 01:31:39 Image size of job updated: 785284
	761  -  MemoryUsage of job (MB)
	779264  -  ResidentSetSize of job (KB)
...
006 (7020620.172.000) 03/16 05:02:00 Image size of job updated: 785284
	763  -  MemoryUsage of job (MB)
	780572  -  ResidentSetSize of job (KB)
...
040 (7020620.172.000) 03/16 08:11:03 Started transferring output files
...
040 (7020620.172.000) 03/16 08:11:03 Finished transferring output files
...
005 (7020620.172.000) 03/16 08:11:03 Job terminated.
	(1) Normal termination (return value 0)
		Usr 0 19:16:25, Sys 0 00:01:06  -  Run Remote Usage
		Usr 0 00:00:00, Sys 0 00:00:00  -  Run Local Usage
		Usr 0 19:16:25, Sys 0 00:01:06  -  Total Remote Usage
		Usr 0 00:00:00, Sys 0 00:00:00  -  Total Local Usage
	13182  -  Run Bytes Sent By Job
	1379  -  Run Bytes Received By Job
	13182  -  Total Bytes Sent By Job
	1379  -  Total Bytes Received By Job
	Partitionable Resources :    Usage  Request Allocated 
	   Cpus                 :     0.99        1         1 
	   Disk (KB)            :    48           2      3687 
	   GPUs                 :                           0 
	   Memory (MB)          :   763        3000      3000 
	   TimeExecute (s)      : 70557                       
	   TimeSlotBusy (s)     : 70559                       

	Job terminated of its own accord at 2026-03-16T07:11:03Z with exit-code 0.
...
