000 (7020620.387.000) 03/15 11:56:15 Job submitted from host: <188.185.125.71:9618?addrs=188.185.125.71-9618+[2001-1458-d00-4a--100-15e]-9618&alias=bigbird28.cern.ch&noUDP&sock=schedd_2603_051c>
...
040 (7020620.387.000) 03/15 12:36:41 Started transferring input files
	Transferring to host: <188.185.215.34:9618?addrs=188.185.215.34-9618+[2001-1458-303-1e--100-1e]-9618&alias=b9p31p6592.cern.ch&noUDP&sock=slot1_16_7889_439a_188089>
...
040 (7020620.387.000) 03/15 12:36:41 Finished transferring input files
...
001 (7020620.387.000) 03/15 12:36:42 Job executing on host: <188.185.215.34:9618?addrs=188.185.215.34-9618+[2001-1458-303-1e--100-1e]-9618&alias=b9p31p6592.cern.ch&noUDP&sock=startd_7099_e6e9>
	SlotName: slot1_16@b9p31p6592.cern.ch
	CondorScratchDir = "/pool/condor/dir_591700"
	Cpus = 1
	Disk = 3772
	GPUs = 0
	Memory = 3000
...
006 (7020620.387.000) 03/15 12:36:55 Image size of job updated: 888
	1  -  MemoryUsage of job (MB)
	888  -  ResidentSetSize of job (KB)
...
006 (7020620.387.000) 03/15 12:41:55 Image size of job updated: 513432
	502  -  MemoryUsage of job (MB)
	513432  -  ResidentSetSize of job (KB)
...
006 (7020620.387.000) 03/15 12:46:56 Image size of job updated: 671332
	656  -  MemoryUsage of job (MB)
	671332  -  ResidentSetSize of job (KB)
...
006 (7020620.387.000) 03/15 12:56:57 Image size of job updated: 671340
	656  -  MemoryUsage of job (MB)
	671340  -  ResidentSetSize of job (KB)
...
006 (7020620.387.000) 03/15 13:01:58 Image size of job updated: 671424
	656  -  MemoryUsage of job (MB)
	671424  -  ResidentSetSize of job (KB)
...
006 (7020620.387.000) 03/15 13:11:59 Image size of job updated: 709908
	694  -  MemoryUsage of job (MB)
	709908  -  ResidentSetSize of job (KB)
...
006 (7020620.387.000) 03/15 13:17:00 Image size of job updated: 711632
	695  -  MemoryUsage of job (MB)
	711632  -  ResidentSetSize of job (KB)
...
006 (7020620.387.000) 03/15 13:22:00 Image size of job updated: 727036
	710  -  MemoryUsage of job (MB)
	727036  -  ResidentSetSize of job (KB)
...
006 (7020620.387.000) 03/15 13:27:01 Image size of job updated: 731584
	715  -  MemoryUsage of job (MB)
	731584  -  ResidentSetSize of job (KB)
...
006 (7020620.387.000) 03/15 14:22:06 Image size of job updated: 731636
	715  -  MemoryUsage of job (MB)
	731636  -  ResidentSetSize of job (KB)
...
006 (7020620.387.000) 03/15 15:17:10 Image size of job updated: 731928
	715  -  MemoryUsage of job (MB)
	731928  -  ResidentSetSize of job (KB)
...
006 (7020620.387.000) 03/15 15:27:10 Image size of job updated: 731988
	715  -  MemoryUsage of job (MB)
	731988  -  ResidentSetSize of job (KB)
...
006 (7020620.387.000) 03/15 15:42:12 Image size of job updated: 732020
	715  -  MemoryUsage of job (MB)
	732020  -  ResidentSetSize of job (KB)
...
006 (7020620.387.000) 03/15 15:52:13 Image size of job updated: 732036
	715  -  MemoryUsage of job (MB)
	732036  -  ResidentSetSize of job (KB)
...
006 (7020620.387.000) 03/15 15:57:14 Image size of job updated: 746616
	730  -  MemoryUsage of job (MB)
	746616  -  ResidentSetSize of job (KB)
...
006 (7020620.387.000) 03/16 00:43:04 Image size of job updated: 756600
	739  -  MemoryUsage of job (MB)
	756600  -  ResidentSetSize of job (KB)
...
006 (7020620.387.000) 03/16 00:48:04 Image size of job updated: 756824
	740  -  MemoryUsage of job (MB)
	756824  -  ResidentSetSize of job (KB)
...
006 (7020620.387.000) 03/16 01:23:09 Image size of job updated: 756828
	740  -  MemoryUsage of job (MB)
	756828  -  ResidentSetSize of job (KB)
...
006 (7020620.387.000) 03/16 03:08:19 Image size of job updated: 756840
	740  -  MemoryUsage of job (MB)
	756840  -  ResidentSetSize of job (KB)
...
006 (7020620.387.000) 03/16 03:43:24 Image size of job updated: 757208
	740  -  MemoryUsage of job (MB)
	757208  -  ResidentSetSize of job (KB)
...
006 (7020620.387.000) 03/16 04:08:26 Image size of job updated: 757216
	740  -  MemoryUsage of job (MB)
	757216  -  ResidentSetSize of job (KB)
...
040 (7020620.387.000) 03/16 05:55:43 Started transferring output files
...
040 (7020620.387.000) 03/16 05:55:43 Finished transferring output files
...
005 (7020620.387.000) 03/16 05:55:43 Job terminated.
	(1) Normal termination (return value 0)
		Usr 0 17:03:44, Sys 0 00:01:16  -  Run Remote Usage
		Usr 0 00:00:00, Sys 0 00:00:00  -  Run Local Usage
		Usr 0 17:03:44, Sys 0 00:01:16  -  Total Remote Usage
		Usr 0 00:00:00, Sys 0 00:00:00  -  Total Local Usage
	12714  -  Run Bytes Sent By Job
	1379  -  Run Bytes Received By Job
	12714  -  Total Bytes Sent By Job
	1379  -  Total Bytes Received By Job
	Partitionable Resources :    Usage  Request Allocated 
	   Cpus                 :     0.99        1         1 
	   Disk (KB)            :    43           2      3772 
	   GPUs                 :                           0 
	   Memory (MB)          :   740        3000      3000 
	   TimeExecute (s)      : 62341                       
	   TimeSlotBusy (s)     : 62347                       

	Job terminated of its own accord at 2026-03-16T04:55:43Z with exit-code 0.
...
