000 (7020620.225.000) 03/15 11:56:15 Job submitted from host: <188.185.125.71:9618?addrs=188.185.125.71-9618+[2001-1458-d00-4a--100-15e]-9618&alias=bigbird28.cern.ch&noUDP&sock=schedd_2603_051c>
...
040 (7020620.225.000) 03/15 12:35:21 Started transferring input files
	Transferring to host: <188.185.206.97:9618?addrs=188.185.206.97-9618+[2001-1458-303-b--100-5e]-9618&alias=b9p05p8220.cern.ch&noUDP&sock=slot1_1_3628793_b1c5_163766>
...
040 (7020620.225.000) 03/15 12:35:21 Finished transferring input files
...
001 (7020620.225.000) 03/15 12:35:22 Job executing on host: <188.185.206.97:9618?addrs=188.185.206.97-9618+[2001-1458-303-b--100-5e]-9618&alias=b9p05p8220.cern.ch&noUDP&sock=startd_6210_1f38>
	SlotName: slot1_1@b9p05p8220.cern.ch
	CondorScratchDir = "/pool/condor/dir_3296659"
	Cpus = 1
	Disk = 3467
	GPUs = 0
	Memory = 3000
...
006 (7020620.225.000) 03/15 12:35:35 Image size of job updated: 872
	1  -  MemoryUsage of job (MB)
	872  -  ResidentSetSize of job (KB)
...
006 (7020620.225.000) 03/15 12:40:35 Image size of job updated: 684944
	648  -  MemoryUsage of job (MB)
	663176  -  ResidentSetSize of job (KB)
...
006 (7020620.225.000) 03/15 12:45:36 Image size of job updated: 684944
	658  -  MemoryUsage of job (MB)
	673124  -  ResidentSetSize of job (KB)
...
006 (7020620.225.000) 03/15 12:50:36 Image size of job updated: 684944
	658  -  MemoryUsage of job (MB)
	673132  -  ResidentSetSize of job (KB)
...
006 (7020620.225.000) 03/15 12:55:37 Image size of job updated: 684944
	658  -  MemoryUsage of job (MB)
	673144  -  ResidentSetSize of job (KB)
...
006 (7020620.225.000) 03/15 13:00:37 Image size of job updated: 684944
	658  -  MemoryUsage of job (MB)
	673148  -  ResidentSetSize of job (KB)
...
006 (7020620.225.000) 03/15 13:15:39 Image size of job updated: 717168
	701  -  MemoryUsage of job (MB)
	717168  -  ResidentSetSize of job (KB)
...
006 (7020620.225.000) 03/15 13:20:40 Image size of job updated: 724088
	708  -  MemoryUsage of job (MB)
	724088  -  ResidentSetSize of job (KB)
...
006 (7020620.225.000) 03/15 13:25:40 Image size of job updated: 724092
	708  -  MemoryUsage of job (MB)
	724092  -  ResidentSetSize of job (KB)
...
006 (7020620.225.000) 03/15 13:50:43 Image size of job updated: 728904
	712  -  MemoryUsage of job (MB)
	728904  -  ResidentSetSize of job (KB)
...
006 (7020620.225.000) 03/15 14:00:45 Image size of job updated: 728932
	712  -  MemoryUsage of job (MB)
	728932  -  ResidentSetSize of job (KB)
...
006 (7020620.225.000) 03/15 14:10:45 Image size of job updated: 729072
	712  -  MemoryUsage of job (MB)
	729072  -  ResidentSetSize of job (KB)
...
006 (7020620.225.000) 03/15 15:00:51 Image size of job updated: 729076
	712  -  MemoryUsage of job (MB)
	729076  -  ResidentSetSize of job (KB)
...
006 (7020620.225.000) 03/15 15:05:51 Image size of job updated: 729080
	712  -  MemoryUsage of job (MB)
	729080  -  ResidentSetSize of job (KB)
...
006 (7020620.225.000) 03/15 15:10:52 Image size of job updated: 732716
	716  -  MemoryUsage of job (MB)
	732716  -  ResidentSetSize of job (KB)
...
006 (7020620.225.000) 03/15 15:25:54 Image size of job updated: 732744
	716  -  MemoryUsage of job (MB)
	732744  -  ResidentSetSize of job (KB)
...
006 (7020620.225.000) 03/15 15:45:56 Image size of job updated: 748984
	732  -  MemoryUsage of job (MB)
	748984  -  ResidentSetSize of job (KB)
...
006 (7020620.225.000) 03/15 15:50:57 Image size of job updated: 749784
	733  -  MemoryUsage of job (MB)
	749784  -  ResidentSetSize of job (KB)
...
006 (7020620.225.000) 03/15 16:05:58 Image size of job updated: 749800
	733  -  MemoryUsage of job (MB)
	749800  -  ResidentSetSize of job (KB)
...
006 (7020620.225.000) 03/15 16:20:59 Image size of job updated: 749820
	733  -  MemoryUsage of job (MB)
	749820  -  ResidentSetSize of job (KB)
...
006 (7020620.225.000) 03/15 16:26:00 Image size of job updated: 749852
	733  -  MemoryUsage of job (MB)
	749852  -  ResidentSetSize of job (KB)
...
006 (7020620.225.000) 03/15 16:31:00 Image size of job updated: 760332
	743  -  MemoryUsage of job (MB)
	760332  -  ResidentSetSize of job (KB)
...
006 (7020620.225.000) 03/15 17:11:04 Image size of job updated: 760340
	743  -  MemoryUsage of job (MB)
	760340  -  ResidentSetSize of job (KB)
...
006 (7020620.225.000) 03/15 17:46:08 Image size of job updated: 760348
	743  -  MemoryUsage of job (MB)
	760348  -  ResidentSetSize of job (KB)
...
006 (7020620.225.000) 03/15 19:01:15 Image size of job updated: 760360
	743  -  MemoryUsage of job (MB)
	760360  -  ResidentSetSize of job (KB)
...
006 (7020620.225.000) 03/15 19:06:16 Image size of job updated: 760392
	743  -  MemoryUsage of job (MB)
	760392  -  ResidentSetSize of job (KB)
...
006 (7020620.225.000) 03/15 19:21:17 Image size of job updated: 760416
	743  -  MemoryUsage of job (MB)
	760416  -  ResidentSetSize of job (KB)
...
006 (7020620.225.000) 03/15 19:51:20 Image size of job updated: 762512
	743  -  MemoryUsage of job (MB)
	760416  -  ResidentSetSize of job (KB)
...
006 (7020620.225.000) 03/15 19:56:21 Image size of job updated: 762512
	745  -  MemoryUsage of job (MB)
	762416  -  ResidentSetSize of job (KB)
...
006 (7020620.225.000) 03/15 20:01:21 Image size of job updated: 762512
	745  -  MemoryUsage of job (MB)
	762420  -  ResidentSetSize of job (KB)
...
006 (7020620.225.000) 03/15 21:31:30 Image size of job updated: 762512
	745  -  MemoryUsage of job (MB)
	762436  -  ResidentSetSize of job (KB)
...
006 (7020620.225.000) 03/15 21:46:31 Image size of job updated: 770892
	753  -  MemoryUsage of job (MB)
	770892  -  ResidentSetSize of job (KB)
...
006 (7020620.225.000) 03/15 21:51:31 Image size of job updated: 770896
	753  -  MemoryUsage of job (MB)
	770892  -  ResidentSetSize of job (KB)
...
006 (7020620.225.000) 03/15 21:56:32 Image size of job updated: 774156
	753  -  MemoryUsage of job (MB)
	770892  -  ResidentSetSize of job (KB)
...
006 (7020620.225.000) 03/16 04:22:07 Image size of job updated: 792936
	763  -  MemoryUsage of job (MB)
	780756  -  ResidentSetSize of job (KB)
...
006 (7020620.225.000) 03/16 04:52:10 Image size of job updated: 792936
	767  -  MemoryUsage of job (MB)
	785012  -  ResidentSetSize of job (KB)
...
040 (7020620.225.000) 03/16 11:51:33 Started transferring output files
...
040 (7020620.225.000) 03/16 11:51:33 Finished transferring output files
...
005 (7020620.225.000) 03/16 11:51:33 Job terminated.
	(1) Normal termination (return value 0)
		Usr 0 22:28:25, Sys 0 00:02:15  -  Run Remote Usage
		Usr 0 00:00:00, Sys 0 00:00:00  -  Run Local Usage
		Usr 0 22:28:25, Sys 0 00:02:15  -  Total Remote Usage
		Usr 0 00:00:00, Sys 0 00:00:00  -  Total Local Usage
	13042  -  Run Bytes Sent By Job
	1379  -  Run Bytes Received By Job
	13042  -  Total Bytes Sent By Job
	1379  -  Total Bytes Received By Job
	Partitionable Resources :    Usage  Request Allocated 
	   Cpus                 :     0.99        1         1 
	   Disk (KB)            :    46           2      3467 
	   GPUs                 :                           0 
	   Memory (MB)          :   767        3000      3000 
	   TimeExecute (s)      : 83771                       
	   TimeSlotBusy (s)     : 83772                       

	Job terminated of its own accord at 2026-03-16T10:51:33Z with exit-code 0.
...
