000 (7020620.411.000) 03/15 11:56:15 Job submitted from host: <188.185.125.71:9618?addrs=188.185.125.71-9618+[2001-1458-d00-4a--100-15e]-9618&alias=bigbird28.cern.ch&noUDP&sock=schedd_2603_051c>
...
040 (7020620.411.000) 03/15 12:40:43 Started transferring input files
	Transferring to host: <128.142.192.190:9618?addrs=128.142.192.190-9618+[2001-1458-301-56--100-3a]-9618&alias=b9g18p7734.cern.ch&noUDP&sock=slot1_2_3029974_8986_104447>
...
040 (7020620.411.000) 03/15 12:40:43 Finished transferring input files
...
001 (7020620.411.000) 03/15 12:40:44 Job executing on host: <128.142.192.190:9618?addrs=128.142.192.190-9618+[2001-1458-301-56--100-3a]-9618&alias=b9g18p7734.cern.ch&noUDP&sock=startd_3029935_f823>
	SlotName: slot1_2@b9g18p7734.cern.ch
	CondorScratchDir = "/pool/condor/dir_2349538"
	Cpus = 1
	Disk = 3776
	GPUs = 0
	Memory = 3000
...
006 (7020620.411.000) 03/15 12:40:57 Image size of job updated: 872
	1  -  MemoryUsage of job (MB)
	872  -  ResidentSetSize of job (KB)
...
006 (7020620.411.000) 03/15 12:41:57 Image size of job updated: 865176
	1  -  MemoryUsage of job (MB)
	872  -  ResidentSetSize of job (KB)
...
040 (7020620.411.000) 03/15 12:41:57 Started transferring output files
...
040 (7020620.411.000) 03/15 12:41:57 Finished transferring output files
...
005 (7020620.411.000) 03/15 12:41:57 Job terminated.
	(1) Normal termination (return value 0)
		Usr 0 00:00:24, Sys 0 00:00:06  -  Run Remote Usage
		Usr 0 00:00:00, Sys 0 00:00:00  -  Run Local Usage
		Usr 0 00:00:24, Sys 0 00:00:06  -  Total Remote Usage
		Usr 0 00:00:00, Sys 0 00:00:00  -  Total Local Usage
	35058  -  Run Bytes Sent By Job
	1379  -  Run Bytes Received By Job
	35058  -  Total Bytes Sent By Job
	1379  -  Total Bytes Received By Job
	Partitionable Resources :    Usage  Request Allocated 
	   Cpus                 :        0        1         1 
	   Disk (KB)            :       76        2      3776 
	   GPUs                 :                           0 
	   Memory (MB)          :        1     3000      3000 
	   TimeExecute (s)      :       73                    
	   TimeSlotBusy (s)     :       74                    

	Job terminated of its own accord at 2026-03-15T11:41:57Z with exit-code 0.
...
