000 (7020620.096.000) 03/15 11:56:14 Job submitted from host: <188.185.125.71:9618?addrs=188.185.125.71-9618+[2001-1458-d00-4a--100-15e]-9618&alias=bigbird28.cern.ch&noUDP&sock=schedd_2603_051c>
...
040 (7020620.096.000) 03/15 12:31:15 Started transferring input files
	Transferring to host: <188.185.214.220:9618?addrs=188.185.214.220-9618+[2001-1458-303-1d--100-58]-9618&alias=b9p30p4618.cern.ch&noUDP&sock=slot1_12_92569_fc0d_110591>
...
040 (7020620.096.000) 03/15 12:31:15 Finished transferring input files
...
001 (7020620.096.000) 03/15 12:31:16 Job executing on host: <188.185.214.220:9618?addrs=188.185.214.220-9618+[2001-1458-303-1d--100-58]-9618&alias=b9p30p4618.cern.ch&noUDP&sock=startd_91716_2038>
	SlotName: slot1_12@b9p30p4618.cern.ch
	CondorScratchDir = "/pool/condor/dir_2288740"
	Cpus = 1
	Disk = 3689
	GPUs = 0
	Memory = 3000
...
006 (7020620.096.000) 03/15 12:31:29 Image size of job updated: 868
	1  -  MemoryUsage of job (MB)
	868  -  ResidentSetSize of job (KB)
...
006 (7020620.096.000) 03/15 12:36:29 Image size of job updated: 293696
	287  -  MemoryUsage of job (MB)
	293696  -  ResidentSetSize of job (KB)
...
006 (7020620.096.000) 03/15 12:41:30 Image size of job updated: 518640
	507  -  MemoryUsage of job (MB)
	518640  -  ResidentSetSize of job (KB)
...
006 (7020620.096.000) 03/15 12:46:30 Image size of job updated: 523176
	511  -  MemoryUsage of job (MB)
	523176  -  ResidentSetSize of job (KB)
...
006 (7020620.096.000) 03/15 12:51:30 Image size of job updated: 563792
	551  -  MemoryUsage of job (MB)
	563792  -  ResidentSetSize of job (KB)
...
006 (7020620.096.000) 03/15 12:56:31 Image size of job updated: 567880
	555  -  MemoryUsage of job (MB)
	567880  -  ResidentSetSize of job (KB)
...
006 (7020620.096.000) 03/15 13:01:31 Image size of job updated: 570008
	557  -  MemoryUsage of job (MB)
	570008  -  ResidentSetSize of job (KB)
...
006 (7020620.096.000) 03/15 13:06:31 Image size of job updated: 574700
	562  -  MemoryUsage of job (MB)
	574700  -  ResidentSetSize of job (KB)
...
006 (7020620.096.000) 03/15 13:41:35 Image size of job updated: 587924
	575  -  MemoryUsage of job (MB)
	587924  -  ResidentSetSize of job (KB)
...
006 (7020620.096.000) 03/15 14:36:41 Image size of job updated: 587936
	575  -  MemoryUsage of job (MB)
	587936  -  ResidentSetSize of job (KB)
...
006 (7020620.096.000) 03/15 15:21:44 Image size of job updated: 587940
	575  -  MemoryUsage of job (MB)
	587940  -  ResidentSetSize of job (KB)
...
006 (7020620.096.000) 03/15 15:41:46 Image size of job updated: 587984
	575  -  MemoryUsage of job (MB)
	587984  -  ResidentSetSize of job (KB)
...
006 (7020620.096.000) 03/15 16:06:50 Image size of job updated: 588008
	575  -  MemoryUsage of job (MB)
	588008  -  ResidentSetSize of job (KB)
...
006 (7020620.096.000) 03/15 16:16:51 Image size of job updated: 746624
	730  -  MemoryUsage of job (MB)
	746624  -  ResidentSetSize of job (KB)
...
006 (7020620.096.000) 03/15 16:21:52 Image size of job updated: 750476
	733  -  MemoryUsage of job (MB)
	750476  -  ResidentSetSize of job (KB)
...
006 (7020620.096.000) 03/15 16:36:53 Image size of job updated: 751960
	735  -  MemoryUsage of job (MB)
	751960  -  ResidentSetSize of job (KB)
...
006 (7020620.096.000) 03/15 16:56:54 Image size of job updated: 762400
	745  -  MemoryUsage of job (MB)
	762400  -  ResidentSetSize of job (KB)
...
006 (7020620.096.000) 03/15 17:01:54 Image size of job updated: 774708
	752  -  MemoryUsage of job (MB)
	769948  -  ResidentSetSize of job (KB)
...
006 (7020620.096.000) 03/15 17:11:55 Image size of job updated: 774708
	753  -  MemoryUsage of job (MB)
	770068  -  ResidentSetSize of job (KB)
...
006 (7020620.096.000) 03/15 17:56:59 Image size of job updated: 774708
	753  -  MemoryUsage of job (MB)
	770116  -  ResidentSetSize of job (KB)
...
006 (7020620.096.000) 03/15 19:22:07 Image size of job updated: 774708
	753  -  MemoryUsage of job (MB)
	770216  -  ResidentSetSize of job (KB)
...
006 (7020620.096.000) 03/15 19:37:09 Image size of job updated: 774708
	753  -  MemoryUsage of job (MB)
	770248  -  ResidentSetSize of job (KB)
...
006 (7020620.096.000) 03/15 19:42:09 Image size of job updated: 774708
	753  -  MemoryUsage of job (MB)
	770468  -  ResidentSetSize of job (KB)
...
006 (7020620.096.000) 03/15 19:47:11 Image size of job updated: 777908
	760  -  MemoryUsage of job (MB)
	777908  -  ResidentSetSize of job (KB)
...
006 (7020620.096.000) 03/15 19:52:11 Image size of job updated: 777984
	760  -  MemoryUsage of job (MB)
	777984  -  ResidentSetSize of job (KB)
...
006 (7020620.096.000) 03/15 20:17:13 Image size of job updated: 777988
	760  -  MemoryUsage of job (MB)
	777988  -  ResidentSetSize of job (KB)
...
006 (7020620.096.000) 03/15 20:22:13 Image size of job updated: 778028
	760  -  MemoryUsage of job (MB)
	778028  -  ResidentSetSize of job (KB)
...
006 (7020620.096.000) 03/15 21:12:18 Image size of job updated: 780088
	762  -  MemoryUsage of job (MB)
	780088  -  ResidentSetSize of job (KB)
...
006 (7020620.096.000) 03/15 22:57:29 Image size of job updated: 782396
	765  -  MemoryUsage of job (MB)
	782396  -  ResidentSetSize of job (KB)
...
006 (7020620.096.000) 03/15 23:02:30 Image size of job updated: 787468
	765  -  MemoryUsage of job (MB)
	782396  -  ResidentSetSize of job (KB)
...
006 (7020620.096.000) 03/16 06:33:16 Image size of job updated: 787468
	766  -  MemoryUsage of job (MB)
	783516  -  ResidentSetSize of job (KB)
...
006 (7020620.096.000) 03/16 06:48:17 Image size of job updated: 787468
	766  -  MemoryUsage of job (MB)
	783524  -  ResidentSetSize of job (KB)
...
006 (7020620.096.000) 03/16 07:13:19 Image size of job updated: 787468
	766  -  MemoryUsage of job (MB)
	783528  -  ResidentSetSize of job (KB)
...
040 (7020620.096.000) 03/16 09:00:53 Started transferring output files
...
040 (7020620.096.000) 03/16 09:00:53 Finished transferring output files
...
005 (7020620.096.000) 03/16 09:00:53 Job terminated.
	(1) Normal termination (return value 0)
		Usr 0 20:06:15, Sys 0 00:02:17  -  Run Remote Usage
		Usr 0 00:00:00, Sys 0 00:00:00  -  Run Local Usage
		Usr 0 20:06:15, Sys 0 00:02:17  -  Total Remote Usage
		Usr 0 00:00:00, Sys 0 00:00:00  -  Total Local Usage
	13139  -  Run Bytes Sent By Job
	1379  -  Run Bytes Received By Job
	13139  -  Total Bytes Sent By Job
	1379  -  Total Bytes Received By Job
	Partitionable Resources :    Usage  Request Allocated 
	   Cpus                 :     0.99        1         1 
	   Disk (KB)            :    43           2      3689 
	   GPUs                 :                           0 
	   Memory (MB)          :   766        3000      3000 
	   TimeExecute (s)      : 73777                       
	   TimeSlotBusy (s)     : 73778                       

	Job terminated of its own accord at 2026-03-16T08:00:53Z with exit-code 0.
...
