000 (7020620.470.000) 03/15 11:56:15 Job submitted from host: <188.185.125.71:9618?addrs=188.185.125.71-9618+[2001-1458-d00-4a--100-15e]-9618&alias=bigbird28.cern.ch&noUDP&sock=schedd_2603_051c>
...
040 (7020620.470.000) 03/16 05:08:50 Started transferring input files
	Transferring to host: <128.142.192.195:9618?addrs=128.142.192.195-9618+[2001-1458-301-56--100-3f]-9618&alias=b9g18p1888.cern.ch&noUDP&sock=slot1_20_3185_dedb_217629>
...
040 (7020620.470.000) 03/16 05:08:50 Finished transferring input files
...
001 (7020620.470.000) 03/16 05:08:51 Job executing on host: <128.142.192.195:9618?addrs=128.142.192.195-9618+[2001-1458-301-56--100-3f]-9618&alias=b9g18p1888.cern.ch&noUDP&sock=startd_2701_3d64>
	SlotName: slot1_20@b9g18p1888.cern.ch
	CondorScratchDir = "/pool/condor/dir_44305"
	Cpus = 1
	Disk = 3829
	GPUs = 0
	Memory = 3000
...
006 (7020620.470.000) 03/16 05:09:04 Image size of job updated: 880
	1  -  MemoryUsage of job (MB)
	880  -  ResidentSetSize of job (KB)
...
006 (7020620.470.000) 03/16 05:10:48 Image size of job updated: 959028
	1  -  MemoryUsage of job (MB)
	880  -  ResidentSetSize of job (KB)
...
040 (7020620.470.000) 03/16 05:10:48 Started transferring output files
...
040 (7020620.470.000) 03/16 05:10:48 Finished transferring output files
...
005 (7020620.470.000) 03/16 05:10:48 Job terminated.
	(1) Normal termination (return value 0)
		Usr 0 00:00:19, Sys 0 00:00:05  -  Run Remote Usage
		Usr 0 00:00:00, Sys 0 00:00:00  -  Run Local Usage
		Usr 0 00:00:19, Sys 0 00:00:05  -  Total Remote Usage
		Usr 0 00:00:00, Sys 0 00:00:00  -  Total Local Usage
	35058  -  Run Bytes Sent By Job
	1379  -  Run Bytes Received By Job
	35058  -  Total Bytes Sent By Job
	1379  -  Total Bytes Received By Job
	Partitionable Resources :    Usage  Request Allocated 
	   Cpus                 :        0        1         1 
	   Disk (KB)            :       75        2      3829 
	   GPUs                 :                           0 
	   Memory (MB)          :        1     3000      3000 
	   TimeExecute (s)      :      117                    
	   TimeSlotBusy (s)     :      119                    

	Job terminated of its own accord at 2026-03-16T04:10:48Z with exit-code 0.
...
