000 (7020620.002.000) 03/15 11:56:14 Job submitted from host: <188.185.125.71:9618?addrs=188.185.125.71-9618+[2001-1458-d00-4a--100-15e]-9618&alias=bigbird28.cern.ch&noUDP&sock=schedd_2603_051c>
...
040 (7020620.002.000) 03/15 12:30:45 Started transferring input files
	Transferring to host: <188.185.204.140:9618?addrs=188.185.204.140-9618+[2001-1458-303-8--100-80]-9618&alias=b9p02p4573.cern.ch&noUDP&sock=slot1_9_5936_32ea_170727>
...
040 (7020620.002.000) 03/15 12:30:45 Finished transferring input files
...
001 (7020620.002.000) 03/15 12:30:46 Job executing on host: <188.185.204.140:9618?addrs=188.185.204.140-9618+[2001-1458-303-8--100-80]-9618&alias=b9p02p4573.cern.ch&noUDP&sock=startd_4924_086d>
	SlotName: slot1_9@b9p02p4573.cern.ch
	CondorScratchDir = "/pool/condor/dir_3982304"
	Cpus = 1
	Disk = 3620
	GPUs = 0
	Memory = 3000
...
006 (7020620.002.000) 03/15 12:31:00 Image size of job updated: 876
	1  -  MemoryUsage of job (MB)
	876  -  ResidentSetSize of job (KB)
...
006 (7020620.002.000) 03/15 12:36:01 Image size of job updated: 208164
	204  -  MemoryUsage of job (MB)
	208164  -  ResidentSetSize of job (KB)
...
006 (7020620.002.000) 03/15 12:41:02 Image size of job updated: 652024
	637  -  MemoryUsage of job (MB)
	652024  -  ResidentSetSize of job (KB)
...
006 (7020620.002.000) 03/15 12:46:02 Image size of job updated: 652028
	637  -  MemoryUsage of job (MB)
	652028  -  ResidentSetSize of job (KB)
...
006 (7020620.002.000) 03/15 12:51:03 Image size of job updated: 697108
	681  -  MemoryUsage of job (MB)
	697108  -  ResidentSetSize of job (KB)
...
006 (7020620.002.000) 03/15 13:01:04 Image size of job updated: 697116
	681  -  MemoryUsage of job (MB)
	697116  -  ResidentSetSize of job (KB)
...
006 (7020620.002.000) 03/15 13:11:06 Image size of job updated: 725084
	709  -  MemoryUsage of job (MB)
	725084  -  ResidentSetSize of job (KB)
...
006 (7020620.002.000) 03/15 13:16:06 Image size of job updated: 727948
	711  -  MemoryUsage of job (MB)
	727948  -  ResidentSetSize of job (KB)
...
006 (7020620.002.000) 03/15 13:21:07 Image size of job updated: 737632
	721  -  MemoryUsage of job (MB)
	737632  -  ResidentSetSize of job (KB)
...
006 (7020620.002.000) 03/15 13:26:07 Image size of job updated: 738524
	722  -  MemoryUsage of job (MB)
	738524  -  ResidentSetSize of job (KB)
...
006 (7020620.002.000) 03/15 13:31:07 Image size of job updated: 748020
	731  -  MemoryUsage of job (MB)
	748020  -  ResidentSetSize of job (KB)
...
006 (7020620.002.000) 03/15 14:31:13 Image size of job updated: 748032
	731  -  MemoryUsage of job (MB)
	748032  -  ResidentSetSize of job (KB)
...
006 (7020620.002.000) 03/15 16:21:22 Image size of job updated: 748036
	731  -  MemoryUsage of job (MB)
	748036  -  ResidentSetSize of job (KB)
...
006 (7020620.002.000) 03/15 16:41:23 Image size of job updated: 748048
	731  -  MemoryUsage of job (MB)
	748048  -  ResidentSetSize of job (KB)
...
006 (7020620.002.000) 03/15 16:51:24 Image size of job updated: 748056
	731  -  MemoryUsage of job (MB)
	748056  -  ResidentSetSize of job (KB)
...
006 (7020620.002.000) 03/15 17:16:27 Image size of job updated: 749400
	732  -  MemoryUsage of job (MB)
	749400  -  ResidentSetSize of job (KB)
...
006 (7020620.002.000) 03/15 17:41:30 Image size of job updated: 749416
	732  -  MemoryUsage of job (MB)
	749416  -  ResidentSetSize of job (KB)
...
006 (7020620.002.000) 03/15 18:56:37 Image size of job updated: 749424
	732  -  MemoryUsage of job (MB)
	749420  -  ResidentSetSize of job (KB)
...
006 (7020620.002.000) 03/15 19:01:38 Image size of job updated: 749424
	732  -  MemoryUsage of job (MB)
	749424  -  ResidentSetSize of job (KB)
...
006 (7020620.002.000) 03/15 19:51:42 Image size of job updated: 749440
	732  -  MemoryUsage of job (MB)
	749440  -  ResidentSetSize of job (KB)
...
006 (7020620.002.000) 03/15 20:06:43 Image size of job updated: 750664
	734  -  MemoryUsage of job (MB)
	750664  -  ResidentSetSize of job (KB)
...
006 (7020620.002.000) 03/15 20:11:44 Image size of job updated: 750676
	734  -  MemoryUsage of job (MB)
	750676  -  ResidentSetSize of job (KB)
...
006 (7020620.002.000) 03/15 21:16:50 Image size of job updated: 750688
	734  -  MemoryUsage of job (MB)
	750688  -  ResidentSetSize of job (KB)
...
006 (7020620.002.000) 03/15 22:41:57 Image size of job updated: 751620
	735  -  MemoryUsage of job (MB)
	751620  -  ResidentSetSize of job (KB)
...
006 (7020620.002.000) 03/15 22:46:58 Image size of job updated: 752704
	736  -  MemoryUsage of job (MB)
	752704  -  ResidentSetSize of job (KB)
...
006 (7020620.002.000) 03/15 22:51:58 Image size of job updated: 764452
	747  -  MemoryUsage of job (MB)
	764452  -  ResidentSetSize of job (KB)
...
006 (7020620.002.000) 03/15 22:56:59 Image size of job updated: 765420
	748  -  MemoryUsage of job (MB)
	765420  -  ResidentSetSize of job (KB)
...
006 (7020620.002.000) 03/15 23:01:59 Image size of job updated: 765432
	748  -  MemoryUsage of job (MB)
	765432  -  ResidentSetSize of job (KB)
...
006 (7020620.002.000) 03/15 23:32:02 Image size of job updated: 767288
	748  -  MemoryUsage of job (MB)
	765432  -  ResidentSetSize of job (KB)
...
006 (7020620.002.000) 03/16 00:37:09 Image size of job updated: 767796
	750  -  MemoryUsage of job (MB)
	767796  -  ResidentSetSize of job (KB)
...
006 (7020620.002.000) 03/16 00:42:10 Image size of job updated: 767808
	750  -  MemoryUsage of job (MB)
	767808  -  ResidentSetSize of job (KB)
...
006 (7020620.002.000) 03/16 00:57:11 Image size of job updated: 767816
	750  -  MemoryUsage of job (MB)
	767816  -  ResidentSetSize of job (KB)
...
006 (7020620.002.000) 03/16 01:27:13 Image size of job updated: 767820
	750  -  MemoryUsage of job (MB)
	767820  -  ResidentSetSize of job (KB)
...
006 (7020620.002.000) 03/16 02:02:18 Image size of job updated: 767848
	750  -  MemoryUsage of job (MB)
	767848  -  ResidentSetSize of job (KB)
...
006 (7020620.002.000) 03/16 10:43:08 Image size of job updated: 769672
	750  -  MemoryUsage of job (MB)
	767848  -  ResidentSetSize of job (KB)
...
040 (7020620.002.000) 03/16 12:18:14 Started transferring output files
...
040 (7020620.002.000) 03/16 12:18:14 Finished transferring output files
...
005 (7020620.002.000) 03/16 12:18:14 Job terminated.
	(1) Normal termination (return value 0)
		Usr 0 23:04:02, Sys 0 00:02:32  -  Run Remote Usage
		Usr 0 00:00:00, Sys 0 00:00:00  -  Run Local Usage
		Usr 0 23:04:02, Sys 0 00:02:32  -  Total Remote Usage
		Usr 0 00:00:00, Sys 0 00:00:00  -  Total Local Usage
	13936  -  Run Bytes Sent By Job
	1379  -  Run Bytes Received By Job
	13936  -  Total Bytes Sent By Job
	1379  -  Total Bytes Received By Job
	Partitionable Resources :    Usage  Request Allocated 
	   Cpus                 :     0.99        1         1 
	   Disk (KB)            :    46           2      3620 
	   GPUs                 :                           0 
	   Memory (MB)          :   750        3000      3000 
	   TimeExecute (s)      : 85648                       
	   TimeSlotBusy (s)     : 85650                       

	Job terminated of its own accord at 2026-03-16T11:18:14Z with exit-code 0.
...
