000 (7020620.233.000) 03/15 11:56:15 Job submitted from host: <188.185.125.71:9618?addrs=188.185.125.71-9618+[2001-1458-d00-4a--100-15e]-9618&alias=bigbird28.cern.ch&noUDP&sock=schedd_2603_051c>
...
040 (7020620.233.000) 03/15 12:35:24 Started transferring input files
	Transferring to host: <128.142.192.178:9618?addrs=128.142.192.178-9618+[2001-1458-301-56--100-2e]-9618&alias=b9g18p2268.cern.ch&noUDP&sock=slot1_32_212767_5965_19424>
...
040 (7020620.233.000) 03/15 12:35:24 Finished transferring input files
...
001 (7020620.233.000) 03/15 12:35:25 Job executing on host: <128.142.192.178:9618?addrs=128.142.192.178-9618+[2001-1458-301-56--100-2e]-9618&alias=b9g18p2268.cern.ch&noUDP&sock=startd_202863_b91a>
	SlotName: slot1_32@b9g18p2268.cern.ch
	CondorScratchDir = "/pool/condor/dir_2896152"
	Cpus = 1
	Disk = 3859
	GPUs = 0
	Memory = 3000
...
006 (7020620.233.000) 03/15 12:35:38 Image size of job updated: 14848
	15  -  MemoryUsage of job (MB)
	14848  -  ResidentSetSize of job (KB)
...
006 (7020620.233.000) 03/15 12:40:38 Image size of job updated: 679132
	639  -  MemoryUsage of job (MB)
	653348  -  ResidentSetSize of job (KB)
...
006 (7020620.233.000) 03/15 12:45:39 Image size of job updated: 679132
	642  -  MemoryUsage of job (MB)
	656992  -  ResidentSetSize of job (KB)
...
006 (7020620.233.000) 03/15 12:50:40 Image size of job updated: 679132
	642  -  MemoryUsage of job (MB)
	656996  -  ResidentSetSize of job (KB)
...
006 (7020620.233.000) 03/15 12:55:40 Image size of job updated: 679132
	643  -  MemoryUsage of job (MB)
	658260  -  ResidentSetSize of job (KB)
...
006 (7020620.233.000) 03/15 13:00:41 Image size of job updated: 679132
	643  -  MemoryUsage of job (MB)
	658264  -  ResidentSetSize of job (KB)
...
006 (7020620.233.000) 03/15 13:05:42 Image size of job updated: 679132
	647  -  MemoryUsage of job (MB)
	661628  -  ResidentSetSize of job (KB)
...
006 (7020620.233.000) 03/15 13:50:46 Image size of job updated: 679132
	653  -  MemoryUsage of job (MB)
	667744  -  ResidentSetSize of job (KB)
...
006 (7020620.233.000) 03/15 14:25:49 Image size of job updated: 679132
	654  -  MemoryUsage of job (MB)
	668868  -  ResidentSetSize of job (KB)
...
006 (7020620.233.000) 03/15 14:30:49 Image size of job updated: 679132
	655  -  MemoryUsage of job (MB)
	670568  -  ResidentSetSize of job (KB)
...
006 (7020620.233.000) 03/15 14:35:49 Image size of job updated: 679132
	661  -  MemoryUsage of job (MB)
	676520  -  ResidentSetSize of job (KB)
...
006 (7020620.233.000) 03/15 15:20:54 Image size of job updated: 716392
	700  -  MemoryUsage of job (MB)
	716392  -  ResidentSetSize of job (KB)
...
006 (7020620.233.000) 03/15 15:25:55 Image size of job updated: 718584
	702  -  MemoryUsage of job (MB)
	718584  -  ResidentSetSize of job (KB)
...
006 (7020620.233.000) 03/15 15:30:56 Image size of job updated: 719872
	703  -  MemoryUsage of job (MB)
	719872  -  ResidentSetSize of job (KB)
...
006 (7020620.233.000) 03/15 15:35:56 Image size of job updated: 721648
	705  -  MemoryUsage of job (MB)
	721648  -  ResidentSetSize of job (KB)
...
006 (7020620.233.000) 03/15 15:55:57 Image size of job updated: 721768
	705  -  MemoryUsage of job (MB)
	721768  -  ResidentSetSize of job (KB)
...
006 (7020620.233.000) 03/15 16:00:58 Image size of job updated: 722916
	706  -  MemoryUsage of job (MB)
	722916  -  ResidentSetSize of job (KB)
...
006 (7020620.233.000) 03/15 16:05:58 Image size of job updated: 723204
	707  -  MemoryUsage of job (MB)
	723204  -  ResidentSetSize of job (KB)
...
006 (7020620.233.000) 03/15 16:15:59 Image size of job updated: 723720
	707  -  MemoryUsage of job (MB)
	723720  -  ResidentSetSize of job (KB)
...
006 (7020620.233.000) 03/15 16:56:04 Image size of job updated: 738072
	721  -  MemoryUsage of job (MB)
	738072  -  ResidentSetSize of job (KB)
...
006 (7020620.233.000) 03/15 17:01:04 Image size of job updated: 741100
	724  -  MemoryUsage of job (MB)
	741100  -  ResidentSetSize of job (KB)
...
006 (7020620.233.000) 03/15 17:21:06 Image size of job updated: 742952
	726  -  MemoryUsage of job (MB)
	742952  -  ResidentSetSize of job (KB)
...
006 (7020620.233.000) 03/15 17:26:07 Image size of job updated: 746400
	729  -  MemoryUsage of job (MB)
	746400  -  ResidentSetSize of job (KB)
...
006 (7020620.233.000) 03/15 18:06:10 Image size of job updated: 746432
	729  -  MemoryUsage of job (MB)
	746432  -  ResidentSetSize of job (KB)
...
006 (7020620.233.000) 03/15 18:11:12 Image size of job updated: 746492
	729  -  MemoryUsage of job (MB)
	746492  -  ResidentSetSize of job (KB)
...
006 (7020620.233.000) 03/15 18:36:14 Image size of job updated: 746496
	729  -  MemoryUsage of job (MB)
	746496  -  ResidentSetSize of job (KB)
...
006 (7020620.233.000) 03/15 18:46:16 Image size of job updated: 747472
	730  -  MemoryUsage of job (MB)
	747472  -  ResidentSetSize of job (KB)
...
006 (7020620.233.000) 03/15 18:51:16 Image size of job updated: 754216
	737  -  MemoryUsage of job (MB)
	754216  -  ResidentSetSize of job (KB)
...
006 (7020620.233.000) 03/15 18:56:16 Image size of job updated: 754304
	737  -  MemoryUsage of job (MB)
	754304  -  ResidentSetSize of job (KB)
...
006 (7020620.233.000) 03/15 19:31:19 Image size of job updated: 754332
	737  -  MemoryUsage of job (MB)
	754332  -  ResidentSetSize of job (KB)
...
006 (7020620.233.000) 03/15 21:41:31 Image size of job updated: 754396
	737  -  MemoryUsage of job (MB)
	754396  -  ResidentSetSize of job (KB)
...
006 (7020620.233.000) 03/15 21:56:33 Image size of job updated: 754420
	737  -  MemoryUsage of job (MB)
	754420  -  ResidentSetSize of job (KB)
...
006 (7020620.233.000) 03/15 22:01:33 Image size of job updated: 754460
	737  -  MemoryUsage of job (MB)
	754460  -  ResidentSetSize of job (KB)
...
006 (7020620.233.000) 03/16 00:01:43 Image size of job updated: 754524
	737  -  MemoryUsage of job (MB)
	754524  -  ResidentSetSize of job (KB)
...
006 (7020620.233.000) 03/16 00:06:43 Image size of job updated: 754544
	737  -  MemoryUsage of job (MB)
	754544  -  ResidentSetSize of job (KB)
...
006 (7020620.233.000) 03/16 01:26:54 Image size of job updated: 754568
	737  -  MemoryUsage of job (MB)
	754568  -  ResidentSetSize of job (KB)
...
006 (7020620.233.000) 03/16 01:46:53 Image size of job updated: 754624
	737  -  MemoryUsage of job (MB)
	754624  -  ResidentSetSize of job (KB)
...
006 (7020620.233.000) 03/16 03:57:07 Image size of job updated: 757432
	740  -  MemoryUsage of job (MB)
	757432  -  ResidentSetSize of job (KB)
...
006 (7020620.233.000) 03/16 04:47:11 Image size of job updated: 757468
	740  -  MemoryUsage of job (MB)
	757468  -  ResidentSetSize of job (KB)
...
006 (7020620.233.000) 03/16 06:12:19 Image size of job updated: 757508
	740  -  MemoryUsage of job (MB)
	757508  -  ResidentSetSize of job (KB)
...
006 (7020620.233.000) 03/16 07:32:28 Image size of job updated: 757564
	740  -  MemoryUsage of job (MB)
	757564  -  ResidentSetSize of job (KB)
...
006 (7020620.233.000) 03/16 07:52:30 Image size of job updated: 757600
	740  -  MemoryUsage of job (MB)
	757600  -  ResidentSetSize of job (KB)
...
006 (7020620.233.000) 03/16 09:57:44 Image size of job updated: 759272
	742  -  MemoryUsage of job (MB)
	759272  -  ResidentSetSize of job (KB)
...
006 (7020620.233.000) 03/16 10:02:45 Image size of job updated: 759364
	742  -  MemoryUsage of job (MB)
	759364  -  ResidentSetSize of job (KB)
...
006 (7020620.233.000) 03/16 10:17:47 Image size of job updated: 759392
	742  -  MemoryUsage of job (MB)
	759392  -  ResidentSetSize of job (KB)
...
006 (7020620.233.000) 03/16 10:27:47 Image size of job updated: 766016
	743  -  MemoryUsage of job (MB)
	760204  -  ResidentSetSize of job (KB)
...
040 (7020620.233.000) 03/16 12:36:01 Started transferring output files
...
040 (7020620.233.000) 03/16 12:36:01 Finished transferring output files
...
009 (7020620.233.000) 03/16 12:36:01 Job was aborted.
	Job removed by SYSTEM_PERIODIC_REMOVE due to wall time exceeded allowed max.
...
