000 (7020620.006.000) 03/15 11:56:14 Job submitted from host: <188.185.125.71:9618?addrs=188.185.125.71-9618+[2001-1458-d00-4a--100-15e]-9618&alias=bigbird28.cern.ch&noUDP&sock=schedd_2603_051c>
...
040 (7020620.006.000) 03/15 12:30:46 Started transferring input files
	Transferring to host: <188.185.207.59:9618?addrs=188.185.207.59-9618+[2001-1458-303-d--100-38]-9618&alias=b9p07p9037.cern.ch&noUDP&sock=slot1_17_5678_6a20_166095>
...
040 (7020620.006.000) 03/15 12:30:46 Finished transferring input files
...
001 (7020620.006.000) 03/15 12:30:47 Job executing on host: <188.185.207.59:9618?addrs=188.185.207.59-9618+[2001-1458-303-d--100-38]-9618&alias=b9p07p9037.cern.ch&noUDP&sock=startd_4768_07a6>
	SlotName: slot1_17@b9p07p9037.cern.ch
	CondorScratchDir = "/pool/condor/dir_1797418"
	Cpus = 1
	Disk = 3628
	GPUs = 0
	Memory = 3000
...
006 (7020620.006.000) 03/15 12:31:00 Image size of job updated: 884
	1  -  MemoryUsage of job (MB)
	884  -  ResidentSetSize of job (KB)
...
006 (7020620.006.000) 03/15 12:36:00 Image size of job updated: 658864
	622  -  MemoryUsage of job (MB)
	636584  -  ResidentSetSize of job (KB)
...
006 (7020620.006.000) 03/15 12:41:01 Image size of job updated: 658864
	622  -  MemoryUsage of job (MB)
	636588  -  ResidentSetSize of job (KB)
...
006 (7020620.006.000) 03/15 12:46:01 Image size of job updated: 658864
	625  -  MemoryUsage of job (MB)
	639856  -  ResidentSetSize of job (KB)
...
006 (7020620.006.000) 03/15 12:51:02 Image size of job updated: 681284
	666  -  MemoryUsage of job (MB)
	681284  -  ResidentSetSize of job (KB)
...
006 (7020620.006.000) 03/15 12:56:02 Image size of job updated: 682292
	667  -  MemoryUsage of job (MB)
	682292  -  ResidentSetSize of job (KB)
...
006 (7020620.006.000) 03/15 13:01:02 Image size of job updated: 684868
	669  -  MemoryUsage of job (MB)
	684868  -  ResidentSetSize of job (KB)
...
006 (7020620.006.000) 03/15 13:11:03 Image size of job updated: 685156
	670  -  MemoryUsage of job (MB)
	685156  -  ResidentSetSize of job (KB)
...
006 (7020620.006.000) 03/15 13:21:04 Image size of job updated: 689764
	674  -  MemoryUsage of job (MB)
	689760  -  ResidentSetSize of job (KB)
...
006 (7020620.006.000) 03/15 13:26:04 Image size of job updated: 709124
	693  -  MemoryUsage of job (MB)
	709124  -  ResidentSetSize of job (KB)
...
006 (7020620.006.000) 03/15 13:31:05 Image size of job updated: 711384
	695  -  MemoryUsage of job (MB)
	711384  -  ResidentSetSize of job (KB)
...
006 (7020620.006.000) 03/15 14:11:10 Image size of job updated: 711420
	695  -  MemoryUsage of job (MB)
	711420  -  ResidentSetSize of job (KB)
...
006 (7020620.006.000) 03/15 14:31:12 Image size of job updated: 712616
	696  -  MemoryUsage of job (MB)
	712616  -  ResidentSetSize of job (KB)
...
006 (7020620.006.000) 03/15 15:26:17 Image size of job updated: 713288
	697  -  MemoryUsage of job (MB)
	713288  -  ResidentSetSize of job (KB)
...
006 (7020620.006.000) 03/15 16:21:23 Image size of job updated: 713320
	697  -  MemoryUsage of job (MB)
	713320  -  ResidentSetSize of job (KB)
...
006 (7020620.006.000) 03/15 17:21:30 Image size of job updated: 719496
	703  -  MemoryUsage of job (MB)
	719496  -  ResidentSetSize of job (KB)
...
006 (7020620.006.000) 03/15 17:26:31 Image size of job updated: 719700
	703  -  MemoryUsage of job (MB)
	719700  -  ResidentSetSize of job (KB)
...
006 (7020620.006.000) 03/15 17:56:33 Image size of job updated: 719768
	703  -  MemoryUsage of job (MB)
	719768  -  ResidentSetSize of job (KB)
...
006 (7020620.006.000) 03/15 18:31:37 Image size of job updated: 721440
	705  -  MemoryUsage of job (MB)
	721440  -  ResidentSetSize of job (KB)
...
006 (7020620.006.000) 03/15 18:36:37 Image size of job updated: 729556
	713  -  MemoryUsage of job (MB)
	729556  -  ResidentSetSize of job (KB)
...
006 (7020620.006.000) 03/15 18:41:38 Image size of job updated: 729736
	713  -  MemoryUsage of job (MB)
	729736  -  ResidentSetSize of job (KB)
...
006 (7020620.006.000) 03/15 19:26:42 Image size of job updated: 733676
	717  -  MemoryUsage of job (MB)
	733676  -  ResidentSetSize of job (KB)
...
006 (7020620.006.000) 03/15 19:31:43 Image size of job updated: 734464
	718  -  MemoryUsage of job (MB)
	734464  -  ResidentSetSize of job (KB)
...
006 (7020620.006.000) 03/15 20:11:47 Image size of job updated: 734476
	718  -  MemoryUsage of job (MB)
	734476  -  ResidentSetSize of job (KB)
...
006 (7020620.006.000) 03/15 20:46:50 Image size of job updated: 734660
	718  -  MemoryUsage of job (MB)
	734660  -  ResidentSetSize of job (KB)
...
006 (7020620.006.000) 03/15 20:51:50 Image size of job updated: 734768
	718  -  MemoryUsage of job (MB)
	734768  -  ResidentSetSize of job (KB)
...
006 (7020620.006.000) 03/15 20:56:50 Image size of job updated: 734796
	718  -  MemoryUsage of job (MB)
	734796  -  ResidentSetSize of job (KB)
...
006 (7020620.006.000) 03/15 21:31:54 Image size of job updated: 736848
	720  -  MemoryUsage of job (MB)
	736848  -  ResidentSetSize of job (KB)
...
006 (7020620.006.000) 03/15 22:01:57 Image size of job updated: 736892
	720  -  MemoryUsage of job (MB)
	736892  -  ResidentSetSize of job (KB)
...
006 (7020620.006.000) 03/15 22:16:58 Image size of job updated: 736940
	720  -  MemoryUsage of job (MB)
	736940  -  ResidentSetSize of job (KB)
...
006 (7020620.006.000) 03/15 23:22:05 Image size of job updated: 737008
	720  -  MemoryUsage of job (MB)
	737008  -  ResidentSetSize of job (KB)
...
006 (7020620.006.000) 03/15 23:52:09 Image size of job updated: 737080
	720  -  MemoryUsage of job (MB)
	737080  -  ResidentSetSize of job (KB)
...
006 (7020620.006.000) 03/16 01:42:19 Image size of job updated: 737088
	720  -  MemoryUsage of job (MB)
	737088  -  ResidentSetSize of job (KB)
...
006 (7020620.006.000) 03/16 02:07:22 Image size of job updated: 737152
	720  -  MemoryUsage of job (MB)
	737152  -  ResidentSetSize of job (KB)
...
006 (7020620.006.000) 03/16 02:27:24 Image size of job updated: 737180
	720  -  MemoryUsage of job (MB)
	737180  -  ResidentSetSize of job (KB)
...
006 (7020620.006.000) 03/16 02:47:26 Image size of job updated: 737240
	720  -  MemoryUsage of job (MB)
	737240  -  ResidentSetSize of job (KB)
...
006 (7020620.006.000) 03/16 03:32:31 Image size of job updated: 737260
	720  -  MemoryUsage of job (MB)
	737260  -  ResidentSetSize of job (KB)
...
006 (7020620.006.000) 03/16 04:12:35 Image size of job updated: 737324
	721  -  MemoryUsage of job (MB)
	737324  -  ResidentSetSize of job (KB)
...
006 (7020620.006.000) 03/16 04:32:36 Image size of job updated: 739232
	722  -  MemoryUsage of job (MB)
	739232  -  ResidentSetSize of job (KB)
...
006 (7020620.006.000) 03/16 04:57:39 Image size of job updated: 739352
	723  -  MemoryUsage of job (MB)
	739352  -  ResidentSetSize of job (KB)
...
006 (7020620.006.000) 03/16 05:12:40 Image size of job updated: 739356
	723  -  MemoryUsage of job (MB)
	739356  -  ResidentSetSize of job (KB)
...
006 (7020620.006.000) 03/16 05:32:42 Image size of job updated: 739392
	723  -  MemoryUsage of job (MB)
	739392  -  ResidentSetSize of job (KB)
...
006 (7020620.006.000) 03/16 06:42:50 Image size of job updated: 739468
	723  -  MemoryUsage of job (MB)
	739468  -  ResidentSetSize of job (KB)
...
006 (7020620.006.000) 03/16 06:57:51 Image size of job updated: 739576
	723  -  MemoryUsage of job (MB)
	739576  -  ResidentSetSize of job (KB)
...
006 (7020620.006.000) 03/16 07:47:57 Image size of job updated: 740508
	724  -  MemoryUsage of job (MB)
	740508  -  ResidentSetSize of job (KB)
...
006 (7020620.006.000) 03/16 08:12:59 Image size of job updated: 740516
	724  -  MemoryUsage of job (MB)
	740516  -  ResidentSetSize of job (KB)
...
006 (7020620.006.000) 03/16 08:38:02 Image size of job updated: 740672
	724  -  MemoryUsage of job (MB)
	740672  -  ResidentSetSize of job (KB)
...
040 (7020620.006.000) 03/16 09:00:42 Started transferring output files
...
040 (7020620.006.000) 03/16 09:00:42 Finished transferring output files
...
005 (7020620.006.000) 03/16 09:00:42 Job terminated.
	(1) Normal termination (return value 0)
		Usr 0 19:56:35, Sys 0 00:02:16  -  Run Remote Usage
		Usr 0 00:00:00, Sys 0 00:00:00  -  Run Local Usage
		Usr 0 19:56:35, Sys 0 00:02:16  -  Total Remote Usage
		Usr 0 00:00:00, Sys 0 00:00:00  -  Total Local Usage
	12807  -  Run Bytes Sent By Job
	1379  -  Run Bytes Received By Job
	12807  -  Total Bytes Sent By Job
	1379  -  Total Bytes Received By Job
	Partitionable Resources :    Usage  Request Allocated 
	   Cpus                 :     0.99        1         1 
	   Disk (KB)            :    46           2      3628 
	   GPUs                 :                           0 
	   Memory (MB)          :   724        3000      3000 
	   TimeExecute (s)      : 73795                       
	   TimeSlotBusy (s)     : 73796                       

	Job terminated of its own accord at 2026-03-16T08:00:42Z with exit-code 0.
...
