000 (7020620.161.000) 03/15 11:56:15 Job submitted from host: <188.185.125.71:9618?addrs=188.185.125.71-9618+[2001-1458-d00-4a--100-15e]-9618&alias=bigbird28.cern.ch&noUDP&sock=schedd_2603_051c>
...
040 (7020620.161.000) 03/15 12:32:15 Started transferring input files
	Transferring to host: <188.185.211.39:9618?addrs=188.185.211.39-9618+[2001-1458-303-16--100-23]-9618&alias=b9p23p1835.cern.ch&noUDP&sock=slot1_3_8041_5ca0_191456>
...
040 (7020620.161.000) 03/15 12:32:15 Finished transferring input files
...
001 (7020620.161.000) 03/15 12:32:16 Job executing on host: <188.185.211.39:9618?addrs=188.185.211.39-9618+[2001-1458-303-16--100-23]-9618&alias=b9p23p1835.cern.ch&noUDP&sock=startd_7137_f783>
	SlotName: slot1_3@b9p23p1835.cern.ch
	CondorScratchDir = "/pool/condor/dir_1444127"
	Cpus = 1
	Disk = 3768
	GPUs = 0
	Memory = 3000
...
006 (7020620.161.000) 03/15 12:32:30 Image size of job updated: 884
	1  -  MemoryUsage of job (MB)
	884  -  ResidentSetSize of job (KB)
...
006 (7020620.161.000) 03/15 12:37:31 Image size of job updated: 677924
	663  -  MemoryUsage of job (MB)
	677924  -  ResidentSetSize of job (KB)
...
006 (7020620.161.000) 03/15 12:42:32 Image size of job updated: 678016
	663  -  MemoryUsage of job (MB)
	678016  -  ResidentSetSize of job (KB)
...
006 (7020620.161.000) 03/15 12:47:32 Image size of job updated: 678020
	663  -  MemoryUsage of job (MB)
	678020  -  ResidentSetSize of job (KB)
...
006 (7020620.161.000) 03/15 12:52:34 Image size of job updated: 678028
	663  -  MemoryUsage of job (MB)
	678028  -  ResidentSetSize of job (KB)
...
006 (7020620.161.000) 03/15 12:57:34 Image size of job updated: 716304
	700  -  MemoryUsage of job (MB)
	716304  -  ResidentSetSize of job (KB)
...
006 (7020620.161.000) 03/15 13:02:34 Image size of job updated: 721488
	705  -  MemoryUsage of job (MB)
	721488  -  ResidentSetSize of job (KB)
...
006 (7020620.161.000) 03/15 13:07:35 Image size of job updated: 728932
	712  -  MemoryUsage of job (MB)
	728932  -  ResidentSetSize of job (KB)
...
006 (7020620.161.000) 03/15 13:17:35 Image size of job updated: 728936
	712  -  MemoryUsage of job (MB)
	728936  -  ResidentSetSize of job (KB)
...
006 (7020620.161.000) 03/15 13:27:37 Image size of job updated: 731120
	714  -  MemoryUsage of job (MB)
	731120  -  ResidentSetSize of job (KB)
...
006 (7020620.161.000) 03/15 13:37:38 Image size of job updated: 731352
	715  -  MemoryUsage of job (MB)
	731352  -  ResidentSetSize of job (KB)
...
006 (7020620.161.000) 03/15 13:42:39 Image size of job updated: 732176
	716  -  MemoryUsage of job (MB)
	732176  -  ResidentSetSize of job (KB)
...
006 (7020620.161.000) 03/15 14:07:42 Image size of job updated: 732192
	716  -  MemoryUsage of job (MB)
	732192  -  ResidentSetSize of job (KB)
...
006 (7020620.161.000) 03/15 14:32:45 Image size of job updated: 734744
	718  -  MemoryUsage of job (MB)
	734744  -  ResidentSetSize of job (KB)
...
006 (7020620.161.000) 03/15 14:37:46 Image size of job updated: 745916
	729  -  MemoryUsage of job (MB)
	745916  -  ResidentSetSize of job (KB)
...
006 (7020620.161.000) 03/15 14:42:47 Image size of job updated: 755368
	738  -  MemoryUsage of job (MB)
	755368  -  ResidentSetSize of job (KB)
...
006 (7020620.161.000) 03/15 16:12:54 Image size of job updated: 755420
	738  -  MemoryUsage of job (MB)
	755420  -  ResidentSetSize of job (KB)
...
006 (7020620.161.000) 03/15 16:22:54 Image size of job updated: 758344
	741  -  MemoryUsage of job (MB)
	758344  -  ResidentSetSize of job (KB)
...
006 (7020620.161.000) 03/15 16:27:55 Image size of job updated: 760764
	743  -  MemoryUsage of job (MB)
	760764  -  ResidentSetSize of job (KB)
...
006 (7020620.161.000) 03/15 17:18:00 Image size of job updated: 760768
	743  -  MemoryUsage of job (MB)
	760768  -  ResidentSetSize of job (KB)
...
006 (7020620.161.000) 03/15 18:28:08 Image size of job updated: 760796
	743  -  MemoryUsage of job (MB)
	760796  -  ResidentSetSize of job (KB)
...
006 (7020620.161.000) 03/15 18:53:10 Image size of job updated: 760876
	744  -  MemoryUsage of job (MB)
	760876  -  ResidentSetSize of job (KB)
...
006 (7020620.161.000) 03/15 19:53:17 Image size of job updated: 760884
	744  -  MemoryUsage of job (MB)
	760884  -  ResidentSetSize of job (KB)
...
006 (7020620.161.000) 03/15 20:03:18 Image size of job updated: 760924
	744  -  MemoryUsage of job (MB)
	760924  -  ResidentSetSize of job (KB)
...
006 (7020620.161.000) 03/15 20:38:21 Image size of job updated: 763584
	746  -  MemoryUsage of job (MB)
	763584  -  ResidentSetSize of job (KB)
...
006 (7020620.161.000) 03/15 21:13:23 Image size of job updated: 763608
	746  -  MemoryUsage of job (MB)
	763608  -  ResidentSetSize of job (KB)
...
006 (7020620.161.000) 03/15 21:28:24 Image size of job updated: 763628
	746  -  MemoryUsage of job (MB)
	763628  -  ResidentSetSize of job (KB)
...
006 (7020620.161.000) 03/15 21:43:25 Image size of job updated: 763644
	746  -  MemoryUsage of job (MB)
	763644  -  ResidentSetSize of job (KB)
...
006 (7020620.161.000) 03/15 21:48:25 Image size of job updated: 764744
	747  -  MemoryUsage of job (MB)
	764744  -  ResidentSetSize of job (KB)
...
006 (7020620.161.000) 03/15 21:53:26 Image size of job updated: 767680
	750  -  MemoryUsage of job (MB)
	767680  -  ResidentSetSize of job (KB)
...
006 (7020620.161.000) 03/15 22:08:27 Image size of job updated: 767824
	750  -  MemoryUsage of job (MB)
	767824  -  ResidentSetSize of job (KB)
...
006 (7020620.161.000) 03/15 23:13:32 Image size of job updated: 767876
	750  -  MemoryUsage of job (MB)
	767876  -  ResidentSetSize of job (KB)
...
006 (7020620.161.000) 03/16 00:43:40 Image size of job updated: 767900
	750  -  MemoryUsage of job (MB)
	767900  -  ResidentSetSize of job (KB)
...
006 (7020620.161.000) 03/16 01:18:44 Image size of job updated: 770180
	750  -  MemoryUsage of job (MB)
	767900  -  ResidentSetSize of job (KB)
...
006 (7020620.161.000) 03/16 01:23:45 Image size of job updated: 773676
	750  -  MemoryUsage of job (MB)
	767900  -  ResidentSetSize of job (KB)
...
006 (7020620.161.000) 03/16 01:28:45 Image size of job updated: 773676
	754  -  MemoryUsage of job (MB)
	771476  -  ResidentSetSize of job (KB)
...
006 (7020620.161.000) 03/16 02:33:52 Image size of job updated: 773676
	754  -  MemoryUsage of job (MB)
	771516  -  ResidentSetSize of job (KB)
...
040 (7020620.161.000) 03/16 03:11:02 Started transferring output files
...
040 (7020620.161.000) 03/16 03:11:02 Finished transferring output files
...
005 (7020620.161.000) 03/16 03:11:02 Job terminated.
	(1) Normal termination (return value 0)
		Usr 0 14:29:29, Sys 0 00:00:21  -  Run Remote Usage
		Usr 0 00:00:00, Sys 0 00:00:00  -  Run Local Usage
		Usr 0 14:29:29, Sys 0 00:00:21  -  Total Remote Usage
		Usr 0 00:00:00, Sys 0 00:00:00  -  Total Local Usage
	6584  -  Run Bytes Sent By Job
	1379  -  Run Bytes Received By Job
	6584  -  Total Bytes Sent By Job
	1379  -  Total Bytes Received By Job
	Partitionable Resources :    Usage  Request Allocated 
	   Cpus                 :     0.99        1         1 
	   Disk (KB)            :    47           2      3768 
	   GPUs                 :                           0 
	   Memory (MB)          :   754        3000      3000 
	   TimeExecute (s)      : 52726                       
	   TimeSlotBusy (s)     : 52728                       

	Job terminated of its own accord at 2026-03-16T02:11:02Z with exit-code 0.
...
