000 (7020620.352.000) 03/15 11:56:15 Job submitted from host: <188.185.125.71:9618?addrs=188.185.125.71-9618+[2001-1458-d00-4a--100-15e]-9618&alias=bigbird28.cern.ch&noUDP&sock=schedd_2603_051c>
...
040 (7020620.352.000) 03/15 12:36:04 Started transferring input files
	Transferring to host: <128.142.132.146:9618?addrs=128.142.132.146-9618+[2001-1458-301-5a--100-86]-9618&alias=b9g12p4617.cern.ch&noUDP&sock=slot1_2_2813_c34b_176411>
...
040 (7020620.352.000) 03/15 12:36:04 Finished transferring input files
...
001 (7020620.352.000) 03/15 12:36:05 Job executing on host: <128.142.132.146:9618?addrs=128.142.132.146-9618+[2001-1458-301-5a--100-86]-9618&alias=b9g12p4617.cern.ch&noUDP&sock=startd_2445_a525>
	SlotName: slot1_2@b9g12p4617.cern.ch
	CondorScratchDir = "/pool/condor/dir_954222"
	Cpus = 1
	Disk = 2741
	GPUs = 0
	Memory = 3000
...
006 (7020620.352.000) 03/15 12:36:19 Image size of job updated: 892
	1  -  MemoryUsage of job (MB)
	892  -  ResidentSetSize of job (KB)
...
006 (7020620.352.000) 03/15 12:41:20 Image size of job updated: 511136
	500  -  MemoryUsage of job (MB)
	511136  -  ResidentSetSize of job (KB)
...
006 (7020620.352.000) 03/15 12:46:20 Image size of job updated: 520332
	509  -  MemoryUsage of job (MB)
	520332  -  ResidentSetSize of job (KB)
...
006 (7020620.352.000) 03/15 12:51:20 Image size of job updated: 521624
	510  -  MemoryUsage of job (MB)
	521624  -  ResidentSetSize of job (KB)
...
006 (7020620.352.000) 03/15 12:56:21 Image size of job updated: 527480
	516  -  MemoryUsage of job (MB)
	527480  -  ResidentSetSize of job (KB)
...
006 (7020620.352.000) 03/15 13:01:21 Image size of job updated: 529012
	517  -  MemoryUsage of job (MB)
	529012  -  ResidentSetSize of job (KB)
...
006 (7020620.352.000) 03/15 13:11:22 Image size of job updated: 529220
	517  -  MemoryUsage of job (MB)
	529220  -  ResidentSetSize of job (KB)
...
006 (7020620.352.000) 03/15 13:16:23 Image size of job updated: 529888
	518  -  MemoryUsage of job (MB)
	529888  -  ResidentSetSize of job (KB)
...
006 (7020620.352.000) 03/15 13:21:23 Image size of job updated: 529992
	518  -  MemoryUsage of job (MB)
	529992  -  ResidentSetSize of job (KB)
...
006 (7020620.352.000) 03/15 13:26:24 Image size of job updated: 530072
	518  -  MemoryUsage of job (MB)
	530072  -  ResidentSetSize of job (KB)
...
006 (7020620.352.000) 03/15 13:31:25 Image size of job updated: 567904
	555  -  MemoryUsage of job (MB)
	567904  -  ResidentSetSize of job (KB)
...
006 (7020620.352.000) 03/15 13:36:25 Image size of job updated: 568596
	556  -  MemoryUsage of job (MB)
	568596  -  ResidentSetSize of job (KB)
...
006 (7020620.352.000) 03/15 13:41:25 Image size of job updated: 569080
	556  -  MemoryUsage of job (MB)
	569080  -  ResidentSetSize of job (KB)
...
006 (7020620.352.000) 03/15 13:46:26 Image size of job updated: 577752
	565  -  MemoryUsage of job (MB)
	577752  -  ResidentSetSize of job (KB)
...
006 (7020620.352.000) 03/15 13:51:26 Image size of job updated: 578732
	566  -  MemoryUsage of job (MB)
	578732  -  ResidentSetSize of job (KB)
...
006 (7020620.352.000) 03/15 14:11:27 Image size of job updated: 578748
	566  -  MemoryUsage of job (MB)
	578748  -  ResidentSetSize of job (KB)
...
006 (7020620.352.000) 03/15 14:16:28 Image size of job updated: 597408
	584  -  MemoryUsage of job (MB)
	597408  -  ResidentSetSize of job (KB)
...
006 (7020620.352.000) 03/15 14:21:29 Image size of job updated: 598204
	585  -  MemoryUsage of job (MB)
	598204  -  ResidentSetSize of job (KB)
...
006 (7020620.352.000) 03/15 15:21:35 Image size of job updated: 598208
	585  -  MemoryUsage of job (MB)
	598208  -  ResidentSetSize of job (KB)
...
006 (7020620.352.000) 03/15 15:46:38 Image size of job updated: 598212
	585  -  MemoryUsage of job (MB)
	598212  -  ResidentSetSize of job (KB)
...
006 (7020620.352.000) 03/15 16:01:40 Image size of job updated: 600928
	587  -  MemoryUsage of job (MB)
	600928  -  ResidentSetSize of job (KB)
...
006 (7020620.352.000) 03/15 16:06:40 Image size of job updated: 604868
	591  -  MemoryUsage of job (MB)
	604868  -  ResidentSetSize of job (KB)
...
006 (7020620.352.000) 03/15 16:26:42 Image size of job updated: 606312
	593  -  MemoryUsage of job (MB)
	606312  -  ResidentSetSize of job (KB)
...
006 (7020620.352.000) 03/15 16:31:42 Image size of job updated: 611280
	597  -  MemoryUsage of job (MB)
	611280  -  ResidentSetSize of job (KB)
...
006 (7020620.352.000) 03/15 16:36:42 Image size of job updated: 611308
	597  -  MemoryUsage of job (MB)
	611308  -  ResidentSetSize of job (KB)
...
006 (7020620.352.000) 03/15 17:41:49 Image size of job updated: 611320
	597  -  MemoryUsage of job (MB)
	611320  -  ResidentSetSize of job (KB)
...
006 (7020620.352.000) 03/15 18:56:57 Image size of job updated: 611380
	598  -  MemoryUsage of job (MB)
	611380  -  ResidentSetSize of job (KB)
...
006 (7020620.352.000) 03/15 19:32:01 Image size of job updated: 611724
	598  -  MemoryUsage of job (MB)
	611724  -  ResidentSetSize of job (KB)
...
006 (7020620.352.000) 03/15 20:47:08 Image size of job updated: 766308
	749  -  MemoryUsage of job (MB)
	766308  -  ResidentSetSize of job (KB)
...
006 (7020620.352.000) 03/15 20:52:08 Image size of job updated: 766992
	750  -  MemoryUsage of job (MB)
	766992  -  ResidentSetSize of job (KB)
...
006 (7020620.352.000) 03/15 20:57:08 Image size of job updated: 767128
	750  -  MemoryUsage of job (MB)
	767128  -  ResidentSetSize of job (KB)
...
006 (7020620.352.000) 03/15 21:02:09 Image size of job updated: 781012
	763  -  MemoryUsage of job (MB)
	781012  -  ResidentSetSize of job (KB)
...
006 (7020620.352.000) 03/16 03:22:49 Image size of job updated: 781036
	763  -  MemoryUsage of job (MB)
	781036  -  ResidentSetSize of job (KB)
...
006 (7020620.352.000) 03/16 03:57:52 Image size of job updated: 781068
	763  -  MemoryUsage of job (MB)
	781068  -  ResidentSetSize of job (KB)
...
006 (7020620.352.000) 03/16 05:02:59 Image size of job updated: 782556
	765  -  MemoryUsage of job (MB)
	782556  -  ResidentSetSize of job (KB)
...
006 (7020620.352.000) 03/16 05:07:59 Image size of job updated: 785424
	768  -  MemoryUsage of job (MB)
	785424  -  ResidentSetSize of job (KB)
...
006 (7020620.352.000) 03/16 05:23:01 Image size of job updated: 785436
	768  -  MemoryUsage of job (MB)
	785436  -  ResidentSetSize of job (KB)
...
006 (7020620.352.000) 03/16 07:03:13 Image size of job updated: 785456
	768  -  MemoryUsage of job (MB)
	785456  -  ResidentSetSize of job (KB)
...
006 (7020620.352.000) 03/16 10:03:32 Image size of job updated: 785464
	768  -  MemoryUsage of job (MB)
	785464  -  ResidentSetSize of job (KB)
...
006 (7020620.352.000) 03/16 11:43:39 Image size of job updated: 785500
	768  -  MemoryUsage of job (MB)
	785500  -  ResidentSetSize of job (KB)
...
040 (7020620.352.000) 03/16 12:36:46 Started transferring output files
...
040 (7020620.352.000) 03/16 12:36:46 Finished transferring output files
...
009 (7020620.352.000) 03/16 12:36:46 Job was aborted.
	Job removed by SYSTEM_PERIODIC_REMOVE due to wall time exceeded allowed max.
...
