000 (7020620.000.000) 03/15 11:56:14 Job submitted from host: <188.185.125.71:9618?addrs=188.185.125.71-9618+[2001-1458-d00-4a--100-15e]-9618&alias=bigbird28.cern.ch&noUDP&sock=schedd_2603_051c>
...
040 (7020620.000.000) 03/15 12:30:44 Started transferring input files
	Transferring to host: <188.185.209.171:9618?addrs=188.185.209.171-9618+[2001-1458-303-12--100-28]-9618&alias=b9p12p1368.cern.ch&noUDP&sock=slot1_28_6495_10a1_166810>
...
040 (7020620.000.000) 03/15 12:30:44 Finished transferring input files
...
001 (7020620.000.000) 03/15 12:30:45 Job executing on host: <188.185.209.171:9618?addrs=188.185.209.171-9618+[2001-1458-303-12--100-28]-9618&alias=b9p12p1368.cern.ch&noUDP&sock=startd_5691_2191>
	SlotName: slot1_28@b9p12p1368.cern.ch
	CondorScratchDir = "/pool/condor/dir_2599573"
	Cpus = 1
	Disk = 3677
	GPUs = 0
	Memory = 3000
...
006 (7020620.000.000) 03/15 12:30:58 Image size of job updated: 880
	1  -  MemoryUsage of job (MB)
	880  -  ResidentSetSize of job (KB)
...
006 (7020620.000.000) 03/15 12:35:58 Image size of job updated: 212312
	208  -  MemoryUsage of job (MB)
	212312  -  ResidentSetSize of job (KB)
...
006 (7020620.000.000) 03/15 12:40:59 Image size of job updated: 579296
	566  -  MemoryUsage of job (MB)
	579296  -  ResidentSetSize of job (KB)
...
006 (7020620.000.000) 03/15 12:45:59 Image size of job updated: 587408
	574  -  MemoryUsage of job (MB)
	587408  -  ResidentSetSize of job (KB)
...
006 (7020620.000.000) 03/15 12:51:00 Image size of job updated: 588300
	575  -  MemoryUsage of job (MB)
	588300  -  ResidentSetSize of job (KB)
...
006 (7020620.000.000) 03/15 12:56:01 Image size of job updated: 588744
	575  -  MemoryUsage of job (MB)
	588744  -  ResidentSetSize of job (KB)
...
006 (7020620.000.000) 03/15 13:01:01 Image size of job updated: 589056
	576  -  MemoryUsage of job (MB)
	589056  -  ResidentSetSize of job (KB)
...
006 (7020620.000.000) 03/15 13:06:02 Image size of job updated: 591684
	578  -  MemoryUsage of job (MB)
	591684  -  ResidentSetSize of job (KB)
...
006 (7020620.000.000) 03/15 13:26:03 Image size of job updated: 591804
	578  -  MemoryUsage of job (MB)
	591804  -  ResidentSetSize of job (KB)
...
006 (7020620.000.000) 03/15 13:46:05 Image size of job updated: 592124
	579  -  MemoryUsage of job (MB)
	592124  -  ResidentSetSize of job (KB)
...
006 (7020620.000.000) 03/15 13:56:06 Image size of job updated: 592152
	579  -  MemoryUsage of job (MB)
	592152  -  ResidentSetSize of job (KB)
...
006 (7020620.000.000) 03/15 14:46:10 Image size of job updated: 592568
	579  -  MemoryUsage of job (MB)
	592568  -  ResidentSetSize of job (KB)
...
006 (7020620.000.000) 03/15 14:51:11 Image size of job updated: 594620
	581  -  MemoryUsage of job (MB)
	594620  -  ResidentSetSize of job (KB)
...
006 (7020620.000.000) 03/15 15:11:12 Image size of job updated: 594880
	581  -  MemoryUsage of job (MB)
	594880  -  ResidentSetSize of job (KB)
...
006 (7020620.000.000) 03/15 15:31:14 Image size of job updated: 598112
	585  -  MemoryUsage of job (MB)
	598112  -  ResidentSetSize of job (KB)
...
006 (7020620.000.000) 03/15 15:36:14 Image size of job updated: 598588
	585  -  MemoryUsage of job (MB)
	598588  -  ResidentSetSize of job (KB)
...
006 (7020620.000.000) 03/15 15:56:16 Image size of job updated: 598592
	585  -  MemoryUsage of job (MB)
	598592  -  ResidentSetSize of job (KB)
...
006 (7020620.000.000) 03/15 16:41:20 Image size of job updated: 757928
	741  -  MemoryUsage of job (MB)
	757928  -  ResidentSetSize of job (KB)
...
006 (7020620.000.000) 03/15 16:56:22 Image size of job updated: 759284
	742  -  MemoryUsage of job (MB)
	759284  -  ResidentSetSize of job (KB)
...
006 (7020620.000.000) 03/15 17:21:24 Image size of job updated: 767868
	750  -  MemoryUsage of job (MB)
	767868  -  ResidentSetSize of job (KB)
...
006 (7020620.000.000) 03/15 17:41:26 Image size of job updated: 769520
	752  -  MemoryUsage of job (MB)
	769520  -  ResidentSetSize of job (KB)
...
006 (7020620.000.000) 03/15 17:46:26 Image size of job updated: 774196
	757  -  MemoryUsage of job (MB)
	774196  -  ResidentSetSize of job (KB)
...
006 (7020620.000.000) 03/15 17:51:27 Image size of job updated: 793084
	772  -  MemoryUsage of job (MB)
	789780  -  ResidentSetSize of job (KB)
...
006 (7020620.000.000) 03/15 21:56:51 Image size of job updated: 799652
	781  -  MemoryUsage of job (MB)
	799652  -  ResidentSetSize of job (KB)
...
006 (7020620.000.000) 03/15 22:01:51 Image size of job updated: 801492
	783  -  MemoryUsage of job (MB)
	801492  -  ResidentSetSize of job (KB)
...
006 (7020620.000.000) 03/15 22:11:52 Image size of job updated: 801496
	783  -  MemoryUsage of job (MB)
	801496  -  ResidentSetSize of job (KB)
...
006 (7020620.000.000) 03/15 23:27:01 Image size of job updated: 803520
	783  -  MemoryUsage of job (MB)
	801496  -  ResidentSetSize of job (KB)
...
006 (7020620.000.000) 03/16 04:32:32 Image size of job updated: 808364
	783  -  MemoryUsage of job (MB)
	801496  -  ResidentSetSize of job (KB)
...
006 (7020620.000.000) 03/16 04:37:32 Image size of job updated: 808364
	788  -  MemoryUsage of job (MB)
	806192  -  ResidentSetSize of job (KB)
...
006 (7020620.000.000) 03/16 04:42:33 Image size of job updated: 808364
	788  -  MemoryUsage of job (MB)
	806236  -  ResidentSetSize of job (KB)
...
006 (7020620.000.000) 03/16 04:47:33 Image size of job updated: 808364
	788  -  MemoryUsage of job (MB)
	806244  -  ResidentSetSize of job (KB)
...
006 (7020620.000.000) 03/16 05:17:36 Image size of job updated: 808364
	788  -  MemoryUsage of job (MB)
	806252  -  ResidentSetSize of job (KB)
...
006 (7020620.000.000) 03/16 05:42:39 Image size of job updated: 808364
	788  -  MemoryUsage of job (MB)
	806284  -  ResidentSetSize of job (KB)
...
006 (7020620.000.000) 03/16 06:32:43 Image size of job updated: 808364
	788  -  MemoryUsage of job (MB)
	806288  -  ResidentSetSize of job (KB)
...
006 (7020620.000.000) 03/16 07:02:46 Image size of job updated: 808364
	788  -  MemoryUsage of job (MB)
	806300  -  ResidentSetSize of job (KB)
...
006 (7020620.000.000) 03/16 07:12:47 Image size of job updated: 808364
	788  -  MemoryUsage of job (MB)
	806304  -  ResidentSetSize of job (KB)
...
006 (7020620.000.000) 03/16 07:27:49 Image size of job updated: 808364
	788  -  MemoryUsage of job (MB)
	806308  -  ResidentSetSize of job (KB)
...
006 (7020620.000.000) 03/16 08:22:55 Image size of job updated: 822392
	795  -  MemoryUsage of job (MB)
	813428  -  ResidentSetSize of job (KB)
...
040 (7020620.000.000) 03/16 11:20:45 Started transferring output files
...
040 (7020620.000.000) 03/16 11:20:45 Finished transferring output files
...
005 (7020620.000.000) 03/16 11:20:45 Job terminated.
	(1) Normal termination (return value 0)
		Usr 0 22:20:39, Sys 0 00:01:42  -  Run Remote Usage
		Usr 0 00:00:00, Sys 0 00:00:00  -  Run Local Usage
		Usr 0 22:20:39, Sys 0 00:01:42  -  Total Remote Usage
		Usr 0 00:00:00, Sys 0 00:00:00  -  Total Local Usage
	12998  -  Run Bytes Sent By Job
	1379  -  Run Bytes Received By Job
	12998  -  Total Bytes Sent By Job
	1379  -  Total Bytes Received By Job
	Partitionable Resources :    Usage  Request Allocated 
	   Cpus                 :     0.99        1         1 
	   Disk (KB)            :    46           2      3677 
	   GPUs                 :                           0 
	   Memory (MB)          :   795        3000      3000 
	   TimeExecute (s)      : 82200                       
	   TimeSlotBusy (s)     : 82202                       

	Job terminated of its own accord at 2026-03-16T10:20:45Z with exit-code 0.
...
