000 (7020620.115.000) 03/15 11:56:14 Job submitted from host: <188.185.125.71:9618?addrs=188.185.125.71-9618+[2001-1458-d00-4a--100-15e]-9618&alias=bigbird28.cern.ch&noUDP&sock=schedd_2603_051c>
...
040 (7020620.115.000) 03/15 12:31:21 Started transferring input files
	Transferring to host: <128.142.192.176:9618?addrs=128.142.192.176-9618+[2001-1458-301-56--100-2c]-9618&alias=b9g18p0460.cern.ch&noUDP&sock=slot1_23_4511_2851_225973>
...
040 (7020620.115.000) 03/15 12:31:21 Finished transferring input files
...
001 (7020620.115.000) 03/15 12:31:22 Job executing on host: <128.142.192.176:9618?addrs=128.142.192.176-9618+[2001-1458-301-56--100-2c]-9618&alias=b9g18p0460.cern.ch&noUDP&sock=startd_3859_8810>
	SlotName: slot1_23@b9g18p0460.cern.ch
	CondorScratchDir = "/pool/condor/dir_2828696"
	Cpus = 1
	Disk = 3832
	GPUs = 0
	Memory = 3000
...
006 (7020620.115.000) 03/15 12:31:35 Image size of job updated: 868
	1  -  MemoryUsage of job (MB)
	868  -  ResidentSetSize of job (KB)
...
006 (7020620.115.000) 03/15 12:36:35 Image size of job updated: 204504
	200  -  MemoryUsage of job (MB)
	204504  -  ResidentSetSize of job (KB)
...
006 (7020620.115.000) 03/15 12:37:51 Image size of job updated: 922464
	200  -  MemoryUsage of job (MB)
	204504  -  ResidentSetSize of job (KB)
...
040 (7020620.115.000) 03/15 12:37:51 Started transferring output files
...
040 (7020620.115.000) 03/15 12:37:51 Finished transferring output files
...
005 (7020620.115.000) 03/15 12:37:51 Job terminated.
	(1) Normal termination (return value 0)
		Usr 0 00:00:24, Sys 0 00:00:07  -  Run Remote Usage
		Usr 0 00:00:00, Sys 0 00:00:00  -  Run Local Usage
		Usr 0 00:00:24, Sys 0 00:00:07  -  Total Remote Usage
		Usr 0 00:00:00, Sys 0 00:00:00  -  Total Local Usage
	35058  -  Run Bytes Sent By Job
	1379  -  Run Bytes Received By Job
	35058  -  Total Bytes Sent By Job
	1379  -  Total Bytes Received By Job
	Partitionable Resources :    Usage  Request Allocated 
	   Cpus                 :     0.00        1         1 
	   Disk (KB)            :    75           2      3832 
	   GPUs                 :                           0 
	   Memory (MB)          :   200        3000      3000 
	   TimeExecute (s)      :   389                       
	   TimeSlotBusy (s)     :   390                       

	Job terminated of its own accord at 2026-03-15T11:37:51Z with exit-code 0.
...
