000 (7020620.165.000) 03/15 11:56:15 Job submitted from host: <188.185.125.71:9618?addrs=188.185.125.71-9618+[2001-1458-d00-4a--100-15e]-9618&alias=bigbird28.cern.ch&noUDP&sock=schedd_2603_051c>
...
040 (7020620.165.000) 03/15 12:32:42 Started transferring input files
	Transferring to host: <128.142.192.182:9618?addrs=128.142.192.182-9618+[2001-1458-301-56--100-32]-9618&alias=b9g18p3765.cern.ch&noUDP&sock=slot1_30_3346_4f41_184276>
...
040 (7020620.165.000) 03/15 12:32:42 Finished transferring input files
...
001 (7020620.165.000) 03/15 12:32:43 Job executing on host: <128.142.192.182:9618?addrs=128.142.192.182-9618+[2001-1458-301-56--100-32]-9618&alias=b9g18p3765.cern.ch&noUDP&sock=startd_2893_ef93>
	SlotName: slot1_30@b9g18p3765.cern.ch
	CondorScratchDir = "/pool/condor/dir_2102191"
	Cpus = 1
	Disk = 3771
	GPUs = 0
	Memory = 3000
...
006 (7020620.165.000) 03/15 12:32:56 Image size of job updated: 884
	1  -  MemoryUsage of job (MB)
	884  -  ResidentSetSize of job (KB)
...
006 (7020620.165.000) 03/15 12:34:39 Image size of job updated: 740368
	1  -  MemoryUsage of job (MB)
	884  -  ResidentSetSize of job (KB)
...
040 (7020620.165.000) 03/15 12:34:39 Started transferring output files
...
040 (7020620.165.000) 03/15 12:34:40 Finished transferring output files
...
005 (7020620.165.000) 03/15 12:34:40 Job terminated.
	(1) Normal termination (return value 0)
		Usr 0 00:00:25, Sys 0 00:00:06  -  Run Remote Usage
		Usr 0 00:00:00, Sys 0 00:00:00  -  Run Local Usage
		Usr 0 00:00:25, Sys 0 00:00:06  -  Total Remote Usage
		Usr 0 00:00:00, Sys 0 00:00:00  -  Total Local Usage
	35058  -  Run Bytes Sent By Job
	1379  -  Run Bytes Received By Job
	35058  -  Total Bytes Sent By Job
	1379  -  Total Bytes Received By Job
	Partitionable Resources :    Usage  Request Allocated 
	   Cpus                 :        0        1         1 
	   Disk (KB)            :       76        2      3771 
	   GPUs                 :                           0 
	   Memory (MB)          :        1     3000      3000 
	   TimeExecute (s)      :      116                    
	   TimeSlotBusy (s)     :      118                    

	Job terminated of its own accord at 2026-03-15T11:34:39Z with exit-code 0.
...
