000 (7020620.240.000) 03/15 11:56:15 Job submitted from host: <188.185.125.71:9618?addrs=188.185.125.71-9618+[2001-1458-d00-4a--100-15e]-9618&alias=bigbird28.cern.ch&noUDP&sock=schedd_2603_051c>
...
040 (7020620.240.000) 03/15 12:35:27 Started transferring input files
	Transferring to host: <128.142.192.164:9618?addrs=128.142.192.164-9618+[2001-1458-301-56--100-20]-9618&alias=b9g18p7862.cern.ch&noUDP&sock=slot1_14_7405_3e06_186553>
...
040 (7020620.240.000) 03/15 12:35:27 Finished transferring input files
...
001 (7020620.240.000) 03/15 12:35:28 Job executing on host: <128.142.192.164:9618?addrs=128.142.192.164-9618+[2001-1458-301-56--100-20]-9618&alias=b9g18p7862.cern.ch&noUDP&sock=startd_6424_e87c>
	SlotName: slot1_14@b9g18p7862.cern.ch
	CondorScratchDir = "/pool/condor/dir_4067891"
	Cpus = 1
	Disk = 3866
	GPUs = 0
	Memory = 3000
...
006 (7020620.240.000) 03/15 12:35:42 Image size of job updated: 880
	1  -  MemoryUsage of job (MB)
	880  -  ResidentSetSize of job (KB)
...
006 (7020620.240.000) 03/15 12:40:43 Image size of job updated: 719076
	703  -  MemoryUsage of job (MB)
	719076  -  ResidentSetSize of job (KB)
...
040 (7020620.240.000) 03/15 12:40:51 Started transferring output files
...
040 (7020620.240.000) 03/15 12:40:51 Finished transferring output files
...
005 (7020620.240.000) 03/15 12:40:51 Job terminated.
	(1) Normal termination (return value 0)
		Usr 0 00:00:23, Sys 0 00:00:07  -  Run Remote Usage
		Usr 0 00:00:00, Sys 0 00:00:00  -  Run Local Usage
		Usr 0 00:00:23, Sys 0 00:00:07  -  Total Remote Usage
		Usr 0 00:00:00, Sys 0 00:00:00  -  Total Local Usage
	35058  -  Run Bytes Sent By Job
	1379  -  Run Bytes Received By Job
	35058  -  Total Bytes Sent By Job
	1379  -  Total Bytes Received By Job
	Partitionable Resources :    Usage  Request Allocated 
	   Cpus                 :        0        1         1 
	   Disk (KB)            :       75        2      3866 
	   GPUs                 :                           0 
	   Memory (MB)          :      703     3000      3000 
	   TimeExecute (s)      :      323                    
	   TimeSlotBusy (s)     :      325                    

	Job terminated of its own accord at 2026-03-15T11:40:51Z with exit-code 0.
...
