000 (7020620.389.000) 03/15 11:56:15 Job submitted from host: <188.185.125.71:9618?addrs=188.185.125.71-9618+[2001-1458-d00-4a--100-15e]-9618&alias=bigbird28.cern.ch&noUDP&sock=schedd_2603_051c>
...
040 (7020620.389.000) 03/15 12:36:40 Started transferring input files
	Transferring to host: <188.185.215.21:9618?addrs=188.185.215.21-9618+[2001-1458-303-1e--100-11]-9618&alias=b9p31p2581.cern.ch&noUDP&sock=slot1_12_6500_9681_191697>
...
040 (7020620.389.000) 03/15 12:36:41 Finished transferring input files
...
001 (7020620.389.000) 03/15 12:36:41 Job executing on host: <188.185.215.21:9618?addrs=188.185.215.21-9618+[2001-1458-303-1e--100-11]-9618&alias=b9p31p2581.cern.ch&noUDP&sock=startd_5664_9c82>
	SlotName: slot1_12@b9p31p2581.cern.ch
	CondorScratchDir = "/pool/condor/dir_3895731"
	Cpus = 1
	Disk = 3675
	GPUs = 0
	Memory = 3000
...
006 (7020620.389.000) 03/15 12:36:55 Image size of job updated: 884
	1  -  MemoryUsage of job (MB)
	884  -  ResidentSetSize of job (KB)
...
006 (7020620.389.000) 03/15 12:41:56 Image size of job updated: 684720
	645  -  MemoryUsage of job (MB)
	659888  -  ResidentSetSize of job (KB)
...
006 (7020620.389.000) 03/15 12:46:57 Image size of job updated: 684720
	646  -  MemoryUsage of job (MB)
	661456  -  ResidentSetSize of job (KB)
...
006 (7020620.389.000) 03/15 12:51:57 Image size of job updated: 684720
	648  -  MemoryUsage of job (MB)
	662908  -  ResidentSetSize of job (KB)
...
006 (7020620.389.000) 03/15 12:56:58 Image size of job updated: 684720
	649  -  MemoryUsage of job (MB)
	663776  -  ResidentSetSize of job (KB)
...
006 (7020620.389.000) 03/15 13:01:59 Image size of job updated: 684720
	649  -  MemoryUsage of job (MB)
	663780  -  ResidentSetSize of job (KB)
...
006 (7020620.389.000) 03/15 13:06:59 Image size of job updated: 684720
	651  -  MemoryUsage of job (MB)
	666248  -  ResidentSetSize of job (KB)
...
006 (7020620.389.000) 03/15 13:12:00 Image size of job updated: 706812
	691  -  MemoryUsage of job (MB)
	706812  -  ResidentSetSize of job (KB)
...
006 (7020620.389.000) 03/15 13:17:01 Image size of job updated: 711860
	696  -  MemoryUsage of job (MB)
	711860  -  ResidentSetSize of job (KB)
...
006 (7020620.389.000) 03/15 13:22:01 Image size of job updated: 716792
	700  -  MemoryUsage of job (MB)
	716792  -  ResidentSetSize of job (KB)
...
006 (7020620.389.000) 03/15 13:37:03 Image size of job updated: 716796
	700  -  MemoryUsage of job (MB)
	716796  -  ResidentSetSize of job (KB)
...
006 (7020620.389.000) 03/15 13:42:04 Image size of job updated: 718172
	702  -  MemoryUsage of job (MB)
	718172  -  ResidentSetSize of job (KB)
...
006 (7020620.389.000) 03/15 13:47:05 Image size of job updated: 720568
	704  -  MemoryUsage of job (MB)
	720568  -  ResidentSetSize of job (KB)
...
006 (7020620.389.000) 03/15 14:07:07 Image size of job updated: 723628
	707  -  MemoryUsage of job (MB)
	723628  -  ResidentSetSize of job (KB)
...
006 (7020620.389.000) 03/15 14:42:12 Image size of job updated: 723636
	707  -  MemoryUsage of job (MB)
	723636  -  ResidentSetSize of job (KB)
...
006 (7020620.389.000) 03/15 14:47:13 Image size of job updated: 730556
	714  -  MemoryUsage of job (MB)
	730556  -  ResidentSetSize of job (KB)
...
006 (7020620.389.000) 03/15 16:07:23 Image size of job updated: 730628
	714  -  MemoryUsage of job (MB)
	730628  -  ResidentSetSize of job (KB)
...
006 (7020620.389.000) 03/15 17:37:31 Image size of job updated: 730740
	714  -  MemoryUsage of job (MB)
	730740  -  ResidentSetSize of job (KB)
...
006 (7020620.389.000) 03/15 18:02:33 Image size of job updated: 730768
	714  -  MemoryUsage of job (MB)
	730768  -  ResidentSetSize of job (KB)
...
006 (7020620.389.000) 03/15 18:17:35 Image size of job updated: 732048
	715  -  MemoryUsage of job (MB)
	732048  -  ResidentSetSize of job (KB)
...
006 (7020620.389.000) 03/15 18:22:36 Image size of job updated: 732132
	715  -  MemoryUsage of job (MB)
	732132  -  ResidentSetSize of job (KB)
...
006 (7020620.389.000) 03/15 18:37:38 Image size of job updated: 732192
	716  -  MemoryUsage of job (MB)
	732192  -  ResidentSetSize of job (KB)
...
006 (7020620.389.000) 03/15 18:57:40 Image size of job updated: 732244
	716  -  MemoryUsage of job (MB)
	732244  -  ResidentSetSize of job (KB)
...
006 (7020620.389.000) 03/15 19:32:43 Image size of job updated: 732324
	716  -  MemoryUsage of job (MB)
	732324  -  ResidentSetSize of job (KB)
...
006 (7020620.389.000) 03/15 20:07:46 Image size of job updated: 732584
	716  -  MemoryUsage of job (MB)
	732584  -  ResidentSetSize of job (KB)
...
006 (7020620.389.000) 03/15 20:12:46 Image size of job updated: 741160
	724  -  MemoryUsage of job (MB)
	741160  -  ResidentSetSize of job (KB)
...
006 (7020620.389.000) 03/15 20:17:47 Image size of job updated: 747228
	730  -  MemoryUsage of job (MB)
	747228  -  ResidentSetSize of job (KB)
...
006 (7020620.389.000) 03/15 20:22:48 Image size of job updated: 747744
	731  -  MemoryUsage of job (MB)
	747744  -  ResidentSetSize of job (KB)
...
006 (7020620.389.000) 03/15 20:32:49 Image size of job updated: 747768
	731  -  MemoryUsage of job (MB)
	747768  -  ResidentSetSize of job (KB)
...
006 (7020620.389.000) 03/15 20:37:49 Image size of job updated: 747784
	731  -  MemoryUsage of job (MB)
	747784  -  ResidentSetSize of job (KB)
...
006 (7020620.389.000) 03/15 20:47:50 Image size of job updated: 748036
	731  -  MemoryUsage of job (MB)
	748036  -  ResidentSetSize of job (KB)
...
006 (7020620.389.000) 03/15 21:12:53 Image size of job updated: 749628
	731  -  MemoryUsage of job (MB)
	748036  -  ResidentSetSize of job (KB)
...
006 (7020620.389.000) 03/15 23:13:07 Image size of job updated: 749628
	732  -  MemoryUsage of job (MB)
	748940  -  ResidentSetSize of job (KB)
...
006 (7020620.389.000) 03/15 23:18:07 Image size of job updated: 749628
	732  -  MemoryUsage of job (MB)
	749080  -  ResidentSetSize of job (KB)
...
006 (7020620.389.000) 03/15 23:43:09 Image size of job updated: 749628
	732  -  MemoryUsage of job (MB)
	749128  -  ResidentSetSize of job (KB)
...
006 (7020620.389.000) 03/16 01:03:17 Image size of job updated: 749628
	732  -  MemoryUsage of job (MB)
	749204  -  ResidentSetSize of job (KB)
...
006 (7020620.389.000) 03/16 01:08:18 Image size of job updated: 750904
	732  -  MemoryUsage of job (MB)
	749204  -  ResidentSetSize of job (KB)
...
040 (7020620.389.000) 03/16 04:36:14 Started transferring output files
...
040 (7020620.389.000) 03/16 04:36:14 Finished transferring output files
...
005 (7020620.389.000) 03/16 04:36:14 Job terminated.
	(1) Normal termination (return value 0)
		Usr 0 15:48:03, Sys 0 00:00:43  -  Run Remote Usage
		Usr 0 00:00:00, Sys 0 00:00:00  -  Run Local Usage
		Usr 0 15:48:03, Sys 0 00:00:43  -  Total Remote Usage
		Usr 0 00:00:00, Sys 0 00:00:00  -  Total Local Usage
	6537  -  Run Bytes Sent By Job
	1379  -  Run Bytes Received By Job
	6537  -  Total Bytes Sent By Job
	1379  -  Total Bytes Received By Job
	Partitionable Resources :    Usage  Request Allocated 
	   Cpus                 :     0.99        1         1 
	   Disk (KB)            :    47           2      3675 
	   GPUs                 :                           0 
	   Memory (MB)          :   732        3000      3000 
	   TimeExecute (s)      : 57573                       
	   TimeSlotBusy (s)     : 57577                       

	Job terminated of its own accord at 2026-03-16T03:36:14Z with exit-code 0.
...
