000 (7020620.031.000) 03/15 11:56:14 Job submitted from host: <188.185.125.71:9618?addrs=188.185.125.71-9618+[2001-1458-d00-4a--100-15e]-9618&alias=bigbird28.cern.ch&noUDP&sock=schedd_2603_051c>
...
040 (7020620.031.000) 03/15 12:30:54 Started transferring input files
	Transferring to host: <188.185.214.43:9618?addrs=188.185.214.43-9618+[2001-1458-303-1c--100-27]-9618&alias=b9p29p7058.cern.ch&noUDP&sock=slot1_22_6113_e952_187654>
...
040 (7020620.031.000) 03/15 12:30:54 Finished transferring input files
...
001 (7020620.031.000) 03/15 12:30:55 Job executing on host: <188.185.214.43:9618?addrs=188.185.214.43-9618+[2001-1458-303-1c--100-27]-9618&alias=b9p29p7058.cern.ch&noUDP&sock=startd_5408_0443>
	SlotName: slot1_22@b9p29p7058.cern.ch
	CondorScratchDir = "/pool/condor/dir_1451785"
	Cpus = 1
	Disk = 3859
	GPUs = 0
	Memory = 3000
...
006 (7020620.031.000) 03/15 12:31:08 Image size of job updated: 884
	1  -  MemoryUsage of job (MB)
	884  -  ResidentSetSize of job (KB)
...
006 (7020620.031.000) 03/15 12:36:08 Image size of job updated: 205232
	201  -  MemoryUsage of job (MB)
	205232  -  ResidentSetSize of job (KB)
...
006 (7020620.031.000) 03/15 12:41:09 Image size of job updated: 681740
	647  -  MemoryUsage of job (MB)
	662052  -  ResidentSetSize of job (KB)
...
006 (7020620.031.000) 03/15 12:46:09 Image size of job updated: 681740
	651  -  MemoryUsage of job (MB)
	665996  -  ResidentSetSize of job (KB)
...
006 (7020620.031.000) 03/15 12:51:09 Image size of job updated: 681740
	651  -  MemoryUsage of job (MB)
	666004  -  ResidentSetSize of job (KB)
...
006 (7020620.031.000) 03/15 12:56:10 Image size of job updated: 681740
	652  -  MemoryUsage of job (MB)
	666708  -  ResidentSetSize of job (KB)
...
006 (7020620.031.000) 03/15 13:01:10 Image size of job updated: 681740
	652  -  MemoryUsage of job (MB)
	666712  -  ResidentSetSize of job (KB)
...
006 (7020620.031.000) 03/15 13:06:11 Image size of job updated: 681740
	653  -  MemoryUsage of job (MB)
	668144  -  ResidentSetSize of job (KB)
...
006 (7020620.031.000) 03/15 13:11:12 Image size of job updated: 681740
	653  -  MemoryUsage of job (MB)
	668148  -  ResidentSetSize of job (KB)
...
006 (7020620.031.000) 03/15 13:26:14 Image size of job updated: 681740
	653  -  MemoryUsage of job (MB)
	668152  -  ResidentSetSize of job (KB)
...
006 (7020620.031.000) 03/15 14:11:17 Image size of job updated: 681740
	660  -  MemoryUsage of job (MB)
	675816  -  ResidentSetSize of job (KB)
...
006 (7020620.031.000) 03/15 14:16:17 Image size of job updated: 684592
	669  -  MemoryUsage of job (MB)
	684592  -  ResidentSetSize of job (KB)
...
006 (7020620.031.000) 03/15 15:06:21 Image size of job updated: 686040
	670  -  MemoryUsage of job (MB)
	686040  -  ResidentSetSize of job (KB)
...
006 (7020620.031.000) 03/15 15:21:22 Image size of job updated: 686588
	671  -  MemoryUsage of job (MB)
	686588  -  ResidentSetSize of job (KB)
...
006 (7020620.031.000) 03/15 15:41:23 Image size of job updated: 687784
	672  -  MemoryUsage of job (MB)
	687784  -  ResidentSetSize of job (KB)
...
006 (7020620.031.000) 03/15 15:46:23 Image size of job updated: 689372
	674  -  MemoryUsage of job (MB)
	689372  -  ResidentSetSize of job (KB)
...
006 (7020620.031.000) 03/15 15:51:24 Image size of job updated: 689376
	674  -  MemoryUsage of job (MB)
	689376  -  ResidentSetSize of job (KB)
...
006 (7020620.031.000) 03/15 15:56:24 Image size of job updated: 689384
	674  -  MemoryUsage of job (MB)
	689384  -  ResidentSetSize of job (KB)
...
006 (7020620.031.000) 03/15 17:56:36 Image size of job updated: 759136
	727  -  MemoryUsage of job (MB)
	743896  -  ResidentSetSize of job (KB)
...
006 (7020620.031.000) 03/15 18:06:37 Image size of job updated: 759136
	731  -  MemoryUsage of job (MB)
	748156  -  ResidentSetSize of job (KB)
...
006 (7020620.031.000) 03/15 18:11:37 Image size of job updated: 759136
	735  -  MemoryUsage of job (MB)
	751664  -  ResidentSetSize of job (KB)
...
006 (7020620.031.000) 03/15 19:06:41 Image size of job updated: 759136
	735  -  MemoryUsage of job (MB)
	751700  -  ResidentSetSize of job (KB)
...
006 (7020620.031.000) 03/15 20:06:49 Image size of job updated: 759136
	735  -  MemoryUsage of job (MB)
	751728  -  ResidentSetSize of job (KB)
...
006 (7020620.031.000) 03/15 20:31:52 Image size of job updated: 759136
	735  -  MemoryUsage of job (MB)
	751760  -  ResidentSetSize of job (KB)
...
006 (7020620.031.000) 03/15 22:07:00 Image size of job updated: 759136
	736  -  MemoryUsage of job (MB)
	752784  -  ResidentSetSize of job (KB)
...
006 (7020620.031.000) 03/15 22:12:01 Image size of job updated: 759136
	736  -  MemoryUsage of job (MB)
	752876  -  ResidentSetSize of job (KB)
...
006 (7020620.031.000) 03/15 23:42:11 Image size of job updated: 759136
	736  -  MemoryUsage of job (MB)
	752912  -  ResidentSetSize of job (KB)
...
006 (7020620.031.000) 03/15 23:47:11 Image size of job updated: 759136
	736  -  MemoryUsage of job (MB)
	752960  -  ResidentSetSize of job (KB)
...
006 (7020620.031.000) 03/16 00:32:16 Image size of job updated: 759136
	738  -  MemoryUsage of job (MB)
	755044  -  ResidentSetSize of job (KB)
...
006 (7020620.031.000) 03/16 00:52:17 Image size of job updated: 759136
	738  -  MemoryUsage of job (MB)
	755048  -  ResidentSetSize of job (KB)
...
006 (7020620.031.000) 03/16 01:07:18 Image size of job updated: 759136
	738  -  MemoryUsage of job (MB)
	755060  -  ResidentSetSize of job (KB)
...
006 (7020620.031.000) 03/16 01:12:18 Image size of job updated: 759136
	738  -  MemoryUsage of job (MB)
	755068  -  ResidentSetSize of job (KB)
...
006 (7020620.031.000) 03/16 03:22:32 Image size of job updated: 759136
	738  -  MemoryUsage of job (MB)
	755076  -  ResidentSetSize of job (KB)
...
006 (7020620.031.000) 03/16 03:42:34 Image size of job updated: 759136
	738  -  MemoryUsage of job (MB)
	755216  -  ResidentSetSize of job (KB)
...
006 (7020620.031.000) 03/16 03:52:35 Image size of job updated: 759136
	738  -  MemoryUsage of job (MB)
	755224  -  ResidentSetSize of job (KB)
...
006 (7020620.031.000) 03/16 05:32:45 Image size of job updated: 759136
	740  -  MemoryUsage of job (MB)
	757664  -  ResidentSetSize of job (KB)
...
006 (7020620.031.000) 03/16 05:57:48 Image size of job updated: 759136
	740  -  MemoryUsage of job (MB)
	757680  -  ResidentSetSize of job (KB)
...
006 (7020620.031.000) 03/16 06:47:54 Image size of job updated: 759136
	740  -  MemoryUsage of job (MB)
	757688  -  ResidentSetSize of job (KB)
...
006 (7020620.031.000) 03/16 07:42:59 Image size of job updated: 759136
	741  -  MemoryUsage of job (MB)
	758000  -  ResidentSetSize of job (KB)
...
006 (7020620.031.000) 03/16 07:53:00 Image size of job updated: 775712
	754  -  MemoryUsage of job (MB)
	771340  -  ResidentSetSize of job (KB)
...
040 (7020620.031.000) 03/16 11:38:06 Started transferring output files
...
040 (7020620.031.000) 03/16 11:38:06 Finished transferring output files
...
005 (7020620.031.000) 03/16 11:38:06 Job terminated.
	(1) Normal termination (return value 0)
		Usr 0 21:58:49, Sys 0 00:02:40  -  Run Remote Usage
		Usr 0 00:00:00, Sys 0 00:00:00  -  Run Local Usage
		Usr 0 21:58:49, Sys 0 00:02:40  -  Total Remote Usage
		Usr 0 00:00:00, Sys 0 00:00:00  -  Total Local Usage
	12715  -  Run Bytes Sent By Job
	1379  -  Run Bytes Received By Job
	12715  -  Total Bytes Sent By Job
	1379  -  Total Bytes Received By Job
	Partitionable Resources :    Usage  Request Allocated 
	   Cpus                 :     0.99        1         1 
	   Disk (KB)            :    43           2      3859 
	   GPUs                 :                           0 
	   Memory (MB)          :   754        3000      3000 
	   TimeExecute (s)      : 83231                       
	   TimeSlotBusy (s)     : 83233                       

	Job terminated of its own accord at 2026-03-16T10:38:06Z with exit-code 0.
...
