search libraries in slc9_x86-64
 ~ 1) Base stack loaded.
 ~ Sleeping for 628 seconds to avoid AFS DDOS...
 ~ 2) Loading sndsw environment...
 ~ 3) SNDSW_ROOT is set to: /afs/cern.ch/user/i/idioniso/snd_master/sw-root6.28/rhel9_x86-64/sndsw/master-local1
 ~ 4) Executing tracking script...
[FATAL] No Branch list in input file
[INFO] The input consists out of the following trees and files: 
[INFO]  - rawConv
[INFO]     - root://eoshome-i.cern.ch//eos/user/i/idioniso/tridents/run_006640/recoTri_6640_f0316.1.root
[WARN] No time based branch list in input file
[INFO] FairRootFileSink initialized.
[INFO]  - cbmout
[INFO]     - dummy
[INFO] Parameter and input file are available, Assure that basic info is there for the run!
[INFO] ---FairRootManager::SpecifyRunId --- 
[INFO] --- Initialize with RunId  --- 0

************************************************************* 
     initialisation for run id 0
************************************************************* 
-I- FairRunTimeDB::InitContainer() FairBaseParSet
-I- FairRunTimeDB::InitContainer() FairGeoParSet

************************************************************* 
     initialisation for run id 0
************************************************************* 
-I- FairRunTimeDB::InitContainer() FairBaseParSet
-I- FairRunTimeDB::InitContainer() FairGeoParSet
[INFO]  Branch: Reco_MuonTracks not found in Tree.
using geofile: root://eospublic.cern.ch//eos/experiment/sndlhc/convertedData/physics/2023/geofile_sndlhc_TI18_V3_2023.root
[0%] 	 0/16 	 00:00:04
Match: Event 316276684, Lines 3, DAngle 0.1582
[1%] 	 1/16 	 00:00:57
Match: Event 316284697, Lines 4, DAngle 0.0412
[2%] 	 2/16 	 00:03:38
Match: Event 316291262, Lines 8, DAngle 0.2361
[3%] 	 3/16 	 00:09:04
Match: Event 316293216, Lines 3, DAngle 0.0852
[4%] 	 4/16 	 00:10:52
Match: Event 316310190, Lines 3, DAngle 0.1228
[5%] 	 5/16 	 00:12:57
Match: Event 316320237, Lines 3, DAngle 0.0271
[6%] 	 6/16 	 00:13:42
Match: Event 316329213, Lines 3, DAngle 0.0735
[7%] 	 7/16 	 00:16:40
Match: Event 316349671, Lines 3, DAngle 0.0271
[8%] 	 8/16 	 00:18:24
Match: Event 316382474, Lines 4, DAngle 0.0487
[9%] 	 9/16 	 00:21:04
Match: Event 316383994, Lines 4, DAngle 0.0531
[10%] 	 10/16 	 00:25:36
Match: Event 316413371, Lines 3, DAngle 0.0336
[11%] 	 11/16 	 00:26:41
Match: Event 316415058, Lines 3, DAngle 0.1399
[12%] 	 12/16 	 00:28:36
Match: Event 316437788, Lines 3, DAngle 0.1356
[13%] 	 13/16 	 00:35:46
Match: Event 316440364, Lines 3, DAngle 0.0065
[14%] 	 14/16 	 00:36:16
Match: Event 316482737, Lines 9, DAngle 0.2071
[15%] 	 15/16 	 00:40:51
Match: Event 316491873, Lines 3, DAngle 0.0271
Finished in 2517.46s.
 ~ 5) DONE !
