search libraries in slc9_x86-64
 ~ 1) Base stack loaded.
 ~ Sleeping for 578 seconds to avoid AFS DDOS...
 ~ 2) Loading sndsw environment...
 ~ 3) SNDSW_ROOT is set to: /afs/cern.ch/user/i/idioniso/snd_master/sw-root6.28/rhel9_x86-64/sndsw/master-local1
 ~ 4) Executing tracking script...
[FATAL] No Branch list in input file
[INFO] The input consists out of the following trees and files: 
[INFO]  - rawConv
[INFO]     - root://eoshome-i.cern.ch//eos/user/i/idioniso/tridents/run_006640/recoTri_6640_f0001.2.root
[WARN] No time based branch list in input file
[INFO] FairRootFileSink initialized.
[INFO]  - cbmout
[INFO]     - dummy
[INFO] Parameter and input file are available, Assure that basic info is there for the run!
[INFO] ---FairRootManager::SpecifyRunId --- 
[INFO] --- Initialize with RunId  --- 0

************************************************************* 
     initialisation for run id 0
************************************************************* 
-I- FairRunTimeDB::InitContainer() FairBaseParSet
-I- FairRunTimeDB::InitContainer() FairGeoParSet

************************************************************* 
     initialisation for run id 0
************************************************************* 
-I- FairRunTimeDB::InitContainer() FairBaseParSet
-I- FairRunTimeDB::InitContainer() FairGeoParSet
[INFO]  Branch: Reco_MuonTracks not found in Tree.
using geofile: root://eospublic.cern.ch//eos/experiment/sndlhc/convertedData/physics/2023/geofile_sndlhc_TI18_V3_2023.root
[0%] 	 0/19 	 00:00:05
Match: Event 1513881, Lines 3, DAngle 0.0983
[1%] 	 1/19 	 00:07:58
Match: Event 1522012, Lines 4, DAngle 0.0920
[2%] 	 2/19 	 00:09:21
Match: Event 1532240, Lines 4, DAngle 0.5430
[3%] 	 3/19 	 00:17:00
Match: Event 1554244, Lines 3, DAngle 0.0595
[4%] 	 4/19 	 00:18:35
Match: Event 1594215, Lines 3, DAngle 0.0596
[5%] 	 5/19 	 00:19:08
Match: Event 1599626, Lines 3, DAngle 0.0162
[6%] 	 6/19 	 00:20:44
Match: Event 1603882, Lines 5, DAngle 0.1858
[7%] 	 7/19 	 00:29:08
Match: Event 1609249, Lines 3, DAngle 0.0097
[8%] 	 8/19 	 00:32:06
Match: Event 1610536, Lines 3, DAngle 0.2083
[9%] 	 9/19 	 00:41:57
Match: Event 1628665, Lines 6, DAngle 0.0833
[10%] 	 10/19 	 00:48:33
Match: Event 1633411, Lines 5, DAngle 0.5614
[11%] 	 11/19 	 01:01:40
Match: Event 1638441, Lines 4, DAngle 0.0887
[12%] 	 12/19 	 01:04:13
Match: Event 1650480, Lines 3, DAngle 0.0162
[13%] 	 13/19 	 01:05:23
Match: Event 1655971, Lines 3, DAngle 0.0855
[14%] 	 14/19 	 01:09:40
Match: Event 1657808, Lines 3, DAngle 0.0789
[15%] 	 15/19 	 01:12:41
Match: Event 1662495, Lines 3, DAngle 0.1124
[16%] 	 16/19 	 01:14:53
Match: Event 1678752, Lines 5, DAngle 0.1917
[17%] 	 17/19 	 01:17:26
Match: Event 1683881, Lines 4, DAngle 0.0993
[18%] 	 18/19 	 01:19:39
Match: Event 1691559, Lines 3, DAngle 0.1282
Finished in 4958.23s.
 ~ 5) DONE !
