search libraries in slc9_x86-64
 ~ 1) Base stack loaded.
 ~ Sleeping for 1118 seconds to avoid AFS DDOS...
 ~ 2) Loading sndsw environment...
 ~ 3) SNDSW_ROOT is set to: /afs/cern.ch/user/i/idioniso/snd_master/sw-root6.28/rhel9_x86-64/sndsw/master-local1
 ~ 4) Executing tracking script...
[FATAL] No Branch list in input file
[INFO] The input consists out of the following trees and files: 
[INFO]  - rawConv
[INFO]     - root://eoshome-i.cern.ch//eos/user/i/idioniso/tridents/run_006640/recoTri_6640_f0081.2.root
[WARN] No time based branch list in input file
[INFO] FairRootFileSink initialized.
[INFO]  - cbmout
[INFO]     - dummy
[INFO] Parameter and input file are available, Assure that basic info is there for the run!
[INFO] ---FairRootManager::SpecifyRunId --- 
[INFO] --- Initialize with RunId  --- 0

************************************************************* 
     initialisation for run id 0
************************************************************* 
-I- FairRunTimeDB::InitContainer() FairBaseParSet
-I- FairRunTimeDB::InitContainer() FairGeoParSet

************************************************************* 
     initialisation for run id 0
************************************************************* 
-I- FairRunTimeDB::InitContainer() FairBaseParSet
-I- FairRunTimeDB::InitContainer() FairGeoParSet
[INFO]  Branch: Reco_MuonTracks not found in Tree.
using geofile: root://eospublic.cern.ch//eos/experiment/sndlhc/convertedData/physics/2023/geofile_sndlhc_TI18_V3_2023.root
[0%] 	 0/19 	 00:00:05
Match: Event 81502568, Lines 3, DAngle 0.0660
[1%] 	 1/19 	 00:07:07
Match: Event 81526689, Lines 11, DAngle 0.4345
[2%] 	 2/19 	 00:14:45
Match: Event 81573703, Lines 3, DAngle 0.1574
[3%] 	 3/19 	 00:19:35
Match: Event 81575477, Lines 4, DAngle 0.0162
[4%] 	 4/19 	 00:21:11
Match: Event 81581280, Lines 3, DAngle 0.0422
[5%] 	 5/19 	 00:30:44
Match: Event 81588299, Lines 5, DAngle 0.1039
[6%] 	 6/19 	 00:33:37
Match: Event 81605167, Lines 9, DAngle 0.0249
[7%] 	 7/19 	 00:41:55
Match: Event 81609511, Lines 3, DAngle 0.0779
[8%] 	 8/19 	 00:43:17
Match: Event 81614237, Lines 3, DAngle 0.0682
[9%] 	 9/19 	 00:46:16
Match: Event 81618430, Lines 3, DAngle 0.0909
[10%] 	 10/19 	 00:49:04
Match: Event 81627510, Lines 4, DAngle 0.0714
[11%] 	 11/19 	 00:51:28
Match: Event 81630435, Lines 4, DAngle 0.1462
[12%] 	 12/19 	 01:07:42
Match: Event 81647271, Lines 3, DAngle 0.0520
[13%] 	 13/19 	 01:11:14
Match: Event 81647459, Lines 5, DAngle 0.1946
[14%] 	 14/19 	 01:13:16
Match: Event 81649963, Lines 3, DAngle 0.1850
[15%] 	 15/19 	 01:15:06
Match: Event 81668053, Lines 3, DAngle 0.0422
[16%] 	 16/19 	 01:17:26
Match: Event 81705106, Lines 5, DAngle 0.0173
[17%] 	 17/19 	 01:24:21
Match: Event 81717289, Lines 3, DAngle 0.1325
[18%] 	 18/19 	 01:26:21
Match: Event 81733962, Lines 3, DAngle 0.1962
Finished in 5339.49s.
 ~ 5) DONE !
