search libraries in slc9_x86-64
 ~ 1) Base stack loaded.
 ~ Sleeping for 1024 seconds to avoid AFS DDOS...
 ~ 2) Loading sndsw environment...
 ~ 3) SNDSW_ROOT is set to: /afs/cern.ch/user/i/idioniso/snd_master/sw-root6.28/rhel9_x86-64/sndsw/master-local1
 ~ 4) Executing tracking script...
[FATAL] No Branch list in input file
[INFO] The input consists out of the following trees and files: 
[INFO]  - rawConv
[INFO]     - root://eoshome-i.cern.ch//eos/user/i/idioniso/tridents/run_006640/recoTri_6640_f0001.1.root
[WARN] No time based branch list in input file
[INFO] FairRootFileSink initialized.
[INFO]  - cbmout
[INFO]     - dummy
[INFO] Parameter and input file are available, Assure that basic info is there for the run!
[INFO] ---FairRootManager::SpecifyRunId --- 
[INFO] --- Initialize with RunId  --- 0

************************************************************* 
     initialisation for run id 0
************************************************************* 
-I- FairRunTimeDB::InitContainer() FairBaseParSet
-I- FairRunTimeDB::InitContainer() FairGeoParSet

************************************************************* 
     initialisation for run id 0
************************************************************* 
-I- FairRunTimeDB::InitContainer() FairBaseParSet
-I- FairRunTimeDB::InitContainer() FairGeoParSet
[INFO]  Branch: Reco_MuonTracks not found in Tree.
using geofile: root://eospublic.cern.ch//eos/experiment/sndlhc/convertedData/physics/2023/geofile_sndlhc_TI18_V3_2023.root
[0%] 	 0/28 	 00:00:04
Match: Event 1257195, Lines 3, DAngle 0.0411
[1%] 	 1/28 	 00:03:26
Match: Event 1262741, Lines 3, DAngle 0.0541
[2%] 	 2/28 	 00:05:02
Match: Event 1284728, Lines 3, DAngle 0.1679
[3%] 	 3/28 	 00:08:47
Match: Event 1321433, Lines 3, DAngle 0.0314
[4%] 	 4/28 	 00:09:06
Match: Event 1327078, Lines 11, DAngle 0.2490
[5%] 	 5/28 	 00:23:53
Match: Event 1334244, Lines 3, DAngle 0.0401
[6%] 	 6/28 	 00:24:19
Match: Event 1343633, Lines 4, DAngle 0.1762
[7%] 	 7/28 	 00:34:09
Match: Event 1345384, Lines 4, DAngle 0.0152
[8%] 	 8/28 	 00:35:19
Match: Event 1345962, Lines 3, DAngle 0.1220
[9%] 	 9/28 	 00:36:24
Match: Event 1353282, Lines 5, DAngle 0.1502
[10%] 	 10/28 	 00:39:19
Match: Event 1363386, Lines 4, DAngle 0.0162
[11%] 	 11/28 	 00:42:27
Match: Event 1370040, Lines 3, DAngle 0.0639
[12%] 	 12/28 	 00:45:30
Match: Event 1370819, Lines 4, DAngle 0.2803
[13%] 	 13/28 	 00:47:37
Match: Event 1372553, Lines 11, DAngle 0.2166
[14%] 	 14/28 	 01:00:50
Match: Event 1385828, Lines 5, DAngle 0.0942
[15%] 	 15/28 	 01:08:06
Match: Event 1396354, Lines 3, DAngle 0.0076
[16%] 	 16/28 	 01:10:46
Match: Event 1400252, Lines 4, DAngle 0.0401
[17%] 	 17/28 	 01:15:49
Match: Event 1408481, Lines 3, DAngle 0.0758
[18%] 	 18/28 	 01:16:27
Match: Event 1412074, Lines 4, DAngle 0.0173
[19%] 	 19/28 	 01:19:05
Match: Event 1419849, Lines 4, DAngle 0.0866
[20%] 	 20/28 	 01:22:18
Match: Event 1424435, Lines 5, DAngle 0.2409
[21%] 	 21/28 	 01:27:16
Match: Event 1431413, Lines 3, DAngle 0.0831
[22%] 	 22/28 	 01:29:20
Match: Event 1437386, Lines 4, DAngle 0.0681
[23%] 	 23/28 	 01:30:45
Match: Event 1476899, Lines 4, DAngle 0.1061
[24%] 	 24/28 	 01:33:14
Match: Event 1477913, Lines 3, DAngle 0.0238
[25%] 	 25/28 	 01:34:04
Match: Event 1479340, Lines 3, DAngle 0.0606
[26%] 	 26/28 	 01:37:02
Match: Event 1481786, Lines 5, DAngle 0.1017
[27%] 	 27/28 	 01:38:49
Match: Event 1490052, Lines 5, DAngle 0.0931
Finished in 6250.70s.
 ~ 5) DONE !
