search libraries in slc9_x86-64
 ~ 1) Base stack loaded.
 ~ Sleeping for 964 seconds to avoid AFS DDOS...
 ~ 2) Loading sndsw environment...
 ~ 3) SNDSW_ROOT is set to: /afs/cern.ch/user/i/idioniso/snd_master/sw-root6.28/rhel9_x86-64/sndsw/master-local1
 ~ 4) Executing tracking script...
[FATAL] No Branch list in input file
[INFO] The input consists out of the following trees and files: 
[INFO]  - rawConv
[INFO]     - root://eoshome-i.cern.ch//eos/user/i/idioniso/tridents/run_006640/recoTri_6640_f0186.1.root
[WARN] No time based branch list in input file
[INFO] FairRootFileSink initialized.
[INFO]  - cbmout
[INFO]     - dummy
[INFO] Parameter and input file are available, Assure that basic info is there for the run!
[INFO] ---FairRootManager::SpecifyRunId --- 
[INFO] --- Initialize with RunId  --- 0

************************************************************* 
     initialisation for run id 0
************************************************************* 
-I- FairRunTimeDB::InitContainer() FairBaseParSet
-I- FairRunTimeDB::InitContainer() FairGeoParSet

************************************************************* 
     initialisation for run id 0
************************************************************* 
-I- FairRunTimeDB::InitContainer() FairBaseParSet
-I- FairRunTimeDB::InitContainer() FairGeoParSet
[INFO]  Branch: Reco_MuonTracks not found in Tree.
using geofile: root://eospublic.cern.ch//eos/experiment/sndlhc/convertedData/physics/2023/geofile_sndlhc_TI18_V3_2023.root
[0%] 	 0/35 	 00:00:05
Match: Event 186276591, Lines 3, DAngle 0.1276
[1%] 	 1/35 	 00:01:20
Match: Event 186277162, Lines 3, DAngle 0.1309
[2%] 	 2/35 	 00:03:46
Match: Event 186279742, Lines 5, DAngle 0.2294
[3%] 	 3/35 	 00:09:26
Match: Event 186301697, Lines 3, DAngle 0.0942
[4%] 	 4/35 	 00:10:09
Match: Event 186315476, Lines 3, DAngle 0.0000
[5%] 	 5/35 	 00:11:00
Match: Event 186338404, Lines 4, DAngle 0.0292
[6%] 	 6/35 	 00:17:12
Match: Event 186347142, Lines 3, DAngle 0.0119
[7%] 	 7/35 	 00:18:42
Match: Event 186352402, Lines 3, DAngle 0.0022
[8%] 	 8/35 	 00:21:41
Match: Event 186352483, Lines 3, DAngle 0.0996
[9%] 	 9/35 	 00:23:24
Match: Event 186360102, Lines 4, DAngle 0.0022
[10%] 	 10/35 	 00:25:56
Match: Event 186364794, Lines 3, DAngle 0.0940
[11%] 	 11/35 	 00:32:06
Match: Event 186372495, Lines 3, DAngle 0.0855
[12%] 	 12/35 	 00:33:23
Match: Event 186376408, Lines 3, DAngle 0.0336
[13%] 	 13/35 	 00:35:05
Match: Event 186382585, Lines 3, DAngle 0.0530
[14%] 	 14/35 	 00:36:23
Match: Event 186388079, Lines 3, DAngle 0.0671
[15%] 	 15/35 	 00:37:08
Match: Event 186395084, Lines 3, DAngle 0.0336
[16%] 	 16/35 	 00:38:41
Match: Event 186399916, Lines 3, DAngle 0.0498
[17%] 	 17/35 	 00:40:51
Match: Event 186408781, Lines 3, DAngle 0.0552
[18%] 	 18/35 	 00:42:55
Match: Event 186413426, Lines 3, DAngle 0.0271
[19%] 	 19/35 	 00:44:14
Match: Event 186414996, Lines 3, DAngle 0.0671
[20%] 	 20/35 	 00:45:16
Match: Event 186421453, Lines 3, DAngle 0.0908
[21%] 	 21/35 	 00:46:59
Match: Event 186438618, Lines 4, DAngle 0.1136
[22%] 	 22/35 	 00:47:58
Match: Event 186442345, Lines 3, DAngle 0.1303
[23%] 	 23/35 	 00:49:56
Match: Event 186443162, Lines 3, DAngle 0.0574
[24%] 	 24/35 	 00:51:47
Match: Event 186450839, Lines 3, DAngle 0.0065
[25%] 	 25/35 	 00:55:04
Match: Event 186452369, Lines 4, DAngle 0.1093
[26%] 	 26/35 	 00:59:02
Match: Event 186453455, Lines 10, DAngle 0.6374
[27%] 	 27/35 	 01:19:07
[28%] 	 28/35 	 01:20:10
Match: Event 186474553, Lines 3, DAngle 0.0476
[29%] 	 29/35 	 01:22:58
Match: Event 186476813, Lines 3, DAngle 0.0152
[30%] 	 30/35 	 01:24:49
Match: Event 186482302, Lines 5, DAngle 0.0769
[31%] 	 31/35 	 01:27:18
Match: Event 186490310, Lines 3, DAngle 0.0498
[32%] 	 32/35 	 01:29:20
Match: Event 186490675, Lines 4, DAngle 0.0541
[33%] 	 33/35 	 01:31:01
Match: Event 186493621, Lines 4, DAngle 0.1748
[34%] 	 34/35 	 01:35:14
Match: Event 186498760, Lines 3, DAngle 0.5628
Finished in 6493.15s.
 ~ 5) DONE !
