search libraries in slc9_x86-64
 ~ 1) Base stack loaded.
 ~ Sleeping for 168 seconds to avoid AFS DDOS...
 ~ 2) Loading sndsw environment...
 ~ 3) SNDSW_ROOT is set to: /afs/cern.ch/user/i/idioniso/snd_master/sw-root6.28/rhel9_x86-64/sndsw/master-local1
 ~ 4) Executing tracking script...
[FATAL] No Branch list in input file
[INFO] The input consists out of the following trees and files: 
[INFO]  - rawConv
[INFO]     - root://eoshome-i.cern.ch//eos/user/i/idioniso/tridents/run_006640/recoTri_6640_f0112.1.root
[WARN] No time based branch list in input file
[INFO] FairRootFileSink initialized.
[INFO]  - cbmout
[INFO]     - dummy
[INFO] Parameter and input file are available, Assure that basic info is there for the run!
[INFO] ---FairRootManager::SpecifyRunId --- 
[INFO] --- Initialize with RunId  --- 0

************************************************************* 
     initialisation for run id 0
************************************************************* 
-I- FairRunTimeDB::InitContainer() FairBaseParSet
-I- FairRunTimeDB::InitContainer() FairGeoParSet

************************************************************* 
     initialisation for run id 0
************************************************************* 
-I- FairRunTimeDB::InitContainer() FairBaseParSet
-I- FairRunTimeDB::InitContainer() FairGeoParSet
[INFO]  Branch: Reco_MuonTracks not found in Tree.
using geofile: root://eospublic.cern.ch//eos/experiment/sndlhc/convertedData/physics/2023/geofile_sndlhc_TI18_V3_2023.root
[0%] 	 0/32 	 00:00:06
Match: Event 112253082, Lines 3, DAngle 0.0173
[1%] 	 1/32 	 00:01:29
Match: Event 112277000, Lines 6, DAngle 0.1007
[2%] 	 2/32 	 00:11:51
Match: Event 112278628, Lines 3, DAngle 0.2515
[3%] 	 3/32 	 00:13:18
Match: Event 112279079, Lines 3, DAngle 0.0346
[4%] 	 4/32 	 00:16:34
Match: Event 112293483, Lines 3, DAngle 0.1007
[5%] 	 5/32 	 00:20:03
Match: Event 112303147, Lines 3, DAngle 0.0011
[6%] 	 6/32 	 00:21:16
Match: Event 112305363, Lines 3, DAngle 0.0897
[7%] 	 7/32 	 00:29:42
Match: Event 112314968, Lines 3, DAngle 0.0574
[8%] 	 8/32 	 00:32:23
Match: Event 112323305, Lines 3, DAngle 0.1522
[9%] 	 9/32 	 00:32:50
Match: Event 112336788, Lines 3, DAngle 0.1158
[10%] 	 10/32 	 00:35:07
Match: Event 112349709, Lines 6, DAngle 0.3168
[11%] 	 11/32 	 00:42:42
Match: Event 112349854, Lines 8, DAngle 0.4665
[12%] 	 12/32 	 01:07:20
Match: Event 112351041, Lines 3, DAngle 0.0788
[13%] 	 13/32 	 01:07:50
Match: Event 112359378, Lines 3, DAngle 0.1166
[14%] 	 14/32 	 01:12:15
Match: Event 112368342, Lines 3, DAngle 0.1835
[15%] 	 15/32 	 01:20:02
Match: Event 112385489, Lines 8, DAngle 0.1685
[16%] 	 16/32 	 01:36:42
Match: Event 112386172, Lines 7, DAngle 0.2670
[17%] 	 17/32 	 01:55:48
Match: Event 112389105, Lines 3, DAngle 0.0595
[18%] 	 18/32 	 01:58:18
Match: Event 112391288, Lines 3, DAngle 0.0898
[19%] 	 19/32 	 02:00:14
Match: Event 112402828, Lines 3, DAngle 0.1346
[20%] 	 20/32 	 02:00:58
Match: Event 112420487, Lines 3, DAngle 0.1093
[21%] 	 21/32 	 02:06:32
Match: Event 112433109, Lines 4, DAngle 0.1479
[22%] 	 22/32 	 02:11:34
Match: Event 112433762, Lines 3, DAngle 0.0833
[23%] 	 23/32 	 02:12:57
Match: Event 112437211, Lines 4, DAngle 0.1134
[24%] 	 24/32 	 02:21:48
Match: Event 112437533, Lines 3, DAngle 0.0477
[25%] 	 25/32 	 02:22:27
Match: Event 112454099, Lines 5, DAngle 0.1405
[26%] 	 26/32 	 02:44:51
Match: Event 112458054, Lines 3, DAngle 0.0702
[27%] 	 27/32 	 02:50:54
Match: Event 112474160, Lines 3, DAngle 0.0909
[28%] 	 28/32 	 02:52:05
Match: Event 112476241, Lines 3, DAngle 0.0032
[29%] 	 29/32 	 02:52:38
Match: Event 112481729, Lines 3, DAngle 0.0379
[30%] 	 30/32 	 02:54:46
Match: Event 112488427, Lines 3, DAngle 0.0022
[31%] 	 31/32 	 02:55:42
Match: Event 112490168, Lines 3, DAngle 0.0584
Finished in 10577.75s.
 ~ 5) DONE !
