WARNING: not updating modulefiles
ERROR: sndsw/latest-master-release was not found
Info in <TGeoManager::CloseGeometry>: Geometry loaded from file...
Info in <TGeoManager::SetTopVolume>: Top volume is cave. Master volume is cave
Info in <TGeoNavigator::BuildCache>: --- Maximum geometry depth set to 100
Info in <TGeoManager::Voxelize>: Voxelizing...
Info in <TGeoManager::CountLevels>: max level = 7, max placements = 2829
Info in <TGeoManager::CloseGeometry>: 342601 nodes/ 94 volume UID's in FAIR geometry
Info in <TGeoManager::CloseGeometry>: ----------------modeler ready----------------
Info in <TBranchElement::InitializeOffsets>: TTree created with an older schema, some data might not be copied in 'slow-cloning' mode; fast-cloning should have the correct result. 'ly_loss_params[4]' is missing when constructing the branch 'Digi_ScifiHits'. 
 *** Break *** segmentation violation



===========================================================
There was a crash.
This is the entire stack trace of all threads:
===========================================================

Thread 15 (Thread 0x14f593675640 (LWP 174) "python"):
#0  0x000014f5c250fa0e in epoll_wait () from /lib64/libc.so.6
#1  0x000014f593c319b2 in XrdSys::IOEvents::PollE::Begin (this=0x55cd527e70a0, syncsem=<optimized out>, retcode=<optimized out>, eTxt=<optimized out>) at /cvmfs/sndlhc.cern.ch/SNDLHC-2025/Jan30/sw/BUILD/e179b57eae254945ec18e84d8e0cc5e2d14bafa1/XRootD/src/XrdSys/XrdSysIOEventsPollE.icc:211
#2  0x000014f593c2e3ed in XrdSys::IOEvents::BootStrap::Start (parg=0x7ffe9be83940) at /cvmfs/sndlhc.cern.ch/SNDLHC-2025/Jan30/sw/BUILD/e179b57eae254945ec18e84d8e0cc5e2d14bafa1/XRootD/src/XrdSys/XrdSysIOEvents.cc:149
#3  0x000014f593c369e8 in XrdSysThread_Xeq (myargs=0x55cd527a11b0) at /cvmfs/sndlhc.cern.ch/SNDLHC-2025/Jan30/sw/BUILD/e179b57eae254945ec18e84d8e0cc5e2d14bafa1/XRootD/src/XrdSys/XrdSysPthread.cc:86
#4  0x000014f5c248b2ea in start_thread () from /lib64/libc.so.6
#5  0x000014f5c25103d0 in clone3 () from /lib64/libc.so.6

Thread 14 (Thread 0x14f593474640 (LWP 175) "python"):
#0  0x000014f5c250fa0e in epoll_wait () from /lib64/libc.so.6
#1  0x000014f593c319b2 in XrdSys::IOEvents::PollE::Begin (this=0x55cd5279aef0, syncsem=<optimized out>, retcode=<optimized out>, eTxt=<optimized out>) at /cvmfs/sndlhc.cern.ch/SNDLHC-2025/Jan30/sw/BUILD/e179b57eae254945ec18e84d8e0cc5e2d14bafa1/XRootD/src/XrdSys/XrdSysIOEventsPollE.icc:211
#2  0x000014f593c2e3ed in XrdSys::IOEvents::BootStrap::Start (parg=0x7ffe9be83940) at /cvmfs/sndlhc.cern.ch/SNDLHC-2025/Jan30/sw/BUILD/e179b57eae254945ec18e84d8e0cc5e2d14bafa1/XRootD/src/XrdSys/XrdSysIOEvents.cc:149
#3  0x000014f593c369e8 in XrdSysThread_Xeq (myargs=0x55cd5293db20) at /cvmfs/sndlhc.cern.ch/SNDLHC-2025/Jan30/sw/BUILD/e179b57eae254945ec18e84d8e0cc5e2d14bafa1/XRootD/src/XrdSys/XrdSysPthread.cc:86
#4  0x000014f5c248b2ea in start_thread () from /lib64/libc.so.6
#5  0x000014f5c25103d0 in clone3 () from /lib64/libc.so.6

Thread 13 (Thread 0x14f593273640 (LWP 176) "python"):
#0  0x000014f5c250fa0e in epoll_wait () from /lib64/libc.so.6
#1  0x000014f593c319b2 in XrdSys::IOEvents::PollE::Begin (this=0x55cd5286f650, syncsem=<optimized out>, retcode=<optimized out>, eTxt=<optimized out>) at /cvmfs/sndlhc.cern.ch/SNDLHC-2025/Jan30/sw/BUILD/e179b57eae254945ec18e84d8e0cc5e2d14bafa1/XRootD/src/XrdSys/XrdSysIOEventsPollE.icc:211
#2  0x000014f593c2e3ed in XrdSys::IOEvents::BootStrap::Start (parg=0x7ffe9be83940) at /cvmfs/sndlhc.cern.ch/SNDLHC-2025/Jan30/sw/BUILD/e179b57eae254945ec18e84d8e0cc5e2d14bafa1/XRootD/src/XrdSys/XrdSysIOEvents.cc:149
#3  0x000014f593c369e8 in XrdSysThread_Xeq (myargs=0x55cd52864a10) at /cvmfs/sndlhc.cern.ch/SNDLHC-2025/Jan30/sw/BUILD/e179b57eae254945ec18e84d8e0cc5e2d14bafa1/XRootD/src/XrdSys/XrdSysPthread.cc:86
#4  0x000014f5c248b2ea in start_thread () from /lib64/libc.so.6
#5  0x000014f5c25103d0 in clone3 () from /lib64/libc.so.6

Thread 12 (Thread 0x14f593072640 (LWP 177) "python"):
#0  0x000014f5c250fa0e in epoll_wait () from /lib64/libc.so.6
#1  0x000014f593c319b2 in XrdSys::IOEvents::PollE::Begin (this=0x55cd528314a0, syncsem=<optimized out>, retcode=<optimized out>, eTxt=<optimized out>) at /cvmfs/sndlhc.cern.ch/SNDLHC-2025/Jan30/sw/BUILD/e179b57eae254945ec18e84d8e0cc5e2d14bafa1/XRootD/src/XrdSys/XrdSysIOEventsPollE.icc:211
#2  0x000014f593c2e3ed in XrdSys::IOEvents::BootStrap::Start (parg=0x7ffe9be83940) at /cvmfs/sndlhc.cern.ch/SNDLHC-2025/Jan30/sw/BUILD/e179b57eae254945ec18e84d8e0cc5e2d14bafa1/XRootD/src/XrdSys/XrdSysIOEvents.cc:149
#3  0x000014f593c369e8 in XrdSysThread_Xeq (myargs=0x55cd5293eed0) at /cvmfs/sndlhc.cern.ch/SNDLHC-2025/Jan30/sw/BUILD/e179b57eae254945ec18e84d8e0cc5e2d14bafa1/XRootD/src/XrdSys/XrdSysPthread.cc:86
#4  0x000014f5c248b2ea in start_thread () from /lib64/libc.so.6
#5  0x000014f5c25103d0 in clone3 () from /lib64/libc.so.6

Thread 11 (Thread 0x14f592e71640 (LWP 178) "python"):
#0  0x000014f5c250fa0e in epoll_wait () from /lib64/libc.so.6
#1  0x000014f593c319b2 in XrdSys::IOEvents::PollE::Begin (this=0x55cd52829e50, syncsem=<optimized out>, retcode=<optimized out>, eTxt=<optimized out>) at /cvmfs/sndlhc.cern.ch/SNDLHC-2025/Jan30/sw/BUILD/e179b57eae254945ec18e84d8e0cc5e2d14bafa1/XRootD/src/XrdSys/XrdSysIOEventsPollE.icc:211
#2  0x000014f593c2e3ed in XrdSys::IOEvents::BootStrap::Start (parg=0x7ffe9be83940) at /cvmfs/sndlhc.cern.ch/SNDLHC-2025/Jan30/sw/BUILD/e179b57eae254945ec18e84d8e0cc5e2d14bafa1/XRootD/src/XrdSys/XrdSysIOEvents.cc:149
#3  0x000014f593c369e8 in XrdSysThread_Xeq (myargs=0x55cd52828e20) at /cvmfs/sndlhc.cern.ch/SNDLHC-2025/Jan30/sw/BUILD/e179b57eae254945ec18e84d8e0cc5e2d14bafa1/XRootD/src/XrdSys/XrdSysPthread.cc:86
#4  0x000014f5c248b2ea in start_thread () from /lib64/libc.so.6
#5  0x000014f5c25103d0 in clone3 () from /lib64/libc.so.6

Thread 10 (Thread 0x14f592c70640 (LWP 179) "python"):
#0  0x000014f5c250fa0e in epoll_wait () from /lib64/libc.so.6
#1  0x000014f593c319b2 in XrdSys::IOEvents::PollE::Begin (this=0x55cd5292cc20, syncsem=<optimized out>, retcode=<optimized out>, eTxt=<optimized out>) at /cvmfs/sndlhc.cern.ch/SNDLHC-2025/Jan30/sw/BUILD/e179b57eae254945ec18e84d8e0cc5e2d14bafa1/XRootD/src/XrdSys/XrdSysIOEventsPollE.icc:211
#2  0x000014f593c2e3ed in XrdSys::IOEvents::BootStrap::Start (parg=0x7ffe9be83940) at /cvmfs/sndlhc.cern.ch/SNDLHC-2025/Jan30/sw/BUILD/e179b57eae254945ec18e84d8e0cc5e2d14bafa1/XRootD/src/XrdSys/XrdSysIOEvents.cc:149
#3  0x000014f593c369e8 in XrdSysThread_Xeq (myargs=0x55cd5281e3a0) at /cvmfs/sndlhc.cern.ch/SNDLHC-2025/Jan30/sw/BUILD/e179b57eae254945ec18e84d8e0cc5e2d14bafa1/XRootD/src/XrdSys/XrdSysPthread.cc:86
#4  0x000014f5c248b2ea in start_thread () from /lib64/libc.so.6
#5  0x000014f5c25103d0 in clone3 () from /lib64/libc.so.6

Thread 9 (Thread 0x14f592a6f640 (LWP 180) "python"):
#0  0x000014f5c250fa0e in epoll_wait () from /lib64/libc.so.6
#1  0x000014f593c319b2 in XrdSys::IOEvents::PollE::Begin (this=0x55cd528621f0, syncsem=<optimized out>, retcode=<optimized out>, eTxt=<optimized out>) at /cvmfs/sndlhc.cern.ch/SNDLHC-2025/Jan30/sw/BUILD/e179b57eae254945ec18e84d8e0cc5e2d14bafa1/XRootD/src/XrdSys/XrdSysIOEventsPollE.icc:211
#2  0x000014f593c2e3ed in XrdSys::IOEvents::BootStrap::Start (parg=0x7ffe9be83940) at /cvmfs/sndlhc.cern.ch/SNDLHC-2025/Jan30/sw/BUILD/e179b57eae254945ec18e84d8e0cc5e2d14bafa1/XRootD/src/XrdSys/XrdSysIOEvents.cc:149
#3  0x000014f593c369e8 in XrdSysThread_Xeq (myargs=0x55cd52828e50) at /cvmfs/sndlhc.cern.ch/SNDLHC-2025/Jan30/sw/BUILD/e179b57eae254945ec18e84d8e0cc5e2d14bafa1/XRootD/src/XrdSys/XrdSysPthread.cc:86
#4  0x000014f5c248b2ea in start_thread () from /lib64/libc.so.6
#5  0x000014f5c25103d0 in clone3 () from /lib64/libc.so.6

Thread 8 (Thread 0x14f59286e640 (LWP 181) "python"):
#0  0x000014f5c250fa0e in epoll_wait () from /lib64/libc.so.6
#1  0x000014f593c319b2 in XrdSys::IOEvents::PollE::Begin (this=0x55cd52957330, syncsem=<optimized out>, retcode=<optimized out>, eTxt=<optimized out>) at /cvmfs/sndlhc.cern.ch/SNDLHC-2025/Jan30/sw/BUILD/e179b57eae254945ec18e84d8e0cc5e2d14bafa1/XRootD/src/XrdSys/XrdSysIOEventsPollE.icc:211
#2  0x000014f593c2e3ed in XrdSys::IOEvents::BootStrap::Start (parg=0x7ffe9be83940) at /cvmfs/sndlhc.cern.ch/SNDLHC-2025/Jan30/sw/BUILD/e179b57eae254945ec18e84d8e0cc5e2d14bafa1/XRootD/src/XrdSys/XrdSysIOEvents.cc:149
#3  0x000014f593c369e8 in XrdSysThread_Xeq (myargs=0x55cd5287dbd0) at /cvmfs/sndlhc.cern.ch/SNDLHC-2025/Jan30/sw/BUILD/e179b57eae254945ec18e84d8e0cc5e2d14bafa1/XRootD/src/XrdSys/XrdSysPthread.cc:86
#4  0x000014f5c248b2ea in start_thread () from /lib64/libc.so.6
#5  0x000014f5c25103d0 in clone3 () from /lib64/libc.so.6

Thread 7 (Thread 0x14f59266d640 (LWP 182) "python"):
#0  0x000014f5c250fa0e in epoll_wait () from /lib64/libc.so.6
#1  0x000014f593c319b2 in XrdSys::IOEvents::PollE::Begin (this=0x55cd52938860, syncsem=<optimized out>, retcode=<optimized out>, eTxt=<optimized out>) at /cvmfs/sndlhc.cern.ch/SNDLHC-2025/Jan30/sw/BUILD/e179b57eae254945ec18e84d8e0cc5e2d14bafa1/XRootD/src/XrdSys/XrdSysIOEventsPollE.icc:211
#2  0x000014f593c2e3ed in XrdSys::IOEvents::BootStrap::Start (parg=0x7ffe9be83940) at /cvmfs/sndlhc.cern.ch/SNDLHC-2025/Jan30/sw/BUILD/e179b57eae254945ec18e84d8e0cc5e2d14bafa1/XRootD/src/XrdSys/XrdSysIOEvents.cc:149
#3  0x000014f593c369e8 in XrdSysThread_Xeq (myargs=0x55cd528620c0) at /cvmfs/sndlhc.cern.ch/SNDLHC-2025/Jan30/sw/BUILD/e179b57eae254945ec18e84d8e0cc5e2d14bafa1/XRootD/src/XrdSys/XrdSysPthread.cc:86
#4  0x000014f5c248b2ea in start_thread () from /lib64/libc.so.6
#5  0x000014f5c25103d0 in clone3 () from /lib64/libc.so.6

Thread 6 (Thread 0x14f59246c640 (LWP 183) "python"):
#0  0x000014f5c250fa0e in epoll_wait () from /lib64/libc.so.6
#1  0x000014f593c319b2 in XrdSys::IOEvents::PollE::Begin (this=0x55cd5284faf0, syncsem=<optimized out>, retcode=<optimized out>, eTxt=<optimized out>) at /cvmfs/sndlhc.cern.ch/SNDLHC-2025/Jan30/sw/BUILD/e179b57eae254945ec18e84d8e0cc5e2d14bafa1/XRootD/src/XrdSys/XrdSysIOEventsPollE.icc:211
#2  0x000014f593c2e3ed in XrdSys::IOEvents::BootStrap::Start (parg=0x7ffe9be83940) at /cvmfs/sndlhc.cern.ch/SNDLHC-2025/Jan30/sw/BUILD/e179b57eae254945ec18e84d8e0cc5e2d14bafa1/XRootD/src/XrdSys/XrdSysIOEvents.cc:149
#3  0x000014f593c369e8 in XrdSysThread_Xeq (myargs=0x55cd5284fbc0) at /cvmfs/sndlhc.cern.ch/SNDLHC-2025/Jan30/sw/BUILD/e179b57eae254945ec18e84d8e0cc5e2d14bafa1/XRootD/src/XrdSys/XrdSysPthread.cc:86
#4  0x000014f5c248b2ea in start_thread () from /lib64/libc.so.6
#5  0x000014f5c25103d0 in clone3 () from /lib64/libc.so.6

Thread 5 (Thread 0x14f59226b640 (LWP 184) "python"):
#0  0x000014f5c24d5795 in clock_nanosleep
GLIBC_2.2.5 () from /lib64/libc.so.6
#1  0x000014f5c24da247 in nanosleep () from /lib64/libc.so.6
#2  0x000014f593c372e8 in XrdSysTimer::Wait (mills=<optimized out>) at /cvmfs/sndlhc.cern.ch/SNDLHC-2025/Jan30/sw/BUILD/e179b57eae254945ec18e84d8e0cc5e2d14bafa1/XRootD/src/XrdSys/XrdSysTimer.cc:239
#3  0x000014f593922280 in XrdCl::TaskManager::RunTasks (this=0x55cd5286e570) at /cvmfs/sndlhc.cern.ch/SNDLHC-2025/Jan30/sw/BUILD/e179b57eae254945ec18e84d8e0cc5e2d14bafa1/XRootD/src/XrdCl/XrdClTaskManager.cc:246
#4  0x000014f593922369 in RunRunnerThread (arg=<optimized out>) at /cvmfs/sndlhc.cern.ch/SNDLHC-2025/Jan30/sw/BUILD/e179b57eae254945ec18e84d8e0cc5e2d14bafa1/XRootD/src/XrdCl/XrdClTaskManager.cc:38
#5  0x000014f5c248b2ea in start_thread () from /lib64/libc.so.6
#6  0x000014f5c25103d0 in clone3 () from /lib64/libc.so.6

Thread 4 (Thread 0x14f59206a640 (LWP 185) "python"):
#0  0x000014f5c248837a in __futex_abstimed_wait_common () from /lib64/libc.so.6
#1  0x000014f5c2493328 in __new_sem_wait_slow64.constprop.0 () from /lib64/libc.so.6
#2  0x000014f5939a34b6 in XrdSysSemaphore::Wait (this=0x55cd52978920) at /cvmfs/sndlhc.cern.ch/SNDLHC-2025/Jan30/sw/BUILD/e179b57eae254945ec18e84d8e0cc5e2d14bafa1/XRootD/src/XrdSys/XrdSysPthread.hh:509
#3  XrdCl::SyncQueue<XrdCl::JobManager::JobHelper>::Get (this=0x55cd527e4e78) at /cvmfs/sndlhc.cern.ch/SNDLHC-2025/Jan30/sw/BUILD/e179b57eae254945ec18e84d8e0cc5e2d14bafa1/XRootD/src/XrdCl/XrdClSyncQueue.hh:66
#4  XrdCl::JobManager::RunJobs (this=0x55cd527e4e60) at /cvmfs/sndlhc.cern.ch/SNDLHC-2025/Jan30/sw/BUILD/e179b57eae254945ec18e84d8e0cc5e2d14bafa1/XRootD/src/XrdCl/XrdClJobManager.cc:151
#5  0x000014f5939a3559 in RunRunnerThread (arg=<optimized out>) at /cvmfs/sndlhc.cern.ch/SNDLHC-2025/Jan30/sw/BUILD/e179b57eae254945ec18e84d8e0cc5e2d14bafa1/XRootD/src/XrdCl/XrdClJobManager.cc:34
#6  0x000014f5c248b2ea in start_thread () from /lib64/libc.so.6
#7  0x000014f5c25103d0 in clone3 () from /lib64/libc.so.6

Thread 3 (Thread 0x14f591e69640 (LWP 186) "python"):
#0  0x000014f5c248837a in __futex_abstimed_wait_common () from /lib64/libc.so.6
#1  0x000014f5c2493328 in __new_sem_wait_slow64.constprop.0 () from /lib64/libc.so.6
#2  0x000014f5939a34b6 in XrdSysSemaphore::Wait (this=0x55cd52978920) at /cvmfs/sndlhc.cern.ch/SNDLHC-2025/Jan30/sw/BUILD/e179b57eae254945ec18e84d8e0cc5e2d14bafa1/XRootD/src/XrdSys/XrdSysPthread.hh:509
#3  XrdCl::SyncQueue<XrdCl::JobManager::JobHelper>::Get (this=0x55cd527e4e78) at /cvmfs/sndlhc.cern.ch/SNDLHC-2025/Jan30/sw/BUILD/e179b57eae254945ec18e84d8e0cc5e2d14bafa1/XRootD/src/XrdCl/XrdClSyncQueue.hh:66
#4  XrdCl::JobManager::RunJobs (this=0x55cd527e4e60) at /cvmfs/sndlhc.cern.ch/SNDLHC-2025/Jan30/sw/BUILD/e179b57eae254945ec18e84d8e0cc5e2d14bafa1/XRootD/src/XrdCl/XrdClJobManager.cc:151
#5  0x000014f5939a3559 in RunRunnerThread (arg=<optimized out>) at /cvmfs/sndlhc.cern.ch/SNDLHC-2025/Jan30/sw/BUILD/e179b57eae254945ec18e84d8e0cc5e2d14bafa1/XRootD/src/XrdCl/XrdClJobManager.cc:34
#6  0x000014f5c248b2ea in start_thread () from /lib64/libc.so.6
#7  0x000014f5c25103d0 in clone3 () from /lib64/libc.so.6

Thread 2 (Thread 0x14f591c68640 (LWP 187) "python"):
#0  0x000014f5c248837a in __futex_abstimed_wait_common () from /lib64/libc.so.6
#1  0x000014f5c2493328 in __new_sem_wait_slow64.constprop.0 () from /lib64/libc.so.6
#2  0x000014f5939a34b6 in XrdSysSemaphore::Wait (this=0x55cd52978920) at /cvmfs/sndlhc.cern.ch/SNDLHC-2025/Jan30/sw/BUILD/e179b57eae254945ec18e84d8e0cc5e2d14bafa1/XRootD/src/XrdSys/XrdSysPthread.hh:509
#3  XrdCl::SyncQueue<XrdCl::JobManager::JobHelper>::Get (this=0x55cd527e4e78) at /cvmfs/sndlhc.cern.ch/SNDLHC-2025/Jan30/sw/BUILD/e179b57eae254945ec18e84d8e0cc5e2d14bafa1/XRootD/src/XrdCl/XrdClSyncQueue.hh:66
#4  XrdCl::JobManager::RunJobs (this=0x55cd527e4e60) at /cvmfs/sndlhc.cern.ch/SNDLHC-2025/Jan30/sw/BUILD/e179b57eae254945ec18e84d8e0cc5e2d14bafa1/XRootD/src/XrdCl/XrdClJobManager.cc:151
#5  0x000014f5939a3559 in RunRunnerThread (arg=<optimized out>) at /cvmfs/sndlhc.cern.ch/SNDLHC-2025/Jan30/sw/BUILD/e179b57eae254945ec18e84d8e0cc5e2d14bafa1/XRootD/src/XrdCl/XrdClJobManager.cc:34
#6  0x000014f5c248b2ea in start_thread () from /lib64/libc.so.6
#7  0x000014f5c25103d0 in clone3 () from /lib64/libc.so.6

Thread 1 (Thread 0x14f5c2c82b80 (LWP 158) "python"):
#0  0x000014f5c24d9fff in wait4 () from /lib64/libc.so.6
#1  0x000014f5c244f483 in do_system () from /lib64/libc.so.6
#2  0x000014f5c16fbafc in TUnixSystem::StackTrace() () from /cvmfs/sndlhc.cern.ch/SNDLHC-2025/Jan30/sw/slc9_x86-64/ROOT/v6-28-12-local1/lib/libCore.so.6.28
#3  0x000014f5c203bec3 in (anonymous namespace)::TExceptionHandlerImp::HandleException(int) () from /cvmfs/sndlhc.cern.ch/SNDLHC-2025/Jan30/sw/slc9_x86-64/ROOT/v6-28-12-local1/lib/libcppyy_backend3_9.so.6.28
#4  0x000014f5c16f9091 in TUnixSystem::DispatchSignals(ESignals) () from /cvmfs/sndlhc.cern.ch/SNDLHC-2025/Jan30/sw/slc9_x86-64/ROOT/v6-28-12-local1/lib/libCore.so.6.28
#5  <signal handler called>
#6  0x0000000000000001 in ?? ()
#7  0x000014f590e7d1c2 in ?? ()
#8  0x000055cd5ad9ece8 in ?? ()
#9  0x000055cd5b7eb7f8 in ?? ()
#10 0x0000000000000010 in ?? ()
#11 0x000000019be84be0 in ?? ()
#12 0x00007ffe9be84b70 in ?? ()
#13 0x000014f590e7d170 in ?? ()
#14 0x00007ffe9be84be0 in ?? ()
#15 0x000014f590e7d070 in ?? ()
#16 0x000055cd4bce42e0 in ?? ()
#17 0x00007ffe9be84c00 in ?? ()
#18 0x000055cd5b7eb7f8 in ?? ()
#19 0x00007ffe9be84c88 in ?? ()
#20 0x0000000000000000 in ?? ()
===========================================================


The lines below might hint at the cause of the crash. If you see question
marks as part of the stack trace, try to recompile with debugging information
enabled and export CLING_DEBUG=1 environment variable before running.
You may get help by asking at the ROOT forum https://root.cern/forum
Only if you are really convinced it is a bug in ROOT then please submit a
report at https://root.cern/bugs Please post the ENTIRE stack trace
from above as an attachment in addition to anything else
that might help us fixing this issue.
===========================================================
#6  0x0000000000000001 in ?? ()
#7  0x000014f590e7d1c2 in ?? ()
#8  0x000055cd5ad9ece8 in ?? ()
#9  0x000055cd5b7eb7f8 in ?? ()
#10 0x0000000000000010 in ?? ()
#11 0x000000019be84be0 in ?? ()
#12 0x00007ffe9be84b70 in ?? ()
#13 0x000014f590e7d170 in ?? ()
#14 0x00007ffe9be84be0 in ?? ()
#15 0x000014f590e7d070 in ?? ()
#16 0x000055cd4bce42e0 in ?? ()
#17 0x00007ffe9be84c00 in ?? ()
#18 0x000055cd5b7eb7f8 in ?? ()
#19 0x00007ffe9be84c88 in ?? ()
#20 0x0000000000000000 in ?? ()
===========================================================


 *** Break *** segmentation violation



===========================================================
There was a crash.
This is the entire stack trace of all threads:
===========================================================

Thread 15 (Thread 0x14f593675640 (LWP 174) "python"):
#0  0x000014f5c250fa0e in epoll_wait () from /lib64/libc.so.6
#1  0x000014f593c319b2 in XrdSys::IOEvents::PollE::Begin (this=0x55cd527e70a0, syncsem=<optimized out>, retcode=<optimized out>, eTxt=<optimized out>) at /cvmfs/sndlhc.cern.ch/SNDLHC-2025/Jan30/sw/BUILD/e179b57eae254945ec18e84d8e0cc5e2d14bafa1/XRootD/src/XrdSys/XrdSysIOEventsPollE.icc:211
#2  0x000014f593c2e3ed in XrdSys::IOEvents::BootStrap::Start (parg=0x7ffe9be83940) at /cvmfs/sndlhc.cern.ch/SNDLHC-2025/Jan30/sw/BUILD/e179b57eae254945ec18e84d8e0cc5e2d14bafa1/XRootD/src/XrdSys/XrdSysIOEvents.cc:149
#3  0x000014f593c369e8 in XrdSysThread_Xeq (myargs=0x55cd527a11b0) at /cvmfs/sndlhc.cern.ch/SNDLHC-2025/Jan30/sw/BUILD/e179b57eae254945ec18e84d8e0cc5e2d14bafa1/XRootD/src/XrdSys/XrdSysPthread.cc:86
#4  0x000014f5c248b2ea in start_thread () from /lib64/libc.so.6
#5  0x000014f5c25103d0 in clone3 () from /lib64/libc.so.6

Thread 14 (Thread 0x14f593474640 (LWP 175) "python"):
#0  0x000014f5c250fa0e in epoll_wait () from /lib64/libc.so.6
#1  0x000014f593c319b2 in XrdSys::IOEvents::PollE::Begin (this=0x55cd5279aef0, syncsem=<optimized out>, retcode=<optimized out>, eTxt=<optimized out>) at /cvmfs/sndlhc.cern.ch/SNDLHC-2025/Jan30/sw/BUILD/e179b57eae254945ec18e84d8e0cc5e2d14bafa1/XRootD/src/XrdSys/XrdSysIOEventsPollE.icc:211
#2  0x000014f593c2e3ed in XrdSys::IOEvents::BootStrap::Start (parg=0x7ffe9be83940) at /cvmfs/sndlhc.cern.ch/SNDLHC-2025/Jan30/sw/BUILD/e179b57eae254945ec18e84d8e0cc5e2d14bafa1/XRootD/src/XrdSys/XrdSysIOEvents.cc:149
#3  0x000014f593c369e8 in XrdSysThread_Xeq (myargs=0x55cd5293db20) at /cvmfs/sndlhc.cern.ch/SNDLHC-2025/Jan30/sw/BUILD/e179b57eae254945ec18e84d8e0cc5e2d14bafa1/XRootD/src/XrdSys/XrdSysPthread.cc:86
#4  0x000014f5c248b2ea in start_thread () from /lib64/libc.so.6
#5  0x000014f5c25103d0 in clone3 () from /lib64/libc.so.6

Thread 13 (Thread 0x14f593273640 (LWP 176) "python"):
#0  0x000014f5c250fa0e in epoll_wait () from /lib64/libc.so.6
#1  0x000014f593c319b2 in XrdSys::IOEvents::PollE::Begin (this=0x55cd5286f650, syncsem=<optimized out>, retcode=<optimized out>, eTxt=<optimized out>) at /cvmfs/sndlhc.cern.ch/SNDLHC-2025/Jan30/sw/BUILD/e179b57eae254945ec18e84d8e0cc5e2d14bafa1/XRootD/src/XrdSys/XrdSysIOEventsPollE.icc:211
#2  0x000014f593c2e3ed in XrdSys::IOEvents::BootStrap::Start (parg=0x7ffe9be83940) at /cvmfs/sndlhc.cern.ch/SNDLHC-2025/Jan30/sw/BUILD/e179b57eae254945ec18e84d8e0cc5e2d14bafa1/XRootD/src/XrdSys/XrdSysIOEvents.cc:149
#3  0x000014f593c369e8 in XrdSysThread_Xeq (myargs=0x55cd52864a10) at /cvmfs/sndlhc.cern.ch/SNDLHC-2025/Jan30/sw/BUILD/e179b57eae254945ec18e84d8e0cc5e2d14bafa1/XRootD/src/XrdSys/XrdSysPthread.cc:86
#4  0x000014f5c248b2ea in start_thread () from /lib64/libc.so.6
#5  0x000014f5c25103d0 in clone3 () from /lib64/libc.so.6

Thread 12 (Thread 0x14f593072640 (LWP 177) "python"):
#0  0x000014f5c250fa0e in epoll_wait () from /lib64/libc.so.6
#1  0x000014f593c319b2 in XrdSys::IOEvents::PollE::Begin (this=0x55cd528314a0, syncsem=<optimized out>, retcode=<optimized out>, eTxt=<optimized out>) at /cvmfs/sndlhc.cern.ch/SNDLHC-2025/Jan30/sw/BUILD/e179b57eae254945ec18e84d8e0cc5e2d14bafa1/XRootD/src/XrdSys/XrdSysIOEventsPollE.icc:211
#2  0x000014f593c2e3ed in XrdSys::IOEvents::BootStrap::Start (parg=0x7ffe9be83940) at /cvmfs/sndlhc.cern.ch/SNDLHC-2025/Jan30/sw/BUILD/e179b57eae254945ec18e84d8e0cc5e2d14bafa1/XRootD/src/XrdSys/XrdSysIOEvents.cc:149
#3  0x000014f593c369e8 in XrdSysThread_Xeq (myargs=0x55cd5293eed0) at /cvmfs/sndlhc.cern.ch/SNDLHC-2025/Jan30/sw/BUILD/e179b57eae254945ec18e84d8e0cc5e2d14bafa1/XRootD/src/XrdSys/XrdSysPthread.cc:86
#4  0x000014f5c248b2ea in start_thread () from /lib64/libc.so.6
#5  0x000014f5c25103d0 in clone3 () from /lib64/libc.so.6

Thread 11 (Thread 0x14f592e71640 (LWP 178) "python"):
#0  0x000014f5c250fa0e in epoll_wait () from /lib64/libc.so.6
#1  0x000014f593c319b2 in XrdSys::IOEvents::PollE::Begin (this=0x55cd52829e50, syncsem=<optimized out>, retcode=<optimized out>, eTxt=<optimized out>) at /cvmfs/sndlhc.cern.ch/SNDLHC-2025/Jan30/sw/BUILD/e179b57eae254945ec18e84d8e0cc5e2d14bafa1/XRootD/src/XrdSys/XrdSysIOEventsPollE.icc:211
#2  0x000014f593c2e3ed in XrdSys::IOEvents::BootStrap::Start (parg=0x7ffe9be83940) at /cvmfs/sndlhc.cern.ch/SNDLHC-2025/Jan30/sw/BUILD/e179b57eae254945ec18e84d8e0cc5e2d14bafa1/XRootD/src/XrdSys/XrdSysIOEvents.cc:149
#3  0x000014f593c369e8 in XrdSysThread_Xeq (myargs=0x55cd52828e20) at /cvmfs/sndlhc.cern.ch/SNDLHC-2025/Jan30/sw/BUILD/e179b57eae254945ec18e84d8e0cc5e2d14bafa1/XRootD/src/XrdSys/XrdSysPthread.cc:86
#4  0x000014f5c248b2ea in start_thread () from /lib64/libc.so.6
#5  0x000014f5c25103d0 in clone3 () from /lib64/libc.so.6

Thread 10 (Thread 0x14f592c70640 (LWP 179) "python"):
#0  0x000014f5c250fa0e in epoll_wait () from /lib64/libc.so.6
#1  0x000014f593c319b2 in XrdSys::IOEvents::PollE::Begin (this=0x55cd5292cc20, syncsem=<optimized out>, retcode=<optimized out>, eTxt=<optimized out>) at /cvmfs/sndlhc.cern.ch/SNDLHC-2025/Jan30/sw/BUILD/e179b57eae254945ec18e84d8e0cc5e2d14bafa1/XRootD/src/XrdSys/XrdSysIOEventsPollE.icc:211
#2  0x000014f593c2e3ed in XrdSys::IOEvents::BootStrap::Start (parg=0x7ffe9be83940) at /cvmfs/sndlhc.cern.ch/SNDLHC-2025/Jan30/sw/BUILD/e179b57eae254945ec18e84d8e0cc5e2d14bafa1/XRootD/src/XrdSys/XrdSysIOEvents.cc:149
#3  0x000014f593c369e8 in XrdSysThread_Xeq (myargs=0x55cd5281e3a0) at /cvmfs/sndlhc.cern.ch/SNDLHC-2025/Jan30/sw/BUILD/e179b57eae254945ec18e84d8e0cc5e2d14bafa1/XRootD/src/XrdSys/XrdSysPthread.cc:86
#4  0x000014f5c248b2ea in start_thread () from /lib64/libc.so.6
#5  0x000014f5c25103d0 in clone3 () from /lib64/libc.so.6

Thread 9 (Thread 0x14f592a6f640 (LWP 180) "python"):
#0  0x000014f5c250fa0e in epoll_wait () from /lib64/libc.so.6
#1  0x000014f593c319b2 in XrdSys::IOEvents::PollE::Begin (this=0x55cd528621f0, syncsem=<optimized out>, retcode=<optimized out>, eTxt=<optimized out>) at /cvmfs/sndlhc.cern.ch/SNDLHC-2025/Jan30/sw/BUILD/e179b57eae254945ec18e84d8e0cc5e2d14bafa1/XRootD/src/XrdSys/XrdSysIOEventsPollE.icc:211
#2  0x000014f593c2e3ed in XrdSys::IOEvents::BootStrap::Start (parg=0x7ffe9be83940) at /cvmfs/sndlhc.cern.ch/SNDLHC-2025/Jan30/sw/BUILD/e179b57eae254945ec18e84d8e0cc5e2d14bafa1/XRootD/src/XrdSys/XrdSysIOEvents.cc:149
#3  0x000014f593c369e8 in XrdSysThread_Xeq (myargs=0x55cd52828e50) at /cvmfs/sndlhc.cern.ch/SNDLHC-2025/Jan30/sw/BUILD/e179b57eae254945ec18e84d8e0cc5e2d14bafa1/XRootD/src/XrdSys/XrdSysPthread.cc:86
#4  0x000014f5c248b2ea in start_thread () from /lib64/libc.so.6
#5  0x000014f5c25103d0 in clone3 () from /lib64/libc.so.6

Thread 8 (Thread 0x14f59286e640 (LWP 181) "python"):
#0  0x000014f5c250fa0e in epoll_wait () from /lib64/libc.so.6
#1  0x000014f593c319b2 in XrdSys::IOEvents::PollE::Begin (this=0x55cd52957330, syncsem=<optimized out>, retcode=<optimized out>, eTxt=<optimized out>) at /cvmfs/sndlhc.cern.ch/SNDLHC-2025/Jan30/sw/BUILD/e179b57eae254945ec18e84d8e0cc5e2d14bafa1/XRootD/src/XrdSys/XrdSysIOEventsPollE.icc:211
#2  0x000014f593c2e3ed in XrdSys::IOEvents::BootStrap::Start (parg=0x7ffe9be83940) at /cvmfs/sndlhc.cern.ch/SNDLHC-2025/Jan30/sw/BUILD/e179b57eae254945ec18e84d8e0cc5e2d14bafa1/XRootD/src/XrdSys/XrdSysIOEvents.cc:149
#3  0x000014f593c369e8 in XrdSysThread_Xeq (myargs=0x55cd5287dbd0) at /cvmfs/sndlhc.cern.ch/SNDLHC-2025/Jan30/sw/BUILD/e179b57eae254945ec18e84d8e0cc5e2d14bafa1/XRootD/src/XrdSys/XrdSysPthread.cc:86
#4  0x000014f5c248b2ea in start_thread () from /lib64/libc.so.6
#5  0x000014f5c25103d0 in clone3 () from /lib64/libc.so.6

Thread 7 (Thread 0x14f59266d640 (LWP 182) "python"):
#0  0x000014f5c250fa0e in epoll_wait () from /lib64/libc.so.6
#1  0x000014f593c319b2 in XrdSys::IOEvents::PollE::Begin (this=0x55cd52938860, syncsem=<optimized out>, retcode=<optimized out>, eTxt=<optimized out>) at /cvmfs/sndlhc.cern.ch/SNDLHC-2025/Jan30/sw/BUILD/e179b57eae254945ec18e84d8e0cc5e2d14bafa1/XRootD/src/XrdSys/XrdSysIOEventsPollE.icc:211
#2  0x000014f593c2e3ed in XrdSys::IOEvents::BootStrap::Start (parg=0x7ffe9be83940) at /cvmfs/sndlhc.cern.ch/SNDLHC-2025/Jan30/sw/BUILD/e179b57eae254945ec18e84d8e0cc5e2d14bafa1/XRootD/src/XrdSys/XrdSysIOEvents.cc:149
#3  0x000014f593c369e8 in XrdSysThread_Xeq (myargs=0x55cd528620c0) at /cvmfs/sndlhc.cern.ch/SNDLHC-2025/Jan30/sw/BUILD/e179b57eae254945ec18e84d8e0cc5e2d14bafa1/XRootD/src/XrdSys/XrdSysPthread.cc:86
#4  0x000014f5c248b2ea in start_thread () from /lib64/libc.so.6
#5  0x000014f5c25103d0 in clone3 () from /lib64/libc.so.6

Thread 6 (Thread 0x14f59246c640 (LWP 183) "python"):
#0  0x000014f5c250fa0e in epoll_wait () from /lib64/libc.so.6
#1  0x000014f593c319b2 in XrdSys::IOEvents::PollE::Begin (this=0x55cd5284faf0, syncsem=<optimized out>, retcode=<optimized out>, eTxt=<optimized out>) at /cvmfs/sndlhc.cern.ch/SNDLHC-2025/Jan30/sw/BUILD/e179b57eae254945ec18e84d8e0cc5e2d14bafa1/XRootD/src/XrdSys/XrdSysIOEventsPollE.icc:211
#2  0x000014f593c2e3ed in XrdSys::IOEvents::BootStrap::Start (parg=0x7ffe9be83940) at /cvmfs/sndlhc.cern.ch/SNDLHC-2025/Jan30/sw/BUILD/e179b57eae254945ec18e84d8e0cc5e2d14bafa1/XRootD/src/XrdSys/XrdSysIOEvents.cc:149
#3  0x000014f593c369e8 in XrdSysThread_Xeq (myargs=0x55cd5284fbc0) at /cvmfs/sndlhc.cern.ch/SNDLHC-2025/Jan30/sw/BUILD/e179b57eae254945ec18e84d8e0cc5e2d14bafa1/XRootD/src/XrdSys/XrdSysPthread.cc:86
#4  0x000014f5c248b2ea in start_thread () from /lib64/libc.so.6
#5  0x000014f5c25103d0 in clone3 () from /lib64/libc.so.6

Thread 5 (Thread 0x14f59226b640 (LWP 184) "python"):
#0  0x000014f5c24d5795 in clock_nanosleep
GLIBC_2.2.5 () from /lib64/libc.so.6
#1  0x000014f5c24da247 in nanosleep () from /lib64/libc.so.6
#2  0x000014f593c372e8 in XrdSysTimer::Wait (mills=<optimized out>) at /cvmfs/sndlhc.cern.ch/SNDLHC-2025/Jan30/sw/BUILD/e179b57eae254945ec18e84d8e0cc5e2d14bafa1/XRootD/src/XrdSys/XrdSysTimer.cc:239
#3  0x000014f593922280 in XrdCl::TaskManager::RunTasks (this=0x55cd5286e570) at /cvmfs/sndlhc.cern.ch/SNDLHC-2025/Jan30/sw/BUILD/e179b57eae254945ec18e84d8e0cc5e2d14bafa1/XRootD/src/XrdCl/XrdClTaskManager.cc:246
#4  0x000014f593922369 in RunRunnerThread (arg=<optimized out>) at /cvmfs/sndlhc.cern.ch/SNDLHC-2025/Jan30/sw/BUILD/e179b57eae254945ec18e84d8e0cc5e2d14bafa1/XRootD/src/XrdCl/XrdClTaskManager.cc:38
#5  0x000014f5c248b2ea in start_thread () from /lib64/libc.so.6
#6  0x000014f5c25103d0 in clone3 () from /lib64/libc.so.6

Thread 4 (Thread 0x14f59206a640 (LWP 185) "python"):
#0  0x000014f5c248837a in __futex_abstimed_wait_common () from /lib64/libc.so.6
#1  0x000014f5c2493328 in __new_sem_wait_slow64.constprop.0 () from /lib64/libc.so.6
#2  0x000014f5939a34b6 in XrdSysSemaphore::Wait (this=0x55cd52978920) at /cvmfs/sndlhc.cern.ch/SNDLHC-2025/Jan30/sw/BUILD/e179b57eae254945ec18e84d8e0cc5e2d14bafa1/XRootD/src/XrdSys/XrdSysPthread.hh:509
#3  XrdCl::SyncQueue<XrdCl::JobManager::JobHelper>::Get (this=0x55cd527e4e78) at /cvmfs/sndlhc.cern.ch/SNDLHC-2025/Jan30/sw/BUILD/e179b57eae254945ec18e84d8e0cc5e2d14bafa1/XRootD/src/XrdCl/XrdClSyncQueue.hh:66
#4  XrdCl::JobManager::RunJobs (this=0x55cd527e4e60) at /cvmfs/sndlhc.cern.ch/SNDLHC-2025/Jan30/sw/BUILD/e179b57eae254945ec18e84d8e0cc5e2d14bafa1/XRootD/src/XrdCl/XrdClJobManager.cc:151
#5  0x000014f5939a3559 in RunRunnerThread (arg=<optimized out>) at /cvmfs/sndlhc.cern.ch/SNDLHC-2025/Jan30/sw/BUILD/e179b57eae254945ec18e84d8e0cc5e2d14bafa1/XRootD/src/XrdCl/XrdClJobManager.cc:34
#6  0x000014f5c248b2ea in start_thread () from /lib64/libc.so.6
#7  0x000014f5c25103d0 in clone3 () from /lib64/libc.so.6

Thread 3 (Thread 0x14f591e69640 (LWP 186) "python"):
#0  0x000014f5c248837a in __futex_abstimed_wait_common () from /lib64/libc.so.6
#1  0x000014f5c2493328 in __new_sem_wait_slow64.constprop.0 () from /lib64/libc.so.6
#2  0x000014f5939a34b6 in XrdSysSemaphore::Wait (this=0x55cd52978920) at /cvmfs/sndlhc.cern.ch/SNDLHC-2025/Jan30/sw/BUILD/e179b57eae254945ec18e84d8e0cc5e2d14bafa1/XRootD/src/XrdSys/XrdSysPthread.hh:509
#3  XrdCl::SyncQueue<XrdCl::JobManager::JobHelper>::Get (this=0x55cd527e4e78) at /cvmfs/sndlhc.cern.ch/SNDLHC-2025/Jan30/sw/BUILD/e179b57eae254945ec18e84d8e0cc5e2d14bafa1/XRootD/src/XrdCl/XrdClSyncQueue.hh:66
#4  XrdCl::JobManager::RunJobs (this=0x55cd527e4e60) at /cvmfs/sndlhc.cern.ch/SNDLHC-2025/Jan30/sw/BUILD/e179b57eae254945ec18e84d8e0cc5e2d14bafa1/XRootD/src/XrdCl/XrdClJobManager.cc:151
#5  0x000014f5939a3559 in RunRunnerThread (arg=<optimized out>) at /cvmfs/sndlhc.cern.ch/SNDLHC-2025/Jan30/sw/BUILD/e179b57eae254945ec18e84d8e0cc5e2d14bafa1/XRootD/src/XrdCl/XrdClJobManager.cc:34
#6  0x000014f5c248b2ea in start_thread () from /lib64/libc.so.6
#7  0x000014f5c25103d0 in clone3 () from /lib64/libc.so.6

Thread 2 (Thread 0x14f591c68640 (LWP 187) "python"):
#0  0x000014f5c248837a in __futex_abstimed_wait_common () from /lib64/libc.so.6
#1  0x000014f5c2493328 in __new_sem_wait_slow64.constprop.0 () from /lib64/libc.so.6
#2  0x000014f5939a34b6 in XrdSysSemaphore::Wait (this=0x55cd52978920) at /cvmfs/sndlhc.cern.ch/SNDLHC-2025/Jan30/sw/BUILD/e179b57eae254945ec18e84d8e0cc5e2d14bafa1/XRootD/src/XrdSys/XrdSysPthread.hh:509
#3  XrdCl::SyncQueue<XrdCl::JobManager::JobHelper>::Get (this=0x55cd527e4e78) at /cvmfs/sndlhc.cern.ch/SNDLHC-2025/Jan30/sw/BUILD/e179b57eae254945ec18e84d8e0cc5e2d14bafa1/XRootD/src/XrdCl/XrdClSyncQueue.hh:66
#4  XrdCl::JobManager::RunJobs (this=0x55cd527e4e60) at /cvmfs/sndlhc.cern.ch/SNDLHC-2025/Jan30/sw/BUILD/e179b57eae254945ec18e84d8e0cc5e2d14bafa1/XRootD/src/XrdCl/XrdClJobManager.cc:151
#5  0x000014f5939a3559 in RunRunnerThread (arg=<optimized out>) at /cvmfs/sndlhc.cern.ch/SNDLHC-2025/Jan30/sw/BUILD/e179b57eae254945ec18e84d8e0cc5e2d14bafa1/XRootD/src/XrdCl/XrdClJobManager.cc:34
#6  0x000014f5c248b2ea in start_thread () from /lib64/libc.so.6
#7  0x000014f5c25103d0 in clone3 () from /lib64/libc.so.6

Thread 1 (Thread 0x14f5c2c82b80 (LWP 158) "python"):
#0  0x000014f5c24d9fff in wait4 () from /lib64/libc.so.6
#1  0x000014f5c244f483 in do_system () from /lib64/libc.so.6
#2  0x000014f5c16fbafc in TUnixSystem::StackTrace() () from /cvmfs/sndlhc.cern.ch/SNDLHC-2025/Jan30/sw/slc9_x86-64/ROOT/v6-28-12-local1/lib/libCore.so.6.28
#3  0x000014f5c203bd43 in (anonymous namespace)::TExceptionHandlerImp::HandleException(int) () from /cvmfs/sndlhc.cern.ch/SNDLHC-2025/Jan30/sw/slc9_x86-64/ROOT/v6-28-12-local1/lib/libcppyy_backend3_9.so.6.28
#4  0x000014f5c16f9091 in TUnixSystem::DispatchSignals(ESignals) () from /cvmfs/sndlhc.cern.ch/SNDLHC-2025/Jan30/sw/slc9_x86-64/ROOT/v6-28-12-local1/lib/libCore.so.6.28
#5  <signal handler called>
#6  0x0000000000000001 in ?? ()
#7  0x000014f590e7d1c2 in ?? ()
#8  0x000055cd5ad9ece8 in ?? ()
#9  0x000055cd5b7eb7f8 in ?? ()
#10 0x0000000000000010 in ?? ()
#11 0x000000019be84be0 in ?? ()
#12 0x00007ffe9be84b70 in ?? ()
#13 0x000014f590e7d170 in ?? ()
#14 0x00007ffe9be84be0 in ?? ()
#15 0x000014f590e7d070 in ?? ()
#16 0x000055cd4bce42e0 in ?? ()
#17 0x00007ffe9be84c00 in ?? ()
#18 0x000055cd5b7eb7f8 in ?? ()
#19 0x00007ffe9be84c88 in ?? ()
#20 0x0000000000000000 in ?? ()
===========================================================


The lines below might hint at the cause of the crash. If you see question
marks as part of the stack trace, try to recompile with debugging information
enabled and export CLING_DEBUG=1 environment variable before running.
You may get help by asking at the ROOT forum https://root.cern/forum
Only if you are really convinced it is a bug in ROOT then please submit a
report at https://root.cern/bugs Please post the ENTIRE stack trace
from above as an attachment in addition to anything else
that might help us fixing this issue.
===========================================================
#6  0x0000000000000001 in ?? ()
#7  0x000014f590e7d1c2 in ?? ()
#8  0x000055cd5ad9ece8 in ?? ()
#9  0x000055cd5b7eb7f8 in ?? ()
#10 0x0000000000000010 in ?? ()
#11 0x000000019be84be0 in ?? ()
#12 0x00007ffe9be84b70 in ?? ()
#13 0x000014f590e7d170 in ?? ()
#14 0x00007ffe9be84be0 in ?? ()
#15 0x000014f590e7d070 in ?? ()
#16 0x000055cd4bce42e0 in ?? ()
#17 0x00007ffe9be84c00 in ?? ()
#18 0x000055cd5b7eb7f8 in ?? ()
#19 0x00007ffe9be84c88 in ?? ()
#20 0x0000000000000000 in ?? ()
===========================================================


