search libraries in slc9_x86-64
 ~ 1) Base stack loaded.
 ~ Sleeping for 29 seconds to avoid AFS DDOS...
 ~ 2) Loading sndsw environment...
 ~ 3) SNDSW_ROOT is set to: /afs/cern.ch/user/i/idioniso/snd_master/sw-root6.28/rhel9_x86-64/sndsw/master-local1
 ~ 4) Executing tracking script...
[INFO] The input consists out of the following trees and files: 
[INFO]  - rawConv
[INFO]     - root://eospublic.cern.ch//eos/experiment/sndlhc/convertedData/physics/2023/run_006640/sndsw_raw-0320.root
[INFO] FairRootFileSink initialized.
[INFO]  - cbmout
[INFO]     - dummy
[INFO] Parameter and input file are available, Assure that basic info is there for the run!
[INFO] ---FairRootManager::SpecifyRunId --- 
[INFO] --- Initialize with RunId  --- 6640

************************************************************* 
     initialisation for run id 6640
************************************************************* 
-I- FairRunTimeDB::InitContainer() FairBaseParSet
-I- FairRunTimeDB::InitContainer() FairGeoParSet

************************************************************* 
     initialisation for run id 6640
************************************************************* 
-I- FairRunTimeDB::InitContainer() FairBaseParSet
-I- FairRunTimeDB::InitContainer() FairGeoParSet
[INFO]  Branch: Reco_MuonTracks not found in Tree.
using geofile: root://eospublic.cern.ch//eos/experiment/sndlhc/convertedData/physics/2023/geofile_sndlhc_TI18_V3_2023.root
[0%] 	 0/25,000 	 00:00:06
[1%] 	 250/25,000 	 00:02:37
[2%] 	 500/25,000 	 00:04:55
[3%] 	 750/25,000 	 00:06:27
[4%] 	 1,000/25,000 	 00:08:39
[5%] 	 1,250/25,000 	 00:09:54
[6%] 	 1,500/25,000 	 00:11:15
[7%] 	 1,750/25,000 	 00:13:36
[8%] 	 2,000/25,000 	 00:15:06
[9%] 	 2,250/25,000 	 00:17:30
[10%] 	 2,500/25,000 	 00:21:05
[11%] 	 2,750/25,000 	 00:22:27
[12%] 	 3,000/25,000 	 00:24:30
Match: Event 320203058, Lines 4, DAngle 0.0346
[13%] 	 3,250/25,000 	 00:29:54
[14%] 	 3,500/25,000 	 00:32:43
[15%] 	 3,750/25,000 	 00:34:22
[16%] 	 4,000/25,000 	 00:35:13
[17%] 	 4,250/25,000 	 00:37:17
[18%] 	 4,500/25,000 	 00:38:01
[19%] 	 4,750/25,000 	 00:39:17
[20%] 	 5,000/25,000 	 00:41:08
[21%] 	 5,250/25,000 	 00:42:50
[22%] 	 5,500/25,000 	 00:45:43
[23%] 	 5,750/25,000 	 00:47:09
[24%] 	 6,000/25,000 	 00:48:33
[25%] 	 6,250/25,000 	 00:50:48
[26%] 	 6,500/25,000 	 00:55:12
[27%] 	 6,750/25,000 	 00:56:15
[28%] 	 7,000/25,000 	 00:58:31
[29%] 	 7,250/25,000 	 01:01:13
[30%] 	 7,500/25,000 	 01:02:45
[31%] 	 7,750/25,000 	 01:06:09
[32%] 	 8,000/25,000 	 01:09:45
[33%] 	 8,250/25,000 	 01:11:56
[34%] 	 8,500/25,000 	 01:13:11
[35%] 	 8,750/25,000 	 01:14:31
[36%] 	 9,000/25,000 	 01:16:07
[37%] 	 9,250/25,000 	 01:19:46
[38%] 	 9,500/25,000 	 01:23:28
[39%] 	 9,750/25,000 	 01:25:32
[40%] 	 10,000/25,000 	 01:26:53
[41%] 	 10,250/25,000 	 01:28:48
[42%] 	 10,500/25,000 	 01:31:04
[43%] 	 10,750/25,000 	 01:32:34
[44%] 	 11,000/25,000 	 01:34:03
[45%] 	 11,250/25,000 	 01:37:17
[46%] 	 11,500/25,000 	 01:38:49
[47%] 	 11,750/25,000 	 01:42:40
[48%] 	 12,000/25,000 	 01:43:56
[49%] 	 12,250/25,000 	 01:46:27
[50%] 	 12,500/25,000 	 01:49:22
[51%] 	 12,750/25,000 	 01:51:51
[52%] 	 13,000/25,000 	 01:53:15
[53%] 	 13,250/25,000 	 01:54:13
[54%] 	 13,500/25,000 	 01:56:57
[55%] 	 13,750/25,000 	 01:59:08
[56%] 	 14,000/25,000 	 02:00:35
[57%] 	 14,250/25,000 	 02:02:38
[58%] 	 14,500/25,000 	 02:04:04
[59%] 	 14,750/25,000 	 02:05:08
[60%] 	 15,000/25,000 	 02:08:30
[61%] 	 15,250/25,000 	 02:10:27
[62%] 	 15,500/25,000 	 02:12:19
[63%] 	 15,750/25,000 	 02:14:19
[64%] 	 16,000/25,000 	 02:15:12
[65%] 	 16,250/25,000 	 02:17:32
[66%] 	 16,500/25,000 	 02:19:26
[67%] 	 16,750/25,000 	 02:21:09
[68%] 	 17,000/25,000 	 02:21:43
[69%] 	 17,250/25,000 	 02:23:10
[70%] 	 17,500/25,000 	 02:24:38
[71%] 	 17,750/25,000 	 02:27:43
[72%] 	 18,000/25,000 	 02:29:12
[73%] 	 18,250/25,000 	 02:30:32
[74%] 	 18,500/25,000 	 02:32:26
[75%] 	 18,750/25,000 	 02:34:10
[76%] 	 19,000/25,000 	 02:35:31
[77%] 	 19,250/25,000 	 02:37:42
[78%] 	 19,500/25,000 	 02:39:03
[79%] 	 19,750/25,000 	 02:41:24
[80%] 	 20,000/25,000 	 02:43:24
[81%] 	 20,250/25,000 	 02:45:52
[82%] 	 20,500/25,000 	 02:48:57
[83%] 	 20,750/25,000 	 02:51:55
[84%] 	 21,000/25,000 	 02:53:41
[85%] 	 21,250/25,000 	 02:55:54
[86%] 	 21,500/25,000 	 02:57:41
[87%] 	 21,750/25,000 	 02:59:10
[88%] 	 22,000/25,000 	 03:00:44
[89%] 	 22,250/25,000 	 03:02:53
Match: Event 320222340, Lines 5, DAngle 0.5211
[90%] 	 22,500/25,000 	 03:12:04
[91%] 	 22,750/25,000 	 03:14:54
[92%] 	 23,000/25,000 	 03:16:34
[93%] 	 23,250/25,000 	 03:18:12
[94%] 	 23,500/25,000 	 03:19:37
[95%] 	 23,750/25,000 	 03:21:19
[96%] 	 24,000/25,000 	 03:22:59
[97%] 	 24,250/25,000 	 03:24:45
[98%] 	 24,500/25,000 	 03:25:55
[99%] 	 24,750/25,000 	 03:27:10
Finished in 12513.36s.
 ~ 5) DONE !
