search libraries in slc9_x86-64
 ~ 1) Base stack loaded.
 ~ Sleeping for 325 seconds to avoid AFS DDOS...
 ~ 2) Loading sndsw environment...
 ~ 3) SNDSW_ROOT is set to: /afs/cern.ch/user/i/idioniso/snd_master/sw-root6.28/rhel9_x86-64/sndsw/master-local1
 ~ 4) Executing tracking script...
[INFO] The input consists out of the following trees and files: 
[INFO]  - rawConv
[INFO]     - root://eospublic.cern.ch//eos/experiment/sndlhc/convertedData/physics/2023/run_006640/sndsw_raw-0187.root
[INFO] FairRootFileSink initialized.
[INFO]  - cbmout
[INFO]     - dummy
[INFO] Parameter and input file are available, Assure that basic info is there for the run!
[INFO] ---FairRootManager::SpecifyRunId --- 
[INFO] --- Initialize with RunId  --- 6640

************************************************************* 
     initialisation for run id 6640
************************************************************* 
-I- FairRunTimeDB::InitContainer() FairBaseParSet
-I- FairRunTimeDB::InitContainer() FairGeoParSet

************************************************************* 
     initialisation for run id 6640
************************************************************* 
-I- FairRunTimeDB::InitContainer() FairBaseParSet
-I- FairRunTimeDB::InitContainer() FairGeoParSet
[INFO]  Branch: Reco_MuonTracks not found in Tree.
using geofile: root://eospublic.cern.ch//eos/experiment/sndlhc/convertedData/physics/2023/geofile_sndlhc_TI18_V3_2023.root
[0%] 	 0/25,000 	 00:00:06
[1%] 	 250/25,000 	 00:02:25
[2%] 	 500/25,000 	 00:04:03
[3%] 	 750/25,000 	 00:05:44
[4%] 	 1,000/25,000 	 00:07:48
[5%] 	 1,250/25,000 	 00:09:15
[6%] 	 1,500/25,000 	 00:12:03
[7%] 	 1,750/25,000 	 00:13:59
[8%] 	 2,000/25,000 	 00:15:36
[9%] 	 2,250/25,000 	 00:16:34
[10%] 	 2,500/25,000 	 00:19:47
[11%] 	 2,750/25,000 	 00:21:46
[12%] 	 3,000/25,000 	 00:23:42
[13%] 	 3,250/25,000 	 00:25:18
[14%] 	 3,500/25,000 	 00:26:13
[15%] 	 3,750/25,000 	 00:28:29
[16%] 	 4,000/25,000 	 00:31:06
[17%] 	 4,250/25,000 	 00:32:45
[18%] 	 4,500/25,000 	 00:35:36
[19%] 	 4,750/25,000 	 00:36:39
[20%] 	 5,000/25,000 	 00:38:58
[21%] 	 5,250/25,000 	 00:40:29
[22%] 	 5,500/25,000 	 00:44:45
[23%] 	 5,750/25,000 	 00:47:40
[24%] 	 6,000/25,000 	 00:50:31
[25%] 	 6,250/25,000 	 00:53:46
[26%] 	 6,500/25,000 	 00:56:06
[27%] 	 6,750/25,000 	 00:57:20
[28%] 	 7,000/25,000 	 00:58:48
[29%] 	 7,250/25,000 	 01:01:45
[30%] 	 7,500/25,000 	 01:03:07
[31%] 	 7,750/25,000 	 01:06:06
[32%] 	 8,000/25,000 	 01:07:33
[33%] 	 8,250/25,000 	 01:09:48
[34%] 	 8,500/25,000 	 01:11:32
[35%] 	 8,750/25,000 	 01:14:46
[36%] 	 9,000/25,000 	 01:16:13
[37%] 	 9,250/25,000 	 01:20:45
[38%] 	 9,500/25,000 	 01:23:24
[39%] 	 9,750/25,000 	 01:25:46
[40%] 	 10,000/25,000 	 01:27:58
[41%] 	 10,250/25,000 	 01:29:13
[42%] 	 10,500/25,000 	 01:30:14
[43%] 	 10,750/25,000 	 01:34:35
[44%] 	 11,000/25,000 	 01:36:25
Match: Event 187136042, Lines 3, DAngle 0.2222
[45%] 	 11,250/25,000 	 01:44:37
[46%] 	 11,500/25,000 	 01:46:55
[47%] 	 11,750/25,000 	 01:47:50
[48%] 	 12,000/25,000 	 01:50:24
[49%] 	 12,250/25,000 	 01:51:30
[50%] 	 12,500/25,000 	 01:53:08
[51%] 	 12,750/25,000 	 01:54:17
[52%] 	 13,000/25,000 	 01:56:19
[53%] 	 13,250/25,000 	 02:03:00
[54%] 	 13,500/25,000 	 02:04:19
[55%] 	 13,750/25,000 	 02:06:49
[56%] 	 14,000/25,000 	 02:10:26
[57%] 	 14,250/25,000 	 02:11:58
[58%] 	 14,500/25,000 	 02:13:25
[59%] 	 14,750/25,000 	 02:15:23
[60%] 	 15,000/25,000 	 02:17:23
[61%] 	 15,250/25,000 	 02:19:32
[62%] 	 15,500/25,000 	 02:20:39
[63%] 	 15,750/25,000 	 02:22:13
[64%] 	 16,000/25,000 	 02:24:22
[65%] 	 16,250/25,000 	 02:25:20
[66%] 	 16,500/25,000 	 02:26:39
[67%] 	 16,750/25,000 	 02:28:00
[68%] 	 17,000/25,000 	 02:29:57
[69%] 	 17,250/25,000 	 02:32:16
[70%] 	 17,500/25,000 	 02:42:25
[71%] 	 17,750/25,000 	 02:45:26
[72%] 	 18,000/25,000 	 02:47:36
[73%] 	 18,250/25,000 	 02:48:53
[74%] 	 18,500/25,000 	 02:55:54
[75%] 	 18,750/25,000 	 03:01:14
[76%] 	 19,000/25,000 	 03:02:01
[77%] 	 19,250/25,000 	 03:04:55
[78%] 	 19,500/25,000 	 03:08:27
[79%] 	 19,750/25,000 	 03:10:37
[80%] 	 20,000/25,000 	 03:11:36
[81%] 	 20,250/25,000 	 03:12:44
[82%] 	 20,500/25,000 	 03:17:41
[83%] 	 20,750/25,000 	 03:18:51
[84%] 	 21,000/25,000 	 03:21:40
[85%] 	 21,250/25,000 	 03:23:34
[86%] 	 21,500/25,000 	 03:24:44
[87%] 	 21,750/25,000 	 03:27:13
[88%] 	 22,000/25,000 	 03:28:02
[89%] 	 22,250/25,000 	 03:31:22
[90%] 	 22,500/25,000 	 03:33:00
[91%] 	 22,750/25,000 	 03:34:37
[92%] 	 23,000/25,000 	 03:36:14
[93%] 	 23,250/25,000 	 03:39:21
[94%] 	 23,500/25,000 	 03:42:37
[95%] 	 23,750/25,000 	 03:44:53
[96%] 	 24,000/25,000 	 03:47:50
[97%] 	 24,250/25,000 	 03:51:01
[98%] 	 24,500/25,000 	 03:53:35
[99%] 	 24,750/25,000 	 03:55:39
Finished in 14202.82s.
 ~ 5) DONE !
