search libraries in slc9_x86-64
 ~ 1) Base stack loaded.
 ~ Sleeping for 47 seconds to avoid AFS DDOS...
 ~ 2) Loading sndsw environment...
 ~ 3) SNDSW_ROOT is set to: /afs/cern.ch/user/i/idioniso/snd_master/sw-root6.28/rhel9_x86-64/sndsw/master-local1
 ~ 4) Executing tracking script...
[INFO] The input consists out of the following trees and files: 
[INFO]  - rawConv
[INFO]     - root://eospublic.cern.ch//eos/experiment/sndlhc/convertedData/physics/2023/run_006640/sndsw_raw-0142.root
[INFO] FairRootFileSink initialized.
[INFO]  - cbmout
[INFO]     - dummy
[INFO] Parameter and input file are available, Assure that basic info is there for the run!
[INFO] ---FairRootManager::SpecifyRunId --- 
[INFO] --- Initialize with RunId  --- 6640

************************************************************* 
     initialisation for run id 6640
************************************************************* 
-I- FairRunTimeDB::InitContainer() FairBaseParSet
-I- FairRunTimeDB::InitContainer() FairGeoParSet

************************************************************* 
     initialisation for run id 6640
************************************************************* 
-I- FairRunTimeDB::InitContainer() FairBaseParSet
-I- FairRunTimeDB::InitContainer() FairGeoParSet
[INFO]  Branch: Reco_MuonTracks not found in Tree.
using geofile: root://eospublic.cern.ch//eos/experiment/sndlhc/convertedData/physics/2023/geofile_sndlhc_TI18_V3_2023.root
[0%] 	 0/25,000 	 00:00:05
[1%] 	 250/25,000 	 00:01:37
[2%] 	 500/25,000 	 00:02:43
[3%] 	 750/25,000 	 00:03:17
[4%] 	 1,000/25,000 	 00:04:25
[5%] 	 1,250/25,000 	 00:06:50
[6%] 	 1,500/25,000 	 00:08:30
[7%] 	 1,750/25,000 	 00:10:13
[8%] 	 2,000/25,000 	 00:11:13
[9%] 	 2,250/25,000 	 00:13:59
[10%] 	 2,500/25,000 	 00:17:50
[11%] 	 2,750/25,000 	 00:19:07
[12%] 	 3,000/25,000 	 00:22:08
[13%] 	 3,250/25,000 	 00:25:30
[14%] 	 3,500/25,000 	 00:27:01
[15%] 	 3,750/25,000 	 00:27:46
[16%] 	 4,000/25,000 	 00:28:43
[17%] 	 4,250/25,000 	 00:32:35
[18%] 	 4,500/25,000 	 00:34:55
[19%] 	 4,750/25,000 	 00:36:34
[20%] 	 5,000/25,000 	 00:37:01
[21%] 	 5,250/25,000 	 00:38:46
[22%] 	 5,500/25,000 	 00:40:20
[23%] 	 5,750/25,000 	 00:42:55
[24%] 	 6,000/25,000 	 00:45:34
[25%] 	 6,250/25,000 	 00:47:57
[26%] 	 6,500/25,000 	 00:50:51
[27%] 	 6,750/25,000 	 00:52:07
[28%] 	 7,000/25,000 	 00:55:12
[29%] 	 7,250/25,000 	 00:56:56
[30%] 	 7,500/25,000 	 00:58:44
[31%] 	 7,750/25,000 	 00:59:49
[32%] 	 8,000/25,000 	 01:01:37
[33%] 	 8,250/25,000 	 01:02:27
[34%] 	 8,500/25,000 	 01:04:26
[35%] 	 8,750/25,000 	 01:05:25
[36%] 	 9,000/25,000 	 01:06:49
[37%] 	 9,250/25,000 	 01:08:09
[38%] 	 9,500/25,000 	 01:09:39
[39%] 	 9,750/25,000 	 01:11:06
[40%] 	 10,000/25,000 	 01:13:14
[41%] 	 10,250/25,000 	 01:14:58
[42%] 	 10,500/25,000 	 01:17:12
[43%] 	 10,750/25,000 	 01:19:05
[44%] 	 11,000/25,000 	 01:20:50
[45%] 	 11,250/25,000 	 01:23:03
[46%] 	 11,500/25,000 	 01:26:46
[47%] 	 11,750/25,000 	 01:28:13
[48%] 	 12,000/25,000 	 01:31:03
[49%] 	 12,250/25,000 	 01:32:52
[50%] 	 12,500/25,000 	 01:33:38
[51%] 	 12,750/25,000 	 01:34:40
[52%] 	 13,000/25,000 	 01:36:28
[53%] 	 13,250/25,000 	 01:37:25
[54%] 	 13,500/25,000 	 01:39:43
[55%] 	 13,750/25,000 	 01:41:14
[56%] 	 14,000/25,000 	 01:44:40
[57%] 	 14,250/25,000 	 01:46:06
Match: Event 142589456, Lines 4, DAngle 0.0379
[58%] 	 14,500/25,000 	 01:51:10
[59%] 	 14,750/25,000 	 01:52:51
[60%] 	 15,000/25,000 	 01:54:15
[61%] 	 15,250/25,000 	 01:54:48
[62%] 	 15,500/25,000 	 01:57:01
[63%] 	 15,750/25,000 	 01:58:45
[64%] 	 16,000/25,000 	 02:00:41
[65%] 	 16,250/25,000 	 02:02:38
[66%] 	 16,500/25,000 	 02:04:11
[67%] 	 16,750/25,000 	 02:08:14
[68%] 	 17,000/25,000 	 02:10:14
Match: Event 142592166, Lines 4, DAngle 0.4137
[69%] 	 17,250/25,000 	 02:16:04
[70%] 	 17,500/25,000 	 02:17:25
[71%] 	 17,750/25,000 	 02:19:25
[72%] 	 18,000/25,000 	 02:20:31
[73%] 	 18,250/25,000 	 02:23:50
[74%] 	 18,500/25,000 	 02:25:36
[75%] 	 18,750/25,000 	 02:27:19
[76%] 	 19,000/25,000 	 02:30:21
[77%] 	 19,250/25,000 	 02:32:59
[78%] 	 19,500/25,000 	 02:34:52
[79%] 	 19,750/25,000 	 02:36:15
[80%] 	 20,000/25,000 	 02:36:50
[81%] 	 20,250/25,000 	 02:38:14
[82%] 	 20,500/25,000 	 02:39:27
[83%] 	 20,750/25,000 	 02:40:18
[84%] 	 21,000/25,000 	 02:40:58
[85%] 	 21,250/25,000 	 02:42:54
[86%] 	 21,500/25,000 	 02:44:49
[87%] 	 21,750/25,000 	 02:45:35
[88%] 	 22,000/25,000 	 02:47:09
[89%] 	 22,250/25,000 	 02:48:06
[90%] 	 22,500/25,000 	 02:49:25
[91%] 	 22,750/25,000 	 02:51:00
[92%] 	 23,000/25,000 	 02:54:15
[93%] 	 23,250/25,000 	 02:56:07
[94%] 	 23,500/25,000 	 02:57:31
[95%] 	 23,750/25,000 	 02:59:28
[96%] 	 24,000/25,000 	 03:00:45
[97%] 	 24,250/25,000 	 03:04:58
[98%] 	 24,500/25,000 	 03:07:47
[99%] 	 24,750/25,000 	 03:09:51
Finished in 11471.74s.
 ~ 5) DONE !
