search libraries in slc9_x86-64
 ~ 1) Base stack loaded.
 ~ Sleeping for 379 seconds to avoid AFS DDOS...
 ~ 2) Loading sndsw environment...
 ~ 3) SNDSW_ROOT is set to: /afs/cern.ch/user/i/idioniso/snd_master/sw-root6.28/rhel9_x86-64/sndsw/master-local1
 ~ 4) Executing tracking script...
[INFO] The input consists out of the following trees and files: 
[INFO]  - rawConv
[INFO]     - root://eospublic.cern.ch//eos/experiment/sndlhc/convertedData/physics/2023/run_006640/sndsw_raw-0004.root
[INFO] FairRootFileSink initialized.
[INFO]  - cbmout
[INFO]     - dummy
[INFO] Parameter and input file are available, Assure that basic info is there for the run!
[INFO] ---FairRootManager::SpecifyRunId --- 
[INFO] --- Initialize with RunId  --- 6640

************************************************************* 
     initialisation for run id 6640
************************************************************* 
-I- FairRunTimeDB::InitContainer() FairBaseParSet
-I- FairRunTimeDB::InitContainer() FairGeoParSet

************************************************************* 
     initialisation for run id 6640
************************************************************* 
-I- FairRunTimeDB::InitContainer() FairBaseParSet
-I- FairRunTimeDB::InitContainer() FairGeoParSet
[INFO]  Branch: Reco_MuonTracks not found in Tree.
using geofile: root://eospublic.cern.ch//eos/experiment/sndlhc/convertedData/physics/2023/geofile_sndlhc_TI18_V3_2023.root
[0%] 	 0/25,000 	 00:00:07
[1%] 	 250/25,000 	 00:05:57
[2%] 	 500/25,000 	 00:08:46
[3%] 	 750/25,000 	 00:11:00
[4%] 	 1,000/25,000 	 00:13:12
[5%] 	 1,250/25,000 	 00:15:18
[6%] 	 1,500/25,000 	 00:17:33
[7%] 	 1,750/25,000 	 00:19:42
[8%] 	 2,000/25,000 	 00:21:47
[9%] 	 2,250/25,000 	 00:24:00
[10%] 	 2,500/25,000 	 00:26:11
[11%] 	 2,750/25,000 	 00:28:05
[12%] 	 3,000/25,000 	 00:30:08
[13%] 	 3,250/25,000 	 00:33:01
[14%] 	 3,500/25,000 	 00:34:52
[15%] 	 3,750/25,000 	 00:36:59
[16%] 	 4,000/25,000 	 00:38:50
[17%] 	 4,250/25,000 	 00:43:18
[18%] 	 4,500/25,000 	 00:44:30
[19%] 	 4,750/25,000 	 00:46:32
[20%] 	 5,000/25,000 	 00:48:49
[21%] 	 5,250/25,000 	 00:51:09
[22%] 	 5,500/25,000 	 00:53:22
[23%] 	 5,750/25,000 	 00:55:04
[24%] 	 6,000/25,000 	 00:59:59
[25%] 	 6,250/25,000 	 01:01:19
[26%] 	 6,500/25,000 	 01:02:44
[27%] 	 6,750/25,000 	 01:04:50
[28%] 	 7,000/25,000 	 01:07:00
[29%] 	 7,250/25,000 	 01:08:53
[30%] 	 7,500/25,000 	 01:11:09
[31%] 	 7,750/25,000 	 01:12:10
[32%] 	 8,000/25,000 	 01:15:13
[33%] 	 8,250/25,000 	 01:16:41
[34%] 	 8,500/25,000 	 01:19:09
[35%] 	 8,750/25,000 	 01:20:59
[36%] 	 9,000/25,000 	 01:24:51
[37%] 	 9,250/25,000 	 01:29:52
[38%] 	 9,500/25,000 	 01:33:38
[39%] 	 9,750/25,000 	 01:36:50
[40%] 	 10,000/25,000 	 01:40:11
[41%] 	 10,250/25,000 	 01:41:15
[42%] 	 10,500/25,000 	 01:44:21
[43%] 	 10,750/25,000 	 01:46:41
[44%] 	 11,000/25,000 	 01:50:38
[45%] 	 11,250/25,000 	 01:51:38
[46%] 	 11,500/25,000 	 01:54:26
[47%] 	 11,750/25,000 	 01:57:31
[48%] 	 12,000/25,000 	 01:59:23
[49%] 	 12,250/25,000 	 02:02:31
[50%] 	 12,500/25,000 	 02:06:20
[51%] 	 12,750/25,000 	 02:08:02
[52%] 	 13,000/25,000 	 02:09:40
[53%] 	 13,250/25,000 	 02:11:51
[54%] 	 13,500/25,000 	 02:14:19
[55%] 	 13,750/25,000 	 02:17:06
[56%] 	 14,000/25,000 	 02:19:14
[57%] 	 14,250/25,000 	 02:20:43
[58%] 	 14,500/25,000 	 02:22:22
[59%] 	 14,750/25,000 	 02:23:52
[60%] 	 15,000/25,000 	 02:26:39
[61%] 	 15,250/25,000 	 02:28:34
[62%] 	 15,500/25,000 	 02:30:07
[63%] 	 15,750/25,000 	 02:31:30
[64%] 	 16,000/25,000 	 02:33:20
[65%] 	 16,250/25,000 	 02:34:44
[66%] 	 16,500/25,000 	 02:36:51
[67%] 	 16,750/25,000 	 02:39:46
[68%] 	 17,000/25,000 	 02:40:56
[69%] 	 17,250/25,000 	 02:43:59
[70%] 	 17,500/25,000 	 02:46:10
[71%] 	 17,750/25,000 	 02:49:06
[72%] 	 18,000/25,000 	 02:50:59
[73%] 	 18,250/25,000 	 02:52:35
[74%] 	 18,500/25,000 	 02:55:29
[75%] 	 18,750/25,000 	 02:58:09
[76%] 	 19,000/25,000 	 03:00:42
[77%] 	 19,250/25,000 	 03:02:25
[78%] 	 19,500/25,000 	 03:04:41
[79%] 	 19,750/25,000 	 03:08:14
[80%] 	 20,000/25,000 	 03:16:17
[81%] 	 20,250/25,000 	 03:18:18
[82%] 	 20,500/25,000 	 03:20:14
[83%] 	 20,750/25,000 	 03:22:39
[84%] 	 21,000/25,000 	 03:24:46
[85%] 	 21,250/25,000 	 03:26:15
[86%] 	 21,500/25,000 	 03:28:12
[87%] 	 21,750/25,000 	 03:29:44
[88%] 	 22,000/25,000 	 03:30:30
[89%] 	 22,250/25,000 	 03:32:27
[90%] 	 22,500/25,000 	 03:33:53
[91%] 	 22,750/25,000 	 03:36:34
[92%] 	 23,000/25,000 	 03:38:33
[93%] 	 23,250/25,000 	 03:40:04
[94%] 	 23,500/25,000 	 03:41:10
[95%] 	 23,750/25,000 	 03:43:23
[96%] 	 24,000/25,000 	 03:45:29
[97%] 	 24,250/25,000 	 03:48:17
[98%] 	 24,500/25,000 	 03:50:22
[99%] 	 24,750/25,000 	 03:52:14
Finished in 14027.73s.
 ~ 5) DONE !
