search libraries in slc9_x86-64
 ~ 1) Base stack loaded.
 ~ Sleeping for 180 seconds to avoid AFS DDOS...
 ~ 2) Loading sndsw environment...
 ~ 3) SNDSW_ROOT is set to: /afs/cern.ch/user/i/idioniso/snd_master/sw-root6.28/rhel9_x86-64/sndsw/master-local1
 ~ 4) Executing tracking script...
[INFO] The input consists out of the following trees and files: 
[INFO]  - rawConv
[INFO]     - root://eospublic.cern.ch//eos/experiment/sndlhc/convertedData/physics/2023/run_006640/sndsw_raw-0268.root
[INFO] FairRootFileSink initialized.
[INFO]  - cbmout
[INFO]     - dummy
[INFO] Parameter and input file are available, Assure that basic info is there for the run!
[INFO] ---FairRootManager::SpecifyRunId --- 
[INFO] --- Initialize with RunId  --- 6640

************************************************************* 
     initialisation for run id 6640
************************************************************* 
-I- FairRunTimeDB::InitContainer() FairBaseParSet
-I- FairRunTimeDB::InitContainer() FairGeoParSet

************************************************************* 
     initialisation for run id 6640
************************************************************* 
-I- FairRunTimeDB::InitContainer() FairBaseParSet
-I- FairRunTimeDB::InitContainer() FairGeoParSet
[INFO]  Branch: Reco_MuonTracks not found in Tree.
using geofile: root://eospublic.cern.ch//eos/experiment/sndlhc/convertedData/physics/2023/geofile_sndlhc_TI18_V3_2023.root
[0%] 	 0/25,000 	 00:00:06
[1%] 	 250/25,000 	 00:02:07
[2%] 	 500/25,000 	 00:03:22
[3%] 	 750/25,000 	 00:04:11
[4%] 	 1,000/25,000 	 00:05:14
[5%] 	 1,250/25,000 	 00:06:12
[6%] 	 1,500/25,000 	 00:07:57
[7%] 	 1,750/25,000 	 00:08:59
[8%] 	 2,000/25,000 	 00:09:57
[9%] 	 2,250/25,000 	 00:10:47
[10%] 	 2,500/25,000 	 00:11:34
[11%] 	 2,750/25,000 	 00:13:00
[12%] 	 3,000/25,000 	 00:14:16
[13%] 	 3,250/25,000 	 00:15:25
[14%] 	 3,500/25,000 	 00:16:43
[15%] 	 3,750/25,000 	 00:19:28
[16%] 	 4,000/25,000 	 00:21:01
[17%] 	 4,250/25,000 	 00:22:13
[18%] 	 4,500/25,000 	 00:24:45
[19%] 	 4,750/25,000 	 00:26:06
[20%] 	 5,000/25,000 	 00:28:07
[21%] 	 5,250/25,000 	 00:29:52
[22%] 	 5,500/25,000 	 00:31:34
[23%] 	 5,750/25,000 	 00:36:08
[24%] 	 6,000/25,000 	 00:39:42
[25%] 	 6,250/25,000 	 00:42:09
[26%] 	 6,500/25,000 	 00:43:51
[27%] 	 6,750/25,000 	 00:47:35
[28%] 	 7,000/25,000 	 00:49:02
[29%] 	 7,250/25,000 	 00:50:01
[30%] 	 7,500/25,000 	 00:51:58
[31%] 	 7,750/25,000 	 00:53:12
[32%] 	 8,000/25,000 	 00:54:15
Match: Event 268208195, Lines 5, DAngle 0.1925
[33%] 	 8,250/25,000 	 00:57:17
[34%] 	 8,500/25,000 	 00:58:53
[35%] 	 8,750/25,000 	 01:00:33
[36%] 	 9,000/25,000 	 01:01:59
[37%] 	 9,250/25,000 	 01:03:02
[38%] 	 9,500/25,000 	 01:06:44
[39%] 	 9,750/25,000 	 01:09:26
[40%] 	 10,000/25,000 	 01:10:55
[41%] 	 10,250/25,000 	 01:12:50
[42%] 	 10,500/25,000 	 01:14:23
[43%] 	 10,750/25,000 	 01:16:50
Match: Event 268210919, Lines 3, DAngle 0.1602
[44%] 	 11,000/25,000 	 01:18:37
[45%] 	 11,250/25,000 	 01:20:35
[46%] 	 11,500/25,000 	 01:22:26
[47%] 	 11,750/25,000 	 01:23:28
[48%] 	 12,000/25,000 	 01:25:10
[49%] 	 12,250/25,000 	 01:28:32
[50%] 	 12,500/25,000 	 01:29:55
Match: Event 268212541, Lines 5, DAngle 0.0217
[51%] 	 12,750/25,000 	 01:41:47
[52%] 	 13,000/25,000 	 01:44:50
[53%] 	 13,250/25,000 	 01:46:47
[54%] 	 13,500/25,000 	 01:48:20
[55%] 	 13,750/25,000 	 01:51:00
[56%] 	 14,000/25,000 	 01:53:48
[57%] 	 14,250/25,000 	 01:55:27
[58%] 	 14,500/25,000 	 01:56:34
[59%] 	 14,750/25,000 	 01:57:54
[60%] 	 15,000/25,000 	 01:59:36
[61%] 	 15,250/25,000 	 02:02:32
[62%] 	 15,500/25,000 	 02:03:52
[63%] 	 15,750/25,000 	 02:05:35
[64%] 	 16,000/25,000 	 02:07:50
[65%] 	 16,250/25,000 	 02:09:32
[66%] 	 16,500/25,000 	 02:11:44
[67%] 	 16,750/25,000 	 02:12:52
[68%] 	 17,000/25,000 	 02:13:50
[69%] 	 17,250/25,000 	 02:15:34
[70%] 	 17,500/25,000 	 02:18:22
[71%] 	 17,750/25,000 	 02:20:41
[72%] 	 18,000/25,000 	 02:23:08
[73%] 	 18,250/25,000 	 02:25:04
[74%] 	 18,500/25,000 	 02:27:22
[75%] 	 18,750/25,000 	 02:29:17
[76%] 	 19,000/25,000 	 02:33:08
[77%] 	 19,250/25,000 	 02:35:41
[78%] 	 19,500/25,000 	 02:37:42
[79%] 	 19,750/25,000 	 02:39:04
[80%] 	 20,000/25,000 	 02:41:16
[81%] 	 20,250/25,000 	 02:43:46
[82%] 	 20,500/25,000 	 02:45:37
[83%] 	 20,750/25,000 	 02:47:46
[84%] 	 21,000/25,000 	 02:49:05
[85%] 	 21,250/25,000 	 02:50:32
[86%] 	 21,500/25,000 	 02:52:12
[87%] 	 21,750/25,000 	 02:53:54
[88%] 	 22,000/25,000 	 02:57:22
[89%] 	 22,250/25,000 	 02:58:49
[90%] 	 22,500/25,000 	 03:00:12
[91%] 	 22,750/25,000 	 03:02:28
[92%] 	 23,000/25,000 	 03:07:03
[93%] 	 23,250/25,000 	 03:09:26
[94%] 	 23,500/25,000 	 03:11:06
[95%] 	 23,750/25,000 	 03:12:32
[96%] 	 24,000/25,000 	 03:14:23
[97%] 	 24,250/25,000 	 03:17:02
[98%] 	 24,500/25,000 	 03:19:56
[99%] 	 24,750/25,000 	 03:22:55
Finished in 12532.53s.
 ~ 5) DONE !
