search libraries in slc9_x86-64
 ~ 1) Base stack loaded.
 ~ Sleeping for 360 seconds to avoid AFS DDOS...
 ~ 2) Loading sndsw environment...
 ~ 3) SNDSW_ROOT is set to: /afs/cern.ch/user/i/idioniso/snd_master/sw-root6.28/rhel9_x86-64/sndsw/master-local1
 ~ 4) Executing tracking script...
[INFO] The input consists out of the following trees and files: 
[INFO]  - rawConv
[INFO]     - root://eospublic.cern.ch//eos/experiment/sndlhc/convertedData/physics/2023/run_006640/sndsw_raw-0146.root
[INFO] FairRootFileSink initialized.
[INFO]  - cbmout
[INFO]     - dummy
[INFO] Parameter and input file are available, Assure that basic info is there for the run!
[INFO] ---FairRootManager::SpecifyRunId --- 
[INFO] --- Initialize with RunId  --- 6640

************************************************************* 
     initialisation for run id 6640
************************************************************* 
-I- FairRunTimeDB::InitContainer() FairBaseParSet
-I- FairRunTimeDB::InitContainer() FairGeoParSet

************************************************************* 
     initialisation for run id 6640
************************************************************* 
-I- FairRunTimeDB::InitContainer() FairBaseParSet
-I- FairRunTimeDB::InitContainer() FairGeoParSet
[INFO]  Branch: Reco_MuonTracks not found in Tree.
using geofile: root://eospublic.cern.ch//eos/experiment/sndlhc/convertedData/physics/2023/geofile_sndlhc_TI18_V3_2023.root
[0%] 	 0/25,000 	 00:00:07
[1%] 	 250/25,000 	 00:01:35
[2%] 	 500/25,000 	 00:03:42
[3%] 	 750/25,000 	 00:05:52
[4%] 	 1,000/25,000 	 00:07:50
[5%] 	 1,250/25,000 	 00:12:22
[6%] 	 1,500/25,000 	 00:14:12
[7%] 	 1,750/25,000 	 00:16:15
[8%] 	 2,000/25,000 	 00:17:15
[9%] 	 2,250/25,000 	 00:20:36
[10%] 	 2,500/25,000 	 00:22:36
[11%] 	 2,750/25,000 	 00:24:05
[12%] 	 3,000/25,000 	 00:26:25
[13%] 	 3,250/25,000 	 00:28:11
[14%] 	 3,500/25,000 	 00:32:28
[15%] 	 3,750/25,000 	 00:33:32
[16%] 	 4,000/25,000 	 00:35:45
[17%] 	 4,250/25,000 	 00:38:04
[18%] 	 4,500/25,000 	 00:40:03
[19%] 	 4,750/25,000 	 00:41:29
[20%] 	 5,000/25,000 	 00:46:39
[21%] 	 5,250/25,000 	 00:48:29
[22%] 	 5,500/25,000 	 00:49:57
[23%] 	 5,750/25,000 	 00:51:30
[24%] 	 6,000/25,000 	 00:53:42
[25%] 	 6,250/25,000 	 00:55:03
[26%] 	 6,500/25,000 	 00:57:12
[27%] 	 6,750/25,000 	 00:59:55
[28%] 	 7,000/25,000 	 01:01:54
[29%] 	 7,250/25,000 	 01:02:58
[30%] 	 7,500/25,000 	 01:05:42
[31%] 	 7,750/25,000 	 01:07:38
[32%] 	 8,000/25,000 	 01:10:10
[33%] 	 8,250/25,000 	 01:12:18
[34%] 	 8,500/25,000 	 01:15:05
[35%] 	 8,750/25,000 	 01:16:03
[36%] 	 9,000/25,000 	 01:17:35
[37%] 	 9,250/25,000 	 01:19:10
[38%] 	 9,500/25,000 	 01:21:21
[39%] 	 9,750/25,000 	 01:22:58
[40%] 	 10,000/25,000 	 01:24:51
[41%] 	 10,250/25,000 	 01:26:14
[42%] 	 10,500/25,000 	 01:27:47
[43%] 	 10,750/25,000 	 01:31:37
[44%] 	 11,000/25,000 	 01:33:02
[45%] 	 11,250/25,000 	 01:36:27
[46%] 	 11,500/25,000 	 01:40:12
[47%] 	 11,750/25,000 	 01:41:30
Match: Event 146536835, Lines 5, DAngle 0.0184
[48%] 	 12,000/25,000 	 01:48:13
[49%] 	 12,250/25,000 	 01:50:35
[50%] 	 12,500/25,000 	 01:51:55
[51%] 	 12,750/25,000 	 01:54:10
[52%] 	 13,000/25,000 	 01:56:15
[53%] 	 13,250/25,000 	 01:58:10
[54%] 	 13,500/25,000 	 01:59:28
[55%] 	 13,750/25,000 	 02:03:20
[56%] 	 14,000/25,000 	 02:04:43
[57%] 	 14,250/25,000 	 02:08:19
[58%] 	 14,500/25,000 	 02:10:05
[59%] 	 14,750/25,000 	 02:12:24
[60%] 	 15,000/25,000 	 02:13:46
Match: Event 146540131, Lines 5, DAngle 0.1080
[61%] 	 15,250/25,000 	 02:18:12
[62%] 	 15,500/25,000 	 02:20:13
[63%] 	 15,750/25,000 	 02:22:54
[64%] 	 16,000/25,000 	 02:27:02
[65%] 	 16,250/25,000 	 02:28:52
[66%] 	 16,500/25,000 	 02:30:32
[67%] 	 16,750/25,000 	 02:31:50
[68%] 	 17,000/25,000 	 02:37:21
[69%] 	 17,250/25,000 	 02:40:53
[70%] 	 17,500/25,000 	 02:42:56
[71%] 	 17,750/25,000 	 02:44:46
[72%] 	 18,000/25,000 	 02:46:24
[73%] 	 18,250/25,000 	 02:47:50
[74%] 	 18,500/25,000 	 02:49:20
[75%] 	 18,750/25,000 	 02:53:56
[76%] 	 19,000/25,000 	 02:55:50
[77%] 	 19,250/25,000 	 02:57:02
Match: Event 146544337, Lines 5, DAngle 0.0952
[78%] 	 19,500/25,000 	 03:05:57
[79%] 	 19,750/25,000 	 03:08:50
[80%] 	 20,000/25,000 	 03:10:48
[81%] 	 20,250/25,000 	 03:14:37
[82%] 	 20,500/25,000 	 03:16:13
[83%] 	 20,750/25,000 	 03:18:53
[84%] 	 21,000/25,000 	 03:20:50
[85%] 	 21,250/25,000 	 03:23:13
[86%] 	 21,500/25,000 	 03:26:51
[87%] 	 21,750/25,000 	 03:28:19
[88%] 	 22,000/25,000 	 03:30:09
[89%] 	 22,250/25,000 	 03:32:31
[90%] 	 22,500/25,000 	 03:36:38
[91%] 	 22,750/25,000 	 03:40:16
[92%] 	 23,000/25,000 	 03:42:07
[93%] 	 23,250/25,000 	 03:46:57
[94%] 	 23,500/25,000 	 03:49:01
[95%] 	 23,750/25,000 	 03:55:01
[96%] 	 24,000/25,000 	 03:57:12
[97%] 	 24,250/25,000 	 03:58:32
[98%] 	 24,500/25,000 	 04:00:19
[99%] 	 24,750/25,000 	 04:03:16
Finished in 14808.55s.
 ~ 5) DONE !
