000 (7083082.025.000) 03/24 08:31:11 Job submitted from host: <188.185.125.71:9618?addrs=188.185.125.71-9618+[2001-1458-d00-4a--100-15e]-9618&alias=bigbird28.cern.ch&noUDP&sock=schedd_2603_051c>
...
040 (7083082.025.000) 03/24 08:32:22 Started transferring input files
	Transferring to host: <188.185.192.60:9618?addrs=188.185.192.60-9618+[2001-1458-303-1f--100-38]-9618&alias=b9p13p7661.cern.ch&noUDP&sock=slot1_10_3305108_547a_9873>
...
040 (7083082.025.000) 03/24 08:32:22 Finished transferring input files
...
001 (7083082.025.000) 03/24 08:32:23 Job executing on host: <188.185.192.60:9618?addrs=188.185.192.60-9618+[2001-1458-303-1f--100-38]-9618&alias=b9p13p7661.cern.ch&noUDP&sock=startd_3305067_a305>
	SlotName: slot1_10@b9p13p7661.cern.ch
	CondorScratchDir = "/pool/condor/dir_1168561"
	Cpus = 1
	Disk = 3847
	GPUs = 0
	Memory = 3000
...
006 (7083082.025.000) 03/24 08:32:36 Image size of job updated: 872
	1  -  MemoryUsage of job (MB)
	872  -  ResidentSetSize of job (KB)
...
006 (7083082.025.000) 03/24 08:52:37 Image size of job updated: 677148
	638  -  MemoryUsage of job (MB)
	653232  -  ResidentSetSize of job (KB)
...
006 (7083082.025.000) 03/24 08:57:38 Image size of job updated: 711764
	696  -  MemoryUsage of job (MB)
	711764  -  ResidentSetSize of job (KB)
...
006 (7083082.025.000) 03/24 09:12:40 Image size of job updated: 711768
	696  -  MemoryUsage of job (MB)
	711768  -  ResidentSetSize of job (KB)
...
006 (7083082.025.000) 03/24 09:17:41 Image size of job updated: 716748
	700  -  MemoryUsage of job (MB)
	716748  -  ResidentSetSize of job (KB)
...
006 (7083082.025.000) 03/24 09:27:42 Image size of job updated: 716836
	701  -  MemoryUsage of job (MB)
	716836  -  ResidentSetSize of job (KB)
...
006 (7083082.025.000) 03/24 09:57:44 Image size of job updated: 716896
	701  -  MemoryUsage of job (MB)
	716896  -  ResidentSetSize of job (KB)
...
006 (7083082.025.000) 03/24 10:42:50 Image size of job updated: 717764
	701  -  MemoryUsage of job (MB)
	717764  -  ResidentSetSize of job (KB)
...
006 (7083082.025.000) 03/24 10:47:50 Image size of job updated: 717848
	702  -  MemoryUsage of job (MB)
	717848  -  ResidentSetSize of job (KB)
...
006 (7083082.025.000) 03/24 10:57:51 Image size of job updated: 719096
	703  -  MemoryUsage of job (MB)
	719096  -  ResidentSetSize of job (KB)
...
006 (7083082.025.000) 03/24 11:02:51 Image size of job updated: 719104
	703  -  MemoryUsage of job (MB)
	719104  -  ResidentSetSize of job (KB)
...
006 (7083082.025.000) 03/24 11:07:52 Image size of job updated: 719212
	703  -  MemoryUsage of job (MB)
	719212  -  ResidentSetSize of job (KB)
...
040 (7083082.025.000) 03/24 11:31:39 Started transferring output files
...
040 (7083082.025.000) 03/24 11:31:39 Finished transferring output files
...
005 (7083082.025.000) 03/24 11:31:39 Job terminated.
	(1) Normal termination (return value 0)
		Usr 0 02:42:08, Sys 0 00:00:13  -  Run Remote Usage
		Usr 0 00:00:00, Sys 0 00:00:00  -  Run Local Usage
		Usr 0 02:42:08, Sys 0 00:00:13  -  Total Remote Usage
		Usr 0 00:00:00, Sys 0 00:00:00  -  Total Local Usage
	11908  -  Run Bytes Sent By Job
	1380  -  Run Bytes Received By Job
	11908  -  Total Bytes Sent By Job
	1380  -  Total Bytes Received By Job
	Partitionable Resources :    Usage  Request Allocated 
	   Cpus                 :     1.00        1         1 
	   Disk (KB)            :    43           2      3847 
	   GPUs                 :                           0 
	   Memory (MB)          :   703        3000      3000 
	   TimeExecute (s)      : 10756                       
	   TimeSlotBusy (s)     : 10758                       

	Job terminated of its own accord at 2026-03-24T10:31:39Z with exit-code 0.
...
