000 (7083082.127.000) 03/24 08:31:11 Job submitted from host: <188.185.125.71:9618?addrs=188.185.125.71-9618+[2001-1458-d00-4a--100-15e]-9618&alias=bigbird28.cern.ch&noUDP&sock=schedd_2603_051c>
...
040 (7083082.127.000) 03/24 08:32:56 Started transferring input files
	Transferring to host: <188.185.193.84:9618?addrs=188.185.193.84-9618+[2001-1458-303-20--100-50]-9618&alias=b9p19p9237.cern.ch&noUDP&sock=slot1_10_3275_489e_182904>
...
040 (7083082.127.000) 03/24 08:32:56 Finished transferring input files
...
001 (7083082.127.000) 03/24 08:32:57 Job executing on host: <188.185.193.84:9618?addrs=188.185.193.84-9618+[2001-1458-303-20--100-50]-9618&alias=b9p19p9237.cern.ch&noUDP&sock=startd_2546_ec36>
	SlotName: slot1_10@b9p19p9237.cern.ch
	CondorScratchDir = "/pool/condor/dir_2872095"
	Cpus = 1
	Disk = 3805
	GPUs = 0
	Memory = 3000
...
006 (7083082.127.000) 03/24 08:33:10 Image size of job updated: 880
	1  -  MemoryUsage of job (MB)
	880  -  ResidentSetSize of job (KB)
...
006 (7083082.127.000) 03/24 08:48:12 Image size of job updated: 652904
	638  -  MemoryUsage of job (MB)
	652904  -  ResidentSetSize of job (KB)
...
006 (7083082.127.000) 03/24 08:53:12 Image size of job updated: 652912
	638  -  MemoryUsage of job (MB)
	652912  -  ResidentSetSize of job (KB)
...
006 (7083082.127.000) 03/24 08:58:13 Image size of job updated: 652920
	638  -  MemoryUsage of job (MB)
	652920  -  ResidentSetSize of job (KB)
...
006 (7083082.127.000) 03/24 09:03:14 Image size of job updated: 652924
	638  -  MemoryUsage of job (MB)
	652924  -  ResidentSetSize of job (KB)
...
006 (7083082.127.000) 03/24 09:13:14 Image size of job updated: 708896
	693  -  MemoryUsage of job (MB)
	708896  -  ResidentSetSize of job (KB)
...
006 (7083082.127.000) 03/24 09:18:15 Image size of job updated: 712396
	696  -  MemoryUsage of job (MB)
	712396  -  ResidentSetSize of job (KB)
...
006 (7083082.127.000) 03/24 09:23:15 Image size of job updated: 712404
	696  -  MemoryUsage of job (MB)
	712404  -  ResidentSetSize of job (KB)
...
006 (7083082.127.000) 03/24 09:58:18 Image size of job updated: 712412
	696  -  MemoryUsage of job (MB)
	712412  -  ResidentSetSize of job (KB)
...
006 (7083082.127.000) 03/24 10:13:20 Image size of job updated: 730296
	714  -  MemoryUsage of job (MB)
	730296  -  ResidentSetSize of job (KB)
...
006 (7083082.127.000) 03/24 12:03:32 Image size of job updated: 733856
	717  -  MemoryUsage of job (MB)
	733856  -  ResidentSetSize of job (KB)
...
006 (7083082.127.000) 03/24 12:08:33 Image size of job updated: 733944
	717  -  MemoryUsage of job (MB)
	733944  -  ResidentSetSize of job (KB)
...
040 (7083082.127.000) 03/24 12:18:28 Started transferring output files
...
040 (7083082.127.000) 03/24 12:18:28 Finished transferring output files
...
005 (7083082.127.000) 03/24 12:18:28 Job terminated.
	(1) Normal termination (return value 0)
		Usr 0 03:30:05, Sys 0 00:00:13  -  Run Remote Usage
		Usr 0 00:00:00, Sys 0 00:00:00  -  Run Local Usage
		Usr 0 03:30:05, Sys 0 00:00:13  -  Total Remote Usage
		Usr 0 00:00:00, Sys 0 00:00:00  -  Total Local Usage
	11681  -  Run Bytes Sent By Job
	1380  -  Run Bytes Received By Job
	11681  -  Total Bytes Sent By Job
	1380  -  Total Bytes Received By Job
	Partitionable Resources :    Usage  Request Allocated 
	   Cpus                 :     0.99        1         1 
	   Disk (KB)            :    43           2      3805 
	   GPUs                 :                           0 
	   Memory (MB)          :   717        3000      3000 
	   TimeExecute (s)      : 13531                       
	   TimeSlotBusy (s)     : 13533                       

	Job terminated of its own accord at 2026-03-24T11:18:28Z with exit-code 0.
...
