000 (7083082.001.000) 03/24 08:31:11 Job submitted from host: <188.185.125.71:9618?addrs=188.185.125.71-9618+[2001-1458-d00-4a--100-15e]-9618&alias=bigbird28.cern.ch&noUDP&sock=schedd_2603_051c>
...
040 (7083082.001.000) 03/24 08:32:14 Started transferring input files
	Transferring to host: <128.142.161.93:9618?addrs=128.142.161.93-9618+[2001-1458-301-b8--100-1b]-9618&alias=b9g03p6806.cern.ch&noUDP&sock=slot1_2_1284425_5b60_37123>
...
040 (7083082.001.000) 03/24 08:32:14 Finished transferring input files
...
001 (7083082.001.000) 03/24 08:32:15 Job executing on host: <128.142.161.93:9618?addrs=128.142.161.93-9618+[2001-1458-301-b8--100-1b]-9618&alias=b9g03p6806.cern.ch&noUDP&sock=startd_6034_668d>
	SlotName: slot1_2@b9g03p6806.cern.ch
	CondorScratchDir = "/pool/condor/dir_762410"
	Cpus = 1
	Disk = 4006
	GPUs = 0
	Memory = 3000
...
006 (7083082.001.000) 03/24 08:32:29 Image size of job updated: 880
	1  -  MemoryUsage of job (MB)
	880  -  ResidentSetSize of job (KB)
...
006 (7083082.001.000) 03/24 08:52:32 Image size of job updated: 497928
	487  -  MemoryUsage of job (MB)
	497928  -  ResidentSetSize of job (KB)
...
006 (7083082.001.000) 03/24 08:57:33 Image size of job updated: 536564
	524  -  MemoryUsage of job (MB)
	536564  -  ResidentSetSize of job (KB)
...
006 (7083082.001.000) 03/24 09:02:33 Image size of job updated: 536576
	524  -  MemoryUsage of job (MB)
	536564  -  ResidentSetSize of job (KB)
...
006 (7083082.001.000) 03/24 11:02:45 Image size of job updated: 571332
	558  -  MemoryUsage of job (MB)
	571332  -  ResidentSetSize of job (KB)
...
006 (7083082.001.000) 03/24 11:07:46 Image size of job updated: 590860
	578  -  MemoryUsage of job (MB)
	590860  -  ResidentSetSize of job (KB)
...
006 (7083082.001.000) 03/24 11:08:50 Image size of job updated: 590976
	578  -  MemoryUsage of job (MB)
	590860  -  ResidentSetSize of job (KB)
...
040 (7083082.001.000) 03/24 11:08:50 Started transferring output files
...
040 (7083082.001.000) 03/24 11:08:51 Finished transferring output files
...
005 (7083082.001.000) 03/24 11:08:51 Job terminated.
	(1) Normal termination (return value 0)
		Usr 0 02:17:51, Sys 0 00:00:06  -  Run Remote Usage
		Usr 0 00:00:00, Sys 0 00:00:00  -  Run Local Usage
		Usr 0 02:17:51, Sys 0 00:00:06  -  Total Remote Usage
		Usr 0 00:00:00, Sys 0 00:00:00  -  Total Local Usage
	11632  -  Run Bytes Sent By Job
	1380  -  Run Bytes Received By Job
	11632  -  Total Bytes Sent By Job
	1380  -  Total Bytes Received By Job
	Partitionable Resources :    Usage  Request Allocated 
	   Cpus                 :     0.99        1         1 
	   Disk (KB)            :    43           2      4006 
	   GPUs                 :                           0 
	   Memory (MB)          :   578        3000      3000 
	   TimeExecute (s)      :  9395                       
	   TimeSlotBusy (s)     :  9398                       

	Job terminated of its own accord at 2026-03-24T10:08:50Z with exit-code 0.
...
