000 (7083082.002.000) 03/24 08:31:11 Job submitted from host: <188.185.125.71:9618?addrs=188.185.125.71-9618+[2001-1458-d00-4a--100-15e]-9618&alias=bigbird28.cern.ch&noUDP&sock=schedd_2603_051c>
...
040 (7083082.002.000) 03/24 08:32:15 Started transferring input files
	Transferring to host: <188.185.196.122:9618?addrs=188.185.196.122-9618+[2001-1458-303-23--100-76]-9618&alias=b9p16p4693.cern.ch&noUDP&sock=slot1_6_3282_373f_33417>
...
040 (7083082.002.000) 03/24 08:32:15 Finished transferring input files
...
001 (7083082.002.000) 03/24 08:32:16 Job executing on host: <188.185.196.122:9618?addrs=188.185.196.122-9618+[2001-1458-303-23--100-76]-9618&alias=b9p16p4693.cern.ch&noUDP&sock=startd_2837_8645>
	SlotName: slot1_6@b9p16p4693.cern.ch
	CondorScratchDir = "/pool/condor/dir_2795768"
	Cpus = 1
	Disk = 3852
	GPUs = 0
	Memory = 3000
...
006 (7083082.002.000) 03/24 08:32:24 Image size of job updated: 888
	1  -  MemoryUsage of job (MB)
	888  -  ResidentSetSize of job (KB)
...
006 (7083082.002.000) 03/24 08:42:25 Image size of job updated: 526996
	515  -  MemoryUsage of job (MB)
	526996  -  ResidentSetSize of job (KB)
...
006 (7083082.002.000) 03/24 08:47:25 Image size of job updated: 527000
	515  -  MemoryUsage of job (MB)
	526996  -  ResidentSetSize of job (KB)
...
006 (7083082.002.000) 03/24 09:17:28 Image size of job updated: 675040
	660  -  MemoryUsage of job (MB)
	675040  -  ResidentSetSize of job (KB)
...
006 (7083082.002.000) 03/24 09:22:29 Image size of job updated: 683548
	668  -  MemoryUsage of job (MB)
	683548  -  ResidentSetSize of job (KB)
...
006 (7083082.002.000) 03/24 09:32:30 Image size of job updated: 683620
	668  -  MemoryUsage of job (MB)
	683620  -  ResidentSetSize of job (KB)
...
006 (7083082.002.000) 03/24 09:37:30 Image size of job updated: 683632
	668  -  MemoryUsage of job (MB)
	683632  -  ResidentSetSize of job (KB)
...
006 (7083082.002.000) 03/24 10:07:32 Image size of job updated: 683640
	668  -  MemoryUsage of job (MB)
	683640  -  ResidentSetSize of job (KB)
...
006 (7083082.002.000) 03/24 10:12:33 Image size of job updated: 683688
	668  -  MemoryUsage of job (MB)
	683688  -  ResidentSetSize of job (KB)
...
006 (7083082.002.000) 03/24 10:32:35 Image size of job updated: 683704
	668  -  MemoryUsage of job (MB)
	683704  -  ResidentSetSize of job (KB)
...
006 (7083082.002.000) 03/24 12:32:48 Image size of job updated: 684212
	669  -  MemoryUsage of job (MB)
	684212  -  ResidentSetSize of job (KB)
...
006 (7083082.002.000) 03/24 12:32:48 Image size of job updated: 684220
	669  -  MemoryUsage of job (MB)
	684212  -  ResidentSetSize of job (KB)
...
040 (7083082.002.000) 03/24 12:32:48 Started transferring output files
...
040 (7083082.002.000) 03/24 12:32:49 Finished transferring output files
...
005 (7083082.002.000) 03/24 12:32:49 Job terminated.
	(1) Normal termination (return value 0)
		Usr 0 03:41:19, Sys 0 00:00:41  -  Run Remote Usage
		Usr 0 00:00:00, Sys 0 00:00:00  -  Run Local Usage
		Usr 0 03:41:19, Sys 0 00:00:41  -  Total Remote Usage
		Usr 0 00:00:00, Sys 0 00:00:00  -  Total Local Usage
	11587  -  Run Bytes Sent By Job
	1380  -  Run Bytes Received By Job
	11587  -  Total Bytes Sent By Job
	1380  -  Total Bytes Received By Job
	Partitionable Resources :    Usage  Request Allocated 
	   Cpus                 :     0.96        1         1 
	   Disk (KB)            :    43           2      3852 
	   GPUs                 :                           0 
	   Memory (MB)          :   669        3000      3000 
	   TimeExecute (s)      : 14432                       
	   TimeSlotBusy (s)     : 14435                       
...
