000 (7083082.118.000) 03/24 08:31:11 Job submitted from host: <188.185.125.71:9618?addrs=188.185.125.71-9618+[2001-1458-d00-4a--100-15e]-9618&alias=bigbird28.cern.ch&noUDP&sock=schedd_2603_051c>
...
040 (7083082.118.000) 03/24 08:32:53 Started transferring input files
	Transferring to host: <188.185.196.108:9618?addrs=188.185.196.108-9618+[2001-1458-303-23--100-68]-9618&alias=b9p16p4013.cern.ch&noUDP&sock=slot1_7_6479_caa1_183156>
...
040 (7083082.118.000) 03/24 08:32:53 Finished transferring input files
...
001 (7083082.118.000) 03/24 08:32:54 Job executing on host: <188.185.196.108:9618?addrs=188.185.196.108-9618+[2001-1458-303-23--100-68]-9618&alias=b9p16p4013.cern.ch&noUDP&sock=startd_5234_aac9>
	SlotName: slot1_7@b9p16p4013.cern.ch
	CondorScratchDir = "/pool/condor/dir_3065360"
	Cpus = 1
	Disk = 3827
	GPUs = 0
	Memory = 3000
...
006 (7083082.118.000) 03/24 08:33:07 Image size of job updated: 892
	1  -  MemoryUsage of job (MB)
	892  -  ResidentSetSize of job (KB)
...
006 (7083082.118.000) 03/24 08:38:07 Image size of job updated: 650016
	611  -  MemoryUsage of job (MB)
	625432  -  ResidentSetSize of job (KB)
...
006 (7083082.118.000) 03/24 08:43:08 Image size of job updated: 650016
	614  -  MemoryUsage of job (MB)
	628140  -  ResidentSetSize of job (KB)
...
006 (7083082.118.000) 03/24 08:48:08 Image size of job updated: 650016
	614  -  MemoryUsage of job (MB)
	628288  -  ResidentSetSize of job (KB)
...
006 (7083082.118.000) 03/24 08:58:09 Image size of job updated: 650016
	617  -  MemoryUsage of job (MB)
	631376  -  ResidentSetSize of job (KB)
...
006 (7083082.118.000) 03/24 09:03:09 Image size of job updated: 650016
	617  -  MemoryUsage of job (MB)
	631380  -  ResidentSetSize of job (KB)
...
006 (7083082.118.000) 03/24 09:38:13 Image size of job updated: 650016
	634  -  MemoryUsage of job (MB)
	648348  -  ResidentSetSize of job (KB)
...
006 (7083082.118.000) 03/24 09:48:14 Image size of job updated: 650016
	634  -  MemoryUsage of job (MB)
	648352  -  ResidentSetSize of job (KB)
...
006 (7083082.118.000) 03/24 09:58:14 Image size of job updated: 651852
	637  -  MemoryUsage of job (MB)
	651852  -  ResidentSetSize of job (KB)
...
006 (7083082.118.000) 03/24 10:48:18 Image size of job updated: 658704
	644  -  MemoryUsage of job (MB)
	658704  -  ResidentSetSize of job (KB)
...
006 (7083082.118.000) 03/24 10:53:18 Image size of job updated: 661160
	646  -  MemoryUsage of job (MB)
	661160  -  ResidentSetSize of job (KB)
...
006 (7083082.118.000) 03/24 10:58:19 Image size of job updated: 700288
	684  -  MemoryUsage of job (MB)
	700288  -  ResidentSetSize of job (KB)
...
006 (7083082.118.000) 03/24 11:03:20 Image size of job updated: 709676
	694  -  MemoryUsage of job (MB)
	709676  -  ResidentSetSize of job (KB)
...
040 (7083082.118.000) 03/24 11:34:16 Started transferring output files
...
040 (7083082.118.000) 03/24 11:34:16 Finished transferring output files
...
005 (7083082.118.000) 03/24 11:34:16 Job terminated.
	(1) Normal termination (return value 0)
		Usr 0 02:57:59, Sys 0 00:00:18  -  Run Remote Usage
		Usr 0 00:00:00, Sys 0 00:00:00  -  Run Local Usage
		Usr 0 02:57:59, Sys 0 00:00:18  -  Total Remote Usage
		Usr 0 00:00:00, Sys 0 00:00:00  -  Total Local Usage
	11634  -  Run Bytes Sent By Job
	1380  -  Run Bytes Received By Job
	11634  -  Total Bytes Sent By Job
	1380  -  Total Bytes Received By Job
	Partitionable Resources :    Usage  Request Allocated 
	   Cpus                 :     0.99        1         1 
	   Disk (KB)            :    43           2      3827 
	   GPUs                 :                           0 
	   Memory (MB)          :   694        3000      3000 
	   TimeExecute (s)      : 10882                       
	   TimeSlotBusy (s)     : 10884                       

	Job terminated of its own accord at 2026-03-24T10:34:16Z with exit-code 0.
...
