000 (7072827.249.000) 03/20 09:40:28 Job submitted from host: <188.185.125.71:9618?addrs=188.185.125.71-9618+[2001-1458-d00-4a--100-15e]-9618&alias=bigbird28.cern.ch&noUDP&sock=schedd_2603_051c>
...
040 (7072827.249.000) 03/20 09:43:21 Started transferring input files
	Transferring to host: <188.185.215.11:9618?addrs=188.185.215.11-9618+[2001-1458-303-1e--100-7]-9618&alias=b9p31p9393.cern.ch&noUDP&sock=slot1_24_7257_f680_199496>
...
040 (7072827.249.000) 03/20 09:43:21 Finished transferring input files
...
001 (7072827.249.000) 03/20 09:43:22 Job executing on host: <188.185.215.11:9618?addrs=188.185.215.11-9618+[2001-1458-303-1e--100-7]-9618&alias=b9p31p9393.cern.ch&noUDP&sock=startd_6693_6b76>
	SlotName: slot1_24@b9p31p9393.cern.ch
	CondorScratchDir = "/pool/condor/dir_1222647"
	Cpus = 1
	Disk = 3779
	GPUs = 0
	Memory = 3000
...
006 (7072827.249.000) 03/20 09:43:35 Image size of job updated: 884
	1  -  MemoryUsage of job (MB)
	884  -  ResidentSetSize of job (KB)
...
006 (7072827.249.000) 03/20 09:48:35 Image size of job updated: 620148
	600  -  MemoryUsage of job (MB)
	614056  -  ResidentSetSize of job (KB)
...
006 (7072827.249.000) 03/20 09:53:36 Image size of job updated: 622772
	609  -  MemoryUsage of job (MB)
	622772  -  ResidentSetSize of job (KB)
...
006 (7072827.249.000) 03/20 09:58:36 Image size of job updated: 622776
	609  -  MemoryUsage of job (MB)
	622776  -  ResidentSetSize of job (KB)
...
006 (7072827.249.000) 03/20 10:03:36 Image size of job updated: 622864
	609  -  MemoryUsage of job (MB)
	622864  -  ResidentSetSize of job (KB)
...
006 (7072827.249.000) 03/20 10:08:37 Image size of job updated: 650316
	636  -  MemoryUsage of job (MB)
	650316  -  ResidentSetSize of job (KB)
...
006 (7072827.249.000) 03/20 10:13:37 Image size of job updated: 651292
	637  -  MemoryUsage of job (MB)
	651292  -  ResidentSetSize of job (KB)
...
006 (7072827.249.000) 03/20 10:18:37 Image size of job updated: 651440
	637  -  MemoryUsage of job (MB)
	651440  -  ResidentSetSize of job (KB)
...
006 (7072827.249.000) 03/20 10:23:38 Image size of job updated: 652128
	637  -  MemoryUsage of job (MB)
	652128  -  ResidentSetSize of job (KB)
...
006 (7072827.249.000) 03/20 10:28:38 Image size of job updated: 652188
	637  -  MemoryUsage of job (MB)
	652188  -  ResidentSetSize of job (KB)
...
006 (7072827.249.000) 03/20 10:43:39 Image size of job updated: 657312
	642  -  MemoryUsage of job (MB)
	657312  -  ResidentSetSize of job (KB)
...
006 (7072827.249.000) 03/20 11:23:43 Image size of job updated: 663468
	648  -  MemoryUsage of job (MB)
	663468  -  ResidentSetSize of job (KB)
...
006 (7072827.249.000) 03/20 11:33:44 Image size of job updated: 676832
	660  -  MemoryUsage of job (MB)
	675292  -  ResidentSetSize of job (KB)
...
006 (7072827.249.000) 03/20 12:18:50 Image size of job updated: 715728
	699  -  MemoryUsage of job (MB)
	715728  -  ResidentSetSize of job (KB)
...
006 (7072827.249.000) 03/20 12:28:50 Image size of job updated: 727004
	710  -  MemoryUsage of job (MB)
	727004  -  ResidentSetSize of job (KB)
...
006 (7072827.249.000) 03/20 12:43:51 Image size of job updated: 727012
	710  -  MemoryUsage of job (MB)
	727012  -  ResidentSetSize of job (KB)
...
006 (7072827.249.000) 03/20 13:43:55 Image size of job updated: 727024
	710  -  MemoryUsage of job (MB)
	727024  -  ResidentSetSize of job (KB)
...
006 (7072827.249.000) 03/20 13:53:56 Image size of job updated: 729528
	713  -  MemoryUsage of job (MB)
	729528  -  ResidentSetSize of job (KB)
...
006 (7072827.249.000) 03/20 14:03:57 Image size of job updated: 734324
	718  -  MemoryUsage of job (MB)
	734324  -  ResidentSetSize of job (KB)
...
006 (7072827.249.000) 03/20 14:54:00 Image size of job updated: 735144
	718  -  MemoryUsage of job (MB)
	735144  -  ResidentSetSize of job (KB)
...
006 (7072827.249.000) 03/20 16:49:12 Image size of job updated: 737960
	718  -  MemoryUsage of job (MB)
	735144  -  ResidentSetSize of job (KB)
...
006 (7072827.249.000) 03/20 16:54:13 Image size of job updated: 738884
	722  -  MemoryUsage of job (MB)
	738884  -  ResidentSetSize of job (KB)
...
006 (7072827.249.000) 03/20 17:09:14 Image size of job updated: 738908
	722  -  MemoryUsage of job (MB)
	738908  -  ResidentSetSize of job (KB)
...
006 (7072827.249.000) 03/20 17:34:16 Image size of job updated: 738940
	722  -  MemoryUsage of job (MB)
	738940  -  ResidentSetSize of job (KB)
...
006 (7072827.249.000) 03/20 17:39:17 Image size of job updated: 747112
	730  -  MemoryUsage of job (MB)
	747112  -  ResidentSetSize of job (KB)
...
006 (7072827.249.000) 03/20 18:39:21 Image size of job updated: 750308
	733  -  MemoryUsage of job (MB)
	750308  -  ResidentSetSize of job (KB)
...
006 (7072827.249.000) 03/20 18:44:21 Image size of job updated: 753644
	736  -  MemoryUsage of job (MB)
	753644  -  ResidentSetSize of job (KB)
...
006 (7072827.249.000) 03/20 18:49:22 Image size of job updated: 753724
	737  -  MemoryUsage of job (MB)
	753724  -  ResidentSetSize of job (KB)
...
006 (7072827.249.000) 03/20 19:44:27 Image size of job updated: 753744
	737  -  MemoryUsage of job (MB)
	753744  -  ResidentSetSize of job (KB)
...
006 (7072827.249.000) 03/20 20:24:31 Image size of job updated: 753748
	737  -  MemoryUsage of job (MB)
	753748  -  ResidentSetSize of job (KB)
...
006 (7072827.249.000) 03/20 20:59:34 Image size of job updated: 755800
	739  -  MemoryUsage of job (MB)
	755800  -  ResidentSetSize of job (KB)
...
006 (7072827.249.000) 03/20 21:04:34 Image size of job updated: 755856
	739  -  MemoryUsage of job (MB)
	755856  -  ResidentSetSize of job (KB)
...
006 (7072827.249.000) 03/20 21:59:39 Image size of job updated: 756228
	739  -  MemoryUsage of job (MB)
	756228  -  ResidentSetSize of job (KB)
...
006 (7072827.249.000) 03/20 22:09:39 Image size of job updated: 758500
	739  -  MemoryUsage of job (MB)
	756228  -  ResidentSetSize of job (KB)
...
006 (7072827.249.000) 03/21 00:14:48 Image size of job updated: 770380
	741  -  MemoryUsage of job (MB)
	758112  -  ResidentSetSize of job (KB)
...
006 (7072827.249.000) 03/21 05:20:17 Image size of job updated: 770380
	741  -  MemoryUsage of job (MB)
	758656  -  ResidentSetSize of job (KB)
...
006 (7072827.249.000) 03/21 05:25:18 Image size of job updated: 770380
	742  -  MemoryUsage of job (MB)
	758848  -  ResidentSetSize of job (KB)
...
006 (7072827.249.000) 03/21 06:10:24 Image size of job updated: 770380
	742  -  MemoryUsage of job (MB)
	758952  -  ResidentSetSize of job (KB)
...
006 (7072827.249.000) 03/21 06:15:24 Image size of job updated: 770380
	743  -  MemoryUsage of job (MB)
	760748  -  ResidentSetSize of job (KB)
...
040 (7072827.249.000) 03/21 08:04:56 Started transferring output files
...
040 (7072827.249.000) 03/21 08:04:56 Finished transferring output files
...
005 (7072827.249.000) 03/21 08:04:56 Job terminated.
	(1) Normal termination (return value 0)
		Usr 0 21:55:45, Sys 0 00:02:08  -  Run Remote Usage
		Usr 0 00:00:00, Sys 0 00:00:00  -  Run Local Usage
		Usr 0 21:55:45, Sys 0 00:02:08  -  Total Remote Usage
		Usr 0 00:00:00, Sys 0 00:00:00  -  Total Local Usage
	13106  -  Run Bytes Sent By Job
	1380  -  Run Bytes Received By Job
	13106  -  Total Bytes Sent By Job
	1380  -  Total Bytes Received By Job
	Partitionable Resources :    Usage  Request Allocated 
	   Cpus                 :     0.99        1         1 
	   Disk (KB)            :    48           2      3779 
	   GPUs                 :                           0 
	   Memory (MB)          :   743        3000      3000 
	   TimeExecute (s)      : 80494                       
	   TimeSlotBusy (s)     : 80496                       

	Job terminated of its own accord at 2026-03-21T07:04:56Z with exit-code 0.
...
