000 (7072827.388.000) 03/20 09:40:28 Job submitted from host: <188.185.125.71:9618?addrs=188.185.125.71-9618+[2001-1458-d00-4a--100-15e]-9618&alias=bigbird28.cern.ch&noUDP&sock=schedd_2603_051c>
...
040 (7072827.388.000) 03/20 09:44:09 Started transferring input files
	Transferring to host: <188.185.212.92:9618?addrs=188.185.212.92-9618+[2001-1458-303-18--100-58]-9618&alias=b9p25p6315.cern.ch&noUDP&sock=slot1_33_5063_1767_188540>
...
040 (7072827.388.000) 03/20 09:44:09 Finished transferring input files
...
001 (7072827.388.000) 03/20 09:44:10 Job executing on host: <188.185.212.92:9618?addrs=188.185.212.92-9618+[2001-1458-303-18--100-58]-9618&alias=b9p25p6315.cern.ch&noUDP&sock=startd_4085_8c77>
	SlotName: slot1_33@b9p25p6315.cern.ch
	CondorScratchDir = "/pool/condor/dir_3404013"
	Cpus = 1
	Disk = 3764
	GPUs = 0
	Memory = 3000
...
006 (7072827.388.000) 03/20 09:44:23 Image size of job updated: 880
	1  -  MemoryUsage of job (MB)
	880  -  ResidentSetSize of job (KB)
...
006 (7072827.388.000) 03/20 10:04:25 Image size of job updated: 512276
	501  -  MemoryUsage of job (MB)
	512276  -  ResidentSetSize of job (KB)
...
006 (7072827.388.000) 03/20 10:09:26 Image size of job updated: 519716
	508  -  MemoryUsage of job (MB)
	519716  -  ResidentSetSize of job (KB)
...
006 (7072827.388.000) 03/20 10:14:26 Image size of job updated: 522056
	510  -  MemoryUsage of job (MB)
	522056  -  ResidentSetSize of job (KB)
...
006 (7072827.388.000) 03/20 10:19:27 Image size of job updated: 522732
	511  -  MemoryUsage of job (MB)
	522732  -  ResidentSetSize of job (KB)
...
006 (7072827.388.000) 03/20 10:29:28 Image size of job updated: 523860
	512  -  MemoryUsage of job (MB)
	523860  -  ResidentSetSize of job (KB)
...
006 (7072827.388.000) 03/20 10:34:29 Image size of job updated: 523876
	512  -  MemoryUsage of job (MB)
	523876  -  ResidentSetSize of job (KB)
...
006 (7072827.388.000) 03/20 10:39:30 Image size of job updated: 528196
	516  -  MemoryUsage of job (MB)
	528196  -  ResidentSetSize of job (KB)
...
006 (7072827.388.000) 03/20 10:44:30 Image size of job updated: 528364
	516  -  MemoryUsage of job (MB)
	528364  -  ResidentSetSize of job (KB)
...
006 (7072827.388.000) 03/20 10:49:31 Image size of job updated: 569804
	557  -  MemoryUsage of job (MB)
	569804  -  ResidentSetSize of job (KB)
...
006 (7072827.388.000) 03/20 10:54:32 Image size of job updated: 573300
	560  -  MemoryUsage of job (MB)
	573300  -  ResidentSetSize of job (KB)
...
006 (7072827.388.000) 03/20 10:59:32 Image size of job updated: 573304
	560  -  MemoryUsage of job (MB)
	573304  -  ResidentSetSize of job (KB)
...
006 (7072827.388.000) 03/20 11:19:35 Image size of job updated: 573836
	561  -  MemoryUsage of job (MB)
	573836  -  ResidentSetSize of job (KB)
...
006 (7072827.388.000) 03/20 11:59:39 Image size of job updated: 576468
	563  -  MemoryUsage of job (MB)
	576468  -  ResidentSetSize of job (KB)
...
006 (7072827.388.000) 03/20 12:04:39 Image size of job updated: 576504
	563  -  MemoryUsage of job (MB)
	576504  -  ResidentSetSize of job (KB)
...
006 (7072827.388.000) 03/20 12:09:40 Image size of job updated: 576536
	564  -  MemoryUsage of job (MB)
	576536  -  ResidentSetSize of job (KB)
...
006 (7072827.388.000) 03/20 12:19:40 Image size of job updated: 577956
	565  -  MemoryUsage of job (MB)
	577956  -  ResidentSetSize of job (KB)
...
006 (7072827.388.000) 03/20 12:39:43 Image size of job updated: 577984
	565  -  MemoryUsage of job (MB)
	577984  -  ResidentSetSize of job (KB)
...
006 (7072827.388.000) 03/20 12:49:44 Image size of job updated: 578032
	565  -  MemoryUsage of job (MB)
	578032  -  ResidentSetSize of job (KB)
...
006 (7072827.388.000) 03/20 13:14:47 Image size of job updated: 578284
	565  -  MemoryUsage of job (MB)
	578284  -  ResidentSetSize of job (KB)
...
006 (7072827.388.000) 03/20 13:19:48 Image size of job updated: 592668
	579  -  MemoryUsage of job (MB)
	592668  -  ResidentSetSize of job (KB)
...
006 (7072827.388.000) 03/20 13:24:48 Image size of job updated: 592748
	579  -  MemoryUsage of job (MB)
	592748  -  ResidentSetSize of job (KB)
...
006 (7072827.388.000) 03/20 13:29:48 Image size of job updated: 786100
	759  -  MemoryUsage of job (MB)
	777100  -  ResidentSetSize of job (KB)
...
006 (7072827.388.000) 03/20 13:34:49 Image size of job updated: 786204
	768  -  MemoryUsage of job (MB)
	786204  -  ResidentSetSize of job (KB)
...
006 (7072827.388.000) 03/20 13:39:49 Image size of job updated: 788012
	768  -  MemoryUsage of job (MB)
	786204  -  ResidentSetSize of job (KB)
...
006 (7072827.388.000) 03/20 16:05:03 Image size of job updated: 788012
	768  -  MemoryUsage of job (MB)
	786244  -  ResidentSetSize of job (KB)
...
006 (7072827.388.000) 03/20 16:45:09 Image size of job updated: 788012
	768  -  MemoryUsage of job (MB)
	786296  -  ResidentSetSize of job (KB)
...
006 (7072827.388.000) 03/20 16:50:09 Image size of job updated: 788012
	768  -  MemoryUsage of job (MB)
	786300  -  ResidentSetSize of job (KB)
...
006 (7072827.388.000) 03/20 17:05:10 Image size of job updated: 788012
	768  -  MemoryUsage of job (MB)
	786340  -  ResidentSetSize of job (KB)
...
006 (7072827.388.000) 03/20 17:20:12 Image size of job updated: 788012
	769  -  MemoryUsage of job (MB)
	786468  -  ResidentSetSize of job (KB)
...
006 (7072827.388.000) 03/20 17:40:14 Image size of job updated: 788012
	769  -  MemoryUsage of job (MB)
	786612  -  ResidentSetSize of job (KB)
...
006 (7072827.388.000) 03/20 19:25:24 Image size of job updated: 789096
	771  -  MemoryUsage of job (MB)
	789096  -  ResidentSetSize of job (KB)
...
006 (7072827.388.000) 03/20 19:35:25 Image size of job updated: 789168
	771  -  MemoryUsage of job (MB)
	789168  -  ResidentSetSize of job (KB)
...
006 (7072827.388.000) 03/20 19:45:25 Image size of job updated: 789212
	771  -  MemoryUsage of job (MB)
	789212  -  ResidentSetSize of job (KB)
...
006 (7072827.388.000) 03/21 05:21:20 Image size of job updated: 789508
	772  -  MemoryUsage of job (MB)
	789508  -  ResidentSetSize of job (KB)
...
006 (7072827.388.000) 03/21 05:26:21 Image size of job updated: 790720
	772  -  MemoryUsage of job (MB)
	789508  -  ResidentSetSize of job (KB)
...
006 (7072827.388.000) 03/21 05:36:21 Image size of job updated: 790776
	773  -  MemoryUsage of job (MB)
	790776  -  ResidentSetSize of job (KB)
...
006 (7072827.388.000) 03/21 06:41:04 Image size of job updated: 791060
	773  -  MemoryUsage of job (MB)
	790776  -  ResidentSetSize of job (KB)
...
040 (7072827.388.000) 03/21 06:41:04 Started transferring output files
...
040 (7072827.388.000) 03/21 06:41:04 Finished transferring output files
...
005 (7072827.388.000) 03/21 06:41:04 Job terminated.
	(1) Normal termination (return value 0)
		Usr 0 20:18:25, Sys 0 00:01:36  -  Run Remote Usage
		Usr 0 00:00:00, Sys 0 00:00:00  -  Run Local Usage
		Usr 0 20:18:25, Sys 0 00:01:36  -  Total Remote Usage
		Usr 0 00:00:00, Sys 0 00:00:00  -  Total Local Usage
	13295  -  Run Bytes Sent By Job
	1380  -  Run Bytes Received By Job
	13295  -  Total Bytes Sent By Job
	1380  -  Total Bytes Received By Job
	Partitionable Resources :    Usage  Request Allocated 
	   Cpus                 :     0.99        1         1 
	   Disk (KB)            :    48           2      3764 
	   GPUs                 :                           0 
	   Memory (MB)          :   773        3000      3000 
	   TimeExecute (s)      : 75414                       
	   TimeSlotBusy (s)     : 75415                       

	Job terminated of its own accord at 2026-03-21T05:41:04Z with exit-code 0.
...
