000 (7072827.018.000) 03/20 09:40:27 Job submitted from host: <188.185.125.71:9618?addrs=188.185.125.71-9618+[2001-1458-d00-4a--100-15e]-9618&alias=bigbird28.cern.ch&noUDP&sock=schedd_2603_051c>
...
040 (7072827.018.000) 03/20 09:42:06 Started transferring input files
	Transferring to host: <188.185.192.159:9618?addrs=188.185.192.159-9618+[2001-1458-303-1f--100-9b]-9618&alias=b9p13p4150.cern.ch&noUDP&sock=slot1_9_3243_bc9d_184886>
...
040 (7072827.018.000) 03/20 09:42:06 Finished transferring input files
...
001 (7072827.018.000) 03/20 09:42:07 Job executing on host: <188.185.192.159:9618?addrs=188.185.192.159-9618+[2001-1458-303-1f--100-9b]-9618&alias=b9p13p4150.cern.ch&noUDP&sock=startd_2535_60ab>
	SlotName: slot1_9@b9p13p4150.cern.ch
	CondorScratchDir = "/pool/condor/dir_2447740"
	Cpus = 1
	Disk = 3917
	GPUs = 0
	Memory = 3000
...
006 (7072827.018.000) 03/20 09:42:20 Image size of job updated: 1920
	1  -  MemoryUsage of job (MB)
	884  -  ResidentSetSize of job (KB)
...
006 (7072827.018.000) 03/20 11:07:26 Image size of job updated: 10876
	11  -  MemoryUsage of job (MB)
	10876  -  ResidentSetSize of job (KB)
...
006 (7072827.018.000) 03/20 11:12:26 Image size of job updated: 653412
	639  -  MemoryUsage of job (MB)
	653412  -  ResidentSetSize of job (KB)
...
006 (7072827.018.000) 03/20 11:17:26 Image size of job updated: 654148
	639  -  MemoryUsage of job (MB)
	654148  -  ResidentSetSize of job (KB)
...
006 (7072827.018.000) 03/20 11:22:27 Image size of job updated: 655152
	640  -  MemoryUsage of job (MB)
	655152  -  ResidentSetSize of job (KB)
...
006 (7072827.018.000) 03/20 11:32:27 Image size of job updated: 658668
	644  -  MemoryUsage of job (MB)
	658668  -  ResidentSetSize of job (KB)
...
006 (7072827.018.000) 03/20 11:47:28 Image size of job updated: 677436
	662  -  MemoryUsage of job (MB)
	677436  -  ResidentSetSize of job (KB)
...
006 (7072827.018.000) 03/20 12:22:31 Image size of job updated: 723312
	707  -  MemoryUsage of job (MB)
	723312  -  ResidentSetSize of job (KB)
...
006 (7072827.018.000) 03/20 12:32:32 Image size of job updated: 727772
	711  -  MemoryUsage of job (MB)
	727772  -  ResidentSetSize of job (KB)
...
006 (7072827.018.000) 03/20 13:22:37 Image size of job updated: 729836
	713  -  MemoryUsage of job (MB)
	729836  -  ResidentSetSize of job (KB)
...
006 (7072827.018.000) 03/20 13:52:40 Image size of job updated: 738096
	721  -  MemoryUsage of job (MB)
	738096  -  ResidentSetSize of job (KB)
...
006 (7072827.018.000) 03/20 13:57:41 Image size of job updated: 739280
	722  -  MemoryUsage of job (MB)
	739280  -  ResidentSetSize of job (KB)
...
006 (7072827.018.000) 03/20 15:02:50 Image size of job updated: 739284
	722  -  MemoryUsage of job (MB)
	739284  -  ResidentSetSize of job (KB)
...
006 (7072827.018.000) 03/20 15:32:52 Image size of job updated: 746644
	730  -  MemoryUsage of job (MB)
	746644  -  ResidentSetSize of job (KB)
...
006 (7072827.018.000) 03/20 17:48:06 Image size of job updated: 746656
	730  -  MemoryUsage of job (MB)
	746656  -  ResidentSetSize of job (KB)
...
006 (7072827.018.000) 03/20 18:58:15 Image size of job updated: 746660
	730  -  MemoryUsage of job (MB)
	746660  -  ResidentSetSize of job (KB)
...
006 (7072827.018.000) 03/20 19:03:15 Image size of job updated: 747812
	730  -  MemoryUsage of job (MB)
	746660  -  ResidentSetSize of job (KB)
...
006 (7072827.018.000) 03/20 22:43:35 Image size of job updated: 754112
	737  -  MemoryUsage of job (MB)
	754112  -  ResidentSetSize of job (KB)
...
006 (7072827.018.000) 03/20 22:48:36 Image size of job updated: 754732
	738  -  MemoryUsage of job (MB)
	754732  -  ResidentSetSize of job (KB)
...
006 (7072827.018.000) 03/20 22:53:36 Image size of job updated: 754748
	738  -  MemoryUsage of job (MB)
	754748  -  ResidentSetSize of job (KB)
...
006 (7072827.018.000) 03/20 23:53:44 Image size of job updated: 762196
	745  -  MemoryUsage of job (MB)
	762196  -  ResidentSetSize of job (KB)
...
006 (7072827.018.000) 03/21 00:03:45 Image size of job updated: 762616
	745  -  MemoryUsage of job (MB)
	762616  -  ResidentSetSize of job (KB)
...
006 (7072827.018.000) 03/21 00:08:46 Image size of job updated: 762628
	745  -  MemoryUsage of job (MB)
	762628  -  ResidentSetSize of job (KB)
...
006 (7072827.018.000) 03/21 02:29:00 Image size of job updated: 762636
	745  -  MemoryUsage of job (MB)
	762636  -  ResidentSetSize of job (KB)
...
006 (7072827.018.000) 03/21 03:24:04 Image size of job updated: 762648
	745  -  MemoryUsage of job (MB)
	762648  -  ResidentSetSize of job (KB)
...
006 (7072827.018.000) 03/21 04:54:13 Image size of job updated: 762656
	745  -  MemoryUsage of job (MB)
	762656  -  ResidentSetSize of job (KB)
...
006 (7072827.018.000) 03/21 07:14:27 Image size of job updated: 762660
	745  -  MemoryUsage of job (MB)
	762660  -  ResidentSetSize of job (KB)
...
006 (7072827.018.000) 03/21 07:49:30 Image size of job updated: 762672
	745  -  MemoryUsage of job (MB)
	762672  -  ResidentSetSize of job (KB)
...
006 (7072827.018.000) 03/21 08:44:36 Image size of job updated: 762688
	745  -  MemoryUsage of job (MB)
	762688  -  ResidentSetSize of job (KB)
...
006 (7072827.018.000) 03/21 08:59:38 Image size of job updated: 762696
	745  -  MemoryUsage of job (MB)
	762696  -  ResidentSetSize of job (KB)
...
006 (7072827.018.000) 03/21 09:54:43 Image size of job updated: 762708
	745  -  MemoryUsage of job (MB)
	762708  -  ResidentSetSize of job (KB)
...
006 (7072827.018.000) 03/21 10:04:44 Image size of job updated: 762716
	745  -  MemoryUsage of job (MB)
	762716  -  ResidentSetSize of job (KB)
...
006 (7072827.018.000) 03/21 10:09:45 Image size of job updated: 762724
	745  -  MemoryUsage of job (MB)
	762724  -  ResidentSetSize of job (KB)
...
006 (7072827.018.000) 03/21 10:24:46 Image size of job updated: 762740
	745  -  MemoryUsage of job (MB)
	762740  -  ResidentSetSize of job (KB)
...
006 (7072827.018.000) 03/21 10:59:49 Image size of job updated: 766832
	745  -  MemoryUsage of job (MB)
	762740  -  ResidentSetSize of job (KB)
...
006 (7072827.018.000) 03/21 11:24:52 Image size of job updated: 766832
	745  -  MemoryUsage of job (MB)
	762756  -  ResidentSetSize of job (KB)
...
006 (7072827.018.000) 03/21 11:34:54 Image size of job updated: 766832
	747  -  MemoryUsage of job (MB)
	764908  -  ResidentSetSize of job (KB)
...
006 (7072827.018.000) 03/21 11:39:54 Image size of job updated: 766832
	747  -  MemoryUsage of job (MB)
	764920  -  ResidentSetSize of job (KB)
...
006 (7072827.018.000) 03/21 12:29:57 Image size of job updated: 766832
	748  -  MemoryUsage of job (MB)
	764932  -  ResidentSetSize of job (KB)
...
006 (7072827.018.000) 03/21 17:50:26 Image size of job updated: 768644
	751  -  MemoryUsage of job (MB)
	768644  -  ResidentSetSize of job (KB)
...
006 (7072827.018.000) 03/21 18:05:28 Image size of job updated: 768656
	751  -  MemoryUsage of job (MB)
	768656  -  ResidentSetSize of job (KB)
...
006 (7072827.018.000) 03/21 18:25:30 Image size of job updated: 768884
	751  -  MemoryUsage of job (MB)
	768884  -  ResidentSetSize of job (KB)
...
006 (7072827.018.000) 03/21 18:30:30 Image size of job updated: 768904
	751  -  MemoryUsage of job (MB)
	768904  -  ResidentSetSize of job (KB)
...
006 (7072827.018.000) 03/21 18:45:32 Image size of job updated: 768908
	751  -  MemoryUsage of job (MB)
	768908  -  ResidentSetSize of job (KB)
...
040 (7072827.018.000) 03/21 19:00:55 Started transferring output files
...
040 (7072827.018.000) 03/21 19:00:55 Finished transferring output files
...
005 (7072827.018.000) 03/21 19:00:55 Job terminated.
	(1) Normal termination (return value 0)
		Usr 1 07:32:56, Sys 0 00:01:03  -  Run Remote Usage
		Usr 0 00:00:00, Sys 0 00:00:00  -  Run Local Usage
		Usr 1 07:32:56, Sys 0 00:01:03  -  Total Remote Usage
		Usr 0 00:00:00, Sys 0 00:00:00  -  Total Local Usage
	12961  -  Run Bytes Sent By Job
	1380  -  Run Bytes Received By Job
	12961  -  Total Bytes Sent By Job
	1380  -  Total Bytes Received By Job
	Partitionable Resources :     Usage  Request Allocated 
	   Cpus                 :      0.99        1         1 
	   Disk (KB)            :     48           2      3917 
	   GPUs                 :                            0 
	   Memory (MB)          :    751        3000      3000 
	   TimeExecute (s)      : 119928                       
	   TimeSlotBusy (s)     : 119930                       

	Job terminated of its own accord at 2026-03-21T18:00:55Z with exit-code 0.
...
