000 (7072827.050.000) 03/20 09:40:27 Job submitted from host: <188.185.125.71:9618?addrs=188.185.125.71-9618+[2001-1458-d00-4a--100-15e]-9618&alias=bigbird28.cern.ch&noUDP&sock=schedd_2603_051c>
...
040 (7072827.050.000) 03/20 09:42:16 Started transferring input files
	Transferring to host: <188.185.192.75:9618?addrs=188.185.192.75-9618+[2001-1458-303-1f--100-47]-9618&alias=b9p13p9645.cern.ch&noUDP&sock=slot1_58_2161827_707f_122154>
...
040 (7072827.050.000) 03/20 09:42:16 Finished transferring input files
...
001 (7072827.050.000) 03/20 09:42:17 Job executing on host: <188.185.192.75:9618?addrs=188.185.192.75-9618+[2001-1458-303-1f--100-47]-9618&alias=b9p13p9645.cern.ch&noUDP&sock=startd_9688_bd9c>
	SlotName: slot1_58@b9p13p9645.cern.ch
	CondorScratchDir = "/pool/condor/dir_2237015"
	Cpus = 1
	Disk = 3823
	GPUs = 0
	Memory = 3000
...
006 (7072827.050.000) 03/20 09:42:30 Image size of job updated: 872
	1  -  MemoryUsage of job (MB)
	872  -  ResidentSetSize of job (KB)
...
006 (7072827.050.000) 03/20 10:22:33 Image size of job updated: 670200
	655  -  MemoryUsage of job (MB)
	670200  -  ResidentSetSize of job (KB)
...
006 (7072827.050.000) 03/20 10:27:34 Image size of job updated: 670208
	655  -  MemoryUsage of job (MB)
	670208  -  ResidentSetSize of job (KB)
...
006 (7072827.050.000) 03/20 10:37:35 Image size of job updated: 717944
	702  -  MemoryUsage of job (MB)
	717944  -  ResidentSetSize of job (KB)
...
006 (7072827.050.000) 03/20 10:42:36 Image size of job updated: 722800
	706  -  MemoryUsage of job (MB)
	722800  -  ResidentSetSize of job (KB)
...
006 (7072827.050.000) 03/20 10:52:37 Image size of job updated: 722808
	706  -  MemoryUsage of job (MB)
	722808  -  ResidentSetSize of job (KB)
...
006 (7072827.050.000) 03/20 11:12:40 Image size of job updated: 723680
	707  -  MemoryUsage of job (MB)
	723680  -  ResidentSetSize of job (KB)
...
006 (7072827.050.000) 03/20 11:27:42 Image size of job updated: 724296
	708  -  MemoryUsage of job (MB)
	724296  -  ResidentSetSize of job (KB)
...
006 (7072827.050.000) 03/20 11:42:44 Image size of job updated: 742708
	724  -  MemoryUsage of job (MB)
	740752  -  ResidentSetSize of job (KB)
...
006 (7072827.050.000) 03/21 00:23:58 Image size of job updated: 750368
	733  -  MemoryUsage of job (MB)
	750368  -  ResidentSetSize of job (KB)
...
006 (7072827.050.000) 03/21 00:28:59 Image size of job updated: 751836
	735  -  MemoryUsage of job (MB)
	751836  -  ResidentSetSize of job (KB)
...
006 (7072827.050.000) 03/21 00:49:01 Image size of job updated: 753920
	737  -  MemoryUsage of job (MB)
	753920  -  ResidentSetSize of job (KB)
...
006 (7072827.050.000) 03/21 01:59:11 Image size of job updated: 756820
	740  -  MemoryUsage of job (MB)
	756820  -  ResidentSetSize of job (KB)
...
006 (7072827.050.000) 03/21 02:09:12 Image size of job updated: 757940
	741  -  MemoryUsage of job (MB)
	757940  -  ResidentSetSize of job (KB)
...
006 (7072827.050.000) 03/21 02:19:13 Image size of job updated: 757960
	741  -  MemoryUsage of job (MB)
	757960  -  ResidentSetSize of job (KB)
...
006 (7072827.050.000) 03/21 03:14:20 Image size of job updated: 757968
	741  -  MemoryUsage of job (MB)
	757968  -  ResidentSetSize of job (KB)
...
006 (7072827.050.000) 03/21 04:54:29 Image size of job updated: 757976
	741  -  MemoryUsage of job (MB)
	757976  -  ResidentSetSize of job (KB)
...
006 (7072827.050.000) 03/21 05:14:30 Image size of job updated: 757996
	741  -  MemoryUsage of job (MB)
	757996  -  ResidentSetSize of job (KB)
...
006 (7072827.050.000) 03/21 06:34:39 Image size of job updated: 758000
	741  -  MemoryUsage of job (MB)
	758000  -  ResidentSetSize of job (KB)
...
006 (7072827.050.000) 03/21 07:44:46 Image size of job updated: 759568
	741  -  MemoryUsage of job (MB)
	758104  -  ResidentSetSize of job (KB)
...
006 (7072827.050.000) 03/21 07:59:48 Image size of job updated: 759568
	741  -  MemoryUsage of job (MB)
	758108  -  ResidentSetSize of job (KB)
...
006 (7072827.050.000) 03/21 08:59:54 Image size of job updated: 759568
	741  -  MemoryUsage of job (MB)
	758124  -  ResidentSetSize of job (KB)
...
006 (7072827.050.000) 03/21 09:44:57 Image size of job updated: 759568
	741  -  MemoryUsage of job (MB)
	758132  -  ResidentSetSize of job (KB)
...
006 (7072827.050.000) 03/21 12:05:08 Image size of job updated: 759568
	741  -  MemoryUsage of job (MB)
	758136  -  ResidentSetSize of job (KB)
...
006 (7072827.050.000) 03/21 13:25:17 Image size of job updated: 759568
	741  -  MemoryUsage of job (MB)
	758160  -  ResidentSetSize of job (KB)
...
006 (7072827.050.000) 03/21 15:05:28 Image size of job updated: 759568
	741  -  MemoryUsage of job (MB)
	758168  -  ResidentSetSize of job (KB)
...
006 (7072827.050.000) 03/21 16:20:35 Image size of job updated: 759568
	741  -  MemoryUsage of job (MB)
	758180  -  ResidentSetSize of job (KB)
...
006 (7072827.050.000) 03/21 16:25:36 Image size of job updated: 759568
	741  -  MemoryUsage of job (MB)
	758184  -  ResidentSetSize of job (KB)
...
006 (7072827.050.000) 03/21 18:05:47 Image size of job updated: 761092
	741  -  MemoryUsage of job (MB)
	758184  -  ResidentSetSize of job (KB)
...
006 (7072827.050.000) 03/21 18:10:48 Image size of job updated: 761092
	743  -  MemoryUsage of job (MB)
	760560  -  ResidentSetSize of job (KB)
...
006 (7072827.050.000) 03/21 18:15:48 Image size of job updated: 761092
	743  -  MemoryUsage of job (MB)
	760568  -  ResidentSetSize of job (KB)
...
040 (7072827.050.000) 03/21 23:06:52 Started transferring output files
...
040 (7072827.050.000) 03/21 23:06:52 Finished transferring output files
...
005 (7072827.050.000) 03/21 23:06:52 Job terminated.
	(1) Normal termination (return value 0)
		Usr 1 12:22:40, Sys 0 00:02:52  -  Run Remote Usage
		Usr 0 00:00:00, Sys 0 00:00:00  -  Run Local Usage
		Usr 1 12:22:40, Sys 0 00:02:52  -  Total Remote Usage
		Usr 0 00:00:00, Sys 0 00:00:00  -  Total Local Usage
	13176  -  Run Bytes Sent By Job
	1380  -  Run Bytes Received By Job
	13176  -  Total Bytes Sent By Job
	1380  -  Total Bytes Received By Job
	Partitionable Resources :     Usage  Request Allocated 
	   Cpus                 :      1.00        1         1 
	   Disk (KB)            :     48           2      3823 
	   GPUs                 :                            0 
	   Memory (MB)          :    743        3000      3000 
	   TimeExecute (s)      : 134675                       
	   TimeSlotBusy (s)     : 134677                       

	Job terminated of its own accord at 2026-03-21T22:06:52Z with exit-code 0.
...
