000 (7072827.048.000) 03/20 09:40:27 Job submitted from host: <188.185.125.71:9618?addrs=188.185.125.71-9618+[2001-1458-d00-4a--100-15e]-9618&alias=bigbird28.cern.ch&noUDP&sock=schedd_2603_051c>
...
040 (7072827.048.000) 03/20 09:42:15 Started transferring input files
	Transferring to host: <188.185.215.152:9618?addrs=188.185.215.152-9618+[2001-1458-303-26--100-14]-9618&alias=b9p18p4407.cern.ch&noUDP&sock=slot1_35_1913188_c560_22265>
...
040 (7072827.048.000) 03/20 09:42:15 Finished transferring input files
...
001 (7072827.048.000) 03/20 09:42:16 Job executing on host: <188.185.215.152:9618?addrs=188.185.215.152-9618+[2001-1458-303-26--100-14]-9618&alias=b9p18p4407.cern.ch&noUDP&sock=startd_1913146_9b16>
	SlotName: slot1_35@b9p18p4407.cern.ch
	CondorScratchDir = "/pool/condor/dir_1010181"
	Cpus = 1
	Disk = 3877
	GPUs = 0
	Memory = 3000
...
006 (7072827.048.000) 03/20 09:42:30 Image size of job updated: 884
	1  -  MemoryUsage of job (MB)
	884  -  ResidentSetSize of job (KB)
...
006 (7072827.048.000) 03/20 09:47:31 Image size of job updated: 668748
	640  -  MemoryUsage of job (MB)
	654684  -  ResidentSetSize of job (KB)
...
006 (7072827.048.000) 03/20 09:52:31 Image size of job updated: 668748
	640  -  MemoryUsage of job (MB)
	654688  -  ResidentSetSize of job (KB)
...
006 (7072827.048.000) 03/20 09:57:31 Image size of job updated: 668748
	640  -  MemoryUsage of job (MB)
	654692  -  ResidentSetSize of job (KB)
...
006 (7072827.048.000) 03/20 10:02:32 Image size of job updated: 668748
	640  -  MemoryUsage of job (MB)
	654700  -  ResidentSetSize of job (KB)
...
006 (7072827.048.000) 03/20 10:17:33 Image size of job updated: 668748
	640  -  MemoryUsage of job (MB)
	654708  -  ResidentSetSize of job (KB)
...
006 (7072827.048.000) 03/20 10:42:36 Image size of job updated: 710208
	694  -  MemoryUsage of job (MB)
	710208  -  ResidentSetSize of job (KB)
...
006 (7072827.048.000) 03/20 10:47:37 Image size of job updated: 713048
	697  -  MemoryUsage of job (MB)
	713048  -  ResidentSetSize of job (KB)
...
006 (7072827.048.000) 03/20 14:07:57 Image size of job updated: 713300
	697  -  MemoryUsage of job (MB)
	713300  -  ResidentSetSize of job (KB)
...
006 (7072827.048.000) 03/20 15:23:05 Image size of job updated: 714268
	698  -  MemoryUsage of job (MB)
	714268  -  ResidentSetSize of job (KB)
...
006 (7072827.048.000) 03/20 15:33:05 Image size of job updated: 714356
	698  -  MemoryUsage of job (MB)
	714356  -  ResidentSetSize of job (KB)
...
006 (7072827.048.000) 03/20 16:08:08 Image size of job updated: 714464
	698  -  MemoryUsage of job (MB)
	714464  -  ResidentSetSize of job (KB)
...
006 (7072827.048.000) 03/20 16:13:09 Image size of job updated: 728520
	712  -  MemoryUsage of job (MB)
	728520  -  ResidentSetSize of job (KB)
...
006 (7072827.048.000) 03/21 00:49:02 Image size of job updated: 736228
	719  -  MemoryUsage of job (MB)
	736228  -  ResidentSetSize of job (KB)
...
006 (7072827.048.000) 03/21 00:54:02 Image size of job updated: 737164
	720  -  MemoryUsage of job (MB)
	737164  -  ResidentSetSize of job (KB)
...
006 (7072827.048.000) 03/21 01:29:07 Image size of job updated: 738064
	721  -  MemoryUsage of job (MB)
	738064  -  ResidentSetSize of job (KB)
...
006 (7072827.048.000) 03/21 01:39:08 Image size of job updated: 738084
	721  -  MemoryUsage of job (MB)
	738084  -  ResidentSetSize of job (KB)
...
006 (7072827.048.000) 03/21 05:19:29 Image size of job updated: 738092
	721  -  MemoryUsage of job (MB)
	738092  -  ResidentSetSize of job (KB)
...
006 (7072827.048.000) 03/21 07:34:45 Image size of job updated: 738096
	721  -  MemoryUsage of job (MB)
	738096  -  ResidentSetSize of job (KB)
...
006 (7072827.048.000) 03/21 09:39:57 Image size of job updated: 738112
	721  -  MemoryUsage of job (MB)
	738112  -  ResidentSetSize of job (KB)
...
006 (7072827.048.000) 03/21 10:35:02 Image size of job updated: 738120
	721  -  MemoryUsage of job (MB)
	738120  -  ResidentSetSize of job (KB)
...
006 (7072827.048.000) 03/21 11:25:06 Image size of job updated: 738136
	721  -  MemoryUsage of job (MB)
	738136  -  ResidentSetSize of job (KB)
...
006 (7072827.048.000) 03/21 11:55:10 Image size of job updated: 738140
	721  -  MemoryUsage of job (MB)
	738140  -  ResidentSetSize of job (KB)
...
006 (7072827.048.000) 03/21 16:25:35 Image size of job updated: 738156
	721  -  MemoryUsage of job (MB)
	738156  -  ResidentSetSize of job (KB)
...
006 (7072827.048.000) 03/21 16:55:37 Image size of job updated: 738160
	721  -  MemoryUsage of job (MB)
	738160  -  ResidentSetSize of job (KB)
...
006 (7072827.048.000) 03/21 17:55:43 Image size of job updated: 738164
	721  -  MemoryUsage of job (MB)
	738164  -  ResidentSetSize of job (KB)
...
006 (7072827.048.000) 03/21 18:00:44 Image size of job updated: 738260
	721  -  MemoryUsage of job (MB)
	738260  -  ResidentSetSize of job (KB)
...
006 (7072827.048.000) 03/21 18:05:44 Image size of job updated: 738444
	722  -  MemoryUsage of job (MB)
	738444  -  ResidentSetSize of job (KB)
...
006 (7072827.048.000) 03/21 18:25:47 Image size of job updated: 738560
	722  -  MemoryUsage of job (MB)
	738560  -  ResidentSetSize of job (KB)
...
006 (7072827.048.000) 03/21 18:55:50 Image size of job updated: 738788
	722  -  MemoryUsage of job (MB)
	738788  -  ResidentSetSize of job (KB)
...
006 (7072827.048.000) 03/21 20:10:56 Image size of job updated: 738804
	722  -  MemoryUsage of job (MB)
	738804  -  ResidentSetSize of job (KB)
...
006 (7072827.048.000) 03/21 21:21:02 Image size of job updated: 738808
	722  -  MemoryUsage of job (MB)
	738808  -  ResidentSetSize of job (KB)
...
040 (7072827.048.000) 03/21 23:46:34 Started transferring output files
...
040 (7072827.048.000) 03/21 23:46:34 Finished transferring output files
...
005 (7072827.048.000) 03/21 23:46:34 Job terminated.
	(1) Normal termination (return value 0)
		Usr 1 13:19:53, Sys 0 00:02:19  -  Run Remote Usage
		Usr 0 00:00:00, Sys 0 00:00:00  -  Run Local Usage
		Usr 1 13:19:53, Sys 0 00:02:19  -  Total Remote Usage
		Usr 0 00:00:00, Sys 0 00:00:00  -  Total Local Usage
	12300  -  Run Bytes Sent By Job
	1380  -  Run Bytes Received By Job
	12300  -  Total Bytes Sent By Job
	1380  -  Total Bytes Received By Job
	Partitionable Resources :     Usage  Request Allocated 
	   Cpus                 :      0.99        1         1 
	   Disk (KB)            :     48           2      3877 
	   GPUs                 :                            0 
	   Memory (MB)          :    722        3000      3000 
	   TimeExecute (s)      : 137058                       
	   TimeSlotBusy (s)     : 137060                       

	Job terminated of its own accord at 2026-03-21T22:46:34Z with exit-code 0.
...
