000 (7072827.179.000) 03/20 09:40:27 Job submitted from host: <188.185.125.71:9618?addrs=188.185.125.71-9618+[2001-1458-d00-4a--100-15e]-9618&alias=bigbird28.cern.ch&noUDP&sock=schedd_2603_051c>
...
040 (7072827.179.000) 03/20 09:42:58 Started transferring input files
	Transferring to host: <188.185.211.194:9618?addrs=188.185.211.194-9618+[2001-1458-303-17--100-3e]-9618&alias=b9p24p2206.cern.ch&noUDP&sock=slot1_23_3782794_549b_118280>
...
040 (7072827.179.000) 03/20 09:42:58 Finished transferring input files
...
001 (7072827.179.000) 03/20 09:42:59 Job executing on host: <188.185.211.194:9618?addrs=188.185.211.194-9618+[2001-1458-303-17--100-3e]-9618&alias=b9p24p2206.cern.ch&noUDP&sock=startd_3856_7947>
	SlotName: slot1_23@b9p24p2206.cern.ch
	CondorScratchDir = "/pool/condor/dir_218803"
	Cpus = 1
	Disk = 3677
	GPUs = 0
	Memory = 3000
...
006 (7072827.179.000) 03/20 09:43:13 Image size of job updated: 880
	1  -  MemoryUsage of job (MB)
	880  -  ResidentSetSize of job (KB)
...
006 (7072827.179.000) 03/20 11:33:23 Image size of job updated: 649832
	635  -  MemoryUsage of job (MB)
	649832  -  ResidentSetSize of job (KB)
...
006 (7072827.179.000) 03/20 11:38:23 Image size of job updated: 650844
	636  -  MemoryUsage of job (MB)
	650844  -  ResidentSetSize of job (KB)
...
006 (7072827.179.000) 03/20 11:43:25 Image size of job updated: 652408
	638  -  MemoryUsage of job (MB)
	652408  -  ResidentSetSize of job (KB)
...
006 (7072827.179.000) 03/20 11:48:25 Image size of job updated: 657476
	643  -  MemoryUsage of job (MB)
	657476  -  ResidentSetSize of job (KB)
...
006 (7072827.179.000) 03/20 11:53:25 Image size of job updated: 657552
	643  -  MemoryUsage of job (MB)
	657552  -  ResidentSetSize of job (KB)
...
006 (7072827.179.000) 03/20 11:58:26 Image size of job updated: 657556
	643  -  MemoryUsage of job (MB)
	657556  -  ResidentSetSize of job (KB)
...
006 (7072827.179.000) 03/20 12:13:27 Image size of job updated: 698948
	683  -  MemoryUsage of job (MB)
	698948  -  ResidentSetSize of job (KB)
...
006 (7072827.179.000) 03/20 12:18:27 Image size of job updated: 699616
	684  -  MemoryUsage of job (MB)
	699616  -  ResidentSetSize of job (KB)
...
006 (7072827.179.000) 03/20 12:23:27 Image size of job updated: 700172
	684  -  MemoryUsage of job (MB)
	700172  -  ResidentSetSize of job (KB)
...
006 (7072827.179.000) 03/20 12:33:28 Image size of job updated: 700664
	685  -  MemoryUsage of job (MB)
	700664  -  ResidentSetSize of job (KB)
...
006 (7072827.179.000) 03/20 12:38:28 Image size of job updated: 711480
	695  -  MemoryUsage of job (MB)
	711480  -  ResidentSetSize of job (KB)
...
006 (7072827.179.000) 03/20 13:03:32 Image size of job updated: 711540
	695  -  MemoryUsage of job (MB)
	711540  -  ResidentSetSize of job (KB)
...
006 (7072827.179.000) 03/20 13:23:34 Image size of job updated: 711680
	695  -  MemoryUsage of job (MB)
	711680  -  ResidentSetSize of job (KB)
...
006 (7072827.179.000) 03/20 14:18:39 Image size of job updated: 719664
	703  -  MemoryUsage of job (MB)
	719664  -  ResidentSetSize of job (KB)
...
006 (7072827.179.000) 03/20 14:43:43 Image size of job updated: 720504
	704  -  MemoryUsage of job (MB)
	720504  -  ResidentSetSize of job (KB)
...
006 (7072827.179.000) 03/20 14:48:43 Image size of job updated: 720576
	704  -  MemoryUsage of job (MB)
	720576  -  ResidentSetSize of job (KB)
...
006 (7072827.179.000) 03/20 15:33:48 Image size of job updated: 721752
	704  -  MemoryUsage of job (MB)
	720576  -  ResidentSetSize of job (KB)
...
006 (7072827.179.000) 03/20 15:43:49 Image size of job updated: 721752
	704  -  MemoryUsage of job (MB)
	720624  -  ResidentSetSize of job (KB)
...
006 (7072827.179.000) 03/20 15:48:50 Image size of job updated: 721752
	704  -  MemoryUsage of job (MB)
	720660  -  ResidentSetSize of job (KB)
...
006 (7072827.179.000) 03/20 15:53:51 Image size of job updated: 721752
	704  -  MemoryUsage of job (MB)
	720724  -  ResidentSetSize of job (KB)
...
006 (7072827.179.000) 03/20 16:13:53 Image size of job updated: 721752
	704  -  MemoryUsage of job (MB)
	720888  -  ResidentSetSize of job (KB)
...
006 (7072827.179.000) 03/20 16:18:54 Image size of job updated: 721752
	705  -  MemoryUsage of job (MB)
	721172  -  ResidentSetSize of job (KB)
...
006 (7072827.179.000) 03/20 16:23:55 Image size of job updated: 740068
	723  -  MemoryUsage of job (MB)
	740068  -  ResidentSetSize of job (KB)
...
006 (7072827.179.000) 03/20 16:33:56 Image size of job updated: 740412
	724  -  MemoryUsage of job (MB)
	740412  -  ResidentSetSize of job (KB)
...
006 (7072827.179.000) 03/20 18:39:08 Image size of job updated: 740480
	724  -  MemoryUsage of job (MB)
	740480  -  ResidentSetSize of job (KB)
...
006 (7072827.179.000) 03/20 19:29:12 Image size of job updated: 740512
	724  -  MemoryUsage of job (MB)
	740512  -  ResidentSetSize of job (KB)
...
006 (7072827.179.000) 03/20 19:44:13 Image size of job updated: 740848
	724  -  MemoryUsage of job (MB)
	740848  -  ResidentSetSize of job (KB)
...
006 (7072827.179.000) 03/20 19:49:13 Image size of job updated: 740872
	724  -  MemoryUsage of job (MB)
	740872  -  ResidentSetSize of job (KB)
...
006 (7072827.179.000) 03/20 19:59:14 Image size of job updated: 740920
	724  -  MemoryUsage of job (MB)
	740920  -  ResidentSetSize of job (KB)
...
006 (7072827.179.000) 03/20 20:14:16 Image size of job updated: 740988
	724  -  MemoryUsage of job (MB)
	740988  -  ResidentSetSize of job (KB)
...
006 (7072827.179.000) 03/20 21:19:24 Image size of job updated: 741264
	724  -  MemoryUsage of job (MB)
	741264  -  ResidentSetSize of job (KB)
...
006 (7072827.179.000) 03/20 21:44:26 Image size of job updated: 741304
	724  -  MemoryUsage of job (MB)
	741304  -  ResidentSetSize of job (KB)
...
006 (7072827.179.000) 03/20 22:59:33 Image size of job updated: 741348
	724  -  MemoryUsage of job (MB)
	741348  -  ResidentSetSize of job (KB)
...
006 (7072827.179.000) 03/20 23:54:38 Image size of job updated: 741392
	725  -  MemoryUsage of job (MB)
	741392  -  ResidentSetSize of job (KB)
...
006 (7072827.179.000) 03/21 00:09:40 Image size of job updated: 741400
	725  -  MemoryUsage of job (MB)
	741400  -  ResidentSetSize of job (KB)
...
006 (7072827.179.000) 03/21 00:54:43 Image size of job updated: 741432
	725  -  MemoryUsage of job (MB)
	741432  -  ResidentSetSize of job (KB)
...
006 (7072827.179.000) 03/21 00:59:44 Image size of job updated: 741464
	725  -  MemoryUsage of job (MB)
	741464  -  ResidentSetSize of job (KB)
...
006 (7072827.179.000) 03/21 01:14:46 Image size of job updated: 759924
	743  -  MemoryUsage of job (MB)
	759924  -  ResidentSetSize of job (KB)
...
040 (7072827.179.000) 03/21 07:15:11 Started transferring output files
...
040 (7072827.179.000) 03/21 07:15:11 Finished transferring output files
...
005 (7072827.179.000) 03/21 07:15:11 Job terminated.
	(1) Normal termination (return value 0)
		Usr 0 19:19:57, Sys 0 00:02:37  -  Run Remote Usage
		Usr 0 00:00:00, Sys 0 00:00:00  -  Run Local Usage
		Usr 0 19:19:57, Sys 0 00:02:37  -  Total Remote Usage
		Usr 0 00:00:00, Sys 0 00:00:00  -  Total Local Usage
	13157  -  Run Bytes Sent By Job
	1380  -  Run Bytes Received By Job
	13157  -  Total Bytes Sent By Job
	1380  -  Total Bytes Received By Job
	Partitionable Resources :    Usage  Request Allocated 
	   Cpus                 :     0.97        1         1 
	   Disk (KB)            :    48           2      3677 
	   GPUs                 :                           0 
	   Memory (MB)          :   743        3000      3000 
	   TimeExecute (s)      : 77532                       
	   TimeSlotBusy (s)     : 77534                       

	Job terminated of its own accord at 2026-03-21T06:15:11Z with exit-code 0.
...
