000 (7072827.139.000) 03/20 09:40:27 Job submitted from host: <188.185.125.71:9618?addrs=188.185.125.71-9618+[2001-1458-d00-4a--100-15e]-9618&alias=bigbird28.cern.ch&noUDP&sock=schedd_2603_051c>
...
040 (7072827.139.000) 03/20 09:42:47 Started transferring input files
	Transferring to host: <188.185.210.193:9618?addrs=188.185.210.193-9618+[2001-1458-303-15--100-3d]-9618&alias=b9p22p1782.cern.ch&noUDP&sock=slot1_40_8482_1612_172781>
...
040 (7072827.139.000) 03/20 09:42:47 Finished transferring input files
...
001 (7072827.139.000) 03/20 09:42:48 Job executing on host: <188.185.210.193:9618?addrs=188.185.210.193-9618+[2001-1458-303-15--100-3d]-9618&alias=b9p22p1782.cern.ch&noUDP&sock=startd_8337_1129>
	SlotName: slot1_40@b9p22p1782.cern.ch
	CondorScratchDir = "/pool/condor/dir_3623963"
	Cpus = 1
	Disk = 3731
	GPUs = 0
	Memory = 3000
...
006 (7072827.139.000) 03/20 09:43:02 Image size of job updated: 888
	1  -  MemoryUsage of job (MB)
	888  -  ResidentSetSize of job (KB)
...
006 (7072827.139.000) 03/20 10:43:09 Image size of job updated: 21060
	21  -  MemoryUsage of job (MB)
	21060  -  ResidentSetSize of job (KB)
...
006 (7072827.139.000) 03/20 10:48:10 Image size of job updated: 675048
	640  -  MemoryUsage of job (MB)
	654756  -  ResidentSetSize of job (KB)
...
006 (7072827.139.000) 03/20 10:53:11 Image size of job updated: 675048
	640  -  MemoryUsage of job (MB)
	654764  -  ResidentSetSize of job (KB)
...
006 (7072827.139.000) 03/20 10:58:11 Image size of job updated: 675048
	649  -  MemoryUsage of job (MB)
	663640  -  ResidentSetSize of job (KB)
...
006 (7072827.139.000) 03/20 11:08:13 Image size of job updated: 675048
	649  -  MemoryUsage of job (MB)
	663644  -  ResidentSetSize of job (KB)
...
006 (7072827.139.000) 03/20 11:13:13 Image size of job updated: 705232
	689  -  MemoryUsage of job (MB)
	705232  -  ResidentSetSize of job (KB)
...
006 (7072827.139.000) 03/20 11:18:14 Image size of job updated: 705920
	690  -  MemoryUsage of job (MB)
	705920  -  ResidentSetSize of job (KB)
...
006 (7072827.139.000) 03/20 11:23:15 Image size of job updated: 709988
	694  -  MemoryUsage of job (MB)
	709988  -  ResidentSetSize of job (KB)
...
006 (7072827.139.000) 03/20 11:28:15 Image size of job updated: 719548
	703  -  MemoryUsage of job (MB)
	719548  -  ResidentSetSize of job (KB)
...
006 (7072827.139.000) 03/20 11:38:17 Image size of job updated: 719592
	703  -  MemoryUsage of job (MB)
	719592  -  ResidentSetSize of job (KB)
...
006 (7072827.139.000) 03/20 11:48:18 Image size of job updated: 719668
	703  -  MemoryUsage of job (MB)
	719668  -  ResidentSetSize of job (KB)
...
006 (7072827.139.000) 03/20 12:13:21 Image size of job updated: 738184
	721  -  MemoryUsage of job (MB)
	738184  -  ResidentSetSize of job (KB)
...
006 (7072827.139.000) 03/20 12:28:23 Image size of job updated: 745524
	721  -  MemoryUsage of job (MB)
	738184  -  ResidentSetSize of job (KB)
...
006 (7072827.139.000) 03/20 17:33:52 Image size of job updated: 745524
	722  -  MemoryUsage of job (MB)
	738940  -  ResidentSetSize of job (KB)
...
006 (7072827.139.000) 03/20 17:53:53 Image size of job updated: 745524
	722  -  MemoryUsage of job (MB)
	738972  -  ResidentSetSize of job (KB)
...
006 (7072827.139.000) 03/20 19:04:00 Image size of job updated: 745524
	722  -  MemoryUsage of job (MB)
	739056  -  ResidentSetSize of job (KB)
...
006 (7072827.139.000) 03/20 19:14:01 Image size of job updated: 745524
	725  -  MemoryUsage of job (MB)
	742396  -  ResidentSetSize of job (KB)
...
006 (7072827.139.000) 03/20 19:49:05 Image size of job updated: 745524
	726  -  MemoryUsage of job (MB)
	742436  -  ResidentSetSize of job (KB)
...
006 (7072827.139.000) 03/20 20:04:07 Image size of job updated: 745524
	727  -  MemoryUsage of job (MB)
	743600  -  ResidentSetSize of job (KB)
...
006 (7072827.139.000) 03/20 20:09:08 Image size of job updated: 755580
	731  -  MemoryUsage of job (MB)
	747596  -  ResidentSetSize of job (KB)
...
040 (7072827.139.000) 03/21 06:49:28 Started transferring output files
...
040 (7072827.139.000) 03/21 06:49:28 Finished transferring output files
...
005 (7072827.139.000) 03/21 06:49:28 Job terminated.
	(1) Normal termination (return value 0)
		Usr 0 19:40:42, Sys 0 00:01:59  -  Run Remote Usage
		Usr 0 00:00:00, Sys 0 00:00:00  -  Run Local Usage
		Usr 0 19:40:42, Sys 0 00:01:59  -  Total Remote Usage
		Usr 0 00:00:00, Sys 0 00:00:00  -  Total Local Usage
	13219  -  Run Bytes Sent By Job
	1380  -  Run Bytes Received By Job
	13219  -  Total Bytes Sent By Job
	1380  -  Total Bytes Received By Job
	Partitionable Resources :    Usage  Request Allocated 
	   Cpus                 :     0.99        1         1 
	   Disk (KB)            :    48           2      3731 
	   GPUs                 :                           0 
	   Memory (MB)          :   731        3000      3000 
	   TimeExecute (s)      : 76000                       
	   TimeSlotBusy (s)     : 76002                       

	Job terminated of its own accord at 2026-03-21T05:49:28Z with exit-code 0.
...
