000 (7072827.258.000) 03/20 09:40:28 Job submitted from host: <188.185.125.71:9618?addrs=188.185.125.71-9618+[2001-1458-d00-4a--100-15e]-9618&alias=bigbird28.cern.ch&noUDP&sock=schedd_2603_051c>
...
040 (7072827.258.000) 03/20 09:43:24 Started transferring input files
	Transferring to host: <188.185.210.22:9618?addrs=188.185.210.22-9618+[2001-1458-303-1--100-12]-9618&alias=b9p21p4724.cern.ch&noUDP&sock=slot1_33_4773_c29b_194587>
...
040 (7072827.258.000) 03/20 09:43:24 Finished transferring input files
...
001 (7072827.258.000) 03/20 09:43:25 Job executing on host: <188.185.210.22:9618?addrs=188.185.210.22-9618+[2001-1458-303-1--100-12]-9618&alias=b9p21p4724.cern.ch&noUDP&sock=startd_3998_dfba>
	SlotName: slot1_33@b9p21p4724.cern.ch
	CondorScratchDir = "/pool/condor/dir_2601951"
	Cpus = 1
	Disk = 3796
	GPUs = 0
	Memory = 3000
...
006 (7072827.258.000) 03/20 09:43:38 Image size of job updated: 884
	1  -  MemoryUsage of job (MB)
	884  -  ResidentSetSize of job (KB)
...
006 (7072827.258.000) 03/20 10:38:45 Image size of job updated: 679660
	664  -  MemoryUsage of job (MB)
	679660  -  ResidentSetSize of job (KB)
...
006 (7072827.258.000) 03/20 10:43:45 Image size of job updated: 679680
	664  -  MemoryUsage of job (MB)
	679680  -  ResidentSetSize of job (KB)
...
006 (7072827.258.000) 03/20 10:48:46 Image size of job updated: 679688
	664  -  MemoryUsage of job (MB)
	679688  -  ResidentSetSize of job (KB)
...
006 (7072827.258.000) 03/20 10:53:46 Image size of job updated: 679700
	664  -  MemoryUsage of job (MB)
	679700  -  ResidentSetSize of job (KB)
...
006 (7072827.258.000) 03/20 11:18:49 Image size of job updated: 679704
	664  -  MemoryUsage of job (MB)
	679704  -  ResidentSetSize of job (KB)
...
006 (7072827.258.000) 03/20 11:38:51 Image size of job updated: 679708
	664  -  MemoryUsage of job (MB)
	679708  -  ResidentSetSize of job (KB)
...
006 (7072827.258.000) 03/20 11:48:53 Image size of job updated: 679728
	664  -  MemoryUsage of job (MB)
	679728  -  ResidentSetSize of job (KB)
...
006 (7072827.258.000) 03/20 12:33:59 Image size of job updated: 679772
	664  -  MemoryUsage of job (MB)
	679772  -  ResidentSetSize of job (KB)
...
006 (7072827.258.000) 03/20 13:09:03 Image size of job updated: 720276
	704  -  MemoryUsage of job (MB)
	720276  -  ResidentSetSize of job (KB)
...
006 (7072827.258.000) 03/20 13:14:04 Image size of job updated: 724804
	708  -  MemoryUsage of job (MB)
	724804  -  ResidentSetSize of job (KB)
...
006 (7072827.258.000) 03/20 13:19:05 Image size of job updated: 732992
	716  -  MemoryUsage of job (MB)
	732992  -  ResidentSetSize of job (KB)
...
006 (7072827.258.000) 03/20 13:24:05 Image size of job updated: 732996
	716  -  MemoryUsage of job (MB)
	732996  -  ResidentSetSize of job (KB)
...
006 (7072827.258.000) 03/20 13:29:06 Image size of job updated: 734396
	718  -  MemoryUsage of job (MB)
	734396  -  ResidentSetSize of job (KB)
...
006 (7072827.258.000) 03/20 13:44:08 Image size of job updated: 734408
	718  -  MemoryUsage of job (MB)
	734408  -  ResidentSetSize of job (KB)
...
006 (7072827.258.000) 03/20 13:49:09 Image size of job updated: 736568
	720  -  MemoryUsage of job (MB)
	736568  -  ResidentSetSize of job (KB)
...
006 (7072827.258.000) 03/20 13:59:10 Image size of job updated: 737104
	720  -  MemoryUsage of job (MB)
	737104  -  ResidentSetSize of job (KB)
...
006 (7072827.258.000) 03/20 15:54:21 Image size of job updated: 743096
	726  -  MemoryUsage of job (MB)
	743096  -  ResidentSetSize of job (KB)
...
006 (7072827.258.000) 03/20 15:59:23 Image size of job updated: 743104
	726  -  MemoryUsage of job (MB)
	743104  -  ResidentSetSize of job (KB)
...
006 (7072827.258.000) 03/20 16:49:26 Image size of job updated: 743120
	726  -  MemoryUsage of job (MB)
	743120  -  ResidentSetSize of job (KB)
...
006 (7072827.258.000) 03/20 17:34:32 Image size of job updated: 743124
	726  -  MemoryUsage of job (MB)
	743124  -  ResidentSetSize of job (KB)
...
006 (7072827.258.000) 03/20 18:19:39 Image size of job updated: 743716
	727  -  MemoryUsage of job (MB)
	743716  -  ResidentSetSize of job (KB)
...
006 (7072827.258.000) 03/20 18:39:40 Image size of job updated: 743820
	727  -  MemoryUsage of job (MB)
	743820  -  ResidentSetSize of job (KB)
...
006 (7072827.258.000) 03/20 18:44:40 Image size of job updated: 756840
	740  -  MemoryUsage of job (MB)
	756840  -  ResidentSetSize of job (KB)
...
006 (7072827.258.000) 03/20 18:49:41 Image size of job updated: 757108
	740  -  MemoryUsage of job (MB)
	757108  -  ResidentSetSize of job (KB)
...
006 (7072827.258.000) 03/20 19:14:44 Image size of job updated: 757136
	740  -  MemoryUsage of job (MB)
	757136  -  ResidentSetSize of job (KB)
...
006 (7072827.258.000) 03/20 19:19:45 Image size of job updated: 757144
	740  -  MemoryUsage of job (MB)
	757144  -  ResidentSetSize of job (KB)
...
006 (7072827.258.000) 03/20 20:19:51 Image size of job updated: 757156
	740  -  MemoryUsage of job (MB)
	757156  -  ResidentSetSize of job (KB)
...
006 (7072827.258.000) 03/20 20:24:52 Image size of job updated: 757172
	740  -  MemoryUsage of job (MB)
	757172  -  ResidentSetSize of job (KB)
...
006 (7072827.258.000) 03/20 23:50:18 Image size of job updated: 757180
	740  -  MemoryUsage of job (MB)
	757180  -  ResidentSetSize of job (KB)
...
006 (7072827.258.000) 03/21 00:10:19 Image size of job updated: 757184
	740  -  MemoryUsage of job (MB)
	757184  -  ResidentSetSize of job (KB)
...
006 (7072827.258.000) 03/21 01:10:26 Image size of job updated: 757188
	740  -  MemoryUsage of job (MB)
	757188  -  ResidentSetSize of job (KB)
...
006 (7072827.258.000) 03/21 01:40:29 Image size of job updated: 757204
	740  -  MemoryUsage of job (MB)
	757204  -  ResidentSetSize of job (KB)
...
006 (7072827.258.000) 03/21 02:40:35 Image size of job updated: 757328
	740  -  MemoryUsage of job (MB)
	757328  -  ResidentSetSize of job (KB)
...
040 (7072827.258.000) 03/21 05:38:37 Started transferring output files
...
040 (7072827.258.000) 03/21 05:38:37 Finished transferring output files
...
005 (7072827.258.000) 03/21 05:38:37 Job terminated.
	(1) Normal termination (return value 0)
		Usr 0 18:38:56, Sys 0 00:02:56  -  Run Remote Usage
		Usr 0 00:00:00, Sys 0 00:00:00  -  Run Local Usage
		Usr 0 18:38:56, Sys 0 00:02:56  -  Total Remote Usage
		Usr 0 00:00:00, Sys 0 00:00:00  -  Total Local Usage
	12636  -  Run Bytes Sent By Job
	1380  -  Run Bytes Received By Job
	12636  -  Total Bytes Sent By Job
	1380  -  Total Bytes Received By Job
	Partitionable Resources :    Usage  Request Allocated 
	   Cpus                 :     0.99        1         1 
	   Disk (KB)            :    48           2      3796 
	   GPUs                 :                           0 
	   Memory (MB)          :   740        3000      3000 
	   TimeExecute (s)      : 71712                       
	   TimeSlotBusy (s)     : 71714                       

	Job terminated of its own accord at 2026-03-21T04:38:37Z with exit-code 0.
...
