000 (7072827.264.000) 03/20 09:40:28 Job submitted from host: <188.185.125.71:9618?addrs=188.185.125.71-9618+[2001-1458-d00-4a--100-15e]-9618&alias=bigbird28.cern.ch&noUDP&sock=schedd_2603_051c>
...
040 (7072827.264.000) 03/20 09:44:08 Started transferring input files
	Transferring to host: <188.185.196.121:9618?addrs=188.185.196.121-9618+[2001-1458-303-23--100-75]-9618&alias=b9p16p5134.cern.ch&noUDP&sock=slot1_25_6799_42ae_180464>
...
040 (7072827.264.000) 03/20 09:44:08 Finished transferring input files
...
001 (7072827.264.000) 03/20 09:44:09 Job executing on host: <188.185.196.121:9618?addrs=188.185.196.121-9618+[2001-1458-303-23--100-75]-9618&alias=b9p16p5134.cern.ch&noUDP&sock=startd_5675_280d>
	SlotName: slot1_25@b9p16p5134.cern.ch
	CondorScratchDir = "/pool/condor/dir_1820101"
	Cpus = 1
	Disk = 3802
	GPUs = 0
	Memory = 3000
...
006 (7072827.264.000) 03/20 09:44:23 Image size of job updated: 876
	1  -  MemoryUsage of job (MB)
	876  -  ResidentSetSize of job (KB)
...
006 (7072827.264.000) 03/20 11:24:35 Image size of job updated: 671156
	630  -  MemoryUsage of job (MB)
	644536  -  ResidentSetSize of job (KB)
...
006 (7072827.264.000) 03/20 11:29:36 Image size of job updated: 671156
	635  -  MemoryUsage of job (MB)
	649436  -  ResidentSetSize of job (KB)
...
006 (7072827.264.000) 03/20 11:34:36 Image size of job updated: 671156
	635  -  MemoryUsage of job (MB)
	649452  -  ResidentSetSize of job (KB)
...
006 (7072827.264.000) 03/20 11:39:37 Image size of job updated: 671156
	635  -  MemoryUsage of job (MB)
	649564  -  ResidentSetSize of job (KB)
...
006 (7072827.264.000) 03/20 11:44:38 Image size of job updated: 671156
	635  -  MemoryUsage of job (MB)
	649576  -  ResidentSetSize of job (KB)
...
006 (7072827.264.000) 03/20 11:49:38 Image size of job updated: 689456
	674  -  MemoryUsage of job (MB)
	689456  -  ResidentSetSize of job (KB)
...
006 (7072827.264.000) 03/20 11:54:39 Image size of job updated: 690904
	675  -  MemoryUsage of job (MB)
	690904  -  ResidentSetSize of job (KB)
...
006 (7072827.264.000) 03/20 12:04:40 Image size of job updated: 697624
	682  -  MemoryUsage of job (MB)
	697624  -  ResidentSetSize of job (KB)
...
006 (7072827.264.000) 03/20 12:19:42 Image size of job updated: 697628
	682  -  MemoryUsage of job (MB)
	697628  -  ResidentSetSize of job (KB)
...
006 (7072827.264.000) 03/20 12:59:45 Image size of job updated: 697728
	682  -  MemoryUsage of job (MB)
	697728  -  ResidentSetSize of job (KB)
...
006 (7072827.264.000) 03/20 13:04:45 Image size of job updated: 707308
	691  -  MemoryUsage of job (MB)
	707308  -  ResidentSetSize of job (KB)
...
006 (7072827.264.000) 03/20 13:19:47 Image size of job updated: 707444
	691  -  MemoryUsage of job (MB)
	707444  -  ResidentSetSize of job (KB)
...
006 (7072827.264.000) 03/20 13:29:48 Image size of job updated: 712312
	696  -  MemoryUsage of job (MB)
	712312  -  ResidentSetSize of job (KB)
...
006 (7072827.264.000) 03/20 14:59:58 Image size of job updated: 712364
	696  -  MemoryUsage of job (MB)
	712332  -  ResidentSetSize of job (KB)
...
006 (7072827.264.000) 03/20 15:04:59 Image size of job updated: 712428
	696  -  MemoryUsage of job (MB)
	712428  -  ResidentSetSize of job (KB)
...
006 (7072827.264.000) 03/20 16:10:04 Image size of job updated: 712464
	696  -  MemoryUsage of job (MB)
	712464  -  ResidentSetSize of job (KB)
...
006 (7072827.264.000) 03/20 16:50:06 Image size of job updated: 712548
	696  -  MemoryUsage of job (MB)
	712548  -  ResidentSetSize of job (KB)
...
006 (7072827.264.000) 03/20 18:25:15 Image size of job updated: 712604
	696  -  MemoryUsage of job (MB)
	712604  -  ResidentSetSize of job (KB)
...
006 (7072827.264.000) 03/20 18:30:16 Image size of job updated: 712652
	696  -  MemoryUsage of job (MB)
	712652  -  ResidentSetSize of job (KB)
...
006 (7072827.264.000) 03/20 18:35:16 Image size of job updated: 712784
	697  -  MemoryUsage of job (MB)
	712784  -  ResidentSetSize of job (KB)
...
006 (7072827.264.000) 03/20 19:50:25 Image size of job updated: 712860
	697  -  MemoryUsage of job (MB)
	712860  -  ResidentSetSize of job (KB)
...
006 (7072827.264.000) 03/20 20:00:26 Image size of job updated: 712904
	697  -  MemoryUsage of job (MB)
	712904  -  ResidentSetSize of job (KB)
...
006 (7072827.264.000) 03/20 20:40:30 Image size of job updated: 712956
	697  -  MemoryUsage of job (MB)
	712956  -  ResidentSetSize of job (KB)
...
006 (7072827.264.000) 03/20 22:05:39 Image size of job updated: 713064
	697  -  MemoryUsage of job (MB)
	713064  -  ResidentSetSize of job (KB)
...
006 (7072827.264.000) 03/20 22:50:43 Image size of job updated: 713260
	697  -  MemoryUsage of job (MB)
	713260  -  ResidentSetSize of job (KB)
...
006 (7072827.264.000) 03/20 22:55:43 Image size of job updated: 727548
	711  -  MemoryUsage of job (MB)
	727548  -  ResidentSetSize of job (KB)
...
006 (7072827.264.000) 03/20 23:00:43 Image size of job updated: 729276
	713  -  MemoryUsage of job (MB)
	729276  -  ResidentSetSize of job (KB)
...
006 (7072827.264.000) 03/21 01:25:59 Image size of job updated: 729432
	713  -  MemoryUsage of job (MB)
	729432  -  ResidentSetSize of job (KB)
...
006 (7072827.264.000) 03/21 02:56:09 Image size of job updated: 732900
	716  -  MemoryUsage of job (MB)
	732900  -  ResidentSetSize of job (KB)
...
006 (7072827.264.000) 03/21 03:36:12 Image size of job updated: 732948
	716  -  MemoryUsage of job (MB)
	732948  -  ResidentSetSize of job (KB)
...
006 (7072827.264.000) 03/21 04:31:16 Image size of job updated: 735132
	718  -  MemoryUsage of job (MB)
	735132  -  ResidentSetSize of job (KB)
...
006 (7072827.264.000) 03/21 05:21:23 Image size of job updated: 744024
	718  -  MemoryUsage of job (MB)
	735132  -  ResidentSetSize of job (KB)
...
006 (7072827.264.000) 03/21 06:16:29 Image size of job updated: 744024
	719  -  MemoryUsage of job (MB)
	735468  -  ResidentSetSize of job (KB)
...
006 (7072827.264.000) 03/21 07:56:39 Image size of job updated: 744024
	719  -  MemoryUsage of job (MB)
	735644  -  ResidentSetSize of job (KB)
...
006 (7072827.264.000) 03/21 08:31:42 Image size of job updated: 744024
	720  -  MemoryUsage of job (MB)
	736900  -  ResidentSetSize of job (KB)
...
006 (7072827.264.000) 03/21 08:46:43 Image size of job updated: 744024
	720  -  MemoryUsage of job (MB)
	737144  -  ResidentSetSize of job (KB)
...
006 (7072827.264.000) 03/21 09:01:44 Image size of job updated: 744024
	721  -  MemoryUsage of job (MB)
	737328  -  ResidentSetSize of job (KB)
...
006 (7072827.264.000) 03/21 09:16:46 Image size of job updated: 744024
	721  -  MemoryUsage of job (MB)
	737368  -  ResidentSetSize of job (KB)
...
006 (7072827.264.000) 03/21 09:36:48 Image size of job updated: 744024
	721  -  MemoryUsage of job (MB)
	737460  -  ResidentSetSize of job (KB)
...
006 (7072827.264.000) 03/21 21:58:02 Image size of job updated: 747988
	723  -  MemoryUsage of job (MB)
	740348  -  ResidentSetSize of job (KB)
...
006 (7072827.264.000) 03/21 22:13:03 Image size of job updated: 747988
	724  -  MemoryUsage of job (MB)
	740792  -  ResidentSetSize of job (KB)
...
040 (7072827.264.000) 03/21 23:00:18 Started transferring output files
...
040 (7072827.264.000) 03/21 23:00:18 Finished transferring output files
...
005 (7072827.264.000) 03/21 23:00:18 Job terminated.
	(1) Normal termination (return value 0)
		Usr 1 11:18:42, Sys 0 00:02:42  -  Run Remote Usage
		Usr 0 00:00:00, Sys 0 00:00:00  -  Run Local Usage
		Usr 1 11:18:42, Sys 0 00:02:42  -  Total Remote Usage
		Usr 0 00:00:00, Sys 0 00:00:00  -  Total Local Usage
	13249  -  Run Bytes Sent By Job
	1380  -  Run Bytes Received By Job
	13249  -  Total Bytes Sent By Job
	1380  -  Total Bytes Received By Job
	Partitionable Resources :     Usage  Request Allocated 
	   Cpus                 :      0.99        1         1 
	   Disk (KB)            :     48           2      3802 
	   GPUs                 :                            0 
	   Memory (MB)          :    724        3000      3000 
	   TimeExecute (s)      : 134169                       
	   TimeSlotBusy (s)     : 134170                       

	Job terminated of its own accord at 2026-03-21T22:00:18Z with exit-code 0.
...
