000 (7072827.527.000) 03/20 09:40:28 Job submitted from host: <188.185.125.71:9618?addrs=188.185.125.71-9618+[2001-1458-d00-4a--100-15e]-9618&alias=bigbird28.cern.ch&noUDP&sock=schedd_2603_051c>
...
040 (7072827.527.000) 03/20 09:44:56 Started transferring input files
	Transferring to host: <188.185.194.15:9618?addrs=188.185.194.15-9618+[2001-1458-303-21--100-b]-9618&alias=b9p20p3478.cern.ch&noUDP&sock=slot1_35_7914_e0fb_179362>
...
040 (7072827.527.000) 03/20 09:44:56 Finished transferring input files
...
001 (7072827.527.000) 03/20 09:44:57 Job executing on host: <188.185.194.15:9618?addrs=188.185.194.15-9618+[2001-1458-303-21--100-b]-9618&alias=b9p20p3478.cern.ch&noUDP&sock=startd_6950_b34d>
	SlotName: slot1_35@b9p20p3478.cern.ch
	CondorScratchDir = "/pool/condor/dir_3868574"
	Cpus = 1
	Disk = 3878
	GPUs = 0
	Memory = 3000
...
006 (7072827.527.000) 03/20 09:45:10 Image size of job updated: 888
	1  -  MemoryUsage of job (MB)
	888  -  ResidentSetSize of job (KB)
...
006 (7072827.527.000) 03/20 09:50:10 Image size of job updated: 626240
	612  -  MemoryUsage of job (MB)
	626240  -  ResidentSetSize of job (KB)
...
006 (7072827.527.000) 03/20 09:55:11 Image size of job updated: 628772
	615  -  MemoryUsage of job (MB)
	628772  -  ResidentSetSize of job (KB)
...
006 (7072827.527.000) 03/20 10:00:11 Image size of job updated: 630356
	616  -  MemoryUsage of job (MB)
	630356  -  ResidentSetSize of job (KB)
...
006 (7072827.527.000) 03/20 10:05:11 Image size of job updated: 630360
	616  -  MemoryUsage of job (MB)
	630360  -  ResidentSetSize of job (KB)
...
006 (7072827.527.000) 03/20 10:25:13 Image size of job updated: 630368
	616  -  MemoryUsage of job (MB)
	630368  -  ResidentSetSize of job (KB)
...
006 (7072827.527.000) 03/20 10:40:15 Image size of job updated: 630796
	617  -  MemoryUsage of job (MB)
	630796  -  ResidentSetSize of job (KB)
...
006 (7072827.527.000) 03/20 11:20:19 Image size of job updated: 631304
	617  -  MemoryUsage of job (MB)
	631304  -  ResidentSetSize of job (KB)
...
006 (7072827.527.000) 03/20 11:25:19 Image size of job updated: 651588
	637  -  MemoryUsage of job (MB)
	651588  -  ResidentSetSize of job (KB)
...
006 (7072827.527.000) 03/20 11:35:20 Image size of job updated: 652356
	638  -  MemoryUsage of job (MB)
	652356  -  ResidentSetSize of job (KB)
...
006 (7072827.527.000) 03/20 11:45:21 Image size of job updated: 654952
	640  -  MemoryUsage of job (MB)
	654952  -  ResidentSetSize of job (KB)
...
006 (7072827.527.000) 03/20 12:00:23 Image size of job updated: 659064
	644  -  MemoryUsage of job (MB)
	659064  -  ResidentSetSize of job (KB)
...
006 (7072827.527.000) 03/20 13:20:32 Image size of job updated: 659228
	644  -  MemoryUsage of job (MB)
	659228  -  ResidentSetSize of job (KB)
...
006 (7072827.527.000) 03/20 13:50:34 Image size of job updated: 662788
	648  -  MemoryUsage of job (MB)
	662788  -  ResidentSetSize of job (KB)
...
006 (7072827.527.000) 03/20 13:55:34 Image size of job updated: 704196
	688  -  MemoryUsage of job (MB)
	704196  -  ResidentSetSize of job (KB)
...
006 (7072827.527.000) 03/20 14:00:34 Image size of job updated: 704448
	688  -  MemoryUsage of job (MB)
	704448  -  ResidentSetSize of job (KB)
...
006 (7072827.527.000) 03/20 14:05:35 Image size of job updated: 709668
	694  -  MemoryUsage of job (MB)
	709668  -  ResidentSetSize of job (KB)
...
006 (7072827.527.000) 03/20 14:10:35 Image size of job updated: 709684
	694  -  MemoryUsage of job (MB)
	709684  -  ResidentSetSize of job (KB)
...
006 (7072827.527.000) 03/20 14:35:37 Image size of job updated: 709960
	694  -  MemoryUsage of job (MB)
	709960  -  ResidentSetSize of job (KB)
...
006 (7072827.527.000) 03/20 14:50:38 Image size of job updated: 709964
	694  -  MemoryUsage of job (MB)
	709964  -  ResidentSetSize of job (KB)
...
006 (7072827.527.000) 03/20 15:00:38 Image size of job updated: 710548
	694  -  MemoryUsage of job (MB)
	710548  -  ResidentSetSize of job (KB)
...
006 (7072827.527.000) 03/20 15:20:40 Image size of job updated: 711240
	695  -  MemoryUsage of job (MB)
	711240  -  ResidentSetSize of job (KB)
...
006 (7072827.527.000) 03/20 16:00:44 Image size of job updated: 711460
	695  -  MemoryUsage of job (MB)
	711460  -  ResidentSetSize of job (KB)
...
006 (7072827.527.000) 03/20 17:15:54 Image size of job updated: 711476
	695  -  MemoryUsage of job (MB)
	711476  -  ResidentSetSize of job (KB)
...
006 (7072827.527.000) 03/20 17:25:55 Image size of job updated: 718928
	703  -  MemoryUsage of job (MB)
	718928  -  ResidentSetSize of job (KB)
...
006 (7072827.527.000) 03/20 17:35:56 Image size of job updated: 720828
	704  -  MemoryUsage of job (MB)
	720828  -  ResidentSetSize of job (KB)
...
006 (7072827.527.000) 03/20 17:40:57 Image size of job updated: 720892
	704  -  MemoryUsage of job (MB)
	720892  -  ResidentSetSize of job (KB)
...
006 (7072827.527.000) 03/20 17:50:58 Image size of job updated: 720896
	704  -  MemoryUsage of job (MB)
	720896  -  ResidentSetSize of job (KB)
...
006 (7072827.527.000) 03/20 18:00:58 Image size of job updated: 720948
	705  -  MemoryUsage of job (MB)
	720948  -  ResidentSetSize of job (KB)
...
006 (7072827.527.000) 03/20 18:26:00 Image size of job updated: 720968
	705  -  MemoryUsage of job (MB)
	720968  -  ResidentSetSize of job (KB)
...
006 (7072827.527.000) 03/20 19:26:06 Image size of job updated: 728312
	712  -  MemoryUsage of job (MB)
	728312  -  ResidentSetSize of job (KB)
...
006 (7072827.527.000) 03/20 19:46:08 Image size of job updated: 728408
	712  -  MemoryUsage of job (MB)
	728408  -  ResidentSetSize of job (KB)
...
006 (7072827.527.000) 03/20 20:21:10 Image size of job updated: 728468
	712  -  MemoryUsage of job (MB)
	728468  -  ResidentSetSize of job (KB)
...
006 (7072827.527.000) 03/20 21:51:22 Image size of job updated: 728500
	712  -  MemoryUsage of job (MB)
	728500  -  ResidentSetSize of job (KB)
...
006 (7072827.527.000) 03/20 21:56:22 Image size of job updated: 728624
	712  -  MemoryUsage of job (MB)
	728624  -  ResidentSetSize of job (KB)
...
006 (7072827.527.000) 03/20 22:01:23 Image size of job updated: 734336
	718  -  MemoryUsage of job (MB)
	734336  -  ResidentSetSize of job (KB)
...
006 (7072827.527.000) 03/20 22:06:23 Image size of job updated: 735928
	719  -  MemoryUsage of job (MB)
	735928  -  ResidentSetSize of job (KB)
...
006 (7072827.527.000) 03/20 22:11:23 Image size of job updated: 737412
	721  -  MemoryUsage of job (MB)
	737412  -  ResidentSetSize of job (KB)
...
006 (7072827.527.000) 03/20 22:36:26 Image size of job updated: 745560
	723  -  MemoryUsage of job (MB)
	740156  -  ResidentSetSize of job (KB)
...
040 (7072827.527.000) 03/22 01:50:22 Started transferring output files
...
040 (7072827.527.000) 03/22 01:50:22 Finished transferring output files
...
005 (7072827.527.000) 03/22 01:50:22 Job terminated.
	(1) Normal termination (return value 0)
		Usr 1 15:25:52, Sys 0 00:03:56  -  Run Remote Usage
		Usr 0 00:00:00, Sys 0 00:00:00  -  Run Local Usage
		Usr 1 15:25:52, Sys 0 00:03:56  -  Total Remote Usage
		Usr 0 00:00:00, Sys 0 00:00:00  -  Total Local Usage
	12651  -  Run Bytes Sent By Job
	1380  -  Run Bytes Received By Job
	12651  -  Total Bytes Sent By Job
	1380  -  Total Bytes Received By Job
	Partitionable Resources :     Usage  Request Allocated 
	   Cpus                 :      0.99        1         1 
	   Disk (KB)            :     47           2      3878 
	   GPUs                 :                            0 
	   Memory (MB)          :    723        3000      3000 
	   TimeExecute (s)      : 144325                       
	   TimeSlotBusy (s)     : 144326                       

	Job terminated of its own accord at 2026-03-22T00:50:22Z with exit-code 0.
...
