000 (7072827.434.000) 03/20 09:40:28 Job submitted from host: <188.185.125.71:9618?addrs=188.185.125.71-9618+[2001-1458-d00-4a--100-15e]-9618&alias=bigbird28.cern.ch&noUDP&sock=schedd_2603_051c>
...
040 (7072827.434.000) 03/20 09:44:25 Started transferring input files
	Transferring to host: <128.142.33.39:9618?addrs=128.142.33.39-9618+[2001-1458-301-53--100-24]-9618&alias=b9g34p8759.cern.ch&noUDP&sock=slot1_6_6846_604f_173444>
...
040 (7072827.434.000) 03/20 09:44:25 Finished transferring input files
...
001 (7072827.434.000) 03/20 09:44:26 Job executing on host: <128.142.33.39:9618?addrs=128.142.33.39-9618+[2001-1458-301-53--100-24]-9618&alias=b9g34p8759.cern.ch&noUDP&sock=startd_5990_3862>
	SlotName: slot1_6@b9g34p8759.cern.ch
	CondorScratchDir = "/pool/condor/dir_1636462"
	Cpus = 1
	Disk = 3872
	GPUs = 0
	Memory = 3000
...
006 (7072827.434.000) 03/20 09:44:40 Image size of job updated: 892
	1  -  MemoryUsage of job (MB)
	892  -  ResidentSetSize of job (KB)
...
006 (7072827.434.000) 03/20 11:19:51 Image size of job updated: 505604
	494  -  MemoryUsage of job (MB)
	505604  -  ResidentSetSize of job (KB)
...
006 (7072827.434.000) 03/20 11:24:52 Image size of job updated: 514040
	502  -  MemoryUsage of job (MB)
	514040  -  ResidentSetSize of job (KB)
...
006 (7072827.434.000) 03/20 11:29:53 Image size of job updated: 518004
	506  -  MemoryUsage of job (MB)
	518004  -  ResidentSetSize of job (KB)
...
006 (7072827.434.000) 03/20 11:34:53 Image size of job updated: 518452
	507  -  MemoryUsage of job (MB)
	518452  -  ResidentSetSize of job (KB)
...
006 (7072827.434.000) 03/20 11:39:53 Image size of job updated: 520452
	509  -  MemoryUsage of job (MB)
	520452  -  ResidentSetSize of job (KB)
...
006 (7072827.434.000) 03/20 11:44:54 Image size of job updated: 521064
	509  -  MemoryUsage of job (MB)
	521064  -  ResidentSetSize of job (KB)
...
006 (7072827.434.000) 03/20 11:49:54 Image size of job updated: 521280
	510  -  MemoryUsage of job (MB)
	521280  -  ResidentSetSize of job (KB)
...
006 (7072827.434.000) 03/20 11:59:55 Image size of job updated: 522212
	510  -  MemoryUsage of job (MB)
	522212  -  ResidentSetSize of job (KB)
...
006 (7072827.434.000) 03/20 12:04:55 Image size of job updated: 522680
	511  -  MemoryUsage of job (MB)
	522680  -  ResidentSetSize of job (KB)
...
006 (7072827.434.000) 03/20 12:14:56 Image size of job updated: 565996
	553  -  MemoryUsage of job (MB)
	565996  -  ResidentSetSize of job (KB)
...
006 (7072827.434.000) 03/20 12:19:57 Image size of job updated: 567304
	555  -  MemoryUsage of job (MB)
	567304  -  ResidentSetSize of job (KB)
...
006 (7072827.434.000) 03/20 12:24:57 Image size of job updated: 584088
	571  -  MemoryUsage of job (MB)
	584088  -  ResidentSetSize of job (KB)
...
006 (7072827.434.000) 03/20 12:29:58 Image size of job updated: 587840
	575  -  MemoryUsage of job (MB)
	587840  -  ResidentSetSize of job (KB)
...
006 (7072827.434.000) 03/20 12:34:59 Image size of job updated: 587844
	575  -  MemoryUsage of job (MB)
	587844  -  ResidentSetSize of job (KB)
...
006 (7072827.434.000) 03/20 13:15:01 Image size of job updated: 587872
	575  -  MemoryUsage of job (MB)
	587872  -  ResidentSetSize of job (KB)
...
006 (7072827.434.000) 03/20 16:55:23 Image size of job updated: 745492
	729  -  MemoryUsage of job (MB)
	745492  -  ResidentSetSize of job (KB)
...
006 (7072827.434.000) 03/20 17:00:24 Image size of job updated: 746236
	729  -  MemoryUsage of job (MB)
	746236  -  ResidentSetSize of job (KB)
...
006 (7072827.434.000) 03/20 17:05:24 Image size of job updated: 749452
	732  -  MemoryUsage of job (MB)
	749452  -  ResidentSetSize of job (KB)
...
006 (7072827.434.000) 03/20 17:10:25 Image size of job updated: 749960
	733  -  MemoryUsage of job (MB)
	749960  -  ResidentSetSize of job (KB)
...
006 (7072827.434.000) 03/20 17:15:26 Image size of job updated: 753072
	736  -  MemoryUsage of job (MB)
	753072  -  ResidentSetSize of job (KB)
...
006 (7072827.434.000) 03/20 17:20:26 Image size of job updated: 758036
	741  -  MemoryUsage of job (MB)
	758036  -  ResidentSetSize of job (KB)
...
006 (7072827.434.000) 03/20 17:25:26 Image size of job updated: 764192
	747  -  MemoryUsage of job (MB)
	764192  -  ResidentSetSize of job (KB)
...
006 (7072827.434.000) 03/20 17:30:27 Image size of job updated: 765188
	748  -  MemoryUsage of job (MB)
	765188  -  ResidentSetSize of job (KB)
...
006 (7072827.434.000) 03/20 17:45:28 Image size of job updated: 774104
	756  -  MemoryUsage of job (MB)
	774104  -  ResidentSetSize of job (KB)
...
006 (7072827.434.000) 03/20 17:50:29 Image size of job updated: 779204
	756  -  MemoryUsage of job (MB)
	774104  -  ResidentSetSize of job (KB)
...
006 (7072827.434.000) 03/20 17:55:29 Image size of job updated: 779204
	760  -  MemoryUsage of job (MB)
	777500  -  ResidentSetSize of job (KB)
...
006 (7072827.434.000) 03/20 18:45:34 Image size of job updated: 779204
	760  -  MemoryUsage of job (MB)
	777504  -  ResidentSetSize of job (KB)
...
006 (7072827.434.000) 03/20 19:00:36 Image size of job updated: 779204
	760  -  MemoryUsage of job (MB)
	777516  -  ResidentSetSize of job (KB)
...
006 (7072827.434.000) 03/20 20:50:49 Image size of job updated: 779204
	760  -  MemoryUsage of job (MB)
	777544  -  ResidentSetSize of job (KB)
...
006 (7072827.434.000) 03/20 21:55:55 Image size of job updated: 779204
	760  -  MemoryUsage of job (MB)
	777584  -  ResidentSetSize of job (KB)
...
006 (7072827.434.000) 03/20 22:25:59 Image size of job updated: 779204
	760  -  MemoryUsage of job (MB)
	777588  -  ResidentSetSize of job (KB)
...
006 (7072827.434.000) 03/20 22:56:01 Image size of job updated: 779204
	760  -  MemoryUsage of job (MB)
	777628  -  ResidentSetSize of job (KB)
...
006 (7072827.434.000) 03/20 23:01:02 Image size of job updated: 791344
	773  -  MemoryUsage of job (MB)
	791344  -  ResidentSetSize of job (KB)
...
040 (7072827.434.000) 03/21 17:34:50 Started transferring output files
...
040 (7072827.434.000) 03/21 17:34:50 Finished transferring output files
...
005 (7072827.434.000) 03/21 17:34:50 Job terminated.
	(1) Normal termination (return value 0)
		Usr 1 06:02:26, Sys 0 00:02:00  -  Run Remote Usage
		Usr 0 00:00:00, Sys 0 00:00:00  -  Run Local Usage
		Usr 1 06:02:26, Sys 0 00:02:00  -  Total Remote Usage
		Usr 0 00:00:00, Sys 0 00:00:00  -  Total Local Usage
	12920  -  Run Bytes Sent By Job
	1380  -  Run Bytes Received By Job
	12920  -  Total Bytes Sent By Job
	1380  -  Total Bytes Received By Job
	Partitionable Resources :     Usage  Request Allocated 
	   Cpus                 :      0.99        1         1 
	   Disk (KB)            :     47           2      3872 
	   GPUs                 :                            0 
	   Memory (MB)          :    773        3000      3000 
	   TimeExecute (s)      : 114624                       
	   TimeSlotBusy (s)     : 114625                       

	Job terminated of its own accord at 2026-03-21T16:34:50Z with exit-code 0.
...
