000 (7072827.439.000) 03/20 09:40:28 Job submitted from host: <188.185.125.71:9618?addrs=188.185.125.71-9618+[2001-1458-d00-4a--100-15e]-9618&alias=bigbird28.cern.ch&noUDP&sock=schedd_2603_051c>
...
040 (7072827.439.000) 03/20 09:44:26 Started transferring input files
	Transferring to host: <188.185.211.201:9618?addrs=188.185.211.201-9618+[2001-1458-303-17--100-45]-9618&alias=b9p24p3214.cern.ch&noUDP&sock=slot1_42_8739_2a7c_194531>
...
040 (7072827.439.000) 03/20 09:44:26 Finished transferring input files
...
001 (7072827.439.000) 03/20 09:44:27 Job executing on host: <188.185.211.201:9618?addrs=188.185.211.201-9618+[2001-1458-303-17--100-45]-9618&alias=b9p24p3214.cern.ch&noUDP&sock=startd_7439_1d1d>
	SlotName: slot1_42@b9p24p3214.cern.ch
	CondorScratchDir = "/pool/condor/dir_1655738"
	Cpus = 1
	Disk = 3682
	GPUs = 0
	Memory = 3000
...
006 (7072827.439.000) 03/20 09:44:40 Image size of job updated: 884
	1  -  MemoryUsage of job (MB)
	884  -  ResidentSetSize of job (KB)
...
006 (7072827.439.000) 03/20 10:49:44 Image size of job updated: 20648
	21  -  MemoryUsage of job (MB)
	20648  -  ResidentSetSize of job (KB)
...
006 (7072827.439.000) 03/20 10:54:45 Image size of job updated: 669224
	632  -  MemoryUsage of job (MB)
	646188  -  ResidentSetSize of job (KB)
...
006 (7072827.439.000) 03/20 10:59:45 Image size of job updated: 669224
	644  -  MemoryUsage of job (MB)
	659284  -  ResidentSetSize of job (KB)
...
006 (7072827.439.000) 03/20 11:04:46 Image size of job updated: 669224
	644  -  MemoryUsage of job (MB)
	659360  -  ResidentSetSize of job (KB)
...
006 (7072827.439.000) 03/20 11:29:49 Image size of job updated: 701932
	686  -  MemoryUsage of job (MB)
	701932  -  ResidentSetSize of job (KB)
...
006 (7072827.439.000) 03/20 11:34:50 Image size of job updated: 704464
	688  -  MemoryUsage of job (MB)
	704464  -  ResidentSetSize of job (KB)
...
006 (7072827.439.000) 03/20 11:39:51 Image size of job updated: 707392
	691  -  MemoryUsage of job (MB)
	707392  -  ResidentSetSize of job (KB)
...
006 (7072827.439.000) 03/20 11:44:51 Image size of job updated: 725556
	709  -  MemoryUsage of job (MB)
	725556  -  ResidentSetSize of job (KB)
...
006 (7072827.439.000) 03/20 11:49:52 Image size of job updated: 725660
	709  -  MemoryUsage of job (MB)
	725660  -  ResidentSetSize of job (KB)
...
006 (7072827.439.000) 03/20 12:29:56 Image size of job updated: 726700
	710  -  MemoryUsage of job (MB)
	726700  -  ResidentSetSize of job (KB)
...
006 (7072827.439.000) 03/20 12:34:56 Image size of job updated: 726816
	710  -  MemoryUsage of job (MB)
	726816  -  ResidentSetSize of job (KB)
...
006 (7072827.439.000) 03/20 12:49:57 Image size of job updated: 726888
	710  -  MemoryUsage of job (MB)
	726888  -  ResidentSetSize of job (KB)
...
006 (7072827.439.000) 03/20 12:59:58 Image size of job updated: 727184
	711  -  MemoryUsage of job (MB)
	727184  -  ResidentSetSize of job (KB)
...
006 (7072827.439.000) 03/20 13:35:02 Image size of job updated: 727276
	711  -  MemoryUsage of job (MB)
	727276  -  ResidentSetSize of job (KB)
...
006 (7072827.439.000) 03/20 14:20:08 Image size of job updated: 727332
	711  -  MemoryUsage of job (MB)
	727332  -  ResidentSetSize of job (KB)
...
006 (7072827.439.000) 03/20 14:35:10 Image size of job updated: 727352
	711  -  MemoryUsage of job (MB)
	727352  -  ResidentSetSize of job (KB)
...
006 (7072827.439.000) 03/20 14:40:11 Image size of job updated: 727408
	711  -  MemoryUsage of job (MB)
	727408  -  ResidentSetSize of job (KB)
...
006 (7072827.439.000) 03/20 15:00:14 Image size of job updated: 727436
	711  -  MemoryUsage of job (MB)
	727436  -  ResidentSetSize of job (KB)
...
006 (7072827.439.000) 03/20 15:20:15 Image size of job updated: 728004
	711  -  MemoryUsage of job (MB)
	728004  -  ResidentSetSize of job (KB)
...
006 (7072827.439.000) 03/20 15:25:16 Image size of job updated: 745908
	729  -  MemoryUsage of job (MB)
	745908  -  ResidentSetSize of job (KB)
...
006 (7072827.439.000) 03/20 15:30:16 Image size of job updated: 745984
	729  -  MemoryUsage of job (MB)
	745984  -  ResidentSetSize of job (KB)
...
006 (7072827.439.000) 03/20 15:35:16 Image size of job updated: 746064
	729  -  MemoryUsage of job (MB)
	746064  -  ResidentSetSize of job (KB)
...
006 (7072827.439.000) 03/20 15:50:17 Image size of job updated: 746088
	729  -  MemoryUsage of job (MB)
	746088  -  ResidentSetSize of job (KB)
...
006 (7072827.439.000) 03/20 16:10:19 Image size of job updated: 746116
	729  -  MemoryUsage of job (MB)
	746116  -  ResidentSetSize of job (KB)
...
006 (7072827.439.000) 03/20 16:20:20 Image size of job updated: 746136
	729  -  MemoryUsage of job (MB)
	746136  -  ResidentSetSize of job (KB)
...
006 (7072827.439.000) 03/20 16:25:21 Image size of job updated: 746152
	729  -  MemoryUsage of job (MB)
	746152  -  ResidentSetSize of job (KB)
...
006 (7072827.439.000) 03/20 17:05:26 Image size of job updated: 746212
	729  -  MemoryUsage of job (MB)
	746212  -  ResidentSetSize of job (KB)
...
006 (7072827.439.000) 03/20 17:40:29 Image size of job updated: 746236
	729  -  MemoryUsage of job (MB)
	746236  -  ResidentSetSize of job (KB)
...
006 (7072827.439.000) 03/20 18:00:31 Image size of job updated: 746312
	729  -  MemoryUsage of job (MB)
	746312  -  ResidentSetSize of job (KB)
...
006 (7072827.439.000) 03/20 19:00:39 Image size of job updated: 746380
	729  -  MemoryUsage of job (MB)
	746380  -  ResidentSetSize of job (KB)
...
006 (7072827.439.000) 03/20 19:25:41 Image size of job updated: 746412
	729  -  MemoryUsage of job (MB)
	746412  -  ResidentSetSize of job (KB)
...
006 (7072827.439.000) 03/20 19:50:43 Image size of job updated: 746452
	729  -  MemoryUsage of job (MB)
	746452  -  ResidentSetSize of job (KB)
...
006 (7072827.439.000) 03/20 20:10:45 Image size of job updated: 746644
	730  -  MemoryUsage of job (MB)
	746644  -  ResidentSetSize of job (KB)
...
006 (7072827.439.000) 03/20 21:20:51 Image size of job updated: 746708
	730  -  MemoryUsage of job (MB)
	746708  -  ResidentSetSize of job (KB)
...
006 (7072827.439.000) 03/20 21:25:52 Image size of job updated: 746728
	730  -  MemoryUsage of job (MB)
	746728  -  ResidentSetSize of job (KB)
...
006 (7072827.439.000) 03/20 22:10:55 Image size of job updated: 748056
	731  -  MemoryUsage of job (MB)
	748056  -  ResidentSetSize of job (KB)
...
006 (7072827.439.000) 03/20 22:35:57 Image size of job updated: 748108
	731  -  MemoryUsage of job (MB)
	748108  -  ResidentSetSize of job (KB)
...
006 (7072827.439.000) 03/20 23:56:08 Image size of job updated: 748204
	731  -  MemoryUsage of job (MB)
	748204  -  ResidentSetSize of job (KB)
...
006 (7072827.439.000) 03/21 00:06:09 Image size of job updated: 748220
	731  -  MemoryUsage of job (MB)
	748220  -  ResidentSetSize of job (KB)
...
006 (7072827.439.000) 03/21 00:41:12 Image size of job updated: 748240
	731  -  MemoryUsage of job (MB)
	748240  -  ResidentSetSize of job (KB)
...
006 (7072827.439.000) 03/21 01:01:14 Image size of job updated: 748324
	731  -  MemoryUsage of job (MB)
	748324  -  ResidentSetSize of job (KB)
...
006 (7072827.439.000) 03/21 01:06:15 Image size of job updated: 750840
	734  -  MemoryUsage of job (MB)
	750840  -  ResidentSetSize of job (KB)
...
006 (7072827.439.000) 03/21 01:51:21 Image size of job updated: 750860
	734  -  MemoryUsage of job (MB)
	750860  -  ResidentSetSize of job (KB)
...
006 (7072827.439.000) 03/21 02:51:26 Image size of job updated: 750928
	734  -  MemoryUsage of job (MB)
	750928  -  ResidentSetSize of job (KB)
...
006 (7072827.439.000) 03/21 03:31:29 Image size of job updated: 751136
	734  -  MemoryUsage of job (MB)
	751136  -  ResidentSetSize of job (KB)
...
006 (7072827.439.000) 03/21 03:36:29 Image size of job updated: 751272
	734  -  MemoryUsage of job (MB)
	751272  -  ResidentSetSize of job (KB)
...
006 (7072827.439.000) 03/21 03:41:30 Image size of job updated: 751320
	734  -  MemoryUsage of job (MB)
	751320  -  ResidentSetSize of job (KB)
...
006 (7072827.439.000) 03/21 04:11:34 Image size of job updated: 751400
	734  -  MemoryUsage of job (MB)
	751400  -  ResidentSetSize of job (KB)
...
006 (7072827.439.000) 03/21 06:16:48 Image size of job updated: 751476
	734  -  MemoryUsage of job (MB)
	751476  -  ResidentSetSize of job (KB)
...
040 (7072827.439.000) 03/21 06:23:32 Started transferring output files
...
040 (7072827.439.000) 03/21 06:23:32 Finished transferring output files
...
005 (7072827.439.000) 03/21 06:23:32 Job terminated.
	(1) Normal termination (return value 0)
		Usr 0 19:13:12, Sys 0 00:01:28  -  Run Remote Usage
		Usr 0 00:00:00, Sys 0 00:00:00  -  Run Local Usage
		Usr 0 19:13:12, Sys 0 00:01:28  -  Total Remote Usage
		Usr 0 00:00:00, Sys 0 00:00:00  -  Total Local Usage
	13484  -  Run Bytes Sent By Job
	1380  -  Run Bytes Received By Job
	13484  -  Total Bytes Sent By Job
	1380  -  Total Bytes Received By Job
	Partitionable Resources :    Usage  Request Allocated 
	   Cpus                 :     0.99        1         1 
	   Disk (KB)            :    48           2      3682 
	   GPUs                 :                           0 
	   Memory (MB)          :   734        3000      3000 
	   TimeExecute (s)      : 74345                       
	   TimeSlotBusy (s)     : 74346                       

	Job terminated of its own accord at 2026-03-21T05:23:32Z with exit-code 0.
...
