000 (7072827.202.000) 03/20 09:40:27 Job submitted from host: <188.185.125.71:9618?addrs=188.185.125.71-9618+[2001-1458-d00-4a--100-15e]-9618&alias=bigbird28.cern.ch&noUDP&sock=schedd_2603_051c>
...
040 (7072827.202.000) 03/20 09:43:06 Started transferring input files
	Transferring to host: <188.185.208.66:9618?addrs=188.185.208.66-9618+[2001-1458-303-f--100-3f]-9618&alias=b9p09p4833.cern.ch&noUDP&sock=slot1_14_6857_2070_173663>
...
040 (7072827.202.000) 03/20 09:43:06 Finished transferring input files
...
001 (7072827.202.000) 03/20 09:43:07 Job executing on host: <188.185.208.66:9618?addrs=188.185.208.66-9618+[2001-1458-303-f--100-3f]-9618&alias=b9p09p4833.cern.ch&noUDP&sock=startd_5798_8633>
	SlotName: slot1_14@b9p09p4833.cern.ch
	CondorScratchDir = "/pool/condor/dir_686907"
	Cpus = 1
	Disk = 3603
	GPUs = 0
	Memory = 3000
...
006 (7072827.202.000) 03/20 09:43:21 Image size of job updated: 888
	1  -  MemoryUsage of job (MB)
	888  -  ResidentSetSize of job (KB)
...
006 (7072827.202.000) 03/20 10:03:23 Image size of job updated: 511196
	487  -  MemoryUsage of job (MB)
	498260  -  ResidentSetSize of job (KB)
...
006 (7072827.202.000) 03/20 10:08:23 Image size of job updated: 511196
	491  -  MemoryUsage of job (MB)
	502144  -  ResidentSetSize of job (KB)
...
006 (7072827.202.000) 03/20 10:13:23 Image size of job updated: 511196
	492  -  MemoryUsage of job (MB)
	503236  -  ResidentSetSize of job (KB)
...
006 (7072827.202.000) 03/20 10:18:24 Image size of job updated: 511196
	492  -  MemoryUsage of job (MB)
	503452  -  ResidentSetSize of job (KB)
...
006 (7072827.202.000) 03/20 10:23:24 Image size of job updated: 511196
	493  -  MemoryUsage of job (MB)
	504200  -  ResidentSetSize of job (KB)
...
006 (7072827.202.000) 03/20 10:28:25 Image size of job updated: 511196
	493  -  MemoryUsage of job (MB)
	504276  -  ResidentSetSize of job (KB)
...
006 (7072827.202.000) 03/20 10:33:26 Image size of job updated: 511196
	493  -  MemoryUsage of job (MB)
	504356  -  ResidentSetSize of job (KB)
...
006 (7072827.202.000) 03/20 10:38:26 Image size of job updated: 511196
	493  -  MemoryUsage of job (MB)
	504364  -  ResidentSetSize of job (KB)
...
006 (7072827.202.000) 03/20 10:43:27 Image size of job updated: 511196
	493  -  MemoryUsage of job (MB)
	504368  -  ResidentSetSize of job (KB)
...
006 (7072827.202.000) 03/20 10:53:27 Image size of job updated: 514548
	503  -  MemoryUsage of job (MB)
	514548  -  ResidentSetSize of job (KB)
...
006 (7072827.202.000) 03/20 10:58:28 Image size of job updated: 515436
	504  -  MemoryUsage of job (MB)
	515436  -  ResidentSetSize of job (KB)
...
006 (7072827.202.000) 03/20 11:03:28 Image size of job updated: 515972
	504  -  MemoryUsage of job (MB)
	515972  -  ResidentSetSize of job (KB)
...
006 (7072827.202.000) 03/20 11:18:30 Image size of job updated: 515980
	504  -  MemoryUsage of job (MB)
	515980  -  ResidentSetSize of job (KB)
...
006 (7072827.202.000) 03/20 11:28:31 Image size of job updated: 516072
	504  -  MemoryUsage of job (MB)
	516072  -  ResidentSetSize of job (KB)
...
006 (7072827.202.000) 03/20 11:53:34 Image size of job updated: 553448
	541  -  MemoryUsage of job (MB)
	553448  -  ResidentSetSize of job (KB)
...
006 (7072827.202.000) 03/20 11:58:34 Image size of job updated: 555544
	543  -  MemoryUsage of job (MB)
	555544  -  ResidentSetSize of job (KB)
...
006 (7072827.202.000) 03/20 12:03:35 Image size of job updated: 568664
	556  -  MemoryUsage of job (MB)
	568664  -  ResidentSetSize of job (KB)
...
006 (7072827.202.000) 03/20 12:13:35 Image size of job updated: 573488
	561  -  MemoryUsage of job (MB)
	573488  -  ResidentSetSize of job (KB)
...
006 (7072827.202.000) 03/20 12:48:39 Image size of job updated: 573492
	561  -  MemoryUsage of job (MB)
	573492  -  ResidentSetSize of job (KB)
...
006 (7072827.202.000) 03/20 13:43:43 Image size of job updated: 734212
	718  -  MemoryUsage of job (MB)
	734212  -  ResidentSetSize of job (KB)
...
006 (7072827.202.000) 03/20 13:48:44 Image size of job updated: 736440
	720  -  MemoryUsage of job (MB)
	736440  -  ResidentSetSize of job (KB)
...
006 (7072827.202.000) 03/20 13:53:44 Image size of job updated: 736712
	720  -  MemoryUsage of job (MB)
	736712  -  ResidentSetSize of job (KB)
...
006 (7072827.202.000) 03/20 13:58:45 Image size of job updated: 740152
	723  -  MemoryUsage of job (MB)
	740152  -  ResidentSetSize of job (KB)
...
006 (7072827.202.000) 03/20 14:08:46 Image size of job updated: 742676
	726  -  MemoryUsage of job (MB)
	742676  -  ResidentSetSize of job (KB)
...
006 (7072827.202.000) 03/20 15:28:54 Image size of job updated: 744000
	727  -  MemoryUsage of job (MB)
	744000  -  ResidentSetSize of job (KB)
...
006 (7072827.202.000) 03/20 15:33:54 Image size of job updated: 744188
	727  -  MemoryUsage of job (MB)
	744188  -  ResidentSetSize of job (KB)
...
006 (7072827.202.000) 03/20 15:38:55 Image size of job updated: 751268
	734  -  MemoryUsage of job (MB)
	751268  -  ResidentSetSize of job (KB)
...
006 (7072827.202.000) 03/20 15:43:55 Image size of job updated: 751564
	734  -  MemoryUsage of job (MB)
	751564  -  ResidentSetSize of job (KB)
...
006 (7072827.202.000) 03/20 16:34:01 Image size of job updated: 752176
	735  -  MemoryUsage of job (MB)
	752176  -  ResidentSetSize of job (KB)
...
006 (7072827.202.000) 03/20 17:04:03 Image size of job updated: 752196
	735  -  MemoryUsage of job (MB)
	752196  -  ResidentSetSize of job (KB)
...
006 (7072827.202.000) 03/20 17:14:05 Image size of job updated: 757832
	741  -  MemoryUsage of job (MB)
	757832  -  ResidentSetSize of job (KB)
...
006 (7072827.202.000) 03/20 18:54:14 Image size of job updated: 763072
	746  -  MemoryUsage of job (MB)
	763072  -  ResidentSetSize of job (KB)
...
006 (7072827.202.000) 03/20 19:14:16 Image size of job updated: 763084
	746  -  MemoryUsage of job (MB)
	763084  -  ResidentSetSize of job (KB)
...
006 (7072827.202.000) 03/20 20:14:21 Image size of job updated: 763112
	746  -  MemoryUsage of job (MB)
	763112  -  ResidentSetSize of job (KB)
...
006 (7072827.202.000) 03/20 21:04:28 Image size of job updated: 767480
	750  -  MemoryUsage of job (MB)
	767480  -  ResidentSetSize of job (KB)
...
006 (7072827.202.000) 03/20 22:29:35 Image size of job updated: 767560
	750  -  MemoryUsage of job (MB)
	767560  -  ResidentSetSize of job (KB)
...
006 (7072827.202.000) 03/20 23:29:41 Image size of job updated: 767576
	750  -  MemoryUsage of job (MB)
	767576  -  ResidentSetSize of job (KB)
...
040 (7072827.202.000) 03/21 05:41:35 Started transferring output files
...
040 (7072827.202.000) 03/21 05:41:35 Finished transferring output files
...
005 (7072827.202.000) 03/21 05:41:35 Job terminated.
	(1) Normal termination (return value 0)
		Usr 0 19:27:48, Sys 0 00:01:11  -  Run Remote Usage
		Usr 0 00:00:00, Sys 0 00:00:00  -  Run Local Usage
		Usr 0 19:27:48, Sys 0 00:01:11  -  Total Remote Usage
		Usr 0 00:00:00, Sys 0 00:00:00  -  Total Local Usage
	12494  -  Run Bytes Sent By Job
	1380  -  Run Bytes Received By Job
	12494  -  Total Bytes Sent By Job
	1380  -  Total Bytes Received By Job
	Partitionable Resources :    Usage  Request Allocated 
	   Cpus                 :     0.99        1         1 
	   Disk (KB)            :    51           2      3603 
	   GPUs                 :                           0 
	   Memory (MB)          :   750        3000      3000 
	   TimeExecute (s)      : 71908                       
	   TimeSlotBusy (s)     : 71910                       

	Job terminated of its own accord at 2026-03-21T04:41:35Z with exit-code 0.
...
