000 (7072827.166.000) 03/20 09:40:27 Job submitted from host: <188.185.125.71:9618?addrs=188.185.125.71-9618+[2001-1458-d00-4a--100-15e]-9618&alias=bigbird28.cern.ch&noUDP&sock=schedd_2603_051c>
...
040 (7072827.166.000) 03/20 09:42:55 Started transferring input files
	Transferring to host: <188.185.193.82:9618?addrs=188.185.193.82-9618+[2001-1458-303-20--100-4e]-9618&alias=b9p19p0921.cern.ch&noUDP&sock=slot1_1_4488_f3b0_180700>
...
040 (7072827.166.000) 03/20 09:42:55 Finished transferring input files
...
001 (7072827.166.000) 03/20 09:42:56 Job executing on host: <188.185.193.82:9618?addrs=188.185.193.82-9618+[2001-1458-303-20--100-4e]-9618&alias=b9p19p0921.cern.ch&noUDP&sock=startd_3583_37ec>
	SlotName: slot1_1@b9p19p0921.cern.ch
	CondorScratchDir = "/pool/condor/dir_3412598"
	Cpus = 1
	Disk = 3846
	GPUs = 0
	Memory = 3000
...
006 (7072827.166.000) 03/20 09:43:10 Image size of job updated: 892
	1  -  MemoryUsage of job (MB)
	892  -  ResidentSetSize of job (KB)
...
006 (7072827.166.000) 03/20 09:53:11 Image size of job updated: 679280
	640  -  MemoryUsage of job (MB)
	655060  -  ResidentSetSize of job (KB)
...
006 (7072827.166.000) 03/20 09:58:11 Image size of job updated: 679280
	640  -  MemoryUsage of job (MB)
	655148  -  ResidentSetSize of job (KB)
...
006 (7072827.166.000) 03/20 10:03:12 Image size of job updated: 679280
	640  -  MemoryUsage of job (MB)
	655324  -  ResidentSetSize of job (KB)
...
006 (7072827.166.000) 03/20 10:08:13 Image size of job updated: 679280
	641  -  MemoryUsage of job (MB)
	655564  -  ResidentSetSize of job (KB)
...
006 (7072827.166.000) 03/20 10:13:13 Image size of job updated: 679280
	651  -  MemoryUsage of job (MB)
	666564  -  ResidentSetSize of job (KB)
...
006 (7072827.166.000) 03/20 10:28:15 Image size of job updated: 679280
	659  -  MemoryUsage of job (MB)
	673864  -  ResidentSetSize of job (KB)
...
006 (7072827.166.000) 03/20 10:43:17 Image size of job updated: 679280
	660  -  MemoryUsage of job (MB)
	675152  -  ResidentSetSize of job (KB)
...
006 (7072827.166.000) 03/20 13:08:32 Image size of job updated: 714684
	698  -  MemoryUsage of job (MB)
	714684  -  ResidentSetSize of job (KB)
...
006 (7072827.166.000) 03/20 13:13:33 Image size of job updated: 728640
	712  -  MemoryUsage of job (MB)
	728640  -  ResidentSetSize of job (KB)
...
006 (7072827.166.000) 03/20 13:18:34 Image size of job updated: 735180
	718  -  MemoryUsage of job (MB)
	735180  -  ResidentSetSize of job (KB)
...
006 (7072827.166.000) 03/20 13:23:34 Image size of job updated: 735212
	718  -  MemoryUsage of job (MB)
	735212  -  ResidentSetSize of job (KB)
...
006 (7072827.166.000) 03/20 13:48:38 Image size of job updated: 735216
	718  -  MemoryUsage of job (MB)
	735216  -  ResidentSetSize of job (KB)
...
006 (7072827.166.000) 03/20 15:08:47 Image size of job updated: 736724
	720  -  MemoryUsage of job (MB)
	736724  -  ResidentSetSize of job (KB)
...
006 (7072827.166.000) 03/20 17:04:00 Image size of job updated: 736736
	720  -  MemoryUsage of job (MB)
	736736  -  ResidentSetSize of job (KB)
...
006 (7072827.166.000) 03/20 19:49:19 Image size of job updated: 736744
	720  -  MemoryUsage of job (MB)
	736744  -  ResidentSetSize of job (KB)
...
006 (7072827.166.000) 03/20 20:04:21 Image size of job updated: 740148
	723  -  MemoryUsage of job (MB)
	740148  -  ResidentSetSize of job (KB)
...
006 (7072827.166.000) 03/20 20:14:23 Image size of job updated: 756016
	739  -  MemoryUsage of job (MB)
	756016  -  ResidentSetSize of job (KB)
...
006 (7072827.166.000) 03/20 20:19:23 Image size of job updated: 756552
	739  -  MemoryUsage of job (MB)
	756552  -  ResidentSetSize of job (KB)
...
006 (7072827.166.000) 03/20 20:24:24 Image size of job updated: 756576
	739  -  MemoryUsage of job (MB)
	756576  -  ResidentSetSize of job (KB)
...
006 (7072827.166.000) 03/20 22:49:38 Image size of job updated: 756584
	739  -  MemoryUsage of job (MB)
	756584  -  ResidentSetSize of job (KB)
...
006 (7072827.166.000) 03/21 02:14:57 Image size of job updated: 756588
	739  -  MemoryUsage of job (MB)
	756588  -  ResidentSetSize of job (KB)
...
006 (7072827.166.000) 03/21 02:35:00 Image size of job updated: 756604
	739  -  MemoryUsage of job (MB)
	756604  -  ResidentSetSize of job (KB)
...
006 (7072827.166.000) 03/21 02:40:00 Image size of job updated: 756636
	739  -  MemoryUsage of job (MB)
	756636  -  ResidentSetSize of job (KB)
...
006 (7072827.166.000) 03/21 03:15:02 Image size of job updated: 760416
	743  -  MemoryUsage of job (MB)
	760416  -  ResidentSetSize of job (KB)
...
006 (7072827.166.000) 03/21 04:25:09 Image size of job updated: 760420
	743  -  MemoryUsage of job (MB)
	760420  -  ResidentSetSize of job (KB)
...
006 (7072827.166.000) 03/21 04:35:10 Image size of job updated: 760432
	743  -  MemoryUsage of job (MB)
	760432  -  ResidentSetSize of job (KB)
...
006 (7072827.166.000) 03/21 05:00:14 Image size of job updated: 760440
	743  -  MemoryUsage of job (MB)
	760440  -  ResidentSetSize of job (KB)
...
006 (7072827.166.000) 03/21 08:15:33 Image size of job updated: 760444
	743  -  MemoryUsage of job (MB)
	760444  -  ResidentSetSize of job (KB)
...
006 (7072827.166.000) 03/21 09:15:38 Image size of job updated: 760472
	743  -  MemoryUsage of job (MB)
	760472  -  ResidentSetSize of job (KB)
...
006 (7072827.166.000) 03/21 11:40:51 Image size of job updated: 760480
	743  -  MemoryUsage of job (MB)
	760480  -  ResidentSetSize of job (KB)
...
006 (7072827.166.000) 03/21 12:10:54 Image size of job updated: 760496
	743  -  MemoryUsage of job (MB)
	760496  -  ResidentSetSize of job (KB)
...
006 (7072827.166.000) 03/21 12:50:59 Image size of job updated: 763664
	746  -  MemoryUsage of job (MB)
	763664  -  ResidentSetSize of job (KB)
...
006 (7072827.166.000) 03/21 13:01:00 Image size of job updated: 763676
	746  -  MemoryUsage of job (MB)
	763676  -  ResidentSetSize of job (KB)
...
006 (7072827.166.000) 03/21 14:06:07 Image size of job updated: 763696
	746  -  MemoryUsage of job (MB)
	763696  -  ResidentSetSize of job (KB)
...
006 (7072827.166.000) 03/21 15:11:14 Image size of job updated: 763716
	746  -  MemoryUsage of job (MB)
	763716  -  ResidentSetSize of job (KB)
...
006 (7072827.166.000) 03/21 17:06:23 Image size of job updated: 764336
	746  -  MemoryUsage of job (MB)
	763716  -  ResidentSetSize of job (KB)
...
040 (7072827.166.000) 03/21 20:49:05 Started transferring output files
...
040 (7072827.166.000) 03/21 20:49:05 Finished transferring output files
...
005 (7072827.166.000) 03/21 20:49:05 Job terminated.
	(1) Normal termination (return value 0)
		Usr 1 10:28:09, Sys 0 00:02:27  -  Run Remote Usage
		Usr 0 00:00:00, Sys 0 00:00:00  -  Run Local Usage
		Usr 1 10:28:09, Sys 0 00:02:27  -  Total Remote Usage
		Usr 0 00:00:00, Sys 0 00:00:00  -  Total Local Usage
	13059  -  Run Bytes Sent By Job
	1380  -  Run Bytes Received By Job
	13059  -  Total Bytes Sent By Job
	1380  -  Total Bytes Received By Job
	Partitionable Resources :     Usage  Request Allocated 
	   Cpus                 :      0.99        1         1 
	   Disk (KB)            :     48           2      3846 
	   GPUs                 :                            0 
	   Memory (MB)          :    746        3000      3000 
	   TimeExecute (s)      : 126369                       
	   TimeSlotBusy (s)     : 126371                       

	Job terminated of its own accord at 2026-03-21T19:49:05Z with exit-code 0.
...
