000 (7072827.096.000) 03/20 09:40:27 Job submitted from host: <188.185.125.71:9618?addrs=188.185.125.71-9618+[2001-1458-d00-4a--100-15e]-9618&alias=bigbird28.cern.ch&noUDP&sock=schedd_2603_051c>
...
040 (7072827.096.000) 03/20 09:42:33 Started transferring input files
	Transferring to host: <188.185.208.160:9618?addrs=188.185.208.160-9618+[2001-1458-303-10--100-1d]-9618&alias=b9p10p7215.cern.ch&noUDP&sock=slot1_32_5255_5f6f_170509>
...
040 (7072827.096.000) 03/20 09:42:33 Finished transferring input files
...
001 (7072827.096.000) 03/20 09:42:34 Job executing on host: <188.185.208.160:9618?addrs=188.185.208.160-9618+[2001-1458-303-10--100-1d]-9618&alias=b9p10p7215.cern.ch&noUDP&sock=startd_4444_caf7>
	SlotName: slot1_32@b9p10p7215.cern.ch
	CondorScratchDir = "/pool/condor/dir_1244378"
	Cpus = 1
	Disk = 3568
	GPUs = 0
	Memory = 3000
...
006 (7072827.096.000) 03/20 09:42:48 Image size of job updated: 880
	1  -  MemoryUsage of job (MB)
	880  -  ResidentSetSize of job (KB)
...
006 (7072827.096.000) 03/20 11:17:57 Image size of job updated: 679960
	642  -  MemoryUsage of job (MB)
	656872  -  ResidentSetSize of job (KB)
...
006 (7072827.096.000) 03/20 11:22:58 Image size of job updated: 679960
	644  -  MemoryUsage of job (MB)
	659008  -  ResidentSetSize of job (KB)
...
006 (7072827.096.000) 03/20 11:27:58 Image size of job updated: 679960
	644  -  MemoryUsage of job (MB)
	659020  -  ResidentSetSize of job (KB)
...
006 (7072827.096.000) 03/20 11:37:59 Image size of job updated: 679960
	645  -  MemoryUsage of job (MB)
	659484  -  ResidentSetSize of job (KB)
...
006 (7072827.096.000) 03/20 11:48:01 Image size of job updated: 679960
	647  -  MemoryUsage of job (MB)
	661728  -  ResidentSetSize of job (KB)
...
006 (7072827.096.000) 03/20 11:53:01 Image size of job updated: 679960
	653  -  MemoryUsage of job (MB)
	668296  -  ResidentSetSize of job (KB)
...
006 (7072827.096.000) 03/20 12:03:02 Image size of job updated: 679960
	653  -  MemoryUsage of job (MB)
	668300  -  ResidentSetSize of job (KB)
...
006 (7072827.096.000) 03/20 12:08:02 Image size of job updated: 714924
	699  -  MemoryUsage of job (MB)
	714924  -  ResidentSetSize of job (KB)
...
006 (7072827.096.000) 03/20 12:13:03 Image size of job updated: 714928
	699  -  MemoryUsage of job (MB)
	714928  -  ResidentSetSize of job (KB)
...
006 (7072827.096.000) 03/20 12:18:03 Image size of job updated: 716524
	700  -  MemoryUsage of job (MB)
	716524  -  ResidentSetSize of job (KB)
...
006 (7072827.096.000) 03/20 12:43:05 Image size of job updated: 717512
	701  -  MemoryUsage of job (MB)
	717512  -  ResidentSetSize of job (KB)
...
006 (7072827.096.000) 03/20 12:48:06 Image size of job updated: 720748
	704  -  MemoryUsage of job (MB)
	720748  -  ResidentSetSize of job (KB)
...
006 (7072827.096.000) 03/20 13:08:08 Image size of job updated: 723416
	707  -  MemoryUsage of job (MB)
	723416  -  ResidentSetSize of job (KB)
...
006 (7072827.096.000) 03/20 13:18:09 Image size of job updated: 731084
	714  -  MemoryUsage of job (MB)
	731084  -  ResidentSetSize of job (KB)
...
006 (7072827.096.000) 03/20 13:48:11 Image size of job updated: 731148
	715  -  MemoryUsage of job (MB)
	731148  -  ResidentSetSize of job (KB)
...
006 (7072827.096.000) 03/20 14:18:14 Image size of job updated: 741148
	724  -  MemoryUsage of job (MB)
	741148  -  ResidentSetSize of job (KB)
...
006 (7072827.096.000) 03/20 23:39:11 Image size of job updated: 741164
	724  -  MemoryUsage of job (MB)
	741164  -  ResidentSetSize of job (KB)
...
006 (7072827.096.000) 03/20 23:54:13 Image size of job updated: 741376
	724  -  MemoryUsage of job (MB)
	741376  -  ResidentSetSize of job (KB)
...
006 (7072827.096.000) 03/21 00:04:14 Image size of job updated: 741408
	725  -  MemoryUsage of job (MB)
	741408  -  ResidentSetSize of job (KB)
...
006 (7072827.096.000) 03/21 00:49:18 Image size of job updated: 741440
	725  -  MemoryUsage of job (MB)
	741440  -  ResidentSetSize of job (KB)
...
006 (7072827.096.000) 03/21 01:14:21 Image size of job updated: 741480
	725  -  MemoryUsage of job (MB)
	741480  -  ResidentSetSize of job (KB)
...
006 (7072827.096.000) 03/21 01:54:24 Image size of job updated: 741492
	725  -  MemoryUsage of job (MB)
	741492  -  ResidentSetSize of job (KB)
...
006 (7072827.096.000) 03/21 02:39:30 Image size of job updated: 749356
	725  -  MemoryUsage of job (MB)
	741492  -  ResidentSetSize of job (KB)
...
006 (7072827.096.000) 03/21 02:44:30 Image size of job updated: 749356
	728  -  MemoryUsage of job (MB)
	745356  -  ResidentSetSize of job (KB)
...
006 (7072827.096.000) 03/21 02:54:31 Image size of job updated: 749356
	729  -  MemoryUsage of job (MB)
	745488  -  ResidentSetSize of job (KB)
...
006 (7072827.096.000) 03/21 03:14:34 Image size of job updated: 749356
	729  -  MemoryUsage of job (MB)
	745528  -  ResidentSetSize of job (KB)
...
006 (7072827.096.000) 03/21 05:39:48 Image size of job updated: 752964
	736  -  MemoryUsage of job (MB)
	752964  -  ResidentSetSize of job (KB)
...
040 (7072827.096.000) 03/21 07:34:09 Started transferring output files
...
040 (7072827.096.000) 03/21 07:34:09 Finished transferring output files
...
005 (7072827.096.000) 03/21 07:34:09 Job terminated.
	(1) Normal termination (return value 0)
		Usr 0 19:23:42, Sys 0 00:02:57  -  Run Remote Usage
		Usr 0 00:00:00, Sys 0 00:00:00  -  Run Local Usage
		Usr 0 19:23:42, Sys 0 00:02:57  -  Total Remote Usage
		Usr 0 00:00:00, Sys 0 00:00:00  -  Total Local Usage
	12895  -  Run Bytes Sent By Job
	1380  -  Run Bytes Received By Job
	12895  -  Total Bytes Sent By Job
	1380  -  Total Bytes Received By Job
	Partitionable Resources :    Usage  Request Allocated 
	   Cpus                 :     0.95        1         1 
	   Disk (KB)            :    52           2      3568 
	   GPUs                 :                           0 
	   Memory (MB)          :   736        3000      3000 
	   TimeExecute (s)      : 78695                       
	   TimeSlotBusy (s)     : 78697                       

	Job terminated of its own accord at 2026-03-21T06:34:09Z with exit-code 0.
...
