000 (7072827.286.000) 03/20 09:40:28 Job submitted from host: <188.185.125.71:9618?addrs=188.185.125.71-9618+[2001-1458-d00-4a--100-15e]-9618&alias=bigbird28.cern.ch&noUDP&sock=schedd_2603_051c>
...
040 (7072827.286.000) 03/20 09:43:33 Started transferring input files
	Transferring to host: <128.142.132.164:9618?addrs=128.142.132.164-9618+[2001-1458-301-5a--100-98]-9618&alias=b9g12p4179.cern.ch&noUDP&sock=slot1_6_1454264_4bfa_103304>
...
040 (7072827.286.000) 03/20 09:43:33 Finished transferring input files
...
001 (7072827.286.000) 03/20 09:43:34 Job executing on host: <128.142.132.164:9618?addrs=128.142.132.164-9618+[2001-1458-301-5a--100-98]-9618&alias=b9g12p4179.cern.ch&noUDP&sock=startd_1453968_b0cb>
	SlotName: slot1_6@b9g12p4179.cern.ch
	CondorScratchDir = "/pool/condor/dir_2663788"
	Cpus = 1
	Disk = 2659
	GPUs = 0
	Memory = 3000
...
006 (7072827.286.000) 03/20 09:43:47 Image size of job updated: 880
	1  -  MemoryUsage of job (MB)
	880  -  ResidentSetSize of job (KB)
...
006 (7072827.286.000) 03/20 11:13:55 Image size of job updated: 653912
	639  -  MemoryUsage of job (MB)
	653912  -  ResidentSetSize of job (KB)
...
006 (7072827.286.000) 03/20 11:18:56 Image size of job updated: 655552
	641  -  MemoryUsage of job (MB)
	655552  -  ResidentSetSize of job (KB)
...
006 (7072827.286.000) 03/20 11:23:56 Image size of job updated: 666940
	652  -  MemoryUsage of job (MB)
	666940  -  ResidentSetSize of job (KB)
...
006 (7072827.286.000) 03/20 11:28:57 Image size of job updated: 674052
	659  -  MemoryUsage of job (MB)
	674052  -  ResidentSetSize of job (KB)
...
006 (7072827.286.000) 03/20 12:59:06 Image size of job updated: 674376
	659  -  MemoryUsage of job (MB)
	674376  -  ResidentSetSize of job (KB)
...
006 (7072827.286.000) 03/20 13:09:07 Image size of job updated: 721460
	705  -  MemoryUsage of job (MB)
	721460  -  ResidentSetSize of job (KB)
...
006 (7072827.286.000) 03/20 13:29:09 Image size of job updated: 723336
	707  -  MemoryUsage of job (MB)
	723336  -  ResidentSetSize of job (KB)
...
006 (7072827.286.000) 03/20 13:39:10 Image size of job updated: 724704
	708  -  MemoryUsage of job (MB)
	724704  -  ResidentSetSize of job (KB)
...
006 (7072827.286.000) 03/20 13:44:11 Image size of job updated: 727508
	711  -  MemoryUsage of job (MB)
	727508  -  ResidentSetSize of job (KB)
...
006 (7072827.286.000) 03/20 15:04:18 Image size of job updated: 727548
	711  -  MemoryUsage of job (MB)
	727548  -  ResidentSetSize of job (KB)
...
006 (7072827.286.000) 03/20 15:19:19 Image size of job updated: 728312
	712  -  MemoryUsage of job (MB)
	728312  -  ResidentSetSize of job (KB)
...
006 (7072827.286.000) 03/20 15:24:19 Image size of job updated: 729532
	713  -  MemoryUsage of job (MB)
	729532  -  ResidentSetSize of job (KB)
...
006 (7072827.286.000) 03/20 15:29:19 Image size of job updated: 748572
	732  -  MemoryUsage of job (MB)
	748572  -  ResidentSetSize of job (KB)
...
006 (7072827.286.000) 03/20 15:44:21 Image size of job updated: 748700
	732  -  MemoryUsage of job (MB)
	748700  -  ResidentSetSize of job (KB)
...
006 (7072827.286.000) 03/20 15:54:23 Image size of job updated: 753788
	737  -  MemoryUsage of job (MB)
	753788  -  ResidentSetSize of job (KB)
...
006 (7072827.286.000) 03/20 15:59:23 Image size of job updated: 753852
	737  -  MemoryUsage of job (MB)
	753852  -  ResidentSetSize of job (KB)
...
006 (7072827.286.000) 03/20 16:04:24 Image size of job updated: 753856
	737  -  MemoryUsage of job (MB)
	753856  -  ResidentSetSize of job (KB)
...
006 (7072827.286.000) 03/20 16:54:29 Image size of job updated: 753900
	737  -  MemoryUsage of job (MB)
	753900  -  ResidentSetSize of job (KB)
...
006 (7072827.286.000) 03/20 17:14:32 Image size of job updated: 753904
	737  -  MemoryUsage of job (MB)
	753904  -  ResidentSetSize of job (KB)
...
006 (7072827.286.000) 03/20 17:39:33 Image size of job updated: 760448
	743  -  MemoryUsage of job (MB)
	760448  -  ResidentSetSize of job (KB)
...
006 (7072827.286.000) 03/20 17:49:35 Image size of job updated: 760484
	743  -  MemoryUsage of job (MB)
	760484  -  ResidentSetSize of job (KB)
...
006 (7072827.286.000) 03/20 17:54:35 Image size of job updated: 769324
	743  -  MemoryUsage of job (MB)
	760484  -  ResidentSetSize of job (KB)
...
006 (7072827.286.000) 03/20 17:59:36 Image size of job updated: 769324
	748  -  MemoryUsage of job (MB)
	765160  -  ResidentSetSize of job (KB)
...
006 (7072827.286.000) 03/20 18:09:37 Image size of job updated: 769324
	748  -  MemoryUsage of job (MB)
	765280  -  ResidentSetSize of job (KB)
...
006 (7072827.286.000) 03/20 19:39:46 Image size of job updated: 769324
	748  -  MemoryUsage of job (MB)
	765304  -  ResidentSetSize of job (KB)
...
006 (7072827.286.000) 03/20 20:14:50 Image size of job updated: 769324
	748  -  MemoryUsage of job (MB)
	765356  -  ResidentSetSize of job (KB)
...
006 (7072827.286.000) 03/20 21:54:59 Image size of job updated: 769324
	748  -  MemoryUsage of job (MB)
	765384  -  ResidentSetSize of job (KB)
...
006 (7072827.286.000) 03/21 02:00:21 Image size of job updated: 769324
	748  -  MemoryUsage of job (MB)
	765948  -  ResidentSetSize of job (KB)
...
006 (7072827.286.000) 03/21 02:05:21 Image size of job updated: 769324
	750  -  MemoryUsage of job (MB)
	767448  -  ResidentSetSize of job (KB)
...
006 (7072827.286.000) 03/21 02:50:27 Image size of job updated: 769324
	750  -  MemoryUsage of job (MB)
	767508  -  ResidentSetSize of job (KB)
...
006 (7072827.286.000) 03/21 03:30:31 Image size of job updated: 769324
	750  -  MemoryUsage of job (MB)
	767612  -  ResidentSetSize of job (KB)
...
006 (7072827.286.000) 03/21 05:50:44 Image size of job updated: 769324
	750  -  MemoryUsage of job (MB)
	767648  -  ResidentSetSize of job (KB)
...
006 (7072827.286.000) 03/21 17:36:53 Image size of job updated: 769324
	750  -  MemoryUsage of job (MB)
	767660  -  ResidentSetSize of job (KB)
...
006 (7072827.286.000) 03/21 20:52:11 Image size of job updated: 769324
	750  -  MemoryUsage of job (MB)
	767684  -  ResidentSetSize of job (KB)
...
006 (7072827.286.000) 03/21 21:07:13 Image size of job updated: 769324
	750  -  MemoryUsage of job (MB)
	767768  -  ResidentSetSize of job (KB)
...
006 (7072827.286.000) 03/21 21:57:19 Image size of job updated: 769324
	750  -  MemoryUsage of job (MB)
	767820  -  ResidentSetSize of job (KB)
...
006 (7072827.286.000) 03/21 22:22:22 Image size of job updated: 769324
	750  -  MemoryUsage of job (MB)
	767860  -  ResidentSetSize of job (KB)
...
006 (7072827.286.000) 03/22 01:57:43 Image size of job updated: 769324
	751  -  MemoryUsage of job (MB)
	768164  -  ResidentSetSize of job (KB)
...
006 (7072827.286.000) 03/22 02:02:44 Image size of job updated: 769324
	751  -  MemoryUsage of job (MB)
	768188  -  ResidentSetSize of job (KB)
...
006 (7072827.286.000) 03/22 02:22:46 Image size of job updated: 769324
	751  -  MemoryUsage of job (MB)
	768312  -  ResidentSetSize of job (KB)
...
006 (7072827.286.000) 03/22 02:47:48 Image size of job updated: 769324
	751  -  MemoryUsage of job (MB)
	768320  -  ResidentSetSize of job (KB)
...
040 (7072827.286.000) 03/22 03:06:07 Started transferring output files
...
040 (7072827.286.000) 03/22 03:06:07 Finished transferring output files
...
005 (7072827.286.000) 03/22 03:06:07 Job terminated.
	(1) Normal termination (return value 0)
		Usr 1 15:17:45, Sys 0 00:03:26  -  Run Remote Usage
		Usr 0 00:00:00, Sys 0 00:00:00  -  Run Local Usage
		Usr 1 15:17:45, Sys 0 00:03:26  -  Total Remote Usage
		Usr 0 00:00:00, Sys 0 00:00:00  -  Total Local Usage
	12370  -  Run Bytes Sent By Job
	1380  -  Run Bytes Received By Job
	12370  -  Total Bytes Sent By Job
	1380  -  Total Bytes Received By Job
	Partitionable Resources :     Usage  Request Allocated 
	   Cpus                 :      0.99        1         1 
	   Disk (KB)            :     48           2      2659 
	   GPUs                 :                            0 
	   Memory (MB)          :    751        3000      3000 
	   TimeExecute (s)      : 148953                       
	   TimeSlotBusy (s)     : 148955                       

	Job terminated of its own accord at 2026-03-22T02:06:07Z with exit-code 0.
...
