000 (7072827.121.000) 03/20 09:40:27 Job submitted from host: <188.185.125.71:9618?addrs=188.185.125.71-9618+[2001-1458-d00-4a--100-15e]-9618&alias=bigbird28.cern.ch&noUDP&sock=schedd_2603_051c>
...
040 (7072827.121.000) 03/20 09:42:41 Started transferring input files
	Transferring to host: <188.185.205.215:9618?addrs=188.185.205.215-9618+[2001-1458-303-a--100-54]-9618&alias=b9p04p3131.cern.ch&noUDP&sock=slot1_10_578241_d833_7400>
...
040 (7072827.121.000) 03/20 09:42:41 Finished transferring input files
...
001 (7072827.121.000) 03/20 09:42:42 Job executing on host: <188.185.205.215:9618?addrs=188.185.205.215-9618+[2001-1458-303-a--100-54]-9618&alias=b9p04p3131.cern.ch&noUDP&sock=startd_578177_e8e7>
	SlotName: slot1_10@b9p04p3131.cern.ch
	CondorScratchDir = "/pool/condor/dir_3104186"
	Cpus = 1
	Disk = 3502
	GPUs = 0
	Memory = 3000
...
006 (7072827.121.000) 03/20 09:42:56 Image size of job updated: 876
	1  -  MemoryUsage of job (MB)
	876  -  ResidentSetSize of job (KB)
...
006 (7072827.121.000) 03/20 10:58:02 Image size of job updated: 663880
	631  -  MemoryUsage of job (MB)
	645532  -  ResidentSetSize of job (KB)
...
006 (7072827.121.000) 03/20 11:03:03 Image size of job updated: 663880
	633  -  MemoryUsage of job (MB)
	647952  -  ResidentSetSize of job (KB)
...
006 (7072827.121.000) 03/20 11:08:03 Image size of job updated: 690952
	675  -  MemoryUsage of job (MB)
	690952  -  ResidentSetSize of job (KB)
...
006 (7072827.121.000) 03/20 11:13:04 Image size of job updated: 693244
	677  -  MemoryUsage of job (MB)
	693244  -  ResidentSetSize of job (KB)
...
006 (7072827.121.000) 03/20 11:18:05 Image size of job updated: 698096
	682  -  MemoryUsage of job (MB)
	698096  -  ResidentSetSize of job (KB)
...
006 (7072827.121.000) 03/20 11:38:07 Image size of job updated: 698144
	682  -  MemoryUsage of job (MB)
	698144  -  ResidentSetSize of job (KB)
...
006 (7072827.121.000) 03/20 11:43:08 Image size of job updated: 710264
	694  -  MemoryUsage of job (MB)
	710264  -  ResidentSetSize of job (KB)
...
006 (7072827.121.000) 03/20 12:03:09 Image size of job updated: 710300
	694  -  MemoryUsage of job (MB)
	710300  -  ResidentSetSize of job (KB)
...
006 (7072827.121.000) 03/20 12:18:10 Image size of job updated: 712132
	696  -  MemoryUsage of job (MB)
	712132  -  ResidentSetSize of job (KB)
...
006 (7072827.121.000) 03/20 12:23:10 Image size of job updated: 712952
	697  -  MemoryUsage of job (MB)
	712952  -  ResidentSetSize of job (KB)
...
006 (7072827.121.000) 03/20 12:28:11 Image size of job updated: 713184
	697  -  MemoryUsage of job (MB)
	713184  -  ResidentSetSize of job (KB)
...
006 (7072827.121.000) 03/20 13:18:16 Image size of job updated: 713224
	697  -  MemoryUsage of job (MB)
	713224  -  ResidentSetSize of job (KB)
...
006 (7072827.121.000) 03/20 13:48:19 Image size of job updated: 713228
	697  -  MemoryUsage of job (MB)
	713228  -  ResidentSetSize of job (KB)
...
006 (7072827.121.000) 03/20 14:08:21 Image size of job updated: 729748
	706  -  MemoryUsage of job (MB)
	721948  -  ResidentSetSize of job (KB)
...
006 (7072827.121.000) 03/20 14:13:21 Image size of job updated: 729748
	712  -  MemoryUsage of job (MB)
	728468  -  ResidentSetSize of job (KB)
...
006 (7072827.121.000) 03/20 14:18:22 Image size of job updated: 729748
	712  -  MemoryUsage of job (MB)
	728596  -  ResidentSetSize of job (KB)
...
006 (7072827.121.000) 03/20 14:23:22 Image size of job updated: 729748
	712  -  MemoryUsage of job (MB)
	728684  -  ResidentSetSize of job (KB)
...
006 (7072827.121.000) 03/20 15:28:29 Image size of job updated: 729748
	712  -  MemoryUsage of job (MB)
	728696  -  ResidentSetSize of job (KB)
...
006 (7072827.121.000) 03/20 15:38:29 Image size of job updated: 729748
	712  -  MemoryUsage of job (MB)
	728756  -  ResidentSetSize of job (KB)
...
006 (7072827.121.000) 03/20 16:28:33 Image size of job updated: 729748
	712  -  MemoryUsage of job (MB)
	728780  -  ResidentSetSize of job (KB)
...
006 (7072827.121.000) 03/20 16:48:34 Image size of job updated: 729748
	713  -  MemoryUsage of job (MB)
	729540  -  ResidentSetSize of job (KB)
...
006 (7072827.121.000) 03/20 16:53:34 Image size of job updated: 741708
	725  -  MemoryUsage of job (MB)
	741708  -  ResidentSetSize of job (KB)
...
006 (7072827.121.000) 03/20 16:58:35 Image size of job updated: 741908
	725  -  MemoryUsage of job (MB)
	741908  -  ResidentSetSize of job (KB)
...
006 (7072827.121.000) 03/20 17:13:37 Image size of job updated: 741960
	725  -  MemoryUsage of job (MB)
	741960  -  ResidentSetSize of job (KB)
...
006 (7072827.121.000) 03/20 18:23:43 Image size of job updated: 741984
	725  -  MemoryUsage of job (MB)
	741984  -  ResidentSetSize of job (KB)
...
006 (7072827.121.000) 03/20 18:28:44 Image size of job updated: 742004
	725  -  MemoryUsage of job (MB)
	742004  -  ResidentSetSize of job (KB)
...
006 (7072827.121.000) 03/20 18:43:46 Image size of job updated: 742056
	725  -  MemoryUsage of job (MB)
	742056  -  ResidentSetSize of job (KB)
...
006 (7072827.121.000) 03/20 19:03:48 Image size of job updated: 742100
	725  -  MemoryUsage of job (MB)
	742100  -  ResidentSetSize of job (KB)
...
006 (7072827.121.000) 03/20 19:23:50 Image size of job updated: 742132
	725  -  MemoryUsage of job (MB)
	742132  -  ResidentSetSize of job (KB)
...
006 (7072827.121.000) 03/20 20:53:59 Image size of job updated: 742168
	725  -  MemoryUsage of job (MB)
	742168  -  ResidentSetSize of job (KB)
...
006 (7072827.121.000) 03/20 20:59:00 Image size of job updated: 742232
	725  -  MemoryUsage of job (MB)
	742232  -  ResidentSetSize of job (KB)
...
006 (7072827.121.000) 03/20 21:09:00 Image size of job updated: 742296
	725  -  MemoryUsage of job (MB)
	742296  -  ResidentSetSize of job (KB)
...
006 (7072827.121.000) 03/20 21:49:05 Image size of job updated: 742320
	725  -  MemoryUsage of job (MB)
	742320  -  ResidentSetSize of job (KB)
...
006 (7072827.121.000) 03/20 22:04:07 Image size of job updated: 742360
	725  -  MemoryUsage of job (MB)
	742360  -  ResidentSetSize of job (KB)
...
006 (7072827.121.000) 03/21 00:49:25 Image size of job updated: 742548
	726  -  MemoryUsage of job (MB)
	742548  -  ResidentSetSize of job (KB)
...
006 (7072827.121.000) 03/21 00:54:25 Image size of job updated: 742784
	726  -  MemoryUsage of job (MB)
	742784  -  ResidentSetSize of job (KB)
...
006 (7072827.121.000) 03/21 01:04:26 Image size of job updated: 742796
	726  -  MemoryUsage of job (MB)
	742796  -  ResidentSetSize of job (KB)
...
006 (7072827.121.000) 03/21 01:39:29 Image size of job updated: 742804
	726  -  MemoryUsage of job (MB)
	742804  -  ResidentSetSize of job (KB)
...
006 (7072827.121.000) 03/21 01:49:30 Image size of job updated: 745284
	728  -  MemoryUsage of job (MB)
	745284  -  ResidentSetSize of job (KB)
...
006 (7072827.121.000) 03/21 01:59:31 Image size of job updated: 745384
	728  -  MemoryUsage of job (MB)
	745384  -  ResidentSetSize of job (KB)
...
006 (7072827.121.000) 03/21 02:14:32 Image size of job updated: 745416
	728  -  MemoryUsage of job (MB)
	745416  -  ResidentSetSize of job (KB)
...
006 (7072827.121.000) 03/21 03:04:38 Image size of job updated: 745520
	729  -  MemoryUsage of job (MB)
	745520  -  ResidentSetSize of job (KB)
...
006 (7072827.121.000) 03/21 03:29:39 Image size of job updated: 745584
	729  -  MemoryUsage of job (MB)
	745584  -  ResidentSetSize of job (KB)
...
006 (7072827.121.000) 03/21 03:49:41 Image size of job updated: 745616
	729  -  MemoryUsage of job (MB)
	745616  -  ResidentSetSize of job (KB)
...
006 (7072827.121.000) 03/21 04:09:43 Image size of job updated: 745668
	729  -  MemoryUsage of job (MB)
	745668  -  ResidentSetSize of job (KB)
...
006 (7072827.121.000) 03/21 04:14:44 Image size of job updated: 745696
	729  -  MemoryUsage of job (MB)
	745696  -  ResidentSetSize of job (KB)
...
006 (7072827.121.000) 03/21 04:34:46 Image size of job updated: 745728
	729  -  MemoryUsage of job (MB)
	745728  -  ResidentSetSize of job (KB)
...
006 (7072827.121.000) 03/21 04:39:46 Image size of job updated: 745752
	729  -  MemoryUsage of job (MB)
	745752  -  ResidentSetSize of job (KB)
...
006 (7072827.121.000) 03/21 04:44:47 Image size of job updated: 745776
	729  -  MemoryUsage of job (MB)
	745776  -  ResidentSetSize of job (KB)
...
006 (7072827.121.000) 03/21 05:44:51 Image size of job updated: 745824
	729  -  MemoryUsage of job (MB)
	745824  -  ResidentSetSize of job (KB)
...
006 (7072827.121.000) 03/21 05:49:51 Image size of job updated: 745892
	729  -  MemoryUsage of job (MB)
	745892  -  ResidentSetSize of job (KB)
...
040 (7072827.121.000) 03/21 06:20:01 Started transferring output files
...
040 (7072827.121.000) 03/21 06:20:01 Finished transferring output files
...
005 (7072827.121.000) 03/21 06:20:01 Job terminated.
	(1) Normal termination (return value 0)
		Usr 0 19:13:01, Sys 0 00:01:05  -  Run Remote Usage
		Usr 0 00:00:00, Sys 0 00:00:00  -  Run Local Usage
		Usr 0 19:13:01, Sys 0 00:01:05  -  Total Remote Usage
		Usr 0 00:00:00, Sys 0 00:00:00  -  Total Local Usage
	13172  -  Run Bytes Sent By Job
	1380  -  Run Bytes Received By Job
	13172  -  Total Bytes Sent By Job
	1380  -  Total Bytes Received By Job
	Partitionable Resources :    Usage  Request Allocated 
	   Cpus                 :     0.99        1         1 
	   Disk (KB)            :    52           2      3502 
	   GPUs                 :                           0 
	   Memory (MB)          :   729        3000      3000 
	   TimeExecute (s)      : 74239                       
	   TimeSlotBusy (s)     : 74241                       

	Job terminated of its own accord at 2026-03-21T05:20:01Z with exit-code 0.
...
