000 (7072827.548.000) 03/20 09:40:28 Job submitted from host: <188.185.125.71:9618?addrs=188.185.125.71-9618+[2001-1458-d00-4a--100-15e]-9618&alias=bigbird28.cern.ch&noUDP&sock=schedd_2603_051c>
...
040 (7072827.548.000) 03/20 09:45:03 Started transferring input files
	Transferring to host: <188.185.193.68:9618?addrs=188.185.193.68-9618+[2001-1458-303-20--100-40]-9618&alias=b9p19p5659.cern.ch&noUDP&sock=slot1_46_7970_55fd_181119>
...
040 (7072827.548.000) 03/20 09:45:03 Finished transferring input files
...
001 (7072827.548.000) 03/20 09:45:04 Job executing on host: <188.185.193.68:9618?addrs=188.185.193.68-9618+[2001-1458-303-20--100-40]-9618&alias=b9p19p5659.cern.ch&noUDP&sock=startd_6872_32ea>
	SlotName: slot1_46@b9p19p5659.cern.ch
	CondorScratchDir = "/pool/condor/dir_865964"
	Cpus = 1
	Disk = 3829
	GPUs = 0
	Memory = 3000
...
006 (7072827.548.000) 03/20 09:45:18 Image size of job updated: 880
	1  -  MemoryUsage of job (MB)
	880  -  ResidentSetSize of job (KB)
...
006 (7072827.548.000) 03/20 11:10:27 Image size of job updated: 473648
	463  -  MemoryUsage of job (MB)
	473648  -  ResidentSetSize of job (KB)
...
006 (7072827.548.000) 03/20 11:15:28 Image size of job updated: 511556
	500  -  MemoryUsage of job (MB)
	511556  -  ResidentSetSize of job (KB)
...
006 (7072827.548.000) 03/20 11:20:28 Image size of job updated: 517996
	506  -  MemoryUsage of job (MB)
	517996  -  ResidentSetSize of job (KB)
...
006 (7072827.548.000) 03/20 11:25:28 Image size of job updated: 521476
	510  -  MemoryUsage of job (MB)
	521476  -  ResidentSetSize of job (KB)
...
006 (7072827.548.000) 03/20 11:30:29 Image size of job updated: 521496
	510  -  MemoryUsage of job (MB)
	521496  -  ResidentSetSize of job (KB)
...
006 (7072827.548.000) 03/20 11:35:29 Image size of job updated: 523424
	512  -  MemoryUsage of job (MB)
	523424  -  ResidentSetSize of job (KB)
...
006 (7072827.548.000) 03/20 11:40:29 Image size of job updated: 526196
	514  -  MemoryUsage of job (MB)
	526196  -  ResidentSetSize of job (KB)
...
006 (7072827.548.000) 03/20 11:45:30 Image size of job updated: 526232
	514  -  MemoryUsage of job (MB)
	526232  -  ResidentSetSize of job (KB)
...
006 (7072827.548.000) 03/20 11:55:30 Image size of job updated: 526260
	514  -  MemoryUsage of job (MB)
	526260  -  ResidentSetSize of job (KB)
...
006 (7072827.548.000) 03/20 12:45:36 Image size of job updated: 562476
	550  -  MemoryUsage of job (MB)
	562476  -  ResidentSetSize of job (KB)
...
006 (7072827.548.000) 03/20 12:50:37 Image size of job updated: 567960
	555  -  MemoryUsage of job (MB)
	567960  -  ResidentSetSize of job (KB)
...
006 (7072827.548.000) 03/20 13:05:38 Image size of job updated: 572176
	559  -  MemoryUsage of job (MB)
	572176  -  ResidentSetSize of job (KB)
...
006 (7072827.548.000) 03/20 13:40:40 Image size of job updated: 576536
	564  -  MemoryUsage of job (MB)
	576536  -  ResidentSetSize of job (KB)
...
006 (7072827.548.000) 03/20 14:40:47 Image size of job updated: 576544
	564  -  MemoryUsage of job (MB)
	576544  -  ResidentSetSize of job (KB)
...
006 (7072827.548.000) 03/20 15:25:51 Image size of job updated: 576560
	564  -  MemoryUsage of job (MB)
	576560  -  ResidentSetSize of job (KB)
...
006 (7072827.548.000) 03/20 15:35:52 Image size of job updated: 593480
	580  -  MemoryUsage of job (MB)
	593480  -  ResidentSetSize of job (KB)
...
006 (7072827.548.000) 03/20 15:50:53 Image size of job updated: 597872
	584  -  MemoryUsage of job (MB)
	597872  -  ResidentSetSize of job (KB)
...
006 (7072827.548.000) 03/20 16:10:54 Image size of job updated: 742508
	726  -  MemoryUsage of job (MB)
	742508  -  ResidentSetSize of job (KB)
...
006 (7072827.548.000) 03/20 16:15:55 Image size of job updated: 757080
	740  -  MemoryUsage of job (MB)
	757080  -  ResidentSetSize of job (KB)
...
006 (7072827.548.000) 03/20 17:51:04 Image size of job updated: 766244
	749  -  MemoryUsage of job (MB)
	766244  -  ResidentSetSize of job (KB)
...
006 (7072827.548.000) 03/20 20:31:23 Image size of job updated: 772740
	755  -  MemoryUsage of job (MB)
	772740  -  ResidentSetSize of job (KB)
...
006 (7072827.548.000) 03/20 20:36:24 Image size of job updated: 774228
	757  -  MemoryUsage of job (MB)
	774228  -  ResidentSetSize of job (KB)
...
006 (7072827.548.000) 03/20 21:16:26 Image size of job updated: 774292
	757  -  MemoryUsage of job (MB)
	774292  -  ResidentSetSize of job (KB)
...
006 (7072827.548.000) 03/20 22:01:32 Image size of job updated: 774316
	757  -  MemoryUsage of job (MB)
	774316  -  ResidentSetSize of job (KB)
...
006 (7072827.548.000) 03/21 00:11:44 Image size of job updated: 780544
	763  -  MemoryUsage of job (MB)
	780544  -  ResidentSetSize of job (KB)
...
006 (7072827.548.000) 03/21 08:52:29 Image size of job updated: 780608
	763  -  MemoryUsage of job (MB)
	780544  -  ResidentSetSize of job (KB)
...
040 (7072827.548.000) 03/21 19:01:53 Started transferring output files
...
040 (7072827.548.000) 03/21 19:01:53 Finished transferring output files
...
005 (7072827.548.000) 03/21 19:01:53 Job terminated.
	(1) Normal termination (return value 0)
		Usr 1 07:37:18, Sys 0 00:01:08  -  Run Remote Usage
		Usr 0 00:00:00, Sys 0 00:00:00  -  Run Local Usage
		Usr 1 07:37:18, Sys 0 00:01:08  -  Total Remote Usage
		Usr 0 00:00:00, Sys 0 00:00:00  -  Total Local Usage
	12545  -  Run Bytes Sent By Job
	1380  -  Run Bytes Received By Job
	12545  -  Total Bytes Sent By Job
	1380  -  Total Bytes Received By Job
	Partitionable Resources :     Usage  Request Allocated 
	   Cpus                 :      0.99        1         1 
	   Disk (KB)            :     47           2      3829 
	   GPUs                 :                            0 
	   Memory (MB)          :    763        3000      3000 
	   TimeExecute (s)      : 119809                       
	   TimeSlotBusy (s)     : 119810                       

	Job terminated of its own accord at 2026-03-21T18:01:53Z with exit-code 0.
...
