000 (7072827.362.000) 03/20 09:40:28 Job submitted from host: <188.185.125.71:9618?addrs=188.185.125.71-9618+[2001-1458-d00-4a--100-15e]-9618&alias=bigbird28.cern.ch&noUDP&sock=schedd_2603_051c>
...
040 (7072827.362.000) 03/20 09:43:58 Started transferring input files
	Transferring to host: <188.185.193.59:9618?addrs=188.185.193.59-9618+[2001-1458-303-20--100-37]-9618&alias=b9p19p9983.cern.ch&noUDP&sock=slot1_4_5443_d5f6_178715>
...
040 (7072827.362.000) 03/20 09:43:58 Finished transferring input files
...
001 (7072827.362.000) 03/20 09:43:59 Job executing on host: <188.185.193.59:9618?addrs=188.185.193.59-9618+[2001-1458-303-20--100-37]-9618&alias=b9p19p9983.cern.ch&noUDP&sock=startd_4319_0da0>
	SlotName: slot1_4@b9p19p9983.cern.ch
	CondorScratchDir = "/pool/condor/dir_991449"
	Cpus = 1
	Disk = 3838
	GPUs = 0
	Memory = 3000
...
006 (7072827.362.000) 03/20 09:44:13 Image size of job updated: 884
	1  -  MemoryUsage of job (MB)
	884  -  ResidentSetSize of job (KB)
...
006 (7072827.362.000) 03/20 10:59:19 Image size of job updated: 455552
	444  -  MemoryUsage of job (MB)
	454516  -  ResidentSetSize of job (KB)
...
006 (7072827.362.000) 03/20 11:04:20 Image size of job updated: 487024
	476  -  MemoryUsage of job (MB)
	487024  -  ResidentSetSize of job (KB)
...
006 (7072827.362.000) 03/20 11:09:20 Image size of job updated: 492408
	481  -  MemoryUsage of job (MB)
	492408  -  ResidentSetSize of job (KB)
...
006 (7072827.362.000) 03/20 11:14:20 Image size of job updated: 495432
	484  -  MemoryUsage of job (MB)
	495432  -  ResidentSetSize of job (KB)
...
006 (7072827.362.000) 03/20 11:19:21 Image size of job updated: 495576
	484  -  MemoryUsage of job (MB)
	495576  -  ResidentSetSize of job (KB)
...
006 (7072827.362.000) 03/20 11:24:21 Image size of job updated: 498284
	487  -  MemoryUsage of job (MB)
	498284  -  ResidentSetSize of job (KB)
...
006 (7072827.362.000) 03/20 11:39:22 Image size of job updated: 498924
	488  -  MemoryUsage of job (MB)
	498924  -  ResidentSetSize of job (KB)
...
006 (7072827.362.000) 03/20 11:59:23 Image size of job updated: 498940
	488  -  MemoryUsage of job (MB)
	498940  -  ResidentSetSize of job (KB)
...
006 (7072827.362.000) 03/20 12:19:26 Image size of job updated: 498944
	488  -  MemoryUsage of job (MB)
	498944  -  ResidentSetSize of job (KB)
...
006 (7072827.362.000) 03/20 12:34:27 Image size of job updated: 546280
	534  -  MemoryUsage of job (MB)
	546280  -  ResidentSetSize of job (KB)
...
006 (7072827.362.000) 03/20 12:49:28 Image size of job updated: 548272
	536  -  MemoryUsage of job (MB)
	548272  -  ResidentSetSize of job (KB)
...
006 (7072827.362.000) 03/20 12:54:29 Image size of job updated: 549244
	537  -  MemoryUsage of job (MB)
	549244  -  ResidentSetSize of job (KB)
...
006 (7072827.362.000) 03/20 13:09:31 Image size of job updated: 549256
	537  -  MemoryUsage of job (MB)
	549256  -  ResidentSetSize of job (KB)
...
006 (7072827.362.000) 03/20 13:34:33 Image size of job updated: 549284
	537  -  MemoryUsage of job (MB)
	549284  -  ResidentSetSize of job (KB)
...
006 (7072827.362.000) 03/20 14:34:41 Image size of job updated: 563524
	546  -  MemoryUsage of job (MB)
	558412  -  ResidentSetSize of job (KB)
...
006 (7072827.362.000) 03/20 14:39:41 Image size of job updated: 565132
	552  -  MemoryUsage of job (MB)
	565132  -  ResidentSetSize of job (KB)
...
006 (7072827.362.000) 03/20 14:44:42 Image size of job updated: 565240
	552  -  MemoryUsage of job (MB)
	565240  -  ResidentSetSize of job (KB)
...
006 (7072827.362.000) 03/20 16:09:50 Image size of job updated: 565252
	553  -  MemoryUsage of job (MB)
	565252  -  ResidentSetSize of job (KB)
...
006 (7072827.362.000) 03/20 17:39:58 Image size of job updated: 721764
	705  -  MemoryUsage of job (MB)
	721764  -  ResidentSetSize of job (KB)
...
006 (7072827.362.000) 03/20 17:44:58 Image size of job updated: 723136
	707  -  MemoryUsage of job (MB)
	723136  -  ResidentSetSize of job (KB)
...
006 (7072827.362.000) 03/20 17:49:58 Image size of job updated: 730920
	714  -  MemoryUsage of job (MB)
	730920  -  ResidentSetSize of job (KB)
...
006 (7072827.362.000) 03/20 17:59:59 Image size of job updated: 730944
	714  -  MemoryUsage of job (MB)
	730944  -  ResidentSetSize of job (KB)
...
006 (7072827.362.000) 03/20 18:35:01 Image size of job updated: 735484
	719  -  MemoryUsage of job (MB)
	735484  -  ResidentSetSize of job (KB)
...
006 (7072827.362.000) 03/20 18:40:02 Image size of job updated: 738456
	722  -  MemoryUsage of job (MB)
	738456  -  ResidentSetSize of job (KB)
...
006 (7072827.362.000) 03/20 18:45:03 Image size of job updated: 738548
	722  -  MemoryUsage of job (MB)
	738548  -  ResidentSetSize of job (KB)
...
006 (7072827.362.000) 03/20 18:55:04 Image size of job updated: 738572
	722  -  MemoryUsage of job (MB)
	738572  -  ResidentSetSize of job (KB)
...
006 (7072827.362.000) 03/20 19:25:08 Image size of job updated: 739524
	723  -  MemoryUsage of job (MB)
	739524  -  ResidentSetSize of job (KB)
...
006 (7072827.362.000) 03/20 19:30:08 Image size of job updated: 739612
	723  -  MemoryUsage of job (MB)
	739612  -  ResidentSetSize of job (KB)
...
006 (7072827.362.000) 03/20 19:40:09 Image size of job updated: 739696
	723  -  MemoryUsage of job (MB)
	739696  -  ResidentSetSize of job (KB)
...
006 (7072827.362.000) 03/20 20:35:14 Image size of job updated: 739784
	723  -  MemoryUsage of job (MB)
	739784  -  ResidentSetSize of job (KB)
...
006 (7072827.362.000) 03/20 21:20:17 Image size of job updated: 739872
	723  -  MemoryUsage of job (MB)
	739872  -  ResidentSetSize of job (KB)
...
006 (7072827.362.000) 03/20 21:30:17 Image size of job updated: 740732
	724  -  MemoryUsage of job (MB)
	740732  -  ResidentSetSize of job (KB)
...
006 (7072827.362.000) 03/20 21:35:18 Image size of job updated: 742752
	726  -  MemoryUsage of job (MB)
	742752  -  ResidentSetSize of job (KB)
...
006 (7072827.362.000) 03/20 23:25:25 Image size of job updated: 743084
	726  -  MemoryUsage of job (MB)
	743084  -  ResidentSetSize of job (KB)
...
006 (7072827.362.000) 03/20 23:30:25 Image size of job updated: 747672
	731  -  MemoryUsage of job (MB)
	747672  -  ResidentSetSize of job (KB)
...
006 (7072827.362.000) 03/20 23:35:26 Image size of job updated: 747752
	731  -  MemoryUsage of job (MB)
	747752  -  ResidentSetSize of job (KB)
...
006 (7072827.362.000) 03/21 00:00:27 Image size of job updated: 747756
	731  -  MemoryUsage of job (MB)
	747756  -  ResidentSetSize of job (KB)
...
006 (7072827.362.000) 03/21 00:15:29 Image size of job updated: 747816
	731  -  MemoryUsage of job (MB)
	747816  -  ResidentSetSize of job (KB)
...
006 (7072827.362.000) 03/21 00:30:31 Image size of job updated: 750856
	734  -  MemoryUsage of job (MB)
	750856  -  ResidentSetSize of job (KB)
...
006 (7072827.362.000) 03/21 04:25:58 Image size of job updated: 751040
	734  -  MemoryUsage of job (MB)
	751040  -  ResidentSetSize of job (KB)
...
006 (7072827.362.000) 03/21 05:16:04 Image size of job updated: 751044
	734  -  MemoryUsage of job (MB)
	751044  -  ResidentSetSize of job (KB)
...
006 (7072827.362.000) 03/21 07:11:17 Image size of job updated: 751080
	734  -  MemoryUsage of job (MB)
	751080  -  ResidentSetSize of job (KB)
...
006 (7072827.362.000) 03/21 08:41:27 Image size of job updated: 752092
	735  -  MemoryUsage of job (MB)
	752092  -  ResidentSetSize of job (KB)
...
006 (7072827.362.000) 03/21 10:36:40 Image size of job updated: 752156
	735  -  MemoryUsage of job (MB)
	752156  -  ResidentSetSize of job (KB)
...
006 (7072827.362.000) 03/21 11:31:47 Image size of job updated: 752236
	735  -  MemoryUsage of job (MB)
	752236  -  ResidentSetSize of job (KB)
...
006 (7072827.362.000) 03/21 12:56:55 Image size of job updated: 758180
	735  -  MemoryUsage of job (MB)
	752236  -  ResidentSetSize of job (KB)
...
006 (7072827.362.000) 03/21 14:42:06 Image size of job updated: 758180
	736  -  MemoryUsage of job (MB)
	753096  -  ResidentSetSize of job (KB)
...
006 (7072827.362.000) 03/21 15:22:10 Image size of job updated: 758180
	736  -  MemoryUsage of job (MB)
	753200  -  ResidentSetSize of job (KB)
...
006 (7072827.362.000) 03/21 16:37:18 Image size of job updated: 758180
	736  -  MemoryUsage of job (MB)
	753384  -  ResidentSetSize of job (KB)
...
040 (7072827.362.000) 03/21 20:08:53 Started transferring output files
...
040 (7072827.362.000) 03/21 20:08:53 Finished transferring output files
...
005 (7072827.362.000) 03/21 20:08:53 Job terminated.
	(1) Normal termination (return value 0)
		Usr 1 08:55:14, Sys 0 00:01:13  -  Run Remote Usage
		Usr 0 00:00:00, Sys 0 00:00:00  -  Run Local Usage
		Usr 1 08:55:14, Sys 0 00:01:13  -  Total Remote Usage
		Usr 0 00:00:00, Sys 0 00:00:00  -  Total Local Usage
	12686  -  Run Bytes Sent By Job
	1380  -  Run Bytes Received By Job
	12686  -  Total Bytes Sent By Job
	1380  -  Total Bytes Received By Job
	Partitionable Resources :     Usage  Request Allocated 
	   Cpus                 :      0.99        1         1 
	   Disk (KB)            :     48           2      3838 
	   GPUs                 :                            0 
	   Memory (MB)          :    736        3000      3000 
	   TimeExecute (s)      : 123894                       
	   TimeSlotBusy (s)     : 123896                       

	Job terminated of its own accord at 2026-03-21T19:08:53Z with exit-code 0.
...
