000 (7072827.336.000) 03/20 09:40:28 Job submitted from host: <188.185.125.71:9618?addrs=188.185.125.71-9618+[2001-1458-d00-4a--100-15e]-9618&alias=bigbird28.cern.ch&noUDP&sock=schedd_2603_051c>
...
040 (7072827.336.000) 03/20 09:43:49 Started transferring input files
	Transferring to host: <188.185.205.149:9618?addrs=188.185.205.149-9618+[2001-1458-303-a--100-12]-9618&alias=b9p04p3486.cern.ch&noUDP&sock=slot1_35_6092_1d71_170449>
...
040 (7072827.336.000) 03/20 09:43:49 Finished transferring input files
...
001 (7072827.336.000) 03/20 09:43:50 Job executing on host: <188.185.205.149:9618?addrs=188.185.205.149-9618+[2001-1458-303-a--100-12]-9618&alias=b9p04p3486.cern.ch&noUDP&sock=startd_4993_5c76>
	SlotName: slot1_35@b9p04p3486.cern.ch
	CondorScratchDir = "/pool/condor/dir_3260395"
	Cpus = 1
	Disk = 3483
	GPUs = 0
	Memory = 3000
...
006 (7072827.336.000) 03/20 09:44:04 Image size of job updated: 880
	1  -  MemoryUsage of job (MB)
	880  -  ResidentSetSize of job (KB)
...
006 (7072827.336.000) 03/20 09:49:05 Image size of job updated: 650328
	628  -  MemoryUsage of job (MB)
	642720  -  ResidentSetSize of job (KB)
...
006 (7072827.336.000) 03/20 09:54:05 Image size of job updated: 693928
	678  -  MemoryUsage of job (MB)
	693928  -  ResidentSetSize of job (KB)
...
006 (7072827.336.000) 03/20 09:59:05 Image size of job updated: 693936
	678  -  MemoryUsage of job (MB)
	693936  -  ResidentSetSize of job (KB)
...
006 (7072827.336.000) 03/20 10:04:06 Image size of job updated: 696448
	681  -  MemoryUsage of job (MB)
	696448  -  ResidentSetSize of job (KB)
...
006 (7072827.336.000) 03/20 10:09:06 Image size of job updated: 696456
	681  -  MemoryUsage of job (MB)
	696456  -  ResidentSetSize of job (KB)
...
006 (7072827.336.000) 03/20 10:14:07 Image size of job updated: 696460
	681  -  MemoryUsage of job (MB)
	696460  -  ResidentSetSize of job (KB)
...
006 (7072827.336.000) 03/20 10:19:07 Image size of job updated: 702552
	687  -  MemoryUsage of job (MB)
	702552  -  ResidentSetSize of job (KB)
...
006 (7072827.336.000) 03/20 11:19:13 Image size of job updated: 706296
	690  -  MemoryUsage of job (MB)
	706296  -  ResidentSetSize of job (KB)
...
006 (7072827.336.000) 03/20 11:34:14 Image size of job updated: 706320
	690  -  MemoryUsage of job (MB)
	706320  -  ResidentSetSize of job (KB)
...
006 (7072827.336.000) 03/20 11:39:15 Image size of job updated: 706588
	691  -  MemoryUsage of job (MB)
	706588  -  ResidentSetSize of job (KB)
...
006 (7072827.336.000) 03/20 11:44:16 Image size of job updated: 706628
	691  -  MemoryUsage of job (MB)
	706628  -  ResidentSetSize of job (KB)
...
006 (7072827.336.000) 03/20 11:49:16 Image size of job updated: 706656
	691  -  MemoryUsage of job (MB)
	706656  -  ResidentSetSize of job (KB)
...
006 (7072827.336.000) 03/20 12:14:19 Image size of job updated: 706700
	691  -  MemoryUsage of job (MB)
	706700  -  ResidentSetSize of job (KB)
...
006 (7072827.336.000) 03/20 13:39:29 Image size of job updated: 706736
	691  -  MemoryUsage of job (MB)
	706736  -  ResidentSetSize of job (KB)
...
006 (7072827.336.000) 03/20 14:24:33 Image size of job updated: 706804
	691  -  MemoryUsage of job (MB)
	706804  -  ResidentSetSize of job (KB)
...
006 (7072827.336.000) 03/20 14:44:35 Image size of job updated: 707084
	691  -  MemoryUsage of job (MB)
	707084  -  ResidentSetSize of job (KB)
...
006 (7072827.336.000) 03/20 14:59:37 Image size of job updated: 707872
	692  -  MemoryUsage of job (MB)
	707872  -  ResidentSetSize of job (KB)
...
006 (7072827.336.000) 03/20 15:49:42 Image size of job updated: 707912
	692  -  MemoryUsage of job (MB)
	707912  -  ResidentSetSize of job (KB)
...
006 (7072827.336.000) 03/20 15:54:42 Image size of job updated: 707948
	692  -  MemoryUsage of job (MB)
	707948  -  ResidentSetSize of job (KB)
...
006 (7072827.336.000) 03/20 16:29:45 Image size of job updated: 708220
	692  -  MemoryUsage of job (MB)
	708220  -  ResidentSetSize of job (KB)
...
006 (7072827.336.000) 03/20 17:14:49 Image size of job updated: 708260
	692  -  MemoryUsage of job (MB)
	708260  -  ResidentSetSize of job (KB)
...
006 (7072827.336.000) 03/20 18:19:55 Image size of job updated: 712564
	696  -  MemoryUsage of job (MB)
	712564  -  ResidentSetSize of job (KB)
...
006 (7072827.336.000) 03/20 18:24:55 Image size of job updated: 714064
	698  -  MemoryUsage of job (MB)
	714064  -  ResidentSetSize of job (KB)
...
006 (7072827.336.000) 03/20 18:44:57 Image size of job updated: 714076
	698  -  MemoryUsage of job (MB)
	714076  -  ResidentSetSize of job (KB)
...
006 (7072827.336.000) 03/20 18:49:58 Image size of job updated: 714092
	698  -  MemoryUsage of job (MB)
	714092  -  ResidentSetSize of job (KB)
...
006 (7072827.336.000) 03/20 19:10:00 Image size of job updated: 714336
	698  -  MemoryUsage of job (MB)
	714336  -  ResidentSetSize of job (KB)
...
006 (7072827.336.000) 03/20 19:55:05 Image size of job updated: 715488
	699  -  MemoryUsage of job (MB)
	715488  -  ResidentSetSize of job (KB)
...
006 (7072827.336.000) 03/20 20:00:06 Image size of job updated: 730524
	714  -  MemoryUsage of job (MB)
	730524  -  ResidentSetSize of job (KB)
...
006 (7072827.336.000) 03/20 20:05:06 Image size of job updated: 730600
	714  -  MemoryUsage of job (MB)
	730600  -  ResidentSetSize of job (KB)
...
006 (7072827.336.000) 03/20 20:20:08 Image size of job updated: 730632
	714  -  MemoryUsage of job (MB)
	730632  -  ResidentSetSize of job (KB)
...
006 (7072827.336.000) 03/20 21:00:11 Image size of job updated: 730696
	714  -  MemoryUsage of job (MB)
	730696  -  ResidentSetSize of job (KB)
...
006 (7072827.336.000) 03/20 21:35:16 Image size of job updated: 730756
	714  -  MemoryUsage of job (MB)
	730756  -  ResidentSetSize of job (KB)
...
006 (7072827.336.000) 03/20 22:10:19 Image size of job updated: 730776
	714  -  MemoryUsage of job (MB)
	730776  -  ResidentSetSize of job (KB)
...
006 (7072827.336.000) 03/20 22:40:23 Image size of job updated: 733504
	717  -  MemoryUsage of job (MB)
	733504  -  ResidentSetSize of job (KB)
...
006 (7072827.336.000) 03/20 22:45:24 Image size of job updated: 733604
	717  -  MemoryUsage of job (MB)
	733604  -  ResidentSetSize of job (KB)
...
006 (7072827.336.000) 03/20 23:45:30 Image size of job updated: 733700
	717  -  MemoryUsage of job (MB)
	733700  -  ResidentSetSize of job (KB)
...
006 (7072827.336.000) 03/21 00:30:34 Image size of job updated: 733784
	717  -  MemoryUsage of job (MB)
	733784  -  ResidentSetSize of job (KB)
...
006 (7072827.336.000) 03/21 02:20:43 Image size of job updated: 733812
	717  -  MemoryUsage of job (MB)
	733812  -  ResidentSetSize of job (KB)
...
006 (7072827.336.000) 03/21 03:05:48 Image size of job updated: 733884
	717  -  MemoryUsage of job (MB)
	733884  -  ResidentSetSize of job (KB)
...
006 (7072827.336.000) 03/21 03:20:50 Image size of job updated: 733980
	717  -  MemoryUsage of job (MB)
	733980  -  ResidentSetSize of job (KB)
...
006 (7072827.336.000) 03/21 03:35:52 Image size of job updated: 734056
	717  -  MemoryUsage of job (MB)
	734056  -  ResidentSetSize of job (KB)
...
006 (7072827.336.000) 03/21 03:55:54 Image size of job updated: 738456
	722  -  MemoryUsage of job (MB)
	738456  -  ResidentSetSize of job (KB)
...
040 (7072827.336.000) 03/21 05:26:30 Started transferring output files
...
040 (7072827.336.000) 03/21 05:26:30 Finished transferring output files
...
005 (7072827.336.000) 03/21 05:26:30 Job terminated.
	(1) Normal termination (return value 0)
		Usr 0 19:11:33, Sys 0 00:02:32  -  Run Remote Usage
		Usr 0 00:00:00, Sys 0 00:00:00  -  Run Local Usage
		Usr 0 19:11:33, Sys 0 00:02:32  -  Total Remote Usage
		Usr 0 00:00:00, Sys 0 00:00:00  -  Total Local Usage
	12918  -  Run Bytes Sent By Job
	1380  -  Run Bytes Received By Job
	12918  -  Total Bytes Sent By Job
	1380  -  Total Bytes Received By Job
	Partitionable Resources :    Usage  Request Allocated 
	   Cpus                 :     0.98        1         1 
	   Disk (KB)            :    52           2      3483 
	   GPUs                 :                           0 
	   Memory (MB)          :   722        3000      3000 
	   TimeExecute (s)      : 70960                       
	   TimeSlotBusy (s)     : 70962                       

	Job terminated of its own accord at 2026-03-21T04:26:30Z with exit-code 0.
...
