000 (7072827.232.000) 03/20 09:40:27 Job submitted from host: <188.185.125.71:9618?addrs=188.185.125.71-9618+[2001-1458-d00-4a--100-15e]-9618&alias=bigbird28.cern.ch&noUDP&sock=schedd_2603_051c>
...
040 (7072827.232.000) 03/20 09:43:16 Started transferring input files
	Transferring to host: <188.185.204.196:9618?addrs=188.185.204.196-9618+[2001-1458-303-8--100-b8]-9618&alias=b9p02p9779.cern.ch&noUDP&sock=slot1_9_4458_d06e_180411>
...
040 (7072827.232.000) 03/20 09:43:16 Finished transferring input files
...
001 (7072827.232.000) 03/20 09:43:17 Job executing on host: <188.185.204.196:9618?addrs=188.185.204.196-9618+[2001-1458-303-8--100-b8]-9618&alias=b9p02p9779.cern.ch&noUDP&sock=startd_3768_1cf1>
	SlotName: slot1_9@b9p02p9779.cern.ch
	CondorScratchDir = "/pool/condor/dir_504224"
	Cpus = 1
	Disk = 3648
	GPUs = 0
	Memory = 3000
...
006 (7072827.232.000) 03/20 09:43:31 Image size of job updated: 888
	1  -  MemoryUsage of job (MB)
	888  -  ResidentSetSize of job (KB)
...
006 (7072827.232.000) 03/20 11:18:40 Image size of job updated: 677396
	638  -  MemoryUsage of job (MB)
	652300  -  ResidentSetSize of job (KB)
...
006 (7072827.232.000) 03/20 11:23:41 Image size of job updated: 699368
	683  -  MemoryUsage of job (MB)
	699368  -  ResidentSetSize of job (KB)
...
006 (7072827.232.000) 03/20 11:28:41 Image size of job updated: 700272
	684  -  MemoryUsage of job (MB)
	700272  -  ResidentSetSize of job (KB)
...
006 (7072827.232.000) 03/20 11:33:42 Image size of job updated: 701472
	686  -  MemoryUsage of job (MB)
	701472  -  ResidentSetSize of job (KB)
...
006 (7072827.232.000) 03/20 11:38:42 Image size of job updated: 706636
	691  -  MemoryUsage of job (MB)
	706636  -  ResidentSetSize of job (KB)
...
006 (7072827.232.000) 03/20 11:58:43 Image size of job updated: 706720
	691  -  MemoryUsage of job (MB)
	706720  -  ResidentSetSize of job (KB)
...
006 (7072827.232.000) 03/20 12:03:44 Image size of job updated: 707556
	691  -  MemoryUsage of job (MB)
	707556  -  ResidentSetSize of job (KB)
...
006 (7072827.232.000) 03/20 12:08:44 Image size of job updated: 709252
	693  -  MemoryUsage of job (MB)
	709252  -  ResidentSetSize of job (KB)
...
006 (7072827.232.000) 03/20 12:18:45 Image size of job updated: 709760
	694  -  MemoryUsage of job (MB)
	709760  -  ResidentSetSize of job (KB)
...
006 (7072827.232.000) 03/20 12:38:46 Image size of job updated: 721024
	705  -  MemoryUsage of job (MB)
	721024  -  ResidentSetSize of job (KB)
...
006 (7072827.232.000) 03/20 12:48:48 Image size of job updated: 721136
	705  -  MemoryUsage of job (MB)
	721136  -  ResidentSetSize of job (KB)
...
006 (7072827.232.000) 03/20 13:08:50 Image size of job updated: 721164
	705  -  MemoryUsage of job (MB)
	721164  -  ResidentSetSize of job (KB)
...
006 (7072827.232.000) 03/20 13:23:52 Image size of job updated: 721336
	705  -  MemoryUsage of job (MB)
	721336  -  ResidentSetSize of job (KB)
...
006 (7072827.232.000) 03/20 13:38:54 Image size of job updated: 721484
	705  -  MemoryUsage of job (MB)
	721484  -  ResidentSetSize of job (KB)
...
006 (7072827.232.000) 03/20 13:48:54 Image size of job updated: 721580
	705  -  MemoryUsage of job (MB)
	721580  -  ResidentSetSize of job (KB)
...
006 (7072827.232.000) 03/20 14:08:57 Image size of job updated: 721616
	705  -  MemoryUsage of job (MB)
	721616  -  ResidentSetSize of job (KB)
...
006 (7072827.232.000) 03/20 14:59:01 Image size of job updated: 721764
	705  -  MemoryUsage of job (MB)
	721764  -  ResidentSetSize of job (KB)
...
006 (7072827.232.000) 03/20 15:59:07 Image size of job updated: 721824
	705  -  MemoryUsage of job (MB)
	721824  -  ResidentSetSize of job (KB)
...
006 (7072827.232.000) 03/20 16:19:09 Image size of job updated: 721864
	705  -  MemoryUsage of job (MB)
	721864  -  ResidentSetSize of job (KB)
...
006 (7072827.232.000) 03/20 17:24:16 Image size of job updated: 721896
	705  -  MemoryUsage of job (MB)
	721896  -  ResidentSetSize of job (KB)
...
006 (7072827.232.000) 03/20 18:29:22 Image size of job updated: 728112
	707  -  MemoryUsage of job (MB)
	723208  -  ResidentSetSize of job (KB)
...
006 (7072827.232.000) 03/20 19:44:30 Image size of job updated: 728112
	707  -  MemoryUsage of job (MB)
	723740  -  ResidentSetSize of job (KB)
...
006 (7072827.232.000) 03/20 19:49:31 Image size of job updated: 728112
	707  -  MemoryUsage of job (MB)
	723872  -  ResidentSetSize of job (KB)
...
006 (7072827.232.000) 03/20 20:24:35 Image size of job updated: 728112
	707  -  MemoryUsage of job (MB)
	723936  -  ResidentSetSize of job (KB)
...
006 (7072827.232.000) 03/20 20:49:38 Image size of job updated: 728112
	708  -  MemoryUsage of job (MB)
	723992  -  ResidentSetSize of job (KB)
...
006 (7072827.232.000) 03/20 22:34:48 Image size of job updated: 729440
	713  -  MemoryUsage of job (MB)
	729440  -  ResidentSetSize of job (KB)
...
006 (7072827.232.000) 03/20 22:39:48 Image size of job updated: 730544
	714  -  MemoryUsage of job (MB)
	730544  -  ResidentSetSize of job (KB)
...
006 (7072827.232.000) 03/20 22:44:49 Image size of job updated: 730592
	714  -  MemoryUsage of job (MB)
	730592  -  ResidentSetSize of job (KB)
...
006 (7072827.232.000) 03/20 23:14:52 Image size of job updated: 732864
	716  -  MemoryUsage of job (MB)
	732864  -  ResidentSetSize of job (KB)
...
006 (7072827.232.000) 03/21 00:25:00 Image size of job updated: 734296
	718  -  MemoryUsage of job (MB)
	734296  -  ResidentSetSize of job (KB)
...
006 (7072827.232.000) 03/21 02:50:15 Image size of job updated: 734356
	718  -  MemoryUsage of job (MB)
	734356  -  ResidentSetSize of job (KB)
...
006 (7072827.232.000) 03/21 03:25:18 Image size of job updated: 734396
	718  -  MemoryUsage of job (MB)
	734396  -  ResidentSetSize of job (KB)
...
006 (7072827.232.000) 03/21 03:45:20 Image size of job updated: 734412
	718  -  MemoryUsage of job (MB)
	734412  -  ResidentSetSize of job (KB)
...
006 (7072827.232.000) 03/21 04:10:22 Image size of job updated: 734456
	718  -  MemoryUsage of job (MB)
	734456  -  ResidentSetSize of job (KB)
...
006 (7072827.232.000) 03/21 04:30:24 Image size of job updated: 734524
	718  -  MemoryUsage of job (MB)
	734524  -  ResidentSetSize of job (KB)
...
006 (7072827.232.000) 03/21 05:25:30 Image size of job updated: 734532
	718  -  MemoryUsage of job (MB)
	734532  -  ResidentSetSize of job (KB)
...
006 (7072827.232.000) 03/21 05:40:32 Image size of job updated: 734576
	718  -  MemoryUsage of job (MB)
	734576  -  ResidentSetSize of job (KB)
...
006 (7072827.232.000) 03/21 06:00:34 Image size of job updated: 734624
	718  -  MemoryUsage of job (MB)
	734624  -  ResidentSetSize of job (KB)
...
006 (7072827.232.000) 03/21 06:55:40 Image size of job updated: 734712
	718  -  MemoryUsage of job (MB)
	734712  -  ResidentSetSize of job (KB)
...
006 (7072827.232.000) 03/21 08:00:46 Image size of job updated: 734760
	718  -  MemoryUsage of job (MB)
	734760  -  ResidentSetSize of job (KB)
...
040 (7072827.232.000) 03/21 08:26:38 Started transferring output files
...
040 (7072827.232.000) 03/21 08:26:38 Finished transferring output files
...
005 (7072827.232.000) 03/21 08:26:38 Job terminated.
	(1) Normal termination (return value 0)
		Usr 0 20:40:49, Sys 0 00:03:06  -  Run Remote Usage
		Usr 0 00:00:00, Sys 0 00:00:00  -  Run Local Usage
		Usr 0 20:40:49, Sys 0 00:03:06  -  Total Remote Usage
		Usr 0 00:00:00, Sys 0 00:00:00  -  Total Local Usage
	12919  -  Run Bytes Sent By Job
	1380  -  Run Bytes Received By Job
	12919  -  Total Bytes Sent By Job
	1380  -  Total Bytes Received By Job
	Partitionable Resources :    Usage  Request Allocated 
	   Cpus                 :     0.99        1         1 
	   Disk (KB)            :    51           2      3648 
	   GPUs                 :                           0 
	   Memory (MB)          :   718        3000      3000 
	   TimeExecute (s)      : 81801                       
	   TimeSlotBusy (s)     : 81803                       

	Job terminated of its own accord at 2026-03-21T07:26:38Z with exit-code 0.
...
