000 (7072827.390.000) 03/20 09:40:28 Job submitted from host: <188.185.125.71:9618?addrs=188.185.125.71-9618+[2001-1458-d00-4a--100-15e]-9618&alias=bigbird28.cern.ch&noUDP&sock=schedd_2603_051c>
...
040 (7072827.390.000) 03/20 09:44:09 Started transferring input files
	Transferring to host: <188.185.193.41:9618?addrs=188.185.193.41-9618+[2001-1458-303-20--100-25]-9618&alias=b9p19p3381.cern.ch&noUDP&sock=slot1_22_8011_395f_176586>
...
040 (7072827.390.000) 03/20 09:44:09 Finished transferring input files
...
001 (7072827.390.000) 03/20 09:44:10 Job executing on host: <188.185.193.41:9618?addrs=188.185.193.41-9618+[2001-1458-303-20--100-25]-9618&alias=b9p19p3381.cern.ch&noUDP&sock=startd_6771_ebd9>
	SlotName: slot1_22@b9p19p3381.cern.ch
	CondorScratchDir = "/pool/condor/dir_2068589"
	Cpus = 1
	Disk = 3750
	GPUs = 0
	Memory = 3000
...
006 (7072827.390.000) 03/20 09:44:23 Image size of job updated: 880
	1  -  MemoryUsage of job (MB)
	880  -  ResidentSetSize of job (KB)
...
006 (7072827.390.000) 03/20 10:59:30 Image size of job updated: 547384
	509  -  MemoryUsage of job (MB)
	521188  -  ResidentSetSize of job (KB)
...
006 (7072827.390.000) 03/20 11:04:30 Image size of job updated: 547384
	514  -  MemoryUsage of job (MB)
	525620  -  ResidentSetSize of job (KB)
...
006 (7072827.390.000) 03/20 11:09:31 Image size of job updated: 547384
	514  -  MemoryUsage of job (MB)
	525688  -  ResidentSetSize of job (KB)
...
006 (7072827.390.000) 03/20 11:19:32 Image size of job updated: 649936
	635  -  MemoryUsage of job (MB)
	649936  -  ResidentSetSize of job (KB)
...
006 (7072827.390.000) 03/20 11:24:33 Image size of job updated: 661196
	646  -  MemoryUsage of job (MB)
	661196  -  ResidentSetSize of job (KB)
...
006 (7072827.390.000) 03/20 11:29:34 Image size of job updated: 703688
	688  -  MemoryUsage of job (MB)
	703688  -  ResidentSetSize of job (KB)
...
006 (7072827.390.000) 03/20 11:34:34 Image size of job updated: 713748
	698  -  MemoryUsage of job (MB)
	713748  -  ResidentSetSize of job (KB)
...
006 (7072827.390.000) 03/20 11:39:34 Image size of job updated: 713800
	698  -  MemoryUsage of job (MB)
	713800  -  ResidentSetSize of job (KB)
...
006 (7072827.390.000) 03/20 11:49:35 Image size of job updated: 713840
	698  -  MemoryUsage of job (MB)
	713840  -  ResidentSetSize of job (KB)
...
006 (7072827.390.000) 03/20 12:09:36 Image size of job updated: 713864
	698  -  MemoryUsage of job (MB)
	713864  -  ResidentSetSize of job (KB)
...
006 (7072827.390.000) 03/20 12:29:39 Image size of job updated: 720812
	704  -  MemoryUsage of job (MB)
	720812  -  ResidentSetSize of job (KB)
...
006 (7072827.390.000) 03/20 13:24:45 Image size of job updated: 722040
	706  -  MemoryUsage of job (MB)
	722040  -  ResidentSetSize of job (KB)
...
006 (7072827.390.000) 03/20 14:09:51 Image size of job updated: 722076
	706  -  MemoryUsage of job (MB)
	722076  -  ResidentSetSize of job (KB)
...
006 (7072827.390.000) 03/20 17:10:11 Image size of job updated: 755484
	738  -  MemoryUsage of job (MB)
	755484  -  ResidentSetSize of job (KB)
...
006 (7072827.390.000) 03/21 10:42:06 Image size of job updated: 755544
	738  -  MemoryUsage of job (MB)
	755544  -  ResidentSetSize of job (KB)
...
006 (7072827.390.000) 03/21 10:52:07 Image size of job updated: 755572
	738  -  MemoryUsage of job (MB)
	755572  -  ResidentSetSize of job (KB)
...
006 (7072827.390.000) 03/21 18:37:53 Image size of job updated: 755588
	738  -  MemoryUsage of job (MB)
	755588  -  ResidentSetSize of job (KB)
...
006 (7072827.390.000) 03/21 19:22:57 Image size of job updated: 755632
	738  -  MemoryUsage of job (MB)
	755632  -  ResidentSetSize of job (KB)
...
006 (7072827.390.000) 03/21 21:48:13 Image size of job updated: 755644
	738  -  MemoryUsage of job (MB)
	755644  -  ResidentSetSize of job (KB)
...
006 (7072827.390.000) 03/21 21:53:13 Image size of job updated: 755772
	739  -  MemoryUsage of job (MB)
	755772  -  ResidentSetSize of job (KB)
...
006 (7072827.390.000) 03/21 22:58:20 Image size of job updated: 755796
	739  -  MemoryUsage of job (MB)
	755796  -  ResidentSetSize of job (KB)
...
006 (7072827.390.000) 03/22 00:13:25 Image size of job updated: 755816
	739  -  MemoryUsage of job (MB)
	755816  -  ResidentSetSize of job (KB)
...
006 (7072827.390.000) 03/22 00:38:28 Image size of job updated: 755860
	739  -  MemoryUsage of job (MB)
	755860  -  ResidentSetSize of job (KB)
...
006 (7072827.390.000) 03/22 00:58:29 Image size of job updated: 756176
	739  -  MemoryUsage of job (MB)
	756176  -  ResidentSetSize of job (KB)
...
006 (7072827.390.000) 03/22 01:03:30 Image size of job updated: 757648
	740  -  MemoryUsage of job (MB)
	757648  -  ResidentSetSize of job (KB)
...
006 (7072827.390.000) 03/22 01:08:30 Image size of job updated: 757800
	741  -  MemoryUsage of job (MB)
	757800  -  ResidentSetSize of job (KB)
...
040 (7072827.390.000) 03/22 01:48:39 Started transferring output files
...
040 (7072827.390.000) 03/22 01:48:39 Finished transferring output files
...
005 (7072827.390.000) 03/22 01:48:39 Job terminated.
	(1) Normal termination (return value 0)
		Usr 1 14:29:30, Sys 0 00:02:20  -  Run Remote Usage
		Usr 0 00:00:00, Sys 0 00:00:00  -  Run Local Usage
		Usr 1 14:29:30, Sys 0 00:02:20  -  Total Remote Usage
		Usr 0 00:00:00, Sys 0 00:00:00  -  Total Local Usage
	12323  -  Run Bytes Sent By Job
	1380  -  Run Bytes Received By Job
	12323  -  Total Bytes Sent By Job
	1380  -  Total Bytes Received By Job
	Partitionable Resources :     Usage  Request Allocated 
	   Cpus                 :      0.99        1         1 
	   Disk (KB)            :     47           2      3750 
	   GPUs                 :                            0 
	   Memory (MB)          :    741        3000      3000 
	   TimeExecute (s)      : 144268                       
	   TimeSlotBusy (s)     : 144270                       

	Job terminated of its own accord at 2026-03-22T00:48:38Z with exit-code 0.
...
