000 (7072827.517.000) 03/20 09:40:28 Job submitted from host: <188.185.125.71:9618?addrs=188.185.125.71-9618+[2001-1458-d00-4a--100-15e]-9618&alias=bigbird28.cern.ch&noUDP&sock=schedd_2603_051c>
...
040 (7072827.517.000) 03/20 09:44:53 Started transferring input files
	Transferring to host: <188.185.196.53:9618?addrs=188.185.196.53-9618+[2001-1458-303-23--100-31]-9618&alias=b9p16p4264.cern.ch&noUDP&sock=slot1_52_3529_3fe9_60213>
...
040 (7072827.517.000) 03/20 09:44:53 Finished transferring input files
...
001 (7072827.517.000) 03/20 09:44:54 Job executing on host: <188.185.196.53:9618?addrs=188.185.196.53-9618+[2001-1458-303-23--100-31]-9618&alias=b9p16p4264.cern.ch&noUDP&sock=startd_3177_bc79>
	SlotName: slot1_52@b9p16p4264.cern.ch
	CondorScratchDir = "/pool/condor/dir_3292992"
	Cpus = 1
	Disk = 3797
	GPUs = 0
	Memory = 3000
...
006 (7072827.517.000) 03/20 09:45:07 Image size of job updated: 876
	1  -  MemoryUsage of job (MB)
	876  -  ResidentSetSize of job (KB)
...
006 (7072827.517.000) 03/20 11:30:18 Image size of job updated: 675452
	660  -  MemoryUsage of job (MB)
	675452  -  ResidentSetSize of job (KB)
...
006 (7072827.517.000) 03/20 11:35:19 Image size of job updated: 675460
	660  -  MemoryUsage of job (MB)
	675460  -  ResidentSetSize of job (KB)
...
006 (7072827.517.000) 03/20 11:40:19 Image size of job updated: 675468
	660  -  MemoryUsage of job (MB)
	675468  -  ResidentSetSize of job (KB)
...
006 (7072827.517.000) 03/20 11:45:20 Image size of job updated: 675472
	660  -  MemoryUsage of job (MB)
	675472  -  ResidentSetSize of job (KB)
...
006 (7072827.517.000) 03/20 12:00:22 Image size of job updated: 675556
	660  -  MemoryUsage of job (MB)
	675556  -  ResidentSetSize of job (KB)
...
006 (7072827.517.000) 03/20 12:15:24 Image size of job updated: 675560
	660  -  MemoryUsage of job (MB)
	675560  -  ResidentSetSize of job (KB)
...
006 (7072827.517.000) 03/20 12:20:25 Image size of job updated: 675564
	660  -  MemoryUsage of job (MB)
	675564  -  ResidentSetSize of job (KB)
...
006 (7072827.517.000) 03/20 12:25:25 Image size of job updated: 675712
	660  -  MemoryUsage of job (MB)
	675712  -  ResidentSetSize of job (KB)
...
006 (7072827.517.000) 03/20 12:40:27 Image size of job updated: 695692
	680  -  MemoryUsage of job (MB)
	695692  -  ResidentSetSize of job (KB)
...
006 (7072827.517.000) 03/20 13:00:30 Image size of job updated: 734868
	718  -  MemoryUsage of job (MB)
	734868  -  ResidentSetSize of job (KB)
...
006 (7072827.517.000) 03/20 13:05:31 Image size of job updated: 739736
	723  -  MemoryUsage of job (MB)
	739736  -  ResidentSetSize of job (KB)
...
006 (7072827.517.000) 03/20 13:10:31 Image size of job updated: 740824
	724  -  MemoryUsage of job (MB)
	740824  -  ResidentSetSize of job (KB)
...
006 (7072827.517.000) 03/20 13:35:35 Image size of job updated: 740832
	724  -  MemoryUsage of job (MB)
	740832  -  ResidentSetSize of job (KB)
...
006 (7072827.517.000) 03/20 13:45:36 Image size of job updated: 743572
	727  -  MemoryUsage of job (MB)
	743572  -  ResidentSetSize of job (KB)
...
006 (7072827.517.000) 03/20 13:50:37 Image size of job updated: 756996
	740  -  MemoryUsage of job (MB)
	756996  -  ResidentSetSize of job (KB)
...
006 (7072827.517.000) 03/20 14:00:38 Image size of job updated: 758852
	742  -  MemoryUsage of job (MB)
	758852  -  ResidentSetSize of job (KB)
...
006 (7072827.517.000) 03/20 14:05:39 Image size of job updated: 760212
	743  -  MemoryUsage of job (MB)
	760212  -  ResidentSetSize of job (KB)
...
006 (7072827.517.000) 03/20 14:10:39 Image size of job updated: 760216
	743  -  MemoryUsage of job (MB)
	760216  -  ResidentSetSize of job (KB)
...
006 (7072827.517.000) 03/20 15:05:45 Image size of job updated: 763712
	743  -  MemoryUsage of job (MB)
	760216  -  ResidentSetSize of job (KB)
...
006 (7072827.517.000) 03/20 15:10:45 Image size of job updated: 763712
	745  -  MemoryUsage of job (MB)
	762352  -  ResidentSetSize of job (KB)
...
006 (7072827.517.000) 03/20 15:20:46 Image size of job updated: 763712
	745  -  MemoryUsage of job (MB)
	762364  -  ResidentSetSize of job (KB)
...
006 (7072827.517.000) 03/20 19:56:14 Image size of job updated: 763712
	745  -  MemoryUsage of job (MB)
	762368  -  ResidentSetSize of job (KB)
...
006 (7072827.517.000) 03/20 21:51:22 Image size of job updated: 763712
	745  -  MemoryUsage of job (MB)
	762400  -  ResidentSetSize of job (KB)
...
006 (7072827.517.000) 03/21 00:26:36 Image size of job updated: 763712
	745  -  MemoryUsage of job (MB)
	762412  -  ResidentSetSize of job (KB)
...
006 (7072827.517.000) 03/21 00:36:37 Image size of job updated: 765584
	748  -  MemoryUsage of job (MB)
	765584  -  ResidentSetSize of job (KB)
...
006 (7072827.517.000) 03/21 00:41:38 Image size of job updated: 766304
	749  -  MemoryUsage of job (MB)
	766304  -  ResidentSetSize of job (KB)
...
006 (7072827.517.000) 03/21 00:46:39 Image size of job updated: 768560
	751  -  MemoryUsage of job (MB)
	768560  -  ResidentSetSize of job (KB)
...
006 (7072827.517.000) 03/21 01:41:43 Image size of job updated: 768568
	751  -  MemoryUsage of job (MB)
	768568  -  ResidentSetSize of job (KB)
...
006 (7072827.517.000) 03/21 05:02:02 Image size of job updated: 768580
	751  -  MemoryUsage of job (MB)
	768580  -  ResidentSetSize of job (KB)
...
006 (7072827.517.000) 03/21 06:27:13 Image size of job updated: 770764
	753  -  MemoryUsage of job (MB)
	770764  -  ResidentSetSize of job (KB)
...
006 (7072827.517.000) 03/21 07:47:20 Image size of job updated: 770796
	753  -  MemoryUsage of job (MB)
	770796  -  ResidentSetSize of job (KB)
...
006 (7072827.517.000) 03/21 08:52:29 Image size of job updated: 770800
	753  -  MemoryUsage of job (MB)
	770800  -  ResidentSetSize of job (KB)
...
006 (7072827.517.000) 03/21 09:02:30 Image size of job updated: 770812
	753  -  MemoryUsage of job (MB)
	770812  -  ResidentSetSize of job (KB)
...
006 (7072827.517.000) 03/21 12:12:45 Image size of job updated: 770964
	753  -  MemoryUsage of job (MB)
	770964  -  ResidentSetSize of job (KB)
...
006 (7072827.517.000) 03/22 03:44:36 Image size of job updated: 783408
	766  -  MemoryUsage of job (MB)
	783408  -  ResidentSetSize of job (KB)
...
040 (7072827.517.000) 03/22 07:47:39 Started transferring output files
...
040 (7072827.517.000) 03/22 07:47:40 Finished transferring output files
...
005 (7072827.517.000) 03/22 07:47:40 Job terminated.
	(1) Normal termination (return value 0)
		Usr 1 16:52:40, Sys 0 00:04:03  -  Run Remote Usage
		Usr 0 00:00:00, Sys 0 00:00:00  -  Run Local Usage
		Usr 1 16:52:40, Sys 0 00:04:03  -  Total Remote Usage
		Usr 0 00:00:00, Sys 0 00:00:00  -  Total Local Usage
	12232  -  Run Bytes Sent By Job
	1380  -  Run Bytes Received By Job
	12232  -  Total Bytes Sent By Job
	1380  -  Total Bytes Received By Job
	Partitionable Resources :     Usage  Request Allocated 
	   Cpus                 :      0.94        1         1 
	   Disk (KB)            :     47           2      3797 
	   GPUs                 :                            0 
	   Memory (MB)          :    766        3000      3000 
	   TimeExecute (s)      : 165765                       
	   TimeSlotBusy (s)     : 165767                       

	Job terminated of its own accord at 2026-03-22T06:47:39Z with exit-code 0.
...
