000 (7072827.500.000) 03/20 09:40:28 Job submitted from host: <188.185.125.71:9618?addrs=188.185.125.71-9618+[2001-1458-d00-4a--100-15e]-9618&alias=bigbird28.cern.ch&noUDP&sock=schedd_2603_051c>
...
040 (7072827.500.000) 03/20 09:44:47 Started transferring input files
	Transferring to host: <188.185.193.68:9618?addrs=188.185.193.68-9618+[2001-1458-303-20--100-40]-9618&alias=b9p19p5659.cern.ch&noUDP&sock=slot1_45_7970_55fd_181118>
...
040 (7072827.500.000) 03/20 09:44:47 Finished transferring input files
...
001 (7072827.500.000) 03/20 09:44:48 Job executing on host: <188.185.193.68:9618?addrs=188.185.193.68-9618+[2001-1458-303-20--100-40]-9618&alias=b9p19p5659.cern.ch&noUDP&sock=startd_6872_32ea>
	SlotName: slot1_45@b9p19p5659.cern.ch
	CondorScratchDir = "/pool/condor/dir_865662"
	Cpus = 1
	Disk = 3829
	GPUs = 0
	Memory = 3000
...
006 (7072827.500.000) 03/20 09:45:01 Image size of job updated: 884
	1  -  MemoryUsage of job (MB)
	884  -  ResidentSetSize of job (KB)
...
006 (7072827.500.000) 03/20 10:10:03 Image size of job updated: 670320
	631  -  MemoryUsage of job (MB)
	645452  -  ResidentSetSize of job (KB)
...
006 (7072827.500.000) 03/20 10:15:04 Image size of job updated: 670320
	631  -  MemoryUsage of job (MB)
	645456  -  ResidentSetSize of job (KB)
...
006 (7072827.500.000) 03/20 10:20:04 Image size of job updated: 690800
	675  -  MemoryUsage of job (MB)
	690800  -  ResidentSetSize of job (KB)
...
006 (7072827.500.000) 03/20 10:25:05 Image size of job updated: 693572
	678  -  MemoryUsage of job (MB)
	693572  -  ResidentSetSize of job (KB)
...
006 (7072827.500.000) 03/20 10:40:06 Image size of job updated: 694044
	678  -  MemoryUsage of job (MB)
	694044  -  ResidentSetSize of job (KB)
...
006 (7072827.500.000) 03/20 10:50:07 Image size of job updated: 712700
	696  -  MemoryUsage of job (MB)
	712700  -  ResidentSetSize of job (KB)
...
006 (7072827.500.000) 03/20 10:55:07 Image size of job updated: 712884
	697  -  MemoryUsage of job (MB)
	712884  -  ResidentSetSize of job (KB)
...
006 (7072827.500.000) 03/20 12:10:16 Image size of job updated: 712960
	697  -  MemoryUsage of job (MB)
	712960  -  ResidentSetSize of job (KB)
...
006 (7072827.500.000) 03/20 12:15:16 Image size of job updated: 713032
	697  -  MemoryUsage of job (MB)
	713032  -  ResidentSetSize of job (KB)
...
006 (7072827.500.000) 03/20 13:20:21 Image size of job updated: 713320
	697  -  MemoryUsage of job (MB)
	713320  -  ResidentSetSize of job (KB)
...
006 (7072827.500.000) 03/20 14:05:26 Image size of job updated: 713360
	697  -  MemoryUsage of job (MB)
	713360  -  ResidentSetSize of job (KB)
...
006 (7072827.500.000) 03/20 16:45:44 Image size of job updated: 713420
	697  -  MemoryUsage of job (MB)
	713420  -  ResidentSetSize of job (KB)
...
006 (7072827.500.000) 03/20 17:05:46 Image size of job updated: 713440
	697  -  MemoryUsage of job (MB)
	713440  -  ResidentSetSize of job (KB)
...
006 (7072827.500.000) 03/20 17:15:47 Image size of job updated: 713712
	697  -  MemoryUsage of job (MB)
	713712  -  ResidentSetSize of job (KB)
...
006 (7072827.500.000) 03/20 17:20:47 Image size of job updated: 713872
	698  -  MemoryUsage of job (MB)
	713872  -  ResidentSetSize of job (KB)
...
006 (7072827.500.000) 03/20 17:50:50 Image size of job updated: 713972
	698  -  MemoryUsage of job (MB)
	713972  -  ResidentSetSize of job (KB)
...
006 (7072827.500.000) 03/20 17:55:51 Image size of job updated: 713980
	698  -  MemoryUsage of job (MB)
	713980  -  ResidentSetSize of job (KB)
...
006 (7072827.500.000) 03/20 19:25:59 Image size of job updated: 723880
	707  -  MemoryUsage of job (MB)
	723880  -  ResidentSetSize of job (KB)
...
006 (7072827.500.000) 03/20 19:31:00 Image size of job updated: 730432
	714  -  MemoryUsage of job (MB)
	730432  -  ResidentSetSize of job (KB)
...
006 (7072827.500.000) 03/20 19:36:01 Image size of job updated: 730496
	714  -  MemoryUsage of job (MB)
	730496  -  ResidentSetSize of job (KB)
...
006 (7072827.500.000) 03/20 21:26:12 Image size of job updated: 730540
	714  -  MemoryUsage of job (MB)
	730540  -  ResidentSetSize of job (KB)
...
006 (7072827.500.000) 03/20 22:11:16 Image size of job updated: 733884
	717  -  MemoryUsage of job (MB)
	733884  -  ResidentSetSize of job (KB)
...
006 (7072827.500.000) 03/20 22:26:17 Image size of job updated: 733968
	717  -  MemoryUsage of job (MB)
	733968  -  ResidentSetSize of job (KB)
...
006 (7072827.500.000) 03/20 23:21:21 Image size of job updated: 749352
	730  -  MemoryUsage of job (MB)
	746640  -  ResidentSetSize of job (KB)
...
040 (7072827.500.000) 03/21 16:46:53 Started transferring output files
...
040 (7072827.500.000) 03/21 16:46:53 Finished transferring output files
...
005 (7072827.500.000) 03/21 16:46:53 Job terminated.
	(1) Normal termination (return value 0)
		Usr 1 06:27:26, Sys 0 00:00:52  -  Run Remote Usage
		Usr 0 00:00:00, Sys 0 00:00:00  -  Run Local Usage
		Usr 1 06:27:26, Sys 0 00:00:52  -  Total Remote Usage
		Usr 0 00:00:00, Sys 0 00:00:00  -  Total Local Usage
	12778  -  Run Bytes Sent By Job
	1380  -  Run Bytes Received By Job
	12778  -  Total Bytes Sent By Job
	1380  -  Total Bytes Received By Job
	Partitionable Resources :     Usage  Request Allocated 
	   Cpus                 :      0.99        1         1 
	   Disk (KB)            :     47           2      3829 
	   GPUs                 :                            0 
	   Memory (MB)          :    730        3000      3000 
	   TimeExecute (s)      : 111725                       
	   TimeSlotBusy (s)     : 111726                       

	Job terminated of its own accord at 2026-03-21T15:46:53Z with exit-code 0.
...
