000 (7072827.420.000) 03/20 09:40:28 Job submitted from host: <188.185.125.71:9618?addrs=188.185.125.71-9618+[2001-1458-d00-4a--100-15e]-9618&alias=bigbird28.cern.ch&noUDP&sock=schedd_2603_051c>
...
040 (7072827.420.000) 03/20 09:44:20 Started transferring input files
	Transferring to host: <188.185.195.178:9618?addrs=188.185.195.178-9618+[2001-1458-303-22--100-ae]-9618&alias=b9p17p1568.cern.ch&noUDP&sock=slot1_33_3719_1f30_94403>
...
040 (7072827.420.000) 03/20 09:44:20 Finished transferring input files
...
001 (7072827.420.000) 03/20 09:44:21 Job executing on host: <188.185.195.178:9618?addrs=188.185.195.178-9618+[2001-1458-303-22--100-ae]-9618&alias=b9p17p1568.cern.ch&noUDP&sock=startd_3128_2055>
	SlotName: slot1_33@b9p17p1568.cern.ch
	CondorScratchDir = "/pool/condor/dir_3123360"
	Cpus = 1
	Disk = 3837
	GPUs = 0
	Memory = 3000
...
006 (7072827.420.000) 03/20 09:44:34 Image size of job updated: 884
	1  -  MemoryUsage of job (MB)
	884  -  ResidentSetSize of job (KB)
...
006 (7072827.420.000) 03/20 10:34:40 Image size of job updated: 669028
	629  -  MemoryUsage of job (MB)
	643084  -  ResidentSetSize of job (KB)
...
006 (7072827.420.000) 03/20 10:39:41 Image size of job updated: 669028
	651  -  MemoryUsage of job (MB)
	665808  -  ResidentSetSize of job (KB)
...
006 (7072827.420.000) 03/20 10:49:42 Image size of job updated: 669028
	651  -  MemoryUsage of job (MB)
	665812  -  ResidentSetSize of job (KB)
...
006 (7072827.420.000) 03/20 11:19:45 Image size of job updated: 669028
	651  -  MemoryUsage of job (MB)
	665844  -  ResidentSetSize of job (KB)
...
006 (7072827.420.000) 03/20 11:24:45 Image size of job updated: 669028
	651  -  MemoryUsage of job (MB)
	666496  -  ResidentSetSize of job (KB)
...
006 (7072827.420.000) 03/20 11:49:48 Image size of job updated: 706112
	690  -  MemoryUsage of job (MB)
	706112  -  ResidentSetSize of job (KB)
...
006 (7072827.420.000) 03/20 11:59:49 Image size of job updated: 709452
	693  -  MemoryUsage of job (MB)
	709452  -  ResidentSetSize of job (KB)
...
006 (7072827.420.000) 03/20 12:29:51 Image size of job updated: 711180
	695  -  MemoryUsage of job (MB)
	711180  -  ResidentSetSize of job (KB)
...
006 (7072827.420.000) 03/20 12:54:54 Image size of job updated: 712372
	696  -  MemoryUsage of job (MB)
	712372  -  ResidentSetSize of job (KB)
...
006 (7072827.420.000) 03/20 13:04:55 Image size of job updated: 712736
	697  -  MemoryUsage of job (MB)
	712736  -  ResidentSetSize of job (KB)
...
006 (7072827.420.000) 03/20 13:09:56 Image size of job updated: 712748
	697  -  MemoryUsage of job (MB)
	712748  -  ResidentSetSize of job (KB)
...
006 (7072827.420.000) 03/20 13:14:56 Image size of job updated: 712756
	697  -  MemoryUsage of job (MB)
	712756  -  ResidentSetSize of job (KB)
...
006 (7072827.420.000) 03/20 13:24:58 Image size of job updated: 712804
	697  -  MemoryUsage of job (MB)
	712804  -  ResidentSetSize of job (KB)
...
006 (7072827.420.000) 03/20 13:29:58 Image size of job updated: 715776
	699  -  MemoryUsage of job (MB)
	715776  -  ResidentSetSize of job (KB)
...
006 (7072827.420.000) 03/20 13:34:59 Image size of job updated: 715832
	700  -  MemoryUsage of job (MB)
	715832  -  ResidentSetSize of job (KB)
...
006 (7072827.420.000) 03/20 13:40:00 Image size of job updated: 715836
	700  -  MemoryUsage of job (MB)
	715836  -  ResidentSetSize of job (KB)
...
006 (7072827.420.000) 03/20 13:50:01 Image size of job updated: 717888
	702  -  MemoryUsage of job (MB)
	717888  -  ResidentSetSize of job (KB)
...
006 (7072827.420.000) 03/20 13:55:02 Image size of job updated: 719700
	703  -  MemoryUsage of job (MB)
	719700  -  ResidentSetSize of job (KB)
...
006 (7072827.420.000) 03/20 14:00:02 Image size of job updated: 720120
	704  -  MemoryUsage of job (MB)
	720120  -  ResidentSetSize of job (KB)
...
006 (7072827.420.000) 03/20 14:25:06 Image size of job updated: 720672
	704  -  MemoryUsage of job (MB)
	720672  -  ResidentSetSize of job (KB)
...
006 (7072827.420.000) 03/20 14:55:09 Image size of job updated: 722812
	706  -  MemoryUsage of job (MB)
	722812  -  ResidentSetSize of job (KB)
...
006 (7072827.420.000) 03/20 18:05:27 Image size of job updated: 722872
	706  -  MemoryUsage of job (MB)
	722872  -  ResidentSetSize of job (KB)
...
006 (7072827.420.000) 03/20 18:15:27 Image size of job updated: 722888
	706  -  MemoryUsage of job (MB)
	722888  -  ResidentSetSize of job (KB)
...
006 (7072827.420.000) 03/20 18:40:29 Image size of job updated: 722928
	706  -  MemoryUsage of job (MB)
	722928  -  ResidentSetSize of job (KB)
...
006 (7072827.420.000) 03/20 19:00:30 Image size of job updated: 722972
	707  -  MemoryUsage of job (MB)
	722972  -  ResidentSetSize of job (KB)
...
006 (7072827.420.000) 03/20 21:00:41 Image size of job updated: 722980
	707  -  MemoryUsage of job (MB)
	722980  -  ResidentSetSize of job (KB)
...
006 (7072827.420.000) 03/20 22:00:48 Image size of job updated: 723036
	707  -  MemoryUsage of job (MB)
	723036  -  ResidentSetSize of job (KB)
...
006 (7072827.420.000) 03/20 23:15:55 Image size of job updated: 723080
	707  -  MemoryUsage of job (MB)
	723080  -  ResidentSetSize of job (KB)
...
006 (7072827.420.000) 03/20 23:25:56 Image size of job updated: 723712
	707  -  MemoryUsage of job (MB)
	723712  -  ResidentSetSize of job (KB)
...
006 (7072827.420.000) 03/20 23:30:57 Image size of job updated: 723784
	707  -  MemoryUsage of job (MB)
	723784  -  ResidentSetSize of job (KB)
...
006 (7072827.420.000) 03/21 00:06:01 Image size of job updated: 727340
	711  -  MemoryUsage of job (MB)
	727340  -  ResidentSetSize of job (KB)
...
006 (7072827.420.000) 03/21 00:21:02 Image size of job updated: 727412
	711  -  MemoryUsage of job (MB)
	727412  -  ResidentSetSize of job (KB)
...
006 (7072827.420.000) 03/21 00:26:03 Image size of job updated: 745980
	729  -  MemoryUsage of job (MB)
	745980  -  ResidentSetSize of job (KB)
...
006 (7072827.420.000) 03/21 00:31:03 Image size of job updated: 747240
	730  -  MemoryUsage of job (MB)
	747240  -  ResidentSetSize of job (KB)
...
006 (7072827.420.000) 03/21 00:41:04 Image size of job updated: 747336
	730  -  MemoryUsage of job (MB)
	747336  -  ResidentSetSize of job (KB)
...
006 (7072827.420.000) 03/21 00:46:04 Image size of job updated: 747408
	730  -  MemoryUsage of job (MB)
	747408  -  ResidentSetSize of job (KB)
...
006 (7072827.420.000) 03/21 02:31:16 Image size of job updated: 747460
	730  -  MemoryUsage of job (MB)
	747460  -  ResidentSetSize of job (KB)
...
006 (7072827.420.000) 03/21 03:31:24 Image size of job updated: 747500
	730  -  MemoryUsage of job (MB)
	747500  -  ResidentSetSize of job (KB)
...
006 (7072827.420.000) 03/21 04:06:26 Image size of job updated: 747548
	731  -  MemoryUsage of job (MB)
	747548  -  ResidentSetSize of job (KB)
...
006 (7072827.420.000) 03/21 04:11:26 Image size of job updated: 747576
	731  -  MemoryUsage of job (MB)
	747576  -  ResidentSetSize of job (KB)
...
006 (7072827.420.000) 03/21 04:51:31 Image size of job updated: 747652
	731  -  MemoryUsage of job (MB)
	747652  -  ResidentSetSize of job (KB)
...
006 (7072827.420.000) 03/21 05:01:31 Image size of job updated: 750864
	734  -  MemoryUsage of job (MB)
	750864  -  ResidentSetSize of job (KB)
...
006 (7072827.420.000) 03/21 05:06:32 Image size of job updated: 755396
	738  -  MemoryUsage of job (MB)
	755396  -  ResidentSetSize of job (KB)
...
006 (7072827.420.000) 03/21 06:06:39 Image size of job updated: 755464
	738  -  MemoryUsage of job (MB)
	755464  -  ResidentSetSize of job (KB)
...
006 (7072827.420.000) 03/21 07:36:47 Image size of job updated: 755520
	738  -  MemoryUsage of job (MB)
	755520  -  ResidentSetSize of job (KB)
...
006 (7072827.420.000) 03/21 07:51:48 Image size of job updated: 755540
	738  -  MemoryUsage of job (MB)
	755540  -  ResidentSetSize of job (KB)
...
006 (7072827.420.000) 03/21 08:01:49 Image size of job updated: 755572
	738  -  MemoryUsage of job (MB)
	755572  -  ResidentSetSize of job (KB)
...
006 (7072827.420.000) 03/21 11:02:07 Image size of job updated: 761164
	738  -  MemoryUsage of job (MB)
	755572  -  ResidentSetSize of job (KB)
...
040 (7072827.420.000) 03/21 19:58:59 Started transferring output files
...
040 (7072827.420.000) 03/21 19:58:59 Finished transferring output files
...
005 (7072827.420.000) 03/21 19:58:59 Job terminated.
	(1) Normal termination (return value 0)
		Usr 1 09:06:44, Sys 0 00:02:49  -  Run Remote Usage
		Usr 0 00:00:00, Sys 0 00:00:00  -  Run Local Usage
		Usr 1 09:06:44, Sys 0 00:02:49  -  Total Remote Usage
		Usr 0 00:00:00, Sys 0 00:00:00  -  Total Local Usage
	13013  -  Run Bytes Sent By Job
	1380  -  Run Bytes Received By Job
	13013  -  Total Bytes Sent By Job
	1380  -  Total Bytes Received By Job
	Partitionable Resources :     Usage  Request Allocated 
	   Cpus                 :      0.99        1         1 
	   Disk (KB)            :     47           2      3837 
	   GPUs                 :                            0 
	   Memory (MB)          :    738        3000      3000 
	   TimeExecute (s)      : 123278                       
	   TimeSlotBusy (s)     : 123279                       

	Job terminated of its own accord at 2026-03-21T18:58:59Z with exit-code 0.
...
