000 (7072827.468.000) 03/20 09:40:28 Job submitted from host: <188.185.125.71:9618?addrs=188.185.125.71-9618+[2001-1458-d00-4a--100-15e]-9618&alias=bigbird28.cern.ch&noUDP&sock=schedd_2603_051c>
...
040 (7072827.468.000) 03/20 09:44:36 Started transferring input files
	Transferring to host: <188.185.193.59:9618?addrs=188.185.193.59-9618+[2001-1458-303-20--100-37]-9618&alias=b9p19p9983.cern.ch&noUDP&sock=slot1_37_5443_d5f6_178717>
...
040 (7072827.468.000) 03/20 09:44:36 Finished transferring input files
...
001 (7072827.468.000) 03/20 09:44:37 Job executing on host: <188.185.193.59:9618?addrs=188.185.193.59-9618+[2001-1458-303-20--100-37]-9618&alias=b9p19p9983.cern.ch&noUDP&sock=startd_4319_0da0>
	SlotName: slot1_37@b9p19p9983.cern.ch
	CondorScratchDir = "/pool/condor/dir_992201"
	Cpus = 1
	Disk = 3838
	GPUs = 0
	Memory = 3000
...
006 (7072827.468.000) 03/20 09:44:50 Image size of job updated: 876
	1  -  MemoryUsage of job (MB)
	876  -  ResidentSetSize of job (KB)
...
006 (7072827.468.000) 03/20 09:49:50 Image size of job updated: 653012
	638  -  MemoryUsage of job (MB)
	653012  -  ResidentSetSize of job (KB)
...
006 (7072827.468.000) 03/20 09:54:51 Image size of job updated: 654152
	639  -  MemoryUsage of job (MB)
	654152  -  ResidentSetSize of job (KB)
...
006 (7072827.468.000) 03/20 09:59:51 Image size of job updated: 658464
	644  -  MemoryUsage of job (MB)
	658464  -  ResidentSetSize of job (KB)
...
006 (7072827.468.000) 03/20 10:04:51 Image size of job updated: 658468
	644  -  MemoryUsage of job (MB)
	658468  -  ResidentSetSize of job (KB)
...
006 (7072827.468.000) 03/20 10:14:52 Image size of job updated: 658472
	644  -  MemoryUsage of job (MB)
	658472  -  ResidentSetSize of job (KB)
...
006 (7072827.468.000) 03/20 10:19:53 Image size of job updated: 661200
	646  -  MemoryUsage of job (MB)
	661200  -  ResidentSetSize of job (KB)
...
006 (7072827.468.000) 03/20 10:49:57 Image size of job updated: 663436
	648  -  MemoryUsage of job (MB)
	663436  -  ResidentSetSize of job (KB)
...
006 (7072827.468.000) 03/20 10:54:58 Image size of job updated: 703732
	688  -  MemoryUsage of job (MB)
	703732  -  ResidentSetSize of job (KB)
...
006 (7072827.468.000) 03/20 10:59:58 Image size of job updated: 706508
	690  -  MemoryUsage of job (MB)
	706508  -  ResidentSetSize of job (KB)
...
006 (7072827.468.000) 03/20 11:09:59 Image size of job updated: 710912
	695  -  MemoryUsage of job (MB)
	710912  -  ResidentSetSize of job (KB)
...
006 (7072827.468.000) 03/20 11:30:00 Image size of job updated: 710916
	695  -  MemoryUsage of job (MB)
	710916  -  ResidentSetSize of job (KB)
...
006 (7072827.468.000) 03/20 11:35:01 Image size of job updated: 713884
	698  -  MemoryUsage of job (MB)
	713884  -  ResidentSetSize of job (KB)
...
006 (7072827.468.000) 03/20 11:45:01 Image size of job updated: 724256
	708  -  MemoryUsage of job (MB)
	724256  -  ResidentSetSize of job (KB)
...
006 (7072827.468.000) 03/20 11:50:02 Image size of job updated: 724352
	708  -  MemoryUsage of job (MB)
	724352  -  ResidentSetSize of job (KB)
...
006 (7072827.468.000) 03/20 12:15:03 Image size of job updated: 724440
	708  -  MemoryUsage of job (MB)
	724440  -  ResidentSetSize of job (KB)
...
006 (7072827.468.000) 03/20 12:40:06 Image size of job updated: 729104
	713  -  MemoryUsage of job (MB)
	729104  -  ResidentSetSize of job (KB)
...
006 (7072827.468.000) 03/20 12:55:08 Image size of job updated: 730580
	713  -  MemoryUsage of job (MB)
	729104  -  ResidentSetSize of job (KB)
...
006 (7072827.468.000) 03/20 15:15:24 Image size of job updated: 740044
	720  -  MemoryUsage of job (MB)
	736684  -  ResidentSetSize of job (KB)
...
006 (7072827.468.000) 03/20 22:06:04 Image size of job updated: 741264
	724  -  MemoryUsage of job (MB)
	741264  -  ResidentSetSize of job (KB)
...
006 (7072827.468.000) 03/20 22:11:04 Image size of job updated: 741548
	725  -  MemoryUsage of job (MB)
	741548  -  ResidentSetSize of job (KB)
...
006 (7072827.468.000) 03/20 22:21:05 Image size of job updated: 741584
	725  -  MemoryUsage of job (MB)
	741584  -  ResidentSetSize of job (KB)
...
006 (7072827.468.000) 03/20 22:36:07 Image size of job updated: 741604
	725  -  MemoryUsage of job (MB)
	741604  -  ResidentSetSize of job (KB)
...
006 (7072827.468.000) 03/20 23:36:14 Image size of job updated: 741624
	725  -  MemoryUsage of job (MB)
	741624  -  ResidentSetSize of job (KB)
...
006 (7072827.468.000) 03/21 01:21:23 Image size of job updated: 746552
	730  -  MemoryUsage of job (MB)
	746552  -  ResidentSetSize of job (KB)
...
006 (7072827.468.000) 03/21 01:36:25 Image size of job updated: 748644
	732  -  MemoryUsage of job (MB)
	748644  -  ResidentSetSize of job (KB)
...
006 (7072827.468.000) 03/21 02:01:27 Image size of job updated: 748656
	732  -  MemoryUsage of job (MB)
	748656  -  ResidentSetSize of job (KB)
...
006 (7072827.468.000) 03/21 02:11:28 Image size of job updated: 748660
	732  -  MemoryUsage of job (MB)
	748660  -  ResidentSetSize of job (KB)
...
006 (7072827.468.000) 03/21 03:41:38 Image size of job updated: 748672
	732  -  MemoryUsage of job (MB)
	748672  -  ResidentSetSize of job (KB)
...
006 (7072827.468.000) 03/21 04:06:41 Image size of job updated: 748684
	732  -  MemoryUsage of job (MB)
	748684  -  ResidentSetSize of job (KB)
...
006 (7072827.468.000) 03/21 04:16:42 Image size of job updated: 748688
	732  -  MemoryUsage of job (MB)
	748688  -  ResidentSetSize of job (KB)
...
006 (7072827.468.000) 03/21 05:01:48 Image size of job updated: 748700
	732  -  MemoryUsage of job (MB)
	748700  -  ResidentSetSize of job (KB)
...
006 (7072827.468.000) 03/21 05:16:50 Image size of job updated: 748704
	732  -  MemoryUsage of job (MB)
	748704  -  ResidentSetSize of job (KB)
...
006 (7072827.468.000) 03/21 06:06:54 Image size of job updated: 748712
	732  -  MemoryUsage of job (MB)
	748712  -  ResidentSetSize of job (KB)
...
006 (7072827.468.000) 03/21 10:57:23 Image size of job updated: 748724
	732  -  MemoryUsage of job (MB)
	748724  -  ResidentSetSize of job (KB)
...
006 (7072827.468.000) 03/21 12:32:33 Image size of job updated: 750648
	734  -  MemoryUsage of job (MB)
	750648  -  ResidentSetSize of job (KB)
...
006 (7072827.468.000) 03/21 13:17:37 Image size of job updated: 750660
	734  -  MemoryUsage of job (MB)
	750660  -  ResidentSetSize of job (KB)
...
006 (7072827.468.000) 03/21 14:07:42 Image size of job updated: 750664
	734  -  MemoryUsage of job (MB)
	750664  -  ResidentSetSize of job (KB)
...
006 (7072827.468.000) 03/21 15:12:49 Image size of job updated: 750984
	734  -  MemoryUsage of job (MB)
	750984  -  ResidentSetSize of job (KB)
...
006 (7072827.468.000) 03/21 15:32:51 Image size of job updated: 751100
	734  -  MemoryUsage of job (MB)
	751100  -  ResidentSetSize of job (KB)
...
040 (7072827.468.000) 03/21 20:08:59 Started transferring output files
...
040 (7072827.468.000) 03/21 20:08:59 Finished transferring output files
...
005 (7072827.468.000) 03/21 20:08:59 Job terminated.
	(1) Normal termination (return value 0)
		Usr 1 10:03:23, Sys 0 00:01:11  -  Run Remote Usage
		Usr 0 00:00:00, Sys 0 00:00:00  -  Run Local Usage
		Usr 1 10:03:23, Sys 0 00:01:11  -  Total Remote Usage
		Usr 0 00:00:00, Sys 0 00:00:00  -  Total Local Usage
	13155  -  Run Bytes Sent By Job
	1380  -  Run Bytes Received By Job
	13155  -  Total Bytes Sent By Job
	1380  -  Total Bytes Received By Job
	Partitionable Resources :     Usage  Request Allocated 
	   Cpus                 :      0.99        1         1 
	   Disk (KB)            :     47           2      3838 
	   GPUs                 :                            0 
	   Memory (MB)          :    734        3000      3000 
	   TimeExecute (s)      : 123862                       
	   TimeSlotBusy (s)     : 123863                       

	Job terminated of its own accord at 2026-03-21T19:08:59Z with exit-code 0.
...
