000 (7072827.081.000) 03/20 09:40:27 Job submitted from host: <188.185.125.71:9618?addrs=188.185.125.71-9618+[2001-1458-d00-4a--100-15e]-9618&alias=bigbird28.cern.ch&noUDP&sock=schedd_2603_051c>
...
040 (7072827.081.000) 03/20 09:42:27 Started transferring input files
	Transferring to host: <188.185.194.76:9618?addrs=188.185.194.76-9618+[2001-1458-303-21--100-48]-9618&alias=b9p20p1995.cern.ch&noUDP&sock=slot1_30_7680_0131_176757>
...
040 (7072827.081.000) 03/20 09:42:27 Finished transferring input files
...
001 (7072827.081.000) 03/20 09:42:28 Job executing on host: <188.185.194.76:9618?addrs=188.185.194.76-9618+[2001-1458-303-21--100-48]-9618&alias=b9p20p1995.cern.ch&noUDP&sock=startd_6464_5846>
	SlotName: slot1_30@b9p20p1995.cern.ch
	CondorScratchDir = "/pool/condor/dir_2174216"
	Cpus = 1
	Disk = 3772
	GPUs = 0
	Memory = 3000
...
006 (7072827.081.000) 03/20 09:42:41 Image size of job updated: 1240
	2  -  MemoryUsage of job (MB)
	1240  -  ResidentSetSize of job (KB)
...
006 (7072827.081.000) 03/20 09:47:41 Image size of job updated: 1932
	2  -  MemoryUsage of job (MB)
	1240  -  ResidentSetSize of job (KB)
...
006 (7072827.081.000) 03/20 10:27:44 Image size of job updated: 676040
	661  -  MemoryUsage of job (MB)
	676040  -  ResidentSetSize of job (KB)
...
006 (7072827.081.000) 03/20 10:32:44 Image size of job updated: 676124
	661  -  MemoryUsage of job (MB)
	676124  -  ResidentSetSize of job (KB)
...
006 (7072827.081.000) 03/20 10:37:45 Image size of job updated: 676136
	661  -  MemoryUsage of job (MB)
	676136  -  ResidentSetSize of job (KB)
...
006 (7072827.081.000) 03/20 10:42:46 Image size of job updated: 676140
	661  -  MemoryUsage of job (MB)
	676140  -  ResidentSetSize of job (KB)
...
006 (7072827.081.000) 03/20 10:52:47 Image size of job updated: 676148
	661  -  MemoryUsage of job (MB)
	676148  -  ResidentSetSize of job (KB)
...
006 (7072827.081.000) 03/20 11:12:50 Image size of job updated: 676152
	661  -  MemoryUsage of job (MB)
	676152  -  ResidentSetSize of job (KB)
...
006 (7072827.081.000) 03/20 11:17:50 Image size of job updated: 676156
	661  -  MemoryUsage of job (MB)
	676156  -  ResidentSetSize of job (KB)
...
006 (7072827.081.000) 03/20 12:07:54 Image size of job updated: 685128
	670  -  MemoryUsage of job (MB)
	685128  -  ResidentSetSize of job (KB)
...
006 (7072827.081.000) 03/20 12:32:58 Image size of job updated: 685140
	670  -  MemoryUsage of job (MB)
	685140  -  ResidentSetSize of job (KB)
...
006 (7072827.081.000) 03/20 12:48:00 Image size of job updated: 732200
	716  -  MemoryUsage of job (MB)
	732200  -  ResidentSetSize of job (KB)
...
006 (7072827.081.000) 03/20 12:53:00 Image size of job updated: 732204
	716  -  MemoryUsage of job (MB)
	732204  -  ResidentSetSize of job (KB)
...
006 (7072827.081.000) 03/20 13:28:02 Image size of job updated: 734924
	718  -  MemoryUsage of job (MB)
	734924  -  ResidentSetSize of job (KB)
...
006 (7072827.081.000) 03/20 14:18:09 Image size of job updated: 740960
	724  -  MemoryUsage of job (MB)
	740960  -  ResidentSetSize of job (KB)
...
006 (7072827.081.000) 03/20 14:23:10 Image size of job updated: 741028
	724  -  MemoryUsage of job (MB)
	741028  -  ResidentSetSize of job (KB)
...
006 (7072827.081.000) 03/20 15:38:18 Image size of job updated: 741072
	724  -  MemoryUsage of job (MB)
	741072  -  ResidentSetSize of job (KB)
...
006 (7072827.081.000) 03/20 16:08:21 Image size of job updated: 741208
	724  -  MemoryUsage of job (MB)
	741208  -  ResidentSetSize of job (KB)
...
006 (7072827.081.000) 03/20 16:33:22 Image size of job updated: 748592
	732  -  MemoryUsage of job (MB)
	748592  -  ResidentSetSize of job (KB)
...
006 (7072827.081.000) 03/20 16:48:23 Image size of job updated: 748684
	732  -  MemoryUsage of job (MB)
	748684  -  ResidentSetSize of job (KB)
...
006 (7072827.081.000) 03/20 18:28:32 Image size of job updated: 749324
	732  -  MemoryUsage of job (MB)
	749324  -  ResidentSetSize of job (KB)
...
006 (7072827.081.000) 03/20 18:33:33 Image size of job updated: 750916
	734  -  MemoryUsage of job (MB)
	750916  -  ResidentSetSize of job (KB)
...
006 (7072827.081.000) 03/20 18:38:33 Image size of job updated: 751024
	734  -  MemoryUsage of job (MB)
	751024  -  ResidentSetSize of job (KB)
...
006 (7072827.081.000) 03/20 18:58:34 Image size of job updated: 751076
	734  -  MemoryUsage of job (MB)
	751076  -  ResidentSetSize of job (KB)
...
006 (7072827.081.000) 03/20 19:38:40 Image size of job updated: 751088
	734  -  MemoryUsage of job (MB)
	751088  -  ResidentSetSize of job (KB)
...
006 (7072827.081.000) 03/20 21:18:51 Image size of job updated: 751116
	734  -  MemoryUsage of job (MB)
	751116  -  ResidentSetSize of job (KB)
...
006 (7072827.081.000) 03/20 21:53:55 Image size of job updated: 757892
	741  -  MemoryUsage of job (MB)
	757892  -  ResidentSetSize of job (KB)
...
006 (7072827.081.000) 03/20 21:58:55 Image size of job updated: 764092
	747  -  MemoryUsage of job (MB)
	764092  -  ResidentSetSize of job (KB)
...
006 (7072827.081.000) 03/20 22:03:56 Image size of job updated: 764156
	747  -  MemoryUsage of job (MB)
	764156  -  ResidentSetSize of job (KB)
...
006 (7072827.081.000) 03/20 23:34:04 Image size of job updated: 764508
	747  -  MemoryUsage of job (MB)
	764508  -  ResidentSetSize of job (KB)
...
006 (7072827.081.000) 03/20 23:44:06 Image size of job updated: 764612
	747  -  MemoryUsage of job (MB)
	764612  -  ResidentSetSize of job (KB)
...
006 (7072827.081.000) 03/21 00:39:12 Image size of job updated: 764684
	747  -  MemoryUsage of job (MB)
	764684  -  ResidentSetSize of job (KB)
...
006 (7072827.081.000) 03/21 01:44:16 Image size of job updated: 764700
	747  -  MemoryUsage of job (MB)
	764700  -  ResidentSetSize of job (KB)
...
006 (7072827.081.000) 03/21 03:59:29 Image size of job updated: 767336
	747  -  MemoryUsage of job (MB)
	764700  -  ResidentSetSize of job (KB)
...
040 (7072827.081.000) 03/22 01:13:41 Started transferring output files
...
040 (7072827.081.000) 03/22 01:13:41 Finished transferring output files
...
005 (7072827.081.000) 03/22 01:13:41 Job terminated.
	(1) Normal termination (return value 0)
		Usr 1 14:05:47, Sys 0 00:03:04  -  Run Remote Usage
		Usr 0 00:00:00, Sys 0 00:00:00  -  Run Local Usage
		Usr 1 14:05:47, Sys 0 00:03:04  -  Total Remote Usage
		Usr 0 00:00:00, Sys 0 00:00:00  -  Total Local Usage
	12486  -  Run Bytes Sent By Job
	1380  -  Run Bytes Received By Job
	12486  -  Total Bytes Sent By Job
	1380  -  Total Bytes Received By Job
	Partitionable Resources :     Usage  Request Allocated 
	   Cpus                 :      0.99        1         1 
	   Disk (KB)            :     48           2      3772 
	   GPUs                 :                            0 
	   Memory (MB)          :    747        3000      3000 
	   TimeExecute (s)      : 142273                       
	   TimeSlotBusy (s)     : 142276                       

	Job terminated of its own accord at 2026-03-22T00:13:41Z with exit-code 0.
...
