000 (7072827.405.000) 03/20 09:40:28 Job submitted from host: <188.185.125.71:9618?addrs=188.185.125.71-9618+[2001-1458-d00-4a--100-15e]-9618&alias=bigbird28.cern.ch&noUDP&sock=schedd_2603_051c>
...
040 (7072827.405.000) 03/20 09:44:15 Started transferring input files
	Transferring to host: <188.185.192.111:9618?addrs=188.185.192.111-9618+[2001-1458-303-1f--100-6b]-9618&alias=b9p13p6936.cern.ch&noUDP&sock=slot1_42_380648_b370_121458>
...
040 (7072827.405.000) 03/20 09:44:15 Finished transferring input files
...
001 (7072827.405.000) 03/20 09:44:16 Job executing on host: <188.185.192.111:9618?addrs=188.185.192.111-9618+[2001-1458-303-1f--100-6b]-9618&alias=b9p13p6936.cern.ch&noUDP&sock=startd_5818_3e18>
	SlotName: slot1_42@b9p13p6936.cern.ch
	CondorScratchDir = "/pool/condor/dir_1892512"
	Cpus = 1
	Disk = 3873
	GPUs = 0
	Memory = 3000
...
006 (7072827.405.000) 03/20 09:44:29 Image size of job updated: 884
	1  -  MemoryUsage of job (MB)
	884  -  ResidentSetSize of job (KB)
...
006 (7072827.405.000) 03/20 10:14:32 Image size of job updated: 673752
	658  -  MemoryUsage of job (MB)
	673752  -  ResidentSetSize of job (KB)
...
006 (7072827.405.000) 03/20 10:19:32 Image size of job updated: 673836
	659  -  MemoryUsage of job (MB)
	673836  -  ResidentSetSize of job (KB)
...
006 (7072827.405.000) 03/20 10:24:33 Image size of job updated: 673852
	659  -  MemoryUsage of job (MB)
	673852  -  ResidentSetSize of job (KB)
...
006 (7072827.405.000) 03/20 10:34:34 Image size of job updated: 673860
	659  -  MemoryUsage of job (MB)
	673860  -  ResidentSetSize of job (KB)
...
006 (7072827.405.000) 03/20 10:39:35 Image size of job updated: 673864
	659  -  MemoryUsage of job (MB)
	673864  -  ResidentSetSize of job (KB)
...
006 (7072827.405.000) 03/20 11:19:39 Image size of job updated: 673900
	659  -  MemoryUsage of job (MB)
	673900  -  ResidentSetSize of job (KB)
...
006 (7072827.405.000) 03/20 11:44:41 Image size of job updated: 673928
	659  -  MemoryUsage of job (MB)
	673928  -  ResidentSetSize of job (KB)
...
006 (7072827.405.000) 03/20 11:49:42 Image size of job updated: 687748
	672  -  MemoryUsage of job (MB)
	687748  -  ResidentSetSize of job (KB)
...
006 (7072827.405.000) 03/20 11:54:42 Image size of job updated: 731700
	715  -  MemoryUsage of job (MB)
	731700  -  ResidentSetSize of job (KB)
...
006 (7072827.405.000) 03/20 11:59:42 Image size of job updated: 733540
	717  -  MemoryUsage of job (MB)
	733540  -  ResidentSetSize of job (KB)
...
006 (7072827.405.000) 03/20 12:04:43 Image size of job updated: 733544
	717  -  MemoryUsage of job (MB)
	733544  -  ResidentSetSize of job (KB)
...
006 (7072827.405.000) 03/20 13:09:49 Image size of job updated: 742060
	725  -  MemoryUsage of job (MB)
	742060  -  ResidentSetSize of job (KB)
...
006 (7072827.405.000) 03/20 13:29:52 Image size of job updated: 742064
	725  -  MemoryUsage of job (MB)
	742064  -  ResidentSetSize of job (KB)
...
006 (7072827.405.000) 03/20 13:49:54 Image size of job updated: 742068
	725  -  MemoryUsage of job (MB)
	742068  -  ResidentSetSize of job (KB)
...
006 (7072827.405.000) 03/20 14:14:57 Image size of job updated: 744648
	728  -  MemoryUsage of job (MB)
	744648  -  ResidentSetSize of job (KB)
...
006 (7072827.405.000) 03/20 14:19:57 Image size of job updated: 748832
	732  -  MemoryUsage of job (MB)
	748832  -  ResidentSetSize of job (KB)
...
006 (7072827.405.000) 03/20 14:24:57 Image size of job updated: 752928
	732  -  MemoryUsage of job (MB)
	748832  -  ResidentSetSize of job (KB)
...
006 (7072827.405.000) 03/20 14:29:58 Image size of job updated: 752928
	733  -  MemoryUsage of job (MB)
	749764  -  ResidentSetSize of job (KB)
...
006 (7072827.405.000) 03/20 14:50:01 Image size of job updated: 752928
	733  -  MemoryUsage of job (MB)
	749784  -  ResidentSetSize of job (KB)
...
006 (7072827.405.000) 03/20 15:15:03 Image size of job updated: 752928
	733  -  MemoryUsage of job (MB)
	749984  -  ResidentSetSize of job (KB)
...
006 (7072827.405.000) 03/20 16:00:06 Image size of job updated: 752928
	733  -  MemoryUsage of job (MB)
	749988  -  ResidentSetSize of job (KB)
...
006 (7072827.405.000) 03/20 18:15:22 Image size of job updated: 752928
	733  -  MemoryUsage of job (MB)
	750000  -  ResidentSetSize of job (KB)
...
006 (7072827.405.000) 03/20 19:25:28 Image size of job updated: 752928
	733  -  MemoryUsage of job (MB)
	750004  -  ResidentSetSize of job (KB)
...
006 (7072827.405.000) 03/20 21:00:37 Image size of job updated: 752928
	733  -  MemoryUsage of job (MB)
	750020  -  ResidentSetSize of job (KB)
...
006 (7072827.405.000) 03/20 21:40:40 Image size of job updated: 752928
	733  -  MemoryUsage of job (MB)
	750064  -  ResidentSetSize of job (KB)
...
006 (7072827.405.000) 03/20 22:30:44 Image size of job updated: 752928
	734  -  MemoryUsage of job (MB)
	750684  -  ResidentSetSize of job (KB)
...
006 (7072827.405.000) 03/20 22:35:44 Image size of job updated: 769664
	752  -  MemoryUsage of job (MB)
	769664  -  ResidentSetSize of job (KB)
...
006 (7072827.405.000) 03/20 22:40:45 Image size of job updated: 771344
	754  -  MemoryUsage of job (MB)
	771344  -  ResidentSetSize of job (KB)
...
006 (7072827.405.000) 03/20 23:45:52 Image size of job updated: 771360
	754  -  MemoryUsage of job (MB)
	771360  -  ResidentSetSize of job (KB)
...
006 (7072827.405.000) 03/21 00:00:53 Image size of job updated: 773724
	756  -  MemoryUsage of job (MB)
	773724  -  ResidentSetSize of job (KB)
...
040 (7072827.405.000) 03/21 18:06:53 Started transferring output files
...
040 (7072827.405.000) 03/21 18:06:54 Finished transferring output files
...
005 (7072827.405.000) 03/21 18:06:55 Job terminated.
	(1) Normal termination (return value 0)
		Usr 1 07:39:20, Sys 0 00:01:00  -  Run Remote Usage
		Usr 0 00:00:00, Sys 0 00:00:00  -  Run Local Usage
		Usr 1 07:39:20, Sys 0 00:01:00  -  Total Remote Usage
		Usr 0 00:00:00, Sys 0 00:00:00  -  Total Local Usage
	12921  -  Run Bytes Sent By Job
	1380  -  Run Bytes Received By Job
	12921  -  Total Bytes Sent By Job
	1380  -  Total Bytes Received By Job
	Partitionable Resources :     Usage  Request Allocated 
	   Cpus                 :      1.00        1         1 
	   Disk (KB)            :     48           2      3873 
	   GPUs                 :                            0 
	   Memory (MB)          :    756        3000      3000 
	   TimeExecute (s)      : 116556                       
	   TimeSlotBusy (s)     : 116559                       

	Job terminated of its own accord at 2026-03-21T17:06:52Z with exit-code 0.
...
