000 (7072827.572.000) 03/20 09:40:28 Job submitted from host: <188.185.125.71:9618?addrs=188.185.125.71-9618+[2001-1458-d00-4a--100-15e]-9618&alias=bigbird28.cern.ch&noUDP&sock=schedd_2603_051c>
...
040 (7072827.572.000) 03/20 09:45:11 Started transferring input files
	Transferring to host: <188.185.193.59:9618?addrs=188.185.193.59-9618+[2001-1458-303-20--100-37]-9618&alias=b9p19p9983.cern.ch&noUDP&sock=slot1_44_5443_d5f6_178720>
...
040 (7072827.572.000) 03/20 09:45:11 Finished transferring input files
...
001 (7072827.572.000) 03/20 09:45:12 Job executing on host: <188.185.193.59:9618?addrs=188.185.193.59-9618+[2001-1458-303-20--100-37]-9618&alias=b9p19p9983.cern.ch&noUDP&sock=startd_4319_0da0>
	SlotName: slot1_44@b9p19p9983.cern.ch
	CondorScratchDir = "/pool/condor/dir_993005"
	Cpus = 1
	Disk = 3839
	GPUs = 0
	Memory = 3000
...
006 (7072827.572.000) 03/20 09:45:25 Image size of job updated: 872
	1  -  MemoryUsage of job (MB)
	872  -  ResidentSetSize of job (KB)
...
006 (7072827.572.000) 03/20 11:45:38 Image size of job updated: 624020
	610  -  MemoryUsage of job (MB)
	624020  -  ResidentSetSize of job (KB)
...
006 (7072827.572.000) 03/20 11:50:38 Image size of job updated: 651692
	637  -  MemoryUsage of job (MB)
	651692  -  ResidentSetSize of job (KB)
...
006 (7072827.572.000) 03/20 11:55:39 Image size of job updated: 651716
	637  -  MemoryUsage of job (MB)
	651692  -  ResidentSetSize of job (KB)
...
006 (7072827.572.000) 03/20 12:15:42 Image size of job updated: 652876
	638  -  MemoryUsage of job (MB)
	652876  -  ResidentSetSize of job (KB)
...
006 (7072827.572.000) 03/20 12:20:42 Image size of job updated: 657248
	642  -  MemoryUsage of job (MB)
	657248  -  ResidentSetSize of job (KB)
...
006 (7072827.572.000) 03/20 12:25:42 Image size of job updated: 657312
	642  -  MemoryUsage of job (MB)
	657312  -  ResidentSetSize of job (KB)
...
006 (7072827.572.000) 03/20 12:40:43 Image size of job updated: 657316
	642  -  MemoryUsage of job (MB)
	657316  -  ResidentSetSize of job (KB)
...
006 (7072827.572.000) 03/20 12:45:44 Image size of job updated: 657320
	642  -  MemoryUsage of job (MB)
	657320  -  ResidentSetSize of job (KB)
...
006 (7072827.572.000) 03/20 12:50:44 Image size of job updated: 658972
	644  -  MemoryUsage of job (MB)
	658972  -  ResidentSetSize of job (KB)
...
006 (7072827.572.000) 03/20 12:55:44 Image size of job updated: 660940
	646  -  MemoryUsage of job (MB)
	660940  -  ResidentSetSize of job (KB)
...
006 (7072827.572.000) 03/20 13:05:45 Image size of job updated: 670204
	655  -  MemoryUsage of job (MB)
	670204  -  ResidentSetSize of job (KB)
...
006 (7072827.572.000) 03/20 13:10:45 Image size of job updated: 707956
	692  -  MemoryUsage of job (MB)
	707956  -  ResidentSetSize of job (KB)
...
006 (7072827.572.000) 03/20 13:15:46 Image size of job updated: 713824
	698  -  MemoryUsage of job (MB)
	713824  -  ResidentSetSize of job (KB)
...
006 (7072827.572.000) 03/20 13:25:47 Image size of job updated: 713828
	698  -  MemoryUsage of job (MB)
	713828  -  ResidentSetSize of job (KB)
...
006 (7072827.572.000) 03/20 13:50:51 Image size of job updated: 725088
	709  -  MemoryUsage of job (MB)
	725088  -  ResidentSetSize of job (KB)
...
006 (7072827.572.000) 03/20 14:10:52 Image size of job updated: 725132
	709  -  MemoryUsage of job (MB)
	725132  -  ResidentSetSize of job (KB)
...
006 (7072827.572.000) 03/20 14:25:53 Image size of job updated: 725136
	709  -  MemoryUsage of job (MB)
	725136  -  ResidentSetSize of job (KB)
...
006 (7072827.572.000) 03/20 14:45:55 Image size of job updated: 735268
	719  -  MemoryUsage of job (MB)
	735268  -  ResidentSetSize of job (KB)
...
006 (7072827.572.000) 03/20 14:50:56 Image size of job updated: 735272
	719  -  MemoryUsage of job (MB)
	735268  -  ResidentSetSize of job (KB)
...
006 (7072827.572.000) 03/20 14:55:57 Image size of job updated: 736048
	719  -  MemoryUsage of job (MB)
	735268  -  ResidentSetSize of job (KB)
...
006 (7072827.572.000) 03/20 19:36:24 Image size of job updated: 736300
	719  -  MemoryUsage of job (MB)
	735268  -  ResidentSetSize of job (KB)
...
006 (7072827.572.000) 03/20 19:41:24 Image size of job updated: 736300
	719  -  MemoryUsage of job (MB)
	736084  -  ResidentSetSize of job (KB)
...
006 (7072827.572.000) 03/20 19:46:25 Image size of job updated: 736300
	719  -  MemoryUsage of job (MB)
	736196  -  ResidentSetSize of job (KB)
...
006 (7072827.572.000) 03/20 20:16:27 Image size of job updated: 736300
	719  -  MemoryUsage of job (MB)
	736240  -  ResidentSetSize of job (KB)
...
006 (7072827.572.000) 03/20 20:56:30 Image size of job updated: 736300
	720  -  MemoryUsage of job (MB)
	736292  -  ResidentSetSize of job (KB)
...
006 (7072827.572.000) 03/20 21:51:36 Image size of job updated: 736352
	720  -  MemoryUsage of job (MB)
	736352  -  ResidentSetSize of job (KB)
...
006 (7072827.572.000) 03/20 23:06:43 Image size of job updated: 736380
	720  -  MemoryUsage of job (MB)
	736380  -  ResidentSetSize of job (KB)
...
006 (7072827.572.000) 03/20 23:11:44 Image size of job updated: 736400
	720  -  MemoryUsage of job (MB)
	736400  -  ResidentSetSize of job (KB)
...
006 (7072827.572.000) 03/21 00:06:51 Image size of job updated: 736428
	720  -  MemoryUsage of job (MB)
	736428  -  ResidentSetSize of job (KB)
...
006 (7072827.572.000) 03/21 01:11:57 Image size of job updated: 755316
	732  -  MemoryUsage of job (MB)
	749140  -  ResidentSetSize of job (KB)
...
006 (7072827.572.000) 03/21 01:16:58 Image size of job updated: 756752
	739  -  MemoryUsage of job (MB)
	756340  -  ResidentSetSize of job (KB)
...
006 (7072827.572.000) 03/21 01:26:58 Image size of job updated: 758168
	739  -  MemoryUsage of job (MB)
	756340  -  ResidentSetSize of job (KB)
...
006 (7072827.572.000) 03/21 05:42:24 Image size of job updated: 758168
	740  -  MemoryUsage of job (MB)
	757640  -  ResidentSetSize of job (KB)
...
006 (7072827.572.000) 03/21 06:22:28 Image size of job updated: 758168
	741  -  MemoryUsage of job (MB)
	757768  -  ResidentSetSize of job (KB)
...
006 (7072827.572.000) 03/21 07:22:34 Image size of job updated: 758168
	741  -  MemoryUsage of job (MB)
	757776  -  ResidentSetSize of job (KB)
...
006 (7072827.572.000) 03/21 08:37:43 Image size of job updated: 758168
	741  -  MemoryUsage of job (MB)
	757788  -  ResidentSetSize of job (KB)
...
006 (7072827.572.000) 03/21 11:18:00 Image size of job updated: 758168
	741  -  MemoryUsage of job (MB)
	757792  -  ResidentSetSize of job (KB)
...
006 (7072827.572.000) 03/21 11:28:01 Image size of job updated: 758168
	741  -  MemoryUsage of job (MB)
	757804  -  ResidentSetSize of job (KB)
...
006 (7072827.572.000) 03/21 11:48:04 Image size of job updated: 758168
	741  -  MemoryUsage of job (MB)
	757812  -  ResidentSetSize of job (KB)
...
006 (7072827.572.000) 03/21 11:58:05 Image size of job updated: 758168
	741  -  MemoryUsage of job (MB)
	757820  -  ResidentSetSize of job (KB)
...
006 (7072827.572.000) 03/21 12:28:08 Image size of job updated: 758168
	741  -  MemoryUsage of job (MB)
	757824  -  ResidentSetSize of job (KB)
...
006 (7072827.572.000) 03/21 13:13:13 Image size of job updated: 758168
	741  -  MemoryUsage of job (MB)
	757832  -  ResidentSetSize of job (KB)
...
006 (7072827.572.000) 03/21 13:38:15 Image size of job updated: 758168
	741  -  MemoryUsage of job (MB)
	757840  -  ResidentSetSize of job (KB)
...
006 (7072827.572.000) 03/21 16:38:32 Image size of job updated: 758168
	741  -  MemoryUsage of job (MB)
	757848  -  ResidentSetSize of job (KB)
...
006 (7072827.572.000) 03/21 18:08:42 Image size of job updated: 758192
	741  -  MemoryUsage of job (MB)
	758192  -  ResidentSetSize of job (KB)
...
006 (7072827.572.000) 03/21 18:13:43 Image size of job updated: 758208
	741  -  MemoryUsage of job (MB)
	758208  -  ResidentSetSize of job (KB)
...
006 (7072827.572.000) 03/21 18:18:44 Image size of job updated: 758216
	741  -  MemoryUsage of job (MB)
	758216  -  ResidentSetSize of job (KB)
...
006 (7072827.572.000) 03/21 18:28:44 Image size of job updated: 758220
	741  -  MemoryUsage of job (MB)
	758220  -  ResidentSetSize of job (KB)
...
040 (7072827.572.000) 03/21 23:04:30 Started transferring output files
...
040 (7072827.572.000) 03/21 23:04:30 Finished transferring output files
...
005 (7072827.572.000) 03/21 23:04:30 Job terminated.
	(1) Normal termination (return value 0)
		Usr 1 11:04:42, Sys 0 00:01:11  -  Run Remote Usage
		Usr 0 00:00:00, Sys 0 00:00:00  -  Run Local Usage
		Usr 1 11:04:42, Sys 0 00:01:11  -  Total Remote Usage
		Usr 0 00:00:00, Sys 0 00:00:00  -  Total Local Usage
	13345  -  Run Bytes Sent By Job
	1380  -  Run Bytes Received By Job
	13345  -  Total Bytes Sent By Job
	1380  -  Total Bytes Received By Job
	Partitionable Resources :     Usage  Request Allocated 
	   Cpus                 :      0.99        1         1 
	   Disk (KB)            :     47           2      3839 
	   GPUs                 :                            0 
	   Memory (MB)          :    741        3000      3000 
	   TimeExecute (s)      : 134358                       
	   TimeSlotBusy (s)     : 134359                       

	Job terminated of its own accord at 2026-03-21T22:04:30Z with exit-code 0.
...
