000 (7072827.478.000) 03/20 09:40:28 Job submitted from host: <188.185.125.71:9618?addrs=188.185.125.71-9618+[2001-1458-d00-4a--100-15e]-9618&alias=bigbird28.cern.ch&noUDP&sock=schedd_2603_051c>
...
040 (7072827.478.000) 03/20 09:44:39 Started transferring input files
	Transferring to host: <188.185.211.210:9618?addrs=188.185.211.210-9618+[2001-1458-303-17--100-4e]-9618&alias=b9p24p8790.cern.ch&noUDP&sock=slot1_55_3132_86f8_196061>
...
040 (7072827.478.000) 03/20 09:44:39 Finished transferring input files
...
001 (7072827.478.000) 03/20 09:44:40 Job executing on host: <188.185.211.210:9618?addrs=188.185.211.210-9618+[2001-1458-303-17--100-4e]-9618&alias=b9p24p8790.cern.ch&noUDP&sock=startd_2664_dc63>
	SlotName: slot1_55@b9p24p8790.cern.ch
	CondorScratchDir = "/pool/condor/dir_490501"
	Cpus = 1
	Disk = 3832
	GPUs = 0
	Memory = 3000
...
006 (7072827.478.000) 03/20 09:44:54 Image size of job updated: 872
	1  -  MemoryUsage of job (MB)
	872  -  ResidentSetSize of job (KB)
...
006 (7072827.478.000) 03/20 10:04:56 Image size of job updated: 648568
	634  -  MemoryUsage of job (MB)
	648568  -  ResidentSetSize of job (KB)
...
006 (7072827.478.000) 03/20 10:09:56 Image size of job updated: 652152
	637  -  MemoryUsage of job (MB)
	652152  -  ResidentSetSize of job (KB)
...
006 (7072827.478.000) 03/20 10:14:56 Image size of job updated: 653012
	638  -  MemoryUsage of job (MB)
	653012  -  ResidentSetSize of job (KB)
...
006 (7072827.478.000) 03/20 10:19:57 Image size of job updated: 666852
	652  -  MemoryUsage of job (MB)
	666852  -  ResidentSetSize of job (KB)
...
006 (7072827.478.000) 03/20 10:39:58 Image size of job updated: 681088
	652  -  MemoryUsage of job (MB)
	666852  -  ResidentSetSize of job (KB)
...
006 (7072827.478.000) 03/20 10:44:58 Image size of job updated: 681088
	659  -  MemoryUsage of job (MB)
	674464  -  ResidentSetSize of job (KB)
...
006 (7072827.478.000) 03/20 10:49:59 Image size of job updated: 716236
	700  -  MemoryUsage of job (MB)
	716236  -  ResidentSetSize of job (KB)
...
006 (7072827.478.000) 03/20 10:54:59 Image size of job updated: 723124
	707  -  MemoryUsage of job (MB)
	723124  -  ResidentSetSize of job (KB)
...
006 (7072827.478.000) 03/20 11:05:00 Image size of job updated: 728624
	712  -  MemoryUsage of job (MB)
	728624  -  ResidentSetSize of job (KB)
...
006 (7072827.478.000) 03/20 11:15:01 Image size of job updated: 728628
	712  -  MemoryUsage of job (MB)
	728628  -  ResidentSetSize of job (KB)
...
006 (7072827.478.000) 03/20 11:25:03 Image size of job updated: 741384
	725  -  MemoryUsage of job (MB)
	741384  -  ResidentSetSize of job (KB)
...
006 (7072827.478.000) 03/20 12:30:09 Image size of job updated: 741392
	725  -  MemoryUsage of job (MB)
	741392  -  ResidentSetSize of job (KB)
...
006 (7072827.478.000) 03/20 13:20:14 Image size of job updated: 750128
	725  -  MemoryUsage of job (MB)
	741392  -  ResidentSetSize of job (KB)
...
006 (7072827.478.000) 03/20 19:10:49 Image size of job updated: 750128
	733  -  MemoryUsage of job (MB)
	749868  -  ResidentSetSize of job (KB)
...
006 (7072827.478.000) 03/20 19:15:49 Image size of job updated: 759552
	742  -  MemoryUsage of job (MB)
	759552  -  ResidentSetSize of job (KB)
...
006 (7072827.478.000) 03/20 19:30:50 Image size of job updated: 759564
	742  -  MemoryUsage of job (MB)
	759564  -  ResidentSetSize of job (KB)
...
006 (7072827.478.000) 03/20 20:00:52 Image size of job updated: 770276
	742  -  MemoryUsage of job (MB)
	759564  -  ResidentSetSize of job (KB)
...
006 (7072827.478.000) 03/20 20:05:53 Image size of job updated: 770276
	748  -  MemoryUsage of job (MB)
	765628  -  ResidentSetSize of job (KB)
...
006 (7072827.478.000) 03/20 20:10:53 Image size of job updated: 770276
	748  -  MemoryUsage of job (MB)
	765652  -  ResidentSetSize of job (KB)
...
006 (7072827.478.000) 03/20 20:25:54 Image size of job updated: 770276
	748  -  MemoryUsage of job (MB)
	765656  -  ResidentSetSize of job (KB)
...
006 (7072827.478.000) 03/20 20:55:56 Image size of job updated: 770276
	748  -  MemoryUsage of job (MB)
	765660  -  ResidentSetSize of job (KB)
...
006 (7072827.478.000) 03/20 22:06:03 Image size of job updated: 770276
	748  -  MemoryUsage of job (MB)
	765676  -  ResidentSetSize of job (KB)
...
006 (7072827.478.000) 03/20 22:41:05 Image size of job updated: 770276
	748  -  MemoryUsage of job (MB)
	765680  -  ResidentSetSize of job (KB)
...
006 (7072827.478.000) 03/20 22:46:06 Image size of job updated: 770276
	748  -  MemoryUsage of job (MB)
	765688  -  ResidentSetSize of job (KB)
...
006 (7072827.478.000) 03/20 23:31:09 Image size of job updated: 770276
	748  -  MemoryUsage of job (MB)
	765700  -  ResidentSetSize of job (KB)
...
006 (7072827.478.000) 03/21 01:06:16 Image size of job updated: 771420
	748  -  MemoryUsage of job (MB)
	765700  -  ResidentSetSize of job (KB)
...
006 (7072827.478.000) 03/21 01:56:21 Image size of job updated: 775808
	748  -  MemoryUsage of job (MB)
	765700  -  ResidentSetSize of job (KB)
...
006 (7072827.478.000) 03/21 02:01:21 Image size of job updated: 775808
	749  -  MemoryUsage of job (MB)
	766708  -  ResidentSetSize of job (KB)
...
006 (7072827.478.000) 03/21 04:41:37 Image size of job updated: 775808
	750  -  MemoryUsage of job (MB)
	767264  -  ResidentSetSize of job (KB)
...
006 (7072827.478.000) 03/21 04:51:38 Image size of job updated: 775808
	750  -  MemoryUsage of job (MB)
	767280  -  ResidentSetSize of job (KB)
...
006 (7072827.478.000) 03/21 05:01:38 Image size of job updated: 775808
	750  -  MemoryUsage of job (MB)
	767296  -  ResidentSetSize of job (KB)
...
006 (7072827.478.000) 03/21 05:11:40 Image size of job updated: 775808
	750  -  MemoryUsage of job (MB)
	767300  -  ResidentSetSize of job (KB)
...
006 (7072827.478.000) 03/21 05:41:44 Image size of job updated: 775808
	750  -  MemoryUsage of job (MB)
	767312  -  ResidentSetSize of job (KB)
...
006 (7072827.478.000) 03/21 06:36:51 Image size of job updated: 775808
	750  -  MemoryUsage of job (MB)
	767320  -  ResidentSetSize of job (KB)
...
006 (7072827.478.000) 03/21 07:06:55 Image size of job updated: 775808
	750  -  MemoryUsage of job (MB)
	767324  -  ResidentSetSize of job (KB)
...
006 (7072827.478.000) 03/21 07:46:57 Image size of job updated: 775808
	750  -  MemoryUsage of job (MB)
	767332  -  ResidentSetSize of job (KB)
...
040 (7072827.478.000) 03/21 08:15:10 Started transferring output files
...
040 (7072827.478.000) 03/21 08:15:10 Finished transferring output files
...
005 (7072827.478.000) 03/21 08:15:10 Job terminated.
	(1) Normal termination (return value 0)
		Usr 0 21:24:51, Sys 0 00:02:54  -  Run Remote Usage
		Usr 0 00:00:00, Sys 0 00:00:00  -  Run Local Usage
		Usr 0 21:24:51, Sys 0 00:02:54  -  Total Remote Usage
		Usr 0 00:00:00, Sys 0 00:00:00  -  Total Local Usage
	13202  -  Run Bytes Sent By Job
	1380  -  Run Bytes Received By Job
	13202  -  Total Bytes Sent By Job
	1380  -  Total Bytes Received By Job
	Partitionable Resources :    Usage  Request Allocated 
	   Cpus                 :     0.99        1         1 
	   Disk (KB)            :    48           2      3832 
	   GPUs                 :                           0 
	   Memory (MB)          :   750        3000      3000 
	   TimeExecute (s)      : 81030                       
	   TimeSlotBusy (s)     : 81031                       

	Job terminated of its own accord at 2026-03-21T07:15:10Z with exit-code 0.
...
