000 (7072827.243.000) 03/20 09:40:28 Job submitted from host: <188.185.125.71:9618?addrs=188.185.125.71-9618+[2001-1458-d00-4a--100-15e]-9618&alias=bigbird28.cern.ch&noUDP&sock=schedd_2603_051c>
...
040 (7072827.243.000) 03/20 09:43:19 Started transferring input files
	Transferring to host: <188.185.213.51:9618?addrs=188.185.213.51-9618+[2001-1458-303-1a--100-2f]-9618&alias=b9p27p8609.cern.ch&noUDP&sock=slot1_9_4881_db20_196063>
...
040 (7072827.243.000) 03/20 09:43:19 Finished transferring input files
...
001 (7072827.243.000) 03/20 09:43:20 Job executing on host: <188.185.213.51:9618?addrs=188.185.213.51-9618+[2001-1458-303-1a--100-2f]-9618&alias=b9p27p8609.cern.ch&noUDP&sock=startd_3965_3d1a>
	SlotName: slot1_9@b9p27p8609.cern.ch
	CondorScratchDir = "/pool/condor/dir_412247"
	Cpus = 1
	Disk = 3787
	GPUs = 0
	Memory = 3000
...
006 (7072827.243.000) 03/20 09:43:33 Image size of job updated: 876
	1  -  MemoryUsage of job (MB)
	876  -  ResidentSetSize of job (KB)
...
006 (7072827.243.000) 03/20 10:28:36 Image size of job updated: 483104
	472  -  MemoryUsage of job (MB)
	483104  -  ResidentSetSize of job (KB)
...
006 (7072827.243.000) 03/20 10:33:36 Image size of job updated: 497076
	486  -  MemoryUsage of job (MB)
	497076  -  ResidentSetSize of job (KB)
...
006 (7072827.243.000) 03/20 10:38:37 Image size of job updated: 497220
	486  -  MemoryUsage of job (MB)
	497220  -  ResidentSetSize of job (KB)
...
006 (7072827.243.000) 03/20 10:43:37 Image size of job updated: 497908
	487  -  MemoryUsage of job (MB)
	497908  -  ResidentSetSize of job (KB)
...
006 (7072827.243.000) 03/20 10:48:37 Image size of job updated: 498196
	487  -  MemoryUsage of job (MB)
	498196  -  ResidentSetSize of job (KB)
...
006 (7072827.243.000) 03/20 10:53:38 Image size of job updated: 509392
	498  -  MemoryUsage of job (MB)
	509392  -  ResidentSetSize of job (KB)
...
006 (7072827.243.000) 03/20 10:58:38 Image size of job updated: 551896
	539  -  MemoryUsage of job (MB)
	551896  -  ResidentSetSize of job (KB)
...
006 (7072827.243.000) 03/20 11:08:39 Image size of job updated: 552780
	540  -  MemoryUsage of job (MB)
	552780  -  ResidentSetSize of job (KB)
...
006 (7072827.243.000) 03/20 11:33:40 Image size of job updated: 560876
	548  -  MemoryUsage of job (MB)
	560876  -  ResidentSetSize of job (KB)
...
006 (7072827.243.000) 03/20 11:38:41 Image size of job updated: 560880
	548  -  MemoryUsage of job (MB)
	560880  -  ResidentSetSize of job (KB)
...
006 (7072827.243.000) 03/20 12:03:42 Image size of job updated: 561092
	548  -  MemoryUsage of job (MB)
	561092  -  ResidentSetSize of job (KB)
...
006 (7072827.243.000) 03/20 12:28:44 Image size of job updated: 575552
	560  -  MemoryUsage of job (MB)
	572676  -  ResidentSetSize of job (KB)
...
006 (7072827.243.000) 03/20 12:33:44 Image size of job updated: 575552
	560  -  MemoryUsage of job (MB)
	572776  -  ResidentSetSize of job (KB)
...
006 (7072827.243.000) 03/20 13:28:51 Image size of job updated: 736840
	720  -  MemoryUsage of job (MB)
	736840  -  ResidentSetSize of job (KB)
...
006 (7072827.243.000) 03/20 13:33:52 Image size of job updated: 748688
	732  -  MemoryUsage of job (MB)
	748688  -  ResidentSetSize of job (KB)
...
006 (7072827.243.000) 03/20 13:38:53 Image size of job updated: 748792
	732  -  MemoryUsage of job (MB)
	748792  -  ResidentSetSize of job (KB)
...
006 (7072827.243.000) 03/20 15:24:06 Image size of job updated: 748836
	732  -  MemoryUsage of job (MB)
	748836  -  ResidentSetSize of job (KB)
...
006 (7072827.243.000) 03/20 15:39:07 Image size of job updated: 748872
	732  -  MemoryUsage of job (MB)
	748872  -  ResidentSetSize of job (KB)
...
006 (7072827.243.000) 03/20 22:09:42 Image size of job updated: 748892
	732  -  MemoryUsage of job (MB)
	748892  -  ResidentSetSize of job (KB)
...
006 (7072827.243.000) 03/20 22:29:44 Image size of job updated: 748928
	732  -  MemoryUsage of job (MB)
	748928  -  ResidentSetSize of job (KB)
...
006 (7072827.243.000) 03/20 22:34:45 Image size of job updated: 748952
	732  -  MemoryUsage of job (MB)
	748952  -  ResidentSetSize of job (KB)
...
006 (7072827.243.000) 03/20 22:39:45 Image size of job updated: 749868
	733  -  MemoryUsage of job (MB)
	749868  -  ResidentSetSize of job (KB)
...
006 (7072827.243.000) 03/20 22:44:46 Image size of job updated: 749920
	733  -  MemoryUsage of job (MB)
	749920  -  ResidentSetSize of job (KB)
...
006 (7072827.243.000) 03/20 22:54:47 Image size of job updated: 750376
	733  -  MemoryUsage of job (MB)
	750376  -  ResidentSetSize of job (KB)
...
006 (7072827.243.000) 03/20 23:39:53 Image size of job updated: 750388
	733  -  MemoryUsage of job (MB)
	750388  -  ResidentSetSize of job (KB)
...
006 (7072827.243.000) 03/21 00:24:58 Image size of job updated: 750404
	733  -  MemoryUsage of job (MB)
	750404  -  ResidentSetSize of job (KB)
...
006 (7072827.243.000) 03/21 02:35:11 Image size of job updated: 750476
	733  -  MemoryUsage of job (MB)
	750476  -  ResidentSetSize of job (KB)
...
006 (7072827.243.000) 03/21 02:45:12 Image size of job updated: 750576
	733  -  MemoryUsage of job (MB)
	750576  -  ResidentSetSize of job (KB)
...
006 (7072827.243.000) 03/21 03:10:16 Image size of job updated: 750580
	733  -  MemoryUsage of job (MB)
	750580  -  ResidentSetSize of job (KB)
...
006 (7072827.243.000) 03/21 03:15:16 Image size of job updated: 750632
	734  -  MemoryUsage of job (MB)
	750632  -  ResidentSetSize of job (KB)
...
006 (7072827.243.000) 03/21 03:35:19 Image size of job updated: 750692
	734  -  MemoryUsage of job (MB)
	750692  -  ResidentSetSize of job (KB)
...
006 (7072827.243.000) 03/21 03:50:21 Image size of job updated: 750720
	734  -  MemoryUsage of job (MB)
	750720  -  ResidentSetSize of job (KB)
...
006 (7072827.243.000) 03/21 04:40:26 Image size of job updated: 750784
	734  -  MemoryUsage of job (MB)
	750784  -  ResidentSetSize of job (KB)
...
006 (7072827.243.000) 03/21 05:00:27 Image size of job updated: 750824
	734  -  MemoryUsage of job (MB)
	750824  -  ResidentSetSize of job (KB)
...
040 (7072827.243.000) 03/21 05:04:17 Started transferring output files
...
040 (7072827.243.000) 03/21 05:04:17 Finished transferring output files
...
005 (7072827.243.000) 03/21 05:04:17 Job terminated.
	(1) Normal termination (return value 0)
		Usr 0 18:25:22, Sys 0 00:01:29  -  Run Remote Usage
		Usr 0 00:00:00, Sys 0 00:00:00  -  Run Local Usage
		Usr 0 18:25:22, Sys 0 00:01:29  -  Total Remote Usage
		Usr 0 00:00:00, Sys 0 00:00:00  -  Total Local Usage
	12873  -  Run Bytes Sent By Job
	1380  -  Run Bytes Received By Job
	12873  -  Total Bytes Sent By Job
	1380  -  Total Bytes Received By Job
	Partitionable Resources :    Usage  Request Allocated 
	   Cpus                 :     0.99        1         1 
	   Disk (KB)            :    48           2      3787 
	   GPUs                 :                           0 
	   Memory (MB)          :   734        3000      3000 
	   TimeExecute (s)      : 69657                       
	   TimeSlotBusy (s)     : 69659                       

	Job terminated of its own accord at 2026-03-21T04:04:17Z with exit-code 0.
...
