000 (7072827.080.000) 03/20 09:40:27 Job submitted from host: <188.185.125.71:9618?addrs=188.185.125.71-9618+[2001-1458-d00-4a--100-15e]-9618&alias=bigbird28.cern.ch&noUDP&sock=schedd_2603_051c>
...
040 (7072827.080.000) 03/20 09:42:26 Started transferring input files
	Transferring to host: <188.185.192.99:9618?addrs=188.185.192.99-9618+[2001-1458-303-1f--100-5f]-9618&alias=b9p13p7927.cern.ch&noUDP&sock=slot1_22_6996_1096_165970>
...
040 (7072827.080.000) 03/20 09:42:26 Finished transferring input files
...
001 (7072827.080.000) 03/20 09:42:27 Job executing on host: <188.185.192.99:9618?addrs=188.185.192.99-9618+[2001-1458-303-1f--100-5f]-9618&alias=b9p13p7927.cern.ch&noUDP&sock=startd_6476_9369>
	SlotName: slot1_22@b9p13p7927.cern.ch
	CondorScratchDir = "/pool/condor/dir_2123079"
	Cpus = 1
	Disk = 3845
	GPUs = 0
	Memory = 3000
...
006 (7072827.080.000) 03/20 09:42:41 Image size of job updated: 888
	1  -  MemoryUsage of job (MB)
	888  -  ResidentSetSize of job (KB)
...
006 (7072827.080.000) 03/20 10:12:45 Image size of job updated: 670472
	629  -  MemoryUsage of job (MB)
	644052  -  ResidentSetSize of job (KB)
...
006 (7072827.080.000) 03/20 10:17:46 Image size of job updated: 670472
	631  -  MemoryUsage of job (MB)
	645388  -  ResidentSetSize of job (KB)
...
006 (7072827.080.000) 03/20 10:22:47 Image size of job updated: 670472
	638  -  MemoryUsage of job (MB)
	653128  -  ResidentSetSize of job (KB)
...
006 (7072827.080.000) 03/20 10:27:47 Image size of job updated: 670472
	638  -  MemoryUsage of job (MB)
	653132  -  ResidentSetSize of job (KB)
...
006 (7072827.080.000) 03/20 10:32:48 Image size of job updated: 670472
	638  -  MemoryUsage of job (MB)
	653144  -  ResidentSetSize of job (KB)
...
006 (7072827.080.000) 03/20 10:37:49 Image size of job updated: 670472
	638  -  MemoryUsage of job (MB)
	653148  -  ResidentSetSize of job (KB)
...
006 (7072827.080.000) 03/20 10:57:50 Image size of job updated: 670472
	638  -  MemoryUsage of job (MB)
	653152  -  ResidentSetSize of job (KB)
...
006 (7072827.080.000) 03/20 11:02:50 Image size of job updated: 670472
	648  -  MemoryUsage of job (MB)
	663288  -  ResidentSetSize of job (KB)
...
006 (7072827.080.000) 03/20 11:07:51 Image size of job updated: 670472
	650  -  MemoryUsage of job (MB)
	664768  -  ResidentSetSize of job (KB)
...
006 (7072827.080.000) 03/20 11:12:51 Image size of job updated: 704432
	688  -  MemoryUsage of job (MB)
	704432  -  ResidentSetSize of job (KB)
...
006 (7072827.080.000) 03/20 11:17:51 Image size of job updated: 706804
	691  -  MemoryUsage of job (MB)
	706804  -  ResidentSetSize of job (KB)
...
006 (7072827.080.000) 03/20 11:22:52 Image size of job updated: 709432
	693  -  MemoryUsage of job (MB)
	709432  -  ResidentSetSize of job (KB)
...
006 (7072827.080.000) 03/20 11:27:52 Image size of job updated: 709436
	693  -  MemoryUsage of job (MB)
	709436  -  ResidentSetSize of job (KB)
...
006 (7072827.080.000) 03/20 11:37:53 Image size of job updated: 710504
	694  -  MemoryUsage of job (MB)
	710504  -  ResidentSetSize of job (KB)
...
006 (7072827.080.000) 03/20 11:52:55 Image size of job updated: 712828
	697  -  MemoryUsage of job (MB)
	712828  -  ResidentSetSize of job (KB)
...
006 (7072827.080.000) 03/20 12:02:56 Image size of job updated: 712832
	697  -  MemoryUsage of job (MB)
	712832  -  ResidentSetSize of job (KB)
...
006 (7072827.080.000) 03/20 12:32:59 Image size of job updated: 713644
	697  -  MemoryUsage of job (MB)
	713644  -  ResidentSetSize of job (KB)
...
006 (7072827.080.000) 03/20 12:48:00 Image size of job updated: 720212
	704  -  MemoryUsage of job (MB)
	720212  -  ResidentSetSize of job (KB)
...
006 (7072827.080.000) 03/20 13:13:02 Image size of job updated: 724768
	708  -  MemoryUsage of job (MB)
	724768  -  ResidentSetSize of job (KB)
...
006 (7072827.080.000) 03/20 14:03:08 Image size of job updated: 724800
	708  -  MemoryUsage of job (MB)
	724800  -  ResidentSetSize of job (KB)
...
006 (7072827.080.000) 03/20 14:53:12 Image size of job updated: 724944
	708  -  MemoryUsage of job (MB)
	724944  -  ResidentSetSize of job (KB)
...
006 (7072827.080.000) 03/20 15:38:18 Image size of job updated: 724968
	708  -  MemoryUsage of job (MB)
	724968  -  ResidentSetSize of job (KB)
...
006 (7072827.080.000) 03/20 15:43:18 Image size of job updated: 724988
	708  -  MemoryUsage of job (MB)
	724988  -  ResidentSetSize of job (KB)
...
006 (7072827.080.000) 03/20 17:28:28 Image size of job updated: 725028
	709  -  MemoryUsage of job (MB)
	725028  -  ResidentSetSize of job (KB)
...
006 (7072827.080.000) 03/20 17:48:29 Image size of job updated: 725064
	709  -  MemoryUsage of job (MB)
	725064  -  ResidentSetSize of job (KB)
...
006 (7072827.080.000) 03/20 18:18:32 Image size of job updated: 726056
	710  -  MemoryUsage of job (MB)
	726056  -  ResidentSetSize of job (KB)
...
006 (7072827.080.000) 03/20 19:38:40 Image size of job updated: 726140
	710  -  MemoryUsage of job (MB)
	726140  -  ResidentSetSize of job (KB)
...
006 (7072827.080.000) 03/20 21:48:54 Image size of job updated: 726196
	710  -  MemoryUsage of job (MB)
	726196  -  ResidentSetSize of job (KB)
...
006 (7072827.080.000) 03/20 22:49:02 Image size of job updated: 728584
	712  -  MemoryUsage of job (MB)
	728584  -  ResidentSetSize of job (KB)
...
006 (7072827.080.000) 03/20 22:54:02 Image size of job updated: 729516
	713  -  MemoryUsage of job (MB)
	729516  -  ResidentSetSize of job (KB)
...
006 (7072827.080.000) 03/20 22:59:03 Image size of job updated: 741136
	724  -  MemoryUsage of job (MB)
	741136  -  ResidentSetSize of job (KB)
...
006 (7072827.080.000) 03/20 23:09:03 Image size of job updated: 741212
	724  -  MemoryUsage of job (MB)
	741212  -  ResidentSetSize of job (KB)
...
006 (7072827.080.000) 03/21 01:14:17 Image size of job updated: 741228
	724  -  MemoryUsage of job (MB)
	741228  -  ResidentSetSize of job (KB)
...
006 (7072827.080.000) 03/21 05:44:45 Image size of job updated: 741236
	724  -  MemoryUsage of job (MB)
	741236  -  ResidentSetSize of job (KB)
...
006 (7072827.080.000) 03/21 07:55:02 Image size of job updated: 743184
	726  -  MemoryUsage of job (MB)
	743184  -  ResidentSetSize of job (KB)
...
006 (7072827.080.000) 03/21 08:45:08 Image size of job updated: 743240
	726  -  MemoryUsage of job (MB)
	743240  -  ResidentSetSize of job (KB)
...
006 (7072827.080.000) 03/21 08:50:08 Image size of job updated: 743288
	726  -  MemoryUsage of job (MB)
	743288  -  ResidentSetSize of job (KB)
...
006 (7072827.080.000) 03/21 12:35:30 Image size of job updated: 743324
	726  -  MemoryUsage of job (MB)
	743324  -  ResidentSetSize of job (KB)
...
006 (7072827.080.000) 03/21 13:00:32 Image size of job updated: 743348
	726  -  MemoryUsage of job (MB)
	743348  -  ResidentSetSize of job (KB)
...
006 (7072827.080.000) 03/21 13:05:32 Image size of job updated: 743444
	727  -  MemoryUsage of job (MB)
	743444  -  ResidentSetSize of job (KB)
...
006 (7072827.080.000) 03/21 14:35:40 Image size of job updated: 743484
	727  -  MemoryUsage of job (MB)
	743484  -  ResidentSetSize of job (KB)
...
006 (7072827.080.000) 03/21 15:40:46 Image size of job updated: 745208
	728  -  MemoryUsage of job (MB)
	745208  -  ResidentSetSize of job (KB)
...
006 (7072827.080.000) 03/21 15:45:46 Image size of job updated: 746620
	730  -  MemoryUsage of job (MB)
	746620  -  ResidentSetSize of job (KB)
...
006 (7072827.080.000) 03/21 15:55:47 Image size of job updated: 746836
	730  -  MemoryUsage of job (MB)
	746836  -  ResidentSetSize of job (KB)
...
006 (7072827.080.000) 03/21 16:10:48 Image size of job updated: 748624
	730  -  MemoryUsage of job (MB)
	746836  -  ResidentSetSize of job (KB)
...
006 (7072827.080.000) 03/21 18:35:59 Image size of job updated: 749432
	732  -  MemoryUsage of job (MB)
	749432  -  ResidentSetSize of job (KB)
...
040 (7072827.080.000) 03/22 01:17:24 Started transferring output files
...
040 (7072827.080.000) 03/22 01:17:24 Finished transferring output files
...
005 (7072827.080.000) 03/22 01:17:24 Job terminated.
	(1) Normal termination (return value 0)
		Usr 1 14:22:55, Sys 0 00:03:46  -  Run Remote Usage
		Usr 0 00:00:00, Sys 0 00:00:00  -  Run Local Usage
		Usr 1 14:22:55, Sys 0 00:03:46  -  Total Remote Usage
		Usr 0 00:00:00, Sys 0 00:00:00  -  Total Local Usage
	12349  -  Run Bytes Sent By Job
	1380  -  Run Bytes Received By Job
	12349  -  Total Bytes Sent By Job
	1380  -  Total Bytes Received By Job
	Partitionable Resources :     Usage  Request Allocated 
	   Cpus                 :      1.00        1         1 
	   Disk (KB)            :     48           2      3845 
	   GPUs                 :                            0 
	   Memory (MB)          :    732        3000      3000 
	   TimeExecute (s)      : 142497                       
	   TimeSlotBusy (s)     : 142499                       

	Job terminated of its own accord at 2026-03-22T00:17:24Z with exit-code 0.
...
