000 (7072827.224.000) 03/20 09:40:27 Job submitted from host: <188.185.125.71:9618?addrs=188.185.125.71-9618+[2001-1458-d00-4a--100-15e]-9618&alias=bigbird28.cern.ch&noUDP&sock=schedd_2603_051c>
...
040 (7072827.224.000) 03/20 09:43:13 Started transferring input files
	Transferring to host: <188.185.214.67:9618?addrs=188.185.214.67-9618+[2001-1458-303-1c--100-3f]-9618&alias=b9p29p3424.cern.ch&noUDP&sock=slot1_19_5704_bbe1_196134>
...
040 (7072827.224.000) 03/20 09:43:13 Finished transferring input files
...
001 (7072827.224.000) 03/20 09:43:14 Job executing on host: <188.185.214.67:9618?addrs=188.185.214.67-9618+[2001-1458-303-1c--100-3f]-9618&alias=b9p29p3424.cern.ch&noUDP&sock=startd_4965_27cf>
	SlotName: slot1_19@b9p29p3424.cern.ch
	CondorScratchDir = "/pool/condor/dir_2342672"
	Cpus = 1
	Disk = 3842
	GPUs = 0
	Memory = 3000
...
006 (7072827.224.000) 03/20 09:43:27 Image size of job updated: 872
	1  -  MemoryUsage of job (MB)
	872  -  ResidentSetSize of job (KB)
...
006 (7072827.224.000) 03/20 11:08:35 Image size of job updated: 650916
	630  -  MemoryUsage of job (MB)
	645028  -  ResidentSetSize of job (KB)
...
006 (7072827.224.000) 03/20 11:13:35 Image size of job updated: 650916
	631  -  MemoryUsage of job (MB)
	645500  -  ResidentSetSize of job (KB)
...
006 (7072827.224.000) 03/20 11:18:36 Image size of job updated: 650916
	634  -  MemoryUsage of job (MB)
	649032  -  ResidentSetSize of job (KB)
...
006 (7072827.224.000) 03/20 11:23:36 Image size of job updated: 650916
	635  -  MemoryUsage of job (MB)
	649728  -  ResidentSetSize of job (KB)
...
006 (7072827.224.000) 03/20 11:38:37 Image size of job updated: 701688
	686  -  MemoryUsage of job (MB)
	701688  -  ResidentSetSize of job (KB)
...
006 (7072827.224.000) 03/20 11:58:38 Image size of job updated: 701692
	686  -  MemoryUsage of job (MB)
	701692  -  ResidentSetSize of job (KB)
...
006 (7072827.224.000) 03/20 12:48:45 Image size of job updated: 707076
	691  -  MemoryUsage of job (MB)
	707076  -  ResidentSetSize of job (KB)
...
006 (7072827.224.000) 03/20 13:13:47 Image size of job updated: 707788
	692  -  MemoryUsage of job (MB)
	707788  -  ResidentSetSize of job (KB)
...
006 (7072827.224.000) 03/20 13:33:48 Image size of job updated: 710344
	694  -  MemoryUsage of job (MB)
	710344  -  ResidentSetSize of job (KB)
...
006 (7072827.224.000) 03/20 13:38:49 Image size of job updated: 711204
	695  -  MemoryUsage of job (MB)
	711204  -  ResidentSetSize of job (KB)
...
006 (7072827.224.000) 03/20 13:53:51 Image size of job updated: 711264
	695  -  MemoryUsage of job (MB)
	711264  -  ResidentSetSize of job (KB)
...
006 (7072827.224.000) 03/20 14:03:52 Image size of job updated: 711332
	695  -  MemoryUsage of job (MB)
	711332  -  ResidentSetSize of job (KB)
...
006 (7072827.224.000) 03/20 14:13:53 Image size of job updated: 711372
	695  -  MemoryUsage of job (MB)
	711372  -  ResidentSetSize of job (KB)
...
006 (7072827.224.000) 03/20 14:58:57 Image size of job updated: 711996
	696  -  MemoryUsage of job (MB)
	711996  -  ResidentSetSize of job (KB)
...
006 (7072827.224.000) 03/20 15:03:58 Image size of job updated: 713736
	698  -  MemoryUsage of job (MB)
	713736  -  ResidentSetSize of job (KB)
...
006 (7072827.224.000) 03/20 15:08:58 Image size of job updated: 723752
	707  -  MemoryUsage of job (MB)
	723752  -  ResidentSetSize of job (KB)
...
006 (7072827.224.000) 03/20 15:13:59 Image size of job updated: 725156
	709  -  MemoryUsage of job (MB)
	725156  -  ResidentSetSize of job (KB)
...
006 (7072827.224.000) 03/20 15:19:00 Image size of job updated: 725228
	709  -  MemoryUsage of job (MB)
	725228  -  ResidentSetSize of job (KB)
...
006 (7072827.224.000) 03/20 15:29:01 Image size of job updated: 726588
	710  -  MemoryUsage of job (MB)
	726588  -  ResidentSetSize of job (KB)
...
006 (7072827.224.000) 03/20 16:44:08 Image size of job updated: 728688
	712  -  MemoryUsage of job (MB)
	728688  -  ResidentSetSize of job (KB)
...
006 (7072827.224.000) 03/20 17:09:10 Image size of job updated: 728760
	712  -  MemoryUsage of job (MB)
	728760  -  ResidentSetSize of job (KB)
...
006 (7072827.224.000) 03/20 17:29:12 Image size of job updated: 729428
	713  -  MemoryUsage of job (MB)
	729428  -  ResidentSetSize of job (KB)
...
006 (7072827.224.000) 03/20 17:34:12 Image size of job updated: 729612
	713  -  MemoryUsage of job (MB)
	729612  -  ResidentSetSize of job (KB)
...
006 (7072827.224.000) 03/20 18:34:18 Image size of job updated: 732460
	716  -  MemoryUsage of job (MB)
	732460  -  ResidentSetSize of job (KB)
...
006 (7072827.224.000) 03/20 18:44:19 Image size of job updated: 732684
	716  -  MemoryUsage of job (MB)
	732684  -  ResidentSetSize of job (KB)
...
006 (7072827.224.000) 03/20 19:39:23 Image size of job updated: 732732
	716  -  MemoryUsage of job (MB)
	732732  -  ResidentSetSize of job (KB)
...
006 (7072827.224.000) 03/20 20:29:29 Image size of job updated: 732908
	716  -  MemoryUsage of job (MB)
	732908  -  ResidentSetSize of job (KB)
...
006 (7072827.224.000) 03/20 20:34:29 Image size of job updated: 732916
	716  -  MemoryUsage of job (MB)
	732916  -  ResidentSetSize of job (KB)
...
006 (7072827.224.000) 03/20 21:19:32 Image size of job updated: 732988
	716  -  MemoryUsage of job (MB)
	732988  -  ResidentSetSize of job (KB)
...
006 (7072827.224.000) 03/20 21:54:35 Image size of job updated: 733028
	716  -  MemoryUsage of job (MB)
	733028  -  ResidentSetSize of job (KB)
...
006 (7072827.224.000) 03/20 21:59:35 Image size of job updated: 741952
	716  -  MemoryUsage of job (MB)
	733028  -  ResidentSetSize of job (KB)
...
006 (7072827.224.000) 03/20 22:04:36 Image size of job updated: 741952
	717  -  MemoryUsage of job (MB)
	733632  -  ResidentSetSize of job (KB)
...
006 (7072827.224.000) 03/20 22:09:36 Image size of job updated: 741952
	717  -  MemoryUsage of job (MB)
	733888  -  ResidentSetSize of job (KB)
...
006 (7072827.224.000) 03/20 22:24:37 Image size of job updated: 741952
	717  -  MemoryUsage of job (MB)
	733920  -  ResidentSetSize of job (KB)
...
006 (7072827.224.000) 03/20 22:59:41 Image size of job updated: 742052
	717  -  MemoryUsage of job (MB)
	733920  -  ResidentSetSize of job (KB)
...
006 (7072827.224.000) 03/21 03:05:06 Image size of job updated: 742052
	717  -  MemoryUsage of job (MB)
	734004  -  ResidentSetSize of job (KB)
...
006 (7072827.224.000) 03/21 03:25:07 Image size of job updated: 742052
	717  -  MemoryUsage of job (MB)
	734072  -  ResidentSetSize of job (KB)
...
006 (7072827.224.000) 03/21 03:30:08 Image size of job updated: 742052
	717  -  MemoryUsage of job (MB)
	734148  -  ResidentSetSize of job (KB)
...
006 (7072827.224.000) 03/21 04:25:13 Image size of job updated: 742052
	717  -  MemoryUsage of job (MB)
	734176  -  ResidentSetSize of job (KB)
...
006 (7072827.224.000) 03/21 05:10:19 Image size of job updated: 742052
	718  -  MemoryUsage of job (MB)
	734312  -  ResidentSetSize of job (KB)
...
006 (7072827.224.000) 03/21 05:20:20 Image size of job updated: 742052
	718  -  MemoryUsage of job (MB)
	734624  -  ResidentSetSize of job (KB)
...
006 (7072827.224.000) 03/21 05:30:20 Image size of job updated: 742052
	718  -  MemoryUsage of job (MB)
	734752  -  ResidentSetSize of job (KB)
...
006 (7072827.224.000) 03/21 05:35:21 Image size of job updated: 742052
	718  -  MemoryUsage of job (MB)
	734888  -  ResidentSetSize of job (KB)
...
040 (7072827.224.000) 03/21 05:52:39 Started transferring output files
...
040 (7072827.224.000) 03/21 05:52:39 Finished transferring output files
...
005 (7072827.224.000) 03/21 05:52:39 Job terminated.
	(1) Normal termination (return value 0)
		Usr 0 18:21:54, Sys 0 00:02:54  -  Run Remote Usage
		Usr 0 00:00:00, Sys 0 00:00:00  -  Run Local Usage
		Usr 0 18:21:54, Sys 0 00:02:54  -  Total Remote Usage
		Usr 0 00:00:00, Sys 0 00:00:00  -  Total Local Usage
	12968  -  Run Bytes Sent By Job
	1380  -  Run Bytes Received By Job
	12968  -  Total Bytes Sent By Job
	1380  -  Total Bytes Received By Job
	Partitionable Resources :    Usage  Request Allocated 
	   Cpus                 :     0.99        1         1 
	   Disk (KB)            :    48           2      3842 
	   GPUs                 :                           0 
	   Memory (MB)          :   718        3000      3000 
	   TimeExecute (s)      : 72565                       
	   TimeSlotBusy (s)     : 72567                       

	Job terminated of its own accord at 2026-03-21T04:52:39Z with exit-code 0.
...
