000 (7072827.068.000) 03/20 09:40:27 Job submitted from host: <188.185.125.71:9618?addrs=188.185.125.71-9618+[2001-1458-d00-4a--100-15e]-9618&alias=bigbird28.cern.ch&noUDP&sock=schedd_2603_051c>
...
040 (7072827.068.000) 03/20 09:42:22 Started transferring input files
	Transferring to host: <188.185.196.157:9618?addrs=188.185.196.157-9618+[2001-1458-303-23--100-99]-9618&alias=b9p16p4603.cern.ch&noUDP&sock=slot1_30_1104480_d36a_8748>
...
040 (7072827.068.000) 03/20 09:42:22 Finished transferring input files
...
001 (7072827.068.000) 03/20 09:42:23 Job executing on host: <188.185.196.157:9618?addrs=188.185.196.157-9618+[2001-1458-303-23--100-99]-9618&alias=b9p16p4603.cern.ch&noUDP&sock=startd_1104440_8e1a>
	SlotName: slot1_30@b9p16p4603.cern.ch
	CondorScratchDir = "/pool/condor/dir_2868057"
	Cpus = 1
	Disk = 3773
	GPUs = 0
	Memory = 3000
...
006 (7072827.068.000) 03/20 09:42:36 Image size of job updated: 880
	1  -  MemoryUsage of job (MB)
	880  -  ResidentSetSize of job (KB)
...
006 (7072827.068.000) 03/20 11:12:45 Image size of job updated: 197460
	193  -  MemoryUsage of job (MB)
	197460  -  ResidentSetSize of job (KB)
...
006 (7072827.068.000) 03/20 11:17:45 Image size of job updated: 657796
	638  -  MemoryUsage of job (MB)
	652316  -  ResidentSetSize of job (KB)
...
006 (7072827.068.000) 03/20 11:22:46 Image size of job updated: 657796
	641  -  MemoryUsage of job (MB)
	655652  -  ResidentSetSize of job (KB)
...
006 (7072827.068.000) 03/20 11:27:46 Image size of job updated: 657796
	641  -  MemoryUsage of job (MB)
	655932  -  ResidentSetSize of job (KB)
...
006 (7072827.068.000) 03/20 11:32:46 Image size of job updated: 659732
	645  -  MemoryUsage of job (MB)
	659732  -  ResidentSetSize of job (KB)
...
006 (7072827.068.000) 03/20 11:42:47 Image size of job updated: 659736
	645  -  MemoryUsage of job (MB)
	659736  -  ResidentSetSize of job (KB)
...
006 (7072827.068.000) 03/20 11:57:48 Image size of job updated: 659824
	645  -  MemoryUsage of job (MB)
	659824  -  ResidentSetSize of job (KB)
...
006 (7072827.068.000) 03/20 12:02:48 Image size of job updated: 660176
	645  -  MemoryUsage of job (MB)
	660176  -  ResidentSetSize of job (KB)
...
006 (7072827.068.000) 03/20 12:07:49 Image size of job updated: 661468
	646  -  MemoryUsage of job (MB)
	661468  -  ResidentSetSize of job (KB)
...
006 (7072827.068.000) 03/20 12:52:52 Image size of job updated: 668100
	653  -  MemoryUsage of job (MB)
	668100  -  ResidentSetSize of job (KB)
...
006 (7072827.068.000) 03/20 13:57:56 Image size of job updated: 668292
	653  -  MemoryUsage of job (MB)
	668292  -  ResidentSetSize of job (KB)
...
006 (7072827.068.000) 03/20 14:07:57 Image size of job updated: 670344
	655  -  MemoryUsage of job (MB)
	670344  -  ResidentSetSize of job (KB)
...
006 (7072827.068.000) 03/20 14:22:58 Image size of job updated: 708656
	693  -  MemoryUsage of job (MB)
	708656  -  ResidentSetSize of job (KB)
...
006 (7072827.068.000) 03/20 14:27:58 Image size of job updated: 709604
	693  -  MemoryUsage of job (MB)
	709604  -  ResidentSetSize of job (KB)
...
006 (7072827.068.000) 03/20 14:32:58 Image size of job updated: 712668
	696  -  MemoryUsage of job (MB)
	712668  -  ResidentSetSize of job (KB)
...
006 (7072827.068.000) 03/20 14:42:59 Image size of job updated: 728624
	712  -  MemoryUsage of job (MB)
	728624  -  ResidentSetSize of job (KB)
...
006 (7072827.068.000) 03/20 16:18:11 Image size of job updated: 728640
	712  -  MemoryUsage of job (MB)
	728640  -  ResidentSetSize of job (KB)
...
006 (7072827.068.000) 03/20 18:13:22 Image size of job updated: 728668
	712  -  MemoryUsage of job (MB)
	728668  -  ResidentSetSize of job (KB)
...
006 (7072827.068.000) 03/20 18:43:26 Image size of job updated: 728712
	712  -  MemoryUsage of job (MB)
	728712  -  ResidentSetSize of job (KB)
...
006 (7072827.068.000) 03/20 20:08:33 Image size of job updated: 728768
	712  -  MemoryUsage of job (MB)
	728768  -  ResidentSetSize of job (KB)
...
006 (7072827.068.000) 03/20 20:13:33 Image size of job updated: 728792
	712  -  MemoryUsage of job (MB)
	728792  -  ResidentSetSize of job (KB)
...
006 (7072827.068.000) 03/20 20:23:34 Image size of job updated: 728828
	712  -  MemoryUsage of job (MB)
	728828  -  ResidentSetSize of job (KB)
...
006 (7072827.068.000) 03/20 20:58:37 Image size of job updated: 746684
	728  -  MemoryUsage of job (MB)
	744904  -  ResidentSetSize of job (KB)
...
006 (7072827.068.000) 03/20 21:33:41 Image size of job updated: 749324
	728  -  MemoryUsage of job (MB)
	744904  -  ResidentSetSize of job (KB)
...
006 (7072827.068.000) 03/21 03:14:19 Image size of job updated: 752072
	735  -  MemoryUsage of job (MB)
	752072  -  ResidentSetSize of job (KB)
...
006 (7072827.068.000) 03/21 03:19:19 Image size of job updated: 753708
	737  -  MemoryUsage of job (MB)
	753708  -  ResidentSetSize of job (KB)
...
006 (7072827.068.000) 03/21 03:24:20 Image size of job updated: 754036
	737  -  MemoryUsage of job (MB)
	754036  -  ResidentSetSize of job (KB)
...
006 (7072827.068.000) 03/21 03:39:22 Image size of job updated: 754128
	737  -  MemoryUsage of job (MB)
	754128  -  ResidentSetSize of job (KB)
...
006 (7072827.068.000) 03/21 03:54:23 Image size of job updated: 754184
	737  -  MemoryUsage of job (MB)
	754184  -  ResidentSetSize of job (KB)
...
006 (7072827.068.000) 03/21 04:44:28 Image size of job updated: 754236
	737  -  MemoryUsage of job (MB)
	754236  -  ResidentSetSize of job (KB)
...
006 (7072827.068.000) 03/21 05:34:33 Image size of job updated: 754268
	737  -  MemoryUsage of job (MB)
	754268  -  ResidentSetSize of job (KB)
...
006 (7072827.068.000) 03/21 08:54:52 Image size of job updated: 754272
	737  -  MemoryUsage of job (MB)
	754272  -  ResidentSetSize of job (KB)
...
006 (7072827.068.000) 03/21 12:05:11 Image size of job updated: 763604
	739  -  MemoryUsage of job (MB)
	756360  -  ResidentSetSize of job (KB)
...
006 (7072827.068.000) 03/21 17:00:39 Image size of job updated: 763604
	739  -  MemoryUsage of job (MB)
	756724  -  ResidentSetSize of job (KB)
...
006 (7072827.068.000) 03/21 17:30:43 Image size of job updated: 773984
	756  -  MemoryUsage of job (MB)
	773984  -  ResidentSetSize of job (KB)
...
040 (7072827.068.000) 03/22 02:21:29 Started transferring output files
...
040 (7072827.068.000) 03/22 02:21:29 Finished transferring output files
...
005 (7072827.068.000) 03/22 02:21:29 Job terminated.
	(1) Normal termination (return value 0)
		Usr 1 14:34:59, Sys 0 00:03:02  -  Run Remote Usage
		Usr 0 00:00:00, Sys 0 00:00:00  -  Run Local Usage
		Usr 1 14:34:59, Sys 0 00:03:02  -  Total Remote Usage
		Usr 0 00:00:00, Sys 0 00:00:00  -  Total Local Usage
	12626  -  Run Bytes Sent By Job
	1380  -  Run Bytes Received By Job
	12626  -  Total Bytes Sent By Job
	1380  -  Total Bytes Received By Job
	Partitionable Resources :     Usage  Request Allocated 
	   Cpus                 :      0.99        1         1 
	   Disk (KB)            :     48           2      3773 
	   GPUs                 :                            0 
	   Memory (MB)          :    756        3000      3000 
	   TimeExecute (s)      : 146346                       
	   TimeSlotBusy (s)     : 146348                       

	Job terminated of its own accord at 2026-03-22T01:21:29Z with exit-code 0.
...
