000 (7072827.225.000) 03/20 09:40:27 Job submitted from host: <188.185.125.71:9618?addrs=188.185.125.71-9618+[2001-1458-d00-4a--100-15e]-9618&alias=bigbird28.cern.ch&noUDP&sock=schedd_2603_051c>
...
040 (7072827.225.000) 03/20 09:43:13 Started transferring input files
	Transferring to host: <188.185.192.121:9618?addrs=188.185.192.121-9618+[2001-1458-303-1f--100-75]-9618&alias=b9p13p1267.cern.ch&noUDP&sock=slot1_33_3010_9133_68080>
...
040 (7072827.225.000) 03/20 09:43:13 Finished transferring input files
...
001 (7072827.225.000) 03/20 09:43:14 Job executing on host: <188.185.192.121:9618?addrs=188.185.192.121-9618+[2001-1458-303-1f--100-75]-9618&alias=b9p13p1267.cern.ch&noUDP&sock=startd_2552_09c8>
	SlotName: slot1_33@b9p13p1267.cern.ch
	CondorScratchDir = "/pool/condor/dir_3788624"
	Cpus = 1
	Disk = 3831
	GPUs = 0
	Memory = 3000
...
006 (7072827.225.000) 03/20 09:43:27 Image size of job updated: 888
	1  -  MemoryUsage of job (MB)
	888  -  ResidentSetSize of job (KB)
...
006 (7072827.225.000) 03/20 10:13:29 Image size of job updated: 447028
	418  -  MemoryUsage of job (MB)
	427812  -  ResidentSetSize of job (KB)
...
006 (7072827.225.000) 03/20 10:18:29 Image size of job updated: 498564
	487  -  MemoryUsage of job (MB)
	498564  -  ResidentSetSize of job (KB)
...
006 (7072827.225.000) 03/20 10:23:31 Image size of job updated: 539580
	527  -  MemoryUsage of job (MB)
	539580  -  ResidentSetSize of job (KB)
...
006 (7072827.225.000) 03/20 10:28:31 Image size of job updated: 544224
	532  -  MemoryUsage of job (MB)
	544224  -  ResidentSetSize of job (KB)
...
006 (7072827.225.000) 03/20 10:33:31 Image size of job updated: 572312
	559  -  MemoryUsage of job (MB)
	572312  -  ResidentSetSize of job (KB)
...
006 (7072827.225.000) 03/20 10:38:32 Image size of job updated: 577088
	564  -  MemoryUsage of job (MB)
	577088  -  ResidentSetSize of job (KB)
...
006 (7072827.225.000) 03/20 10:43:33 Image size of job updated: 577696
	565  -  MemoryUsage of job (MB)
	577696  -  ResidentSetSize of job (KB)
...
006 (7072827.225.000) 03/20 10:48:33 Image size of job updated: 577704
	565  -  MemoryUsage of job (MB)
	577704  -  ResidentSetSize of job (KB)
...
006 (7072827.225.000) 03/20 10:58:35 Image size of job updated: 578364
	565  -  MemoryUsage of job (MB)
	578364  -  ResidentSetSize of job (KB)
...
006 (7072827.225.000) 03/20 11:03:35 Image size of job updated: 579280
	566  -  MemoryUsage of job (MB)
	579280  -  ResidentSetSize of job (KB)
...
006 (7072827.225.000) 03/20 11:18:37 Image size of job updated: 579332
	566  -  MemoryUsage of job (MB)
	579332  -  ResidentSetSize of job (KB)
...
006 (7072827.225.000) 03/20 11:33:38 Image size of job updated: 579380
	566  -  MemoryUsage of job (MB)
	579380  -  ResidentSetSize of job (KB)
...
006 (7072827.225.000) 03/20 11:48:40 Image size of job updated: 579408
	566  -  MemoryUsage of job (MB)
	579408  -  ResidentSetSize of job (KB)
...
006 (7072827.225.000) 03/20 12:43:45 Image size of job updated: 579436
	566  -  MemoryUsage of job (MB)
	579436  -  ResidentSetSize of job (KB)
...
006 (7072827.225.000) 03/20 14:28:55 Image size of job updated: 579500
	566  -  MemoryUsage of job (MB)
	579500  -  ResidentSetSize of job (KB)
...
006 (7072827.225.000) 03/20 14:58:59 Image size of job updated: 579604
	567  -  MemoryUsage of job (MB)
	579604  -  ResidentSetSize of job (KB)
...
006 (7072827.225.000) 03/20 17:39:18 Image size of job updated: 718852
	703  -  MemoryUsage of job (MB)
	718852  -  ResidentSetSize of job (KB)
...
006 (7072827.225.000) 03/20 17:44:19 Image size of job updated: 720128
	704  -  MemoryUsage of job (MB)
	720128  -  ResidentSetSize of job (KB)
...
006 (7072827.225.000) 03/20 17:49:19 Image size of job updated: 720324
	704  -  MemoryUsage of job (MB)
	720324  -  ResidentSetSize of job (KB)
...
006 (7072827.225.000) 03/20 17:59:20 Image size of job updated: 720996
	705  -  MemoryUsage of job (MB)
	720996  -  ResidentSetSize of job (KB)
...
006 (7072827.225.000) 03/20 18:04:20 Image size of job updated: 739388
	718  -  MemoryUsage of job (MB)
	734420  -  ResidentSetSize of job (KB)
...
006 (7072827.225.000) 03/20 18:14:22 Image size of job updated: 739388
	719  -  MemoryUsage of job (MB)
	735372  -  ResidentSetSize of job (KB)
...
006 (7072827.225.000) 03/20 18:44:25 Image size of job updated: 739388
	723  -  MemoryUsage of job (MB)
	739384  -  ResidentSetSize of job (KB)
...
006 (7072827.225.000) 03/20 22:14:46 Image size of job updated: 739468
	723  -  MemoryUsage of job (MB)
	739468  -  ResidentSetSize of job (KB)
...
006 (7072827.225.000) 03/20 23:09:52 Image size of job updated: 741096
	724  -  MemoryUsage of job (MB)
	741096  -  ResidentSetSize of job (KB)
...
006 (7072827.225.000) 03/20 23:19:52 Image size of job updated: 741112
	724  -  MemoryUsage of job (MB)
	741112  -  ResidentSetSize of job (KB)
...
006 (7072827.225.000) 03/21 03:45:18 Image size of job updated: 755564
	738  -  MemoryUsage of job (MB)
	755564  -  ResidentSetSize of job (KB)
...
006 (7072827.225.000) 03/21 03:50:18 Image size of job updated: 755780
	739  -  MemoryUsage of job (MB)
	755780  -  ResidentSetSize of job (KB)
...
006 (7072827.225.000) 03/21 04:55:25 Image size of job updated: 755808
	739  -  MemoryUsage of job (MB)
	755808  -  ResidentSetSize of job (KB)
...
006 (7072827.225.000) 03/21 05:15:26 Image size of job updated: 755876
	739  -  MemoryUsage of job (MB)
	755876  -  ResidentSetSize of job (KB)
...
006 (7072827.225.000) 03/21 05:50:31 Image size of job updated: 755936
	739  -  MemoryUsage of job (MB)
	755936  -  ResidentSetSize of job (KB)
...
006 (7072827.225.000) 03/21 05:55:32 Image size of job updated: 755960
	739  -  MemoryUsage of job (MB)
	755960  -  ResidentSetSize of job (KB)
...
006 (7072827.225.000) 03/21 08:40:49 Image size of job updated: 755984
	739  -  MemoryUsage of job (MB)
	755984  -  ResidentSetSize of job (KB)
...
006 (7072827.225.000) 03/21 09:20:52 Image size of job updated: 756016
	739  -  MemoryUsage of job (MB)
	756016  -  ResidentSetSize of job (KB)
...
006 (7072827.225.000) 03/21 10:15:58 Image size of job updated: 756052
	739  -  MemoryUsage of job (MB)
	756052  -  ResidentSetSize of job (KB)
...
006 (7072827.225.000) 03/21 10:31:00 Image size of job updated: 763092
	739  -  MemoryUsage of job (MB)
	756052  -  ResidentSetSize of job (KB)
...
006 (7072827.225.000) 03/21 15:36:32 Image size of job updated: 767960
	750  -  MemoryUsage of job (MB)
	767960  -  ResidentSetSize of job (KB)
...
040 (7072827.225.000) 03/22 04:10:37 Started transferring output files
...
040 (7072827.225.000) 03/22 04:10:37 Finished transferring output files
...
005 (7072827.225.000) 03/22 04:10:37 Job terminated.
	(1) Normal termination (return value 0)
		Usr 1 17:24:24, Sys 0 00:04:00  -  Run Remote Usage
		Usr 0 00:00:00, Sys 0 00:00:00  -  Run Local Usage
		Usr 1 17:24:24, Sys 0 00:04:00  -  Total Remote Usage
		Usr 0 00:00:00, Sys 0 00:00:00  -  Total Local Usage
	12466  -  Run Bytes Sent By Job
	1380  -  Run Bytes Received By Job
	12466  -  Total Bytes Sent By Job
	1380  -  Total Bytes Received By Job
	Partitionable Resources :     Usage  Request Allocated 
	   Cpus                 :      0.99        1         1 
	   Disk (KB)            :     48           2      3831 
	   GPUs                 :                            0 
	   Memory (MB)          :    750        3000      3000 
	   TimeExecute (s)      : 152843                       
	   TimeSlotBusy (s)     : 152845                       

	Job terminated of its own accord at 2026-03-22T03:10:37Z with exit-code 0.
...
