000 (7072827.376.000) 03/20 09:40:28 Job submitted from host: <188.185.125.71:9618?addrs=188.185.125.71-9618+[2001-1458-d00-4a--100-15e]-9618&alias=bigbird28.cern.ch&noUDP&sock=schedd_2603_051c>
...
040 (7072827.376.000) 03/20 09:44:03 Started transferring input files
	Transferring to host: <188.185.211.225:9618?addrs=188.185.211.225-9618+[2001-1458-303-17--100-5d]-9618&alias=b9p24p5123.cern.ch&noUDP&sock=slot1_3_9618_8040_190518>
...
040 (7072827.376.000) 03/20 09:44:03 Finished transferring input files
...
001 (7072827.376.000) 03/20 09:44:04 Job executing on host: <188.185.211.225:9618?addrs=188.185.211.225-9618+[2001-1458-303-17--100-5d]-9618&alias=b9p24p5123.cern.ch&noUDP&sock=startd_8722_251f>
	SlotName: slot1_3@b9p24p5123.cern.ch
	CondorScratchDir = "/pool/condor/dir_2113203"
	Cpus = 1
	Disk = 3764
	GPUs = 0
	Memory = 3000
...
006 (7072827.376.000) 03/20 09:44:17 Image size of job updated: 876
	1  -  MemoryUsage of job (MB)
	876  -  ResidentSetSize of job (KB)
...
006 (7072827.376.000) 03/20 10:44:22 Image size of job updated: 674228
	637  -  MemoryUsage of job (MB)
	651980  -  ResidentSetSize of job (KB)
...
006 (7072827.376.000) 03/20 10:49:23 Image size of job updated: 696028
	680  -  MemoryUsage of job (MB)
	696028  -  ResidentSetSize of job (KB)
...
006 (7072827.376.000) 03/20 10:54:24 Image size of job updated: 696672
	681  -  MemoryUsage of job (MB)
	696672  -  ResidentSetSize of job (KB)
...
006 (7072827.376.000) 03/20 10:59:24 Image size of job updated: 698552
	683  -  MemoryUsage of job (MB)
	698552  -  ResidentSetSize of job (KB)
...
006 (7072827.376.000) 03/20 11:34:29 Image size of job updated: 698556
	683  -  MemoryUsage of job (MB)
	698556  -  ResidentSetSize of job (KB)
...
006 (7072827.376.000) 03/20 11:39:30 Image size of job updated: 701104
	685  -  MemoryUsage of job (MB)
	701104  -  ResidentSetSize of job (KB)
...
006 (7072827.376.000) 03/20 11:49:30 Image size of job updated: 706312
	690  -  MemoryUsage of job (MB)
	706312  -  ResidentSetSize of job (KB)
...
006 (7072827.376.000) 03/20 11:59:31 Image size of job updated: 714472
	698  -  MemoryUsage of job (MB)
	714472  -  ResidentSetSize of job (KB)
...
006 (7072827.376.000) 03/20 14:24:44 Image size of job updated: 714500
	698  -  MemoryUsage of job (MB)
	714500  -  ResidentSetSize of job (KB)
...
006 (7072827.376.000) 03/20 15:04:46 Image size of job updated: 714568
	698  -  MemoryUsage of job (MB)
	714568  -  ResidentSetSize of job (KB)
...
006 (7072827.376.000) 03/20 15:14:47 Image size of job updated: 714588
	698  -  MemoryUsage of job (MB)
	714588  -  ResidentSetSize of job (KB)
...
006 (7072827.376.000) 03/20 15:24:48 Image size of job updated: 714620
	698  -  MemoryUsage of job (MB)
	714620  -  ResidentSetSize of job (KB)
...
006 (7072827.376.000) 03/20 17:25:02 Image size of job updated: 716684
	700  -  MemoryUsage of job (MB)
	716684  -  ResidentSetSize of job (KB)
...
006 (7072827.376.000) 03/20 17:40:03 Image size of job updated: 717320
	701  -  MemoryUsage of job (MB)
	717320  -  ResidentSetSize of job (KB)
...
006 (7072827.376.000) 03/20 17:45:03 Image size of job updated: 717388
	701  -  MemoryUsage of job (MB)
	717388  -  ResidentSetSize of job (KB)
...
006 (7072827.376.000) 03/20 17:50:04 Image size of job updated: 726288
	710  -  MemoryUsage of job (MB)
	726288  -  ResidentSetSize of job (KB)
...
006 (7072827.376.000) 03/20 18:00:05 Image size of job updated: 728272
	712  -  MemoryUsage of job (MB)
	728272  -  ResidentSetSize of job (KB)
...
006 (7072827.376.000) 03/20 18:15:07 Image size of job updated: 728352
	712  -  MemoryUsage of job (MB)
	728352  -  ResidentSetSize of job (KB)
...
006 (7072827.376.000) 03/20 18:40:10 Image size of job updated: 728372
	712  -  MemoryUsage of job (MB)
	728372  -  ResidentSetSize of job (KB)
...
006 (7072827.376.000) 03/20 19:00:13 Image size of job updated: 729752
	713  -  MemoryUsage of job (MB)
	729752  -  ResidentSetSize of job (KB)
...
006 (7072827.376.000) 03/20 19:20:16 Image size of job updated: 729976
	713  -  MemoryUsage of job (MB)
	729976  -  ResidentSetSize of job (KB)
...
006 (7072827.376.000) 03/20 19:30:17 Image size of job updated: 730012
	713  -  MemoryUsage of job (MB)
	730012  -  ResidentSetSize of job (KB)
...
006 (7072827.376.000) 03/20 20:05:22 Image size of job updated: 730040
	713  -  MemoryUsage of job (MB)
	730040  -  ResidentSetSize of job (KB)
...
006 (7072827.376.000) 03/20 21:35:30 Image size of job updated: 730076
	713  -  MemoryUsage of job (MB)
	730076  -  ResidentSetSize of job (KB)
...
006 (7072827.376.000) 03/20 22:05:32 Image size of job updated: 730104
	713  -  MemoryUsage of job (MB)
	730104  -  ResidentSetSize of job (KB)
...
006 (7072827.376.000) 03/20 22:20:33 Image size of job updated: 731872
	715  -  MemoryUsage of job (MB)
	731872  -  ResidentSetSize of job (KB)
...
006 (7072827.376.000) 03/20 22:30:34 Image size of job updated: 731984
	715  -  MemoryUsage of job (MB)
	731984  -  ResidentSetSize of job (KB)
...
006 (7072827.376.000) 03/20 22:35:35 Image size of job updated: 732052
	715  -  MemoryUsage of job (MB)
	732052  -  ResidentSetSize of job (KB)
...
006 (7072827.376.000) 03/20 22:40:36 Image size of job updated: 732084
	715  -  MemoryUsage of job (MB)
	732084  -  ResidentSetSize of job (KB)
...
006 (7072827.376.000) 03/21 00:05:45 Image size of job updated: 732132
	715  -  MemoryUsage of job (MB)
	732132  -  ResidentSetSize of job (KB)
...
006 (7072827.376.000) 03/21 00:55:48 Image size of job updated: 732200
	716  -  MemoryUsage of job (MB)
	732200  -  ResidentSetSize of job (KB)
...
006 (7072827.376.000) 03/21 02:35:59 Image size of job updated: 732264
	716  -  MemoryUsage of job (MB)
	732264  -  ResidentSetSize of job (KB)
...
006 (7072827.376.000) 03/21 05:41:16 Image size of job updated: 732552
	716  -  MemoryUsage of job (MB)
	732552  -  ResidentSetSize of job (KB)
...
006 (7072827.376.000) 03/21 05:56:17 Image size of job updated: 732680
	716  -  MemoryUsage of job (MB)
	732680  -  ResidentSetSize of job (KB)
...
006 (7072827.376.000) 03/21 06:11:18 Image size of job updated: 732816
	716  -  MemoryUsage of job (MB)
	732816  -  ResidentSetSize of job (KB)
...
006 (7072827.376.000) 03/21 06:16:19 Image size of job updated: 732820
	716  -  MemoryUsage of job (MB)
	732820  -  ResidentSetSize of job (KB)
...
040 (7072827.376.000) 03/21 07:08:28 Started transferring output files
...
040 (7072827.376.000) 03/21 07:08:28 Finished transferring output files
...
005 (7072827.376.000) 03/21 07:08:28 Job terminated.
	(1) Normal termination (return value 0)
		Usr 0 19:12:01, Sys 0 00:01:50  -  Run Remote Usage
		Usr 0 00:00:00, Sys 0 00:00:00  -  Run Local Usage
		Usr 0 19:12:01, Sys 0 00:01:50  -  Total Remote Usage
		Usr 0 00:00:00, Sys 0 00:00:00  -  Total Local Usage
	12592  -  Run Bytes Sent By Job
	1380  -  Run Bytes Received By Job
	12592  -  Total Bytes Sent By Job
	1380  -  Total Bytes Received By Job
	Partitionable Resources :    Usage  Request Allocated 
	   Cpus                 :     0.86        1         1 
	   Disk (KB)            :    48           2      3764 
	   GPUs                 :                           0 
	   Memory (MB)          :   716        3000      3000 
	   TimeExecute (s)      : 77064                       
	   TimeSlotBusy (s)     : 77066                       

	Job terminated of its own accord at 2026-03-21T06:08:28Z with exit-code 0.
...
