000 (7072827.136.000) 03/20 09:40:27 Job submitted from host: <188.185.125.71:9618?addrs=188.185.125.71-9618+[2001-1458-d00-4a--100-15e]-9618&alias=bigbird28.cern.ch&noUDP&sock=schedd_2603_051c>
...
040 (7072827.136.000) 03/20 09:42:46 Started transferring input files
	Transferring to host: <188.185.212.30:9618?addrs=188.185.212.30-9618+[2001-1458-303-18--100-1a]-9618&alias=b9p25p8368.cern.ch&noUDP&sock=slot1_18_5357_3db3_195744>
...
040 (7072827.136.000) 03/20 09:42:46 Finished transferring input files
...
001 (7072827.136.000) 03/20 09:42:47 Job executing on host: <188.185.212.30:9618?addrs=188.185.212.30-9618+[2001-1458-303-18--100-1a]-9618&alias=b9p25p8368.cern.ch&noUDP&sock=startd_4309_31ae>
	SlotName: slot1_18@b9p25p8368.cern.ch
	CondorScratchDir = "/pool/condor/dir_2430162"
	Cpus = 1
	Disk = 3673
	GPUs = 0
	Memory = 3000
...
006 (7072827.136.000) 03/20 09:43:01 Image size of job updated: 880
	1  -  MemoryUsage of job (MB)
	880  -  ResidentSetSize of job (KB)
...
006 (7072827.136.000) 03/20 10:03:04 Image size of job updated: 726508
	710  -  MemoryUsage of job (MB)
	726508  -  ResidentSetSize of job (KB)
...
006 (7072827.136.000) 03/20 10:08:05 Image size of job updated: 726624
	710  -  MemoryUsage of job (MB)
	726624  -  ResidentSetSize of job (KB)
...
006 (7072827.136.000) 03/20 10:13:05 Image size of job updated: 728296
	712  -  MemoryUsage of job (MB)
	728296  -  ResidentSetSize of job (KB)
...
006 (7072827.136.000) 03/20 10:18:06 Image size of job updated: 731772
	715  -  MemoryUsage of job (MB)
	731772  -  ResidentSetSize of job (KB)
...
006 (7072827.136.000) 03/20 10:28:07 Image size of job updated: 731776
	715  -  MemoryUsage of job (MB)
	731776  -  ResidentSetSize of job (KB)
...
006 (7072827.136.000) 03/20 10:33:08 Image size of job updated: 731796
	715  -  MemoryUsage of job (MB)
	731796  -  ResidentSetSize of job (KB)
...
006 (7072827.136.000) 03/20 10:43:09 Image size of job updated: 732804
	716  -  MemoryUsage of job (MB)
	732804  -  ResidentSetSize of job (KB)
...
006 (7072827.136.000) 03/20 10:53:11 Image size of job updated: 733904
	717  -  MemoryUsage of job (MB)
	733904  -  ResidentSetSize of job (KB)
...
006 (7072827.136.000) 03/20 11:38:14 Image size of job updated: 734648
	718  -  MemoryUsage of job (MB)
	734648  -  ResidentSetSize of job (KB)
...
006 (7072827.136.000) 03/20 11:43:14 Image size of job updated: 739128
	722  -  MemoryUsage of job (MB)
	739128  -  ResidentSetSize of job (KB)
...
006 (7072827.136.000) 03/20 12:38:19 Image size of job updated: 739132
	722  -  MemoryUsage of job (MB)
	739132  -  ResidentSetSize of job (KB)
...
006 (7072827.136.000) 03/20 12:58:20 Image size of job updated: 739148
	722  -  MemoryUsage of job (MB)
	739148  -  ResidentSetSize of job (KB)
...
006 (7072827.136.000) 03/20 13:03:20 Image size of job updated: 739152
	722  -  MemoryUsage of job (MB)
	739152  -  ResidentSetSize of job (KB)
...
006 (7072827.136.000) 03/20 13:28:22 Image size of job updated: 743136
	726  -  MemoryUsage of job (MB)
	743136  -  ResidentSetSize of job (KB)
...
006 (7072827.136.000) 03/20 13:58:24 Image size of job updated: 743156
	726  -  MemoryUsage of job (MB)
	743156  -  ResidentSetSize of job (KB)
...
006 (7072827.136.000) 03/20 14:33:26 Image size of job updated: 743176
	726  -  MemoryUsage of job (MB)
	743176  -  ResidentSetSize of job (KB)
...
006 (7072827.136.000) 03/20 15:23:32 Image size of job updated: 743184
	726  -  MemoryUsage of job (MB)
	743184  -  ResidentSetSize of job (KB)
...
006 (7072827.136.000) 03/20 15:28:33 Image size of job updated: 743200
	726  -  MemoryUsage of job (MB)
	743200  -  ResidentSetSize of job (KB)
...
006 (7072827.136.000) 03/20 15:33:33 Image size of job updated: 743204
	726  -  MemoryUsage of job (MB)
	743204  -  ResidentSetSize of job (KB)
...
006 (7072827.136.000) 03/20 16:18:39 Image size of job updated: 746556
	730  -  MemoryUsage of job (MB)
	746556  -  ResidentSetSize of job (KB)
...
006 (7072827.136.000) 03/20 16:23:40 Image size of job updated: 746568
	730  -  MemoryUsage of job (MB)
	746568  -  ResidentSetSize of job (KB)
...
006 (7072827.136.000) 03/20 16:28:40 Image size of job updated: 746668
	730  -  MemoryUsage of job (MB)
	746668  -  ResidentSetSize of job (KB)
...
006 (7072827.136.000) 03/20 17:08:43 Image size of job updated: 766312
	749  -  MemoryUsage of job (MB)
	766312  -  ResidentSetSize of job (KB)
...
006 (7072827.136.000) 03/20 17:13:43 Image size of job updated: 766796
	749  -  MemoryUsage of job (MB)
	766796  -  ResidentSetSize of job (KB)
...
006 (7072827.136.000) 03/20 17:43:46 Image size of job updated: 766804
	749  -  MemoryUsage of job (MB)
	766804  -  ResidentSetSize of job (KB)
...
006 (7072827.136.000) 03/20 17:48:47 Image size of job updated: 766808
	749  -  MemoryUsage of job (MB)
	766808  -  ResidentSetSize of job (KB)
...
006 (7072827.136.000) 03/20 19:38:54 Image size of job updated: 766816
	749  -  MemoryUsage of job (MB)
	766816  -  ResidentSetSize of job (KB)
...
006 (7072827.136.000) 03/20 20:34:00 Image size of job updated: 766820
	749  -  MemoryUsage of job (MB)
	766820  -  ResidentSetSize of job (KB)
...
006 (7072827.136.000) 03/20 21:44:06 Image size of job updated: 766836
	749  -  MemoryUsage of job (MB)
	766836  -  ResidentSetSize of job (KB)
...
006 (7072827.136.000) 03/20 22:29:12 Image size of job updated: 771544
	749  -  MemoryUsage of job (MB)
	766836  -  ResidentSetSize of job (KB)
...
006 (7072827.136.000) 03/20 22:34:12 Image size of job updated: 771544
	750  -  MemoryUsage of job (MB)
	767308  -  ResidentSetSize of job (KB)
...
006 (7072827.136.000) 03/20 22:39:13 Image size of job updated: 771544
	750  -  MemoryUsage of job (MB)
	767316  -  ResidentSetSize of job (KB)
...
006 (7072827.136.000) 03/20 22:49:13 Image size of job updated: 771544
	752  -  MemoryUsage of job (MB)
	769140  -  ResidentSetSize of job (KB)
...
006 (7072827.136.000) 03/21 00:09:23 Image size of job updated: 771544
	752  -  MemoryUsage of job (MB)
	769152  -  ResidentSetSize of job (KB)
...
006 (7072827.136.000) 03/21 01:09:28 Image size of job updated: 771544
	752  -  MemoryUsage of job (MB)
	769168  -  ResidentSetSize of job (KB)
...
006 (7072827.136.000) 03/21 01:34:31 Image size of job updated: 771544
	752  -  MemoryUsage of job (MB)
	769176  -  ResidentSetSize of job (KB)
...
006 (7072827.136.000) 03/21 01:59:34 Image size of job updated: 771544
	752  -  MemoryUsage of job (MB)
	769192  -  ResidentSetSize of job (KB)
...
006 (7072827.136.000) 03/21 02:14:36 Image size of job updated: 771544
	752  -  MemoryUsage of job (MB)
	769200  -  ResidentSetSize of job (KB)
...
040 (7072827.136.000) 03/21 02:28:47 Started transferring output files
...
040 (7072827.136.000) 03/21 02:28:48 Finished transferring output files
...
005 (7072827.136.000) 03/21 02:28:48 Job terminated.
	(1) Normal termination (return value 0)
		Usr 0 16:19:26, Sys 0 00:00:38  -  Run Remote Usage
		Usr 0 00:00:00, Sys 0 00:00:00  -  Run Local Usage
		Usr 0 16:19:26, Sys 0 00:00:38  -  Total Remote Usage
		Usr 0 00:00:00, Sys 0 00:00:00  -  Total Local Usage
	28370  -  Run Bytes Sent By Job
	1380  -  Run Bytes Received By Job
	28370  -  Total Bytes Sent By Job
	1380  -  Total Bytes Received By Job
	Partitionable Resources :    Usage  Request Allocated 
	   Cpus                 :     0.99        1         1 
	   Disk (KB)            :    52           2      3673 
	   GPUs                 :                           0 
	   Memory (MB)          :   752        3000      3000 
	   TimeExecute (s)      : 60360                       
	   TimeSlotBusy (s)     : 60363                       

	Job terminated of its own accord at 2026-03-21T01:28:47Z with exit-code 0.
...
