000 (7072827.067.000) 03/20 09:40:27 Job submitted from host: <188.185.125.71:9618?addrs=188.185.125.71-9618+[2001-1458-d00-4a--100-15e]-9618&alias=bigbird28.cern.ch&noUDP&sock=schedd_2603_051c>
...
040 (7072827.067.000) 03/20 09:42:21 Started transferring input files
	Transferring to host: <188.185.196.126:9618?addrs=188.185.196.126-9618+[2001-1458-303-23--100-7a]-9618&alias=b9p16p1240.cern.ch&noUDP&sock=slot1_46_3066_0636_129398>
...
040 (7072827.067.000) 03/20 09:42:21 Finished transferring input files
...
001 (7072827.067.000) 03/20 09:42:22 Job executing on host: <188.185.196.126:9618?addrs=188.185.196.126-9618+[2001-1458-303-23--100-7a]-9618&alias=b9p16p1240.cern.ch&noUDP&sock=startd_2581_ee07>
	SlotName: slot1_46@b9p16p1240.cern.ch
	CondorScratchDir = "/pool/condor/dir_2589677"
	Cpus = 1
	Disk = 3929
	GPUs = 0
	Memory = 3000
...
006 (7072827.067.000) 03/20 09:42:35 Image size of job updated: 876
	1  -  MemoryUsage of job (MB)
	876  -  ResidentSetSize of job (KB)
...
006 (7072827.067.000) 03/20 10:32:41 Image size of job updated: 508280
	497  -  MemoryUsage of job (MB)
	508280  -  ResidentSetSize of job (KB)
...
006 (7072827.067.000) 03/20 10:37:41 Image size of job updated: 515296
	504  -  MemoryUsage of job (MB)
	515296  -  ResidentSetSize of job (KB)
...
006 (7072827.067.000) 03/20 10:42:42 Image size of job updated: 518620
	507  -  MemoryUsage of job (MB)
	518620  -  ResidentSetSize of job (KB)
...
006 (7072827.067.000) 03/20 10:47:43 Image size of job updated: 560036
	547  -  MemoryUsage of job (MB)
	560036  -  ResidentSetSize of job (KB)
...
006 (7072827.067.000) 03/20 10:52:43 Image size of job updated: 562680
	550  -  MemoryUsage of job (MB)
	562680  -  ResidentSetSize of job (KB)
...
006 (7072827.067.000) 03/20 10:57:43 Image size of job updated: 570820
	558  -  MemoryUsage of job (MB)
	570820  -  ResidentSetSize of job (KB)
...
006 (7072827.067.000) 03/20 11:02:44 Image size of job updated: 571984
	559  -  MemoryUsage of job (MB)
	571984  -  ResidentSetSize of job (KB)
...
006 (7072827.067.000) 03/20 11:07:44 Image size of job updated: 571988
	559  -  MemoryUsage of job (MB)
	571988  -  ResidentSetSize of job (KB)
...
006 (7072827.067.000) 03/20 11:12:44 Image size of job updated: 572000
	559  -  MemoryUsage of job (MB)
	572000  -  ResidentSetSize of job (KB)
...
006 (7072827.067.000) 03/20 11:47:47 Image size of job updated: 574220
	561  -  MemoryUsage of job (MB)
	574220  -  ResidentSetSize of job (KB)
...
006 (7072827.067.000) 03/20 12:17:51 Image size of job updated: 574224
	561  -  MemoryUsage of job (MB)
	574224  -  ResidentSetSize of job (KB)
...
006 (7072827.067.000) 03/20 12:22:52 Image size of job updated: 574236
	561  -  MemoryUsage of job (MB)
	574236  -  ResidentSetSize of job (KB)
...
006 (7072827.067.000) 03/20 12:47:55 Image size of job updated: 574264
	561  -  MemoryUsage of job (MB)
	574264  -  ResidentSetSize of job (KB)
...
006 (7072827.067.000) 03/20 13:52:59 Image size of job updated: 577452
	564  -  MemoryUsage of job (MB)
	577452  -  ResidentSetSize of job (KB)
...
006 (7072827.067.000) 03/20 17:13:21 Image size of job updated: 583820
	571  -  MemoryUsage of job (MB)
	583820  -  ResidentSetSize of job (KB)
...
006 (7072827.067.000) 03/20 17:38:22 Image size of job updated: 738096
	721  -  MemoryUsage of job (MB)
	738096  -  ResidentSetSize of job (KB)
...
006 (7072827.067.000) 03/20 17:43:23 Image size of job updated: 741188
	724  -  MemoryUsage of job (MB)
	741188  -  ResidentSetSize of job (KB)
...
006 (7072827.067.000) 03/20 17:58:25 Image size of job updated: 745776
	729  -  MemoryUsage of job (MB)
	745776  -  ResidentSetSize of job (KB)
...
006 (7072827.067.000) 03/20 18:58:32 Image size of job updated: 745808
	729  -  MemoryUsage of job (MB)
	745808  -  ResidentSetSize of job (KB)
...
006 (7072827.067.000) 03/20 19:13:34 Image size of job updated: 758796
	742  -  MemoryUsage of job (MB)
	758796  -  ResidentSetSize of job (KB)
...
006 (7072827.067.000) 03/20 19:18:34 Image size of job updated: 758892
	742  -  MemoryUsage of job (MB)
	758892  -  ResidentSetSize of job (KB)
...
006 (7072827.067.000) 03/20 19:33:35 Image size of job updated: 760444
	743  -  MemoryUsage of job (MB)
	760444  -  ResidentSetSize of job (KB)
...
006 (7072827.067.000) 03/20 21:28:43 Image size of job updated: 760492
	743  -  MemoryUsage of job (MB)
	760492  -  ResidentSetSize of job (KB)
...
006 (7072827.067.000) 03/21 00:29:03 Image size of job updated: 765356
	748  -  MemoryUsage of job (MB)
	765356  -  ResidentSetSize of job (KB)
...
006 (7072827.067.000) 03/21 00:34:03 Image size of job updated: 766792
	749  -  MemoryUsage of job (MB)
	766792  -  ResidentSetSize of job (KB)
...
006 (7072827.067.000) 03/21 00:39:04 Image size of job updated: 767420
	750  -  MemoryUsage of job (MB)
	767420  -  ResidentSetSize of job (KB)
...
006 (7072827.067.000) 03/21 02:29:17 Image size of job updated: 768564
	751  -  MemoryUsage of job (MB)
	768564  -  ResidentSetSize of job (KB)
...
006 (7072827.067.000) 03/21 02:34:17 Image size of job updated: 768664
	751  -  MemoryUsage of job (MB)
	768664  -  ResidentSetSize of job (KB)
...
006 (7072827.067.000) 03/21 03:09:20 Image size of job updated: 768708
	751  -  MemoryUsage of job (MB)
	768708  -  ResidentSetSize of job (KB)
...
006 (7072827.067.000) 03/21 03:24:21 Image size of job updated: 768724
	751  -  MemoryUsage of job (MB)
	768724  -  ResidentSetSize of job (KB)
...
006 (7072827.067.000) 03/21 07:04:44 Image size of job updated: 768752
	751  -  MemoryUsage of job (MB)
	768752  -  ResidentSetSize of job (KB)
...
006 (7072827.067.000) 03/21 09:29:56 Image size of job updated: 769488
	751  -  MemoryUsage of job (MB)
	768752  -  ResidentSetSize of job (KB)
...
006 (7072827.067.000) 03/21 09:34:57 Image size of job updated: 769488
	751  -  MemoryUsage of job (MB)
	768756  -  ResidentSetSize of job (KB)
...
006 (7072827.067.000) 03/21 09:39:58 Image size of job updated: 769488
	751  -  MemoryUsage of job (MB)
	768848  -  ResidentSetSize of job (KB)
...
006 (7072827.067.000) 03/21 10:15:01 Image size of job updated: 769488
	751  -  MemoryUsage of job (MB)
	768884  -  ResidentSetSize of job (KB)
...
006 (7072827.067.000) 03/21 11:35:09 Image size of job updated: 769488
	751  -  MemoryUsage of job (MB)
	768920  -  ResidentSetSize of job (KB)
...
006 (7072827.067.000) 03/21 12:45:18 Image size of job updated: 769488
	752  -  MemoryUsage of job (MB)
	769200  -  ResidentSetSize of job (KB)
...
006 (7072827.067.000) 03/21 20:26:06 Image size of job updated: 770292
	753  -  MemoryUsage of job (MB)
	770292  -  ResidentSetSize of job (KB)
...
006 (7072827.067.000) 03/21 21:21:11 Image size of job updated: 770516
	753  -  MemoryUsage of job (MB)
	770516  -  ResidentSetSize of job (KB)
...
006 (7072827.067.000) 03/21 22:11:17 Image size of job updated: 770528
	753  -  MemoryUsage of job (MB)
	770528  -  ResidentSetSize of job (KB)
...
040 (7072827.067.000) 03/21 23:26:04 Started transferring output files
...
040 (7072827.067.000) 03/21 23:26:04 Finished transferring output files
...
005 (7072827.067.000) 03/21 23:26:04 Job terminated.
	(1) Normal termination (return value 0)
		Usr 1 12:30:13, Sys 0 00:03:32  -  Run Remote Usage
		Usr 0 00:00:00, Sys 0 00:00:00  -  Run Local Usage
		Usr 1 12:30:13, Sys 0 00:03:32  -  Total Remote Usage
		Usr 0 00:00:00, Sys 0 00:00:00  -  Total Local Usage
	12667  -  Run Bytes Sent By Job
	1380  -  Run Bytes Received By Job
	12667  -  Total Bytes Sent By Job
	1380  -  Total Bytes Received By Job
	Partitionable Resources :     Usage  Request Allocated 
	   Cpus                 :      0.99        1         1 
	   Disk (KB)            :     48           2      3929 
	   GPUs                 :                            0 
	   Memory (MB)          :    753        3000      3000 
	   TimeExecute (s)      : 135822                       
	   TimeSlotBusy (s)     : 135824                       

	Job terminated of its own accord at 2026-03-21T22:26:04Z with exit-code 0.
...
