000 (7072827.445.000) 03/20 09:40:28 Job submitted from host: <188.185.125.71:9618?addrs=188.185.125.71-9618+[2001-1458-d00-4a--100-15e]-9618&alias=bigbird28.cern.ch&noUDP&sock=schedd_2603_051c>
...
040 (7072827.445.000) 03/20 09:44:28 Started transferring input files
	Transferring to host: <188.185.214.230:9618?addrs=188.185.214.230-9618+[2001-1458-303-1d--100-62]-9618&alias=b9p30p8659.cern.ch&noUDP&sock=slot1_21_5920_ecea_193111>
...
040 (7072827.445.000) 03/20 09:44:28 Finished transferring input files
...
001 (7072827.445.000) 03/20 09:44:29 Job executing on host: <188.185.214.230:9618?addrs=188.185.214.230-9618+[2001-1458-303-1d--100-62]-9618&alias=b9p30p8659.cern.ch&noUDP&sock=startd_5271_0bca>
	SlotName: slot1_21@b9p30p8659.cern.ch
	CondorScratchDir = "/pool/condor/dir_154973"
	Cpus = 1
	Disk = 3702
	GPUs = 0
	Memory = 3000
...
006 (7072827.445.000) 03/20 09:44:42 Image size of job updated: 896
	1  -  MemoryUsage of job (MB)
	896  -  ResidentSetSize of job (KB)
...
006 (7072827.445.000) 03/20 10:49:46 Image size of job updated: 456556
	439  -  MemoryUsage of job (MB)
	448780  -  ResidentSetSize of job (KB)
...
006 (7072827.445.000) 03/20 10:54:47 Image size of job updated: 489020
	478  -  MemoryUsage of job (MB)
	489020  -  ResidentSetSize of job (KB)
...
006 (7072827.445.000) 03/20 10:59:47 Image size of job updated: 497948
	487  -  MemoryUsage of job (MB)
	497948  -  ResidentSetSize of job (KB)
...
006 (7072827.445.000) 03/20 11:04:47 Image size of job updated: 498892
	488  -  MemoryUsage of job (MB)
	498892  -  ResidentSetSize of job (KB)
...
006 (7072827.445.000) 03/20 11:09:48 Image size of job updated: 499208
	488  -  MemoryUsage of job (MB)
	499208  -  ResidentSetSize of job (KB)
...
006 (7072827.445.000) 03/20 11:14:48 Image size of job updated: 508248
	497  -  MemoryUsage of job (MB)
	508248  -  ResidentSetSize of job (KB)
...
006 (7072827.445.000) 03/20 11:19:49 Image size of job updated: 508340
	497  -  MemoryUsage of job (MB)
	508340  -  ResidentSetSize of job (KB)
...
006 (7072827.445.000) 03/20 11:24:50 Image size of job updated: 549332
	537  -  MemoryUsage of job (MB)
	549332  -  ResidentSetSize of job (KB)
...
006 (7072827.445.000) 03/20 11:29:50 Image size of job updated: 556008
	543  -  MemoryUsage of job (MB)
	556008  -  ResidentSetSize of job (KB)
...
006 (7072827.445.000) 03/20 11:59:52 Image size of job updated: 556036
	544  -  MemoryUsage of job (MB)
	556036  -  ResidentSetSize of job (KB)
...
006 (7072827.445.000) 03/20 12:24:55 Image size of job updated: 558116
	546  -  MemoryUsage of job (MB)
	558116  -  ResidentSetSize of job (KB)
...
006 (7072827.445.000) 03/20 12:39:57 Image size of job updated: 559856
	547  -  MemoryUsage of job (MB)
	559856  -  ResidentSetSize of job (KB)
...
006 (7072827.445.000) 03/20 13:05:00 Image size of job updated: 560124
	547  -  MemoryUsage of job (MB)
	560124  -  ResidentSetSize of job (KB)
...
006 (7072827.445.000) 03/20 13:20:02 Image size of job updated: 560128
	547  -  MemoryUsage of job (MB)
	560128  -  ResidentSetSize of job (KB)
...
006 (7072827.445.000) 03/20 13:40:05 Image size of job updated: 566152
	553  -  MemoryUsage of job (MB)
	566152  -  ResidentSetSize of job (KB)
...
006 (7072827.445.000) 03/20 13:45:05 Image size of job updated: 577084
	553  -  MemoryUsage of job (MB)
	566152  -  ResidentSetSize of job (KB)
...
006 (7072827.445.000) 03/20 14:20:10 Image size of job updated: 731200
	715  -  MemoryUsage of job (MB)
	731200  -  ResidentSetSize of job (KB)
...
006 (7072827.445.000) 03/20 14:25:10 Image size of job updated: 735900
	719  -  MemoryUsage of job (MB)
	735900  -  ResidentSetSize of job (KB)
...
006 (7072827.445.000) 03/20 14:30:10 Image size of job updated: 736464
	720  -  MemoryUsage of job (MB)
	736464  -  ResidentSetSize of job (KB)
...
006 (7072827.445.000) 03/20 14:45:11 Image size of job updated: 747140
	730  -  MemoryUsage of job (MB)
	747140  -  ResidentSetSize of job (KB)
...
006 (7072827.445.000) 03/20 16:20:21 Image size of job updated: 756200
	730  -  MemoryUsage of job (MB)
	747140  -  ResidentSetSize of job (KB)
...
006 (7072827.445.000) 03/20 16:25:21 Image size of job updated: 756200
	738  -  MemoryUsage of job (MB)
	755416  -  ResidentSetSize of job (KB)
...
006 (7072827.445.000) 03/20 16:30:23 Image size of job updated: 767772
	750  -  MemoryUsage of job (MB)
	767772  -  ResidentSetSize of job (KB)
...
006 (7072827.445.000) 03/21 06:51:49 Image size of job updated: 773820
	756  -  MemoryUsage of job (MB)
	773820  -  ResidentSetSize of job (KB)
...
006 (7072827.445.000) 03/21 07:06:51 Image size of job updated: 775604
	756  -  MemoryUsage of job (MB)
	773820  -  ResidentSetSize of job (KB)
...
040 (7072827.445.000) 03/21 08:17:53 Started transferring output files
...
040 (7072827.445.000) 03/21 08:17:53 Finished transferring output files
...
005 (7072827.445.000) 03/21 08:17:53 Job terminated.
	(1) Normal termination (return value 0)
		Usr 0 20:37:22, Sys 0 00:02:15  -  Run Remote Usage
		Usr 0 00:00:00, Sys 0 00:00:00  -  Run Local Usage
		Usr 0 20:37:22, Sys 0 00:02:15  -  Total Remote Usage
		Usr 0 00:00:00, Sys 0 00:00:00  -  Total Local Usage
	12921  -  Run Bytes Sent By Job
	1380  -  Run Bytes Received By Job
	12921  -  Total Bytes Sent By Job
	1380  -  Total Bytes Received By Job
	Partitionable Resources :    Usage  Request Allocated 
	   Cpus                 :     0.95        1         1 
	   Disk (KB)            :    48           2      3702 
	   GPUs                 :                           0 
	   Memory (MB)          :   756        3000      3000 
	   TimeExecute (s)      : 81204                       
	   TimeSlotBusy (s)     : 81205                       

	Job terminated of its own accord at 2026-03-21T07:17:53Z with exit-code 0.
...
