000 (7072827.521.000) 03/20 09:40:28 Job submitted from host: <188.185.125.71:9618?addrs=188.185.125.71-9618+[2001-1458-d00-4a--100-15e]-9618&alias=bigbird28.cern.ch&noUDP&sock=schedd_2603_051c>
...
040 (7072827.521.000) 03/20 09:44:54 Started transferring input files
	Transferring to host: <188.185.195.80:9618?addrs=188.185.195.80-9618+[2001-1458-303-22--100-4c]-9618&alias=b9p17p6061.cern.ch&noUDP&sock=slot1_53_3212_e4fc_178109>
...
040 (7072827.521.000) 03/20 09:44:54 Finished transferring input files
...
001 (7072827.521.000) 03/20 09:44:55 Job executing on host: <188.185.195.80:9618?addrs=188.185.195.80-9618+[2001-1458-303-22--100-4c]-9618&alias=b9p17p6061.cern.ch&noUDP&sock=startd_2526_3451>
	SlotName: slot1_53@b9p17p6061.cern.ch
	CondorScratchDir = "/pool/condor/dir_1239945"
	Cpus = 1
	Disk = 3789
	GPUs = 0
	Memory = 3000
...
006 (7072827.521.000) 03/20 09:45:09 Image size of job updated: 884
	1  -  MemoryUsage of job (MB)
	884  -  ResidentSetSize of job (KB)
...
006 (7072827.521.000) 03/20 11:45:22 Image size of job updated: 671108
	656  -  MemoryUsage of job (MB)
	671108  -  ResidentSetSize of job (KB)
...
006 (7072827.521.000) 03/20 11:55:23 Image size of job updated: 671112
	656  -  MemoryUsage of job (MB)
	671112  -  ResidentSetSize of job (KB)
...
006 (7072827.521.000) 03/20 12:00:24 Image size of job updated: 671212
	656  -  MemoryUsage of job (MB)
	671212  -  ResidentSetSize of job (KB)
...
006 (7072827.521.000) 03/20 12:05:24 Image size of job updated: 671216
	656  -  MemoryUsage of job (MB)
	671216  -  ResidentSetSize of job (KB)
...
006 (7072827.521.000) 03/20 12:10:25 Image size of job updated: 671220
	656  -  MemoryUsage of job (MB)
	671220  -  ResidentSetSize of job (KB)
...
006 (7072827.521.000) 03/20 12:15:26 Image size of job updated: 671224
	656  -  MemoryUsage of job (MB)
	671224  -  ResidentSetSize of job (KB)
...
006 (7072827.521.000) 03/20 12:25:27 Image size of job updated: 671228
	656  -  MemoryUsage of job (MB)
	671228  -  ResidentSetSize of job (KB)
...
006 (7072827.521.000) 03/20 12:35:28 Image size of job updated: 671240
	656  -  MemoryUsage of job (MB)
	671240  -  ResidentSetSize of job (KB)
...
006 (7072827.521.000) 03/20 13:10:30 Image size of job updated: 709620
	693  -  MemoryUsage of job (MB)
	709620  -  ResidentSetSize of job (KB)
...
006 (7072827.521.000) 03/20 13:15:31 Image size of job updated: 712744
	697  -  MemoryUsage of job (MB)
	712744  -  ResidentSetSize of job (KB)
...
006 (7072827.521.000) 03/20 13:30:32 Image size of job updated: 713800
	698  -  MemoryUsage of job (MB)
	713800  -  ResidentSetSize of job (KB)
...
006 (7072827.521.000) 03/20 13:40:32 Image size of job updated: 715408
	699  -  MemoryUsage of job (MB)
	715408  -  ResidentSetSize of job (KB)
...
006 (7072827.521.000) 03/20 13:55:33 Image size of job updated: 718160
	702  -  MemoryUsage of job (MB)
	718160  -  ResidentSetSize of job (KB)
...
006 (7072827.521.000) 03/20 14:10:35 Image size of job updated: 719060
	703  -  MemoryUsage of job (MB)
	719060  -  ResidentSetSize of job (KB)
...
006 (7072827.521.000) 03/20 14:20:36 Image size of job updated: 724520
	708  -  MemoryUsage of job (MB)
	724520  -  ResidentSetSize of job (KB)
...
006 (7072827.521.000) 03/20 15:05:42 Image size of job updated: 724532
	708  -  MemoryUsage of job (MB)
	724532  -  ResidentSetSize of job (KB)
...
006 (7072827.521.000) 03/20 15:30:46 Image size of job updated: 724536
	708  -  MemoryUsage of job (MB)
	724536  -  ResidentSetSize of job (KB)
...
006 (7072827.521.000) 03/20 15:55:49 Image size of job updated: 725372
	709  -  MemoryUsage of job (MB)
	725372  -  ResidentSetSize of job (KB)
...
006 (7072827.521.000) 03/20 16:00:49 Image size of job updated: 725380
	709  -  MemoryUsage of job (MB)
	725380  -  ResidentSetSize of job (KB)
...
006 (7072827.521.000) 03/20 16:30:51 Image size of job updated: 726340
	710  -  MemoryUsage of job (MB)
	726340  -  ResidentSetSize of job (KB)
...
006 (7072827.521.000) 03/20 16:40:53 Image size of job updated: 726344
	710  -  MemoryUsage of job (MB)
	726344  -  ResidentSetSize of job (KB)
...
006 (7072827.521.000) 03/20 18:26:02 Image size of job updated: 726348
	710  -  MemoryUsage of job (MB)
	726348  -  ResidentSetSize of job (KB)
...
006 (7072827.521.000) 03/20 18:41:03 Image size of job updated: 726496
	710  -  MemoryUsage of job (MB)
	726496  -  ResidentSetSize of job (KB)
...
006 (7072827.521.000) 03/20 19:01:05 Image size of job updated: 735228
	718  -  MemoryUsage of job (MB)
	735228  -  ResidentSetSize of job (KB)
...
006 (7072827.521.000) 03/20 19:46:11 Image size of job updated: 735244
	719  -  MemoryUsage of job (MB)
	735244  -  ResidentSetSize of job (KB)
...
006 (7072827.521.000) 03/20 21:01:19 Image size of job updated: 737440
	721  -  MemoryUsage of job (MB)
	737440  -  ResidentSetSize of job (KB)
...
006 (7072827.521.000) 03/20 21:16:21 Image size of job updated: 738636
	722  -  MemoryUsage of job (MB)
	738636  -  ResidentSetSize of job (KB)
...
006 (7072827.521.000) 03/20 21:21:21 Image size of job updated: 738696
	722  -  MemoryUsage of job (MB)
	738696  -  ResidentSetSize of job (KB)
...
006 (7072827.521.000) 03/20 21:26:22 Image size of job updated: 738704
	722  -  MemoryUsage of job (MB)
	738704  -  ResidentSetSize of job (KB)
...
006 (7072827.521.000) 03/20 23:31:33 Image size of job updated: 738844
	722  -  MemoryUsage of job (MB)
	738844  -  ResidentSetSize of job (KB)
...
006 (7072827.521.000) 03/20 23:36:33 Image size of job updated: 754508
	737  -  MemoryUsage of job (MB)
	754508  -  ResidentSetSize of job (KB)
...
006 (7072827.521.000) 03/20 23:41:33 Image size of job updated: 755736
	739  -  MemoryUsage of job (MB)
	755736  -  ResidentSetSize of job (KB)
...
006 (7072827.521.000) 03/20 23:46:34 Image size of job updated: 755780
	739  -  MemoryUsage of job (MB)
	755780  -  ResidentSetSize of job (KB)
...
006 (7072827.521.000) 03/21 00:41:39 Image size of job updated: 755996
	739  -  MemoryUsage of job (MB)
	755996  -  ResidentSetSize of job (KB)
...
006 (7072827.521.000) 03/21 00:51:41 Image size of job updated: 757280
	740  -  MemoryUsage of job (MB)
	757280  -  ResidentSetSize of job (KB)
...
006 (7072827.521.000) 03/21 01:01:41 Image size of job updated: 757288
	740  -  MemoryUsage of job (MB)
	757288  -  ResidentSetSize of job (KB)
...
006 (7072827.521.000) 03/21 01:21:43 Image size of job updated: 757304
	740  -  MemoryUsage of job (MB)
	757304  -  ResidentSetSize of job (KB)
...
006 (7072827.521.000) 03/21 01:36:44 Image size of job updated: 757312
	740  -  MemoryUsage of job (MB)
	757312  -  ResidentSetSize of job (KB)
...
006 (7072827.521.000) 03/21 02:26:48 Image size of job updated: 758028
	741  -  MemoryUsage of job (MB)
	758028  -  ResidentSetSize of job (KB)
...
006 (7072827.521.000) 03/21 02:31:49 Image size of job updated: 758464
	741  -  MemoryUsage of job (MB)
	758464  -  ResidentSetSize of job (KB)
...
006 (7072827.521.000) 03/21 07:22:17 Image size of job updated: 758484
	741  -  MemoryUsage of job (MB)
	758484  -  ResidentSetSize of job (KB)
...
006 (7072827.521.000) 03/21 09:07:28 Image size of job updated: 758496
	741  -  MemoryUsage of job (MB)
	758496  -  ResidentSetSize of job (KB)
...
006 (7072827.521.000) 03/21 10:47:36 Image size of job updated: 760780
	741  -  MemoryUsage of job (MB)
	758496  -  ResidentSetSize of job (KB)
...
006 (7072827.521.000) 03/21 12:22:48 Image size of job updated: 763884
	741  -  MemoryUsage of job (MB)
	758496  -  ResidentSetSize of job (KB)
...
006 (7072827.521.000) 03/21 12:37:50 Image size of job updated: 763884
	742  -  MemoryUsage of job (MB)
	759148  -  ResidentSetSize of job (KB)
...
006 (7072827.521.000) 03/21 12:42:51 Image size of job updated: 763884
	742  -  MemoryUsage of job (MB)
	759156  -  ResidentSetSize of job (KB)
...
006 (7072827.521.000) 03/21 13:17:54 Image size of job updated: 763884
	742  -  MemoryUsage of job (MB)
	759172  -  ResidentSetSize of job (KB)
...
006 (7072827.521.000) 03/21 15:03:01 Image size of job updated: 763884
	742  -  MemoryUsage of job (MB)
	759176  -  ResidentSetSize of job (KB)
...
006 (7072827.521.000) 03/21 15:23:03 Image size of job updated: 763884
	742  -  MemoryUsage of job (MB)
	759188  -  ResidentSetSize of job (KB)
...
006 (7072827.521.000) 03/21 16:18:09 Image size of job updated: 763884
	742  -  MemoryUsage of job (MB)
	759200  -  ResidentSetSize of job (KB)
...
006 (7072827.521.000) 03/21 16:23:09 Image size of job updated: 763884
	742  -  MemoryUsage of job (MB)
	759204  -  ResidentSetSize of job (KB)
...
006 (7072827.521.000) 03/21 17:28:17 Image size of job updated: 763884
	742  -  MemoryUsage of job (MB)
	759220  -  ResidentSetSize of job (KB)
...
006 (7072827.521.000) 03/21 22:03:47 Image size of job updated: 763884
	743  -  MemoryUsage of job (MB)
	760120  -  ResidentSetSize of job (KB)
...
040 (7072827.521.000) 03/22 03:00:10 Started transferring output files
...
040 (7072827.521.000) 03/22 03:00:10 Finished transferring output files
...
005 (7072827.521.000) 03/22 03:00:10 Job terminated.
	(1) Normal termination (return value 0)
		Usr 1 14:52:42, Sys 0 00:03:04  -  Run Remote Usage
		Usr 0 00:00:00, Sys 0 00:00:00  -  Run Local Usage
		Usr 1 14:52:42, Sys 0 00:03:04  -  Total Remote Usage
		Usr 0 00:00:00, Sys 0 00:00:00  -  Total Local Usage
	12557  -  Run Bytes Sent By Job
	1380  -  Run Bytes Received By Job
	12557  -  Total Bytes Sent By Job
	1380  -  Total Bytes Received By Job
	Partitionable Resources :     Usage  Request Allocated 
	   Cpus                 :      0.99        1         1 
	   Disk (KB)            :     47           2      3789 
	   GPUs                 :                            0 
	   Memory (MB)          :    743        3000      3000 
	   TimeExecute (s)      : 148515                       
	   TimeSlotBusy (s)     : 148516                       

	Job terminated of its own accord at 2026-03-22T02:00:10Z with exit-code 0.
...
