000 (7072827.270.000) 03/20 09:40:28 Job submitted from host: <188.185.125.71:9618?addrs=188.185.125.71-9618+[2001-1458-d00-4a--100-15e]-9618&alias=bigbird28.cern.ch&noUDP&sock=schedd_2603_051c>
...
040 (7072827.270.000) 03/20 09:43:28 Started transferring input files
	Transferring to host: <188.185.212.193:9618?addrs=188.185.212.193-9618+[2001-1458-303-19--100-3d]-9618&alias=b9p26p7832.cern.ch&noUDP&sock=slot1_31_7028_9c97_194097>
...
040 (7072827.270.000) 03/20 09:43:28 Finished transferring input files
...
001 (7072827.270.000) 03/20 09:43:29 Job executing on host: <188.185.212.193:9618?addrs=188.185.212.193-9618+[2001-1458-303-19--100-3d]-9618&alias=b9p26p7832.cern.ch&noUDP&sock=startd_6004_d2b5>
	SlotName: slot1_31@b9p26p7832.cern.ch
	CondorScratchDir = "/pool/condor/dir_2885589"
	Cpus = 1
	Disk = 3717
	GPUs = 0
	Memory = 3000
...
006 (7072827.270.000) 03/20 09:43:43 Image size of job updated: 876
	1  -  MemoryUsage of job (MB)
	876  -  ResidentSetSize of job (KB)
...
006 (7072827.270.000) 03/20 11:03:51 Image size of job updated: 644412
	630  -  MemoryUsage of job (MB)
	644412  -  ResidentSetSize of job (KB)
...
006 (7072827.270.000) 03/20 11:08:51 Image size of job updated: 645436
	631  -  MemoryUsage of job (MB)
	645436  -  ResidentSetSize of job (KB)
...
006 (7072827.270.000) 03/20 11:13:52 Image size of job updated: 647816
	633  -  MemoryUsage of job (MB)
	647816  -  ResidentSetSize of job (KB)
...
006 (7072827.270.000) 03/20 11:23:53 Image size of job updated: 651440
	637  -  MemoryUsage of job (MB)
	651440  -  ResidentSetSize of job (KB)
...
006 (7072827.270.000) 03/20 11:28:54 Image size of job updated: 651444
	637  -  MemoryUsage of job (MB)
	651444  -  ResidentSetSize of job (KB)
...
006 (7072827.270.000) 03/20 11:53:56 Image size of job updated: 652880
	638  -  MemoryUsage of job (MB)
	652880  -  ResidentSetSize of job (KB)
...
006 (7072827.270.000) 03/20 11:58:57 Image size of job updated: 706388
	690  -  MemoryUsage of job (MB)
	706388  -  ResidentSetSize of job (KB)
...
006 (7072827.270.000) 03/20 12:03:57 Image size of job updated: 706856
	691  -  MemoryUsage of job (MB)
	706856  -  ResidentSetSize of job (KB)
...
006 (7072827.270.000) 03/20 12:08:57 Image size of job updated: 716436
	700  -  MemoryUsage of job (MB)
	716436  -  ResidentSetSize of job (KB)
...
006 (7072827.270.000) 03/20 12:23:58 Image size of job updated: 716448
	700  -  MemoryUsage of job (MB)
	716448  -  ResidentSetSize of job (KB)
...
006 (7072827.270.000) 03/20 12:28:59 Image size of job updated: 716456
	700  -  MemoryUsage of job (MB)
	716456  -  ResidentSetSize of job (KB)
...
006 (7072827.270.000) 03/20 12:38:59 Image size of job updated: 716560
	700  -  MemoryUsage of job (MB)
	716560  -  ResidentSetSize of job (KB)
...
006 (7072827.270.000) 03/20 12:44:00 Image size of job updated: 716572
	700  -  MemoryUsage of job (MB)
	716572  -  ResidentSetSize of job (KB)
...
006 (7072827.270.000) 03/20 12:49:00 Image size of job updated: 716576
	700  -  MemoryUsage of job (MB)
	716576  -  ResidentSetSize of job (KB)
...
006 (7072827.270.000) 03/20 12:54:00 Image size of job updated: 716580
	700  -  MemoryUsage of job (MB)
	716580  -  ResidentSetSize of job (KB)
...
006 (7072827.270.000) 03/20 12:59:01 Image size of job updated: 716632
	700  -  MemoryUsage of job (MB)
	716632  -  ResidentSetSize of job (KB)
...
006 (7072827.270.000) 03/20 13:39:05 Image size of job updated: 718552
	702  -  MemoryUsage of job (MB)
	718552  -  ResidentSetSize of job (KB)
...
006 (7072827.270.000) 03/20 14:49:15 Image size of job updated: 718560
	702  -  MemoryUsage of job (MB)
	718560  -  ResidentSetSize of job (KB)
...
006 (7072827.270.000) 03/20 15:09:17 Image size of job updated: 718568
	702  -  MemoryUsage of job (MB)
	718568  -  ResidentSetSize of job (KB)
...
006 (7072827.270.000) 03/20 15:14:18 Image size of job updated: 718572
	702  -  MemoryUsage of job (MB)
	718572  -  ResidentSetSize of job (KB)
...
006 (7072827.270.000) 03/20 15:34:20 Image size of job updated: 718704
	702  -  MemoryUsage of job (MB)
	718704  -  ResidentSetSize of job (KB)
...
006 (7072827.270.000) 03/20 15:39:20 Image size of job updated: 719256
	703  -  MemoryUsage of job (MB)
	719256  -  ResidentSetSize of job (KB)
...
006 (7072827.270.000) 03/20 15:49:21 Image size of job updated: 719420
	703  -  MemoryUsage of job (MB)
	719420  -  ResidentSetSize of job (KB)
...
006 (7072827.270.000) 03/20 15:54:21 Image size of job updated: 719580
	703  -  MemoryUsage of job (MB)
	719580  -  ResidentSetSize of job (KB)
...
006 (7072827.270.000) 03/20 15:59:22 Image size of job updated: 719592
	703  -  MemoryUsage of job (MB)
	719592  -  ResidentSetSize of job (KB)
...
006 (7072827.270.000) 03/20 16:04:22 Image size of job updated: 719712
	703  -  MemoryUsage of job (MB)
	719712  -  ResidentSetSize of job (KB)
...
006 (7072827.270.000) 03/20 16:09:22 Image size of job updated: 736384
	720  -  MemoryUsage of job (MB)
	736384  -  ResidentSetSize of job (KB)
...
006 (7072827.270.000) 03/20 16:19:23 Image size of job updated: 736944
	720  -  MemoryUsage of job (MB)
	736944  -  ResidentSetSize of job (KB)
...
006 (7072827.270.000) 03/20 16:24:23 Image size of job updated: 738240
	721  -  MemoryUsage of job (MB)
	738240  -  ResidentSetSize of job (KB)
...
006 (7072827.270.000) 03/20 17:24:27 Image size of job updated: 740488
	724  -  MemoryUsage of job (MB)
	740488  -  ResidentSetSize of job (KB)
...
006 (7072827.270.000) 03/20 17:29:28 Image size of job updated: 740996
	724  -  MemoryUsage of job (MB)
	740996  -  ResidentSetSize of job (KB)
...
006 (7072827.270.000) 03/20 17:34:28 Image size of job updated: 743500
	727  -  MemoryUsage of job (MB)
	743500  -  ResidentSetSize of job (KB)
...
006 (7072827.270.000) 03/20 18:34:34 Image size of job updated: 743508
	727  -  MemoryUsage of job (MB)
	743508  -  ResidentSetSize of job (KB)
...
006 (7072827.270.000) 03/20 20:19:42 Image size of job updated: 743520
	727  -  MemoryUsage of job (MB)
	743520  -  ResidentSetSize of job (KB)
...
006 (7072827.270.000) 03/20 20:29:44 Image size of job updated: 744280
	727  -  MemoryUsage of job (MB)
	744280  -  ResidentSetSize of job (KB)
...
006 (7072827.270.000) 03/20 20:39:45 Image size of job updated: 744292
	727  -  MemoryUsage of job (MB)
	744292  -  ResidentSetSize of job (KB)
...
006 (7072827.270.000) 03/20 21:24:51 Image size of job updated: 744852
	728  -  MemoryUsage of job (MB)
	744852  -  ResidentSetSize of job (KB)
...
006 (7072827.270.000) 03/20 21:29:52 Image size of job updated: 748060
	731  -  MemoryUsage of job (MB)
	748060  -  ResidentSetSize of job (KB)
...
006 (7072827.270.000) 03/20 21:54:53 Image size of job updated: 748064
	731  -  MemoryUsage of job (MB)
	748064  -  ResidentSetSize of job (KB)
...
006 (7072827.270.000) 03/20 22:39:59 Image size of job updated: 748072
	731  -  MemoryUsage of job (MB)
	748072  -  ResidentSetSize of job (KB)
...
006 (7072827.270.000) 03/20 23:10:03 Image size of job updated: 748088
	731  -  MemoryUsage of job (MB)
	748088  -  ResidentSetSize of job (KB)
...
006 (7072827.270.000) 03/21 00:30:14 Image size of job updated: 748100
	731  -  MemoryUsage of job (MB)
	748100  -  ResidentSetSize of job (KB)
...
006 (7072827.270.000) 03/21 01:00:18 Image size of job updated: 748108
	731  -  MemoryUsage of job (MB)
	748108  -  ResidentSetSize of job (KB)
...
006 (7072827.270.000) 03/21 01:20:19 Image size of job updated: 748124
	731  -  MemoryUsage of job (MB)
	748124  -  ResidentSetSize of job (KB)
...
006 (7072827.270.000) 03/21 02:00:24 Image size of job updated: 748128
	731  -  MemoryUsage of job (MB)
	748128  -  ResidentSetSize of job (KB)
...
006 (7072827.270.000) 03/21 02:10:25 Image size of job updated: 755636
	738  -  MemoryUsage of job (MB)
	755636  -  ResidentSetSize of job (KB)
...
006 (7072827.270.000) 03/21 02:25:27 Image size of job updated: 756240
	738  -  MemoryUsage of job (MB)
	755636  -  ResidentSetSize of job (KB)
...
006 (7072827.270.000) 03/21 03:35:34 Image size of job updated: 770276
	744  -  MemoryUsage of job (MB)
	761008  -  ResidentSetSize of job (KB)
...
006 (7072827.270.000) 03/21 03:50:35 Image size of job updated: 771028
	748  -  MemoryUsage of job (MB)
	765580  -  ResidentSetSize of job (KB)
...
040 (7072827.270.000) 03/21 09:47:01 Started transferring output files
...
040 (7072827.270.000) 03/21 09:47:01 Finished transferring output files
...
005 (7072827.270.000) 03/21 09:47:01 Job terminated.
	(1) Normal termination (return value 0)
		Usr 0 22:14:52, Sys 0 00:02:42  -  Run Remote Usage
		Usr 0 00:00:00, Sys 0 00:00:00  -  Run Local Usage
		Usr 0 22:14:52, Sys 0 00:02:42  -  Total Remote Usage
		Usr 0 00:00:00, Sys 0 00:00:00  -  Total Local Usage
	13392  -  Run Bytes Sent By Job
	1380  -  Run Bytes Received By Job
	13392  -  Total Bytes Sent By Job
	1380  -  Total Bytes Received By Job
	Partitionable Resources :    Usage  Request Allocated 
	   Cpus                 :     0.99        1         1 
	   Disk (KB)            :    48           2      3717 
	   GPUs                 :                           0 
	   Memory (MB)          :   748        3000      3000 
	   TimeExecute (s)      : 86612                       
	   TimeSlotBusy (s)     : 86614                       

	Job terminated of its own accord at 2026-03-21T08:47:01Z with exit-code 0.
...
