000 (7124483.408.000) 03/26 14:32:04 Job submitted from host: <188.185.125.71:9618?addrs=188.185.125.71-9618+[2001-1458-d00-4a--100-15e]-9618&alias=bigbird28.cern.ch&noUDP&sock=schedd_2603_051c>
...
040 (7124483.408.000) 03/26 14:35:48 Started transferring input files
	Transferring to host: <188.185.201.29:9618?addrs=188.185.201.29-9618+[2001-1458-303-31--100-1a]-9618&alias=b9p35p0062.cern.ch&noUDP&sock=slot1_61_189122_4ec4_129962>
...
040 (7124483.408.000) 03/26 14:35:48 Finished transferring input files
...
001 (7124483.408.000) 03/26 14:35:49 Job executing on host: <188.185.201.29:9618?addrs=188.185.201.29-9618+[2001-1458-303-31--100-1a]-9618&alias=b9p35p0062.cern.ch&noUDP&sock=startd_178254_fef6>
	SlotName: slot1_61@b9p35p0062.cern.ch
	CondorScratchDir = "/pool/condor/dir_3434960"
	Cpus = 1
	Disk = 6842
	GPUs = 0
	Memory = 3000
...
006 (7124483.408.000) 03/26 14:36:03 Image size of job updated: 87588
	86  -  MemoryUsage of job (MB)
	87588  -  ResidentSetSize of job (KB)
...
006 (7124483.408.000) 03/26 14:36:30 Image size of job updated: 685936
	87  -  MemoryUsage of job (MB)
	88144  -  ResidentSetSize of job (KB)
...
040 (7124483.408.000) 03/26 14:36:30 Started transferring output files
...
040 (7124483.408.000) 03/26 14:36:30 Finished transferring output files
...
005 (7124483.408.000) 03/26 14:36:30 Job terminated.
	(1) Normal termination (return value 0)
		Usr 0 00:00:22, Sys 0 00:00:00  -  Run Remote Usage
		Usr 0 00:00:00, Sys 0 00:00:00  -  Run Local Usage
		Usr 0 00:00:22, Sys 0 00:00:00  -  Total Remote Usage
		Usr 0 00:00:00, Sys 0 00:00:00  -  Total Local Usage
	2466  -  Run Bytes Sent By Job
	1411  -  Run Bytes Received By Job
	2466  -  Total Bytes Sent By Job
	1411  -  Total Bytes Received By Job
	Partitionable Resources :    Usage  Request Allocated 
	   Cpus                 :        0        1         1 
	   Disk (KB)            :       41        2      6842 
	   GPUs                 :                           0 
	   Memory (MB)          :       87     3000      3000 
	   TimeExecute (s)      :       41                    
	   TimeSlotBusy (s)     :       42                    

	Job terminated of its own accord at 2026-03-26T13:36:30Z with exit-code 0.
...
000 (7125552.408.000) 03/26 16:01:58 Job submitted from host: <188.185.125.71:9618?addrs=188.185.125.71-9618+[2001-1458-d00-4a--100-15e]-9618&alias=bigbird28.cern.ch&noUDP&sock=schedd_2603_051c>
...
040 (7125552.408.000) 03/26 16:13:14 Started transferring input files
	Transferring to host: <188.185.192.184:9618?addrs=188.185.192.184-9618+[2001-1458-303-1f--100-b4]-9618&alias=b9p13p4431.cern.ch&noUDP&sock=slot1_26_9964_4a0e_189558>
...
040 (7125552.408.000) 03/26 16:13:14 Finished transferring input files
...
001 (7125552.408.000) 03/26 16:13:15 Job executing on host: <188.185.192.184:9618?addrs=188.185.192.184-9618+[2001-1458-303-1f--100-b4]-9618&alias=b9p13p4431.cern.ch&noUDP&sock=startd_8515_2904>
	SlotName: slot1_26@b9p13p4431.cern.ch
	CondorScratchDir = "/pool/condor/dir_3124500"
	Cpus = 1
	Disk = 3805
	GPUs = 0
	Memory = 3000
...
006 (7125552.408.000) 03/26 16:13:29 Image size of job updated: 14848
	5  -  MemoryUsage of job (MB)
	4624  -  ResidentSetSize of job (KB)
...
006 (7125552.408.000) 03/26 16:16:22 Image size of job updated: 703628
	5  -  MemoryUsage of job (MB)
	4744  -  ResidentSetSize of job (KB)
...
040 (7125552.408.000) 03/26 16:16:22 Started transferring output files
...
040 (7125552.408.000) 03/26 16:16:22 Finished transferring output files
...
005 (7125552.408.000) 03/26 16:16:22 Job terminated.
	(1) Normal termination (return value 0)
		Usr 0 00:01:20, Sys 0 00:00:04  -  Run Remote Usage
		Usr 0 00:00:00, Sys 0 00:00:00  -  Run Local Usage
		Usr 0 00:01:20, Sys 0 00:00:04  -  Total Remote Usage
		Usr 0 00:00:00, Sys 0 00:00:00  -  Total Local Usage
	2467  -  Run Bytes Sent By Job
	1412  -  Run Bytes Received By Job
	2467  -  Total Bytes Sent By Job
	1412  -  Total Bytes Received By Job
	Partitionable Resources :    Usage  Request Allocated 
	   Cpus                 :     0.91        1         1 
	   Disk (KB)            :    41           2      3805 
	   GPUs                 :                           0 
	   Memory (MB)          :     5        3000      3000 
	   TimeExecute (s)      :   187                       
	   TimeSlotBusy (s)     :   189                       

	Job terminated of its own accord at 2026-03-26T15:16:22Z with exit-code 0.
...
