000 (7124483.035.000) 03/26 14:32:03 Job submitted from host: <188.185.125.71:9618?addrs=188.185.125.71-9618+[2001-1458-d00-4a--100-15e]-9618&alias=bigbird28.cern.ch&noUDP&sock=schedd_2603_051c>
...
040 (7124483.035.000) 03/26 14:33:43 Started transferring input files
	Transferring to host: <188.185.193.101:9618?addrs=188.185.193.101-9618+[2001-1458-303-20--100-61]-9618&alias=b9p19p6122.cern.ch&noUDP&sock=slot1_26_5526_511a_182698>
...
040 (7124483.035.000) 03/26 14:33:43 Finished transferring input files
...
001 (7124483.035.000) 03/26 14:33:44 Job executing on host: <188.185.193.101:9618?addrs=188.185.193.101-9618+[2001-1458-303-20--100-61]-9618&alias=b9p19p6122.cern.ch&noUDP&sock=startd_4312_4077>
	SlotName: slot1_26@b9p19p6122.cern.ch
	CondorScratchDir = "/pool/condor/dir_2268798"
	Cpus = 1
	Disk = 3752
	GPUs = 0
	Memory = 3000
...
006 (7124483.035.000) 03/26 14:33:57 Image size of job updated: 876
	1  -  MemoryUsage of job (MB)
	876  -  ResidentSetSize of job (KB)
...
006 (7124483.035.000) 03/26 14:36:47 Image size of job updated: 642920
	1  -  MemoryUsage of job (MB)
	876  -  ResidentSetSize of job (KB)
...
040 (7124483.035.000) 03/26 14:36:47 Started transferring output files
...
040 (7124483.035.000) 03/26 14:36:47 Finished transferring output files
...
005 (7124483.035.000) 03/26 14:36:47 Job terminated.
	(1) Normal termination (return value 0)
		Usr 0 00:01:24, Sys 0 00:00:04  -  Run Remote Usage
		Usr 0 00:00:00, Sys 0 00:00:00  -  Run Local Usage
		Usr 0 00:01:24, Sys 0 00:00:04  -  Total Remote Usage
		Usr 0 00:00:00, Sys 0 00:00:00  -  Total Local Usage
	2458  -  Run Bytes Sent By Job
	1411  -  Run Bytes Received By Job
	2458  -  Total Bytes Sent By Job
	1411  -  Total Bytes Received By Job
	Partitionable Resources :    Usage  Request Allocated 
	   Cpus                 :        0        1         1 
	   Disk (KB)            :       41        2      3752 
	   GPUs                 :                           0 
	   Memory (MB)          :        1     3000      3000 
	   TimeExecute (s)      :      183                    
	   TimeSlotBusy (s)     :      185                    

	Job terminated of its own accord at 2026-03-26T13:36:47Z with exit-code 0.
...
000 (7125552.035.000) 03/26 16:01:49 Job submitted from host: <188.185.125.71:9618?addrs=188.185.125.71-9618+[2001-1458-d00-4a--100-15e]-9618&alias=bigbird28.cern.ch&noUDP&sock=schedd_2603_051c>
...
040 (7125552.035.000) 03/26 16:05:39 Started transferring input files
	Transferring to host: <128.142.51.209:9618?addrs=128.142.51.209-9618+[2001-1458-301-3--100-e]-9618&alias=b9g02p0891.cern.ch&noUDP&sock=slot1_5_7315_d443_196156>
...
040 (7125552.035.000) 03/26 16:05:39 Finished transferring input files
...
001 (7125552.035.000) 03/26 16:05:40 Job executing on host: <128.142.51.209:9618?addrs=128.142.51.209-9618+[2001-1458-301-3--100-e]-9618&alias=b9g02p0891.cern.ch&noUDP&sock=startd_5622_cd88>
	SlotName: slot1_5@b9g02p0891.cern.ch
	CondorScratchDir = "/pool/condor/dir_403874"
	Cpus = 1
	Disk = 3814
	GPUs = 0
	Memory = 3000
...
006 (7125552.035.000) 03/26 16:05:54 Image size of job updated: 249504
	244  -  MemoryUsage of job (MB)
	249504  -  ResidentSetSize of job (KB)
...
006 (7125552.035.000) 03/26 16:06:31 Image size of job updated: 541096
	244  -  MemoryUsage of job (MB)
	249508  -  ResidentSetSize of job (KB)
...
040 (7125552.035.000) 03/26 16:06:31 Started transferring output files
...
040 (7125552.035.000) 03/26 16:06:31 Finished transferring output files
...
005 (7125552.035.000) 03/26 16:06:31 Job terminated.
	(1) Normal termination (return value 0)
		Usr 0 00:00:38, Sys 0 00:00:03  -  Run Remote Usage
		Usr 0 00:00:00, Sys 0 00:00:00  -  Run Local Usage
		Usr 0 00:00:38, Sys 0 00:00:03  -  Total Remote Usage
		Usr 0 00:00:00, Sys 0 00:00:00  -  Total Local Usage
	2420  -  Run Bytes Sent By Job
	1412  -  Run Bytes Received By Job
	2420  -  Total Bytes Sent By Job
	1412  -  Total Bytes Received By Job
	Partitionable Resources :    Usage  Request Allocated 
	   Cpus                 :        0        1         1 
	   Disk (KB)            :       42        2      3814 
	   GPUs                 :                           0 
	   Memory (MB)          :      244     3000      3000 
	   TimeExecute (s)      :       51                    
	   TimeSlotBusy (s)     :       52                    

	Job terminated of its own accord at 2026-03-26T15:06:31Z with exit-code 0.
...
