000 (7124483.716.000) 03/26 14:32:04 Job submitted from host: <188.185.125.71:9618?addrs=188.185.125.71-9618+[2001-1458-d00-4a--100-15e]-9618&alias=bigbird28.cern.ch&noUDP&sock=schedd_2603_051c>
...
040 (7124483.716.000) 03/26 14:37:38 Started transferring input files
	Transferring to host: <128.142.33.221:9618?addrs=128.142.33.221-9618+[2001-1458-301-39--100-1a]-9618&alias=b9g24p2245.cern.ch&noUDP&sock=slot1_31_2592500_8748_128381>
...
040 (7124483.716.000) 03/26 14:37:38 Finished transferring input files
...
001 (7124483.716.000) 03/26 14:37:39 Job executing on host: <128.142.33.221:9618?addrs=128.142.33.221-9618+[2001-1458-301-39--100-1a]-9618&alias=b9g24p2245.cern.ch&noUDP&sock=startd_2592433_fcb5>
	SlotName: slot1_31@b9g24p2245.cern.ch
	CondorScratchDir = "/pool/condor/dir_3227961"
	Cpus = 1
	Disk = 3825
	GPUs = 0
	Memory = 3000
...
006 (7124483.716.000) 03/26 14:37:52 Image size of job updated: 884
	1  -  MemoryUsage of job (MB)
	884  -  ResidentSetSize of job (KB)
...
006 (7124483.716.000) 03/26 14:39:06 Image size of job updated: 645748
	1  -  MemoryUsage of job (MB)
	884  -  ResidentSetSize of job (KB)
...
040 (7124483.716.000) 03/26 14:39:06 Started transferring output files
...
040 (7124483.716.000) 03/26 14:39:06 Finished transferring output files
...
005 (7124483.716.000) 03/26 14:39:06 Job terminated.
	(1) Normal termination (return value 0)
		Usr 0 00:00:39, Sys 0 00:00:03  -  Run Remote Usage
		Usr 0 00:00:00, Sys 0 00:00:00  -  Run Local Usage
		Usr 0 00:00:39, Sys 0 00:00:03  -  Total Remote Usage
		Usr 0 00:00:00, Sys 0 00:00:00  -  Total Local Usage
	2420  -  Run Bytes Sent By Job
	1411  -  Run Bytes Received By Job
	2420  -  Total Bytes Sent By Job
	1411  -  Total Bytes Received By Job
	Partitionable Resources :    Usage  Request Allocated 
	   Cpus                 :     0.90        1         1 
	   Disk (KB)            :    42           2      3825 
	   GPUs                 :                           0 
	   Memory (MB)          :     1        3000      3000 
	   TimeExecute (s)      :    87                       
	   TimeSlotBusy (s)     :    88                       

	Job terminated of its own accord at 2026-03-26T13:39:06Z with exit-code 0.
...
000 (7125552.716.000) 03/26 16:02:11 Job submitted from host: <188.185.125.71:9618?addrs=188.185.125.71-9618+[2001-1458-d00-4a--100-15e]-9618&alias=bigbird28.cern.ch&noUDP&sock=schedd_2603_051c>
...
040 (7125552.716.000) 03/26 16:15:43 Started transferring input files
	Transferring to host: <128.142.33.220:9618?addrs=128.142.33.220-9618+[2001-1458-301-39--100-19]-9618&alias=b9g24p0879.cern.ch&noUDP&sock=slot1_28_3398_f2c3_200175>
...
040 (7125552.716.000) 03/26 16:15:43 Finished transferring input files
...
001 (7125552.716.000) 03/26 16:15:44 Job executing on host: <128.142.33.220:9618?addrs=128.142.33.220-9618+[2001-1458-301-39--100-19]-9618&alias=b9g24p0879.cern.ch&noUDP&sock=startd_2919_c50a>
	SlotName: slot1_28@b9g24p0879.cern.ch
	CondorScratchDir = "/pool/condor/dir_3954776"
	Cpus = 1
	Disk = 3880
	GPUs = 0
	Memory = 3000
...
006 (7125552.716.000) 03/26 16:15:57 Image size of job updated: 24976
	25  -  MemoryUsage of job (MB)
	24976  -  ResidentSetSize of job (KB)
...
006 (7125552.716.000) 03/26 16:17:17 Image size of job updated: 708692
	25  -  MemoryUsage of job (MB)
	24976  -  ResidentSetSize of job (KB)
...
040 (7125552.716.000) 03/26 16:17:17 Started transferring output files
...
040 (7125552.716.000) 03/26 16:17:17 Finished transferring output files
...
005 (7125552.716.000) 03/26 16:17:17 Job terminated.
	(1) Normal termination (return value 0)
		Usr 0 00:01:04, Sys 0 00:00:03  -  Run Remote Usage
		Usr 0 00:00:00, Sys 0 00:00:00  -  Run Local Usage
		Usr 0 00:01:04, Sys 0 00:00:03  -  Total Remote Usage
		Usr 0 00:00:00, Sys 0 00:00:00  -  Total Local Usage
	2466  -  Run Bytes Sent By Job
	1412  -  Run Bytes Received By Job
	2466  -  Total Bytes Sent By Job
	1412  -  Total Bytes Received By Job
	Partitionable Resources :    Usage  Request Allocated 
	   Cpus                 :                 1         1 
	   Disk (KB)            :       34        2      3880 
	   GPUs                 :                           0 
	   Memory (MB)          :       25     3000      3000 
	   TimeExecute (s)      :       93                    
	   TimeSlotBusy (s)     :       95                    

	Job terminated of its own accord at 2026-03-26T15:17:17Z with exit-code 0.
...
