000 (7124483.329.000) 03/26 14:32:04 Job submitted from host: <188.185.125.71:9618?addrs=188.185.125.71-9618+[2001-1458-d00-4a--100-15e]-9618&alias=bigbird28.cern.ch&noUDP&sock=schedd_2603_051c>
...
040 (7124483.329.000) 03/26 14:35:22 Started transferring input files
	Transferring to host: <128.142.33.203:9618?addrs=128.142.33.203-9618+[2001-1458-301-39--100-8]-9618&alias=b9g24p0512.cern.ch&noUDP&sock=slot1_36_5003_d0e5_214390>
...
040 (7124483.329.000) 03/26 14:35:22 Finished transferring input files
...
001 (7124483.329.000) 03/26 14:35:23 Job executing on host: <128.142.33.203:9618?addrs=128.142.33.203-9618+[2001-1458-301-39--100-8]-9618&alias=b9g24p0512.cern.ch&noUDP&sock=startd_4101_85fb>
	SlotName: slot1_36@b9g24p0512.cern.ch
	CondorScratchDir = "/pool/condor/dir_1412255"
	Cpus = 1
	Disk = 3829
	GPUs = 0
	Memory = 3000
...
006 (7124483.329.000) 03/26 14:35:36 Image size of job updated: 892
	1  -  MemoryUsage of job (MB)
	892  -  ResidentSetSize of job (KB)
...
006 (7124483.329.000) 03/26 14:36:37 Image size of job updated: 675340
	1  -  MemoryUsage of job (MB)
	892  -  ResidentSetSize of job (KB)
...
040 (7124483.329.000) 03/26 14:36:37 Started transferring output files
...
040 (7124483.329.000) 03/26 14:36:37 Finished transferring output files
...
005 (7124483.329.000) 03/26 14:36:37 Job terminated.
	(1) Normal termination (return value 0)
		Usr 0 00:00:46, Sys 0 00:00:04  -  Run Remote Usage
		Usr 0 00:00:00, Sys 0 00:00:00  -  Run Local Usage
		Usr 0 00:00:46, Sys 0 00:00:04  -  Total Remote Usage
		Usr 0 00:00:00, Sys 0 00:00:00  -  Total Local Usage
	2466  -  Run Bytes Sent By Job
	1411  -  Run Bytes Received By Job
	2466  -  Total Bytes Sent By Job
	1411  -  Total Bytes Received By Job
	Partitionable Resources :    Usage  Request Allocated 
	   Cpus                 :        0        1         1 
	   Disk (KB)            :       41        2      3829 
	   GPUs                 :                           0 
	   Memory (MB)          :        1     3000      3000 
	   TimeExecute (s)      :       74                    
	   TimeSlotBusy (s)     :       75                    

	Job terminated of its own accord at 2026-03-26T13:36:37Z with exit-code 0.
...
000 (7125552.329.000) 03/26 16:01:56 Job submitted from host: <188.185.125.71:9618?addrs=188.185.125.71-9618+[2001-1458-d00-4a--100-15e]-9618&alias=bigbird28.cern.ch&noUDP&sock=schedd_2603_051c>
...
040 (7125552.329.000) 03/26 16:12:48 Started transferring input files
	Transferring to host: <188.185.196.124:9618?addrs=188.185.196.124-9618+[2001-1458-303-23--100-78]-9618&alias=b9p16p7082.cern.ch&noUDP&sock=slot1_30_3257_99de_187061>
...
040 (7125552.329.000) 03/26 16:12:48 Finished transferring input files
...
001 (7125552.329.000) 03/26 16:12:49 Job executing on host: <188.185.196.124:9618?addrs=188.185.196.124-9618+[2001-1458-303-23--100-78]-9618&alias=b9p16p7082.cern.ch&noUDP&sock=startd_2530_f2b2>
	SlotName: slot1_30@b9p16p7082.cern.ch
	CondorScratchDir = "/pool/condor/dir_1016995"
	Cpus = 1
	Disk = 3653
	GPUs = 0
	Memory = 3000
...
006 (7125552.329.000) 03/26 16:13:02 Image size of job updated: 131260
	129  -  MemoryUsage of job (MB)
	131260  -  ResidentSetSize of job (KB)
...
006 (7125552.329.000) 03/26 16:15:03 Image size of job updated: 701656
	129  -  MemoryUsage of job (MB)
	131260  -  ResidentSetSize of job (KB)
...
040 (7125552.329.000) 03/26 16:15:03 Started transferring output files
...
040 (7125552.329.000) 03/26 16:15:03 Finished transferring output files
...
005 (7125552.329.000) 03/26 16:15:03 Job terminated.
	(1) Normal termination (return value 0)
		Usr 0 00:01:19, Sys 0 00:00:04  -  Run Remote Usage
		Usr 0 00:00:00, Sys 0 00:00:00  -  Run Local Usage
		Usr 0 00:01:19, Sys 0 00:00:04  -  Total Remote Usage
		Usr 0 00:00:00, Sys 0 00:00:00  -  Total Local Usage
	2467  -  Run Bytes Sent By Job
	1412  -  Run Bytes Received By Job
	2467  -  Total Bytes Sent By Job
	1412  -  Total Bytes Received By Job
	Partitionable Resources :    Usage  Request Allocated 
	   Cpus                 :        0        1         1 
	   Disk (KB)            :       41        2      3653 
	   GPUs                 :                           0 
	   Memory (MB)          :      129     3000      3000 
	   TimeExecute (s)      :      134                    
	   TimeSlotBusy (s)     :      136                    

	Job terminated of its own accord at 2026-03-26T15:15:03Z with exit-code 0.
...
