000 (7124483.371.000) 03/26 14:32:04 Job submitted from host: <188.185.125.71:9618?addrs=188.185.125.71-9618+[2001-1458-d00-4a--100-15e]-9618&alias=bigbird28.cern.ch&noUDP&sock=schedd_2603_051c>
...
040 (7124483.371.000) 03/26 14:35:36 Started transferring input files
	Transferring to host: <128.142.33.206:9618?addrs=128.142.33.206-9618+[2001-1458-301-39--100-b]-9618&alias=b9g24p1210.cern.ch&noUDP&sock=slot1_44_3175_d31a_199050>
...
040 (7124483.371.000) 03/26 14:35:36 Finished transferring input files
...
001 (7124483.371.000) 03/26 14:35:37 Job executing on host: <128.142.33.206:9618?addrs=128.142.33.206-9618+[2001-1458-301-39--100-b]-9618&alias=b9g24p1210.cern.ch&noUDP&sock=startd_2703_9c95>
	SlotName: slot1_44@b9g24p1210.cern.ch
	CondorScratchDir = "/pool/condor/dir_2209935"
	Cpus = 1
	Disk = 3894
	GPUs = 0
	Memory = 3000
...
006 (7124483.371.000) 03/26 14:35:51 Image size of job updated: 872
	1  -  MemoryUsage of job (MB)
	872  -  ResidentSetSize of job (KB)
...
006 (7124483.371.000) 03/26 14:38:08 Image size of job updated: 682412
	1  -  MemoryUsage of job (MB)
	872  -  ResidentSetSize of job (KB)
...
040 (7124483.371.000) 03/26 14:38:08 Started transferring output files
...
040 (7124483.371.000) 03/26 14:38:08 Finished transferring output files
...
005 (7124483.371.000) 03/26 14:38:08 Job terminated.
	(1) Normal termination (return value 0)
		Usr 0 00:00:59, Sys 0 00:00:03  -  Run Remote Usage
		Usr 0 00:00:00, Sys 0 00:00:00  -  Run Local Usage
		Usr 0 00:00:59, Sys 0 00:00:03  -  Total Remote Usage
		Usr 0 00:00:00, Sys 0 00:00:00  -  Total Local Usage
	2467  -  Run Bytes Sent By Job
	1411  -  Run Bytes Received By Job
	2467  -  Total Bytes Sent By Job
	1411  -  Total Bytes Received By Job
	Partitionable Resources :    Usage  Request Allocated 
	   Cpus                 :        0        1         1 
	   Disk (KB)            :       41        2      3894 
	   GPUs                 :                           0 
	   Memory (MB)          :        1     3000      3000 
	   TimeExecute (s)      :      151                    
	   TimeSlotBusy (s)     :      152                    

	Job terminated of its own accord at 2026-03-26T13:38:08Z with exit-code 0.
...
000 (7125552.371.000) 03/26 16:01:57 Job submitted from host: <188.185.125.71:9618?addrs=188.185.125.71-9618+[2001-1458-d00-4a--100-15e]-9618&alias=bigbird28.cern.ch&noUDP&sock=schedd_2603_051c>
...
040 (7125552.371.000) 03/26 16:13:02 Started transferring input files
	Transferring to host: <188.185.195.161:9618?addrs=188.185.195.161-9618+[2001-1458-303-22--100-9d]-9618&alias=b9p17p8157.cern.ch&noUDP&sock=slot1_2_5990_3f2d_184695>
...
040 (7125552.371.000) 03/26 16:13:02 Finished transferring input files
...
001 (7125552.371.000) 03/26 16:13:03 Job executing on host: <188.185.195.161:9618?addrs=188.185.195.161-9618+[2001-1458-303-22--100-9d]-9618&alias=b9p17p8157.cern.ch&noUDP&sock=startd_4982_d0eb>
	SlotName: slot1_2@b9p17p8157.cern.ch
	CondorScratchDir = "/pool/condor/dir_796633"
	Cpus = 1
	Disk = 3870
	GPUs = 0
	Memory = 3000
...
006 (7125552.371.000) 03/26 16:13:17 Image size of job updated: 22612
	23  -  MemoryUsage of job (MB)
	22612  -  ResidentSetSize of job (KB)
...
006 (7125552.371.000) 03/26 16:16:00 Image size of job updated: 719460
	23  -  MemoryUsage of job (MB)
	22676  -  ResidentSetSize of job (KB)
...
040 (7125552.371.000) 03/26 16:16:00 Started transferring output files
...
040 (7125552.371.000) 03/26 16:16:00 Finished transferring output files
...
005 (7125552.371.000) 03/26 16:16:00 Job terminated.
	(1) Normal termination (return value 0)
		Usr 0 00:01:06, Sys 0 00:00:04  -  Run Remote Usage
		Usr 0 00:00:00, Sys 0 00:00:00  -  Run Local Usage
		Usr 0 00:01:06, Sys 0 00:00:04  -  Total Remote Usage
		Usr 0 00:00:00, Sys 0 00:00:00  -  Total Local Usage
	2467  -  Run Bytes Sent By Job
	1412  -  Run Bytes Received By Job
	2467  -  Total Bytes Sent By Job
	1412  -  Total Bytes Received By Job
	Partitionable Resources :    Usage  Request Allocated 
	   Cpus                 :        0        1         1 
	   Disk (KB)            :       41        2      3870 
	   GPUs                 :                           0 
	   Memory (MB)          :       23     3000      3000 
	   TimeExecute (s)      :      177                    
	   TimeSlotBusy (s)     :      179                    

	Job terminated of its own accord at 2026-03-26T15:16:00Z with exit-code 0.
...
