000 (7124483.040.000) 03/26 14:32:03 Job submitted from host: <188.185.125.71:9618?addrs=188.185.125.71-9618+[2001-1458-d00-4a--100-15e]-9618&alias=bigbird28.cern.ch&noUDP&sock=schedd_2603_051c>
...
040 (7124483.040.000) 03/26 14:33:45 Started transferring input files
	Transferring to host: <188.185.196.95:9618?addrs=188.185.196.95-9618+[2001-1458-303-23--100-5b]-9618&alias=b9p16p0468.cern.ch&noUDP&sock=slot1_35_8475_2772_181809>
...
040 (7124483.040.000) 03/26 14:33:45 Finished transferring input files
...
001 (7124483.040.000) 03/26 14:33:46 Job executing on host: <188.185.196.95:9618?addrs=188.185.196.95-9618+[2001-1458-303-23--100-5b]-9618&alias=b9p16p0468.cern.ch&noUDP&sock=startd_7395_eef2>
	SlotName: slot1_35@b9p16p0468.cern.ch
	CondorScratchDir = "/pool/condor/dir_3119367"
	Cpus = 1
	Disk = 3823
	GPUs = 0
	Memory = 3000
...
006 (7124483.040.000) 03/26 14:33:59 Image size of job updated: 76704
	75  -  MemoryUsage of job (MB)
	76704  -  ResidentSetSize of job (KB)
...
006 (7124483.040.000) 03/26 14:36:26 Image size of job updated: 638696
	76  -  MemoryUsage of job (MB)
	76820  -  ResidentSetSize of job (KB)
...
040 (7124483.040.000) 03/26 14:36:26 Started transferring output files
...
040 (7124483.040.000) 03/26 14:36:26 Finished transferring output files
...
005 (7124483.040.000) 03/26 14:36:26 Job terminated.
	(1) Normal termination (return value 0)
		Usr 0 00:01:15, Sys 0 00:00:04  -  Run Remote Usage
		Usr 0 00:00:00, Sys 0 00:00:00  -  Run Local Usage
		Usr 0 00:01:15, Sys 0 00:00:04  -  Total Remote Usage
		Usr 0 00:00:00, Sys 0 00:00:00  -  Total Local Usage
	2458  -  Run Bytes Sent By Job
	1411  -  Run Bytes Received By Job
	2458  -  Total Bytes Sent By Job
	1411  -  Total Bytes Received By Job
	Partitionable Resources :    Usage  Request Allocated 
	   Cpus                 :        0        1         1 
	   Disk (KB)            :       41        2      3823 
	   GPUs                 :                           0 
	   Memory (MB)          :       76     3000      3000 
	   TimeExecute (s)      :      160                    
	   TimeSlotBusy (s)     :      162                    

	Job terminated of its own accord at 2026-03-26T13:36:26Z with exit-code 0.
...
000 (7125552.040.000) 03/26 16:01:49 Job submitted from host: <188.185.125.71:9618?addrs=188.185.125.71-9618+[2001-1458-d00-4a--100-15e]-9618&alias=bigbird28.cern.ch&noUDP&sock=schedd_2603_051c>
...
040 (7125552.040.000) 03/26 16:06:03 Started transferring input files
	Transferring to host: <188.185.192.55:9618?addrs=188.185.192.55-9618+[2001-1458-303-1f--100-33]-9618&alias=b9p13p2541.cern.ch&noUDP&sock=slot1_41_1302849_bb4d_190286>
...
040 (7125552.040.000) 03/26 16:06:03 Finished transferring input files
...
001 (7125552.040.000) 03/26 16:06:04 Job executing on host: <188.185.192.55:9618?addrs=188.185.192.55-9618+[2001-1458-303-1f--100-33]-9618&alias=b9p13p2541.cern.ch&noUDP&sock=startd_8671_29ca>
	SlotName: slot1_41@b9p13p2541.cern.ch
	CondorScratchDir = "/pool/condor/dir_1111973"
	Cpus = 1
	Disk = 3732
	GPUs = 0
	Memory = 3000
...
006 (7125552.040.000) 03/26 16:06:17 Image size of job updated: 269784
	264  -  MemoryUsage of job (MB)
	269784  -  ResidentSetSize of job (KB)
...
006 (7125552.040.000) 03/26 16:07:08 Image size of job updated: 694556
	264  -  MemoryUsage of job (MB)
	269820  -  ResidentSetSize of job (KB)
...
040 (7125552.040.000) 03/26 16:07:08 Started transferring output files
...
040 (7125552.040.000) 03/26 16:07:08 Finished transferring output files
...
005 (7125552.040.000) 03/26 16:07:08 Job terminated.
	(1) Normal termination (return value 0)
		Usr 0 00:00:48, Sys 0 00:00:02  -  Run Remote Usage
		Usr 0 00:00:00, Sys 0 00:00:00  -  Run Local Usage
		Usr 0 00:00:48, Sys 0 00:00:02  -  Total Remote Usage
		Usr 0 00:00:00, Sys 0 00:00:00  -  Total Local Usage
	2458  -  Run Bytes Sent By Job
	1412  -  Run Bytes Received By Job
	2458  -  Total Bytes Sent By Job
	1412  -  Total Bytes Received By Job
	Partitionable Resources :    Usage  Request Allocated 
	   Cpus                 :                 1         1 
	   Disk (KB)            :       34        2      3732 
	   GPUs                 :                           0 
	   Memory (MB)          :      264     3000      3000 
	   TimeExecute (s)      :       64                    
	   TimeSlotBusy (s)     :       65                    

	Job terminated of its own accord at 2026-03-26T15:07:08Z with exit-code 0.
...
