000 (7124483.260.000) 03/26 14:32:04 Job submitted from host: <188.185.125.71:9618?addrs=188.185.125.71-9618+[2001-1458-d00-4a--100-15e]-9618&alias=bigbird28.cern.ch&noUDP&sock=schedd_2603_051c>
...
040 (7124483.260.000) 03/26 14:34:59 Started transferring input files
	Transferring to host: <128.142.33.217:9618?addrs=128.142.33.217-9618+[2001-1458-301-39--100-16]-9618&alias=b9g24p1590.cern.ch&noUDP&sock=slot1_26_3364390_dca5_14481>
...
040 (7124483.260.000) 03/26 14:34:59 Finished transferring input files
...
001 (7124483.260.000) 03/26 14:35:00 Job executing on host: <128.142.33.217:9618?addrs=128.142.33.217-9618+[2001-1458-301-39--100-16]-9618&alias=b9g24p1590.cern.ch&noUDP&sock=startd_3364350_d806>
	SlotName: slot1_26@b9g24p1590.cern.ch
	CondorScratchDir = "/pool/condor/dir_2578707"
	Cpus = 1
	Disk = 3811
	GPUs = 0
	Memory = 3000
...
006 (7124483.260.000) 03/26 14:35:13 Image size of job updated: 880
	1  -  MemoryUsage of job (MB)
	880  -  ResidentSetSize of job (KB)
...
006 (7124483.260.000) 03/26 14:35:56 Image size of job updated: 658196
	1  -  MemoryUsage of job (MB)
	880  -  ResidentSetSize of job (KB)
...
040 (7124483.260.000) 03/26 14:35:56 Started transferring output files
...
040 (7124483.260.000) 03/26 14:35:56 Finished transferring output files
...
005 (7124483.260.000) 03/26 14:35:56 Job terminated.
	(1) Normal termination (return value 0)
		Usr 0 00:00:34, Sys 0 00:00:02  -  Run Remote Usage
		Usr 0 00:00:00, Sys 0 00:00:00  -  Run Local Usage
		Usr 0 00:00:34, Sys 0 00:00:02  -  Total Remote Usage
		Usr 0 00:00:00, Sys 0 00:00:00  -  Total Local Usage
	2458  -  Run Bytes Sent By Job
	1411  -  Run Bytes Received By Job
	2458  -  Total Bytes Sent By Job
	1411  -  Total Bytes Received By Job
	Partitionable Resources :    Usage  Request Allocated 
	   Cpus                 :        0        1         1 
	   Disk (KB)            :       41        2      3811 
	   GPUs                 :                           0 
	   Memory (MB)          :        1     3000      3000 
	   TimeExecute (s)      :       56                    
	   TimeSlotBusy (s)     :       57                    

	Job terminated of its own accord at 2026-03-26T13:35:56Z with exit-code 0.
...
000 (7125552.260.000) 03/26 16:01:55 Job submitted from host: <188.185.125.71:9618?addrs=188.185.125.71-9618+[2001-1458-d00-4a--100-15e]-9618&alias=bigbird28.cern.ch&noUDP&sock=schedd_2603_051c>
...
040 (7125552.260.000) 03/26 16:10:01 Started transferring input files
	Transferring to host: <188.185.192.61:9618?addrs=188.185.192.61-9618+[2001-1458-303-1f--100-39]-9618&alias=b9p13p5469.cern.ch&noUDP&sock=slot1_42_3495699_ee61_189812>
...
040 (7125552.260.000) 03/26 16:10:01 Finished transferring input files
...
001 (7125552.260.000) 03/26 16:10:02 Job executing on host: <188.185.192.61:9618?addrs=188.185.192.61-9618+[2001-1458-303-1f--100-39]-9618&alias=b9p13p5469.cern.ch&noUDP&sock=startd_8575_50b3>
	SlotName: slot1_42@b9p13p5469.cern.ch
	CondorScratchDir = "/pool/condor/dir_2067306"
	Cpus = 1
	Disk = 3812
	GPUs = 0
	Memory = 3000
...
006 (7125552.260.000) 03/26 16:10:16 Image size of job updated: 30388
	30  -  MemoryUsage of job (MB)
	30388  -  ResidentSetSize of job (KB)
...
006 (7125552.260.000) 03/26 16:12:43 Image size of job updated: 686692
	30  -  MemoryUsage of job (MB)
	30388  -  ResidentSetSize of job (KB)
...
040 (7125552.260.000) 03/26 16:12:43 Started transferring output files
...
040 (7125552.260.000) 03/26 16:12:43 Finished transferring output files
...
005 (7125552.260.000) 03/26 16:12:43 Job terminated.
	(1) Normal termination (return value 0)
		Usr 0 00:01:15, Sys 0 00:00:05  -  Run Remote Usage
		Usr 0 00:00:00, Sys 0 00:00:00  -  Run Local Usage
		Usr 0 00:01:15, Sys 0 00:00:05  -  Total Remote Usage
		Usr 0 00:00:00, Sys 0 00:00:00  -  Total Local Usage
	2459  -  Run Bytes Sent By Job
	1412  -  Run Bytes Received By Job
	2459  -  Total Bytes Sent By Job
	1412  -  Total Bytes Received By Job
	Partitionable Resources :    Usage  Request Allocated 
	   Cpus                 :                 1         1 
	   Disk (KB)            :       33        2      3812 
	   GPUs                 :                           0 
	   Memory (MB)          :       30     3000      3000 
	   TimeExecute (s)      :      161                    
	   TimeSlotBusy (s)     :      163                    

	Job terminated of its own accord at 2026-03-26T15:12:43Z with exit-code 0.
...
