000 (7124483.311.000) 03/26 14:32:04 Job submitted from host: <188.185.125.71:9618?addrs=188.185.125.71-9618+[2001-1458-d00-4a--100-15e]-9618&alias=bigbird28.cern.ch&noUDP&sock=schedd_2603_051c>
...
040 (7124483.311.000) 03/26 14:35:16 Started transferring input files
	Transferring to host: <128.142.33.203:9618?addrs=128.142.33.203-9618+[2001-1458-301-39--100-8]-9618&alias=b9g24p0512.cern.ch&noUDP&sock=slot1_34_5003_d0e5_214388>
...
040 (7124483.311.000) 03/26 14:35:16 Finished transferring input files
...
001 (7124483.311.000) 03/26 14:35:17 Job executing on host: <128.142.33.203:9618?addrs=128.142.33.203-9618+[2001-1458-301-39--100-8]-9618&alias=b9g24p0512.cern.ch&noUDP&sock=startd_4101_85fb>
	SlotName: slot1_34@b9g24p0512.cern.ch
	CondorScratchDir = "/pool/condor/dir_1400796"
	Cpus = 1
	Disk = 3829
	GPUs = 0
	Memory = 3000
...
006 (7124483.311.000) 03/26 14:35:30 Image size of job updated: 876
	1  -  MemoryUsage of job (MB)
	876  -  ResidentSetSize of job (KB)
...
006 (7124483.311.000) 03/26 14:40:17 Image size of job updated: 663104
	1  -  MemoryUsage of job (MB)
	876  -  ResidentSetSize of job (KB)
...
040 (7124483.311.000) 03/26 14:40:17 Started transferring output files
...
040 (7124483.311.000) 03/26 14:40:17 Finished transferring output files
...
005 (7124483.311.000) 03/26 14:40:17 Job terminated.
	(1) Normal termination (return value 0)
		Usr 0 00:00:43, Sys 0 00:00:10  -  Run Remote Usage
		Usr 0 00:00:00, Sys 0 00:00:00  -  Run Local Usage
		Usr 0 00:00:43, Sys 0 00:00:10  -  Total Remote Usage
		Usr 0 00:00:00, Sys 0 00:00:00  -  Total Local Usage
	2467  -  Run Bytes Sent By Job
	1411  -  Run Bytes Received By Job
	2467  -  Total Bytes Sent By Job
	1411  -  Total Bytes Received By Job
	Partitionable Resources :    Usage  Request Allocated 
	   Cpus                 :     0.00        1         1 
	   Disk (KB)            :    41           2      3829 
	   GPUs                 :                           0 
	   Memory (MB)          :     1        3000      3000 
	   TimeExecute (s)      :   300                       
	   TimeSlotBusy (s)     :   301                       

	Job terminated of its own accord at 2026-03-26T13:40:17Z with exit-code 0.
...
000 (7125552.311.000) 03/26 16:01:56 Job submitted from host: <188.185.125.71:9618?addrs=188.185.125.71-9618+[2001-1458-d00-4a--100-15e]-9618&alias=bigbird28.cern.ch&noUDP&sock=schedd_2603_051c>
...
040 (7125552.311.000) 03/26 16:12:29 Started transferring input files
	Transferring to host: <188.185.194.70:9618?addrs=188.185.194.70-9618+[2001-1458-303-21--100-42]-9618&alias=b9p20p0149.cern.ch&noUDP&sock=slot1_12_3256813_222e_29025>
...
040 (7125552.311.000) 03/26 16:12:29 Finished transferring input files
...
001 (7125552.311.000) 03/26 16:12:30 Job executing on host: <188.185.194.70:9618?addrs=188.185.194.70-9618+[2001-1458-303-21--100-42]-9618&alias=b9p20p0149.cern.ch&noUDP&sock=startd_3256759_5deb>
	SlotName: slot1_12@b9p20p0149.cern.ch
	CondorScratchDir = "/pool/condor/dir_3902969"
	Cpus = 1
	Disk = 3769
	GPUs = 0
	Memory = 3000
...
006 (7125552.311.000) 03/26 16:12:43 Image size of job updated: 247900
	243  -  MemoryUsage of job (MB)
	247900  -  ResidentSetSize of job (KB)
...
006 (7125552.311.000) 03/26 16:13:49 Image size of job updated: 711392
	243  -  MemoryUsage of job (MB)
	247932  -  ResidentSetSize of job (KB)
...
040 (7125552.311.000) 03/26 16:13:49 Started transferring output files
...
040 (7125552.311.000) 03/26 16:13:49 Finished transferring output files
...
005 (7125552.311.000) 03/26 16:13:49 Job terminated.
	(1) Normal termination (return value 0)
		Usr 0 00:01:05, Sys 0 00:00:03  -  Run Remote Usage
		Usr 0 00:00:00, Sys 0 00:00:00  -  Run Local Usage
		Usr 0 00:01:05, Sys 0 00:00:03  -  Total Remote Usage
		Usr 0 00:00:00, Sys 0 00:00:00  -  Total Local Usage
	2466  -  Run Bytes Sent By Job
	1412  -  Run Bytes Received By Job
	2466  -  Total Bytes Sent By Job
	1412  -  Total Bytes Received By Job
	Partitionable Resources :    Usage  Request Allocated 
	   Cpus                 :                 1         1 
	   Disk (KB)            :       34        2      3769 
	   GPUs                 :                           0 
	   Memory (MB)          :      243     3000      3000 
	   TimeExecute (s)      :       79                    
	   TimeSlotBusy (s)     :       80                    

	Job terminated of its own accord at 2026-03-26T15:13:49Z with exit-code 0.
...
