000 (7124483.463.000) 03/26 14:32:04 Job submitted from host: <188.185.125.71:9618?addrs=188.185.125.71-9618+[2001-1458-d00-4a--100-15e]-9618&alias=bigbird28.cern.ch&noUDP&sock=schedd_2603_051c>
...
040 (7124483.463.000) 03/26 14:36:07 Started transferring input files
	Transferring to host: <188.185.201.29:9618?addrs=188.185.201.29-9618+[2001-1458-303-31--100-1a]-9618&alias=b9p35p0062.cern.ch&noUDP&sock=slot1_82_189122_4ec4_129980>
...
040 (7124483.463.000) 03/26 14:36:07 Finished transferring input files
...
001 (7124483.463.000) 03/26 14:36:08 Job executing on host: <188.185.201.29:9618?addrs=188.185.201.29-9618+[2001-1458-303-31--100-1a]-9618&alias=b9p35p0062.cern.ch&noUDP&sock=startd_178254_fef6>
	SlotName: slot1_82@b9p35p0062.cern.ch
	CondorScratchDir = "/pool/condor/dir_3437814"
	Cpus = 1
	Disk = 6842
	GPUs = 0
	Memory = 3000
...
006 (7124483.463.000) 03/26 14:36:22 Image size of job updated: 880
	1  -  MemoryUsage of job (MB)
	880  -  ResidentSetSize of job (KB)
...
006 (7124483.463.000) 03/26 14:40:45 Image size of job updated: 643552
	1  -  MemoryUsage of job (MB)
	880  -  ResidentSetSize of job (KB)
...
040 (7124483.463.000) 03/26 14:40:45 Started transferring output files
...
040 (7124483.463.000) 03/26 14:40:45 Finished transferring output files
...
005 (7124483.463.000) 03/26 14:40:45 Job terminated.
	(1) Normal termination (return value 0)
		Usr 0 00:00:23, Sys 0 00:00:13  -  Run Remote Usage
		Usr 0 00:00:00, Sys 0 00:00:00  -  Run Local Usage
		Usr 0 00:00:23, Sys 0 00:00:13  -  Total Remote Usage
		Usr 0 00:00:00, Sys 0 00:00:00  -  Total Local Usage
	2468  -  Run Bytes Sent By Job
	1411  -  Run Bytes Received By Job
	2468  -  Total Bytes Sent By Job
	1411  -  Total Bytes Received By Job
	Partitionable Resources :    Usage  Request Allocated 
	   Cpus                 :        0        1         1 
	   Disk (KB)            :       41        2      6842 
	   GPUs                 :                           0 
	   Memory (MB)          :        1     3000      3000 
	   TimeExecute (s)      :      277                    
	   TimeSlotBusy (s)     :      278                    

	Job terminated of its own accord at 2026-03-26T13:40:45Z with exit-code 0.
...
000 (7125552.463.000) 03/26 16:02:00 Job submitted from host: <188.185.125.71:9618?addrs=188.185.125.71-9618+[2001-1458-d00-4a--100-15e]-9618&alias=bigbird28.cern.ch&noUDP&sock=schedd_2603_051c>
...
040 (7125552.463.000) 03/26 16:13:36 Started transferring input files
	Transferring to host: <128.142.33.220:9618?addrs=128.142.33.220-9618+[2001-1458-301-39--100-19]-9618&alias=b9g24p0879.cern.ch&noUDP&sock=slot1_19_3398_f2c3_200160>
...
040 (7125552.463.000) 03/26 16:13:36 Finished transferring input files
...
001 (7125552.463.000) 03/26 16:13:37 Job executing on host: <128.142.33.220:9618?addrs=128.142.33.220-9618+[2001-1458-301-39--100-19]-9618&alias=b9g24p0879.cern.ch&noUDP&sock=startd_2919_c50a>
	SlotName: slot1_19@b9g24p0879.cern.ch
	CondorScratchDir = "/pool/condor/dir_3951526"
	Cpus = 1
	Disk = 3880
	GPUs = 0
	Memory = 3000
...
006 (7125552.463.000) 03/26 16:13:50 Image size of job updated: 16416
	17  -  MemoryUsage of job (MB)
	16416  -  ResidentSetSize of job (KB)
...
006 (7125552.463.000) 03/26 16:15:38 Image size of job updated: 690068
	17  -  MemoryUsage of job (MB)
	16416  -  ResidentSetSize of job (KB)
...
040 (7125552.463.000) 03/26 16:15:38 Started transferring output files
...
040 (7125552.463.000) 03/26 16:15:38 Finished transferring output files
...
005 (7125552.463.000) 03/26 16:15:38 Job terminated.
	(1) Normal termination (return value 0)
		Usr 0 00:00:50, Sys 0 00:00:04  -  Run Remote Usage
		Usr 0 00:00:00, Sys 0 00:00:00  -  Run Local Usage
		Usr 0 00:00:50, Sys 0 00:00:04  -  Total Remote Usage
		Usr 0 00:00:00, Sys 0 00:00:00  -  Total Local Usage
	2468  -  Run Bytes Sent By Job
	1412  -  Run Bytes Received By Job
	2468  -  Total Bytes Sent By Job
	1412  -  Total Bytes Received By Job
	Partitionable Resources :    Usage  Request Allocated 
	   Cpus                 :     0.86        1         1 
	   Disk (KB)            :    41           2      3880 
	   GPUs                 :                           0 
	   Memory (MB)          :    17        3000      3000 
	   TimeExecute (s)      :   121                       
	   TimeSlotBusy (s)     :   122                       

	Job terminated of its own accord at 2026-03-26T15:15:38Z with exit-code 0.
...
