000 (7124483.147.000) 03/26 14:32:03 Job submitted from host: <188.185.125.71:9618?addrs=188.185.125.71-9618+[2001-1458-d00-4a--100-15e]-9618&alias=bigbird28.cern.ch&noUDP&sock=schedd_2603_051c>
...
040 (7124483.147.000) 03/26 14:34:21 Started transferring input files
	Transferring to host: <128.142.33.208:9618?addrs=128.142.33.208-9618+[2001-1458-301-39--100-d]-9618&alias=b9g24p0198.cern.ch&noUDP&sock=slot1_27_5720_01e2_218549>
...
040 (7124483.147.000) 03/26 14:34:21 Finished transferring input files
...
001 (7124483.147.000) 03/26 14:34:22 Job executing on host: <128.142.33.208:9618?addrs=128.142.33.208-9618+[2001-1458-301-39--100-d]-9618&alias=b9g24p0198.cern.ch&noUDP&sock=startd_4793_2d85>
	SlotName: slot1_27@b9g24p0198.cern.ch
	CondorScratchDir = "/pool/condor/dir_488679"
	Cpus = 1
	Disk = 3803
	GPUs = 0
	Memory = 3000
...
006 (7124483.147.000) 03/26 14:34:35 Image size of job updated: 876
	1  -  MemoryUsage of job (MB)
	876  -  ResidentSetSize of job (KB)
...
006 (7124483.147.000) 03/26 14:35:28 Image size of job updated: 643320
	1  -  MemoryUsage of job (MB)
	876  -  ResidentSetSize of job (KB)
...
040 (7124483.147.000) 03/26 14:35:28 Started transferring output files
...
040 (7124483.147.000) 03/26 14:35:28 Finished transferring output files
...
005 (7124483.147.000) 03/26 14:35:28 Job terminated.
	(1) Normal termination (return value 0)
		Usr 0 00:00:38, Sys 0 00:00:03  -  Run Remote Usage
		Usr 0 00:00:00, Sys 0 00:00:00  -  Run Local Usage
		Usr 0 00:00:38, Sys 0 00:00:03  -  Total Remote Usage
		Usr 0 00:00:00, Sys 0 00:00:00  -  Total Local Usage
	2412  -  Run Bytes Sent By Job
	1411  -  Run Bytes Received By Job
	2412  -  Total Bytes Sent By Job
	1411  -  Total Bytes Received By Job
	Partitionable Resources :    Usage  Request Allocated 
	   Cpus                 :        0        1         1 
	   Disk (KB)            :       41        2      3803 
	   GPUs                 :                           0 
	   Memory (MB)          :        1     3000      3000 
	   TimeExecute (s)      :       66                    
	   TimeSlotBusy (s)     :       67                    

	Job terminated of its own accord at 2026-03-26T13:35:28Z with exit-code 0.
...
000 (7125552.147.000) 03/26 16:01:51 Job submitted from host: <188.185.125.71:9618?addrs=188.185.125.71-9618+[2001-1458-d00-4a--100-15e]-9618&alias=bigbird28.cern.ch&noUDP&sock=schedd_2603_051c>
...
040 (7125552.147.000) 03/26 16:08:06 Started transferring input files
	Transferring to host: <128.142.33.224:9618?addrs=128.142.33.224-9618+[2001-1458-301-39--100-1d]-9618&alias=b9g24p1529.cern.ch&noUDP&sock=slot1_39_5742_8223_215243>
...
040 (7125552.147.000) 03/26 16:08:06 Finished transferring input files
...
001 (7125552.147.000) 03/26 16:08:07 Job executing on host: <128.142.33.224:9618?addrs=128.142.33.224-9618+[2001-1458-301-39--100-1d]-9618&alias=b9g24p1529.cern.ch&noUDP&sock=startd_4909_be81>
	SlotName: slot1_39@b9g24p1529.cern.ch
	CondorScratchDir = "/pool/condor/dir_594242"
	Cpus = 1
	Disk = 3914
	GPUs = 0
	Memory = 3000
...
006 (7125552.147.000) 03/26 16:08:21 Image size of job updated: 316948
	310  -  MemoryUsage of job (MB)
	316948  -  ResidentSetSize of job (KB)
...
006 (7125552.147.000) 03/26 16:08:56 Image size of job updated: 698436
	310  -  MemoryUsage of job (MB)
	316960  -  ResidentSetSize of job (KB)
...
040 (7125552.147.000) 03/26 16:08:56 Started transferring output files
...
040 (7125552.147.000) 03/26 16:08:56 Finished transferring output files
...
005 (7125552.147.000) 03/26 16:08:56 Job terminated.
	(1) Normal termination (return value 0)
		Usr 0 00:00:34, Sys 0 00:00:03  -  Run Remote Usage
		Usr 0 00:00:00, Sys 0 00:00:00  -  Run Local Usage
		Usr 0 00:00:34, Sys 0 00:00:03  -  Total Remote Usage
		Usr 0 00:00:00, Sys 0 00:00:00  -  Total Local Usage
	2457  -  Run Bytes Sent By Job
	1412  -  Run Bytes Received By Job
	2457  -  Total Bytes Sent By Job
	1412  -  Total Bytes Received By Job
	Partitionable Resources :    Usage  Request Allocated 
	   Cpus                 :     0.92        1         1 
	   Disk (KB)            :    41           2      3914 
	   GPUs                 :                           0 
	   Memory (MB)          :   310        3000      3000 
	   TimeExecute (s)      :    49                       
	   TimeSlotBusy (s)     :    50                       

	Job terminated of its own accord at 2026-03-26T15:08:56Z with exit-code 0.
...
