000 (7124483.703.000) 03/26 14:32:04 Job submitted from host: <188.185.125.71:9618?addrs=188.185.125.71-9618+[2001-1458-d00-4a--100-15e]-9618&alias=bigbird28.cern.ch&noUDP&sock=schedd_2603_051c>
...
040 (7124483.703.000) 03/26 14:37:34 Started transferring input files
	Transferring to host: <128.142.33.224:9618?addrs=128.142.33.224-9618+[2001-1458-301-39--100-1d]-9618&alias=b9g24p1529.cern.ch&noUDP&sock=slot1_31_5742_8223_214641>
...
040 (7124483.703.000) 03/26 14:37:34 Finished transferring input files
...
001 (7124483.703.000) 03/26 14:37:35 Job executing on host: <128.142.33.224:9618?addrs=128.142.33.224-9618+[2001-1458-301-39--100-1d]-9618&alias=b9g24p1529.cern.ch&noUDP&sock=startd_4909_be81>
	SlotName: slot1_31@b9g24p1529.cern.ch
	CondorScratchDir = "/pool/condor/dir_2765562"
	Cpus = 1
	Disk = 3915
	GPUs = 0
	Memory = 3000
...
006 (7124483.703.000) 03/26 14:37:49 Image size of job updated: 16432
	17  -  MemoryUsage of job (MB)
	16432  -  ResidentSetSize of job (KB)
...
006 (7124483.703.000) 03/26 14:38:43 Image size of job updated: 681072
	17  -  MemoryUsage of job (MB)
	16432  -  ResidentSetSize of job (KB)
...
040 (7124483.703.000) 03/26 14:38:43 Started transferring output files
...
040 (7124483.703.000) 03/26 14:38:43 Finished transferring output files
...
005 (7124483.703.000) 03/26 14:38:43 Job terminated.
	(1) Normal termination (return value 0)
		Usr 0 00:00:33, Sys 0 00:00:02  -  Run Remote Usage
		Usr 0 00:00:00, Sys 0 00:00:00  -  Run Local Usage
		Usr 0 00:00:33, Sys 0 00:00:02  -  Total Remote Usage
		Usr 0 00:00:00, Sys 0 00:00:00  -  Total Local Usage
	2464  -  Run Bytes Sent By Job
	1411  -  Run Bytes Received By Job
	2464  -  Total Bytes Sent By Job
	1411  -  Total Bytes Received By Job
	Partitionable Resources :    Usage  Request Allocated 
	   Cpus                 :        0        1         1 
	   Disk (KB)            :       42        2      3915 
	   GPUs                 :                           0 
	   Memory (MB)          :       17     3000      3000 
	   TimeExecute (s)      :       68                    
	   TimeSlotBusy (s)     :       69                    

	Job terminated of its own accord at 2026-03-26T13:38:43Z with exit-code 0.
...
000 (7125552.703.000) 03/26 16:02:10 Job submitted from host: <188.185.125.71:9618?addrs=188.185.125.71-9618+[2001-1458-d00-4a--100-15e]-9618&alias=bigbird28.cern.ch&noUDP&sock=schedd_2603_051c>
...
040 (7125552.703.000) 03/26 16:15:34 Started transferring input files
	Transferring to host: <128.142.33.224:9618?addrs=128.142.33.224-9618+[2001-1458-301-39--100-1d]-9618&alias=b9g24p1529.cern.ch&noUDP&sock=slot1_44_5742_8223_215339>
...
040 (7125552.703.000) 03/26 16:15:34 Finished transferring input files
...
001 (7125552.703.000) 03/26 16:15:35 Job executing on host: <128.142.33.224:9618?addrs=128.142.33.224-9618+[2001-1458-301-39--100-1d]-9618&alias=b9g24p1529.cern.ch&noUDP&sock=startd_4909_be81>
	SlotName: slot1_44@b9g24p1529.cern.ch
	CondorScratchDir = "/pool/condor/dir_614273"
	Cpus = 1
	Disk = 3915
	GPUs = 0
	Memory = 3000
...
006 (7125552.703.000) 03/26 16:15:48 Image size of job updated: 302716
	296  -  MemoryUsage of job (MB)
	302716  -  ResidentSetSize of job (KB)
...
006 (7125552.703.000) 03/26 16:16:23 Image size of job updated: 727932
	296  -  MemoryUsage of job (MB)
	302836  -  ResidentSetSize of job (KB)
...
040 (7125552.703.000) 03/26 16:16:23 Started transferring output files
...
040 (7125552.703.000) 03/26 16:16:23 Finished transferring output files
...
005 (7125552.703.000) 03/26 16:16:23 Job terminated.
	(1) Normal termination (return value 0)
		Usr 0 00:00:36, Sys 0 00:00:03  -  Run Remote Usage
		Usr 0 00:00:00, Sys 0 00:00:00  -  Run Local Usage
		Usr 0 00:00:36, Sys 0 00:00:03  -  Total Remote Usage
		Usr 0 00:00:00, Sys 0 00:00:00  -  Total Local Usage
	2465  -  Run Bytes Sent By Job
	1412  -  Run Bytes Received By Job
	2465  -  Total Bytes Sent By Job
	1412  -  Total Bytes Received By Job
	Partitionable Resources :    Usage  Request Allocated 
	   Cpus                 :        0        1         1 
	   Disk (KB)            :       42        2      3915 
	   GPUs                 :                           0 
	   Memory (MB)          :      296     3000      3000 
	   TimeExecute (s)      :       48                    
	   TimeSlotBusy (s)     :       50                    

	Job terminated of its own accord at 2026-03-26T15:16:23Z with exit-code 0.
...
