000 (7124483.526.000) 03/26 14:32:04 Job submitted from host: <188.185.125.71:9618?addrs=188.185.125.71-9618+[2001-1458-d00-4a--100-15e]-9618&alias=bigbird28.cern.ch&noUDP&sock=schedd_2603_051c>
...
040 (7124483.526.000) 03/26 14:36:30 Started transferring input files
	Transferring to host: <128.142.33.213:9618?addrs=128.142.33.213-9618+[2001-1458-301-39--100-12]-9618&alias=b9g24p3253.cern.ch&noUDP&sock=slot1_28_8671_40fa_203299>
...
040 (7124483.526.000) 03/26 14:36:30 Finished transferring input files
...
001 (7124483.526.000) 03/26 14:36:31 Job executing on host: <128.142.33.213:9618?addrs=128.142.33.213-9618+[2001-1458-301-39--100-12]-9618&alias=b9g24p3253.cern.ch&noUDP&sock=startd_7682_caa0>
	SlotName: slot1_28@b9g24p3253.cern.ch
	CondorScratchDir = "/pool/condor/dir_179385"
	Cpus = 1
	Disk = 3789
	GPUs = 0
	Memory = 3000
...
006 (7124483.526.000) 03/26 14:36:44 Image size of job updated: 876
	1  -  MemoryUsage of job (MB)
	876  -  ResidentSetSize of job (KB)
...
006 (7124483.526.000) 03/26 14:40:56 Image size of job updated: 661448
	1  -  MemoryUsage of job (MB)
	876  -  ResidentSetSize of job (KB)
...
040 (7124483.526.000) 03/26 14:40:56 Started transferring output files
...
040 (7124483.526.000) 03/26 14:40:56 Finished transferring output files
...
005 (7124483.526.000) 03/26 14:40:56 Job terminated.
	(1) Normal termination (return value 0)
		Usr 0 00:00:58, Sys 0 00:00:03  -  Run Remote Usage
		Usr 0 00:00:00, Sys 0 00:00:00  -  Run Local Usage
		Usr 0 00:00:58, Sys 0 00:00:03  -  Total Remote Usage
		Usr 0 00:00:00, Sys 0 00:00:00  -  Total Local Usage
	2467  -  Run Bytes Sent By Job
	1411  -  Run Bytes Received By Job
	2467  -  Total Bytes Sent By Job
	1411  -  Total Bytes Received By Job
	Partitionable Resources :    Usage  Request Allocated 
	   Cpus                 :        0        1         1 
	   Disk (KB)            :       41        2      3789 
	   GPUs                 :                           0 
	   Memory (MB)          :        1     3000      3000 
	   TimeExecute (s)      :      265                    
	   TimeSlotBusy (s)     :      266                    

	Job terminated of its own accord at 2026-03-26T13:40:56Z with exit-code 0.
...
000 (7125552.526.000) 03/26 16:02:03 Job submitted from host: <188.185.125.71:9618?addrs=188.185.125.71-9618+[2001-1458-d00-4a--100-15e]-9618&alias=bigbird28.cern.ch&noUDP&sock=schedd_2603_051c>
...
040 (7125552.526.000) 03/26 16:13:56 Started transferring input files
	Transferring to host: <128.142.33.217:9618?addrs=128.142.33.217-9618+[2001-1458-301-39--100-16]-9618&alias=b9g24p1590.cern.ch&noUDP&sock=slot1_24_3364390_dca5_15503>
...
040 (7125552.526.000) 03/26 16:13:56 Finished transferring input files
...
001 (7125552.526.000) 03/26 16:13:57 Job executing on host: <128.142.33.217:9618?addrs=128.142.33.217-9618+[2001-1458-301-39--100-16]-9618&alias=b9g24p1590.cern.ch&noUDP&sock=startd_3364350_d806>
	SlotName: slot1_24@b9g24p1590.cern.ch
	CondorScratchDir = "/pool/condor/dir_1672245"
	Cpus = 1
	Disk = 3809
	GPUs = 0
	Memory = 3000
...
006 (7125552.526.000) 03/26 16:14:10 Image size of job updated: 16424
	17  -  MemoryUsage of job (MB)
	16424  -  ResidentSetSize of job (KB)
...
006 (7125552.526.000) 03/26 16:15:12 Image size of job updated: 657216
	17  -  MemoryUsage of job (MB)
	16424  -  ResidentSetSize of job (KB)
...
040 (7125552.526.000) 03/26 16:15:12 Started transferring output files
...
040 (7125552.526.000) 03/26 16:15:12 Finished transferring output files
...
005 (7125552.526.000) 03/26 16:15:12 Job terminated.
	(1) Normal termination (return value 0)
		Usr 0 00:00:38, Sys 0 00:00:03  -  Run Remote Usage
		Usr 0 00:00:00, Sys 0 00:00:00  -  Run Local Usage
		Usr 0 00:00:38, Sys 0 00:00:03  -  Total Remote Usage
		Usr 0 00:00:00, Sys 0 00:00:00  -  Total Local Usage
	2466  -  Run Bytes Sent By Job
	1412  -  Run Bytes Received By Job
	2466  -  Total Bytes Sent By Job
	1412  -  Total Bytes Received By Job
	Partitionable Resources :    Usage  Request Allocated 
	   Cpus                 :     0.99        1         1 
	   Disk (KB)            :    41           2      3809 
	   GPUs                 :                           0 
	   Memory (MB)          :    17        3000      3000 
	   TimeExecute (s)      :    75                       
	   TimeSlotBusy (s)     :    76                       

	Job terminated of its own accord at 2026-03-26T15:15:12Z with exit-code 0.
...
