000 (7124483.556.000) 03/26 14:32:04 Job submitted from host: <188.185.125.71:9618?addrs=188.185.125.71-9618+[2001-1458-d00-4a--100-15e]-9618&alias=bigbird28.cern.ch&noUDP&sock=schedd_2603_051c>
...
040 (7124483.556.000) 03/26 14:36:40 Started transferring input files
	Transferring to host: <188.185.201.29:9618?addrs=188.185.201.29-9618+[2001-1458-303-31--100-1a]-9618&alias=b9p35p0062.cern.ch&noUDP&sock=slot1_121_189122_4ec4_130026>
...
040 (7124483.556.000) 03/26 14:36:40 Finished transferring input files
...
001 (7124483.556.000) 03/26 14:36:41 Job executing on host: <188.185.201.29:9618?addrs=188.185.201.29-9618+[2001-1458-303-31--100-1a]-9618&alias=b9p35p0062.cern.ch&noUDP&sock=startd_178254_fef6>
	SlotName: slot1_121@b9p35p0062.cern.ch
	CondorScratchDir = "/pool/condor/dir_3445458"
	Cpus = 1
	Disk = 6842
	GPUs = 0
	Memory = 3000
...
006 (7124483.556.000) 03/26 14:36:54 Image size of job updated: 864
	1  -  MemoryUsage of job (MB)
	864  -  ResidentSetSize of job (KB)
...
006 (7124483.556.000) 03/26 14:40:42 Image size of job updated: 695108
	1  -  MemoryUsage of job (MB)
	864  -  ResidentSetSize of job (KB)
...
040 (7124483.556.000) 03/26 14:40:42 Started transferring output files
...
040 (7124483.556.000) 03/26 14:40:42 Finished transferring output files
...
005 (7124483.556.000) 03/26 14:40:42 Job terminated.
	(1) Normal termination (return value 0)
		Usr 0 00:00:21, Sys 0 00:00:13  -  Run Remote Usage
		Usr 0 00:00:00, Sys 0 00:00:00  -  Run Local Usage
		Usr 0 00:00:21, Sys 0 00:00:13  -  Total Remote Usage
		Usr 0 00:00:00, Sys 0 00:00:00  -  Total Local Usage
	2468  -  Run Bytes Sent By Job
	1411  -  Run Bytes Received By Job
	2468  -  Total Bytes Sent By Job
	1411  -  Total Bytes Received By Job
	Partitionable Resources :    Usage  Request Allocated 
	   Cpus                 :        0        1         1 
	   Disk (KB)            :       41        2      6842 
	   GPUs                 :                           0 
	   Memory (MB)          :        1     3000      3000 
	   TimeExecute (s)      :      241                    
	   TimeSlotBusy (s)     :      242                    

	Job terminated of its own accord at 2026-03-26T13:40:42Z with exit-code 0.
...
000 (7125552.556.000) 03/26 16:02:04 Job submitted from host: <188.185.125.71:9618?addrs=188.185.125.71-9618+[2001-1458-d00-4a--100-15e]-9618&alias=bigbird28.cern.ch&noUDP&sock=schedd_2603_051c>
...
040 (7125552.556.000) 03/26 16:14:06 Started transferring input files
	Transferring to host: <128.142.33.225:9618?addrs=128.142.33.225-9618+[2001-1458-301-39--100-1e]-9618&alias=b9g24p1582.cern.ch&noUDP&sock=slot1_39_2885003_5a5f_130692>
...
040 (7125552.556.000) 03/26 16:14:06 Finished transferring input files
...
001 (7125552.556.000) 03/26 16:14:07 Job executing on host: <128.142.33.225:9618?addrs=128.142.33.225-9618+[2001-1458-301-39--100-1e]-9618&alias=b9g24p1582.cern.ch&noUDP&sock=startd_5793_183a>
	SlotName: slot1_39@b9g24p1582.cern.ch
	CondorScratchDir = "/pool/condor/dir_3726992"
	Cpus = 1
	Disk = 3910
	GPUs = 0
	Memory = 3000
...
006 (7125552.556.000) 03/26 16:14:21 Image size of job updated: 16436
	17  -  MemoryUsage of job (MB)
	16436  -  ResidentSetSize of job (KB)
...
006 (7125552.556.000) 03/26 16:15:07 Image size of job updated: 710452
	17  -  MemoryUsage of job (MB)
	16436  -  ResidentSetSize of job (KB)
...
040 (7125552.556.000) 03/26 16:15:07 Started transferring output files
...
040 (7125552.556.000) 03/26 16:15:07 Finished transferring output files
...
005 (7125552.556.000) 03/26 16:15:07 Job terminated.
	(1) Normal termination (return value 0)
		Usr 0 00:00:34, Sys 0 00:00:03  -  Run Remote Usage
		Usr 0 00:00:00, Sys 0 00:00:00  -  Run Local Usage
		Usr 0 00:00:34, Sys 0 00:00:03  -  Total Remote Usage
		Usr 0 00:00:00, Sys 0 00:00:00  -  Total Local Usage
	2468  -  Run Bytes Sent By Job
	1412  -  Run Bytes Received By Job
	2468  -  Total Bytes Sent By Job
	1412  -  Total Bytes Received By Job
	Partitionable Resources :    Usage  Request Allocated 
	   Cpus                 :        0        1         1 
	   Disk (KB)            :       41        2      3910 
	   GPUs                 :                           0 
	   Memory (MB)          :       17     3000      3000 
	   TimeExecute (s)      :       60                    
	   TimeSlotBusy (s)     :       61                    

	Job terminated of its own accord at 2026-03-26T15:15:07Z with exit-code 0.
...
