000 (7124483.536.000) 03/26 14:32:04 Job submitted from host: <188.185.125.71:9618?addrs=188.185.125.71-9618+[2001-1458-d00-4a--100-15e]-9618&alias=bigbird28.cern.ch&noUDP&sock=schedd_2603_051c>
...
040 (7124483.536.000) 03/26 14:36:33 Started transferring input files
	Transferring to host: <128.142.33.220:9618?addrs=128.142.33.220-9618+[2001-1458-301-39--100-19]-9618&alias=b9g24p0879.cern.ch&noUDP&sock=slot1_23_3398_f2c3_199611>
...
040 (7124483.536.000) 03/26 14:36:33 Finished transferring input files
...
001 (7124483.536.000) 03/26 14:36:34 Job executing on host: <128.142.33.220:9618?addrs=128.142.33.220-9618+[2001-1458-301-39--100-19]-9618&alias=b9g24p0879.cern.ch&noUDP&sock=startd_2919_c50a>
	SlotName: slot1_23@b9g24p0879.cern.ch
	CondorScratchDir = "/pool/condor/dir_2330618"
	Cpus = 1
	Disk = 3859
	GPUs = 0
	Memory = 3000
...
006 (7124483.536.000) 03/26 14:36:47 Image size of job updated: 1376
	2  -  MemoryUsage of job (MB)
	1376  -  ResidentSetSize of job (KB)
...
006 (7124483.536.000) 03/26 14:41:29 Image size of job updated: 692660
	2  -  MemoryUsage of job (MB)
	1376  -  ResidentSetSize of job (KB)
...
040 (7124483.536.000) 03/26 14:41:29 Started transferring output files
...
040 (7124483.536.000) 03/26 14:41:29 Finished transferring output files
...
005 (7124483.536.000) 03/26 14:41:29 Job terminated.
	(1) Normal termination (return value 0)
		Usr 0 00:00:55, Sys 0 00:00:03  -  Run Remote Usage
		Usr 0 00:00:00, Sys 0 00:00:00  -  Run Local Usage
		Usr 0 00:00:55, Sys 0 00:00:03  -  Total Remote Usage
		Usr 0 00:00:00, Sys 0 00:00:00  -  Total Local Usage
	2467  -  Run Bytes Sent By Job
	1411  -  Run Bytes Received By Job
	2467  -  Total Bytes Sent By Job
	1411  -  Total Bytes Received By Job
	Partitionable Resources :    Usage  Request Allocated 
	   Cpus                 :     0.86        1         1 
	   Disk (KB)            :    41           2      3859 
	   GPUs                 :                           0 
	   Memory (MB)          :     2        3000      3000 
	   TimeExecute (s)      :   295                       
	   TimeSlotBusy (s)     :   296                       

	Job terminated of its own accord at 2026-03-26T13:41:29Z with exit-code 0.
...
000 (7125552.536.000) 03/26 16:02:03 Job submitted from host: <188.185.125.71:9618?addrs=188.185.125.71-9618+[2001-1458-d00-4a--100-15e]-9618&alias=bigbird28.cern.ch&noUDP&sock=schedd_2603_051c>
...
040 (7125552.536.000) 03/26 16:13:59 Started transferring input files
	Transferring to host: <128.142.33.225:9618?addrs=128.142.33.225-9618+[2001-1458-301-39--100-1e]-9618&alias=b9g24p1582.cern.ch&noUDP&sock=slot1_28_2885003_5a5f_130684>
...
040 (7125552.536.000) 03/26 16:13:59 Finished transferring input files
...
001 (7125552.536.000) 03/26 16:14:00 Job executing on host: <128.142.33.225:9618?addrs=128.142.33.225-9618+[2001-1458-301-39--100-1e]-9618&alias=b9g24p1582.cern.ch&noUDP&sock=startd_5793_183a>
	SlotName: slot1_28@b9g24p1582.cern.ch
	CondorScratchDir = "/pool/condor/dir_3726051"
	Cpus = 1
	Disk = 3910
	GPUs = 0
	Memory = 3000
...
006 (7125552.536.000) 03/26 16:14:14 Image size of job updated: 269508
	264  -  MemoryUsage of job (MB)
	269508  -  ResidentSetSize of job (KB)
...
006 (7125552.536.000) 03/26 16:14:58 Image size of job updated: 730720
	264  -  MemoryUsage of job (MB)
	269560  -  ResidentSetSize of job (KB)
...
040 (7125552.536.000) 03/26 16:14:58 Started transferring output files
...
040 (7125552.536.000) 03/26 16:14:58 Finished transferring output files
...
005 (7125552.536.000) 03/26 16:14:59 Job terminated.
	(1) Normal termination (return value 0)
		Usr 0 00:00:38, Sys 0 00:00:03  -  Run Remote Usage
		Usr 0 00:00:00, Sys 0 00:00:00  -  Run Local Usage
		Usr 0 00:00:38, Sys 0 00:00:03  -  Total Remote Usage
		Usr 0 00:00:00, Sys 0 00:00:00  -  Total Local Usage
	2468  -  Run Bytes Sent By Job
	1412  -  Run Bytes Received By Job
	2468  -  Total Bytes Sent By Job
	1412  -  Total Bytes Received By Job
	Partitionable Resources :    Usage  Request Allocated 
	   Cpus                 :        0        1         1 
	   Disk (KB)            :       41        2      3910 
	   GPUs                 :                           0 
	   Memory (MB)          :      264     3000      3000 
	   TimeExecute (s)      :       58                    
	   TimeSlotBusy (s)     :       59                    

	Job terminated of its own accord at 2026-03-26T15:14:58Z with exit-code 0.
...
