000 (7124483.603.000) 03/26 14:32:04 Job submitted from host: <188.185.125.71:9618?addrs=188.185.125.71-9618+[2001-1458-d00-4a--100-15e]-9618&alias=bigbird28.cern.ch&noUDP&sock=schedd_2603_051c>
...
040 (7124483.603.000) 03/26 14:36:57 Started transferring input files
	Transferring to host: <128.142.33.221:9618?addrs=128.142.33.221-9618+[2001-1458-301-39--100-1a]-9618&alias=b9g24p2245.cern.ch&noUDP&sock=slot1_10_2592500_8748_128361>
...
040 (7124483.603.000) 03/26 14:36:57 Finished transferring input files
...
001 (7124483.603.000) 03/26 14:36:58 Job executing on host: <128.142.33.221:9618?addrs=128.142.33.221-9618+[2001-1458-301-39--100-1a]-9618&alias=b9g24p2245.cern.ch&noUDP&sock=startd_2592433_fcb5>
	SlotName: slot1_10@b9g24p2245.cern.ch
	CondorScratchDir = "/pool/condor/dir_3223875"
	Cpus = 1
	Disk = 3825
	GPUs = 0
	Memory = 3000
...
006 (7124483.603.000) 03/26 14:37:11 Image size of job updated: 880
	1  -  MemoryUsage of job (MB)
	880  -  ResidentSetSize of job (KB)
...
006 (7124483.603.000) 03/26 14:39:06 Image size of job updated: 685780
	1  -  MemoryUsage of job (MB)
	880  -  ResidentSetSize of job (KB)
...
040 (7124483.603.000) 03/26 14:39:06 Started transferring output files
...
040 (7124483.603.000) 03/26 14:39:06 Finished transferring output files
...
005 (7124483.603.000) 03/26 14:39:06 Job terminated.
	(1) Normal termination (return value 0)
		Usr 0 00:00:45, Sys 0 00:00:03  -  Run Remote Usage
		Usr 0 00:00:00, Sys 0 00:00:00  -  Run Local Usage
		Usr 0 00:00:45, Sys 0 00:00:03  -  Total Remote Usage
		Usr 0 00:00:00, Sys 0 00:00:00  -  Total Local Usage
	2468  -  Run Bytes Sent By Job
	1411  -  Run Bytes Received By Job
	2468  -  Total Bytes Sent By Job
	1411  -  Total Bytes Received By Job
	Partitionable Resources :    Usage  Request Allocated 
	   Cpus                 :     0.89        1         1 
	   Disk (KB)            :    42           2      3825 
	   GPUs                 :                           0 
	   Memory (MB)          :     1        3000      3000 
	   TimeExecute (s)      :   128                       
	   TimeSlotBusy (s)     :   129                       

	Job terminated of its own accord at 2026-03-26T13:39:06Z with exit-code 0.
...
000 (7125552.603.000) 03/26 16:02:06 Job submitted from host: <188.185.125.71:9618?addrs=188.185.125.71-9618+[2001-1458-d00-4a--100-15e]-9618&alias=bigbird28.cern.ch&noUDP&sock=schedd_2603_051c>
...
040 (7125552.603.000) 03/26 16:14:45 Started transferring input files
	Transferring to host: <188.185.192.128:9618?addrs=188.185.192.128-9618+[2001-1458-303-1f--100-7c]-9618&alias=b9p13p4991.cern.ch&noUDP&sock=slot1_37_5556_745b_187414>
...
040 (7125552.603.000) 03/26 16:14:45 Finished transferring input files
...
001 (7125552.603.000) 03/26 16:14:46 Job executing on host: <188.185.192.128:9618?addrs=188.185.192.128-9618+[2001-1458-303-1f--100-7c]-9618&alias=b9p13p4991.cern.ch&noUDP&sock=startd_4023_0598>
	SlotName: slot1_37@b9p13p4991.cern.ch
	CondorScratchDir = "/pool/condor/dir_506300"
	Cpus = 1
	Disk = 3792
	GPUs = 0
	Memory = 3000
...
006 (7125552.603.000) 03/26 16:14:59 Image size of job updated: 230024
	225  -  MemoryUsage of job (MB)
	230024  -  ResidentSetSize of job (KB)
...
006 (7125552.603.000) 03/26 16:16:39 Image size of job updated: 710292
	225  -  MemoryUsage of job (MB)
	230028  -  ResidentSetSize of job (KB)
...
040 (7125552.603.000) 03/26 16:16:39 Started transferring output files
...
040 (7125552.603.000) 03/26 16:16:39 Finished transferring output files
...
005 (7125552.603.000) 03/26 16:16:39 Job terminated.
	(1) Normal termination (return value 0)
		Usr 0 00:01:29, Sys 0 00:00:03  -  Run Remote Usage
		Usr 0 00:00:00, Sys 0 00:00:00  -  Run Local Usage
		Usr 0 00:01:29, Sys 0 00:00:03  -  Total Remote Usage
		Usr 0 00:00:00, Sys 0 00:00:00  -  Total Local Usage
	2468  -  Run Bytes Sent By Job
	1412  -  Run Bytes Received By Job
	2468  -  Total Bytes Sent By Job
	1412  -  Total Bytes Received By Job
	Partitionable Resources :    Usage  Request Allocated 
	   Cpus                 :        0        1         1 
	   Disk (KB)            :       42        2      3792 
	   GPUs                 :                           0 
	   Memory (MB)          :      225     3000      3000 
	   TimeExecute (s)      :      113                    
	   TimeSlotBusy (s)     :      114                    

	Job terminated of its own accord at 2026-03-26T15:16:39Z with exit-code 0.
...
