000 (7124483.683.000) 03/26 14:32:04 Job submitted from host: <188.185.125.71:9618?addrs=188.185.125.71-9618+[2001-1458-d00-4a--100-15e]-9618&alias=bigbird28.cern.ch&noUDP&sock=schedd_2603_051c>
...
040 (7124483.683.000) 03/26 14:37:27 Started transferring input files
	Transferring to host: <128.142.33.203:9618?addrs=128.142.33.203-9618+[2001-1458-301-39--100-8]-9618&alias=b9g24p0512.cern.ch&noUDP&sock=slot1_16_5003_d0e5_214420>
...
040 (7124483.683.000) 03/26 14:37:27 Finished transferring input files
...
001 (7124483.683.000) 03/26 14:37:28 Job executing on host: <128.142.33.203:9618?addrs=128.142.33.203-9618+[2001-1458-301-39--100-8]-9618&alias=b9g24p0512.cern.ch&noUDP&sock=startd_4101_85fb>
	SlotName: slot1_16@b9g24p0512.cern.ch
	CondorScratchDir = "/pool/condor/dir_1628924"
	Cpus = 1
	Disk = 3829
	GPUs = 0
	Memory = 3000
...
006 (7124483.683.000) 03/26 14:37:42 Image size of job updated: 884
	1  -  MemoryUsage of job (MB)
	884  -  ResidentSetSize of job (KB)
...
006 (7124483.683.000) 03/26 14:40:26 Image size of job updated: 658928
	1  -  MemoryUsage of job (MB)
	884  -  ResidentSetSize of job (KB)
...
040 (7124483.683.000) 03/26 14:40:26 Started transferring output files
...
040 (7124483.683.000) 03/26 14:40:26 Finished transferring output files
...
005 (7124483.683.000) 03/26 14:40:26 Job terminated.
	(1) Normal termination (return value 0)
		Usr 0 00:00:42, Sys 0 00:00:11  -  Run Remote Usage
		Usr 0 00:00:00, Sys 0 00:00:00  -  Run Local Usage
		Usr 0 00:00:42, Sys 0 00:00:11  -  Total Remote Usage
		Usr 0 00:00:00, Sys 0 00:00:00  -  Total Local Usage
	2468  -  Run Bytes Sent By Job
	1411  -  Run Bytes Received By Job
	2468  -  Total Bytes Sent By Job
	1411  -  Total Bytes Received By Job
	Partitionable Resources :    Usage  Request Allocated 
	   Cpus                 :     0.00        1         1 
	   Disk (KB)            :    42           2      3829 
	   GPUs                 :                           0 
	   Memory (MB)          :     1        3000      3000 
	   TimeExecute (s)      :   178                       
	   TimeSlotBusy (s)     :   179                       

	Job terminated of its own accord at 2026-03-26T13:40:26Z with exit-code 0.
...
000 (7125552.683.000) 03/26 16:02:09 Job submitted from host: <188.185.125.71:9618?addrs=188.185.125.71-9618+[2001-1458-d00-4a--100-15e]-9618&alias=bigbird28.cern.ch&noUDP&sock=schedd_2603_051c>
...
040 (7125552.683.000) 03/26 16:15:22 Started transferring input files
	Transferring to host: <128.142.33.213:9618?addrs=128.142.33.213-9618+[2001-1458-301-39--100-12]-9618&alias=b9g24p3253.cern.ch&noUDP&sock=slot1_5_8671_40fa_203804>
...
040 (7125552.683.000) 03/26 16:15:22 Finished transferring input files
...
001 (7125552.683.000) 03/26 16:15:23 Job executing on host: <128.142.33.213:9618?addrs=128.142.33.213-9618+[2001-1458-301-39--100-12]-9618&alias=b9g24p3253.cern.ch&noUDP&sock=startd_7682_caa0>
	SlotName: slot1_5@b9g24p3253.cern.ch
	CondorScratchDir = "/pool/condor/dir_1796574"
	Cpus = 1
	Disk = 3811
	GPUs = 0
	Memory = 3000
...
006 (7125552.683.000) 03/26 16:15:37 Image size of job updated: 231340
	226  -  MemoryUsage of job (MB)
	231340  -  ResidentSetSize of job (KB)
...
006 (7125552.683.000) 03/26 16:16:35 Image size of job updated: 709372
	226  -  MemoryUsage of job (MB)
	231348  -  ResidentSetSize of job (KB)
...
040 (7125552.683.000) 03/26 16:16:35 Started transferring output files
...
040 (7125552.683.000) 03/26 16:16:35 Finished transferring output files
...
005 (7125552.683.000) 03/26 16:16:35 Job terminated.
	(1) Normal termination (return value 0)
		Usr 0 00:00:55, Sys 0 00:00:03  -  Run Remote Usage
		Usr 0 00:00:00, Sys 0 00:00:00  -  Run Local Usage
		Usr 0 00:00:55, Sys 0 00:00:03  -  Total Remote Usage
		Usr 0 00:00:00, Sys 0 00:00:00  -  Total Local Usage
	2467  -  Run Bytes Sent By Job
	1412  -  Run Bytes Received By Job
	2467  -  Total Bytes Sent By Job
	1412  -  Total Bytes Received By Job
	Partitionable Resources :    Usage  Request Allocated 
	   Cpus                 :                 1         1 
	   Disk (KB)            :       34        2      3811 
	   GPUs                 :                           0 
	   Memory (MB)          :      226     3000      3000 
	   TimeExecute (s)      :       72                    
	   TimeSlotBusy (s)     :       73                    

	Job terminated of its own accord at 2026-03-26T15:16:35Z with exit-code 0.
...
