000 (7124483.579.000) 03/26 14:32:04 Job submitted from host: <188.185.125.71:9618?addrs=188.185.125.71-9618+[2001-1458-d00-4a--100-15e]-9618&alias=bigbird28.cern.ch&noUDP&sock=schedd_2603_051c>
...
040 (7124483.579.000) 03/26 14:36:48 Started transferring input files
	Transferring to host: <188.185.201.29:9618?addrs=188.185.201.29-9618+[2001-1458-303-31--100-1a]-9618&alias=b9p35p0062.cern.ch&noUDP&sock=slot1_148_189122_4ec4_130050>
...
040 (7124483.579.000) 03/26 14:36:48 Finished transferring input files
...
001 (7124483.579.000) 03/26 14:36:49 Job executing on host: <188.185.201.29:9618?addrs=188.185.201.29-9618+[2001-1458-303-31--100-1a]-9618&alias=b9p35p0062.cern.ch&noUDP&sock=startd_178254_fef6>
	SlotName: slot1_148@b9p35p0062.cern.ch
	CondorScratchDir = "/pool/condor/dir_3447913"
	Cpus = 1
	Disk = 6842
	GPUs = 0
	Memory = 3000
...
006 (7124483.579.000) 03/26 14:37:02 Image size of job updated: 16436
	17  -  MemoryUsage of job (MB)
	16436  -  ResidentSetSize of job (KB)
...
006 (7124483.579.000) 03/26 14:40:39 Image size of job updated: 647352
	17  -  MemoryUsage of job (MB)
	16436  -  ResidentSetSize of job (KB)
...
040 (7124483.579.000) 03/26 14:40:39 Started transferring output files
...
040 (7124483.579.000) 03/26 14:40:39 Finished transferring output files
...
005 (7124483.579.000) 03/26 14:40:40 Job terminated.
	(1) Normal termination (return value 0)
		Usr 0 00:00:19, Sys 0 00:00:13  -  Run Remote Usage
		Usr 0 00:00:00, Sys 0 00:00:00  -  Run Local Usage
		Usr 0 00:00:19, Sys 0 00:00:13  -  Total Remote Usage
		Usr 0 00:00:00, Sys 0 00:00:00  -  Total Local Usage
	2419  -  Run Bytes Sent By Job
	1411  -  Run Bytes Received By Job
	2419  -  Total Bytes Sent By Job
	1411  -  Total Bytes Received By Job
	Partitionable Resources :    Usage  Request Allocated 
	   Cpus                 :        0        1         1 
	   Disk (KB)            :       41        2      6842 
	   GPUs                 :                           0 
	   Memory (MB)          :       17     3000      3000 
	   TimeExecute (s)      :      230                    
	   TimeSlotBusy (s)     :      231                    

	Job terminated of its own accord at 2026-03-26T13:40:39Z with exit-code 0.
...
000 (7125552.579.000) 03/26 16:02:05 Job submitted from host: <188.185.125.71:9618?addrs=188.185.125.71-9618+[2001-1458-d00-4a--100-15e]-9618&alias=bigbird28.cern.ch&noUDP&sock=schedd_2603_051c>
...
040 (7125552.579.000) 03/26 16:14:25 Started transferring input files
	Transferring to host: <128.142.33.224:9618?addrs=128.142.33.224-9618+[2001-1458-301-39--100-1d]-9618&alias=b9g24p1529.cern.ch&noUDP&sock=slot1_10_5742_8223_215314>
...
040 (7125552.579.000) 03/26 16:14:25 Finished transferring input files
...
001 (7125552.579.000) 03/26 16:14:26 Job executing on host: <128.142.33.224:9618?addrs=128.142.33.224-9618+[2001-1458-301-39--100-1d]-9618&alias=b9g24p1529.cern.ch&noUDP&sock=startd_4909_be81>
	SlotName: slot1_10@b9g24p1529.cern.ch
	CondorScratchDir = "/pool/condor/dir_609934"
	Cpus = 1
	Disk = 3915
	GPUs = 0
	Memory = 3000
...
006 (7125552.579.000) 03/26 16:14:39 Image size of job updated: 165464
	162  -  MemoryUsage of job (MB)
	165464  -  ResidentSetSize of job (KB)
...
006 (7125552.579.000) 03/26 16:15:31 Image size of job updated: 726684
	162  -  MemoryUsage of job (MB)
	165464  -  ResidentSetSize of job (KB)
...
040 (7125552.579.000) 03/26 16:15:31 Started transferring output files
...
040 (7125552.579.000) 03/26 16:15:31 Finished transferring output files
...
005 (7125552.579.000) 03/26 16:15:31 Job terminated.
	(1) Normal termination (return value 0)
		Usr 0 00:00:45, Sys 0 00:00:04  -  Run Remote Usage
		Usr 0 00:00:00, Sys 0 00:00:00  -  Run Local Usage
		Usr 0 00:00:45, Sys 0 00:00:04  -  Total Remote Usage
		Usr 0 00:00:00, Sys 0 00:00:00  -  Total Local Usage
	2465  -  Run Bytes Sent By Job
	1412  -  Run Bytes Received By Job
	2465  -  Total Bytes Sent By Job
	1412  -  Total Bytes Received By Job
	Partitionable Resources :    Usage  Request Allocated 
	   Cpus                 :                 1         1 
	   Disk (KB)            :       34        2      3915 
	   GPUs                 :                           0 
	   Memory (MB)          :      162     3000      3000 
	   TimeExecute (s)      :       65                    
	   TimeSlotBusy (s)     :       66                    

	Job terminated of its own accord at 2026-03-26T15:15:31Z with exit-code 0.
...
