000 (7124483.742.000) 03/26 14:32:04 Job submitted from host: <188.185.125.71:9618?addrs=188.185.125.71-9618+[2001-1458-d00-4a--100-15e]-9618&alias=bigbird28.cern.ch&noUDP&sock=schedd_2603_051c>
...
040 (7124483.742.000) 03/26 14:37:47 Started transferring input files
	Transferring to host: <128.142.33.208:9618?addrs=128.142.33.208-9618+[2001-1458-301-39--100-d]-9618&alias=b9g24p0198.cern.ch&noUDP&sock=slot1_48_5720_01e2_218603>
...
040 (7124483.742.000) 03/26 14:37:47 Finished transferring input files
...
001 (7124483.742.000) 03/26 14:37:48 Job executing on host: <128.142.33.208:9618?addrs=128.142.33.208-9618+[2001-1458-301-39--100-d]-9618&alias=b9g24p0198.cern.ch&noUDP&sock=startd_4793_2d85>
	SlotName: slot1_48@b9g24p0198.cern.ch
	CondorScratchDir = "/pool/condor/dir_499034"
	Cpus = 1
	Disk = 3803
	GPUs = 0
	Memory = 3000
...
006 (7124483.742.000) 03/26 14:38:02 Image size of job updated: 176000
	172  -  MemoryUsage of job (MB)
	176000  -  ResidentSetSize of job (KB)
...
006 (7124483.742.000) 03/26 14:38:59 Image size of job updated: 683396
	172  -  MemoryUsage of job (MB)
	176012  -  ResidentSetSize of job (KB)
...
040 (7124483.742.000) 03/26 14:38:59 Started transferring output files
...
040 (7124483.742.000) 03/26 14:38:59 Finished transferring output files
...
005 (7124483.742.000) 03/26 14:38:59 Job terminated.
	(1) Normal termination (return value 0)
		Usr 0 00:00:41, Sys 0 00:00:03  -  Run Remote Usage
		Usr 0 00:00:00, Sys 0 00:00:00  -  Run Local Usage
		Usr 0 00:00:41, Sys 0 00:00:03  -  Total Remote Usage
		Usr 0 00:00:00, Sys 0 00:00:00  -  Total Local Usage
	2466  -  Run Bytes Sent By Job
	1411  -  Run Bytes Received By Job
	2466  -  Total Bytes Sent By Job
	1411  -  Total Bytes Received By Job
	Partitionable Resources :    Usage  Request Allocated 
	   Cpus                 :        0        1         1 
	   Disk (KB)            :       42        2      3803 
	   GPUs                 :                           0 
	   Memory (MB)          :      172     3000      3000 
	   TimeExecute (s)      :       71                    
	   TimeSlotBusy (s)     :       72                    

	Job terminated of its own accord at 2026-03-26T13:38:59Z with exit-code 0.
...
000 (7125552.742.000) 03/26 16:02:11 Job submitted from host: <188.185.125.71:9618?addrs=188.185.125.71-9618+[2001-1458-d00-4a--100-15e]-9618&alias=bigbird28.cern.ch&noUDP&sock=schedd_2603_051c>
...
040 (7125552.742.000) 03/26 16:16:01 Started transferring input files
	Transferring to host: <188.185.195.122:9618?addrs=188.185.195.122-9618+[2001-1458-303-22--100-76]-9618&alias=b9p17p5468.cern.ch&noUDP&sock=slot1_12_5932_616a_187276>
...
040 (7125552.742.000) 03/26 16:16:01 Finished transferring input files
...
001 (7125552.742.000) 03/26 16:16:02 Job executing on host: <188.185.195.122:9618?addrs=188.185.195.122-9618+[2001-1458-303-22--100-76]-9618&alias=b9p17p5468.cern.ch&noUDP&sock=startd_4530_c81c>
	SlotName: slot1_12@b9p17p5468.cern.ch
	CondorScratchDir = "/pool/condor/dir_1949236"
	Cpus = 1
	Disk = 3840
	GPUs = 0
	Memory = 3000
...
006 (7125552.742.000) 03/26 16:16:16 Image size of job updated: 241912
	237  -  MemoryUsage of job (MB)
	241912  -  ResidentSetSize of job (KB)
...
006 (7125552.742.000) 03/26 16:17:39 Image size of job updated: 703632
	237  -  MemoryUsage of job (MB)
	241952  -  ResidentSetSize of job (KB)
...
040 (7125552.742.000) 03/26 16:17:39 Started transferring output files
...
040 (7125552.742.000) 03/26 16:17:39 Finished transferring output files
...
005 (7125552.742.000) 03/26 16:17:39 Job terminated.
	(1) Normal termination (return value 0)
		Usr 0 00:01:21, Sys 0 00:00:03  -  Run Remote Usage
		Usr 0 00:00:00, Sys 0 00:00:00  -  Run Local Usage
		Usr 0 00:01:21, Sys 0 00:00:03  -  Total Remote Usage
		Usr 0 00:00:00, Sys 0 00:00:00  -  Total Local Usage
	2467  -  Run Bytes Sent By Job
	1412  -  Run Bytes Received By Job
	2467  -  Total Bytes Sent By Job
	1412  -  Total Bytes Received By Job
	Partitionable Resources :    Usage  Request Allocated 
	   Cpus                 :                 1         1 
	   Disk (KB)            :       34        2      3840 
	   GPUs                 :                           0 
	   Memory (MB)          :      237     3000      3000 
	   TimeExecute (s)      :       97                    
	   TimeSlotBusy (s)     :       98                    

	Job terminated of its own accord at 2026-03-26T15:17:39Z with exit-code 0.
...
