000 (7124483.072.000) 03/26 14:32:03 Job submitted from host: <188.185.125.71:9618?addrs=188.185.125.71-9618+[2001-1458-d00-4a--100-15e]-9618&alias=bigbird28.cern.ch&noUDP&sock=schedd_2603_051c>
...
040 (7124483.072.000) 03/26 14:33:56 Started transferring input files
	Transferring to host: <128.142.33.208:9618?addrs=128.142.33.208-9618+[2001-1458-301-39--100-d]-9618&alias=b9g24p0198.cern.ch&noUDP&sock=slot1_15_5720_01e2_218540>
...
040 (7124483.072.000) 03/26 14:33:56 Finished transferring input files
...
001 (7124483.072.000) 03/26 14:33:57 Job executing on host: <128.142.33.208:9618?addrs=128.142.33.208-9618+[2001-1458-301-39--100-d]-9618&alias=b9g24p0198.cern.ch&noUDP&sock=startd_4793_2d85>
	SlotName: slot1_15@b9g24p0198.cern.ch
	CondorScratchDir = "/pool/condor/dir_487291"
	Cpus = 1
	Disk = 3803
	GPUs = 0
	Memory = 3000
...
006 (7124483.072.000) 03/26 14:34:10 Image size of job updated: 16424
	17  -  MemoryUsage of job (MB)
	16424  -  ResidentSetSize of job (KB)
...
006 (7124483.072.000) 03/26 14:35:13 Image size of job updated: 650368
	17  -  MemoryUsage of job (MB)
	16440  -  ResidentSetSize of job (KB)
...
040 (7124483.072.000) 03/26 14:35:13 Started transferring output files
...
040 (7124483.072.000) 03/26 14:35:13 Finished transferring output files
...
005 (7124483.072.000) 03/26 14:35:13 Job terminated.
	(1) Normal termination (return value 0)
		Usr 0 00:00:39, Sys 0 00:00:03  -  Run Remote Usage
		Usr 0 00:00:00, Sys 0 00:00:00  -  Run Local Usage
		Usr 0 00:00:39, Sys 0 00:00:03  -  Total Remote Usage
		Usr 0 00:00:00, Sys 0 00:00:00  -  Total Local Usage
	2455  -  Run Bytes Sent By Job
	1411  -  Run Bytes Received By Job
	2455  -  Total Bytes Sent By Job
	1411  -  Total Bytes Received By Job
	Partitionable Resources :    Usage  Request Allocated 
	   Cpus                 :        0        1         1 
	   Disk (KB)            :       41        2      3803 
	   GPUs                 :                           0 
	   Memory (MB)          :       17     3000      3000 
	   TimeExecute (s)      :       76                    
	   TimeSlotBusy (s)     :       77                    

	Job terminated of its own accord at 2026-03-26T13:35:13Z with exit-code 0.
...
000 (7125552.072.000) 03/26 16:01:50 Job submitted from host: <188.185.125.71:9618?addrs=188.185.125.71-9618+[2001-1458-d00-4a--100-15e]-9618&alias=bigbird28.cern.ch&noUDP&sock=schedd_2603_051c>
...
040 (7125552.072.000) 03/26 16:06:28 Started transferring input files
	Transferring to host: <188.185.196.105:9618?addrs=188.185.196.105-9618+[2001-1458-303-23--100-65]-9618&alias=b9p16p0935.cern.ch&noUDP&sock=slot1_29_4272_c2a7_187283>
...
040 (7125552.072.000) 03/26 16:06:28 Finished transferring input files
...
001 (7125552.072.000) 03/26 16:06:29 Job executing on host: <188.185.196.105:9618?addrs=188.185.196.105-9618+[2001-1458-303-23--100-65]-9618&alias=b9p16p0935.cern.ch&noUDP&sock=startd_3171_9ee7>
	SlotName: slot1_29@b9p16p0935.cern.ch
	CondorScratchDir = "/pool/condor/dir_1302648"
	Cpus = 1
	Disk = 3825
	GPUs = 0
	Memory = 3000
...
006 (7125552.072.000) 03/26 16:06:43 Image size of job updated: 132808
	130  -  MemoryUsage of job (MB)
	132808  -  ResidentSetSize of job (KB)
...
006 (7125552.072.000) 03/26 16:08:02 Image size of job updated: 705500
	130  -  MemoryUsage of job (MB)
	132808  -  ResidentSetSize of job (KB)
...
040 (7125552.072.000) 03/26 16:08:02 Started transferring output files
...
040 (7125552.072.000) 03/26 16:08:02 Finished transferring output files
...
005 (7125552.072.000) 03/26 16:08:02 Job terminated.
	(1) Normal termination (return value 0)
		Usr 0 00:01:02, Sys 0 00:00:03  -  Run Remote Usage
		Usr 0 00:00:00, Sys 0 00:00:00  -  Run Local Usage
		Usr 0 00:01:02, Sys 0 00:00:03  -  Total Remote Usage
		Usr 0 00:00:00, Sys 0 00:00:00  -  Total Local Usage
	2456  -  Run Bytes Sent By Job
	1412  -  Run Bytes Received By Job
	2456  -  Total Bytes Sent By Job
	1412  -  Total Bytes Received By Job
	Partitionable Resources :    Usage  Request Allocated 
	   Cpus                 :        0        1         1 
	   Disk (KB)            :       41        2      3825 
	   GPUs                 :                           0 
	   Memory (MB)          :      130     3000      3000 
	   TimeExecute (s)      :       93                    
	   TimeSlotBusy (s)     :       95                    

	Job terminated of its own accord at 2026-03-26T15:08:02Z with exit-code 0.
...
