000 (7124483.737.000) 03/26 14:32:04 Job submitted from host: <188.185.125.71:9618?addrs=188.185.125.71-9618+[2001-1458-d00-4a--100-15e]-9618&alias=bigbird28.cern.ch&noUDP&sock=schedd_2603_051c>
...
040 (7124483.737.000) 03/26 14:37:45 Started transferring input files
	Transferring to host: <128.142.33.203:9618?addrs=128.142.33.203-9618+[2001-1458-301-39--100-8]-9618&alias=b9g24p0512.cern.ch&noUDP&sock=slot1_22_5003_d0e5_214436>
...
040 (7124483.737.000) 03/26 14:37:45 Finished transferring input files
...
001 (7124483.737.000) 03/26 14:37:46 Job executing on host: <128.142.33.203:9618?addrs=128.142.33.203-9618+[2001-1458-301-39--100-8]-9618&alias=b9g24p0512.cern.ch&noUDP&sock=startd_4101_85fb>
	SlotName: slot1_22@b9g24p0512.cern.ch
	CondorScratchDir = "/pool/condor/dir_1663264"
	Cpus = 1
	Disk = 3829
	GPUs = 0
	Memory = 3000
...
006 (7124483.737.000) 03/26 14:37:59 Image size of job updated: 888
	1  -  MemoryUsage of job (MB)
	888  -  ResidentSetSize of job (KB)
...
006 (7124483.737.000) 03/26 14:40:22 Image size of job updated: 689484
	1  -  MemoryUsage of job (MB)
	888  -  ResidentSetSize of job (KB)
...
040 (7124483.737.000) 03/26 14:40:22 Started transferring output files
...
040 (7124483.737.000) 03/26 14:40:22 Finished transferring output files
...
005 (7124483.737.000) 03/26 14:40:22 Job terminated.
	(1) Normal termination (return value 0)
		Usr 0 00:00:41, Sys 0 00:00:10  -  Run Remote Usage
		Usr 0 00:00:00, Sys 0 00:00:00  -  Run Local Usage
		Usr 0 00:00:41, Sys 0 00:00:10  -  Total Remote Usage
		Usr 0 00:00:00, Sys 0 00:00:00  -  Total Local Usage
	2468  -  Run Bytes Sent By Job
	1411  -  Run Bytes Received By Job
	2468  -  Total Bytes Sent By Job
	1411  -  Total Bytes Received By Job
	Partitionable Resources :    Usage  Request Allocated 
	   Cpus                 :        0        1         1 
	   Disk (KB)            :       42        2      3829 
	   GPUs                 :                           0 
	   Memory (MB)          :        1     3000      3000 
	   TimeExecute (s)      :      156                    
	   TimeSlotBusy (s)     :      157                    

	Job terminated of its own accord at 2026-03-26T13:40:22Z with exit-code 0.
...
000 (7125552.737.000) 03/26 16:02:11 Job submitted from host: <188.185.125.71:9618?addrs=188.185.125.71-9618+[2001-1458-d00-4a--100-15e]-9618&alias=bigbird28.cern.ch&noUDP&sock=schedd_2603_051c>
...
040 (7125552.737.000) 03/26 16:15:59 Started transferring input files
	Transferring to host: <188.185.195.117:9618?addrs=188.185.195.117-9618+[2001-1458-303-22--100-71]-9618&alias=b9p17p3627.cern.ch&noUDP&sock=slot1_35_7326_9463_188412>
...
040 (7125552.737.000) 03/26 16:15:59 Finished transferring input files
...
001 (7125552.737.000) 03/26 16:16:00 Job executing on host: <188.185.195.117:9618?addrs=188.185.195.117-9618+[2001-1458-303-22--100-71]-9618&alias=b9p17p3627.cern.ch&noUDP&sock=startd_6693_6b76>
	SlotName: slot1_35@b9p17p3627.cern.ch
	CondorScratchDir = "/pool/condor/dir_2054601"
	Cpus = 1
	Disk = 3762
	GPUs = 0
	Memory = 3000
...
006 (7125552.737.000) 03/26 16:16:13 Image size of job updated: 236808
	232  -  MemoryUsage of job (MB)
	236808  -  ResidentSetSize of job (KB)
...
006 (7125552.737.000) 03/26 16:17:18 Image size of job updated: 709576
	232  -  MemoryUsage of job (MB)
	236824  -  ResidentSetSize of job (KB)
...
040 (7125552.737.000) 03/26 16:17:18 Started transferring output files
...
040 (7125552.737.000) 03/26 16:17:18 Finished transferring output files
...
005 (7125552.737.000) 03/26 16:17:18 Job terminated.
	(1) Normal termination (return value 0)
		Usr 0 00:01:05, Sys 0 00:00:03  -  Run Remote Usage
		Usr 0 00:00:00, Sys 0 00:00:00  -  Run Local Usage
		Usr 0 00:01:05, Sys 0 00:00:03  -  Total Remote Usage
		Usr 0 00:00:00, Sys 0 00:00:00  -  Total Local Usage
	2468  -  Run Bytes Sent By Job
	1412  -  Run Bytes Received By Job
	2468  -  Total Bytes Sent By Job
	1412  -  Total Bytes Received By Job
	Partitionable Resources :    Usage  Request Allocated 
	   Cpus                 :        0        1         1 
	   Disk (KB)            :       42        2      3762 
	   GPUs                 :                           0 
	   Memory (MB)          :      232     3000      3000 
	   TimeExecute (s)      :       78                    
	   TimeSlotBusy (s)     :       80                    

	Job terminated of its own accord at 2026-03-26T15:17:18Z with exit-code 0.
...
