000 (7124483.297.000) 03/26 14:32:04 Job submitted from host: <188.185.125.71:9618?addrs=188.185.125.71-9618+[2001-1458-d00-4a--100-15e]-9618&alias=bigbird28.cern.ch&noUDP&sock=schedd_2603_051c>
...
040 (7124483.297.000) 03/26 14:35:12 Started transferring input files
	Transferring to host: <128.142.33.206:9618?addrs=128.142.33.206-9618+[2001-1458-301-39--100-b]-9618&alias=b9g24p1210.cern.ch&noUDP&sock=slot1_34_3175_d31a_199042>
...
040 (7124483.297.000) 03/26 14:35:12 Finished transferring input files
...
001 (7124483.297.000) 03/26 14:35:13 Job executing on host: <128.142.33.206:9618?addrs=128.142.33.206-9618+[2001-1458-301-39--100-b]-9618&alias=b9g24p1210.cern.ch&noUDP&sock=startd_2703_9c95>
	SlotName: slot1_34@b9g24p1210.cern.ch
	CondorScratchDir = "/pool/condor/dir_2208532"
	Cpus = 1
	Disk = 3894
	GPUs = 0
	Memory = 3000
...
006 (7124483.297.000) 03/26 14:35:27 Image size of job updated: 880
	1  -  MemoryUsage of job (MB)
	880  -  ResidentSetSize of job (KB)
...
006 (7124483.297.000) 03/26 14:37:06 Image size of job updated: 679952
	1  -  MemoryUsage of job (MB)
	880  -  ResidentSetSize of job (KB)
...
040 (7124483.297.000) 03/26 14:37:06 Started transferring output files
...
040 (7124483.297.000) 03/26 14:37:06 Finished transferring output files
...
005 (7124483.297.000) 03/26 14:37:06 Job terminated.
	(1) Normal termination (return value 0)
		Usr 0 00:01:02, Sys 0 00:00:03  -  Run Remote Usage
		Usr 0 00:00:00, Sys 0 00:00:00  -  Run Local Usage
		Usr 0 00:01:02, Sys 0 00:00:03  -  Total Remote Usage
		Usr 0 00:00:00, Sys 0 00:00:00  -  Total Local Usage
	2467  -  Run Bytes Sent By Job
	1411  -  Run Bytes Received By Job
	2467  -  Total Bytes Sent By Job
	1411  -  Total Bytes Received By Job
	Partitionable Resources :    Usage  Request Allocated 
	   Cpus                 :        0        1         1 
	   Disk (KB)            :       41        2      3894 
	   GPUs                 :                           0 
	   Memory (MB)          :        1     3000      3000 
	   TimeExecute (s)      :      113                    
	   TimeSlotBusy (s)     :      114                    

	Job terminated of its own accord at 2026-03-26T13:37:06Z with exit-code 0.
...
000 (7125552.297.000) 03/26 16:01:56 Job submitted from host: <188.185.125.71:9618?addrs=188.185.125.71-9618+[2001-1458-d00-4a--100-15e]-9618&alias=bigbird28.cern.ch&noUDP&sock=schedd_2603_051c>
...
040 (7125552.297.000) 03/26 16:12:13 Started transferring input files
	Transferring to host: <188.185.195.139:9618?addrs=188.185.195.139-9618+[2001-1458-303-22--100-87]-9618&alias=b9p17p2256.cern.ch&noUDP&sock=slot1_2_7320_5a23_181951>
...
040 (7125552.297.000) 03/26 16:12:13 Finished transferring input files
...
001 (7125552.297.000) 03/26 16:12:14 Job executing on host: <188.185.195.139:9618?addrs=188.185.195.139-9618+[2001-1458-303-22--100-87]-9618&alias=b9p17p2256.cern.ch&noUDP&sock=startd_6203_520e>
	SlotName: slot1_2@b9p17p2256.cern.ch
	CondorScratchDir = "/pool/condor/dir_1800481"
	Cpus = 1
	Disk = 3730
	GPUs = 0
	Memory = 3000
...
006 (7125552.297.000) 03/26 16:12:27 Image size of job updated: 229732
	225  -  MemoryUsage of job (MB)
	229732  -  ResidentSetSize of job (KB)
...
006 (7125552.297.000) 03/26 16:13:37 Image size of job updated: 698100
	225  -  MemoryUsage of job (MB)
	229752  -  ResidentSetSize of job (KB)
...
040 (7125552.297.000) 03/26 16:13:37 Started transferring output files
...
040 (7125552.297.000) 03/26 16:13:37 Finished transferring output files
...
005 (7125552.297.000) 03/26 16:13:37 Job terminated.
	(1) Normal termination (return value 0)
		Usr 0 00:01:09, Sys 0 00:00:03  -  Run Remote Usage
		Usr 0 00:00:00, Sys 0 00:00:00  -  Run Local Usage
		Usr 0 00:01:09, Sys 0 00:00:03  -  Total Remote Usage
		Usr 0 00:00:00, Sys 0 00:00:00  -  Total Local Usage
	2467  -  Run Bytes Sent By Job
	1412  -  Run Bytes Received By Job
	2467  -  Total Bytes Sent By Job
	1412  -  Total Bytes Received By Job
	Partitionable Resources :    Usage  Request Allocated 
	   Cpus                 :        0        1         1 
	   Disk (KB)            :       42        2      3730 
	   GPUs                 :                           0 
	   Memory (MB)          :      225     3000      3000 
	   TimeExecute (s)      :       83                    
	   TimeSlotBusy (s)     :       85                    

	Job terminated of its own accord at 2026-03-26T15:13:37Z with exit-code 0.
...
