000 (7124483.067.000) 03/26 14:32:03 Job submitted from host: <188.185.125.71:9618?addrs=188.185.125.71-9618+[2001-1458-d00-4a--100-15e]-9618&alias=bigbird28.cern.ch&noUDP&sock=schedd_2603_051c>
...
040 (7124483.067.000) 03/26 14:33:56 Started transferring input files
	Transferring to host: <128.142.33.203:9618?addrs=128.142.33.203-9618+[2001-1458-301-39--100-8]-9618&alias=b9g24p0512.cern.ch&noUDP&sock=slot1_1_5003_d0e5_214359>
...
040 (7124483.067.000) 03/26 14:33:56 Finished transferring input files
...
001 (7124483.067.000) 03/26 14:33:57 Job executing on host: <128.142.33.203:9618?addrs=128.142.33.203-9618+[2001-1458-301-39--100-8]-9618&alias=b9g24p0512.cern.ch&noUDP&sock=startd_4101_85fb>
	SlotName: slot1_1@b9g24p0512.cern.ch
	CondorScratchDir = "/pool/condor/dir_1247956"
	Cpus = 1
	Disk = 3829
	GPUs = 0
	Memory = 3000
...
006 (7124483.067.000) 03/26 14:34:10 Image size of job updated: 880
	1  -  MemoryUsage of job (MB)
	880  -  ResidentSetSize of job (KB)
...
006 (7124483.067.000) 03/26 14:36:13 Image size of job updated: 642580
	1  -  MemoryUsage of job (MB)
	880  -  ResidentSetSize of job (KB)
...
040 (7124483.067.000) 03/26 14:36:13 Started transferring output files
...
040 (7124483.067.000) 03/26 14:36:13 Finished transferring output files
...
005 (7124483.067.000) 03/26 14:36:13 Job terminated.
	(1) Normal termination (return value 0)
		Usr 0 00:00:37, Sys 0 00:00:09  -  Run Remote Usage
		Usr 0 00:00:00, Sys 0 00:00:00  -  Run Local Usage
		Usr 0 00:00:37, Sys 0 00:00:09  -  Total Remote Usage
		Usr 0 00:00:00, Sys 0 00:00:00  -  Total Local Usage
	2458  -  Run Bytes Sent By Job
	1411  -  Run Bytes Received By Job
	2458  -  Total Bytes Sent By Job
	1411  -  Total Bytes Received By Job
	Partitionable Resources :    Usage  Request Allocated 
	   Cpus                 :        0        1         1 
	   Disk (KB)            :       41        2      3829 
	   GPUs                 :                           0 
	   Memory (MB)          :        1     3000      3000 
	   TimeExecute (s)      :      136                    
	   TimeSlotBusy (s)     :      138                    

	Job terminated of its own accord at 2026-03-26T13:36:13Z with exit-code 0.
...
000 (7125552.067.000) 03/26 16:01:50 Job submitted from host: <188.185.125.71:9618?addrs=188.185.125.71-9618+[2001-1458-d00-4a--100-15e]-9618&alias=bigbird28.cern.ch&noUDP&sock=schedd_2603_051c>
...
040 (7125552.067.000) 03/26 16:06:27 Started transferring input files
	Transferring to host: <188.185.193.165:9618?addrs=188.185.193.165-9618+[2001-1458-303-20--100-a1]-9618&alias=b9p19p2832.cern.ch&noUDP&sock=slot1_25_3909419_1918_121661>
...
040 (7125552.067.000) 03/26 16:06:27 Finished transferring input files
...
001 (7125552.067.000) 03/26 16:06:28 Job executing on host: <188.185.193.165:9618?addrs=188.185.193.165-9618+[2001-1458-303-20--100-a1]-9618&alias=b9p19p2832.cern.ch&noUDP&sock=startd_6307_a7e7>
	SlotName: slot1_25@b9p19p2832.cern.ch
	CondorScratchDir = "/pool/condor/dir_1475393"
	Cpus = 1
	Disk = 3773
	GPUs = 0
	Memory = 3000
...
006 (7125552.067.000) 03/26 16:06:42 Image size of job updated: 132860
	130  -  MemoryUsage of job (MB)
	132860  -  ResidentSetSize of job (KB)
...
006 (7125552.067.000) 03/26 16:08:06 Image size of job updated: 690956
	130  -  MemoryUsage of job (MB)
	132868  -  ResidentSetSize of job (KB)
...
040 (7125552.067.000) 03/26 16:08:06 Started transferring output files
...
040 (7125552.067.000) 03/26 16:08:06 Finished transferring output files
...
005 (7125552.067.000) 03/26 16:08:06 Job terminated.
	(1) Normal termination (return value 0)
		Usr 0 00:01:05, Sys 0 00:00:04  -  Run Remote Usage
		Usr 0 00:00:00, Sys 0 00:00:00  -  Run Local Usage
		Usr 0 00:01:05, Sys 0 00:00:04  -  Total Remote Usage
		Usr 0 00:00:00, Sys 0 00:00:00  -  Total Local Usage
	2457  -  Run Bytes Sent By Job
	1412  -  Run Bytes Received By Job
	2457  -  Total Bytes Sent By Job
	1412  -  Total Bytes Received By Job
	Partitionable Resources :    Usage  Request Allocated 
	   Cpus                 :        0        1         1 
	   Disk (KB)            :       41        2      3773 
	   GPUs                 :                           0 
	   Memory (MB)          :      130     3000      3000 
	   TimeExecute (s)      :       98                    
	   TimeSlotBusy (s)     :      100                    

	Job terminated of its own accord at 2026-03-26T15:08:06Z with exit-code 0.
...
