000 (7124483.494.000) 03/26 14:32:04 Job submitted from host: <188.185.125.71:9618?addrs=188.185.125.71-9618+[2001-1458-d00-4a--100-15e]-9618&alias=bigbird28.cern.ch&noUDP&sock=schedd_2603_051c>
...
040 (7124483.494.000) 03/26 14:36:19 Started transferring input files
	Transferring to host: <128.142.33.220:9618?addrs=128.142.33.220-9618+[2001-1458-301-39--100-19]-9618&alias=b9g24p0879.cern.ch&noUDP&sock=slot1_7_3398_f2c3_199597>
...
040 (7124483.494.000) 03/26 14:36:19 Finished transferring input files
...
001 (7124483.494.000) 03/26 14:36:20 Job executing on host: <128.142.33.220:9618?addrs=128.142.33.220-9618+[2001-1458-301-39--100-19]-9618&alias=b9g24p0879.cern.ch&noUDP&sock=startd_2919_c50a>
	SlotName: slot1_7@b9g24p0879.cern.ch
	CondorScratchDir = "/pool/condor/dir_2329146"
	Cpus = 1
	Disk = 3865
	GPUs = 0
	Memory = 3000
...
006 (7124483.494.000) 03/26 14:36:33 Image size of job updated: 888
	1  -  MemoryUsage of job (MB)
	888  -  ResidentSetSize of job (KB)
...
006 (7124483.494.000) 03/26 14:40:19 Image size of job updated: 681396
	1  -  MemoryUsage of job (MB)
	888  -  ResidentSetSize of job (KB)
...
040 (7124483.494.000) 03/26 14:40:19 Started transferring output files
...
040 (7124483.494.000) 03/26 14:40:19 Finished transferring output files
...
005 (7124483.494.000) 03/26 14:40:19 Job terminated.
	(1) Normal termination (return value 0)
		Usr 0 00:01:00, Sys 0 00:00:03  -  Run Remote Usage
		Usr 0 00:00:00, Sys 0 00:00:00  -  Run Local Usage
		Usr 0 00:01:00, Sys 0 00:00:03  -  Total Remote Usage
		Usr 0 00:00:00, Sys 0 00:00:00  -  Total Local Usage
	2467  -  Run Bytes Sent By Job
	1411  -  Run Bytes Received By Job
	2467  -  Total Bytes Sent By Job
	1411  -  Total Bytes Received By Job
	Partitionable Resources :    Usage  Request Allocated 
	   Cpus                 :                 1         1 
	   Disk (KB)            :       33        2      3865 
	   GPUs                 :                           0 
	   Memory (MB)          :        1     3000      3000 
	   TimeExecute (s)      :      239                    
	   TimeSlotBusy (s)     :      240                    

	Job terminated of its own accord at 2026-03-26T13:40:19Z with exit-code 0.
...
000 (7125552.494.000) 03/26 16:02:01 Job submitted from host: <188.185.125.71:9618?addrs=188.185.125.71-9618+[2001-1458-d00-4a--100-15e]-9618&alias=bigbird28.cern.ch&noUDP&sock=schedd_2603_051c>
...
040 (7125552.494.000) 03/26 16:13:45 Started transferring input files
	Transferring to host: <128.142.33.206:9618?addrs=128.142.33.206-9618+[2001-1458-301-39--100-b]-9618&alias=b9g24p1210.cern.ch&noUDP&sock=slot1_33_3175_d31a_199626>
...
040 (7125552.494.000) 03/26 16:13:45 Finished transferring input files
...
001 (7125552.494.000) 03/26 16:13:46 Job executing on host: <128.142.33.206:9618?addrs=128.142.33.206-9618+[2001-1458-301-39--100-b]-9618&alias=b9g24p1210.cern.ch&noUDP&sock=startd_2703_9c95>
	SlotName: slot1_33@b9g24p1210.cern.ch
	CondorScratchDir = "/pool/condor/dir_4110196"
	Cpus = 1
	Disk = 3893
	GPUs = 0
	Memory = 3000
...
006 (7125552.494.000) 03/26 16:13:59 Image size of job updated: 20368
	17  -  MemoryUsage of job (MB)
	16428  -  ResidentSetSize of job (KB)
...
006 (7125552.494.000) 03/26 16:15:56 Image size of job updated: 724280
	17  -  MemoryUsage of job (MB)
	16428  -  ResidentSetSize of job (KB)
...
040 (7125552.494.000) 03/26 16:15:56 Started transferring output files
...
040 (7125552.494.000) 03/26 16:15:56 Finished transferring output files
...
005 (7125552.494.000) 03/26 16:15:56 Job terminated.
	(1) Normal termination (return value 0)
		Usr 0 00:00:49, Sys 0 00:00:03  -  Run Remote Usage
		Usr 0 00:00:00, Sys 0 00:00:00  -  Run Local Usage
		Usr 0 00:00:49, Sys 0 00:00:03  -  Total Remote Usage
		Usr 0 00:00:00, Sys 0 00:00:00  -  Total Local Usage
	2467  -  Run Bytes Sent By Job
	1412  -  Run Bytes Received By Job
	2467  -  Total Bytes Sent By Job
	1412  -  Total Bytes Received By Job
	Partitionable Resources :    Usage  Request Allocated 
	   Cpus                 :        0        1         1 
	   Disk (KB)            :       41        2      3893 
	   GPUs                 :                           0 
	   Memory (MB)          :       17     3000      3000 
	   TimeExecute (s)      :      130                    
	   TimeSlotBusy (s)     :      131                    

	Job terminated of its own accord at 2026-03-26T15:15:56Z with exit-code 0.
...
