000 (7124483.253.000) 03/26 14:32:04 Job submitted from host: <188.185.125.71:9618?addrs=188.185.125.71-9618+[2001-1458-d00-4a--100-15e]-9618&alias=bigbird28.cern.ch&noUDP&sock=schedd_2603_051c>
...
040 (7124483.253.000) 03/26 14:34:57 Started transferring input files
	Transferring to host: <128.142.33.206:9618?addrs=128.142.33.206-9618+[2001-1458-301-39--100-b]-9618&alias=b9g24p1210.cern.ch&noUDP&sock=slot1_29_3175_d31a_199037>
...
040 (7124483.253.000) 03/26 14:34:57 Finished transferring input files
...
001 (7124483.253.000) 03/26 14:34:58 Job executing on host: <128.142.33.206:9618?addrs=128.142.33.206-9618+[2001-1458-301-39--100-b]-9618&alias=b9g24p1210.cern.ch&noUDP&sock=startd_2703_9c95>
	SlotName: slot1_29@b9g24p1210.cern.ch
	CondorScratchDir = "/pool/condor/dir_2207414"
	Cpus = 1
	Disk = 3894
	GPUs = 0
	Memory = 3000
...
006 (7124483.253.000) 03/26 14:35:12 Image size of job updated: 876
	1  -  MemoryUsage of job (MB)
	876  -  ResidentSetSize of job (KB)
...
006 (7124483.253.000) 03/26 14:36:40 Image size of job updated: 659740
	1  -  MemoryUsage of job (MB)
	876  -  ResidentSetSize of job (KB)
...
040 (7124483.253.000) 03/26 14:36:40 Started transferring output files
...
040 (7124483.253.000) 03/26 14:36:40 Finished transferring output files
...
005 (7124483.253.000) 03/26 14:36:40 Job terminated.
	(1) Normal termination (return value 0)
		Usr 0 00:00:44, Sys 0 00:00:04  -  Run Remote Usage
		Usr 0 00:00:00, Sys 0 00:00:00  -  Run Local Usage
		Usr 0 00:00:44, Sys 0 00:00:04  -  Total Remote Usage
		Usr 0 00:00:00, Sys 0 00:00:00  -  Total Local Usage
	2458  -  Run Bytes Sent By Job
	1411  -  Run Bytes Received By Job
	2458  -  Total Bytes Sent By Job
	1411  -  Total Bytes Received By Job
	Partitionable Resources :    Usage  Request Allocated 
	   Cpus                 :        0        1         1 
	   Disk (KB)            :       41        2      3894 
	   GPUs                 :                           0 
	   Memory (MB)          :        1     3000      3000 
	   TimeExecute (s)      :      102                    
	   TimeSlotBusy (s)     :      103                    

	Job terminated of its own accord at 2026-03-26T13:36:40Z with exit-code 0.
...
000 (7125552.253.000) 03/26 16:01:54 Job submitted from host: <188.185.125.71:9618?addrs=188.185.125.71-9618+[2001-1458-d00-4a--100-15e]-9618&alias=bigbird28.cern.ch&noUDP&sock=schedd_2603_051c>
...
040 (7125552.253.000) 03/26 16:09:59 Started transferring input files
	Transferring to host: <188.185.193.131:9618?addrs=188.185.193.131-9618+[2001-1458-303-20--100-7f]-9618&alias=b9p19p0714.cern.ch&noUDP&sock=slot1_14_3237720_6346_108610>
...
040 (7125552.253.000) 03/26 16:09:59 Finished transferring input files
...
001 (7125552.253.000) 03/26 16:10:00 Job executing on host: <188.185.193.131:9618?addrs=188.185.193.131-9618+[2001-1458-303-20--100-7f]-9618&alias=b9p19p0714.cern.ch&noUDP&sock=startd_3234128_621c>
	SlotName: slot1_14@b9p19p0714.cern.ch
	CondorScratchDir = "/pool/condor/dir_2387671"
	Cpus = 1
	Disk = 3754
	GPUs = 0
	Memory = 3000
...
006 (7125552.253.000) 03/26 16:10:13 Image size of job updated: 1284
	2  -  MemoryUsage of job (MB)
	1284  -  ResidentSetSize of job (KB)
...
006 (7125552.253.000) 03/26 16:12:41 Image size of job updated: 702732
	2  -  MemoryUsage of job (MB)
	1284  -  ResidentSetSize of job (KB)
...
040 (7125552.253.000) 03/26 16:12:41 Started transferring output files
...
040 (7125552.253.000) 03/26 16:12:41 Finished transferring output files
...
005 (7125552.253.000) 03/26 16:12:41 Job terminated.
	(1) Normal termination (return value 0)
		Usr 0 00:00:53, Sys 0 00:00:04  -  Run Remote Usage
		Usr 0 00:00:00, Sys 0 00:00:00  -  Run Local Usage
		Usr 0 00:00:53, Sys 0 00:00:04  -  Total Remote Usage
		Usr 0 00:00:00, Sys 0 00:00:00  -  Total Local Usage
	2458  -  Run Bytes Sent By Job
	1412  -  Run Bytes Received By Job
	2458  -  Total Bytes Sent By Job
	1412  -  Total Bytes Received By Job
	Partitionable Resources :    Usage  Request Allocated 
	   Cpus                 :     0.99        1         1 
	   Disk (KB)            :    41           2      3754 
	   GPUs                 :                           0 
	   Memory (MB)          :     2        3000      3000 
	   TimeExecute (s)      :   161                       
	   TimeSlotBusy (s)     :   163                       

	Job terminated of its own accord at 2026-03-26T15:12:41Z with exit-code 0.
...
