000 (7124483.594.000) 03/26 14:32:04 Job submitted from host: <188.185.125.71:9618?addrs=188.185.125.71-9618+[2001-1458-d00-4a--100-15e]-9618&alias=bigbird28.cern.ch&noUDP&sock=schedd_2603_051c>
...
040 (7124483.594.000) 03/26 14:36:53 Started transferring input files
	Transferring to host: <128.142.33.217:9618?addrs=128.142.33.217-9618+[2001-1458-301-39--100-16]-9618&alias=b9g24p1590.cern.ch&noUDP&sock=slot1_1_3364390_dca5_14521>
...
040 (7124483.594.000) 03/26 14:36:53 Finished transferring input files
...
001 (7124483.594.000) 03/26 14:36:54 Job executing on host: <128.142.33.217:9618?addrs=128.142.33.217-9618+[2001-1458-301-39--100-16]-9618&alias=b9g24p1590.cern.ch&noUDP&sock=startd_3364350_d806>
	SlotName: slot1_1@b9g24p1590.cern.ch
	CondorScratchDir = "/pool/condor/dir_2586382"
	Cpus = 1
	Disk = 3811
	GPUs = 0
	Memory = 3000
...
006 (7124483.594.000) 03/26 14:37:07 Image size of job updated: 892
	1  -  MemoryUsage of job (MB)
	892  -  ResidentSetSize of job (KB)
...
006 (7124483.594.000) 03/26 14:41:11 Image size of job updated: 692740
	1  -  MemoryUsage of job (MB)
	892  -  ResidentSetSize of job (KB)
...
040 (7124483.594.000) 03/26 14:41:11 Started transferring output files
...
040 (7124483.594.000) 03/26 14:41:11 Finished transferring output files
...
005 (7124483.594.000) 03/26 14:41:11 Job terminated.
	(1) Normal termination (return value 0)
		Usr 0 00:00:56, Sys 0 00:00:16  -  Run Remote Usage
		Usr 0 00:00:00, Sys 0 00:00:00  -  Run Local Usage
		Usr 0 00:00:56, Sys 0 00:00:16  -  Total Remote Usage
		Usr 0 00:00:00, Sys 0 00:00:00  -  Total Local Usage
	2468  -  Run Bytes Sent By Job
	1411  -  Run Bytes Received By Job
	2468  -  Total Bytes Sent By Job
	1411  -  Total Bytes Received By Job
	Partitionable Resources :    Usage  Request Allocated 
	   Cpus                 :        0        1         1 
	   Disk (KB)            :       42        2      3811 
	   GPUs                 :                           0 
	   Memory (MB)          :        1     3000      3000 
	   TimeExecute (s)      :      257                    
	   TimeSlotBusy (s)     :      258                    

	Job terminated of its own accord at 2026-03-26T13:41:11Z with exit-code 0.
...
000 (7125552.594.000) 03/26 16:02:06 Job submitted from host: <188.185.125.71:9618?addrs=188.185.125.71-9618+[2001-1458-d00-4a--100-15e]-9618&alias=bigbird28.cern.ch&noUDP&sock=schedd_2603_051c>
...
040 (7125552.594.000) 03/26 16:14:40 Started transferring input files
	Transferring to host: <128.142.33.224:9618?addrs=128.142.33.224-9618+[2001-1458-301-39--100-1d]-9618&alias=b9g24p1529.cern.ch&noUDP&sock=slot1_20_5742_8223_215317>
...
040 (7125552.594.000) 03/26 16:14:40 Finished transferring input files
...
001 (7125552.594.000) 03/26 16:14:41 Job executing on host: <128.142.33.224:9618?addrs=128.142.33.224-9618+[2001-1458-301-39--100-1d]-9618&alias=b9g24p1529.cern.ch&noUDP&sock=startd_4909_be81>
	SlotName: slot1_20@b9g24p1529.cern.ch
	CondorScratchDir = "/pool/condor/dir_610824"
	Cpus = 1
	Disk = 3915
	GPUs = 0
	Memory = 3000
...
006 (7125552.594.000) 03/26 16:14:54 Image size of job updated: 294952
	289  -  MemoryUsage of job (MB)
	294952  -  ResidentSetSize of job (KB)
...
006 (7125552.594.000) 03/26 16:15:42 Image size of job updated: 697988
	289  -  MemoryUsage of job (MB)
	294952  -  ResidentSetSize of job (KB)
...
040 (7125552.594.000) 03/26 16:15:42 Started transferring output files
...
040 (7125552.594.000) 03/26 16:15:42 Finished transferring output files
...
005 (7125552.594.000) 03/26 16:15:42 Job terminated.
	(1) Normal termination (return value 0)
		Usr 0 00:00:45, Sys 0 00:00:03  -  Run Remote Usage
		Usr 0 00:00:00, Sys 0 00:00:00  -  Run Local Usage
		Usr 0 00:00:45, Sys 0 00:00:03  -  Total Remote Usage
		Usr 0 00:00:00, Sys 0 00:00:00  -  Total Local Usage
	2468  -  Run Bytes Sent By Job
	1412  -  Run Bytes Received By Job
	2468  -  Total Bytes Sent By Job
	1412  -  Total Bytes Received By Job
	Partitionable Resources :    Usage  Request Allocated 
	   Cpus                 :                 1         1 
	   Disk (KB)            :       34        2      3915 
	   GPUs                 :                           0 
	   Memory (MB)          :      289     3000      3000 
	   TimeExecute (s)      :       61                    
	   TimeSlotBusy (s)     :       62                    

	Job terminated of its own accord at 2026-03-26T15:15:42Z with exit-code 0.
...
