000 (7124483.617.000) 03/26 14:32:04 Job submitted from host: <188.185.125.71:9618?addrs=188.185.125.71-9618+[2001-1458-d00-4a--100-15e]-9618&alias=bigbird28.cern.ch&noUDP&sock=schedd_2603_051c>
...
040 (7124483.617.000) 03/26 14:37:03 Started transferring input files
	Transferring to host: <128.142.33.208:9618?addrs=128.142.33.208-9618+[2001-1458-301-39--100-d]-9618&alias=b9g24p0198.cern.ch&noUDP&sock=slot1_31_5720_01e2_218589>
...
040 (7124483.617.000) 03/26 14:37:03 Finished transferring input files
...
001 (7124483.617.000) 03/26 14:37:04 Job executing on host: <128.142.33.208:9618?addrs=128.142.33.208-9618+[2001-1458-301-39--100-d]-9618&alias=b9g24p0198.cern.ch&noUDP&sock=startd_4793_2d85>
	SlotName: slot1_31@b9g24p0198.cern.ch
	CondorScratchDir = "/pool/condor/dir_495418"
	Cpus = 1
	Disk = 3803
	GPUs = 0
	Memory = 3000
...
006 (7124483.617.000) 03/26 14:37:17 Image size of job updated: 16440
	17  -  MemoryUsage of job (MB)
	16440  -  ResidentSetSize of job (KB)
...
006 (7124483.617.000) 03/26 14:38:21 Image size of job updated: 690584
	17  -  MemoryUsage of job (MB)
	16440  -  ResidentSetSize of job (KB)
...
040 (7124483.617.000) 03/26 14:38:21 Started transferring output files
...
040 (7124483.617.000) 03/26 14:38:21 Finished transferring output files
...
005 (7124483.617.000) 03/26 14:38:21 Job terminated.
	(1) Normal termination (return value 0)
		Usr 0 00:00:48, Sys 0 00:00:03  -  Run Remote Usage
		Usr 0 00:00:00, Sys 0 00:00:00  -  Run Local Usage
		Usr 0 00:00:48, Sys 0 00:00:03  -  Total Remote Usage
		Usr 0 00:00:00, Sys 0 00:00:00  -  Total Local Usage
	2467  -  Run Bytes Sent By Job
	1411  -  Run Bytes Received By Job
	2467  -  Total Bytes Sent By Job
	1411  -  Total Bytes Received By Job
	Partitionable Resources :    Usage  Request Allocated 
	   Cpus                 :        0        1         1 
	   Disk (KB)            :       42        2      3803 
	   GPUs                 :                           0 
	   Memory (MB)          :       17     3000      3000 
	   TimeExecute (s)      :       77                    
	   TimeSlotBusy (s)     :       78                    

	Job terminated of its own accord at 2026-03-26T13:38:21Z with exit-code 0.
...
000 (7125552.617.000) 03/26 16:02:07 Job submitted from host: <188.185.125.71:9618?addrs=188.185.125.71-9618+[2001-1458-d00-4a--100-15e]-9618&alias=bigbird28.cern.ch&noUDP&sock=schedd_2603_051c>
...
040 (7125552.617.000) 03/26 16:14:57 Started transferring input files
	Transferring to host: <128.142.33.224:9618?addrs=128.142.33.224-9618+[2001-1458-301-39--100-1d]-9618&alias=b9g24p1529.cern.ch&noUDP&sock=slot1_26_5742_8223_215321>
...
040 (7125552.617.000) 03/26 16:14:57 Finished transferring input files
...
001 (7125552.617.000) 03/26 16:14:58 Job executing on host: <128.142.33.224:9618?addrs=128.142.33.224-9618+[2001-1458-301-39--100-1d]-9618&alias=b9g24p1529.cern.ch&noUDP&sock=startd_4909_be81>
	SlotName: slot1_26@b9g24p1529.cern.ch
	CondorScratchDir = "/pool/condor/dir_611681"
	Cpus = 1
	Disk = 3915
	GPUs = 0
	Memory = 3000
...
006 (7125552.617.000) 03/26 16:15:11 Image size of job updated: 319144
	312  -  MemoryUsage of job (MB)
	319144  -  ResidentSetSize of job (KB)
...
006 (7125552.617.000) 03/26 16:15:48 Image size of job updated: 734852
	312  -  MemoryUsage of job (MB)
	319208  -  ResidentSetSize of job (KB)
...
040 (7125552.617.000) 03/26 16:15:48 Started transferring output files
...
040 (7125552.617.000) 03/26 16:15:48 Finished transferring output files
...
005 (7125552.617.000) 03/26 16:15:48 Job terminated.
	(1) Normal termination (return value 0)
		Usr 0 00:00:37, Sys 0 00:00:03  -  Run Remote Usage
		Usr 0 00:00:00, Sys 0 00:00:00  -  Run Local Usage
		Usr 0 00:00:37, Sys 0 00:00:03  -  Total Remote Usage
		Usr 0 00:00:00, Sys 0 00:00:00  -  Total Local Usage
	2467  -  Run Bytes Sent By Job
	1412  -  Run Bytes Received By Job
	2467  -  Total Bytes Sent By Job
	1412  -  Total Bytes Received By Job
	Partitionable Resources :    Usage  Request Allocated 
	   Cpus                 :                 1         1 
	   Disk (KB)            :       34        2      3915 
	   GPUs                 :                           0 
	   Memory (MB)          :      312     3000      3000 
	   TimeExecute (s)      :       50                    
	   TimeSlotBusy (s)     :       51                    

	Job terminated of its own accord at 2026-03-26T15:15:48Z with exit-code 0.
...
