000 (7124483.525.000) 03/26 14:32:04 Job submitted from host: <188.185.125.71:9618?addrs=188.185.125.71-9618+[2001-1458-d00-4a--100-15e]-9618&alias=bigbird28.cern.ch&noUDP&sock=schedd_2603_051c>
...
040 (7124483.525.000) 03/26 14:36:30 Started transferring input files
	Transferring to host: <188.185.201.29:9618?addrs=188.185.201.29-9618+[2001-1458-303-31--100-1a]-9618&alias=b9p35p0062.cern.ch&noUDP&sock=slot1_102_189122_4ec4_130013>
...
040 (7124483.525.000) 03/26 14:36:30 Finished transferring input files
...
001 (7124483.525.000) 03/26 14:36:31 Job executing on host: <188.185.201.29:9618?addrs=188.185.201.29-9618+[2001-1458-303-31--100-1a]-9618&alias=b9p35p0062.cern.ch&noUDP&sock=startd_178254_fef6>
	SlotName: slot1_102@b9p35p0062.cern.ch
	CondorScratchDir = "/pool/condor/dir_3443524"
	Cpus = 1
	Disk = 6842
	GPUs = 0
	Memory = 3000
...
006 (7124483.525.000) 03/26 14:36:44 Image size of job updated: 872
	1  -  MemoryUsage of job (MB)
	872  -  ResidentSetSize of job (KB)
...
006 (7124483.525.000) 03/26 14:40:02 Image size of job updated: 712340
	1  -  MemoryUsage of job (MB)
	872  -  ResidentSetSize of job (KB)
...
040 (7124483.525.000) 03/26 14:40:02 Started transferring output files
...
040 (7124483.525.000) 03/26 14:40:02 Finished transferring output files
...
005 (7124483.525.000) 03/26 14:40:02 Job terminated.
	(1) Normal termination (return value 0)
		Usr 0 00:00:36, Sys 0 00:00:01  -  Run Remote Usage
		Usr 0 00:00:00, Sys 0 00:00:00  -  Run Local Usage
		Usr 0 00:00:36, Sys 0 00:00:01  -  Total Remote Usage
		Usr 0 00:00:00, Sys 0 00:00:00  -  Total Local Usage
	2631  -  Run Bytes Sent By Job
	1411  -  Run Bytes Received By Job
	2631  -  Total Bytes Sent By Job
	1411  -  Total Bytes Received By Job
	Partitionable Resources :    Usage  Request Allocated 
	   Cpus                 :        0        1         1 
	   Disk (KB)            :       41        2      6842 
	   GPUs                 :                           0 
	   Memory (MB)          :        1     3000      3000 
	   TimeExecute (s)      :      211                    
	   TimeSlotBusy (s)     :      212                    

	Job terminated of its own accord at 2026-03-26T13:40:02Z with exit-code 0.
...
000 (7125552.525.000) 03/26 16:02:03 Job submitted from host: <188.185.125.71:9618?addrs=188.185.125.71-9618+[2001-1458-d00-4a--100-15e]-9618&alias=bigbird28.cern.ch&noUDP&sock=schedd_2603_051c>
...
040 (7125552.525.000) 03/26 16:13:56 Started transferring input files
	Transferring to host: <128.142.33.220:9618?addrs=128.142.33.220-9618+[2001-1458-301-39--100-19]-9618&alias=b9g24p0879.cern.ch&noUDP&sock=slot1_29_3398_f2c3_200169>
...
040 (7125552.525.000) 03/26 16:13:56 Finished transferring input files
...
001 (7125552.525.000) 03/26 16:13:57 Job executing on host: <128.142.33.220:9618?addrs=128.142.33.220-9618+[2001-1458-301-39--100-19]-9618&alias=b9g24p0879.cern.ch&noUDP&sock=startd_2919_c50a>
	SlotName: slot1_29@b9g24p0879.cern.ch
	CondorScratchDir = "/pool/condor/dir_3953243"
	Cpus = 1
	Disk = 3880
	GPUs = 0
	Memory = 3000
...
006 (7125552.525.000) 03/26 16:14:10 Image size of job updated: 17712
	18  -  MemoryUsage of job (MB)
	17712  -  ResidentSetSize of job (KB)
...
006 (7125552.525.000) 03/26 16:16:06 Image size of job updated: 726944
	18  -  MemoryUsage of job (MB)
	17720  -  ResidentSetSize of job (KB)
...
040 (7125552.525.000) 03/26 16:16:06 Started transferring output files
...
040 (7125552.525.000) 03/26 16:16:06 Finished transferring output files
...
005 (7125552.525.000) 03/26 16:16:06 Job terminated.
	(1) Normal termination (return value 0)
		Usr 0 00:01:17, Sys 0 00:00:04  -  Run Remote Usage
		Usr 0 00:00:00, Sys 0 00:00:00  -  Run Local Usage
		Usr 0 00:01:17, Sys 0 00:00:04  -  Total Remote Usage
		Usr 0 00:00:00, Sys 0 00:00:00  -  Total Local Usage
	2630  -  Run Bytes Sent By Job
	1412  -  Run Bytes Received By Job
	2630  -  Total Bytes Sent By Job
	1412  -  Total Bytes Received By Job
	Partitionable Resources :    Usage  Request Allocated 
	   Cpus                 :     0.94        1         1 
	   Disk (KB)            :    41           2      3880 
	   GPUs                 :                           0 
	   Memory (MB)          :    18        3000      3000 
	   TimeExecute (s)      :   129                       
	   TimeSlotBusy (s)     :   130                       

	Job terminated of its own accord at 2026-03-26T15:16:06Z with exit-code 0.
...
