000 (7124483.570.000) 03/26 14:32:04 Job submitted from host: <188.185.125.71:9618?addrs=188.185.125.71-9618+[2001-1458-d00-4a--100-15e]-9618&alias=bigbird28.cern.ch&noUDP&sock=schedd_2603_051c>
...
040 (7124483.570.000) 03/26 14:36:45 Started transferring input files
	Transferring to host: <188.185.201.29:9618?addrs=188.185.201.29-9618+[2001-1458-303-31--100-1a]-9618&alias=b9p35p0062.cern.ch&noUDP&sock=slot1_138_189122_4ec4_130040>
...
040 (7124483.570.000) 03/26 14:36:45 Finished transferring input files
...
001 (7124483.570.000) 03/26 14:36:46 Job executing on host: <188.185.201.29:9618?addrs=188.185.201.29-9618+[2001-1458-303-31--100-1a]-9618&alias=b9p35p0062.cern.ch&noUDP&sock=startd_178254_fef6>
	SlotName: slot1_138@b9p35p0062.cern.ch
	CondorScratchDir = "/pool/condor/dir_3446561"
	Cpus = 1
	Disk = 6842
	GPUs = 0
	Memory = 3000
...
006 (7124483.570.000) 03/26 14:36:59 Image size of job updated: 880
	1  -  MemoryUsage of job (MB)
	880  -  ResidentSetSize of job (KB)
...
006 (7124483.570.000) 03/26 14:40:35 Image size of job updated: 684008
	1  -  MemoryUsage of job (MB)
	880  -  ResidentSetSize of job (KB)
...
040 (7124483.570.000) 03/26 14:40:35 Started transferring output files
...
040 (7124483.570.000) 03/26 14:40:35 Finished transferring output files
...
005 (7124483.570.000) 03/26 14:40:35 Job terminated.
	(1) Normal termination (return value 0)
		Usr 0 00:00:24, Sys 0 00:00:12  -  Run Remote Usage
		Usr 0 00:00:00, Sys 0 00:00:00  -  Run Local Usage
		Usr 0 00:00:24, Sys 0 00:00:12  -  Total Remote Usage
		Usr 0 00:00:00, Sys 0 00:00:00  -  Total Local Usage
	2468  -  Run Bytes Sent By Job
	1411  -  Run Bytes Received By Job
	2468  -  Total Bytes Sent By Job
	1411  -  Total Bytes Received By Job
	Partitionable Resources :    Usage  Request Allocated 
	   Cpus                 :        0        1         1 
	   Disk (KB)            :       41        2      6842 
	   GPUs                 :                           0 
	   Memory (MB)          :        1     3000      3000 
	   TimeExecute (s)      :      229                    
	   TimeSlotBusy (s)     :      230                    

	Job terminated of its own accord at 2026-03-26T13:40:35Z with exit-code 0.
...
000 (7125552.570.000) 03/26 16:02:04 Job submitted from host: <188.185.125.71:9618?addrs=188.185.125.71-9618+[2001-1458-d00-4a--100-15e]-9618&alias=bigbird28.cern.ch&noUDP&sock=schedd_2603_051c>
...
040 (7125552.570.000) 03/26 16:14:14 Started transferring input files
	Transferring to host: <188.185.194.70:9618?addrs=188.185.194.70-9618+[2001-1458-303-21--100-42]-9618&alias=b9p20p0149.cern.ch&noUDP&sock=slot1_13_3256813_222e_29028>
...
040 (7125552.570.000) 03/26 16:14:14 Finished transferring input files
...
001 (7125552.570.000) 03/26 16:14:15 Job executing on host: <188.185.194.70:9618?addrs=188.185.194.70-9618+[2001-1458-303-21--100-42]-9618&alias=b9p20p0149.cern.ch&noUDP&sock=startd_3256759_5deb>
	SlotName: slot1_13@b9p20p0149.cern.ch
	CondorScratchDir = "/pool/condor/dir_3903931"
	Cpus = 1
	Disk = 3765
	GPUs = 0
	Memory = 3000
...
006 (7125552.570.000) 03/26 16:14:28 Image size of job updated: 181056
	177  -  MemoryUsage of job (MB)
	181056  -  ResidentSetSize of job (KB)
...
006 (7125552.570.000) 03/26 16:16:08 Image size of job updated: 706964
	177  -  MemoryUsage of job (MB)
	181156  -  ResidentSetSize of job (KB)
...
040 (7125552.570.000) 03/26 16:16:08 Started transferring output files
...
040 (7125552.570.000) 03/26 16:16:08 Finished transferring output files
...
005 (7125552.570.000) 03/26 16:16:08 Job terminated.
	(1) Normal termination (return value 0)
		Usr 0 00:01:32, Sys 0 00:00:03  -  Run Remote Usage
		Usr 0 00:00:00, Sys 0 00:00:00  -  Run Local Usage
		Usr 0 00:01:32, Sys 0 00:00:03  -  Total Remote Usage
		Usr 0 00:00:00, Sys 0 00:00:00  -  Total Local Usage
	2468  -  Run Bytes Sent By Job
	1412  -  Run Bytes Received By Job
	2468  -  Total Bytes Sent By Job
	1412  -  Total Bytes Received By Job
	Partitionable Resources :    Usage  Request Allocated 
	   Cpus                 :     0.99        1         1 
	   Disk (KB)            :    42           2      3765 
	   GPUs                 :                           0 
	   Memory (MB)          :   177        3000      3000 
	   TimeExecute (s)      :   113                       
	   TimeSlotBusy (s)     :   114                       

	Job terminated of its own accord at 2026-03-26T15:16:08Z with exit-code 0.
...
