000 (7124483.670.000) 03/26 14:32:04 Job submitted from host: <188.185.125.71:9618?addrs=188.185.125.71-9618+[2001-1458-d00-4a--100-15e]-9618&alias=bigbird28.cern.ch&noUDP&sock=schedd_2603_051c>
...
040 (7124483.670.000) 03/26 14:37:21 Started transferring input files
	Transferring to host: <188.185.201.29:9618?addrs=188.185.201.29-9618+[2001-1458-303-31--100-1a]-9618&alias=b9p35p0062.cern.ch&noUDP&sock=slot1_39_189122_4ec4_130070>
...
040 (7124483.670.000) 03/26 14:37:21 Finished transferring input files
...
001 (7124483.670.000) 03/26 14:37:22 Job executing on host: <188.185.201.29:9618?addrs=188.185.201.29-9618+[2001-1458-303-31--100-1a]-9618&alias=b9p35p0062.cern.ch&noUDP&sock=startd_178254_fef6>
	SlotName: slot1_39@b9p35p0062.cern.ch
	CondorScratchDir = "/pool/condor/dir_3453121"
	Cpus = 1
	Disk = 6842
	GPUs = 0
	Memory = 3000
...
006 (7124483.670.000) 03/26 14:37:35 Image size of job updated: 880
	1  -  MemoryUsage of job (MB)
	880  -  ResidentSetSize of job (KB)
...
006 (7124483.670.000) 03/26 14:39:48 Image size of job updated: 683892
	1  -  MemoryUsage of job (MB)
	880  -  ResidentSetSize of job (KB)
...
040 (7124483.670.000) 03/26 14:39:48 Started transferring output files
...
040 (7124483.670.000) 03/26 14:39:48 Finished transferring output files
...
005 (7124483.670.000) 03/26 14:39:48 Job terminated.
	(1) Normal termination (return value 0)
		Usr 0 00:00:26, Sys 0 00:00:01  -  Run Remote Usage
		Usr 0 00:00:00, Sys 0 00:00:00  -  Run Local Usage
		Usr 0 00:00:26, Sys 0 00:00:01  -  Total Remote Usage
		Usr 0 00:00:00, Sys 0 00:00:00  -  Total Local Usage
	2468  -  Run Bytes Sent By Job
	1411  -  Run Bytes Received By Job
	2468  -  Total Bytes Sent By Job
	1411  -  Total Bytes Received By Job
	Partitionable Resources :    Usage  Request Allocated 
	   Cpus                 :        0        1         1 
	   Disk (KB)            :       42        2      6842 
	   GPUs                 :                           0 
	   Memory (MB)          :        1     3000      3000 
	   TimeExecute (s)      :      146                    
	   TimeSlotBusy (s)     :      147                    

	Job terminated of its own accord at 2026-03-26T13:39:48Z with exit-code 0.
...
000 (7125552.670.000) 03/26 16:02:09 Job submitted from host: <188.185.125.71:9618?addrs=188.185.125.71-9618+[2001-1458-d00-4a--100-15e]-9618&alias=bigbird28.cern.ch&noUDP&sock=schedd_2603_051c>
...
040 (7125552.670.000) 03/26 16:15:16 Started transferring input files
	Transferring to host: <188.185.192.112:9618?addrs=188.185.192.112-9618+[2001-1458-303-1f--100-6c]-9618&alias=b9p13p2520.cern.ch&noUDP&sock=slot1_24_6134_b533_196683>
...
040 (7125552.670.000) 03/26 16:15:16 Finished transferring input files
...
001 (7125552.670.000) 03/26 16:15:17 Job executing on host: <188.185.192.112:9618?addrs=188.185.192.112-9618+[2001-1458-303-1f--100-6c]-9618&alias=b9p13p2520.cern.ch&noUDP&sock=startd_4432_8fd4>
	SlotName: slot1_24@b9p13p2520.cern.ch
	CondorScratchDir = "/pool/condor/dir_3015401"
	Cpus = 1
	Disk = 3907
	GPUs = 0
	Memory = 3000
...
006 (7125552.670.000) 03/26 16:15:31 Image size of job updated: 264780
	259  -  MemoryUsage of job (MB)
	264780  -  ResidentSetSize of job (KB)
...
006 (7125552.670.000) 03/26 16:16:45 Image size of job updated: 708488
	259  -  MemoryUsage of job (MB)
	264800  -  ResidentSetSize of job (KB)
...
040 (7125552.670.000) 03/26 16:16:45 Started transferring output files
...
040 (7125552.670.000) 03/26 16:16:45 Finished transferring output files
...
005 (7125552.670.000) 03/26 16:16:45 Job terminated.
	(1) Normal termination (return value 0)
		Usr 0 00:01:15, Sys 0 00:00:03  -  Run Remote Usage
		Usr 0 00:00:00, Sys 0 00:00:00  -  Run Local Usage
		Usr 0 00:01:15, Sys 0 00:00:03  -  Total Remote Usage
		Usr 0 00:00:00, Sys 0 00:00:00  -  Total Local Usage
	2468  -  Run Bytes Sent By Job
	1412  -  Run Bytes Received By Job
	2468  -  Total Bytes Sent By Job
	1412  -  Total Bytes Received By Job
	Partitionable Resources :    Usage  Request Allocated 
	   Cpus                 :        0        1         1 
	   Disk (KB)            :       42        2      3907 
	   GPUs                 :                           0 
	   Memory (MB)          :      259     3000      3000 
	   TimeExecute (s)      :       88                    
	   TimeSlotBusy (s)     :       89                    

	Job terminated of its own accord at 2026-03-26T15:16:45Z with exit-code 0.
...
