000 (7124483.129.000) 03/26 14:32:03 Job submitted from host: <188.185.125.71:9618?addrs=188.185.125.71-9618+[2001-1458-d00-4a--100-15e]-9618&alias=bigbird28.cern.ch&noUDP&sock=schedd_2603_051c>
...
040 (7124483.129.000) 03/26 14:34:14 Started transferring input files
	Transferring to host: <128.142.33.223:9618?addrs=128.142.33.223-9618+[2001-1458-301-39--100-1c]-9618&alias=b9g24p1540.cern.ch&noUDP&sock=slot1_10_4685_c198_212127>
...
040 (7124483.129.000) 03/26 14:34:14 Finished transferring input files
...
001 (7124483.129.000) 03/26 14:34:15 Job executing on host: <128.142.33.223:9618?addrs=128.142.33.223-9618+[2001-1458-301-39--100-1c]-9618&alias=b9g24p1540.cern.ch&noUDP&sock=startd_3973_b9dc>
	SlotName: slot1_10@b9g24p1540.cern.ch
	CondorScratchDir = "/pool/condor/dir_4140230"
	Cpus = 1
	Disk = 3855
	GPUs = 0
	Memory = 3000
...
006 (7124483.129.000) 03/26 14:34:28 Image size of job updated: 876
	1  -  MemoryUsage of job (MB)
	876  -  ResidentSetSize of job (KB)
...
006 (7124483.129.000) 03/26 14:36:28 Image size of job updated: 655696
	1  -  MemoryUsage of job (MB)
	876  -  ResidentSetSize of job (KB)
...
040 (7124483.129.000) 03/26 14:36:28 Started transferring output files
...
040 (7124483.129.000) 03/26 14:36:28 Finished transferring output files
...
005 (7124483.129.000) 03/26 14:36:28 Job terminated.
	(1) Normal termination (return value 0)
		Usr 0 00:00:47, Sys 0 00:00:09  -  Run Remote Usage
		Usr 0 00:00:00, Sys 0 00:00:00  -  Run Local Usage
		Usr 0 00:00:47, Sys 0 00:00:09  -  Total Remote Usage
		Usr 0 00:00:00, Sys 0 00:00:00  -  Total Local Usage
	2458  -  Run Bytes Sent By Job
	1411  -  Run Bytes Received By Job
	2458  -  Total Bytes Sent By Job
	1411  -  Total Bytes Received By Job
	Partitionable Resources :    Usage  Request Allocated 
	   Cpus                 :        0        1         1 
	   Disk (KB)            :       41        2      3855 
	   GPUs                 :                           0 
	   Memory (MB)          :        1     3000      3000 
	   TimeExecute (s)      :      133                    
	   TimeSlotBusy (s)     :      134                    

	Job terminated of its own accord at 2026-03-26T13:36:28Z with exit-code 0.
...
000 (7125552.129.000) 03/26 16:01:51 Job submitted from host: <188.185.125.71:9618?addrs=188.185.125.71-9618+[2001-1458-d00-4a--100-15e]-9618&alias=bigbird28.cern.ch&noUDP&sock=schedd_2603_051c>
...
040 (7125552.129.000) 03/26 16:08:00 Started transferring input files
	Transferring to host: <128.142.33.224:9618?addrs=128.142.33.224-9618+[2001-1458-301-39--100-1d]-9618&alias=b9g24p1529.cern.ch&noUDP&sock=slot1_30_5742_8223_215234>
...
040 (7125552.129.000) 03/26 16:08:00 Finished transferring input files
...
001 (7125552.129.000) 03/26 16:08:01 Job executing on host: <128.142.33.224:9618?addrs=128.142.33.224-9618+[2001-1458-301-39--100-1d]-9618&alias=b9g24p1529.cern.ch&noUDP&sock=startd_4909_be81>
	SlotName: slot1_30@b9g24p1529.cern.ch
	CondorScratchDir = "/pool/condor/dir_592573"
	Cpus = 1
	Disk = 3914
	GPUs = 0
	Memory = 3000
...
006 (7125552.129.000) 03/26 16:08:14 Image size of job updated: 299400
	293  -  MemoryUsage of job (MB)
	299400  -  ResidentSetSize of job (KB)
...
006 (7125552.129.000) 03/26 16:08:53 Image size of job updated: 696548
	293  -  MemoryUsage of job (MB)
	299612  -  ResidentSetSize of job (KB)
...
040 (7125552.129.000) 03/26 16:08:53 Started transferring output files
...
040 (7125552.129.000) 03/26 16:08:53 Finished transferring output files
...
005 (7125552.129.000) 03/26 16:08:53 Job terminated.
	(1) Normal termination (return value 0)
		Usr 0 00:00:38, Sys 0 00:00:03  -  Run Remote Usage
		Usr 0 00:00:00, Sys 0 00:00:00  -  Run Local Usage
		Usr 0 00:00:38, Sys 0 00:00:03  -  Total Remote Usage
		Usr 0 00:00:00, Sys 0 00:00:00  -  Total Local Usage
	2457  -  Run Bytes Sent By Job
	1412  -  Run Bytes Received By Job
	2457  -  Total Bytes Sent By Job
	1412  -  Total Bytes Received By Job
	Partitionable Resources :    Usage  Request Allocated 
	   Cpus                 :     0.99        1         1 
	   Disk (KB)            :    41           2      3914 
	   GPUs                 :                           0 
	   Memory (MB)          :   293        3000      3000 
	   TimeExecute (s)      :    52                       
	   TimeSlotBusy (s)     :    53                       

	Job terminated of its own accord at 2026-03-26T15:08:53Z with exit-code 0.
...
