000 (7124483.604.000) 03/26 14:32:04 Job submitted from host: <188.185.125.71:9618?addrs=188.185.125.71-9618+[2001-1458-d00-4a--100-15e]-9618&alias=bigbird28.cern.ch&noUDP&sock=schedd_2603_051c>
...
040 (7124483.604.000) 03/26 14:36:58 Started transferring input files
	Transferring to host: <128.142.33.208:9618?addrs=128.142.33.208-9618+[2001-1458-301-39--100-d]-9618&alias=b9g24p0198.cern.ch&noUDP&sock=slot1_27_5720_01e2_218585>
...
040 (7124483.604.000) 03/26 14:36:58 Finished transferring input files
...
001 (7124483.604.000) 03/26 14:36:59 Job executing on host: <128.142.33.208:9618?addrs=128.142.33.208-9618+[2001-1458-301-39--100-d]-9618&alias=b9g24p0198.cern.ch&noUDP&sock=startd_4793_2d85>
	SlotName: slot1_27@b9g24p0198.cern.ch
	CondorScratchDir = "/pool/condor/dir_494850"
	Cpus = 1
	Disk = 3803
	GPUs = 0
	Memory = 3000
...
006 (7124483.604.000) 03/26 14:37:12 Image size of job updated: 880
	1  -  MemoryUsage of job (MB)
	880  -  ResidentSetSize of job (KB)
...
006 (7124483.604.000) 03/26 14:38:26 Image size of job updated: 673848
	1  -  MemoryUsage of job (MB)
	880  -  ResidentSetSize of job (KB)
...
040 (7124483.604.000) 03/26 14:38:26 Started transferring output files
...
040 (7124483.604.000) 03/26 14:38:26 Finished transferring output files
...
005 (7124483.604.000) 03/26 14:38:26 Job terminated.
	(1) Normal termination (return value 0)
		Usr 0 00:00:44, Sys 0 00:00:03  -  Run Remote Usage
		Usr 0 00:00:00, Sys 0 00:00:00  -  Run Local Usage
		Usr 0 00:00:44, Sys 0 00:00:03  -  Total Remote Usage
		Usr 0 00:00:00, Sys 0 00:00:00  -  Total Local Usage
	2468  -  Run Bytes Sent By Job
	1411  -  Run Bytes Received By Job
	2468  -  Total Bytes Sent By Job
	1411  -  Total Bytes Received By Job
	Partitionable Resources :    Usage  Request Allocated 
	   Cpus                 :        0        1         1 
	   Disk (KB)            :       42        2      3803 
	   GPUs                 :                           0 
	   Memory (MB)          :        1     3000      3000 
	   TimeExecute (s)      :       87                    
	   TimeSlotBusy (s)     :       88                    

	Job terminated of its own accord at 2026-03-26T13:38:26Z with exit-code 0.
...
000 (7125552.604.000) 03/26 16:02:06 Job submitted from host: <188.185.125.71:9618?addrs=188.185.125.71-9618+[2001-1458-d00-4a--100-15e]-9618&alias=bigbird28.cern.ch&noUDP&sock=schedd_2603_051c>
...
040 (7125552.604.000) 03/26 16:14:45 Started transferring input files
	Transferring to host: <128.142.33.225:9618?addrs=128.142.33.225-9618+[2001-1458-301-39--100-1e]-9618&alias=b9g24p1582.cern.ch&noUDP&sock=slot1_19_2885003_5a5f_130704>
...
040 (7125552.604.000) 03/26 16:14:45 Finished transferring input files
...
001 (7125552.604.000) 03/26 16:14:46 Job executing on host: <128.142.33.225:9618?addrs=128.142.33.225-9618+[2001-1458-301-39--100-1e]-9618&alias=b9g24p1582.cern.ch&noUDP&sock=startd_5793_183a>
	SlotName: slot1_19@b9g24p1582.cern.ch
	CondorScratchDir = "/pool/condor/dir_3730404"
	Cpus = 1
	Disk = 3910
	GPUs = 0
	Memory = 3000
...
006 (7125552.604.000) 03/26 16:14:59 Image size of job updated: 309024
	302  -  MemoryUsage of job (MB)
	309024  -  ResidentSetSize of job (KB)
...
006 (7125552.604.000) 03/26 16:15:36 Image size of job updated: 721600
	302  -  MemoryUsage of job (MB)
	309068  -  ResidentSetSize of job (KB)
...
040 (7125552.604.000) 03/26 16:15:37 Started transferring output files
...
040 (7125552.604.000) 03/26 16:15:37 Finished transferring output files
...
005 (7125552.604.000) 03/26 16:15:37 Job terminated.
	(1) Normal termination (return value 0)
		Usr 0 00:00:36, Sys 0 00:00:04  -  Run Remote Usage
		Usr 0 00:00:00, Sys 0 00:00:00  -  Run Local Usage
		Usr 0 00:00:36, Sys 0 00:00:04  -  Total Remote Usage
		Usr 0 00:00:00, Sys 0 00:00:00  -  Total Local Usage
	2468  -  Run Bytes Sent By Job
	1412  -  Run Bytes Received By Job
	2468  -  Total Bytes Sent By Job
	1412  -  Total Bytes Received By Job
	Partitionable Resources :    Usage  Request Allocated 
	   Cpus                 :        0        1         1 
	   Disk (KB)            :       42        2      3910 
	   GPUs                 :                           0 
	   Memory (MB)          :      302     3000      3000 
	   TimeExecute (s)      :       50                    
	   TimeSlotBusy (s)     :       52                    

	Job terminated of its own accord at 2026-03-26T15:15:36Z with exit-code 0.
...
