000 (7124483.170.000) 03/26 14:32:03 Job submitted from host: <188.185.125.71:9618?addrs=188.185.125.71-9618+[2001-1458-d00-4a--100-15e]-9618&alias=bigbird28.cern.ch&noUDP&sock=schedd_2603_051c>
...
040 (7124483.170.000) 03/26 14:34:29 Started transferring input files
	Transferring to host: <128.142.33.217:9618?addrs=128.142.33.217-9618+[2001-1458-301-39--100-16]-9618&alias=b9g24p1590.cern.ch&noUDP&sock=slot1_15_3364390_dca5_14471>
...
040 (7124483.170.000) 03/26 14:34:29 Finished transferring input files
...
001 (7124483.170.000) 03/26 14:34:30 Job executing on host: <128.142.33.217:9618?addrs=128.142.33.217-9618+[2001-1458-301-39--100-16]-9618&alias=b9g24p1590.cern.ch&noUDP&sock=startd_3364350_d806>
	SlotName: slot1_15@b9g24p1590.cern.ch
	CondorScratchDir = "/pool/condor/dir_2576764"
	Cpus = 1
	Disk = 3811
	GPUs = 0
	Memory = 3000
...
006 (7124483.170.000) 03/26 14:34:43 Image size of job updated: 884
	1  -  MemoryUsage of job (MB)
	884  -  ResidentSetSize of job (KB)
...
006 (7124483.170.000) 03/26 14:35:42 Image size of job updated: 652604
	1  -  MemoryUsage of job (MB)
	884  -  ResidentSetSize of job (KB)
...
040 (7124483.170.000) 03/26 14:35:42 Started transferring output files
...
040 (7124483.170.000) 03/26 14:35:42 Finished transferring output files
...
005 (7124483.170.000) 03/26 14:35:42 Job terminated.
	(1) Normal termination (return value 0)
		Usr 0 00:00:30, Sys 0 00:00:02  -  Run Remote Usage
		Usr 0 00:00:00, Sys 0 00:00:00  -  Run Local Usage
		Usr 0 00:00:30, Sys 0 00:00:02  -  Total Remote Usage
		Usr 0 00:00:00, Sys 0 00:00:00  -  Total Local Usage
	2459  -  Run Bytes Sent By Job
	1411  -  Run Bytes Received By Job
	2459  -  Total Bytes Sent By Job
	1411  -  Total Bytes Received By Job
	Partitionable Resources :    Usage  Request Allocated 
	   Cpus                 :        0        1         1 
	   Disk (KB)            :       41        2      3811 
	   GPUs                 :                           0 
	   Memory (MB)          :        1     3000      3000 
	   TimeExecute (s)      :       72                    
	   TimeSlotBusy (s)     :       73                    

	Job terminated of its own accord at 2026-03-26T13:35:42Z with exit-code 0.
...
000 (7125552.170.000) 03/26 16:01:52 Job submitted from host: <188.185.125.71:9618?addrs=188.185.125.71-9618+[2001-1458-d00-4a--100-15e]-9618&alias=bigbird28.cern.ch&noUDP&sock=schedd_2603_051c>
...
040 (7125552.170.000) 03/26 16:08:44 Started transferring input files
	Transferring to host: <128.142.33.225:9618?addrs=128.142.33.225-9618+[2001-1458-301-39--100-1e]-9618&alias=b9g24p1582.cern.ch&noUDP&sock=slot1_3_2885003_5a5f_130642>
...
040 (7125552.170.000) 03/26 16:08:44 Finished transferring input files
...
001 (7125552.170.000) 03/26 16:08:45 Job executing on host: <128.142.33.225:9618?addrs=128.142.33.225-9618+[2001-1458-301-39--100-1e]-9618&alias=b9g24p1582.cern.ch&noUDP&sock=startd_5793_183a>
	SlotName: slot1_3@b9g24p1582.cern.ch
	CondorScratchDir = "/pool/condor/dir_3717510"
	Cpus = 1
	Disk = 3910
	GPUs = 0
	Memory = 3000
...
006 (7125552.170.000) 03/26 16:08:59 Image size of job updated: 347560
	340  -  MemoryUsage of job (MB)
	347560  -  ResidentSetSize of job (KB)
...
006 (7125552.170.000) 03/26 16:09:30 Image size of job updated: 700476
	340  -  MemoryUsage of job (MB)
	347560  -  ResidentSetSize of job (KB)
...
040 (7125552.170.000) 03/26 16:09:30 Started transferring output files
...
040 (7125552.170.000) 03/26 16:09:30 Finished transferring output files
...
005 (7125552.170.000) 03/26 16:09:30 Job terminated.
	(1) Normal termination (return value 0)
		Usr 0 00:00:31, Sys 0 00:00:03  -  Run Remote Usage
		Usr 0 00:00:00, Sys 0 00:00:00  -  Run Local Usage
		Usr 0 00:00:31, Sys 0 00:00:03  -  Total Remote Usage
		Usr 0 00:00:00, Sys 0 00:00:00  -  Total Local Usage
	2459  -  Run Bytes Sent By Job
	1412  -  Run Bytes Received By Job
	2459  -  Total Bytes Sent By Job
	1412  -  Total Bytes Received By Job
	Partitionable Resources :    Usage  Request Allocated 
	   Cpus                 :                 1         1 
	   Disk (KB)            :       34        2      3910 
	   GPUs                 :                           0 
	   Memory (MB)          :      340     3000      3000 
	   TimeExecute (s)      :       45                    
	   TimeSlotBusy (s)     :       46                    

	Job terminated of its own accord at 2026-03-26T15:09:30Z with exit-code 0.
...
