000 (7124483.445.000) 03/26 14:32:04 Job submitted from host: <188.185.125.71:9618?addrs=188.185.125.71-9618+[2001-1458-d00-4a--100-15e]-9618&alias=bigbird28.cern.ch&noUDP&sock=schedd_2603_051c>
...
040 (7124483.445.000) 03/26 14:36:01 Started transferring input files
	Transferring to host: <128.142.33.203:9618?addrs=128.142.33.203-9618+[2001-1458-301-39--100-8]-9618&alias=b9g24p0512.cern.ch&noUDP&sock=slot1_63_5003_d0e5_214417>
...
040 (7124483.445.000) 03/26 14:36:01 Finished transferring input files
...
001 (7124483.445.000) 03/26 14:36:02 Job executing on host: <128.142.33.203:9618?addrs=128.142.33.203-9618+[2001-1458-301-39--100-8]-9618&alias=b9g24p0512.cern.ch&noUDP&sock=startd_4101_85fb>
	SlotName: slot1_63@b9g24p0512.cern.ch
	CondorScratchDir = "/pool/condor/dir_1479523"
	Cpus = 1
	Disk = 3829
	GPUs = 0
	Memory = 3000
...
006 (7124483.445.000) 03/26 14:36:15 Image size of job updated: 880
	1  -  MemoryUsage of job (MB)
	880  -  ResidentSetSize of job (KB)
...
006 (7124483.445.000) 03/26 14:40:28 Image size of job updated: 666576
	1  -  MemoryUsage of job (MB)
	880  -  ResidentSetSize of job (KB)
...
040 (7124483.445.000) 03/26 14:40:28 Started transferring output files
...
040 (7124483.445.000) 03/26 14:40:28 Finished transferring output files
...
005 (7124483.445.000) 03/26 14:40:28 Job terminated.
	(1) Normal termination (return value 0)
		Usr 0 00:00:46, Sys 0 00:00:11  -  Run Remote Usage
		Usr 0 00:00:00, Sys 0 00:00:00  -  Run Local Usage
		Usr 0 00:00:46, Sys 0 00:00:11  -  Total Remote Usage
		Usr 0 00:00:00, Sys 0 00:00:00  -  Total Local Usage
	2466  -  Run Bytes Sent By Job
	1411  -  Run Bytes Received By Job
	2466  -  Total Bytes Sent By Job
	1411  -  Total Bytes Received By Job
	Partitionable Resources :    Usage  Request Allocated 
	   Cpus                 :        0        1         1 
	   Disk (KB)            :       41        2      3829 
	   GPUs                 :                           0 
	   Memory (MB)          :        1     3000      3000 
	   TimeExecute (s)      :      266                    
	   TimeSlotBusy (s)     :      267                    

	Job terminated of its own accord at 2026-03-26T13:40:28Z with exit-code 0.
...
000 (7125552.445.000) 03/26 16:01:59 Job submitted from host: <188.185.125.71:9618?addrs=188.185.125.71-9618+[2001-1458-d00-4a--100-15e]-9618&alias=bigbird28.cern.ch&noUDP&sock=schedd_2603_051c>
...
040 (7125552.445.000) 03/26 16:13:30 Started transferring input files
	Transferring to host: <128.142.33.206:9618?addrs=128.142.33.206-9618+[2001-1458-301-39--100-b]-9618&alias=b9g24p1210.cern.ch&noUDP&sock=slot1_4_3175_d31a_199620>
...
040 (7125552.445.000) 03/26 16:13:30 Finished transferring input files
...
001 (7125552.445.000) 03/26 16:13:31 Job executing on host: <128.142.33.206:9618?addrs=128.142.33.206-9618+[2001-1458-301-39--100-b]-9618&alias=b9g24p1210.cern.ch&noUDP&sock=startd_2703_9c95>
	SlotName: slot1_4@b9g24p1210.cern.ch
	CondorScratchDir = "/pool/condor/dir_4109587"
	Cpus = 1
	Disk = 3893
	GPUs = 0
	Memory = 3000
...
006 (7125552.445.000) 03/26 16:13:45 Image size of job updated: 13868
	14  -  MemoryUsage of job (MB)
	13868  -  ResidentSetSize of job (KB)
...
006 (7125552.445.000) 03/26 16:15:45 Image size of job updated: 722004
	14  -  MemoryUsage of job (MB)
	13868  -  ResidentSetSize of job (KB)
...
040 (7125552.445.000) 03/26 16:15:46 Started transferring output files
...
040 (7125552.445.000) 03/26 16:15:46 Finished transferring output files
...
005 (7125552.445.000) 03/26 16:15:46 Job terminated.
	(1) Normal termination (return value 0)
		Usr 0 00:00:55, Sys 0 00:00:04  -  Run Remote Usage
		Usr 0 00:00:00, Sys 0 00:00:00  -  Run Local Usage
		Usr 0 00:00:55, Sys 0 00:00:04  -  Total Remote Usage
		Usr 0 00:00:00, Sys 0 00:00:00  -  Total Local Usage
	2467  -  Run Bytes Sent By Job
	1412  -  Run Bytes Received By Job
	2467  -  Total Bytes Sent By Job
	1412  -  Total Bytes Received By Job
	Partitionable Resources :    Usage  Request Allocated 
	   Cpus                 :        0        1         1 
	   Disk (KB)            :       41        2      3893 
	   GPUs                 :                           0 
	   Memory (MB)          :       14     3000      3000 
	   TimeExecute (s)      :      134                    
	   TimeSlotBusy (s)     :      137                    

	Job terminated of its own accord at 2026-03-26T15:15:45Z with exit-code 0.
...
