000 (7124483.752.000) 03/26 14:32:04 Job submitted from host: <188.185.125.71:9618?addrs=188.185.125.71-9618+[2001-1458-d00-4a--100-15e]-9618&alias=bigbird28.cern.ch&noUDP&sock=schedd_2603_051c>
...
040 (7124483.752.000) 03/26 14:37:50 Started transferring input files
	Transferring to host: <128.142.33.203:9618?addrs=128.142.33.203-9618+[2001-1458-301-39--100-8]-9618&alias=b9g24p0512.cern.ch&noUDP&sock=slot1_23_5003_d0e5_214439>
...
040 (7124483.752.000) 03/26 14:37:50 Finished transferring input files
...
001 (7124483.752.000) 03/26 14:37:51 Job executing on host: <128.142.33.203:9618?addrs=128.142.33.203-9618+[2001-1458-301-39--100-8]-9618&alias=b9g24p0512.cern.ch&noUDP&sock=startd_4101_85fb>
	SlotName: slot1_23@b9g24p0512.cern.ch
	CondorScratchDir = "/pool/condor/dir_1673027"
	Cpus = 1
	Disk = 3829
	GPUs = 0
	Memory = 3000
...
006 (7124483.752.000) 03/26 14:38:04 Image size of job updated: 884
	1  -  MemoryUsage of job (MB)
	884  -  ResidentSetSize of job (KB)
...
006 (7124483.752.000) 03/26 14:40:21 Image size of job updated: 666932
	1  -  MemoryUsage of job (MB)
	884  -  ResidentSetSize of job (KB)
...
040 (7124483.752.000) 03/26 14:40:21 Started transferring output files
...
040 (7124483.752.000) 03/26 14:40:21 Finished transferring output files
...
005 (7124483.752.000) 03/26 14:40:21 Job terminated.
	(1) Normal termination (return value 0)
		Usr 0 00:00:41, Sys 0 00:00:10  -  Run Remote Usage
		Usr 0 00:00:00, Sys 0 00:00:00  -  Run Local Usage
		Usr 0 00:00:41, Sys 0 00:00:10  -  Total Remote Usage
		Usr 0 00:00:00, Sys 0 00:00:00  -  Total Local Usage
	2468  -  Run Bytes Sent By Job
	1411  -  Run Bytes Received By Job
	2468  -  Total Bytes Sent By Job
	1411  -  Total Bytes Received By Job
	Partitionable Resources :    Usage  Request Allocated 
	   Cpus                 :     0.00        1         1 
	   Disk (KB)            :    42           2      3829 
	   GPUs                 :                           0 
	   Memory (MB)          :     1        3000      3000 
	   TimeExecute (s)      :   150                       
	   TimeSlotBusy (s)     :   151                       

	Job terminated of its own accord at 2026-03-26T13:40:21Z with exit-code 0.
...
000 (7125552.752.000) 03/26 16:02:11 Job submitted from host: <188.185.125.71:9618?addrs=188.185.125.71-9618+[2001-1458-d00-4a--100-15e]-9618&alias=bigbird28.cern.ch&noUDP&sock=schedd_2603_051c>
...
040 (7125552.752.000) 03/26 16:16:06 Started transferring input files
	Transferring to host: <188.185.193.63:9618?addrs=188.185.193.63-9618+[2001-1458-303-20--100-3b]-9618&alias=b9p19p3097.cern.ch&noUDP&sock=slot1_20_5196_cd4c_182747>
...
040 (7125552.752.000) 03/26 16:16:06 Finished transferring input files
...
001 (7125552.752.000) 03/26 16:16:07 Job executing on host: <188.185.193.63:9618?addrs=188.185.193.63-9618+[2001-1458-303-20--100-3b]-9618&alias=b9p19p3097.cern.ch&noUDP&sock=startd_4026_1461>
	SlotName: slot1_20@b9p19p3097.cern.ch
	CondorScratchDir = "/pool/condor/dir_657885"
	Cpus = 1
	Disk = 3706
	GPUs = 0
	Memory = 3000
...
006 (7125552.752.000) 03/26 16:16:21 Image size of job updated: 260872
	255  -  MemoryUsage of job (MB)
	260872  -  ResidentSetSize of job (KB)
...
006 (7125552.752.000) 03/26 16:17:36 Image size of job updated: 711272
	255  -  MemoryUsage of job (MB)
	260932  -  ResidentSetSize of job (KB)
...
040 (7125552.752.000) 03/26 16:17:36 Started transferring output files
...
040 (7125552.752.000) 03/26 16:17:36 Finished transferring output files
...
005 (7125552.752.000) 03/26 16:17:36 Job terminated.
	(1) Normal termination (return value 0)
		Usr 0 00:01:13, Sys 0 00:00:03  -  Run Remote Usage
		Usr 0 00:00:00, Sys 0 00:00:00  -  Run Local Usage
		Usr 0 00:01:13, Sys 0 00:00:03  -  Total Remote Usage
		Usr 0 00:00:00, Sys 0 00:00:00  -  Total Local Usage
	2468  -  Run Bytes Sent By Job
	1412  -  Run Bytes Received By Job
	2468  -  Total Bytes Sent By Job
	1412  -  Total Bytes Received By Job
	Partitionable Resources :    Usage  Request Allocated 
	   Cpus                 :        0        1         1 
	   Disk (KB)            :       42        2      3706 
	   GPUs                 :                           0 
	   Memory (MB)          :      255     3000      3000 
	   TimeExecute (s)      :       89                    
	   TimeSlotBusy (s)     :       90                    

	Job terminated of its own accord at 2026-03-26T15:17:36Z with exit-code 0.
...
