000 (7124483.745.000) 03/26 14:32:04 Job submitted from host: <188.185.125.71:9618?addrs=188.185.125.71-9618+[2001-1458-d00-4a--100-15e]-9618&alias=bigbird28.cern.ch&noUDP&sock=schedd_2603_051c>
...
040 (7124483.745.000) 03/26 14:37:48 Started transferring input files
	Transferring to host: <128.142.33.203:9618?addrs=128.142.33.203-9618+[2001-1458-301-39--100-8]-9618&alias=b9g24p0512.cern.ch&noUDP&sock=slot1_25_5003_d0e5_214437>
...
040 (7124483.745.000) 03/26 14:37:48 Finished transferring input files
...
001 (7124483.745.000) 03/26 14:37:49 Job executing on host: <128.142.33.203:9618?addrs=128.142.33.203-9618+[2001-1458-301-39--100-8]-9618&alias=b9g24p0512.cern.ch&noUDP&sock=startd_4101_85fb>
	SlotName: slot1_25@b9g24p0512.cern.ch
	CondorScratchDir = "/pool/condor/dir_1669458"
	Cpus = 1
	Disk = 3829
	GPUs = 0
	Memory = 3000
...
006 (7124483.745.000) 03/26 14:38:03 Image size of job updated: 880
	1  -  MemoryUsage of job (MB)
	880  -  ResidentSetSize of job (KB)
...
006 (7124483.745.000) 03/26 14:40:30 Image size of job updated: 699704
	1  -  MemoryUsage of job (MB)
	880  -  ResidentSetSize of job (KB)
...
040 (7124483.745.000) 03/26 14:40:30 Started transferring output files
...
040 (7124483.745.000) 03/26 14:40:30 Finished transferring output files
...
005 (7124483.745.000) 03/26 14:40:30 Job terminated.
	(1) Normal termination (return value 0)
		Usr 0 00:00:49, Sys 0 00:00:10  -  Run Remote Usage
		Usr 0 00:00:00, Sys 0 00:00:00  -  Run Local Usage
		Usr 0 00:00:49, Sys 0 00:00:10  -  Total Remote Usage
		Usr 0 00:00:00, Sys 0 00:00:00  -  Total Local Usage
	2468  -  Run Bytes Sent By Job
	1411  -  Run Bytes Received By Job
	2468  -  Total Bytes Sent By Job
	1411  -  Total Bytes Received By Job
	Partitionable Resources :    Usage  Request Allocated 
	   Cpus                 :        0        1         1 
	   Disk (KB)            :       42        2      3829 
	   GPUs                 :                           0 
	   Memory (MB)          :        1     3000      3000 
	   TimeExecute (s)      :      161                    
	   TimeSlotBusy (s)     :      162                    

	Job terminated of its own accord at 2026-03-26T13:40:30Z with exit-code 0.
...
000 (7125552.745.000) 03/26 16:02:11 Job submitted from host: <188.185.125.71:9618?addrs=188.185.125.71-9618+[2001-1458-d00-4a--100-15e]-9618&alias=bigbird28.cern.ch&noUDP&sock=schedd_2603_051c>
...
040 (7125552.745.000) 03/26 16:16:00 Started transferring input files
	Transferring to host: <188.185.194.14:9618?addrs=188.185.194.14-9618+[2001-1458-303-21--100-a]-9618&alias=b9p20p9758.cern.ch&noUDP&sock=slot1_30_6499_e221_185953>
...
040 (7125552.745.000) 03/26 16:16:00 Finished transferring input files
...
001 (7125552.745.000) 03/26 16:16:01 Job executing on host: <188.185.194.14:9618?addrs=188.185.194.14-9618+[2001-1458-303-21--100-a]-9618&alias=b9p20p9758.cern.ch&noUDP&sock=startd_5189_cd06>
	SlotName: slot1_30@b9p20p9758.cern.ch
	CondorScratchDir = "/pool/condor/dir_1788080"
	Cpus = 1
	Disk = 3784
	GPUs = 0
	Memory = 3000
...
006 (7125552.745.000) 03/26 16:16:14 Image size of job updated: 243376
	238  -  MemoryUsage of job (MB)
	243376  -  ResidentSetSize of job (KB)
...
006 (7125552.745.000) 03/26 16:17:17 Image size of job updated: 739964
	238  -  MemoryUsage of job (MB)
	243444  -  ResidentSetSize of job (KB)
...
040 (7125552.745.000) 03/26 16:17:17 Started transferring output files
...
040 (7125552.745.000) 03/26 16:17:17 Finished transferring output files
...
005 (7125552.745.000) 03/26 16:17:17 Job terminated.
	(1) Normal termination (return value 0)
		Usr 0 00:01:02, Sys 0 00:00:02  -  Run Remote Usage
		Usr 0 00:00:00, Sys 0 00:00:00  -  Run Local Usage
		Usr 0 00:01:02, Sys 0 00:00:02  -  Total Remote Usage
		Usr 0 00:00:00, Sys 0 00:00:00  -  Total Local Usage
	2467  -  Run Bytes Sent By Job
	1412  -  Run Bytes Received By Job
	2467  -  Total Bytes Sent By Job
	1412  -  Total Bytes Received By Job
	Partitionable Resources :    Usage  Request Allocated 
	   Cpus                 :        0        1         1 
	   Disk (KB)            :       42        2      3784 
	   GPUs                 :                           0 
	   Memory (MB)          :      238     3000      3000 
	   TimeExecute (s)      :       76                    
	   TimeSlotBusy (s)     :       77                    

	Job terminated of its own accord at 2026-03-26T15:17:17Z with exit-code 0.
...
