000 (7124483.280.000) 03/26 14:32:04 Job submitted from host: <188.185.125.71:9618?addrs=188.185.125.71-9618+[2001-1458-d00-4a--100-15e]-9618&alias=bigbird28.cern.ch&noUDP&sock=schedd_2603_051c>
...
040 (7124483.280.000) 03/26 14:35:06 Started transferring input files
	Transferring to host: <128.142.33.206:9618?addrs=128.142.33.206-9618+[2001-1458-301-39--100-b]-9618&alias=b9g24p1210.cern.ch&noUDP&sock=slot1_32_3175_d31a_199040>
...
040 (7124483.280.000) 03/26 14:35:06 Finished transferring input files
...
001 (7124483.280.000) 03/26 14:35:07 Job executing on host: <128.142.33.206:9618?addrs=128.142.33.206-9618+[2001-1458-301-39--100-b]-9618&alias=b9g24p1210.cern.ch&noUDP&sock=startd_2703_9c95>
	SlotName: slot1_32@b9g24p1210.cern.ch
	CondorScratchDir = "/pool/condor/dir_2208053"
	Cpus = 1
	Disk = 3894
	GPUs = 0
	Memory = 3000
...
006 (7124483.280.000) 03/26 14:35:20 Image size of job updated: 868
	1  -  MemoryUsage of job (MB)
	868  -  ResidentSetSize of job (KB)
...
006 (7124483.280.000) 03/26 14:37:00 Image size of job updated: 679092
	1  -  MemoryUsage of job (MB)
	868  -  ResidentSetSize of job (KB)
...
040 (7124483.280.000) 03/26 14:37:00 Started transferring output files
...
040 (7124483.280.000) 03/26 14:37:00 Finished transferring output files
...
005 (7124483.280.000) 03/26 14:37:01 Job terminated.
	(1) Normal termination (return value 0)
		Usr 0 00:00:57, Sys 0 00:00:04  -  Run Remote Usage
		Usr 0 00:00:00, Sys 0 00:00:00  -  Run Local Usage
		Usr 0 00:00:57, Sys 0 00:00:04  -  Total Remote Usage
		Usr 0 00:00:00, Sys 0 00:00:00  -  Total Local Usage
	2467  -  Run Bytes Sent By Job
	1411  -  Run Bytes Received By Job
	2467  -  Total Bytes Sent By Job
	1411  -  Total Bytes Received By Job
	Partitionable Resources :    Usage  Request Allocated 
	   Cpus                 :        0        1         1 
	   Disk (KB)            :       41        2      3894 
	   GPUs                 :                           0 
	   Memory (MB)          :        1     3000      3000 
	   TimeExecute (s)      :      113                    
	   TimeSlotBusy (s)     :      114                    

	Job terminated of its own accord at 2026-03-26T13:37:00Z with exit-code 0.
...
000 (7125552.280.000) 03/26 16:01:55 Job submitted from host: <188.185.125.71:9618?addrs=188.185.125.71-9618+[2001-1458-d00-4a--100-15e]-9618&alias=bigbird28.cern.ch&noUDP&sock=schedd_2603_051c>
...
040 (7125552.280.000) 03/26 16:10:05 Started transferring input files
	Transferring to host: <188.185.192.80:9618?addrs=188.185.192.80-9618+[2001-1458-303-1f--100-4c]-9618&alias=b9p13p3243.cern.ch&noUDP&sock=slot1_36_2676862_306f_190015>
...
040 (7125552.280.000) 03/26 16:10:05 Finished transferring input files
...
001 (7125552.280.000) 03/26 16:10:06 Job executing on host: <188.185.192.80:9618?addrs=188.185.192.80-9618+[2001-1458-303-1f--100-4c]-9618&alias=b9p13p3243.cern.ch&noUDP&sock=startd_5741_6d4d>
	SlotName: slot1_36@b9p13p3243.cern.ch
	CondorScratchDir = "/pool/condor/dir_2025617"
	Cpus = 1
	Disk = 3731
	GPUs = 0
	Memory = 3000
...
006 (7125552.280.000) 03/26 16:10:20 Image size of job updated: 131272
	129  -  MemoryUsage of job (MB)
	131272  -  ResidentSetSize of job (KB)
...
006 (7125552.280.000) 03/26 16:12:20 Image size of job updated: 703744
	129  -  MemoryUsage of job (MB)
	131272  -  ResidentSetSize of job (KB)
...
040 (7125552.280.000) 03/26 16:12:20 Started transferring output files
...
040 (7125552.280.000) 03/26 16:12:20 Finished transferring output files
...
005 (7125552.280.000) 03/26 16:12:20 Job terminated.
	(1) Normal termination (return value 0)
		Usr 0 00:00:58, Sys 0 00:00:03  -  Run Remote Usage
		Usr 0 00:00:00, Sys 0 00:00:00  -  Run Local Usage
		Usr 0 00:00:58, Sys 0 00:00:03  -  Total Remote Usage
		Usr 0 00:00:00, Sys 0 00:00:00  -  Total Local Usage
	2467  -  Run Bytes Sent By Job
	1412  -  Run Bytes Received By Job
	2467  -  Total Bytes Sent By Job
	1412  -  Total Bytes Received By Job
	Partitionable Resources :    Usage  Request Allocated 
	   Cpus                 :        0        1         1 
	   Disk (KB)            :       40        2      3731 
	   GPUs                 :                           0 
	   Memory (MB)          :      129     3000      3000 
	   TimeExecute (s)      :      134                    
	   TimeSlotBusy (s)     :      135                    

	Job terminated of its own accord at 2026-03-26T15:12:20Z with exit-code 0.
...
