000 (7124483.618.000) 03/26 14:32:04 Job submitted from host: <188.185.125.71:9618?addrs=188.185.125.71-9618+[2001-1458-d00-4a--100-15e]-9618&alias=bigbird28.cern.ch&noUDP&sock=schedd_2603_051c>
...
040 (7124483.618.000) 03/26 14:37:03 Started transferring input files
	Transferring to host: <128.142.33.221:9618?addrs=128.142.33.221-9618+[2001-1458-301-39--100-1a]-9618&alias=b9g24p2245.cern.ch&noUDP&sock=slot1_9_2592500_8748_128368>
...
040 (7124483.618.000) 03/26 14:37:03 Finished transferring input files
...
001 (7124483.618.000) 03/26 14:37:04 Job executing on host: <128.142.33.221:9618?addrs=128.142.33.221-9618+[2001-1458-301-39--100-1a]-9618&alias=b9g24p2245.cern.ch&noUDP&sock=startd_2592433_fcb5>
	SlotName: slot1_9@b9g24p2245.cern.ch
	CondorScratchDir = "/pool/condor/dir_3224465"
	Cpus = 1
	Disk = 3825
	GPUs = 0
	Memory = 3000
...
006 (7124483.618.000) 03/26 14:37:17 Image size of job updated: 888
	1  -  MemoryUsage of job (MB)
	888  -  ResidentSetSize of job (KB)
...
006 (7124483.618.000) 03/26 14:40:14 Image size of job updated: 663524
	1  -  MemoryUsage of job (MB)
	888  -  ResidentSetSize of job (KB)
...
040 (7124483.618.000) 03/26 14:40:14 Started transferring output files
...
040 (7124483.618.000) 03/26 14:40:14 Finished transferring output files
...
005 (7124483.618.000) 03/26 14:40:14 Job terminated.
	(1) Normal termination (return value 0)
		Usr 0 00:00:41, Sys 0 00:00:05  -  Run Remote Usage
		Usr 0 00:00:00, Sys 0 00:00:00  -  Run Local Usage
		Usr 0 00:00:41, Sys 0 00:00:05  -  Total Remote Usage
		Usr 0 00:00:00, Sys 0 00:00:00  -  Total Local Usage
	2468  -  Run Bytes Sent By Job
	1411  -  Run Bytes Received By Job
	2468  -  Total Bytes Sent By Job
	1411  -  Total Bytes Received By Job
	Partitionable Resources :    Usage  Request Allocated 
	   Cpus                 :        0        1         1 
	   Disk (KB)            :       42        2      3825 
	   GPUs                 :                           0 
	   Memory (MB)          :        1     3000      3000 
	   TimeExecute (s)      :      190                    
	   TimeSlotBusy (s)     :      191                    

	Job terminated of its own accord at 2026-03-26T13:40:14Z with exit-code 0.
...
000 (7125552.618.000) 03/26 16:02:07 Job submitted from host: <188.185.125.71:9618?addrs=188.185.125.71-9618+[2001-1458-d00-4a--100-15e]-9618&alias=bigbird28.cern.ch&noUDP&sock=schedd_2603_051c>
...
040 (7125552.618.000) 03/26 16:14:58 Started transferring input files
	Transferring to host: <188.185.194.8:9618?addrs=188.185.194.8-9618+[2001-1458-303-21--100-4]-9618&alias=b9p20p0596.cern.ch&noUDP&sock=slot1_35_1688796_4ebb_18832>
...
040 (7125552.618.000) 03/26 16:14:58 Finished transferring input files
...
001 (7125552.618.000) 03/26 16:14:59 Job executing on host: <188.185.194.8:9618?addrs=188.185.194.8-9618+[2001-1458-303-21--100-4]-9618&alias=b9p20p0596.cern.ch&noUDP&sock=startd_1688755_0b3a>
	SlotName: slot1_35@b9p20p0596.cern.ch
	CondorScratchDir = "/pool/condor/dir_917228"
	Cpus = 1
	Disk = 3893
	GPUs = 0
	Memory = 3000
...
006 (7125552.618.000) 03/26 16:15:07 Image size of job updated: 233476
	229  -  MemoryUsage of job (MB)
	233476  -  ResidentSetSize of job (KB)
...
006 (7125552.618.000) 03/26 16:16:37 Image size of job updated: 731580
	229  -  MemoryUsage of job (MB)
	233488  -  ResidentSetSize of job (KB)
...
040 (7125552.618.000) 03/26 16:16:37 Started transferring output files
...
040 (7125552.618.000) 03/26 16:16:37 Finished transferring output files
...
005 (7125552.618.000) 03/26 16:16:37 Job terminated.
	(1) Normal termination (return value 0)
		Usr 0 00:01:31, Sys 0 00:00:03  -  Run Remote Usage
		Usr 0 00:00:00, Sys 0 00:00:00  -  Run Local Usage
		Usr 0 00:01:31, Sys 0 00:00:03  -  Total Remote Usage
		Usr 0 00:00:00, Sys 0 00:00:00  -  Total Local Usage
	2468  -  Run Bytes Sent By Job
	1412  -  Run Bytes Received By Job
	2468  -  Total Bytes Sent By Job
	1412  -  Total Bytes Received By Job
	Partitionable Resources :    Usage  Request Allocated 
	   Cpus                 :     0.93        1         1 
	   Disk (KB)            :    43           2      3893 
	   GPUs                 :                           0 
	   Memory (MB)          :   229        3000      3000 
	   TimeExecute (s)      :    98                       
	   TimeSlotBusy (s)     :    99                       
...
