000 (7124483.073.000) 03/26 14:32:03 Job submitted from host: <188.185.125.71:9618?addrs=188.185.125.71-9618+[2001-1458-d00-4a--100-15e]-9618&alias=bigbird28.cern.ch&noUDP&sock=schedd_2603_051c>
...
040 (7124483.073.000) 03/26 14:33:56 Started transferring input files
	Transferring to host: <128.142.33.206:9618?addrs=128.142.33.206-9618+[2001-1458-301-39--100-b]-9618&alias=b9g24p1210.cern.ch&noUDP&sock=slot1_3_3175_d31a_199015>
...
040 (7124483.073.000) 03/26 14:33:56 Finished transferring input files
...
001 (7124483.073.000) 03/26 14:33:57 Job executing on host: <128.142.33.206:9618?addrs=128.142.33.206-9618+[2001-1458-301-39--100-b]-9618&alias=b9g24p1210.cern.ch&noUDP&sock=startd_2703_9c95>
	SlotName: slot1_3@b9g24p1210.cern.ch
	CondorScratchDir = "/pool/condor/dir_2203941"
	Cpus = 1
	Disk = 3894
	GPUs = 0
	Memory = 3000
...
006 (7124483.073.000) 03/26 14:34:10 Image size of job updated: 872
	1  -  MemoryUsage of job (MB)
	872  -  ResidentSetSize of job (KB)
...
006 (7124483.073.000) 03/26 14:36:46 Image size of job updated: 653616
	1  -  MemoryUsage of job (MB)
	872  -  ResidentSetSize of job (KB)
...
040 (7124483.073.000) 03/26 14:36:46 Started transferring output files
...
040 (7124483.073.000) 03/26 14:36:46 Finished transferring output files
...
005 (7124483.073.000) 03/26 14:36:46 Job terminated.
	(1) Normal termination (return value 0)
		Usr 0 00:00:46, Sys 0 00:00:04  -  Run Remote Usage
		Usr 0 00:00:00, Sys 0 00:00:00  -  Run Local Usage
		Usr 0 00:00:46, Sys 0 00:00:04  -  Total Remote Usage
		Usr 0 00:00:00, Sys 0 00:00:00  -  Total Local Usage
	2457  -  Run Bytes Sent By Job
	1411  -  Run Bytes Received By Job
	2457  -  Total Bytes Sent By Job
	1411  -  Total Bytes Received By Job
	Partitionable Resources :    Usage  Request Allocated 
	   Cpus                 :     0.02        1         1 
	   Disk (KB)            :    41           2      3894 
	   GPUs                 :                           0 
	   Memory (MB)          :     1        3000      3000 
	   TimeExecute (s)      :   169                       
	   TimeSlotBusy (s)     :   170                       

	Job terminated of its own accord at 2026-03-26T13:36:46Z with exit-code 0.
...
000 (7125552.073.000) 03/26 16:01:50 Job submitted from host: <188.185.125.71:9618?addrs=188.185.125.71-9618+[2001-1458-d00-4a--100-15e]-9618&alias=bigbird28.cern.ch&noUDP&sock=schedd_2603_051c>
...
040 (7125552.073.000) 03/26 16:06:29 Started transferring input files
	Transferring to host: <188.185.193.47:9618?addrs=188.185.193.47-9618+[2001-1458-303-20--100-2b]-9618&alias=b9p19p5756.cern.ch&noUDP&sock=slot1_2_6000_4aed_183649>
...
040 (7125552.073.000) 03/26 16:06:29 Finished transferring input files
...
001 (7125552.073.000) 03/26 16:06:30 Job executing on host: <188.185.193.47:9618?addrs=188.185.193.47-9618+[2001-1458-303-20--100-2b]-9618&alias=b9p19p5756.cern.ch&noUDP&sock=startd_4832_edb6>
	SlotName: slot1_2@b9p19p5756.cern.ch
	CondorScratchDir = "/pool/condor/dir_4175986"
	Cpus = 1
	Disk = 3734
	GPUs = 0
	Memory = 3000
...
006 (7125552.073.000) 03/26 16:06:43 Image size of job updated: 34328
	34  -  MemoryUsage of job (MB)
	34328  -  ResidentSetSize of job (KB)
...
006 (7125552.073.000) 03/26 16:08:30 Image size of job updated: 694924
	34  -  MemoryUsage of job (MB)
	34348  -  ResidentSetSize of job (KB)
...
040 (7125552.073.000) 03/26 16:08:30 Started transferring output files
...
040 (7125552.073.000) 03/26 16:08:30 Finished transferring output files
...
005 (7125552.073.000) 03/26 16:08:31 Job terminated.
	(1) Normal termination (return value 0)
		Usr 0 00:01:09, Sys 0 00:00:04  -  Run Remote Usage
		Usr 0 00:00:00, Sys 0 00:00:00  -  Run Local Usage
		Usr 0 00:01:09, Sys 0 00:00:04  -  Total Remote Usage
		Usr 0 00:00:00, Sys 0 00:00:00  -  Total Local Usage
	2457  -  Run Bytes Sent By Job
	1412  -  Run Bytes Received By Job
	2457  -  Total Bytes Sent By Job
	1412  -  Total Bytes Received By Job
	Partitionable Resources :    Usage  Request Allocated 
	   Cpus                 :        0        1         1 
	   Disk (KB)            :       41        2      3734 
	   GPUs                 :                           0 
	   Memory (MB)          :       34     3000      3000 
	   TimeExecute (s)      :      120                    
	   TimeSlotBusy (s)     :      123                    

	Job terminated of its own accord at 2026-03-26T15:08:30Z with exit-code 0.
...
