000 (7124483.475.000) 03/26 14:32:04 Job submitted from host: <188.185.125.71:9618?addrs=188.185.125.71-9618+[2001-1458-d00-4a--100-15e]-9618&alias=bigbird28.cern.ch&noUDP&sock=schedd_2603_051c>
...
040 (7124483.475.000) 03/26 14:36:11 Started transferring input files
	Transferring to host: <188.185.201.29:9618?addrs=188.185.201.29-9618+[2001-1458-303-31--100-1a]-9618&alias=b9p35p0062.cern.ch&noUDP&sock=slot1_114_189122_4ec4_129992>
...
040 (7124483.475.000) 03/26 14:36:11 Finished transferring input files
...
001 (7124483.475.000) 03/26 14:36:12 Job executing on host: <188.185.201.29:9618?addrs=188.185.201.29-9618+[2001-1458-303-31--100-1a]-9618&alias=b9p35p0062.cern.ch&noUDP&sock=startd_178254_fef6>
	SlotName: slot1_114@b9p35p0062.cern.ch
	CondorScratchDir = "/pool/condor/dir_3438472"
	Cpus = 1
	Disk = 6842
	GPUs = 0
	Memory = 3000
...
006 (7124483.475.000) 03/26 14:36:26 Image size of job updated: 872
	1  -  MemoryUsage of job (MB)
	872  -  ResidentSetSize of job (KB)
...
006 (7124483.475.000) 03/26 14:39:29 Image size of job updated: 654660
	1  -  MemoryUsage of job (MB)
	872  -  ResidentSetSize of job (KB)
...
040 (7124483.475.000) 03/26 14:39:29 Started transferring output files
...
040 (7124483.475.000) 03/26 14:39:29 Finished transferring output files
...
005 (7124483.475.000) 03/26 14:39:29 Job terminated.
	(1) Normal termination (return value 0)
		Usr 0 00:00:22, Sys 0 00:00:01  -  Run Remote Usage
		Usr 0 00:00:00, Sys 0 00:00:00  -  Run Local Usage
		Usr 0 00:00:22, Sys 0 00:00:01  -  Total Remote Usage
		Usr 0 00:00:00, Sys 0 00:00:00  -  Total Local Usage
	2468  -  Run Bytes Sent By Job
	1411  -  Run Bytes Received By Job
	2468  -  Total Bytes Sent By Job
	1411  -  Total Bytes Received By Job
	Partitionable Resources :    Usage  Request Allocated 
	   Cpus                 :        0        1         1 
	   Disk (KB)            :       41        2      6842 
	   GPUs                 :                           0 
	   Memory (MB)          :        1     3000      3000 
	   TimeExecute (s)      :      197                    
	   TimeSlotBusy (s)     :      198                    

	Job terminated of its own accord at 2026-03-26T13:39:29Z with exit-code 0.
...
000 (7125552.475.000) 03/26 16:02:01 Job submitted from host: <188.185.125.71:9618?addrs=188.185.125.71-9618+[2001-1458-d00-4a--100-15e]-9618&alias=bigbird28.cern.ch&noUDP&sock=schedd_2603_051c>
...
040 (7125552.475.000) 03/26 16:13:40 Started transferring input files
	Transferring to host: <128.142.33.224:9618?addrs=128.142.33.224-9618+[2001-1458-301-39--100-1d]-9618&alias=b9g24p1529.cern.ch&noUDP&sock=slot1_18_5742_8223_215287>
...
040 (7125552.475.000) 03/26 16:13:40 Finished transferring input files
...
001 (7125552.475.000) 03/26 16:13:41 Job executing on host: <128.142.33.224:9618?addrs=128.142.33.224-9618+[2001-1458-301-39--100-1d]-9618&alias=b9g24p1529.cern.ch&noUDP&sock=startd_4909_be81>
	SlotName: slot1_18@b9g24p1529.cern.ch
	CondorScratchDir = "/pool/condor/dir_604517"
	Cpus = 1
	Disk = 3914
	GPUs = 0
	Memory = 3000
...
006 (7125552.475.000) 03/26 16:13:54 Image size of job updated: 353572
	346  -  MemoryUsage of job (MB)
	353572  -  ResidentSetSize of job (KB)
...
006 (7125552.475.000) 03/26 16:14:33 Image size of job updated: 721548
	346  -  MemoryUsage of job (MB)
	353720  -  ResidentSetSize of job (KB)
...
040 (7125552.475.000) 03/26 16:14:33 Started transferring output files
...
040 (7125552.475.000) 03/26 16:14:33 Finished transferring output files
...
005 (7125552.475.000) 03/26 16:14:33 Job terminated.
	(1) Normal termination (return value 0)
		Usr 0 00:00:38, Sys 0 00:00:03  -  Run Remote Usage
		Usr 0 00:00:00, Sys 0 00:00:00  -  Run Local Usage
		Usr 0 00:00:38, Sys 0 00:00:03  -  Total Remote Usage
		Usr 0 00:00:00, Sys 0 00:00:00  -  Total Local Usage
	2468  -  Run Bytes Sent By Job
	1412  -  Run Bytes Received By Job
	2468  -  Total Bytes Sent By Job
	1412  -  Total Bytes Received By Job
	Partitionable Resources :    Usage  Request Allocated 
	   Cpus                 :        0        1         1 
	   Disk (KB)            :       41        2      3914 
	   GPUs                 :                           0 
	   Memory (MB)          :      346     3000      3000 
	   TimeExecute (s)      :       52                    
	   TimeSlotBusy (s)     :       53                    

	Job terminated of its own accord at 2026-03-26T15:14:33Z with exit-code 0.
...
