000 (7124483.537.000) 03/26 14:32:04 Job submitted from host: <188.185.125.71:9618?addrs=188.185.125.71-9618+[2001-1458-d00-4a--100-15e]-9618&alias=bigbird28.cern.ch&noUDP&sock=schedd_2603_051c>
...
040 (7124483.537.000) 03/26 14:36:34 Started transferring input files
	Transferring to host: <188.185.201.29:9618?addrs=188.185.201.29-9618+[2001-1458-303-31--100-1a]-9618&alias=b9p35p0062.cern.ch&noUDP&sock=slot1_106_189122_4ec4_130017>
...
040 (7124483.537.000) 03/26 14:36:34 Finished transferring input files
...
001 (7124483.537.000) 03/26 14:36:35 Job executing on host: <188.185.201.29:9618?addrs=188.185.201.29-9618+[2001-1458-303-31--100-1a]-9618&alias=b9p35p0062.cern.ch&noUDP&sock=startd_178254_fef6>
	SlotName: slot1_106@b9p35p0062.cern.ch
	CondorScratchDir = "/pool/condor/dir_3444215"
	Cpus = 1
	Disk = 6842
	GPUs = 0
	Memory = 3000
...
006 (7124483.537.000) 03/26 14:36:48 Image size of job updated: 888
	1  -  MemoryUsage of job (MB)
	888  -  ResidentSetSize of job (KB)
...
006 (7124483.537.000) 03/26 14:39:49 Image size of job updated: 695504
	1  -  MemoryUsage of job (MB)
	888  -  ResidentSetSize of job (KB)
...
040 (7124483.537.000) 03/26 14:39:49 Started transferring output files
...
040 (7124483.537.000) 03/26 14:39:49 Finished transferring output files
...
005 (7124483.537.000) 03/26 14:39:49 Job terminated.
	(1) Normal termination (return value 0)
		Usr 0 00:00:20, Sys 0 00:00:01  -  Run Remote Usage
		Usr 0 00:00:00, Sys 0 00:00:00  -  Run Local Usage
		Usr 0 00:00:20, Sys 0 00:00:01  -  Total Remote Usage
		Usr 0 00:00:00, Sys 0 00:00:00  -  Total Local Usage
	2468  -  Run Bytes Sent By Job
	1411  -  Run Bytes Received By Job
	2468  -  Total Bytes Sent By Job
	1411  -  Total Bytes Received By Job
	Partitionable Resources :    Usage  Request Allocated 
	   Cpus                 :        0        1         1 
	   Disk (KB)            :       41        2      6842 
	   GPUs                 :                           0 
	   Memory (MB)          :        1     3000      3000 
	   TimeExecute (s)      :      194                    
	   TimeSlotBusy (s)     :      195                    

	Job terminated of its own accord at 2026-03-26T13:39:49Z with exit-code 0.
...
000 (7125552.537.000) 03/26 16:02:03 Job submitted from host: <188.185.125.71:9618?addrs=188.185.125.71-9618+[2001-1458-d00-4a--100-15e]-9618&alias=bigbird28.cern.ch&noUDP&sock=schedd_2603_051c>
...
040 (7125552.537.000) 03/26 16:13:59 Started transferring input files
	Transferring to host: <128.142.33.217:9618?addrs=128.142.33.217-9618+[2001-1458-301-39--100-16]-9618&alias=b9g24p1590.cern.ch&noUDP&sock=slot1_27_3364390_dca5_15506>
...
040 (7125552.537.000) 03/26 16:13:59 Finished transferring input files
...
001 (7125552.537.000) 03/26 16:14:00 Job executing on host: <128.142.33.217:9618?addrs=128.142.33.217-9618+[2001-1458-301-39--100-16]-9618&alias=b9g24p1590.cern.ch&noUDP&sock=startd_3364350_d806>
	SlotName: slot1_27@b9g24p1590.cern.ch
	CondorScratchDir = "/pool/condor/dir_1672557"
	Cpus = 1
	Disk = 3809
	GPUs = 0
	Memory = 3000
...
006 (7125552.537.000) 03/26 16:14:14 Image size of job updated: 16436
	17  -  MemoryUsage of job (MB)
	16436  -  ResidentSetSize of job (KB)
...
006 (7125552.537.000) 03/26 16:15:13 Image size of job updated: 734492
	17  -  MemoryUsage of job (MB)
	16436  -  ResidentSetSize of job (KB)
...
040 (7125552.537.000) 03/26 16:15:13 Started transferring output files
...
040 (7125552.537.000) 03/26 16:15:13 Finished transferring output files
...
005 (7125552.537.000) 03/26 16:15:13 Job terminated.
	(1) Normal termination (return value 0)
		Usr 0 00:00:35, Sys 0 00:00:03  -  Run Remote Usage
		Usr 0 00:00:00, Sys 0 00:00:00  -  Run Local Usage
		Usr 0 00:00:35, Sys 0 00:00:03  -  Total Remote Usage
		Usr 0 00:00:00, Sys 0 00:00:00  -  Total Local Usage
	2468  -  Run Bytes Sent By Job
	1412  -  Run Bytes Received By Job
	2468  -  Total Bytes Sent By Job
	1412  -  Total Bytes Received By Job
	Partitionable Resources :    Usage  Request Allocated 
	   Cpus                 :     0.90        1         1 
	   Disk (KB)            :    41           2      3809 
	   GPUs                 :                           0 
	   Memory (MB)          :    17        3000      3000 
	   TimeExecute (s)      :    73                       
	   TimeSlotBusy (s)     :    74                       

	Job terminated of its own accord at 2026-03-26T15:15:13Z with exit-code 0.
...
